[  +50 ms] executing: uname -m
[   +5 ms] Exit code 0 from: uname -m
[        ] x86_64
[   +6 ms] Artifact Instance of 'MaterialFonts' is not required, skipping update.
[        ] Artifact Instance of 'GradleWrapper' is not required, skipping update.
[        ] Artifact Instance of 'AndroidGenSnapshotArtifacts' is not required, skipping update.
[        ] Artifact Instance of 'AndroidInternalBuildArtifacts' is not required, skipping update.
[        ] Artifact Instance of 'IOSEngineArtifacts' is not required, skipping update.
[        ] Artifact Instance of 'FlutterWebSdk' is not required, skipping update.
[        ] Artifact Instance of 'LegacyCanvasKitRemover' is not required, skipping update.
[        ] Artifact Instance of 'FlutterSdk' is not required, skipping update.
[        ] Artifact Instance of 'WindowsEngineArtifacts' is not required, skipping update.
[        ] Artifact Instance of 'MacOSEngineArtifacts' is not required, skipping update.
[        ] Artifact Instance of 'LinuxEngineArtifacts' is not required, skipping update.
[        ] Artifact Instance of 'LinuxFuchsiaSDKArtifacts' is not required, skipping update.
[        ] Artifact Instance of 'MacOSFuchsiaSDKArtifacts' is not required, skipping update.
[        ] Artifact Instance of 'FlutterRunnerSDKArtifacts' is not required, skipping update.
[        ] Artifact Instance of 'FlutterRunnerDebugSymbols' is not required, skipping update.
[        ] Artifact Instance of 'IosUsbArtifacts' is not required, skipping update.
[        ] Artifact Instance of 'IosUsbArtifacts' is not required, skipping update.
[        ] Artifact Instance of 'IosUsbArtifacts' is not required, skipping update.
[        ] Artifact Instance of 'IosUsbArtifacts' is not required, skipping update.
[        ] Artifact Instance of 'IosUsbArtifacts' is not required, skipping update.
[        ] Artifact Instance of 'IosUsbArtifacts' is not required, skipping update.
[        ] Artifact Instance of 'FontSubsetArtifacts' is not required, skipping update.
[        ] Artifact Instance of 'PubDependencies' is not required, skipping update.
[        ] executing: [/opt/flutter/] git -c log.showSignature=false log HEAD -n 1 --pretty=format:%ad --date=iso
[   +6 ms] Exit code 0 from: git -c log.showSignature=false log HEAD -n 1 --pretty=format:%ad --date=iso
[        ] 2026-01-28 13:43:12 -0800
[  +16 ms] Artifact Instance of 'AndroidGenSnapshotArtifacts' is not required, skipping update.
[        ] Artifact Instance of 'AndroidInternalBuildArtifacts' is not required, skipping update.
[        ] Artifact Instance of 'IOSEngineArtifacts' is not required, skipping update.
[        ] Artifact Instance of 'FlutterWebSdk' is not required, skipping update.
[        ] Artifact Instance of 'FlutterEngineStamp' is not required, skipping update.
[        ] Artifact Instance of 'LegacyCanvasKitRemover' is not required, skipping update.
[   +1 ms] Artifact Instance of 'WindowsEngineArtifacts' is not required, skipping update.
[        ] Artifact Instance of 'MacOSEngineArtifacts' is not required, skipping update.
[        ] Artifact Instance of 'LinuxEngineArtifacts' is not required, skipping update.
[        ] Artifact Instance of 'LinuxFuchsiaSDKArtifacts' is not required, skipping update.
[        ] Artifact Instance of 'MacOSFuchsiaSDKArtifacts' is not required, skipping update.
[        ] Artifact Instance of 'FlutterRunnerSDKArtifacts' is not required, skipping update.
[        ] Artifact Instance of 'FlutterRunnerDebugSymbols' is not required, skipping update.
[  +27 ms] Artifact Instance of 'MaterialFonts' is not required, skipping update.
[        ] Artifact Instance of 'GradleWrapper' is not required, skipping update.
[   +1 ms] Artifact Instance of 'AndroidInternalBuildArtifacts' is not required, skipping update.
[        ] Artifact Instance of 'IOSEngineArtifacts' is not required, skipping update.
[        ] Artifact Instance of 'FlutterWebSdk' is not required, skipping update.
[        ] Artifact Instance of 'FlutterEngineStamp' is not required, skipping update.
[        ] Artifact Instance of 'LegacyCanvasKitRemover' is not required, skipping update.
[        ] Artifact Instance of 'FlutterSdk' is not required, skipping update.
[        ] Artifact Instance of 'WindowsEngineArtifacts' is not required, skipping update.
[        ] Artifact Instance of 'MacOSEngineArtifacts' is not required, skipping update.
[        ] Artifact Instance of 'LinuxEngineArtifacts' is not required, skipping update.
[        ] Artifact Instance of 'LinuxFuchsiaSDKArtifacts' is not required, skipping update.
[        ] Artifact Instance of 'MacOSFuchsiaSDKArtifacts' is not required, skipping update.
[        ] Artifact Instance of 'FlutterRunnerSDKArtifacts' is not required, skipping update.
[        ] Artifact Instance of 'FlutterRunnerDebugSymbols' is not required, skipping update.
[        ] Artifact Instance of 'IosUsbArtifacts' is not required, skipping update.
[        ] Artifact Instance of 'IosUsbArtifacts' is not required, skipping update.
[        ] Artifact Instance of 'IosUsbArtifacts' is not required, skipping update.
[        ] Artifact Instance of 'IosUsbArtifacts' is not required, skipping update.
[        ] Artifact Instance of 'IosUsbArtifacts' is not required, skipping update.
[        ] Artifact Instance of 'IosUsbArtifacts' is not required, skipping update.
[        ] Artifact Instance of 'FontSubsetArtifacts' is not required, skipping update.
[        ] Artifact Instance of 'PubDependencies' is not required, skipping update.
[  +90 ms] Skipping pub get: version match.
[ +170 ms] Found plugin url_launcher at /root/.pub-cache/hosted/pub.dev/url_launcher-6.3.2/
[   +3 ms] Found plugin url_launcher_windows at /root/.pub-cache/hosted/pub.dev/url_launcher_windows-3.1.5/
[   +3 ms] Found plugin url_launcher_web at /root/.pub-cache/hosted/pub.dev/url_launcher_web-2.4.2/
[   +2 ms] Found plugin url_launcher_macos at /root/.pub-cache/hosted/pub.dev/url_launcher_macos-3.2.5/
[   +2 ms] Found plugin url_launcher_linux at /root/.pub-cache/hosted/pub.dev/url_launcher_linux-3.2.2/
[   +2 ms] Found plugin url_launcher_ios at /root/.pub-cache/hosted/pub.dev/url_launcher_ios-6.3.6/
[   +1 ms] Found plugin url_launcher_android at /root/.pub-cache/hosted/pub.dev/url_launcher_android-6.3.28/
[   +2 ms] Found plugin permission_handler at /root/.pub-cache/hosted/pub.dev/permission_handler-11.4.0/
[   +1 ms] Found plugin permission_handler_windows at /root/.pub-cache/hosted/pub.dev/permission_handler_windows-0.2.1/
[   +1 ms] Found plugin permission_handler_html at /root/.pub-cache/hosted/pub.dev/permission_handler_html-0.1.3+5/
[   +1 ms] Found plugin permission_handler_apple at /root/.pub-cache/hosted/pub.dev/permission_handler_apple-9.4.7/
[   +1 ms] Found plugin permission_handler_android at /root/.pub-cache/hosted/pub.dev/permission_handler_android-12.1.0/
[   +1 ms] Found plugin path_provider at /root/.pub-cache/hosted/pub.dev/path_provider-2.1.5/
[   +1 ms] Found plugin path_provider_windows at /root/.pub-cache/hosted/pub.dev/path_provider_windows-2.3.0/
[   +2 ms] Found plugin path_provider_linux at /root/.pub-cache/hosted/pub.dev/path_provider_linux-2.2.1/
[   +3 ms] Found plugin path_provider_foundation at /root/.pub-cache/hosted/pub.dev/path_provider_foundation-2.6.0/
[   +6 ms] Found plugin path_provider_android at /root/.pub-cache/hosted/pub.dev/path_provider_android-2.2.22/
[  +19 ms] Found plugin livekit_client at /root/.pub-cache/hosted/pub.dev/livekit_client-2.6.2/
[   +3 ms] Found plugin flutter_webrtc at /root/.pub-cache/hosted/pub.dev/flutter_webrtc-1.3.0/
[   +2 ms] Found plugin device_info_plus at /root/.pub-cache/hosted/pub.dev/device_info_plus-12.3.0/
[  +14 ms] Found plugin connectivity_plus at /root/.pub-cache/hosted/pub.dev/connectivity_plus-7.0.0/
[   +9 ms] Found plugin image_picker at /root/.pub-cache/hosted/pub.dev/image_picker-1.2.1/
[   +1 ms] Found plugin image_picker_windows at /root/.pub-cache/hosted/pub.dev/image_picker_windows-0.2.2/
[   +3 ms] Found plugin file_selector_windows at /root/.pub-cache/hosted/pub.dev/file_selector_windows-0.9.3+5/
[   +2 ms] Found plugin image_picker_macos at /root/.pub-cache/hosted/pub.dev/image_picker_macos-0.2.2+1/
[   +1 ms] Found plugin file_selector_macos at /root/.pub-cache/hosted/pub.dev/file_selector_macos-0.9.5/
[   +1 ms] Found plugin image_picker_linux at /root/.pub-cache/hosted/pub.dev/image_picker_linux-0.2.2/
[   +1 ms] Found plugin file_selector_linux at /root/.pub-cache/hosted/pub.dev/file_selector_linux-0.9.4/
[   +1 ms] Found plugin image_picker_ios at /root/.pub-cache/hosted/pub.dev/image_picker_ios-0.8.13+6/
[   +1 ms] Found plugin image_picker_for_web at /root/.pub-cache/hosted/pub.dev/image_picker_for_web-3.1.1/
[   +1 ms] Found plugin image_picker_android at /root/.pub-cache/hosted/pub.dev/image_picker_android-0.8.13+13/
[   +1 ms] Found plugin flutter_plugin_android_lifecycle at /root/.pub-cache/hosted/pub.dev/flutter_plugin_android_lifecycle-2.0.33/
[   +1 ms] Found plugin geolocator at /root/.pub-cache/hosted/pub.dev/geolocator-10.1.1/
[   +1 ms] Found plugin geolocator_windows at /root/.pub-cache/hosted/pub.dev/geolocator_windows-0.2.5/
[   +2 ms] Found plugin geolocator_web at /root/.pub-cache/hosted/pub.dev/geolocator_web-2.2.1/
[   +1 ms] Found plugin geolocator_apple at /root/.pub-cache/hosted/pub.dev/geolocator_apple-2.3.13/
[        ] Found plugin geolocator_android at /root/.pub-cache/hosted/pub.dev/geolocator_android-4.6.2/
[   +4 ms] Found plugin flutter_sound at /root/.pub-cache/hosted/pub.dev/flutter_sound-9.30.0/
[   +1 ms] Found plugin flutter_sound_web at /root/.pub-cache/hosted/pub.dev/flutter_sound_web-9.30.0/
[   +1 ms] Found plugin flutter_secure_storage at /root/.pub-cache/hosted/pub.dev/flutter_secure_storage-9.2.4/
[   +1 ms] Found plugin flutter_secure_storage_windows at /root/.pub-cache/hosted/pub.dev/flutter_secure_storage_windows-3.1.2/
[   +1 ms] Found plugin flutter_secure_storage_web at /root/.pub-cache/hosted/pub.dev/flutter_secure_storage_web-1.2.1/
[        ] Found plugin flutter_secure_storage_macos at /root/.pub-cache/hosted/pub.dev/flutter_secure_storage_macos-3.1.3/
[   +1 ms] Found plugin flutter_secure_storage_linux at /root/.pub-cache/hosted/pub.dev/flutter_secure_storage_linux-1.2.3/
[   +5 ms] Found plugin firebase_messaging at /root/.pub-cache/hosted/pub.dev/firebase_messaging-15.2.10/
[   +1 ms] Found plugin firebase_messaging_web at /root/.pub-cache/hosted/pub.dev/firebase_messaging_web-3.10.10/
[   +2 ms] Found plugin firebase_core at /root/.pub-cache/hosted/pub.dev/firebase_core-3.15.2/
[   +1 ms] Found plugin firebase_core_web at /root/.pub-cache/hosted/pub.dev/firebase_core_web-2.24.1/
[   +2 ms] Found plugin file_picker at /root/.pub-cache/hosted/pub.dev/file_picker-8.3.7/
[   +4 ms] Found plugin sqflite at /root/.pub-cache/hosted/pub.dev/sqflite-2.4.2/
[   +1 ms] Found plugin sqflite_darwin at /root/.pub-cache/hosted/pub.dev/sqflite_darwin-2.4.2/
[   +1 ms] Found plugin sqflite_android at /root/.pub-cache/hosted/pub.dev/sqflite_android-2.4.2+2/
[   +2 ms] Found plugin audioplayers at /root/.pub-cache/hosted/pub.dev/audioplayers-5.2.1/
[        ] Found plugin audioplayers_windows at /root/.pub-cache/hosted/pub.dev/audioplayers_windows-3.1.0/
[   +1 ms] Found plugin audioplayers_web at /root/.pub-cache/hosted/pub.dev/audioplayers_web-4.1.0/
[        ] Found plugin audioplayers_linux at /root/.pub-cache/hosted/pub.dev/audioplayers_linux-3.1.0/
[        ] Found plugin audioplayers_darwin at /root/.pub-cache/hosted/pub.dev/audioplayers_darwin-5.0.2/
[        ] Found plugin audioplayers_android at /root/.pub-cache/hosted/pub.dev/audioplayers_android-4.0.3/
[  +67 ms] Found plugin url_launcher at /root/.pub-cache/hosted/pub.dev/url_launcher-6.3.2/
[        ] Found plugin url_launcher_windows at /root/.pub-cache/hosted/pub.dev/url_launcher_windows-3.1.5/
[   +1 ms] Found plugin url_launcher_web at /root/.pub-cache/hosted/pub.dev/url_launcher_web-2.4.2/
[        ] Found plugin url_launcher_macos at /root/.pub-cache/hosted/pub.dev/url_launcher_macos-3.2.5/
[        ] Found plugin url_launcher_linux at /root/.pub-cache/hosted/pub.dev/url_launcher_linux-3.2.2/
[        ] Found plugin url_launcher_ios at /root/.pub-cache/hosted/pub.dev/url_launcher_ios-6.3.6/
[        ] Found plugin url_launcher_android at /root/.pub-cache/hosted/pub.dev/url_launcher_android-6.3.28/
[   +1 ms] Found plugin permission_handler at /root/.pub-cache/hosted/pub.dev/permission_handler-11.4.0/
[        ] Found plugin permission_handler_windows at /root/.pub-cache/hosted/pub.dev/permission_handler_windows-0.2.1/
[   +1 ms] Found plugin permission_handler_html at /root/.pub-cache/hosted/pub.dev/permission_handler_html-0.1.3+5/
[        ] Found plugin permission_handler_apple at /root/.pub-cache/hosted/pub.dev/permission_handler_apple-9.4.7/
[        ] Found plugin permission_handler_android at /root/.pub-cache/hosted/pub.dev/permission_handler_android-12.1.0/
[        ] Found plugin path_provider at /root/.pub-cache/hosted/pub.dev/path_provider-2.1.5/
[        ] Found plugin path_provider_windows at /root/.pub-cache/hosted/pub.dev/path_provider_windows-2.3.0/
[   +1 ms] Found plugin path_provider_linux at /root/.pub-cache/hosted/pub.dev/path_provider_linux-2.2.1/
[        ] Found plugin path_provider_foundation at /root/.pub-cache/hosted/pub.dev/path_provider_foundation-2.6.0/
[   +2 ms] Found plugin path_provider_android at /root/.pub-cache/hosted/pub.dev/path_provider_android-2.2.22/
[   +8 ms] Found plugin livekit_client at /root/.pub-cache/hosted/pub.dev/livekit_client-2.6.2/
[   +1 ms] Found plugin flutter_webrtc at /root/.pub-cache/hosted/pub.dev/flutter_webrtc-1.3.0/
[   +1 ms] Found plugin device_info_plus at /root/.pub-cache/hosted/pub.dev/device_info_plus-12.3.0/
[   +3 ms] Found plugin connectivity_plus at /root/.pub-cache/hosted/pub.dev/connectivity_plus-7.0.0/
[   +1 ms] Found plugin image_picker at /root/.pub-cache/hosted/pub.dev/image_picker-1.2.1/
[        ] Found plugin image_picker_windows at /root/.pub-cache/hosted/pub.dev/image_picker_windows-0.2.2/
[        ] Found plugin file_selector_windows at /root/.pub-cache/hosted/pub.dev/file_selector_windows-0.9.3+5/
[        ] Found plugin image_picker_macos at /root/.pub-cache/hosted/pub.dev/image_picker_macos-0.2.2+1/
[        ] Found plugin file_selector_macos at /root/.pub-cache/hosted/pub.dev/file_selector_macos-0.9.5/
[        ] Found plugin image_picker_linux at /root/.pub-cache/hosted/pub.dev/image_picker_linux-0.2.2/
[        ] Found plugin file_selector_linux at /root/.pub-cache/hosted/pub.dev/file_selector_linux-0.9.4/
[        ] Found plugin image_picker_ios at /root/.pub-cache/hosted/pub.dev/image_picker_ios-0.8.13+6/
[        ] Found plugin image_picker_for_web at /root/.pub-cache/hosted/pub.dev/image_picker_for_web-3.1.1/
[        ] Found plugin image_picker_android at /root/.pub-cache/hosted/pub.dev/image_picker_android-0.8.13+13/
[        ] Found plugin flutter_plugin_android_lifecycle at /root/.pub-cache/hosted/pub.dev/flutter_plugin_android_lifecycle-2.0.33/
[   +1 ms] Found plugin geolocator at /root/.pub-cache/hosted/pub.dev/geolocator-10.1.1/
[   +1 ms] Found plugin geolocator_windows at /root/.pub-cache/hosted/pub.dev/geolocator_windows-0.2.5/
[   +1 ms] Found plugin geolocator_web at /root/.pub-cache/hosted/pub.dev/geolocator_web-2.2.1/
[        ] Found plugin geolocator_apple at /root/.pub-cache/hosted/pub.dev/geolocator_apple-2.3.13/
[        ] Found plugin geolocator_android at /root/.pub-cache/hosted/pub.dev/geolocator_android-4.6.2/
[   +2 ms] Found plugin flutter_sound at /root/.pub-cache/hosted/pub.dev/flutter_sound-9.30.0/
[        ] Found plugin flutter_sound_web at /root/.pub-cache/hosted/pub.dev/flutter_sound_web-9.30.0/
[        ] Found plugin flutter_secure_storage at /root/.pub-cache/hosted/pub.dev/flutter_secure_storage-9.2.4/
[        ] Found plugin flutter_secure_storage_windows at /root/.pub-cache/hosted/pub.dev/flutter_secure_storage_windows-3.1.2/
[        ] Found plugin flutter_secure_storage_web at /root/.pub-cache/hosted/pub.dev/flutter_secure_storage_web-1.2.1/
[        ] Found plugin flutter_secure_storage_macos at /root/.pub-cache/hosted/pub.dev/flutter_secure_storage_macos-3.1.3/
[        ] Found plugin flutter_secure_storage_linux at /root/.pub-cache/hosted/pub.dev/flutter_secure_storage_linux-1.2.3/
[   +2 ms] Found plugin firebase_messaging at /root/.pub-cache/hosted/pub.dev/firebase_messaging-15.2.10/
[   +1 ms] Found plugin firebase_messaging_web at /root/.pub-cache/hosted/pub.dev/firebase_messaging_web-3.10.10/
[   +1 ms] Found plugin firebase_core at /root/.pub-cache/hosted/pub.dev/firebase_core-3.15.2/
[   +1 ms] Found plugin firebase_core_web at /root/.pub-cache/hosted/pub.dev/firebase_core_web-2.24.1/
[   +2 ms] Found plugin file_picker at /root/.pub-cache/hosted/pub.dev/file_picker-8.3.7/
[   +2 ms] Found plugin sqflite at /root/.pub-cache/hosted/pub.dev/sqflite-2.4.2/
[        ] Found plugin sqflite_darwin at /root/.pub-cache/hosted/pub.dev/sqflite_darwin-2.4.2/
[        ] Found plugin sqflite_android at /root/.pub-cache/hosted/pub.dev/sqflite_android-2.4.2+2/
[   +1 ms] Found plugin audioplayers at /root/.pub-cache/hosted/pub.dev/audioplayers-5.2.1/
[        ] Found plugin audioplayers_windows at /root/.pub-cache/hosted/pub.dev/audioplayers_windows-3.1.0/
[        ] Found plugin audioplayers_web at /root/.pub-cache/hosted/pub.dev/audioplayers_web-4.1.0/
[        ] Found plugin audioplayers_linux at /root/.pub-cache/hosted/pub.dev/audioplayers_linux-3.1.0/
[        ] Found plugin audioplayers_darwin at /root/.pub-cache/hosted/pub.dev/audioplayers_darwin-5.0.2/
[        ] Found plugin audioplayers_android at /root/.pub-cache/hosted/pub.dev/audioplayers_android-4.0.3/
[   +5 ms] Generating /workspace/app/android/app/src/main/java/io/flutter/plugins/GeneratedPluginRegistrant.java
[   +9 ms] Skipping generating GeneratedPluginRegistrant.java because it is up-to-date.
[   +3 ms] Skipping generating generated_plugin_registrant.h because it is up-to-date.
[        ] Skipping generating generated_plugin_registrant.cc because it is up-to-date.
[        ] Skipping generating generated_plugins.cmake because it is up-to-date.
[   +2 ms] Skipping generating GeneratedPluginRegistrant.h because it is up-to-date.
[   +1 ms] Skipping generating GeneratedPluginRegistrant.m because it is up-to-date.
[   +1 ms] Skipping generating GeneratedPluginRegistrant.swift because it is up-to-date.
[  +42 ms] Top-level Gradle build file not found, skipping migration of task "clean".
[        ] Android Studio version could not be detected, skipping Gradle-Java version compatibility check.
[   +2 ms] CMake project not found, skipping support Android 15 16k page size migration.
[   +3 ms] Using gradle from /workspace/app/android/gradlew.
[  +16 ms] LocalFile: '/workspace/app/android/build.gradle.kts' doesn't provide an AGP version. Checking settings.
[   +1 ms] LocalFile: '/workspace/app/android/settings.gradle.kts' provides AGP version: 8.11.1
[   +2 ms] Running Gradle task 'assembleDebug'...
[   +1 ms] executing: [/workspace/app/android/] /workspace/app/android/gradlew --full-stacktrace --info -Pverbose=true -Ptarget-platform=android-arm,android-arm64,android-x64 -Ptarget=lib/main.dart -Pbase-application-name=android.app.Application -Pdart-defines=RkxVVFRFUl9WRVJTSU9OPTMuMzguOQ==,RkxVVFRFUl9DSEFOTkVMPXN0YWJsZQ==,RkxVVFRFUl9HSVRfVVJMPWh0dHBzOi8vZ2l0aHViLmNvbS9mbHV0dGVyL2ZsdXR0ZXIuZ2l0,RkxVVFRFUl9GUkFNRVdPUktfUkVWSVNJT049NjczMjNkZTI4NQ==,RkxVVFRFUl9FTkdJTkVfUkVWSVNJT049NTg3YzE4Zjg3Mw==,RkxVVFRFUl9EQVJUX1ZFUlNJT049My4xMC44 -Pdart-obfuscation=false -Ptrack-widget-creation=true -Ptree-shake-icons=false assembleDebug
[  +90 ms] Downloading https://services.gradle.org/distributions/gradle-8.14-all.zip
[+14214 ms] .....................................................................................................................................................................................................................................................................................................................................................................................................................................................................................................................................................................................................................................................................................................................................................................................................................................................................................................................................................................................................................................................................................................................................................................................................................................................................................................................................................................................................................................................................................................................................................................................................................................................................................................................................................................................................................................................................................................................................................................................................................................................................................................................................................................................................................................................................................................................................................................................................................................................................................................................................................................................................................................................................................................................................................................................................................................................................................................................................................................................................................................................................................................................................................................................................................................................................................................................................................................................................................................................................................................................................................................................................................................................................................................................................................................................................................................................................................................................................................................................................................................................................................................................................................................................................................................................................................................................................................................................................................................................................................................................................................................................................................................................................................................................................................................................................................................................................................................................................................................................................................................................................................................................................................................................................................................................................................................................................................................................................................................................................................................................................................................................................................................................................................................................................................................................................................................................................................................................................................................................................................................................................................................................................................................................................................................................................................................................................................................................................................................................................................................................................................................................................................................................................................................................................................................................................................................................................................................................................................................................................................................................................................................................................................................................................................................................................................................................................................................................................................................................................................................................................................................................................................................................................................................................................................................................................................................................................................................................................................................................................................................................................................................................................................................................................................................................................................................................................................................................................................................................................................................................................................................................................................................................................................................................................................................................................................................................................................................................................................................................................................................................................................................................................................................................................................................................................................................................................................................................................................................................................................................................................................................................................................................................................................................................................................................................................................................................................................................................................................................................................................................................................................................................................................................................................................................................................................................................................................................................................................................................................................................................................................................................................................................................................................................................................................................................................................................................................................................................................................................................................................................................................................................................................................................................................................................................................................................................................................................................................................................................................................................................................................................................................................................................................
[        ] Unzipping /root/.gradle/wrapper/dists/gradle-8.14-all/c2qonpi39x1mddn7hk5gh9iqj/gradle-8.14-all.zip to /root/.gradle/wrapper/dists/gradle-8.14-all/c2qonpi39x1mddn7hk5gh9iqj
[+2577 ms] Set executable permissions for: /root/.gradle/wrapper/dists/gradle-8.14-all/c2qonpi39x1mddn7hk5gh9iqj/gradle-8.14/bin/gradle
[ +215 ms] Initialized native services in: /root/.gradle/native
[   +9 ms] Initialized jansi services in: /root/.gradle/native
[ +118 ms] Welcome to Gradle 8.14!
[        ] Here are the highlights of this release:
[        ]  - Java 24 support
[        ]  - GraalVM Native Image toolchain selection
[        ]  - Enhancements to test reporting
[        ]  - Build Authoring improvements
[        ] For more details see https://docs.gradle.org/8.14/release-notes.html
[  +98 ms] Removing 0 daemon stop events from registry
[        ] Starting a Gradle Daemon (subsequent builds will be faster)
[        ] Starting process 'Gradle build daemon'. Working directory: /root/.gradle/daemon/8.14 Command: /opt/java/openjdk/bin/java --add-opens=java.base/java.lang=ALL-UNNAMED --add-opens=java.base/java.lang.invoke=ALL-UNNAMED --add-opens=java.base/java.util=ALL-UNNAMED --add-opens=java.prefs/java.util.prefs=ALL-UNNAMED --add-exports=jdk.compiler/com.sun.tools.javac.api=ALL-UNNAMED --add-exports=jdk.compiler/com.sun.tools.javac.util=ALL-UNNAMED --add-opens=java.base/java.util=ALL-UNNAMED --add-opens=java.prefs/java.util.prefs=ALL-UNNAMED --add-opens=java.base/java.nio.charset=ALL-UNNAMED --add-opens=java.base/java.net=ALL-UNNAMED --add-opens=java.base/java.util.concurrent.atomic=ALL-UNNAMED --add-opens=java.xml/javax.xml.namespace=ALL-UNNAMED -XX:MaxMetaspaceSize=4G -XX:ReservedCodeCacheSize=512m -XX:+HeapDumpOnOutOfMemoryError -Xmx8G -Dfile.encoding=UTF-8 -Duser.country=US -Duser.language=en -Duser.variant -cp /root/.gradle/wrapper/dists/gradle-8.14-all/c2qonpi39x1mddn7hk5gh9iqj/gradle-8.14/lib/gradle-daemon-main-8.14.jar -javaagent:/root/.gradle/wrapper/dists/gradle-8.14-all/c2qonpi39x1mddn7hk5gh9iqj/gradle-8.14/lib/agents/gradle-instrumentation-agent-8.14.jar org.gradle.launcher.daemon.bootstrap.GradleDaemon 8.14
[        ] Successfully started process 'Gradle build daemon'
[ +798 ms] An attempt to start the daemon took 0.763 secs.
[        ] The client will now receive all logging from the daemon (pid: 170). The daemon log file: /root/.gradle/daemon/8.14/daemon-170.out.log
[        ] Starting build in new daemon [memory: 8 GiB]
[ +299 ms] Using 12 worker leases.
[ +300 ms] Received JVM installation metadata from '/opt/java/openjdk': {JAVA_HOME=/opt/java/openjdk, JAVA_VERSION=17.0.17, JAVA_VENDOR=Eclipse Adoptium, RUNTIME_NAME=OpenJDK Runtime Environment, RUNTIME_VERSION=17.0.17+10, VM_NAME=OpenJDK 64-Bit Server VM, VM_VERSION=17.0.17+10, VM_VENDOR=Eclipse Adoptium, OS_ARCH=amd64}
[ +199 ms] Watching the file system is configured to be enabled if available
[        ] Not watching /workspace/app/android since the file system is not supported
[        ] File system watching is active
[ +599 ms] Starting Build
[ +100 ms] Generating /root/.gradle/caches/8.14/generated-gradle-jars/gradle-api-8.14.jar
[+8199 ms] Cannot use Kotlin build script compile avoidance with /root/.gradle/caches/8.14/generated-gradle-jars/gradle-api-8.14.jar: class org/gradle/internal/impldep/kotlinx/coroutines/scheduling/CoroutineScheduler: inline fun availableCpuPermits(): compile avoidance is not supported with public inline functions
[+1600 ms] Cannot use Kotlin build script compile avoidance with /root/.gradle/wrapper/dists/gradle-8.14-all/c2qonpi39x1mddn7hk5gh9iqj/gradle-8.14/lib/gradle-kotlin-dsl-extensions-8.14.jar: class org/gradle/kotlin/dsl/GradleApiKotlinDslExtensions_1cbh1oqkvm762j10e96dawuh5Kt: inline fun domainObjectContainer(): compile avoidance is not supported with public inline functions
[        ] Cannot use Kotlin build script compile avoidance with /root/.gradle/wrapper/dists/gradle-8.14-all/c2qonpi39x1mddn7hk5gh9iqj/gradle-8.14/lib/gradle-kotlin-dsl-8.14.jar: class org/gradle/kotlin/dsl/ArtifactHandlerScope: inline fun invoke(): compile avoidance is not supported with public inline functions
[        ] Caching disabled for Kotlin DSL script compilation (Settings/TopLevel/stage1) because:
[        ]   Build cache is disabled
[+5099 ms] Not watching /opt/flutter/packages/flutter_tools/gradle since the file system is not supported
[        ] Caching disabled for Kotlin DSL script compilation (Settings/TopLevel/stage1) because:
[        ]   Build cache is disabled
[+2600 ms] > Configure project :gradle
[        ] Evaluating project ':gradle' using build file '/opt/flutter/packages/flutter_tools/gradle/build.gradle.kts'.
[        ] Caching disabled for Kotlin DSL plugin specs accessors for classpath '8bc8cebaa4756146dc6a0fab191b8bb6' because:
[        ]   Build cache is disabled
[        ] Caching disabled for Kotlin DSL script compilation (Project/TopLevel/stage1) because:
[        ]   Build cache is disabled
[        ] Resolved plugin [id: 'org.gradle.java-gradle-plugin']
[        ] Resolved plugin [id: 'org.gradle.groovy']
[        ] Downloading https://plugins.gradle.org/m2/org/gradle/kotlin/kotlin-dsl/org.gradle.kotlin.kotlin-dsl.gradle.plugin/5.2.0/org.gradle.kotlin.kotlin-dsl.gradle.plugin-5.2.0.pom to /root/.gradle/.tmp/gradle_download17251421716981541604bin
[ +298 ms] Resource missing. [HTTP HEAD: https://plugins.gradle.org/m2/org/gradle/kotlin/kotlin-dsl/org.gradle.kotlin.kotlin-dsl.gradle.plugin/5.2.0/org.gradle.kotlin.kotlin-dsl.gradle.plugin-5.2.0.jar]
[  +99 ms] Resolved plugin [id: 'org.gradle.kotlin.kotlin-dsl', version: '5.2.0']
[ +500 ms] Downloading https://plugins.gradle.org/m2/org/jetbrains/kotlin/jvm/org.jetbrains.kotlin.jvm.gradle.plugin/1.9.20/org.jetbrains.kotlin.jvm.gradle.plugin-1.9.20.pom to /root/.gradle/.tmp/gradle_download17058871018401215574bin
[ +299 ms] Resource missing. [HTTP HEAD: https://plugins.gradle.org/m2/org/jetbrains/kotlin/jvm/org.jetbrains.kotlin.jvm.gradle.plugin/1.9.20/org.jetbrains.kotlin.jvm.gradle.plugin-1.9.20.jar]
[        ] Resolved plugin [id: 'org.jetbrains.kotlin.jvm', version: '1.9.20']
[ +699 ms] Downloading https://plugins.gradle.org/m2/org/gradle/kotlin/gradle-kotlin-dsl-plugins/5.2.0/gradle-kotlin-dsl-plugins-5.2.0.pom to /root/.gradle/.tmp/gradle_download8831085957997845991bin
[ +299 ms] Downloading https://plugins.gradle.org/m2/org/gradle/kotlin/gradle-kotlin-dsl-plugins/5.2.0/gradle-kotlin-dsl-plugins-5.2.0.module to /root/.gradle/.tmp/gradle_download9546097251652564048bin
[ +300 ms] Downloading https://plugins.gradle.org/m2/org/jetbrains/kotlin/kotlin-gradle-plugin/1.9.20/kotlin-gradle-plugin-1.9.20.pom to /root/.gradle/.tmp/gradle_download15625573183350661421bin
[ +199 ms] Downloading https://plugins.gradle.org/m2/org/jetbrains/kotlin/kotlin-gradle-plugins-bom/1.9.20/kotlin-gradle-plugins-bom-1.9.20.pom to /root/.gradle/.tmp/gradle_download1170060046227209261bin
[        ] Downloading https://plugins.gradle.org/m2/org/jetbrains/kotlin/kotlin-gradle-plugins-bom/1.9.20/kotlin-gradle-plugins-bom-1.9.20.module to /root/.gradle/.tmp/gradle_download3257535366497825393bin
[ +399 ms] Downloading https://plugins.gradle.org/m2/org/jetbrains/kotlin/kotlin-gradle-plugin/1.9.20/kotlin-gradle-plugin-1.9.20.module to /root/.gradle/.tmp/gradle_download6975881665434502374bin
[ +600 ms] Downloading https://plugins.gradle.org/m2/org/jetbrains/kotlin/kotlin-gradle-plugin/2.0.21/kotlin-gradle-plugin-2.0.21.pom to /root/.gradle/.tmp/gradle_download14294752894630128737bin
[        ] Downloading https://plugins.gradle.org/m2/org/jetbrains/kotlin/kotlin-gradle-plugins-bom/2.0.21/kotlin-gradle-plugins-bom-2.0.21.pom to /root/.gradle/.tmp/gradle_download9895389075379473807bin
[  +98 ms] Downloading https://plugins.gradle.org/m2/org/jetbrains/kotlin/kotlin-gradle-plugins-bom/2.0.21/kotlin-gradle-plugins-bom-2.0.21.module to /root/.gradle/.tmp/gradle_download15882346159675362958bin
[ +299 ms] Downloading https://plugins.gradle.org/m2/org/jetbrains/kotlin/kotlin-gradle-plugin/2.0.21/kotlin-gradle-plugin-2.0.21.module to /root/.gradle/.tmp/gradle_download2727284344998425948bin
[ +199 ms] Downloading https://plugins.gradle.org/m2/org/jetbrains/kotlin/kotlin-gradle-plugin-api/2.0.21/kotlin-gradle-plugin-api-2.0.21.pom to /root/.gradle/.tmp/gradle_download3254366429697678126bin
[        ] Downloading https://plugins.gradle.org/m2/org/jetbrains/kotlin/kotlin-gradle-plugin-api/2.0.21/kotlin-gradle-plugin-api-2.0.21.module to /root/.gradle/.tmp/gradle_download6665179169288427360bin
[ +299 ms] Downloading https://plugins.gradle.org/m2/org/jetbrains/kotlin/kotlin-assignment/2.0.21/kotlin-assignment-2.0.21.pom to /root/.gradle/.tmp/gradle_download7755466140049335384bin
[ +199 ms] Downloading https://plugins.gradle.org/m2/org/jetbrains/kotlin/kotlin-assignment/2.0.21/kotlin-assignment-2.0.21.module to /root/.gradle/.tmp/gradle_download2670968700107821097bin
[ +100 ms] Downloading https://plugins.gradle.org/m2/org/jetbrains/kotlin/kotlin-sam-with-receiver/2.0.21/kotlin-sam-with-receiver-2.0.21.pom to /root/.gradle/.tmp/gradle_download17619747536279381616bin
[ +299 ms] Downloading https://plugins.gradle.org/m2/org/jetbrains/kotlin/kotlin-sam-with-receiver/2.0.21/kotlin-sam-with-receiver-2.0.21.module to /root/.gradle/.tmp/gradle_download17313623403142645472bin
[        ] Downloading https://plugins.gradle.org/m2/org/jetbrains/kotlin/kotlin-stdlib/2.0.21/kotlin-stdlib-2.0.21.pom to /root/.gradle/.tmp/gradle_download3152080942600841180bin
[  +99 ms] Downloading https://plugins.gradle.org/m2/org/jetbrains/kotlin/kotlin-stdlib/2.0.21/kotlin-stdlib-2.0.21.module to /root/.gradle/.tmp/gradle_download12191892295716154953bin
[   +1 ms] Downloading https://plugins.gradle.org/m2/org/jetbrains/kotlin/kotlin-gradle-plugin-idea/2.0.21/kotlin-gradle-plugin-idea-2.0.21.pom to /root/.gradle/.tmp/gradle_download5912843875268591762bin
[        ] Downloading https://plugins.gradle.org/m2/org/jetbrains/kotlin/kotlin-klib-commonizer-api/2.0.21/kotlin-klib-commonizer-api-2.0.21.pom to /root/.gradle/.tmp/gradle_download926570899836717850bin
[        ] Downloading https://plugins.gradle.org/m2/org/jetbrains/kotlin/kotlin-util-klib/2.0.21/kotlin-util-klib-2.0.21.pom to /root/.gradle/.tmp/gradle_download12754402705008631582bin
[  +98 ms] Downloading https://plugins.gradle.org/m2/org/jetbrains/kotlin/kotlin-build-statistics/2.0.21/kotlin-build-statistics-2.0.21.pom to /root/.gradle/.tmp/gradle_download16412531008682467402bin
[        ] Downloading https://plugins.gradle.org/m2/org/jetbrains/kotlin/kotlin-build-tools-api/2.0.21/kotlin-build-tools-api-2.0.21.pom to /root/.gradle/.tmp/gradle_download18306531208158813998bin
[        ] Downloading https://plugins.gradle.org/m2/org/jetbrains/kotlin/kotlin-compiler-runner/2.0.21/kotlin-compiler-runner-2.0.21.pom to /root/.gradle/.tmp/gradle_download12529649355685891422bin
[        ] Downloading https://plugins.gradle.org/m2/org/jetbrains/kotlin/kotlin-gradle-plugin-idea-proto/2.0.21/kotlin-gradle-plugin-idea-proto-2.0.21.pom to /root/.gradle/.tmp/gradle_download7273316669112758736bin
[        ] Downloading https://plugins.gradle.org/m2/org/jetbrains/kotlin/kotlin-gradle-plugin-idea/2.0.21/kotlin-gradle-plugin-idea-2.0.21.module to /root/.gradle/.tmp/gradle_download8311526847103296932bin
[        ] Downloading https://plugins.gradle.org/m2/org/jetbrains/kotlin/kotlin-compiler-embeddable/2.0.21/kotlin-compiler-embeddable-2.0.21.pom to /root/.gradle/.tmp/gradle_download7915893044966108814bin
[        ] Downloading https://plugins.gradle.org/m2/org/jetbrains/kotlin/kotlin-gradle-plugin-model/2.0.21/kotlin-gradle-plugin-model-2.0.21.pom to /root/.gradle/.tmp/gradle_download3633972227234630914bin
[        ] Downloading https://plugins.gradle.org/m2/org/jetbrains/kotlin/kotlin-gradle-plugin-model/2.0.21/kotlin-gradle-plugin-model-2.0.21.module to /root/.gradle/.tmp/gradle_download4890375056083117134bin
[  +98 ms] Downloading https://plugins.gradle.org/m2/org/jetbrains/kotlin/kotlin-tooling-core/2.0.21/kotlin-tooling-core-2.0.21.pom to /root/.gradle/.tmp/gradle_download6908687843884569684bin
[        ] Downloading https://plugins.gradle.org/m2/org/jetbrains/kotlin/kotlin-gradle-plugin-annotations/2.0.21/kotlin-gradle-plugin-annotations-2.0.21.pom to /root/.gradle/.tmp/gradle_download15539078025170148248bin
[        ] Downloading https://plugins.gradle.org/m2/org/jetbrains/kotlin/kotlin-native-utils/2.0.21/kotlin-native-utils-2.0.21.pom to /root/.gradle/.tmp/gradle_download10570780734889002720bin
[        ] Downloading https://plugins.gradle.org/m2/org/jetbrains/annotations/13.0/annotations-13.0.pom to /root/.gradle/.tmp/gradle_download13011148386369359338bin
[  +99 ms] Downloading https://plugins.gradle.org/m2/com/google/code/gson/gson/2.8.9/gson-2.8.9.pom to /root/.gradle/.tmp/gradle_download18263984948948648195bin
[        ] Downloading https://plugins.gradle.org/m2/com/google/code/gson/gson-parent/2.8.9/gson-parent-2.8.9.pom to /root/.gradle/.tmp/gradle_download13358271339469681322bin
[  +99 ms] Downloading https://plugins.gradle.org/m2/org/sonatype/oss/oss-parent/7/oss-parent-7.pom to /root/.gradle/.tmp/gradle_download12647053294423793182bin
[        ] Downloading https://plugins.gradle.org/m2/org/jetbrains/kotlin/kotlin-daemon-client/2.0.21/kotlin-daemon-client-2.0.21.pom to /root/.gradle/.tmp/gradle_download15667607211454262440bin
[        ] Downloading https://plugins.gradle.org/m2/org/jetbrains/kotlinx/kotlinx-coroutines-core-jvm/1.6.4/kotlinx-coroutines-core-jvm-1.6.4.pom to /root/.gradle/.tmp/gradle_download16720873144102230897bin
[  +99 ms] Downloading https://plugins.gradle.org/m2/org/jetbrains/kotlinx/kotlinx-coroutines-bom/1.6.4/kotlinx-coroutines-bom-1.6.4.pom to /root/.gradle/.tmp/gradle_download9893805331675344816bin
[        ] Downloading https://plugins.gradle.org/m2/org/jetbrains/kotlinx/kotlinx-coroutines-core-jvm/1.6.4/kotlinx-coroutines-core-jvm-1.6.4.module to /root/.gradle/.tmp/gradle_download384116418264628330bin
[ +100 ms] Downloading https://plugins.gradle.org/m2/org/jetbrains/kotlin/kotlin-util-io/2.0.21/kotlin-util-io-2.0.21.pom to /root/.gradle/.tmp/gradle_download1281422737037413571bin
[        ] Downloading https://plugins.gradle.org/m2/org/jetbrains/kotlin/kotlin-daemon-embeddable/2.0.21/kotlin-daemon-embeddable-2.0.21.pom to /root/.gradle/.tmp/gradle_download17176743034189153719bin
[        ] Downloading https://plugins.gradle.org/m2/org/jetbrains/intellij/deps/trove4j/1.0.20200330/trove4j-1.0.20200330.pom to /root/.gradle/.tmp/gradle_download10180129362257265772bin
[  +99 ms] Downloading https://plugins.gradle.org/m2/org/jetbrains/kotlin/kotlin-stdlib/2.0.21/kotlin-stdlib-2.0.21.jar to /root/.gradle/.tmp/gradle_download775792592343084598bin
[        ] Downloading https://plugins.gradle.org/m2/org/jetbrains/kotlin/kotlin-gradle-plugin-idea-proto/2.0.21/kotlin-gradle-plugin-idea-proto-2.0.21.jar to /root/.gradle/.tmp/gradle_download17812765196399385344bin
[        ] Downloading https://plugins.gradle.org/m2/org/jetbrains/kotlin/kotlin-gradle-plugin/2.0.21/kotlin-gradle-plugin-2.0.21-gradle85.jar to /root/.gradle/.tmp/gradle_download18013307778662769196bin
[        ] Downloading https://plugins.gradle.org/m2/org/jetbrains/kotlin/kotlin-gradle-plugin-model/2.0.21/kotlin-gradle-plugin-model-2.0.21.jar to /root/.gradle/.tmp/gradle_download9192605321369004816bin
[        ] Downloading https://plugins.gradle.org/m2/org/jetbrains/kotlin/kotlin-gradle-plugin-idea/2.0.21/kotlin-gradle-plugin-idea-2.0.21.jar to /root/.gradle/.tmp/gradle_download13114221208446534106bin
[        ] Downloading https://plugins.gradle.org/m2/org/jetbrains/kotlin/kotlin-gradle-plugin-api/2.0.21/kotlin-gradle-plugin-api-2.0.21-gradle85.jar to /root/.gradle/.tmp/gradle_download8010547491219889248bin
[        ] Downloading https://plugins.gradle.org/m2/org/jetbrains/kotlin/kotlin-assignment/2.0.21/kotlin-assignment-2.0.21-gradle85.jar to /root/.gradle/.tmp/gradle_download3581024506816335793bin
[        ] Downloading https://plugins.gradle.org/m2/org/gradle/kotlin/gradle-kotlin-dsl-plugins/5.2.0/gradle-kotlin-dsl-plugins-5.2.0.jar to /root/.gradle/.tmp/gradle_download9320434878031893411bin
[        ] Downloading https://plugins.gradle.org/m2/org/jetbrains/kotlin/kotlin-gradle-plugin-api/2.0.21/kotlin-gradle-plugin-api-2.0.21.jar to /root/.gradle/.tmp/gradle_download400073837389193984bin
[        ] Downloading https://plugins.gradle.org/m2/org/jetbrains/kotlin/kotlin-sam-with-receiver/2.0.21/kotlin-sam-with-receiver-2.0.21-gradle85.jar to /root/.gradle/.tmp/gradle_download9171458929679084464bin
[        ] Downloading https://plugins.gradle.org/m2/org/jetbrains/kotlin/kotlin-klib-commonizer-api/2.0.21/kotlin-klib-commonizer-api-2.0.21.jar to /root/.gradle/.tmp/gradle_download17723955594924304548bin
[        ] Downloading https://plugins.gradle.org/m2/org/jetbrains/annotations/13.0/annotations-13.0.jar to /root/.gradle/.tmp/gradle_download12789095755582374596bin
[  +98 ms] Downloading https://plugins.gradle.org/m2/org/jetbrains/kotlin/kotlin-build-statistics/2.0.21/kotlin-build-statistics-2.0.21.jar to /root/.gradle/.tmp/gradle_download14732282478002238038bin
[        ] Downloading https://plugins.gradle.org/m2/org/jetbrains/kotlin/kotlin-native-utils/2.0.21/kotlin-native-utils-2.0.21.jar to /root/.gradle/.tmp/gradle_download11884424751259900239bin
[        ] Downloading https://plugins.gradle.org/m2/org/jetbrains/kotlin/kotlin-compiler-runner/2.0.21/kotlin-compiler-runner-2.0.21.jar to /root/.gradle/.tmp/gradle_download7795052035066752951bin
[        ] Downloading https://plugins.gradle.org/m2/org/jetbrains/kotlin/kotlin-util-klib/2.0.21/kotlin-util-klib-2.0.21.jar to /root/.gradle/.tmp/gradle_download1701778144191547310bin
[        ] Downloading https://plugins.gradle.org/m2/org/jetbrains/kotlin/kotlin-build-tools-api/2.0.21/kotlin-build-tools-api-2.0.21.jar to /root/.gradle/.tmp/gradle_download11092933726965941286bin
[        ] Downloading https://plugins.gradle.org/m2/org/jetbrains/kotlin/kotlin-gradle-plugin-annotations/2.0.21/kotlin-gradle-plugin-annotations-2.0.21.jar to /root/.gradle/.tmp/gradle_download5243525159587396540bin
[        ] Downloading https://plugins.gradle.org/m2/org/jetbrains/kotlin/kotlin-tooling-core/2.0.21/kotlin-tooling-core-2.0.21.jar to /root/.gradle/.tmp/gradle_download8800895370328945453bin
[        ] Downloading https://plugins.gradle.org/m2/org/jetbrains/kotlin/kotlin-compiler-embeddable/2.0.21/kotlin-compiler-embeddable-2.0.21.jar to /root/.gradle/.tmp/gradle_download14533753800086315591bin
[        ] Downloading https://plugins.gradle.org/m2/com/google/code/gson/gson/2.8.9/gson-2.8.9.jar to /root/.gradle/.tmp/gradle_download13461269412779161704bin
[  +99 ms] Downloading https://plugins.gradle.org/m2/org/jetbrains/kotlin/kotlin-daemon-embeddable/2.0.21/kotlin-daemon-embeddable-2.0.21.jar to /root/.gradle/.tmp/gradle_download16134644383621345255bin
[        ] Downloading https://plugins.gradle.org/m2/org/jetbrains/kotlinx/kotlinx-coroutines-core-jvm/1.6.4/kotlinx-coroutines-core-jvm-1.6.4.jar to /root/.gradle/.tmp/gradle_download16140787839717005638bin
[        ] Downloading https://plugins.gradle.org/m2/org/jetbrains/intellij/deps/trove4j/1.0.20200330/trove4j-1.0.20200330.jar to /root/.gradle/.tmp/gradle_download8210414492116086654bin
[        ] Downloading https://plugins.gradle.org/m2/org/jetbrains/kotlin/kotlin-util-io/2.0.21/kotlin-util-io-2.0.21.jar to /root/.gradle/.tmp/gradle_download13818265198409757162bin
[        ] Downloading https://plugins.gradle.org/m2/org/jetbrains/kotlin/kotlin-daemon-client/2.0.21/kotlin-daemon-client-2.0.21.jar to /root/.gradle/.tmp/gradle_download7675514012940129547bin
[+1299 ms] Caching disabled for InstrumentationAnalysisTransform: /root/.gradle/caches/modules-2/files-2.1/org.gradle.kotlin/gradle-kotlin-dsl-plugins/5.2.0/da7124e4e4515b9bc5dcde1583774c3cc85b18db/gradle-kotlin-dsl-plugins-5.2.0.jar because:
[        ]   Build cache is disabled
[        ]   Caching not enabled.
[        ] Caching disabled for InstrumentationAnalysisTransform: /root/.gradle/caches/modules-2/files-2.1/org.jetbrains.kotlin/kotlin-stdlib/2.0.21/618b539767b4899b4660a83006e052b63f1db551/kotlin-stdlib-2.0.21.jar because:
[        ]   Build cache is disabled
[        ]   Caching not enabled.
[        ] Caching disabled for InstrumentationAnalysisTransform: /root/.gradle/caches/modules-2/files-2.1/org.jetbrains/annotations/13.0/919f0dfe192fb4e063e7dacadee7f8bb9a2672a9/annotations-13.0.jar because:
[        ]   Build cache is disabled
[        ]   Caching not enabled.
[        ] Caching disabled for InstrumentationAnalysisTransform: /root/.gradle/caches/modules-2/files-2.1/org.jetbrains.kotlin/kotlin-sam-with-receiver/2.0.21/9a5580a59ebfacd6e355accb87a63e05c45516f/kotlin-sam-with-receiver-2.0.21-gradle85.jar because:
[        ]   Build cache is disabled
[        ]   Caching not enabled.
[        ] Caching disabled for InstrumentationAnalysisTransform: /root/.gradle/caches/modules-2/files-2.1/org.jetbrains.kotlin/kotlin-assignment/2.0.21/e83b3c7bb4214c7bd0c3ebc3610e8bc94a291120/kotlin-assignment-2.0.21-gradle85.jar because:
[        ]   Build cache is disabled
[        ]   Caching not enabled.
[        ] Caching disabled for InstrumentationAnalysisTransform: /root/.gradle/caches/modules-2/files-2.1/org.jetbrains.kotlin/kotlin-gradle-plugin-model/2.0.21/3672a6bafb29cdb53c10ca1e13f6c8c75af0f8eb/kotlin-gradle-plugin-model-2.0.21.jar because:
[        ]   Build cache is disabled
[        ]   Caching not enabled.
[        ] Caching disabled for InstrumentationAnalysisTransform: /root/.gradle/caches/modules-2/files-2.1/org.jetbrains.kotlin/kotlin-gradle-plugin-api/2.0.21/2fe6828d39788b439f1a44576c4fd2d98862e77b/kotlin-gradle-plugin-api-2.0.21.jar because:
[        ]   Build cache is disabled
[        ]   Caching not enabled.
[        ] Caching disabled for InstrumentationAnalysisTransform: /root/.gradle/caches/modules-2/files-2.1/org.jetbrains.kotlin/kotlin-gradle-plugin/2.0.21/ea69d8de091115a98ce7f3901994b2fb3432480b/kotlin-gradle-plugin-2.0.21-gradle85.jar because:
[        ]   Build cache is disabled
[        ]   Caching not enabled.
[        ] Caching disabled for InstrumentationAnalysisTransform: /root/.gradle/caches/modules-2/files-2.1/org.jetbrains.kotlin/kotlin-gradle-plugin-idea-proto/2.0.21/7ee6324747edb846bb869955000c513797eaf6d7/kotlin-gradle-plugin-idea-proto-2.0.21.jar because:
[        ]   Build cache is disabled
[        ]   Caching not enabled.
[        ] Caching disabled for InstrumentationAnalysisTransform: /root/.gradle/caches/modules-2/files-2.1/org.jetbrains.kotlin/kotlin-gradle-plugin-api/2.0.21/2fe6828d39788b439f1a44576c4fd2d98862e77b/kotlin-gradle-plugin-api-2.0.21-gradle85.jar because:
[        ]   Build cache is disabled
[        ]   Caching not enabled.
[        ] Caching disabled for InstrumentationAnalysisTransform: /root/.gradle/caches/modules-2/files-2.1/org.jetbrains.kotlin/kotlin-gradle-plugin-idea/2.0.21/dc54973fe68b0bb9b816bd04ef39648ca29526a6/kotlin-gradle-plugin-idea-2.0.21.jar because:
[        ]   Build cache is disabled
[        ]   Caching not enabled.
[        ] Caching disabled for InstrumentationAnalysisTransform: /root/.gradle/caches/modules-2/files-2.1/org.jetbrains.kotlin/kotlin-klib-commonizer-api/2.0.21/499b6b114eda7ed8002ce438458f5baf273c5fa/kotlin-klib-commonizer-api-2.0.21.jar because:
[        ]   Build cache is disabled
[        ]   Caching not enabled.
[        ] Caching disabled for InstrumentationAnalysisTransform: /root/.gradle/caches/modules-2/files-2.1/org.jetbrains.kotlin/kotlin-compiler-runner/2.0.21/ea7301e9ee0a6cf310b67619709d578dd57896dc/kotlin-compiler-runner-2.0.21.jar because:
[        ]   Build cache is disabled
[        ]   Caching not enabled.
[        ] Caching disabled for InstrumentationAnalysisTransform: /root/.gradle/caches/modules-2/files-2.1/org.jetbrains.kotlin/kotlin-build-statistics/2.0.21/b5d6b9bf90684ba3aa5fdd524761bfa51c9cddc8/kotlin-build-statistics-2.0.21.jar because:
[        ]   Build cache is disabled
[        ]   Caching not enabled.
[        ] Caching disabled for InstrumentationAnalysisTransform: /root/.gradle/caches/modules-2/files-2.1/org.jetbrains.kotlin/kotlin-build-tools-api/2.0.21/612804301136399c0cc5c93f2366ef33fd0afdc3/kotlin-build-tools-api-2.0.21.jar because:
[        ]   Build cache is disabled
[        ]   Caching not enabled.
[        ] Caching disabled for InstrumentationAnalysisTransform: /root/.gradle/caches/modules-2/files-2.1/org.jetbrains.kotlin/kotlin-native-utils/2.0.21/ccdbc49a5d23f7ab782fbdff20c9426cf074f2d7/kotlin-native-utils-2.0.21.jar because:
[        ]   Build cache is disabled
[        ]   Caching not enabled.
[        ] Caching disabled for InstrumentationAnalysisTransform: /root/.gradle/caches/modules-2/files-2.1/org.jetbrains.kotlin/kotlin-util-klib/2.0.21/cc042c4a50a1ee46695a8f2f928c196223bdd7dc/kotlin-util-klib-2.0.21.jar because:
[        ]   Build cache is disabled
[        ]   Caching not enabled.
[  +96 ms] Caching disabled for InstrumentationAnalysisTransform: /root/.gradle/caches/modules-2/files-2.1/org.jetbrains.kotlin/kotlin-compiler-embeddable/2.0.21/79346ed53db48b18312a472602eb5c057070c54d/kotlin-compiler-embeddable-2.0.21.jar because:
[        ]   Build cache is disabled
[        ]   Caching not enabled.
[        ] Caching disabled for InstrumentationAnalysisTransform: /root/.gradle/caches/modules-2/files-2.1/org.jetbrains.kotlin/kotlin-gradle-plugin-annotations/2.0.21/585ea547101485df5165acbffc51b760b0bf2728/kotlin-gradle-plugin-annotations-2.0.21.jar because:
[        ]   Build cache is disabled
[        ]   Caching not enabled.
[        ] Caching disabled for InstrumentationAnalysisTransform: /root/.gradle/caches/modules-2/files-2.1/org.jetbrains.kotlin/kotlin-tooling-core/2.0.21/952179e9b7f114e78274ca73cea6df8fce3c8b3b/kotlin-tooling-core-2.0.21.jar because:
[        ]   Build cache is disabled
[        ]   Caching not enabled.
[        ] Caching disabled for InstrumentationAnalysisTransform: /root/.gradle/caches/modules-2/files-2.1/com.google.code.gson/gson/2.8.9/8a432c1d6825781e21a02db2e2c33c5fde2833b9/gson-2.8.9.jar because:
[        ]   Build cache is disabled
[        ]   Caching not enabled.
[        ] Caching disabled for InstrumentationAnalysisTransform: /root/.gradle/caches/modules-2/files-2.1/org.jetbrains.kotlin/kotlin-daemon-client/2.0.21/10cbd364d0703452050d9c4925fd24a6fec7e8d9/kotlin-daemon-client-2.0.21.jar because:
[        ]   Build cache is disabled
[        ]   Caching not enabled.
[        ] Caching disabled for InstrumentationAnalysisTransform: /root/.gradle/caches/modules-2/files-2.1/org.jetbrains.kotlinx/kotlinx-coroutines-core-jvm/1.6.4/2c997cd1c0ef33f3e751d3831929aeff1390cb30/kotlinx-coroutines-core-jvm-1.6.4.jar because:
[        ]   Build cache is disabled
[        ]   Caching not enabled.
[        ] Caching disabled for InstrumentationAnalysisTransform: /root/.gradle/caches/modules-2/files-2.1/org.jetbrains.kotlin/kotlin-util-io/2.0.21/4467ad395771e3d12ca864fd9949e1404920f558/kotlin-util-io-2.0.21.jar because:
[        ]   Build cache is disabled
[        ]   Caching not enabled.
[        ] Caching disabled for InstrumentationAnalysisTransform: /root/.gradle/caches/modules-2/files-2.1/org.jetbrains.kotlin/kotlin-daemon-embeddable/2.0.21/c9e933b23287de9b5a17e2116b4657bb91aea72c/kotlin-daemon-embeddable-2.0.21.jar because:
[        ]   Build cache is disabled
[        ]   Caching not enabled.
[        ] Caching disabled for InstrumentationAnalysisTransform: /root/.gradle/caches/modules-2/files-2.1/org.jetbrains.intellij.deps/trove4j/1.0.20200330/3afb14d5f9ceb459d724e907a21145e8ff394f02/trove4j-1.0.20200330.jar because:
[        ]   Build cache is disabled
[        ]   Caching not enabled.
[+1096 ms] Caching disabled for MergeInstrumentationAnalysisTransform: /root/.gradle/caches/8.14/transforms/a3a52d03ecaf0acc3437e74392912cef/transformed/.gradle-instrumented-classpath.marker because:
[        ]   Build cache is disabled
[        ]   Caching not enabled.
[        ] Caching disabled for MergeInstrumentationAnalysisTransform: /root/.gradle/caches/8.14/transforms/3d2cefff296fd1528a4ae07e8c10db75/transformed/analysis/instrumentation-hierarchy.bin because:
[        ]   Build cache is disabled
[        ]   Caching not enabled.
[        ] Caching disabled for MergeInstrumentationAnalysisTransform: /root/.gradle/caches/8.14/transforms/fc2e0c23ad7ef8ec3e4531e73edbbe77/transformed/analysis/instrumentation-hierarchy.bin because:
[        ]   Build cache is disabled
[        ]   Caching not enabled.
[        ] Caching disabled for MergeInstrumentationAnalysisTransform: /root/.gradle/caches/8.14/transforms/de9f6c93714d354da494a3eb2ce4f4bb/transformed/analysis/instrumentation-hierarchy.bin because:
[        ]   Build cache is disabled
[        ]   Caching not enabled.
[        ] Caching disabled for MergeInstrumentationAnalysisTransform: /root/.gradle/caches/8.14/transforms/a3a52d03ecaf0acc3437e74392912cef/transformed/analysis/instrumentation-hierarchy.bin because:
[        ]   Build cache is disabled
[        ]   Caching not enabled.
[        ] Caching disabled for MergeInstrumentationAnalysisTransform: /root/.gradle/caches/8.14/transforms/ccb0abe8060a935217ede033526fe0e1/transformed/analysis/instrumentation-hierarchy.bin because:
[        ]   Build cache is disabled
[        ]   Caching not enabled.
[        ] Caching disabled for MergeInstrumentationAnalysisTransform: /root/.gradle/caches/8.14/transforms/6ace4fa2dcedfd1b7dd8ff1af9e95455/transformed/analysis/instrumentation-hierarchy.bin because:
[        ]   Build cache is disabled
[        ]   Caching not enabled.
[        ] Caching disabled for MergeInstrumentationAnalysisTransform: /root/.gradle/caches/8.14/transforms/5e6e82434592c45b9a19504d1eaf21f4/transformed/analysis/instrumentation-hierarchy.bin because:
[        ]   Build cache is disabled
[        ]   Caching not enabled.
[        ] Caching disabled for MergeInstrumentationAnalysisTransform: /root/.gradle/caches/8.14/transforms/8ebabf972b7ccd9338f68b36e9bf552c/transformed/analysis/instrumentation-hierarchy.bin because:
[        ]   Build cache is disabled
[        ]   Caching not enabled.
[        ] Caching disabled for MergeInstrumentationAnalysisTransform: /root/.gradle/caches/8.14/transforms/8c276ee6451a49032798f81920855490/transformed/analysis/instrumentation-hierarchy.bin because:
[        ]   Build cache is disabled
[        ]   Caching not enabled.
[        ] Caching disabled for MergeInstrumentationAnalysisTransform: /root/.gradle/caches/8.14/transforms/ccb0abe8060a935217ede033526fe0e1/transformed/analysis/instrumentation-dependencies.bin because:
[        ]   Build cache is disabled
[        ]   Caching not enabled.
[        ] Caching disabled for MergeInstrumentationAnalysisTransform: /root/.gradle/caches/8.14/transforms/3d2cefff296fd1528a4ae07e8c10db75/transformed/analysis/instrumentation-dependencies.bin because:
[        ]   Build cache is disabled
[        ]   Caching not enabled.
[        ] Caching disabled for MergeInstrumentationAnalysisTransform: /root/.gradle/caches/8.14/transforms/de9f6c93714d354da494a3eb2ce4f4bb/transformed/analysis/instrumentation-dependencies.bin because:
[        ]   Build cache is disabled
[        ]   Caching not enabled.
[        ] Caching disabled for MergeInstrumentationAnalysisTransform: /root/.gradle/caches/8.14/transforms/fe297a5a19d5a52b75d06ba229378ac0/transformed/analysis/instrumentation-dependencies.bin because:
[        ]   Build cache is disabled
[        ]   Caching not enabled.
[        ] Caching disabled for MergeInstrumentationAnalysisTransform: /root/.gradle/caches/8.14/transforms/5e6e82434592c45b9a19504d1eaf21f4/transformed/analysis/instrumentation-dependencies.bin because:
[        ]   Build cache is disabled
[        ]   Caching not enabled.
[        ] Caching disabled for MergeInstrumentationAnalysisTransform: /root/.gradle/caches/8.14/transforms/a3a52d03ecaf0acc3437e74392912cef/transformed/analysis/instrumentation-dependencies.bin because:
[        ]   Build cache is disabled
[        ]   Caching not enabled.
[        ] Caching disabled for MergeInstrumentationAnalysisTransform: /root/.gradle/caches/8.14/transforms/8ebabf972b7ccd9338f68b36e9bf552c/transformed/analysis/instrumentation-dependencies.bin because:
[        ]   Build cache is disabled
[        ]   Caching not enabled.
[        ] Caching disabled for MergeInstrumentationAnalysisTransform: /root/.gradle/caches/8.14/transforms/666ac8aa3c30066f6d31578a8f804cf5/transformed/analysis/instrumentation-dependencies.bin because:
[        ]   Build cache is disabled
[        ]   Caching not enabled.
[        ] Caching disabled for MergeInstrumentationAnalysisTransform: /root/.gradle/caches/8.14/transforms/6ace4fa2dcedfd1b7dd8ff1af9e95455/transformed/analysis/instrumentation-dependencies.bin because:
[        ]   Build cache is disabled
[        ]   Caching not enabled.
[        ] Caching disabled for MergeInstrumentationAnalysisTransform: /root/.gradle/caches/8.14/transforms/fc2e0c23ad7ef8ec3e4531e73edbbe77/transformed/analysis/instrumentation-dependencies.bin because:
[        ]   Build cache is disabled
[        ]   Caching not enabled.
[        ] Caching disabled for MergeInstrumentationAnalysisTransform: /root/.gradle/caches/8.14/transforms/8c276ee6451a49032798f81920855490/transformed/analysis/instrumentation-dependencies.bin because:
[        ]   Build cache is disabled
[        ]   Caching not enabled.
[ +197 ms] Caching disabled for MergeInstrumentationAnalysisTransform: /root/.gradle/caches/modules-2/files-2.1/org.jetbrains.kotlin/kotlin-assignment/2.0.21/e83b3c7bb4214c7bd0c3ebc3610e8bc94a291120/kotlin-assignment-2.0.21-gradle85.jar because:
[        ]   Build cache is disabled
[        ]   Caching not enabled.
[        ] Caching disabled for MergeInstrumentationAnalysisTransform: /root/.gradle/caches/modules-2/files-2.1/org.jetbrains/annotations/13.0/919f0dfe192fb4e063e7dacadee7f8bb9a2672a9/annotations-13.0.jar because:
[        ]   Build cache is disabled
[        ]   Caching not enabled.
[        ] Caching disabled for MergeInstrumentationAnalysisTransform: /root/.gradle/caches/modules-2/files-2.1/org.jetbrains.kotlin/kotlin-gradle-plugin-idea/2.0.21/dc54973fe68b0bb9b816bd04ef39648ca29526a6/kotlin-gradle-plugin-idea-2.0.21.jar because:
[        ]   Build cache is disabled
[        ]   Caching not enabled.
[        ] Caching disabled for MergeInstrumentationAnalysisTransform: /root/.gradle/caches/modules-2/files-2.1/org.jetbrains.kotlin/kotlin-sam-with-receiver/2.0.21/9a5580a59ebfacd6e355accb87a63e05c45516f/kotlin-sam-with-receiver-2.0.21-gradle85.jar because:
[        ]   Build cache is disabled
[        ]   Caching not enabled.
[        ] Caching disabled for MergeInstrumentationAnalysisTransform: /root/.gradle/caches/modules-2/files-2.1/org.jetbrains.kotlin/kotlin-gradle-plugin-model/2.0.21/3672a6bafb29cdb53c10ca1e13f6c8c75af0f8eb/kotlin-gradle-plugin-model-2.0.21.jar because:
[        ]   Build cache is disabled
[        ]   Caching not enabled.
[        ] Caching disabled for MergeInstrumentationAnalysisTransform: /root/.gradle/caches/modules-2/files-2.1/org.jetbrains.kotlin/kotlin-gradle-plugin-api/2.0.21/2fe6828d39788b439f1a44576c4fd2d98862e77b/kotlin-gradle-plugin-api-2.0.21.jar because:
[        ]   Build cache is disabled
[        ]   Caching not enabled.
[        ] Caching disabled for ExternalDependencyInstrumentingArtifactTransform: /root/.gradle/caches/8.14/transforms/fccdb0c981a154a4e7631de6616db834/transformed/.gradle-instrumented-classpath.marker because:
[        ]   Build cache is disabled
[        ]   Caching not enabled.
[        ] Caching disabled for MergeInstrumentationAnalysisTransform: /root/.gradle/caches/modules-2/files-2.1/org.jetbrains.kotlin/kotlin-gradle-plugin-idea-proto/2.0.21/7ee6324747edb846bb869955000c513797eaf6d7/kotlin-gradle-plugin-idea-proto-2.0.21.jar because:
[        ]   Build cache is disabled
[        ]   Caching not enabled.
[        ] Caching disabled for MergeInstrumentationAnalysisTransform: /root/.gradle/caches/modules-2/files-2.1/org.jetbrains.kotlin/kotlin-gradle-plugin-api/2.0.21/2fe6828d39788b439f1a44576c4fd2d98862e77b/kotlin-gradle-plugin-api-2.0.21-gradle85.jar because:
[        ]   Build cache is disabled
[        ]   Caching not enabled.
[        ] Caching disabled for MergeInstrumentationAnalysisTransform: /root/.gradle/caches/modules-2/files-2.1/org.gradle.kotlin/gradle-kotlin-dsl-plugins/5.2.0/da7124e4e4515b9bc5dcde1583774c3cc85b18db/gradle-kotlin-dsl-plugins-5.2.0.jar because:
[        ]   Build cache is disabled
[        ]   Caching not enabled.
[        ] Caching disabled for MergeInstrumentationAnalysisTransform: /root/.gradle/caches/modules-2/files-2.1/org.jetbrains.kotlin/kotlin-stdlib/2.0.21/618b539767b4899b4660a83006e052b63f1db551/kotlin-stdlib-2.0.21.jar because:
[        ]   Build cache is disabled
[        ]   Caching not enabled.
[        ] Caching disabled for ExternalDependencyInstrumentingArtifactTransform: /root/.gradle/caches/8.14/transforms/6a85784b9273d0831275796f4de42c8f/transformed/merge/instrumentation-dependencies.bin because:
[        ]   Build cache is disabled
[        ]   Caching not enabled.
[   +1 ms] Caching disabled for ExternalDependencyInstrumentingArtifactTransform: /root/.gradle/caches/8.14/transforms/33f47dac0c92abe664f1d5489ece39e5/transformed/merge/instrumentation-dependencies.bin because:
[        ]   Build cache is disabled
[        ]   Caching not enabled.
[        ] Caching disabled for ExternalDependencyInstrumentingArtifactTransform: /root/.gradle/caches/8.14/transforms/73bd2712090799f600748c2803869278/transformed/merge/instrumentation-dependencies.bin because:
[        ]   Build cache is disabled
[        ]   Caching not enabled.
[   +3 ms] Caching disabled for ExternalDependencyInstrumentingArtifactTransform: /root/.gradle/caches/8.14/transforms/db59f1df423b3a188670cdbb56e071f1/transformed/merge/instrumentation-dependencies.bin because:
[        ]   Build cache is disabled
[        ]   Caching not enabled.
[        ] Caching disabled for ExternalDependencyInstrumentingArtifactTransform: /root/.gradle/caches/8.14/transforms/36633740c632ebb47f20671bae353918/transformed/merge/instrumentation-dependencies.bin because:
[        ]   Build cache is disabled
[   +1 ms]   Caching not enabled.
[        ] Caching disabled for ExternalDependencyInstrumentingArtifactTransform: /root/.gradle/caches/8.14/transforms/fccdb0c981a154a4e7631de6616db834/transformed/merge/instrumentation-dependencies.bin because:
[        ]   Build cache is disabled
[        ]   Caching not enabled.
[        ] Caching disabled for ExternalDependencyInstrumentingArtifactTransform: /root/.gradle/caches/8.14/transforms/41beda2f55e22889c09d723c7b2e1296/transformed/merge/instrumentation-dependencies.bin because:
[        ]   Build cache is disabled
[        ]   Caching not enabled.
[        ] Caching disabled for ExternalDependencyInstrumentingArtifactTransform: /root/.gradle/caches/8.14/transforms/37165bae748f426497e59bcaacc29c94/transformed/merge/instrumentation-dependencies.bin because:
[        ]   Build cache is disabled
[        ]   Caching not enabled.
[        ] Caching disabled for ExternalDependencyInstrumentingArtifactTransform: /root/.gradle/caches/8.14/transforms/fcfb03474a1d9ca82c6e0bbd2c8a2ebd/transformed/merge/instrumentation-dependencies.bin because:
[        ]   Build cache is disabled
[        ]   Caching not enabled.
[        ] Caching disabled for ExternalDependencyInstrumentingArtifactTransform: /root/.gradle/caches/8.14/transforms/5f6d2358858304769a76763099c53933/transformed/merge/instrumentation-dependencies.bin because:
[        ]   Build cache is disabled
[        ]   Caching not enabled.
[        ] Caching disabled for ExternalDependencyInstrumentingArtifactTransform: /root/.gradle/caches/modules-2/files-2.1/org.jetbrains.kotlin/kotlin-sam-with-receiver/2.0.21/9a5580a59ebfacd6e355accb87a63e05c45516f/kotlin-sam-with-receiver-2.0.21-gradle85.jar because:
[        ]   Build cache is disabled
[        ]   Caching not enabled.
[   +2 ms] Caching disabled for ExternalDependencyInstrumentingArtifactTransform: /root/.gradle/caches/modules-2/files-2.1/org.jetbrains.kotlin/kotlin-gradle-plugin-model/2.0.21/3672a6bafb29cdb53c10ca1e13f6c8c75af0f8eb/kotlin-gradle-plugin-model-2.0.21.jar because:
[        ]   Build cache is disabled
[        ]   Caching not enabled.
[        ] Caching disabled for ExternalDependencyInstrumentingArtifactTransform: /root/.gradle/caches/modules-2/files-2.1/org.jetbrains.kotlin/kotlin-assignment/2.0.21/e83b3c7bb4214c7bd0c3ebc3610e8bc94a291120/kotlin-assignment-2.0.21-gradle85.jar because:
[        ]   Build cache is disabled
[        ]   Caching not enabled.
[        ] Caching disabled for ExternalDependencyInstrumentingArtifactTransform: /root/.gradle/caches/modules-2/files-2.1/org.jetbrains/annotations/13.0/919f0dfe192fb4e063e7dacadee7f8bb9a2672a9/annotations-13.0.jar because:
[        ]   Build cache is disabled
[        ]   Caching not enabled.
[        ] Caching disabled for MergeInstrumentationAnalysisTransform: /root/.gradle/caches/8.14/transforms/90cec16e5f3cae02e8b56745f643c9a7/transformed/analysis/instrumentation-hierarchy.bin because:
[        ]   Build cache is disabled
[        ]   Caching not enabled.
[        ] Caching disabled for ExternalDependencyInstrumentingArtifactTransform: /root/.gradle/caches/modules-2/files-2.1/org.gradle.kotlin/gradle-kotlin-dsl-plugins/5.2.0/da7124e4e4515b9bc5dcde1583774c3cc85b18db/gradle-kotlin-dsl-plugins-5.2.0.jar because:
[        ]   Build cache is disabled
[        ]   Caching not enabled.
[        ] Caching disabled for MergeInstrumentationAnalysisTransform: /root/.gradle/caches/8.14/transforms/5637e8bda4ca07e53d015c983c864928/transformed/analysis/instrumentation-hierarchy.bin because:
[        ]   Build cache is disabled
[        ]   Caching not enabled.
[        ] Caching disabled for MergeInstrumentationAnalysisTransform: /root/.gradle/caches/8.14/transforms/248a9b630c3f0ce11c7b013f80b2f3e5/transformed/analysis/instrumentation-hierarchy.bin because:
[        ]   Build cache is disabled
[        ]   Caching not enabled.
[  +82 ms] Caching disabled for MergeInstrumentationAnalysisTransform: /root/.gradle/caches/8.14/transforms/5637e8bda4ca07e53d015c983c864928/transformed/analysis/instrumentation-dependencies.bin because:
[        ]   Build cache is disabled
[        ]   Caching not enabled.
[        ] Caching disabled for MergeInstrumentationAnalysisTransform: /root/.gradle/caches/8.14/transforms/90cec16e5f3cae02e8b56745f643c9a7/transformed/analysis/instrumentation-dependencies.bin because:
[        ]   Build cache is disabled
[        ]   Caching not enabled.
[        ] Caching disabled for MergeInstrumentationAnalysisTransform: /root/.gradle/caches/8.14/transforms/2d4b7163a0d648988980280e3bb235d6/transformed/analysis/instrumentation-hierarchy.bin because:
[        ]   Build cache is disabled
[        ]   Caching not enabled.
[        ] Caching disabled for ExternalDependencyInstrumentingArtifactTransform: /root/.gradle/caches/modules-2/files-2.1/org.jetbrains.kotlin/kotlin-gradle-plugin-idea/2.0.21/dc54973fe68b0bb9b816bd04ef39648ca29526a6/kotlin-gradle-plugin-idea-2.0.21.jar because:
[        ]   Build cache is disabled
[        ]   Caching not enabled.
[        ] Caching disabled for MergeInstrumentationAnalysisTransform: /root/.gradle/caches/8.14/transforms/aa24a0ce6ab7898c9800794d11170dd7/transformed/analysis/instrumentation-hierarchy.bin because:
[        ]   Build cache is disabled
[        ]   Caching not enabled.
[        ] Caching disabled for MergeInstrumentationAnalysisTransform: /root/.gradle/caches/8.14/transforms/248a9b630c3f0ce11c7b013f80b2f3e5/transformed/analysis/instrumentation-dependencies.bin because:
[        ]   Build cache is disabled
[        ]   Caching not enabled.
[        ] Caching disabled for MergeInstrumentationAnalysisTransform: /root/.gradle/caches/8.14/transforms/2d4b7163a0d648988980280e3bb235d6/transformed/analysis/instrumentation-dependencies.bin because:
[        ]   Build cache is disabled
[        ]   Caching not enabled.
[        ] Caching disabled for MergeInstrumentationAnalysisTransform: /root/.gradle/caches/8.14/transforms/f10c73fe29cadca4438a9e11e359258b/transformed/analysis/instrumentation-hierarchy.bin because:
[        ]   Build cache is disabled
[        ]   Caching not enabled.
[        ] Caching disabled for MergeInstrumentationAnalysisTransform: /root/.gradle/caches/8.14/transforms/aa24a0ce6ab7898c9800794d11170dd7/transformed/analysis/instrumentation-dependencies.bin because:
[        ]   Build cache is disabled
[        ]   Caching not enabled.
[        ] Caching disabled for MergeInstrumentationAnalysisTransform: /root/.gradle/caches/modules-2/files-2.1/org.jetbrains.kotlin/kotlin-klib-commonizer-api/2.0.21/499b6b114eda7ed8002ce438458f5baf273c5fa/kotlin-klib-commonizer-api-2.0.21.jar because:
[        ]   Build cache is disabled
[        ]   Caching not enabled.
[        ] Caching disabled for MergeInstrumentationAnalysisTransform: /root/.gradle/caches/modules-2/files-2.1/org.jetbrains.kotlin/kotlin-build-statistics/2.0.21/b5d6b9bf90684ba3aa5fdd524761bfa51c9cddc8/kotlin-build-statistics-2.0.21.jar because:
[        ]   Build cache is disabled
[        ]   Caching not enabled.
[        ] Caching disabled for MergeInstrumentationAnalysisTransform: /root/.gradle/caches/modules-2/files-2.1/org.jetbrains.kotlin/kotlin-gradle-plugin/2.0.21/ea69d8de091115a98ce7f3901994b2fb3432480b/kotlin-gradle-plugin-2.0.21-gradle85.jar because:
[        ]   Build cache is disabled
[        ]   Caching not enabled.
[        ] Caching disabled for MergeInstrumentationAnalysisTransform: /root/.gradle/caches/modules-2/files-2.1/org.jetbrains.kotlin/kotlin-build-tools-api/2.0.21/612804301136399c0cc5c93f2366ef33fd0afdc3/kotlin-build-tools-api-2.0.21.jar because:
[        ]   Build cache is disabled
[        ]   Caching not enabled.
[        ] Caching disabled for ExternalDependencyInstrumentingArtifactTransform: /root/.gradle/caches/8.14/transforms/d5042f0c55180f6e50100c595103f21a/transformed/merge/instrumentation-dependencies.bin because:
[        ]   Build cache is disabled
[        ]   Caching not enabled.
[        ] Caching disabled for ExternalDependencyInstrumentingArtifactTransform: /root/.gradle/caches/8.14/transforms/a4ec057157a24c5ce6620354abd4856d/transformed/merge/instrumentation-dependencies.bin because:
[        ]   Build cache is disabled
[        ]   Caching not enabled.
[        ] Caching disabled for MergeInstrumentationAnalysisTransform: /root/.gradle/caches/modules-2/files-2.1/org.jetbrains.kotlin/kotlin-compiler-runner/2.0.21/ea7301e9ee0a6cf310b67619709d578dd57896dc/kotlin-compiler-runner-2.0.21.jar because:
[        ]   Build cache is disabled
[        ]   Caching not enabled.
[        ] Caching disabled for MergeInstrumentationAnalysisTransform: /root/.gradle/caches/8.14/transforms/f10c73fe29cadca4438a9e11e359258b/transformed/analysis/instrumentation-dependencies.bin because:
[        ]   Build cache is disabled
[        ]   Caching not enabled.
[        ] Caching disabled for ExternalDependencyInstrumentingArtifactTransform: /root/.gradle/caches/8.14/transforms/41e93955d2ce2bafd2bdadd0082e20f9/transformed/merge/instrumentation-dependencies.bin because:
[        ]   Build cache is disabled
[        ]   Caching not enabled.
[        ] Caching disabled for ExternalDependencyInstrumentingArtifactTransform: /root/.gradle/caches/modules-2/files-2.1/org.jetbrains.kotlin/kotlin-gradle-plugin-api/2.0.21/2fe6828d39788b439f1a44576c4fd2d98862e77b/kotlin-gradle-plugin-api-2.0.21-gradle85.jar because:
[        ]   Build cache is disabled
[        ]   Caching not enabled.
[        ] Caching disabled for ExternalDependencyInstrumentingArtifactTransform: /root/.gradle/caches/8.14/transforms/e9c0415ee7eb688f6112e68e792f7dc0/transformed/merge/instrumentation-dependencies.bin because:
[        ]   Build cache is disabled
[        ]   Caching not enabled.
[        ] Caching disabled for ExternalDependencyInstrumentingArtifactTransform: /root/.gradle/caches/modules-2/files-2.1/org.jetbrains.kotlin/kotlin-gradle-plugin-api/2.0.21/2fe6828d39788b439f1a44576c4fd2d98862e77b/kotlin-gradle-plugin-api-2.0.21.jar because:
[        ]   Build cache is disabled
[        ]   Caching not enabled.
[        ] Caching disabled for MergeInstrumentationAnalysisTransform: /root/.gradle/caches/modules-2/files-2.1/org.jetbrains.kotlin/kotlin-native-utils/2.0.21/ccdbc49a5d23f7ab782fbdff20c9426cf074f2d7/kotlin-native-utils-2.0.21.jar because:
[        ]   Build cache is disabled
[        ]   Caching not enabled.
[        ] Caching disabled for MergeInstrumentationAnalysisTransform: /root/.gradle/caches/modules-2/files-2.1/org.jetbrains.kotlin/kotlin-util-klib/2.0.21/cc042c4a50a1ee46695a8f2f928c196223bdd7dc/kotlin-util-klib-2.0.21.jar because:
[        ]   Build cache is disabled
[        ]   Caching not enabled.
[        ] Caching disabled for ExternalDependencyInstrumentingArtifactTransform: /root/.gradle/caches/8.14/transforms/e5a99f834ee4267f7159e4e17892ed11/transformed/merge/instrumentation-dependencies.bin because:
[        ]   Build cache is disabled
[        ]   Caching not enabled.
[        ] Caching disabled for MergeInstrumentationAnalysisTransform: /root/.gradle/caches/8.14/transforms/0deb7be8cbd779bbfa7f60cce09d0c76/transformed/analysis/instrumentation-hierarchy.bin because:
[        ]   Build cache is disabled
[        ]   Caching not enabled.
[        ] Caching disabled for ExternalDependencyInstrumentingArtifactTransform: /root/.gradle/caches/8.14/transforms/9291ef98e09dae81bd11a261f7bd59f9/transformed/merge/instrumentation-dependencies.bin because:
[        ]   Build cache is disabled
[        ]   Caching not enabled.
[        ] Caching disabled for MergeInstrumentationAnalysisTransform: /root/.gradle/caches/8.14/transforms/7ce0434780d35c4ac5556aeeed5ada34/transformed/analysis/instrumentation-dependencies.bin because:
[        ]   Build cache is disabled
[        ]   Caching not enabled.
[        ] Caching disabled for ExternalDependencyInstrumentingArtifactTransform: /root/.gradle/caches/8.14/transforms/b02c66b0fcddfb20ce25e3443a7433da/transformed/merge/instrumentation-dependencies.bin because:
[        ]   Build cache is disabled
[        ]   Caching not enabled.
[        ] Caching disabled for MergeInstrumentationAnalysisTransform: /root/.gradle/caches/8.14/transforms/7c0e5830463ee8864f3ce27604389317/transformed/analysis/instrumentation-hierarchy.bin because:
[        ]   Build cache is disabled
[        ]   Caching not enabled.
[        ] Caching disabled for MergeInstrumentationAnalysisTransform: /root/.gradle/caches/8.14/transforms/0deb7be8cbd779bbfa7f60cce09d0c76/transformed/analysis/instrumentation-dependencies.bin because:
[   +1 ms]   Build cache is disabled
[        ]   Caching not enabled.
[        ] Caching disabled for ExternalDependencyInstrumentingArtifactTransform: /root/.gradle/caches/modules-2/files-2.1/org.jetbrains.kotlin/kotlin-compiler-runner/2.0.21/ea7301e9ee0a6cf310b67619709d578dd57896dc/kotlin-compiler-runner-2.0.21.jar because:
[        ]   Build cache is disabled
[        ]   Caching not enabled.
[        ] Caching disabled for ExternalDependencyInstrumentingArtifactTransform: /root/.gradle/caches/modules-2/files-2.1/org.jetbrains.kotlin/kotlin-klib-commonizer-api/2.0.21/499b6b114eda7ed8002ce438458f5baf273c5fa/kotlin-klib-commonizer-api-2.0.21.jar because:
[        ]   Build cache is disabled
[        ]   Caching not enabled.
[        ] Caching disabled for MergeInstrumentationAnalysisTransform: /root/.gradle/caches/modules-2/files-2.1/org.jetbrains.kotlin/kotlin-gradle-plugin-annotations/2.0.21/585ea547101485df5165acbffc51b760b0bf2728/kotlin-gradle-plugin-annotations-2.0.21.jar because:
[        ]   Build cache is disabled
[        ]   Caching not enabled.
[        ] Caching disabled for ExternalDependencyInstrumentingArtifactTransform: /root/.gradle/caches/modules-2/files-2.1/org.jetbrains.kotlin/kotlin-build-tools-api/2.0.21/612804301136399c0cc5c93f2366ef33fd0afdc3/kotlin-build-tools-api-2.0.21.jar because:
[        ]   Build cache is disabled
[        ]   Caching not enabled.
[        ] Caching disabled for MergeInstrumentationAnalysisTransform: /root/.gradle/caches/8.14/transforms/7c0e5830463ee8864f3ce27604389317/transformed/analysis/instrumentation-dependencies.bin because:
[        ]   Build cache is disabled
[        ]   Caching not enabled.
[        ] Caching disabled for ExternalDependencyInstrumentingArtifactTransform: /root/.gradle/caches/modules-2/files-2.1/org.jetbrains.kotlin/kotlin-build-statistics/2.0.21/b5d6b9bf90684ba3aa5fdd524761bfa51c9cddc8/kotlin-build-statistics-2.0.21.jar because:
[        ]   Build cache is disabled
[        ]   Caching not enabled.
[        ] Caching disabled for MergeInstrumentationAnalysisTransform: /root/.gradle/caches/8.14/transforms/1e65a939a84c50dc5637f10e635ac0e8/transformed/analysis/instrumentation-hierarchy.bin because:
[   +1 ms]   Build cache is disabled
[        ]   Caching not enabled.
[        ] Caching disabled for ExternalDependencyInstrumentingArtifactTransform: /root/.gradle/caches/8.14/transforms/28d8c5774caa47abdf2ac975019f8869/transformed/merge/instrumentation-dependencies.bin because:
[        ]   Build cache is disabled
[        ]   Caching not enabled.
[        ] Caching disabled for MergeInstrumentationAnalysisTransform: /root/.gradle/caches/8.14/transforms/c9cf5d6beab8e7bd0de3e20061a04a1d/transformed/analysis/instrumentation-hierarchy.bin because:
[        ]   Build cache is disabled
[        ]   Caching not enabled.
[        ] Caching disabled for MergeInstrumentationAnalysisTransform: /root/.gradle/caches/8.14/transforms/32ec547ea1818dc3a5cc858220ca317b/transformed/analysis/instrumentation-hierarchy.bin because:
[        ]   Build cache is disabled
[        ]   Caching not enabled.
[        ] Caching disabled for MergeInstrumentationAnalysisTransform: /root/.gradle/caches/8.14/transforms/892d2931214c01095144704310f5efce/transformed/analysis/instrumentation-hierarchy.bin because:
[        ]   Build cache is disabled
[   +3 ms]   Caching not enabled.
[        ] Caching disabled for MergeInstrumentationAnalysisTransform: /root/.gradle/caches/8.14/transforms/1e65a939a84c50dc5637f10e635ac0e8/transformed/analysis/instrumentation-dependencies.bin because:
[        ]   Build cache is disabled
[        ]   Caching not enabled.
[        ] Caching disabled for MergeInstrumentationAnalysisTransform: /root/.gradle/caches/8.14/transforms/c9cf5d6beab8e7bd0de3e20061a04a1d/transformed/analysis/instrumentation-dependencies.bin because:
[        ]   Build cache is disabled
[        ]   Caching not enabled.
[        ] Caching disabled for MergeInstrumentationAnalysisTransform: /root/.gradle/caches/8.14/transforms/892d2931214c01095144704310f5efce/transformed/analysis/instrumentation-dependencies.bin because:
[        ]   Build cache is disabled
[        ]   Caching not enabled.
[  +73 ms] Caching disabled for MergeInstrumentationAnalysisTransform: /root/.gradle/caches/modules-2/files-2.1/org.jetbrains.kotlin/kotlin-tooling-core/2.0.21/952179e9b7f114e78274ca73cea6df8fce3c8b3b/kotlin-tooling-core-2.0.21.jar because:
[        ]   Build cache is disabled
[        ]   Caching not enabled.
[        ] Caching disabled for MergeInstrumentationAnalysisTransform: /root/.gradle/caches/8.14/transforms/32ec547ea1818dc3a5cc858220ca317b/transformed/analysis/instrumentation-dependencies.bin because:
[        ]   Build cache is disabled
[        ]   Caching not enabled.
[        ] Caching disabled for ExternalDependencyInstrumentingArtifactTransform: /root/.gradle/caches/modules-2/files-2.1/org.jetbrains.kotlin/kotlin-gradle-plugin-annotations/2.0.21/585ea547101485df5165acbffc51b760b0bf2728/kotlin-gradle-plugin-annotations-2.0.21.jar because:
[        ]   Build cache is disabled
[        ]   Caching not enabled.
[        ] Caching disabled for MergeInstrumentationAnalysisTransform: /root/.gradle/caches/modules-2/files-2.1/com.google.code.gson/gson/2.8.9/8a432c1d6825781e21a02db2e2c33c5fde2833b9/gson-2.8.9.jar because:
[        ]   Build cache is disabled
[        ]   Caching not enabled.
[        ] Caching disabled for ExternalDependencyInstrumentingArtifactTransform: /root/.gradle/caches/8.14/transforms/bd7aee89ff91c4dbbce610214edb0473/transformed/merge/instrumentation-dependencies.bin because:
[        ]   Build cache is disabled
[        ]   Caching not enabled.
[        ] Caching disabled for MergeInstrumentationAnalysisTransform: /root/.gradle/caches/modules-2/files-2.1/org.jetbrains.kotlin/kotlin-daemon-client/2.0.21/10cbd364d0703452050d9c4925fd24a6fec7e8d9/kotlin-daemon-client-2.0.21.jar because:
[        ]   Build cache is disabled
[        ]   Caching not enabled.
[        ] Caching disabled for MergeInstrumentationAnalysisTransform: /root/.gradle/caches/8.14/transforms/c13888a021d29e2978e6b100ccd4d6d7/transformed/analysis/instrumentation-hierarchy.bin because:
[        ]   Build cache is disabled
[        ]   Caching not enabled.
[        ] Caching disabled for ExternalDependencyInstrumentingArtifactTransform: /root/.gradle/caches/8.14/transforms/e64d54697f023ab13841ce63b12c4048/transformed/merge/instrumentation-dependencies.bin because:
[        ]   Build cache is disabled
[        ]   Caching not enabled.
[        ] Caching disabled for ExternalDependencyInstrumentingArtifactTransform: /root/.gradle/caches/8.14/transforms/9d5c9e70a36df88dadd5b80b15225702/transformed/merge/instrumentation-dependencies.bin because:
[        ]   Build cache is disabled
[   +4 ms]   Caching not enabled.
[        ] Caching disabled for ExternalDependencyInstrumentingArtifactTransform: /root/.gradle/caches/modules-2/files-2.1/org.jetbrains.kotlin/kotlin-util-klib/2.0.21/cc042c4a50a1ee46695a8f2f928c196223bdd7dc/kotlin-util-klib-2.0.21.jar because:
[        ]   Build cache is disabled
[        ]   Caching not enabled.
[        ] Caching disabled for MergeInstrumentationAnalysisTransform: /root/.gradle/caches/8.14/transforms/c13888a021d29e2978e6b100ccd4d6d7/transformed/analysis/instrumentation-dependencies.bin because:
[        ]   Build cache is disabled
[        ]   Caching not enabled.
[   +1 ms] Caching disabled for MergeInstrumentationAnalysisTransform: /root/.gradle/caches/modules-2/files-2.1/org.jetbrains.kotlin/kotlin-util-io/2.0.21/4467ad395771e3d12ca864fd9949e1404920f558/kotlin-util-io-2.0.21.jar because:
[        ]   Build cache is disabled
[        ]   Caching not enabled.
[        ] Caching disabled for MergeInstrumentationAnalysisTransform: /root/.gradle/caches/8.14/transforms/3c31e71a7838345b49ffab5674d8ff5e/transformed/analysis/instrumentation-hierarchy.bin because:
[   +3 ms]   Build cache is disabled
[        ]   Caching not enabled.
[        ] Caching disabled for MergeInstrumentationAnalysisTransform: /root/.gradle/caches/modules-2/files-2.1/org.jetbrains.kotlinx/kotlinx-coroutines-core-jvm/1.6.4/2c997cd1c0ef33f3e751d3831929aeff1390cb30/kotlinx-coroutines-core-jvm-1.6.4.jar because:
[        ]   Build cache is disabled
[        ]   Caching not enabled.
[        ] Caching disabled for ExternalDependencyInstrumentingArtifactTransform: /root/.gradle/caches/8.14/transforms/5b132993476bf269c80e722977fc6fe4/transformed/merge/instrumentation-dependencies.bin because:
[        ]   Build cache is disabled
[        ]   Caching not enabled.
[        ] Caching disabled for MergeInstrumentationAnalysisTransform: /root/.gradle/caches/modules-2/files-2.1/org.jetbrains.kotlin/kotlin-daemon-embeddable/2.0.21/c9e933b23287de9b5a17e2116b4657bb91aea72c/kotlin-daemon-embeddable-2.0.21.jar because:
[        ]   Build cache is disabled
[        ]   Caching not enabled.
[        ] Caching disabled for ExternalDependencyInstrumentingArtifactTransform: /root/.gradle/caches/modules-2/files-2.1/org.jetbrains.kotlin/kotlin-native-utils/2.0.21/ccdbc49a5d23f7ab782fbdff20c9426cf074f2d7/kotlin-native-utils-2.0.21.jar because:
[        ]   Build cache is disabled
[        ]   Caching not enabled.
[        ] Caching disabled for ExternalDependencyInstrumentingArtifactTransform: /root/.gradle/caches/8.14/transforms/076e03c69b76c9f86805ab78072dc946/transformed/merge/instrumentation-dependencies.bin because:
[        ]   Build cache is disabled
[        ]   Caching not enabled.
[        ] Caching disabled for ExternalDependencyInstrumentingArtifactTransform: /root/.gradle/caches/modules-2/files-2.1/org.jetbrains.kotlin/kotlin-tooling-core/2.0.21/952179e9b7f114e78274ca73cea6df8fce3c8b3b/kotlin-tooling-core-2.0.21.jar because:
[        ]   Build cache is disabled
[        ]   Caching not enabled.
[        ] Caching disabled for ExternalDependencyInstrumentingArtifactTransform: /root/.gradle/caches/8.14/transforms/d6e414db29052113d99c6431d657dc28/transformed/merge/instrumentation-dependencies.bin because:
[        ]   Build cache is disabled
[        ]   Caching not enabled.
[        ] Caching disabled for MergeInstrumentationAnalysisTransform: /root/.gradle/caches/8.14/transforms/3c31e71a7838345b49ffab5674d8ff5e/transformed/analysis/instrumentation-dependencies.bin because:
[        ]   Build cache is disabled
[        ]   Caching not enabled.
[  +74 ms] Caching disabled for ExternalDependencyInstrumentingArtifactTransform: /root/.gradle/caches/modules-2/files-2.1/org.jetbrains.kotlin/kotlin-util-io/2.0.21/4467ad395771e3d12ca864fd9949e1404920f558/kotlin-util-io-2.0.21.jar because:
[   +2 ms]   Build cache is disabled
[        ]   Caching not enabled.
[   +3 ms] Caching disabled for ExternalDependencyInstrumentingArtifactTransform: /root/.gradle/caches/modules-2/files-2.1/org.jetbrains.kotlin/kotlin-daemon-client/2.0.21/10cbd364d0703452050d9c4925fd24a6fec7e8d9/kotlin-daemon-client-2.0.21.jar because:
[        ]   Build cache is disabled
[        ]   Caching not enabled.
[        ] Caching disabled for ExternalDependencyInstrumentingArtifactTransform: /root/.gradle/caches/modules-2/files-2.1/com.google.code.gson/gson/2.8.9/8a432c1d6825781e21a02db2e2c33c5fde2833b9/gson-2.8.9.jar because:
[        ]   Build cache is disabled
[        ]   Caching not enabled.
[        ] Caching disabled for MergeInstrumentationAnalysisTransform: /root/.gradle/caches/modules-2/files-2.1/org.jetbrains.intellij.deps/trove4j/1.0.20200330/3afb14d5f9ceb459d724e907a21145e8ff394f02/trove4j-1.0.20200330.jar because:
[        ]   Build cache is disabled
[        ]   Caching not enabled.
[        ] Caching disabled for ExternalDependencyInstrumentingArtifactTransform: /root/.gradle/caches/8.14/transforms/e01ef83a35eaee53bca9764135621c50/transformed/merge/instrumentation-dependencies.bin because:
[        ]   Build cache is disabled
[        ]   Caching not enabled.
[        ] Caching disabled for ExternalDependencyInstrumentingArtifactTransform: /root/.gradle/caches/modules-2/files-2.1/org.jetbrains.kotlin/kotlin-daemon-embeddable/2.0.21/c9e933b23287de9b5a17e2116b4657bb91aea72c/kotlin-daemon-embeddable-2.0.21.jar because:
[        ]   Build cache is disabled
[        ]   Caching not enabled.
[  +95 ms] Caching disabled for MergeInstrumentationAnalysisTransform: /root/.gradle/caches/modules-2/files-2.1/org.jetbrains.kotlin/kotlin-compiler-embeddable/2.0.21/79346ed53db48b18312a472602eb5c057070c54d/kotlin-compiler-embeddable-2.0.21.jar because:
[        ]   Build cache is disabled
[        ]   Caching not enabled.
[        ] Caching disabled for ExternalDependencyInstrumentingArtifactTransform: /root/.gradle/caches/8.14/transforms/0b6367ced2557e6c54b34d5d15668684/transformed/merge/instrumentation-dependencies.bin because:
[        ]   Build cache is disabled
[        ]   Caching not enabled.
[  +94 ms] Caching disabled for ExternalDependencyInstrumentingArtifactTransform: /root/.gradle/caches/modules-2/files-2.1/org.jetbrains.intellij.deps/trove4j/1.0.20200330/3afb14d5f9ceb459d724e907a21145e8ff394f02/trove4j-1.0.20200330.jar because:
[        ]   Build cache is disabled
[        ]   Caching not enabled.
[        ] Caching disabled for ExternalDependencyInstrumentingArtifactTransform: /root/.gradle/caches/modules-2/files-2.1/org.jetbrains.kotlin/kotlin-stdlib/2.0.21/618b539767b4899b4660a83006e052b63f1db551/kotlin-stdlib-2.0.21.jar because:
[        ]   Build cache is disabled
[        ]   Caching not enabled.
[        ] Caching disabled for ExternalDependencyInstrumentingArtifactTransform: /root/.gradle/caches/modules-2/files-2.1/org.jetbrains.kotlinx/kotlinx-coroutines-core-jvm/1.6.4/2c997cd1c0ef33f3e751d3831929aeff1390cb30/kotlinx-coroutines-core-jvm-1.6.4.jar because:
[        ]   Build cache is disabled
[        ]   Caching not enabled.
[  +98 ms] Caching disabled for ExternalDependencyInstrumentingArtifactTransform: /root/.gradle/caches/modules-2/files-2.1/org.jetbrains.kotlin/kotlin-gradle-plugin-idea-proto/2.0.21/7ee6324747edb846bb869955000c513797eaf6d7/kotlin-gradle-plugin-idea-proto-2.0.21.jar because:
[        ]   Build cache is disabled
[        ]   Caching not enabled.
[+1599 ms] Caching disabled for ExternalDependencyInstrumentingArtifactTransform: /root/.gradle/caches/modules-2/files-2.1/org.jetbrains.kotlin/kotlin-gradle-plugin/2.0.21/ea69d8de091115a98ce7f3901994b2fb3432480b/kotlin-gradle-plugin-2.0.21-gradle85.jar because:
[        ]   Build cache is disabled
[        ]   Caching not enabled.
[+2399 ms] Caching disabled for ExternalDependencyInstrumentingArtifactTransform: /root/.gradle/caches/modules-2/files-2.1/org.jetbrains.kotlin/kotlin-compiler-embeddable/2.0.21/79346ed53db48b18312a472602eb5c057070c54d/kotlin-compiler-embeddable-2.0.21.jar because:
[        ]   Build cache is disabled
[        ]   Caching not enabled.
[+1799 ms] Using Kotlin Gradle Plugin gradle85 variant
[ +199 ms] kotlin scripting plugin: created the scripting discovery configuration: kotlinScriptDef
[        ] kotlin scripting plugin: created the scripting discovery configuration: testKotlinScriptDef
[ +199 ms] file or directory '/opt/flutter/packages/flutter_tools/gradle/src/main/java', not found
[ +800 ms] Caching disabled for Kotlin DSL accessors for project ':gradle' because:
[        ]   Build cache is disabled
[ +599 ms] Cannot use Kotlin build script compile avoidance with /root/.gradle/caches/modules-2/files-2.1/org.jetbrains.kotlin/kotlin-gradle-plugin/2.0.21/ea69d8de091115a98ce7f3901994b2fb3432480b/kotlin-gradle-plugin-2.0.21-gradle85.jar: class org/jetbrains/kotlin/gradle/dsl/PlatformSourceSetConventionsChecker: inline fun CheckedPlatformInfo(): compile avoidance is not supported with public inline functions
[ +299 ms] Cannot use Kotlin build script compile avoidance with /root/.gradle/caches/modules-2/files-2.1/org.jetbrains.kotlin/kotlin-gradle-plugin-idea-proto/2.0.21/7ee6324747edb846bb869955000c513797eaf6d7/kotlin-gradle-plugin-idea-proto-2.0.21.jar: class org/jetbrains/kotlin/gradle/idea/proto/generated/IdeaExtrasProtoKt$Dsl: inline fun setValues(): compile avoidance is not supported with public inline functions
[        ] Cannot use Kotlin build script compile avoidance with /root/.gradle/caches/modules-2/files-2.1/org.jetbrains.kotlin/kotlin-gradle-plugin-idea/2.0.21/dc54973fe68b0bb9b816bd04ef39648ca29526a6/kotlin-gradle-plugin-idea-2.0.21.jar: class org/jetbrains/kotlin/gradle/idea/serialize/IdeaKotlinExtrasSerializer$Companion: inline fun javaIoSerializable(): compile avoidance is not supported with public inline functions
[+1199 ms] Cannot use Kotlin build script compile avoidance with /root/.gradle/caches/modules-2/files-2.1/org.jetbrains.kotlin/kotlin-compiler-embeddable/2.0.21/79346ed53db48b18312a472602eb5c057070c54d/kotlin-compiler-embeddable-2.0.21.jar: class org/jetbrains/kotlin/konan/file/FileKt: inline fun use(): compile avoidance is not supported with public inline functions
[ +799 ms] Cannot use Kotlin build script compile avoidance with /root/.gradle/caches/modules-2/files-2.1/org.jetbrains.kotlin/kotlin-tooling-core/2.0.21/952179e9b7f114e78274ca73cea6df8fce3c8b3b/kotlin-tooling-core-2.0.21.jar: class org/jetbrains/kotlin/tooling/core/ClosureKt: inline fun closure(): compile avoidance is not supported with public inline functions
[        ] Cannot use Kotlin build script compile avoidance with /root/.gradle/caches/modules-2/files-2.1/org.jetbrains.kotlinx/kotlinx-coroutines-core-jvm/1.6.4/2c997cd1c0ef33f3e751d3831929aeff1390cb30/kotlinx-coroutines-core-jvm-1.6.4.jar: class kotlinx/coroutines/scheduling/CoroutineScheduler: inline fun availableCpuPermits(): compile avoidance is not supported with public inline functions
[  +99 ms] Cannot use Kotlin build script compile avoidance with /root/.gradle/caches/modules-2/files-2.1/org.jetbrains.kotlin/kotlin-util-io/2.0.21/4467ad395771e3d12ca864fd9949e1404920f558/kotlin-util-io-2.0.21.jar: class org/jetbrains/kotlin/konan/file/FileKt: inline fun use(): compile avoidance is not supported with public inline functions
[        ] Caching disabled for Kotlin DSL script compilation (Project/TopLevel/stage2) because:
[        ]   Build cache is disabled
[+1099 ms] Resolved plugin [id: 'dev.flutter.flutter-plugin-loader', version: '1.0.0']
[ +399 ms] Downloading https://dl.google.com/dl/android/maven2/com/android/application/com.android.application.gradle.plugin/8.11.1/com.android.application.gradle.plugin-8.11.1.pom to /root/.gradle/.tmp/gradle_download6640839989931189159bin
[ +599 ms] Resource missing. [HTTP HEAD: https://dl.google.com/dl/android/maven2/com/android/application/com.android.application.gradle.plugin/8.11.1/com.android.application.gradle.plugin-8.11.1.jar]
[        ] Resolved plugin [id: 'com.android.application', version: '8.11.1', apply: false]
[ +299 ms] Resource missing. [HTTP GET: https://dl.google.com/dl/android/maven2/org/jetbrains/kotlin/android/org.jetbrains.kotlin.android.gradle.plugin/2.2.20/org.jetbrains.kotlin.android.gradle.plugin-2.2.20.pom]
[        ] Downloading https://repo.maven.apache.org/maven2/org/jetbrains/kotlin/android/org.jetbrains.kotlin.android.gradle.plugin/2.2.20/org.jetbrains.kotlin.android.gradle.plugin-2.2.20.pom to /root/.gradle/.tmp/gradle_download15389590126207254935bin
[  +99 ms] Resource missing. [HTTP HEAD: https://repo.maven.apache.org/maven2/org/jetbrains/kotlin/android/org.jetbrains.kotlin.android.gradle.plugin/2.2.20/org.jetbrains.kotlin.android.gradle.plugin-2.2.20.jar]
[        ] Resolved plugin [id: 'org.jetbrains.kotlin.android', version: '2.2.20', apply: false]
[  +99 ms] Resolve mutations for :gradle:checkKotlinGradlePluginConfigurationErrors (Thread[Execution worker Thread 2,5,main]) started.
[  +99 ms] :gradle:checkKotlinGradlePluginConfigurationErrors (Thread[Execution worker Thread 2,5,main]) started.
[        ] > Task :gradle:checkKotlinGradlePluginConfigurationErrors SKIPPED
[        ] Skipping task ':gradle:checkKotlinGradlePluginConfigurationErrors' as task onlyIf 'errorDiagnostics are present' is false.
[        ] Resolve mutations for :gradle:compileKotlin (Thread[Execution worker Thread 2,5,main]) started.
[        ] :gradle:compileKotlin (Thread[Execution worker Thread 2,5,main]) started.
[+1999 ms] > Task :gradle:compileKotlin
[        ] Resource missing. [HTTP GET: https://dl.google.com/dl/android/maven2/org/jetbrains/kotlin/kotlin-reflect/2.0.21/kotlin-reflect-2.0.21.pom]
[        ] Resource missing. [HTTP HEAD: https://dl.google.com/dl/android/maven2/org/jetbrains/kotlin/kotlin-stdlib/2.0.21/kotlin-stdlib-2.0.21.pom]
[        ] Resource missing. [HTTP GET: https://dl.google.com/dl/android/maven2/org/jetbrains/kotlin/kotlin-gradle-plugin/1.8.0/kotlin-gradle-plugin-1.8.0.pom]
[        ] Downloading https://repo.maven.apache.org/maven2/org/jetbrains/kotlin/kotlin-reflect/2.0.21/kotlin-reflect-2.0.21.pom to /root/.gradle/.tmp/gradle_download16304890284791620736bin
[        ] Downloading https://repo.maven.apache.org/maven2/org/jetbrains/kotlin/kotlin-gradle-plugin/1.8.0/kotlin-gradle-plugin-1.8.0.pom to /root/.gradle/.tmp/gradle_download6093705828190981027bin
[        ] Found locally available resource with matching checksum: [https://repo.maven.apache.org/maven2/org/jetbrains/kotlin/kotlin-stdlib/2.0.21/kotlin-stdlib-2.0.21.pom, /root/.gradle/caches/modules-2/files-2.1/org.jetbrains.kotlin/kotlin-stdlib/2.0.21/526d1403bf93bc343e3e822493a1505bc2e99140/kotlin-stdlib-2.0.21.pom]
[        ] Found locally available resource with matching checksum: [https://repo.maven.apache.org/maven2/org/jetbrains/kotlin/kotlin-stdlib/2.0.21/kotlin-stdlib-2.0.21.module, /root/.gradle/caches/modules-2/files-2.1/org.jetbrains.kotlin/kotlin-stdlib/2.0.21/9db2b5d71920e87f7752c32c8a22a27cae236828/kotlin-stdlib-2.0.21.module]
[        ] Downloading https://repo.maven.apache.org/maven2/org/jetbrains/kotlin/kotlin-gradle-plugin/1.8.0/kotlin-gradle-plugin-1.8.0.module to /root/.gradle/.tmp/gradle_download17566664663408815448bin
[        ] Downloading https://dl.google.com/dl/android/maven2/androidx/annotation/annotation-jvm/1.9.1/annotation-jvm-1.9.1.pom to /root/.gradle/.tmp/gradle_download1238939934034786997bin
[        ] Resource missing. [HTTP GET: https://dl.google.com/dl/android/maven2/org/jetbrains/kotlinx/kotlinx-serialization-json/1.4.0/kotlinx-serialization-json-1.4.0.pom]
[        ] Downloading https://repo.maven.apache.org/maven2/org/jetbrains/kotlinx/kotlinx-serialization-json/1.4.0/kotlinx-serialization-json-1.4.0.pom to /root/.gradle/.tmp/gradle_download17877934775726727488bin
[        ] Downloading https://repo.maven.apache.org/maven2/org/jetbrains/kotlinx/kotlinx-serialization-json/1.4.0/kotlinx-serialization-json-1.4.0.module to /root/.gradle/.tmp/gradle_download16230848596433211299bin
[        ] Downloading https://dl.google.com/dl/android/maven2/com/android/tools/build/gradle/8.11.1/gradle-8.11.1.pom to /root/.gradle/.tmp/gradle_download397176022807100756bin
[        ] Downloading https://dl.google.com/dl/android/maven2/androidx/annotation/annotation-jvm/1.9.1/annotation-jvm-1.9.1.module to /root/.gradle/.tmp/gradle_download572720801582265413bin
[        ] Downloading https://dl.google.com/dl/android/maven2/com/android/tools/build/gradle/8.11.1/gradle-8.11.1.module to /root/.gradle/.tmp/gradle_download9450390747874711581bin
[        ] Downloading https://dl.google.com/dl/android/maven2/com/android/tools/build/builder/8.11.1/builder-8.11.1.pom to /root/.gradle/.tmp/gradle_download12965548990692845391bin
[        ] Downloading https://dl.google.com/dl/android/maven2/com/android/tools/build/builder-model/8.11.1/builder-model-8.11.1.pom to /root/.gradle/.tmp/gradle_download496622735580869294bin
[        ] Downloading https://dl.google.com/dl/android/maven2/com/android/tools/build/gradle-api/8.11.1/gradle-api-8.11.1.pom to /root/.gradle/.tmp/gradle_download12896848405152975567bin
[        ] Downloading https://dl.google.com/dl/android/maven2/com/android/tools/build/builder-model/8.11.1/builder-model-8.11.1.module to /root/.gradle/.tmp/gradle_download15641292731817831970bin
[        ] Downloading https://dl.google.com/dl/android/maven2/com/android/tools/build/gradle-api/8.11.1/gradle-api-8.11.1.module to /root/.gradle/.tmp/gradle_download13811372522470723498bin
[        ] Downloading https://dl.google.com/dl/android/maven2/com/android/tools/build/builder/8.11.1/builder-8.11.1.module to /root/.gradle/.tmp/gradle_download10268917408794320881bin
[ +196 ms] Resource missing. [HTTP HEAD: https://dl.google.com/dl/android/maven2/org/jetbrains/annotations/13.0/annotations-13.0.pom]
[        ] Found locally available resource with matching checksum: [https://repo.maven.apache.org/maven2/org/jetbrains/annotations/13.0/annotations-13.0.pom, /root/.gradle/caches/modules-2/files-2.1/org.jetbrains/annotations/13.0/fa7d3d07cc80547e2d15bf4839d3267c637c642f/annotations-13.0.pom]
[  +99 ms] Resource missing. [HTTP GET: https://dl.google.com/dl/android/maven2/org/jetbrains/kotlin/kotlin-gradle-plugin-api/1.8.0/kotlin-gradle-plugin-api-1.8.0.pom]
[        ] Resource missing. [HTTP GET: https://dl.google.com/dl/android/maven2/org/jetbrains/kotlin/kotlin-gradle-plugin-model/1.8.0/kotlin-gradle-plugin-model-1.8.0.pom]
[        ] Downloading https://repo.maven.apache.org/maven2/org/jetbrains/kotlin/kotlin-gradle-plugin-api/1.8.0/kotlin-gradle-plugin-api-1.8.0.pom to /root/.gradle/.tmp/gradle_download12798041245113992629bin
[  +99 ms] Downloading https://repo.maven.apache.org/maven2/org/jetbrains/kotlin/kotlin-gradle-plugin-model/1.8.0/kotlin-gradle-plugin-model-1.8.0.pom to /root/.gradle/.tmp/gradle_download520140179427326774bin
[        ] Downloading https://repo.maven.apache.org/maven2/org/jetbrains/kotlin/kotlin-gradle-plugin-api/1.8.0/kotlin-gradle-plugin-api-1.8.0.module to /root/.gradle/.tmp/gradle_download3115239457743233951bin
[        ] Downloading https://repo.maven.apache.org/maven2/org/jetbrains/kotlin/kotlin-gradle-plugin-model/1.8.0/kotlin-gradle-plugin-model-1.8.0.module to /root/.gradle/.tmp/gradle_download6876049183459380702bin
[ +299 ms] Resource missing. [HTTP GET: https://dl.google.com/dl/android/maven2/org/jetbrains/kotlin/kotlin-tooling-core/1.8.0/kotlin-tooling-core-1.8.0.pom]
[        ] Downloading https://repo.maven.apache.org/maven2/org/jetbrains/kotlin/kotlin-tooling-core/1.8.0/kotlin-tooling-core-1.8.0.pom to /root/.gradle/.tmp/gradle_download547443561347989003bin
[ +299 ms] Resource missing. [HTTP GET: https://dl.google.com/dl/android/maven2/org/jetbrains/kotlinx/kotlinx-serialization-json-jvm/1.4.0/kotlinx-serialization-json-jvm-1.4.0.pom]
[        ] Downloading https://repo.maven.apache.org/maven2/org/jetbrains/kotlinx/kotlinx-serialization-json-jvm/1.4.0/kotlinx-serialization-json-jvm-1.4.0.pom to /root/.gradle/.tmp/gradle_download11077112253076481770bin
[        ] Downloading https://repo.maven.apache.org/maven2/org/jetbrains/kotlinx/kotlinx-serialization-json-jvm/1.4.0/kotlinx-serialization-json-jvm-1.4.0.module to /root/.gradle/.tmp/gradle_download15983920608720848082bin
[ +199 ms] Downloading https://dl.google.com/dl/android/maven2/com/android/tools/build/apksig/8.11.1/apksig-8.11.1.pom to /root/.gradle/.tmp/gradle_download6161779371536225577bin
[        ] Downloading https://dl.google.com/dl/android/maven2/com/android/tools/build/manifest-merger/31.11.1/manifest-merger-31.11.1.pom to /root/.gradle/.tmp/gradle_download5182931661399832719bin
[        ] Downloading https://dl.google.com/dl/android/maven2/com/android/tools/build/apkzlib/8.11.1/apkzlib-8.11.1.pom to /root/.gradle/.tmp/gradle_download5480540041034702868bin
[        ] Downloading https://dl.google.com/dl/android/maven2/com/android/zipflinger/8.11.1/zipflinger-8.11.1.pom to /root/.gradle/.tmp/gradle_download12974762237629597037bin
[ +199 ms] Resource missing. [HTTP GET: https://dl.google.com/dl/android/maven2/com/squareup/javawriter/2.5.0/javawriter-2.5.0.pom]
[        ] Downloading https://repo.maven.apache.org/maven2/com/squareup/javawriter/2.5.0/javawriter-2.5.0.pom to /root/.gradle/.tmp/gradle_download13526305271376975366bin
[ +399 ms] Resource missing. [HTTP HEAD: https://dl.google.com/dl/android/maven2/org/sonatype/oss/oss-parent/7/oss-parent-7.pom]
[        ] Downloading https://dl.google.com/dl/android/maven2/com/android/tools/build/manifest-merger/31.11.1/manifest-merger-31.11.1.module to /root/.gradle/.tmp/gradle_download10007848371303561964bin
[        ] Found locally available resource with matching checksum: [https://repo.maven.apache.org/maven2/org/sonatype/oss/oss-parent/7/oss-parent-7.pom, /root/.gradle/caches/modules-2/files-2.1/org.sonatype.oss/oss-parent/7/46b8a785b60a2767095b8611613b58577e96d4c9/oss-parent-7.pom]
[ +199 ms] Resource missing. [HTTP GET: https://dl.google.com/dl/android/maven2/org/ow2/asm/asm/9.7.1/asm-9.7.1.pom]
[        ] Downloading https://repo.maven.apache.org/maven2/org/ow2/asm/asm/9.7.1/asm-9.7.1.pom to /root/.gradle/.tmp/gradle_download13764493646642482822bin
[ +500 ms] Resource missing. [HTTP GET: https://dl.google.com/dl/android/maven2/org/ow2/ow2/1.5.1/ow2-1.5.1.pom]
[  +99 ms] Downloading https://repo.maven.apache.org/maven2/org/ow2/ow2/1.5.1/ow2-1.5.1.pom to /root/.gradle/.tmp/gradle_download5954234167149952951bin
[ +199 ms] Resource missing. [HTTP GET: https://dl.google.com/dl/android/maven2/org/jetbrains/kotlin/kotlin-project-model/1.8.0/kotlin-project-model-1.8.0.pom]
[        ] Resource missing. [HTTP GET: https://dl.google.com/dl/android/maven2/org/jetbrains/kotlin/kotlin-native-utils/1.8.0/kotlin-native-utils-1.8.0.pom]
[        ] Downloading https://repo.maven.apache.org/maven2/org/jetbrains/kotlin/kotlin-native-utils/1.8.0/kotlin-native-utils-1.8.0.pom to /root/.gradle/.tmp/gradle_download9198727348806371961bin
[        ] Downloading https://repo.maven.apache.org/maven2/org/jetbrains/kotlin/kotlin-project-model/1.8.0/kotlin-project-model-1.8.0.pom to /root/.gradle/.tmp/gradle_download16214595499126317366bin
[ +499 ms] Resource missing. [HTTP GET: https://dl.google.com/dl/android/maven2/org/jetbrains/kotlinx/kotlinx-serialization-core/1.4.0/kotlinx-serialization-core-1.4.0.pom]
[        ] Downloading https://repo.maven.apache.org/maven2/org/jetbrains/kotlinx/kotlinx-serialization-core/1.4.0/kotlinx-serialization-core-1.4.0.pom to /root/.gradle/.tmp/gradle_download1540164827101224095bin
[  +99 ms] Downloading https://repo.maven.apache.org/maven2/org/jetbrains/kotlinx/kotlinx-serialization-core/1.4.0/kotlinx-serialization-core-1.4.0.module to /root/.gradle/.tmp/gradle_download2205449951365790600bin
[ +100 ms] Resource missing. [HTTP GET: https://dl.google.com/dl/android/maven2/org/jetbrains/kotlin/kotlin-stdlib-common/2.0.21/kotlin-stdlib-common-2.0.21.pom]
[        ] Downloading https://repo.maven.apache.org/maven2/org/jetbrains/kotlin/kotlin-stdlib-common/2.0.21/kotlin-stdlib-common-2.0.21.pom to /root/.gradle/.tmp/gradle_download2595759588502170876bin
[  +99 ms] Downloading https://repo.maven.apache.org/maven2/org/jetbrains/kotlin/kotlin-stdlib-common/2.0.21/kotlin-stdlib-common-2.0.21.module to /root/.gradle/.tmp/gradle_download6825076788787579706bin
[        ] Resource missing. [HTTP GET: https://dl.google.com/dl/android/maven2/org/jetbrains/kotlin/kotlin-stdlib-jdk8/1.8.0/kotlin-stdlib-jdk8-1.8.0.pom]
[        ] Downloading https://repo.maven.apache.org/maven2/org/jetbrains/kotlin/kotlin-stdlib-jdk8/1.8.0/kotlin-stdlib-jdk8-1.8.0.pom to /root/.gradle/.tmp/gradle_download854955886469777349bin
[ +199 ms] Resource missing. [HTTP GET: https://dl.google.com/dl/android/maven2/org/jetbrains/kotlin/kotlin-util-io/1.8.0/kotlin-util-io-1.8.0.pom]
[        ] Downloading https://repo.maven.apache.org/maven2/org/jetbrains/kotlin/kotlin-util-io/1.8.0/kotlin-util-io-1.8.0.pom to /root/.gradle/.tmp/gradle_download10082038119836498045bin
[ +799 ms] Resource missing. [HTTP GET: https://dl.google.com/dl/android/maven2/org/jetbrains/kotlinx/kotlinx-serialization-core-jvm/1.4.0/kotlinx-serialization-core-jvm-1.4.0.pom]
[        ] Downloading https://repo.maven.apache.org/maven2/org/jetbrains/kotlinx/kotlinx-serialization-core-jvm/1.4.0/kotlinx-serialization-core-jvm-1.4.0.pom to /root/.gradle/.tmp/gradle_download16116669018852420662bin
[        ] Downloading https://repo.maven.apache.org/maven2/org/jetbrains/kotlinx/kotlinx-serialization-core-jvm/1.4.0/kotlinx-serialization-core-jvm-1.4.0.module to /root/.gradle/.tmp/gradle_download5932041153338110635bin
[  +99 ms] Resource missing. [HTTP GET: https://dl.google.com/dl/android/maven2/org/jetbrains/kotlin/kotlin-stdlib-jdk7/1.8.0/kotlin-stdlib-jdk7-1.8.0.pom]
[ +100 ms] Downloading https://repo.maven.apache.org/maven2/org/jetbrains/kotlin/kotlin-stdlib-jdk7/1.8.0/kotlin-stdlib-jdk7-1.8.0.pom to /root/.gradle/.tmp/gradle_download11611369368141983493bin
[        ] Downloading https://repo.maven.apache.org/maven2/org/jetbrains/kotlin/kotlin-stdlib-jdk8/1.8.0/kotlin-stdlib-jdk8-1.8.0.jar to /root/.gradle/.tmp/gradle_download16749345800991603966bin
[        ] Downloading https://repo.maven.apache.org/maven2/org/jetbrains/kotlin/kotlin-reflect/2.0.21/kotlin-reflect-2.0.21.jar to /root/.gradle/.tmp/gradle_download7223284483634860032bin
[        ] Found locally available resource with matching checksum: [https://repo.maven.apache.org/maven2/org/jetbrains/kotlin/kotlin-stdlib/2.0.21/kotlin-stdlib-2.0.21.jar, /root/.gradle/caches/modules-2/files-2.1/org.jetbrains.kotlin/kotlin-stdlib/2.0.21/618b539767b4899b4660a83006e052b63f1db551/kotlin-stdlib-2.0.21.jar]
[        ] Downloading https://repo.maven.apache.org/maven2/org/jetbrains/kotlin/kotlin-stdlib-jdk7/1.8.0/kotlin-stdlib-jdk7-1.8.0.jar to /root/.gradle/.tmp/gradle_download15080427308707028270bin
[        ] Found locally available resource with matching checksum: [https://repo.maven.apache.org/maven2/org/jetbrains/annotations/13.0/annotations-13.0.jar, /root/.gradle/caches/modules-2/files-2.1/org.jetbrains/annotations/13.0/919f0dfe192fb4e063e7dacadee7f8bb9a2672a9/annotations-13.0.jar]
[        ] Downloading https://repo.maven.apache.org/maven2/org/jetbrains/kotlinx/kotlinx-serialization-json-jvm/1.4.0/kotlinx-serialization-json-jvm-1.4.0.jar to /root/.gradle/.tmp/gradle_download11755886068155827519bin
[        ] Downloading https://repo.maven.apache.org/maven2/org/jetbrains/kotlinx/kotlinx-serialization-core-jvm/1.4.0/kotlinx-serialization-core-jvm-1.4.0.jar to /root/.gradle/.tmp/gradle_download8507840251934799020bin
[        ] Downloading https://repo.maven.apache.org/maven2/org/jetbrains/kotlin/kotlin-gradle-plugin-model/1.8.0/kotlin-gradle-plugin-model-1.8.0.jar to /root/.gradle/.tmp/gradle_download15454083970255119469bin
[        ] Downloading https://repo.maven.apache.org/maven2/org/jetbrains/kotlin/kotlin-gradle-plugin-api/1.8.0/kotlin-gradle-plugin-api-1.8.0-gradle76.jar to /root/.gradle/.tmp/gradle_download14237969665488760209bin
[        ] Downloading https://repo.maven.apache.org/maven2/org/jetbrains/kotlin/kotlin-gradle-plugin-api/1.8.0/kotlin-gradle-plugin-api-1.8.0.jar to /root/.gradle/.tmp/gradle_download2528971682409119836bin
[  +98 ms] Downloading https://repo.maven.apache.org/maven2/org/jetbrains/kotlin/kotlin-tooling-core/1.8.0/kotlin-tooling-core-1.8.0.jar to /root/.gradle/.tmp/gradle_download5418296599895218601bin
[        ] Downloading https://repo.maven.apache.org/maven2/org/jetbrains/kotlin/kotlin-gradle-plugin/1.8.0/kotlin-gradle-plugin-1.8.0-gradle76.jar to /root/.gradle/.tmp/gradle_download4828981425334226498bin
[        ] Downloading https://repo.maven.apache.org/maven2/org/ow2/asm/asm/9.7.1/asm-9.7.1.jar to /root/.gradle/.tmp/gradle_download14274653337875078438bin
[        ] Downloading https://repo.maven.apache.org/maven2/com/squareup/javawriter/2.5.0/javawriter-2.5.0.jar to /root/.gradle/.tmp/gradle_download84733145386867134bin
[        ] Downloading https://dl.google.com/dl/android/maven2/com/android/tools/build/gradle-api/8.11.1/gradle-api-8.11.1.jar to /root/.gradle/.tmp/gradle_download124945196155165606bin
[        ] Downloading https://dl.google.com/dl/android/maven2/com/android/tools/build/builder/8.11.1/builder-8.11.1.jar to /root/.gradle/.tmp/gradle_download11292156124206217318bin
[        ] Downloading https://dl.google.com/dl/android/maven2/androidx/annotation/annotation-jvm/1.9.1/annotation-jvm-1.9.1.jar to /root/.gradle/.tmp/gradle_download10396350493096883815bin
[        ] Downloading https://dl.google.com/dl/android/maven2/com/android/tools/build/builder-model/8.11.1/builder-model-8.11.1.jar to /root/.gradle/.tmp/gradle_download16201749328945903693bin
[        ] Downloading https://repo.maven.apache.org/maven2/org/jetbrains/kotlin/kotlin-native-utils/1.8.0/kotlin-native-utils-1.8.0.jar to /root/.gradle/.tmp/gradle_download13386197253180550937bin
[        ] Downloading https://repo.maven.apache.org/maven2/org/jetbrains/kotlin/kotlin-project-model/1.8.0/kotlin-project-model-1.8.0.jar to /root/.gradle/.tmp/gradle_download17060312562595503397bin
[  +99 ms] Downloading https://repo.maven.apache.org/maven2/org/jetbrains/kotlin/kotlin-util-io/1.8.0/kotlin-util-io-1.8.0.jar to /root/.gradle/.tmp/gradle_download11185753267828016758bin
[        ] Downloading https://dl.google.com/dl/android/maven2/com/android/tools/build/apksig/8.11.1/apksig-8.11.1.jar to /root/.gradle/.tmp/gradle_download9559371846930394534bin
[ +199 ms] Downloading https://dl.google.com/dl/android/maven2/com/android/zipflinger/8.11.1/zipflinger-8.11.1.jar to /root/.gradle/.tmp/gradle_download8192164086952910305bin
[        ] Downloading https://dl.google.com/dl/android/maven2/com/android/tools/build/manifest-merger/31.11.1/manifest-merger-31.11.1.jar to /root/.gradle/.tmp/gradle_download10364237624459937505bin
[        ] Downloading https://dl.google.com/dl/android/maven2/com/android/tools/build/apkzlib/8.11.1/apkzlib-8.11.1.jar to /root/.gradle/.tmp/gradle_download10954319253293508441bin
[ +100 ms] Downloading https://dl.google.com/dl/android/maven2/com/android/tools/build/gradle/8.11.1/gradle-8.11.1.jar to /root/.gradle/.tmp/gradle_download7320374895502631340bin
[ +798 ms] Resource missing. [HTTP GET: https://dl.google.com/dl/android/maven2/org/jetbrains/kotlin/kotlin-build-tools-impl/2.0.21/kotlin-build-tools-impl-2.0.21.pom]
[        ] Downloading https://repo.maven.apache.org/maven2/org/jetbrains/kotlin/kotlin-build-tools-impl/2.0.21/kotlin-build-tools-impl-2.0.21.pom to /root/.gradle/.tmp/gradle_download18243428861812082562bin
[ +399 ms] Resource missing. [HTTP GET: https://dl.google.com/dl/android/maven2/org/jetbrains/kotlin/kotlin-scripting-compiler-impl-embeddable/2.0.21/kotlin-scripting-compiler-impl-embeddable-2.0.21.pom]
[        ] Resource missing. [HTTP HEAD: https://dl.google.com/dl/android/maven2/org/jetbrains/kotlin/kotlin-build-tools-api/2.0.21/kotlin-build-tools-api-2.0.21.pom]
[        ] Resource missing. [HTTP HEAD: https://dl.google.com/dl/android/maven2/org/jetbrains/kotlin/kotlin-compiler-embeddable/2.0.21/kotlin-compiler-embeddable-2.0.21.pom]
[        ] Resource missing. [HTTP GET: https://dl.google.com/dl/android/maven2/org/jetbrains/kotlin/kotlin-scripting-compiler-embeddable/2.0.21/kotlin-scripting-compiler-embeddable-2.0.21.pom]
[        ] Downloading https://repo.maven.apache.org/maven2/org/jetbrains/kotlin/kotlin-scripting-compiler-impl-embeddable/2.0.21/kotlin-scripting-compiler-impl-embeddable-2.0.21.pom to /root/.gradle/.tmp/gradle_download8690514611572514506bin
[        ] Found locally available resource with matching checksum: [https://repo.maven.apache.org/maven2/org/jetbrains/kotlin/kotlin-build-tools-api/2.0.21/kotlin-build-tools-api-2.0.21.pom, /root/.gradle/caches/modules-2/files-2.1/org.jetbrains.kotlin/kotlin-build-tools-api/2.0.21/a05605763587c0b665544769abcefa4fc497cb6d/kotlin-build-tools-api-2.0.21.pom]
[        ] Found locally available resource with matching checksum: [https://repo.maven.apache.org/maven2/org/jetbrains/kotlin/kotlin-compiler-embeddable/2.0.21/kotlin-compiler-embeddable-2.0.21.pom, /root/.gradle/caches/modules-2/files-2.1/org.jetbrains.kotlin/kotlin-compiler-embeddable/2.0.21/9512dbadfdeffb95bbfc1456caac2118d8def75d/kotlin-compiler-embeddable-2.0.21.pom]
[        ] Downloading https://repo.maven.apache.org/maven2/org/jetbrains/kotlin/kotlin-scripting-compiler-embeddable/2.0.21/kotlin-scripting-compiler-embeddable-2.0.21.pom to /root/.gradle/.tmp/gradle_download120330772487304547bin
[ +199 ms] Resource missing. [HTTP HEAD: https://dl.google.com/dl/android/maven2/org/jetbrains/kotlin/kotlin-compiler-runner/2.0.21/kotlin-compiler-runner-2.0.21.pom]
[        ] Found locally available resource with matching checksum: [https://repo.maven.apache.org/maven2/org/jetbrains/kotlin/kotlin-compiler-runner/2.0.21/kotlin-compiler-runner-2.0.21.pom, /root/.gradle/caches/modules-2/files-2.1/org.jetbrains.kotlin/kotlin-compiler-runner/2.0.21/ef298f23f23f2a8c275e2b5aa052ac427a1cd7dc/kotlin-compiler-runner-2.0.21.pom]
[  +99 ms] Resource missing. [HTTP GET: https://dl.google.com/dl/android/maven2/org/jetbrains/kotlin/kotlin-script-runtime/2.0.21/kotlin-script-runtime-2.0.21.pom]
[        ] Downloading https://repo.maven.apache.org/maven2/org/jetbrains/kotlin/kotlin-script-runtime/2.0.21/kotlin-script-runtime-2.0.21.pom to /root/.gradle/.tmp/gradle_download14302235840437304663bin
[ +199 ms] Resource missing. [HTTP GET: https://dl.google.com/dl/android/maven2/org/jetbrains/kotlin/kotlin-reflect/1.6.10/kotlin-reflect-1.6.10.pom]
[        ] Resource missing. [HTTP HEAD: https://dl.google.com/dl/android/maven2/org/jetbrains/kotlinx/kotlinx-coroutines-core-jvm/1.6.4/kotlinx-coroutines-core-jvm-1.6.4.pom]
[        ] Resource missing. [HTTP HEAD: https://dl.google.com/dl/android/maven2/org/jetbrains/intellij/deps/trove4j/1.0.20200330/trove4j-1.0.20200330.pom]
[        ] Found locally available resource with matching checksum: [https://repo.maven.apache.org/maven2/org/jetbrains/intellij/deps/trove4j/1.0.20200330/trove4j-1.0.20200330.pom, /root/.gradle/caches/modules-2/files-2.1/org.jetbrains.intellij.deps/trove4j/1.0.20200330/c1f38f72d4dfc6efd773b0448a7aae08f8d5025f/trove4j-1.0.20200330.pom]
[        ] Found locally available resource with matching checksum: [https://repo.maven.apache.org/maven2/org/jetbrains/kotlinx/kotlinx-coroutines-core-jvm/1.6.4/kotlinx-coroutines-core-jvm-1.6.4.pom, /root/.gradle/caches/modules-2/files-2.1/org.jetbrains.kotlinx/kotlinx-coroutines-core-jvm/1.6.4/b7c09a7e50e8d075a6f93bd0ef876cee77f5b158/kotlinx-coroutines-core-jvm-1.6.4.pom]
[        ] Downloading https://repo.maven.apache.org/maven2/org/jetbrains/kotlin/kotlin-reflect/1.6.10/kotlin-reflect-1.6.10.pom to /root/.gradle/.tmp/gradle_download4812070765365355302bin
[        ] Resource missing. [HTTP HEAD: https://dl.google.com/dl/android/maven2/org/jetbrains/kotlin/kotlin-daemon-embeddable/2.0.21/kotlin-daemon-embeddable-2.0.21.pom]
[  +99 ms] Found locally available resource with matching checksum: [https://repo.maven.apache.org/maven2/org/jetbrains/kotlin/kotlin-daemon-embeddable/2.0.21/kotlin-daemon-embeddable-2.0.21.pom, /root/.gradle/caches/modules-2/files-2.1/org.jetbrains.kotlin/kotlin-daemon-embeddable/2.0.21/33b79d49b61b78a8718bd27095f7d522a4fc0086/kotlin-daemon-embeddable-2.0.21.pom]
[ +300 ms] Resource missing. [HTTP HEAD: https://dl.google.com/dl/android/maven2/org/jetbrains/kotlinx/kotlinx-coroutines-bom/1.6.4/kotlinx-coroutines-bom-1.6.4.pom]
[        ] Found locally available resource with matching checksum: [https://repo.maven.apache.org/maven2/org/jetbrains/kotlinx/kotlinx-coroutines-bom/1.6.4/kotlinx-coroutines-bom-1.6.4.pom, /root/.gradle/caches/modules-2/files-2.1/org.jetbrains.kotlinx/kotlinx-coroutines-bom/1.6.4/88f782b09538e0bda7fa5ee6926f102564009bb6/kotlinx-coroutines-bom-1.6.4.pom]
[  +99 ms] Found locally available resource with matching checksum: [https://repo.maven.apache.org/maven2/org/jetbrains/kotlinx/kotlinx-coroutines-core-jvm/1.6.4/kotlinx-coroutines-core-jvm-1.6.4.module, /root/.gradle/caches/modules-2/files-2.1/org.jetbrains.kotlinx/kotlinx-coroutines-core-jvm/1.6.4/ba90650d460262c3a1cf001e55b10317a394b174/kotlinx-coroutines-core-jvm-1.6.4.module]
[  +99 ms] Resource missing. [HTTP HEAD: https://dl.google.com/dl/android/maven2/org/jetbrains/kotlin/kotlin-daemon-client/2.0.21/kotlin-daemon-client-2.0.21.pom]
[        ] Found locally available resource with matching checksum: [https://repo.maven.apache.org/maven2/org/jetbrains/kotlin/kotlin-daemon-client/2.0.21/kotlin-daemon-client-2.0.21.pom, /root/.gradle/caches/modules-2/files-2.1/org.jetbrains.kotlin/kotlin-daemon-client/2.0.21/7aec5cac53253fb91eb5f9866199c2de250f4e52/kotlin-daemon-client-2.0.21.pom]
[ +199 ms] Resource missing. [HTTP GET: https://dl.google.com/dl/android/maven2/org/jetbrains/kotlin/kotlin-build-common/2.0.21/kotlin-build-common-2.0.21.pom]
[        ] Downloading https://repo.maven.apache.org/maven2/org/jetbrains/kotlin/kotlin-build-common/2.0.21/kotlin-build-common-2.0.21.pom to /root/.gradle/.tmp/gradle_download7181279465328771956bin
[ +399 ms] Resource missing. [HTTP GET: https://dl.google.com/dl/android/maven2/org/jetbrains/kotlin/kotlin-scripting-jvm/2.0.21/kotlin-scripting-jvm-2.0.21.pom]
[        ] Resource missing. [HTTP GET: https://dl.google.com/dl/android/maven2/org/jetbrains/kotlin/kotlin-scripting-common/2.0.21/kotlin-scripting-common-2.0.21.pom]
[  +99 ms] Downloading https://repo.maven.apache.org/maven2/org/jetbrains/kotlin/kotlin-scripting-common/2.0.21/kotlin-scripting-common-2.0.21.pom to /root/.gradle/.tmp/gradle_download4933065659312291314bin
[        ] Downloading https://repo.maven.apache.org/maven2/org/jetbrains/kotlin/kotlin-scripting-jvm/2.0.21/kotlin-scripting-jvm-2.0.21.pom to /root/.gradle/.tmp/gradle_download6690560836368893433bin
[        ] Found locally available resource with matching checksum: [https://repo.maven.apache.org/maven2/org/jetbrains/kotlin/kotlin-build-tools-api/2.0.21/kotlin-build-tools-api-2.0.21.jar, /root/.gradle/caches/modules-2/files-2.1/org.jetbrains.kotlin/kotlin-build-tools-api/2.0.21/612804301136399c0cc5c93f2366ef33fd0afdc3/kotlin-build-tools-api-2.0.21.jar]
[        ] Downloading https://repo.maven.apache.org/maven2/org/jetbrains/kotlin/kotlin-scripting-compiler-impl-embeddable/2.0.21/kotlin-scripting-compiler-impl-embeddable-2.0.21.jar to /root/.gradle/.tmp/gradle_download5177610852844998438bin
[        ] Found locally available resource with matching checksum: [https://repo.maven.apache.org/maven2/org/jetbrains/kotlin/kotlin-compiler-runner/2.0.21/kotlin-compiler-runner-2.0.21.jar, /root/.gradle/caches/modules-2/files-2.1/org.jetbrains.kotlin/kotlin-compiler-runner/2.0.21/ea7301e9ee0a6cf310b67619709d578dd57896dc/kotlin-compiler-runner-2.0.21.jar]
[        ] Downloading https://repo.maven.apache.org/maven2/org/jetbrains/kotlin/kotlin-build-tools-impl/2.0.21/kotlin-build-tools-impl-2.0.21.jar to /root/.gradle/.tmp/gradle_download10795844465176656484bin
[        ] Downloading https://repo.maven.apache.org/maven2/org/jetbrains/kotlin/kotlin-script-runtime/2.0.21/kotlin-script-runtime-2.0.21.jar to /root/.gradle/.tmp/gradle_download13382058436658065296bin
[        ] Found locally available resource with matching checksum: [https://repo.maven.apache.org/maven2/org/jetbrains/intellij/deps/trove4j/1.0.20200330/trove4j-1.0.20200330.jar, /root/.gradle/caches/modules-2/files-2.1/org.jetbrains.intellij.deps/trove4j/1.0.20200330/3afb14d5f9ceb459d724e907a21145e8ff394f02/trove4j-1.0.20200330.jar]
[        ] Downloading https://repo.maven.apache.org/maven2/org/jetbrains/kotlin/kotlin-reflect/1.6.10/kotlin-reflect-1.6.10.jar to /root/.gradle/.tmp/gradle_download17190072520737394444bin
[        ] Downloading https://repo.maven.apache.org/maven2/org/jetbrains/kotlin/kotlin-scripting-compiler-embeddable/2.0.21/kotlin-scripting-compiler-embeddable-2.0.21.jar to /root/.gradle/.tmp/gradle_download1647884980097201266bin
[        ] Downloading https://repo.maven.apache.org/maven2/org/jetbrains/kotlin/kotlin-scripting-jvm/2.0.21/kotlin-scripting-jvm-2.0.21.jar to /root/.gradle/.tmp/gradle_download4786852690118036286bin
[        ] Downloading https://repo.maven.apache.org/maven2/org/jetbrains/kotlin/kotlin-scripting-common/2.0.21/kotlin-scripting-common-2.0.21.jar to /root/.gradle/.tmp/gradle_download10967315081907243591bin
[        ] Found locally available resource with matching checksum: [https://repo.maven.apache.org/maven2/org/jetbrains/kotlin/kotlin-daemon-client/2.0.21/kotlin-daemon-client-2.0.21.jar, /root/.gradle/caches/modules-2/files-2.1/org.jetbrains.kotlin/kotlin-daemon-client/2.0.21/10cbd364d0703452050d9c4925fd24a6fec7e8d9/kotlin-daemon-client-2.0.21.jar]
[        ] Found locally available resource with matching checksum: [https://repo.maven.apache.org/maven2/org/jetbrains/kotlin/kotlin-daemon-embeddable/2.0.21/kotlin-daemon-embeddable-2.0.21.jar, /root/.gradle/caches/modules-2/files-2.1/org.jetbrains.kotlin/kotlin-daemon-embeddable/2.0.21/c9e933b23287de9b5a17e2116b4657bb91aea72c/kotlin-daemon-embeddable-2.0.21.jar]
[        ] Found locally available resource with matching checksum: [https://repo.maven.apache.org/maven2/org/jetbrains/kotlinx/kotlinx-coroutines-core-jvm/1.6.4/kotlinx-coroutines-core-jvm-1.6.4.jar, /root/.gradle/caches/modules-2/files-2.1/org.jetbrains.kotlinx/kotlinx-coroutines-core-jvm/1.6.4/2c997cd1c0ef33f3e751d3831929aeff1390cb30/kotlinx-coroutines-core-jvm-1.6.4.jar]
[        ] Downloading https://repo.maven.apache.org/maven2/org/jetbrains/kotlin/kotlin-build-common/2.0.21/kotlin-build-common-2.0.21.jar to /root/.gradle/.tmp/gradle_download16106742376278049028bin
[ +198 ms] Found locally available resource with matching checksum: [https://repo.maven.apache.org/maven2/org/jetbrains/kotlin/kotlin-compiler-embeddable/2.0.21/kotlin-compiler-embeddable-2.0.21.jar, /root/.gradle/caches/modules-2/files-2.1/org.jetbrains.kotlin/kotlin-compiler-embeddable/2.0.21/79346ed53db48b18312a472602eb5c057070c54d/kotlin-compiler-embeddable-2.0.21.jar]
[ +300 ms] Caching disabled for BuildToolsApiClasspathEntrySnapshotTransform: /root/.gradle/caches/8.14/generated-gradle-jars/gradle-api-8.14.jar because:
[        ]   Build cache is disabled
[        ] Caching disabled for BuildToolsApiClasspathEntrySnapshotTransform: /root/.gradle/wrapper/dists/gradle-8.14-all/c2qonpi39x1mddn7hk5gh9iqj/gradle-8.14/lib/groovy-3.0.24.jar because:
[        ]   Build cache is disabled
[        ] Caching disabled for BuildToolsApiClasspathEntrySnapshotTransform: /root/.gradle/wrapper/dists/gradle-8.14-all/c2qonpi39x1mddn7hk5gh9iqj/gradle-8.14/lib/groovy-ant-3.0.24.jar because:
[        ]   Build cache is disabled
[        ] Caching disabled for BuildToolsApiClasspathEntrySnapshotTransform: /root/.gradle/wrapper/dists/gradle-8.14-all/c2qonpi39x1mddn7hk5gh9iqj/gradle-8.14/lib/groovy-astbuilder-3.0.24.jar because:
[        ]   Build cache is disabled
[        ] Caching disabled for BuildToolsApiClasspathEntrySnapshotTransform: /root/.gradle/wrapper/dists/gradle-8.14-all/c2qonpi39x1mddn7hk5gh9iqj/gradle-8.14/lib/groovy-console-3.0.24.jar because:
[        ]   Build cache is disabled
[        ] Caching disabled for BuildToolsApiClasspathEntrySnapshotTransform: /root/.gradle/wrapper/dists/gradle-8.14-all/c2qonpi39x1mddn7hk5gh9iqj/gradle-8.14/lib/groovy-datetime-3.0.24.jar because:
[        ]   Build cache is disabled
[        ] Caching disabled for BuildToolsApiClasspathEntrySnapshotTransform: /root/.gradle/wrapper/dists/gradle-8.14-all/c2qonpi39x1mddn7hk5gh9iqj/gradle-8.14/lib/groovy-dateutil-3.0.24.jar because:
[        ]   Build cache is disabled
[        ] Caching disabled for BuildToolsApiClasspathEntrySnapshotTransform: /root/.gradle/wrapper/dists/gradle-8.14-all/c2qonpi39x1mddn7hk5gh9iqj/gradle-8.14/lib/groovy-groovydoc-3.0.24.jar because:
[        ]   Build cache is disabled
[        ] Caching disabled for BuildToolsApiClasspathEntrySnapshotTransform: /root/.gradle/wrapper/dists/gradle-8.14-all/c2qonpi39x1mddn7hk5gh9iqj/gradle-8.14/lib/groovy-json-3.0.24.jar because:
[        ]   Build cache is disabled
[        ] Caching disabled for BuildToolsApiClasspathEntrySnapshotTransform: /root/.gradle/wrapper/dists/gradle-8.14-all/c2qonpi39x1mddn7hk5gh9iqj/gradle-8.14/lib/groovy-nio-3.0.24.jar because:
[        ]   Build cache is disabled
[        ] Caching disabled for BuildToolsApiClasspathEntrySnapshotTransform: /root/.gradle/wrapper/dists/gradle-8.14-all/c2qonpi39x1mddn7hk5gh9iqj/gradle-8.14/lib/groovy-sql-3.0.24.jar because:
[        ]   Build cache is disabled
[  +99 ms] Caching disabled for BuildToolsApiClasspathEntrySnapshotTransform: /root/.gradle/wrapper/dists/gradle-8.14-all/c2qonpi39x1mddn7hk5gh9iqj/gradle-8.14/lib/groovy-templates-3.0.24.jar because:
[        ]   Build cache is disabled
[        ] Caching disabled for BuildToolsApiClasspathEntrySnapshotTransform: /root/.gradle/wrapper/dists/gradle-8.14-all/c2qonpi39x1mddn7hk5gh9iqj/gradle-8.14/lib/groovy-test-3.0.24.jar because:
[        ]   Build cache is disabled
[        ] Caching disabled for BuildToolsApiClasspathEntrySnapshotTransform: /root/.gradle/wrapper/dists/gradle-8.14-all/c2qonpi39x1mddn7hk5gh9iqj/gradle-8.14/lib/javaparser-core-3.17.0.jar because:
[        ]   Build cache is disabled
[        ] Caching disabled for BuildToolsApiClasspathEntrySnapshotTransform: /root/.gradle/wrapper/dists/gradle-8.14-all/c2qonpi39x1mddn7hk5gh9iqj/gradle-8.14/lib/groovy-xml-3.0.24.jar because:
[        ]   Build cache is disabled
[        ] Caching disabled for BuildToolsApiClasspathEntrySnapshotTransform: /root/.gradle/wrapper/dists/gradle-8.14-all/c2qonpi39x1mddn7hk5gh9iqj/gradle-8.14/lib/kotlin-reflect-2.0.21.jar because:
[        ]   Build cache is disabled
[        ] Caching disabled for BuildToolsApiClasspathEntrySnapshotTransform: /root/.gradle/wrapper/dists/gradle-8.14-all/c2qonpi39x1mddn7hk5gh9iqj/gradle-8.14/lib/kotlin-stdlib-2.0.21.jar because:
[        ]   Build cache is disabled
[  +96 ms] Caching disabled for BuildToolsApiClasspathEntrySnapshotTransform: /root/.gradle/wrapper/dists/gradle-8.14-all/c2qonpi39x1mddn7hk5gh9iqj/gradle-8.14/lib/gradle-installation-beacon-8.14.jar because:
[   +2 ms]   Build cache is disabled
[        ] Caching disabled for BuildToolsApiClasspathEntrySnapshotTransform: /root/.gradle/wrapper/dists/gradle-8.14-all/c2qonpi39x1mddn7hk5gh9iqj/gradle-8.14/lib/gradle-kotlin-dsl-extensions-8.14.jar because:
[        ]   Build cache is disabled
[        ] Caching disabled for BuildToolsApiClasspathEntrySnapshotTransform: /root/.gradle/wrapper/dists/gradle-8.14-all/c2qonpi39x1mddn7hk5gh9iqj/gradle-8.14/lib/gradle-kotlin-dsl-8.14.jar because:
[        ]   Build cache is disabled
[        ] Caching disabled for BuildToolsApiClasspathEntrySnapshotTransform: /root/.gradle/wrapper/dists/gradle-8.14-all/c2qonpi39x1mddn7hk5gh9iqj/gradle-8.14/lib/gradle-kotlin-dsl-shared-runtime-8.14.jar because:
[        ]   Build cache is disabled
[        ] Caching disabled for BuildToolsApiClasspathEntrySnapshotTransform: /root/.gradle/wrapper/dists/gradle-8.14-all/c2qonpi39x1mddn7hk5gh9iqj/gradle-8.14/lib/gradle-kotlin-dsl-tooling-models-8.14.jar because:
[        ]   Build cache is disabled
[        ] Caching disabled for BuildToolsApiClasspathEntrySnapshotTransform: /root/.gradle/caches/modules-2/files-2.1/androidx.annotation/annotation-jvm/1.9.1/b17951747e38bf3986a24431b9ba0d039958aa5f/annotation-jvm-1.9.1.jar because:
[        ]   Build cache is disabled
[        ] Caching disabled for BuildToolsApiClasspathEntrySnapshotTransform: /root/.gradle/caches/modules-2/files-2.1/org.jetbrains.kotlinx/kotlinx-serialization-json-jvm/1.4.0/cfa3e57d044a20e5c9e4561a997df823e2f1c81a/kotlinx-serialization-json-jvm-1.4.0.jar because:
[        ]   Build cache is disabled
[  +95 ms] Caching disabled for BuildToolsApiClasspathEntrySnapshotTransform: /root/.gradle/caches/modules-2/files-2.1/org.jetbrains.kotlin/kotlin-stdlib-jdk8/1.8.0/ed04f49e186a116753ad70d34f0ac2925d1d8020/kotlin-stdlib-jdk8-1.8.0.jar because:
[        ]   Build cache is disabled
[  +99 ms] Caching disabled for BuildToolsApiClasspathEntrySnapshotTransform: /root/.gradle/caches/modules-2/files-2.1/org.jetbrains.kotlinx/kotlinx-serialization-core-jvm/1.4.0/9b00d574374ae0201a505ab54c7744586866dc27/kotlinx-serialization-core-jvm-1.4.0.jar because:
[        ]   Build cache is disabled
[        ] Caching disabled for BuildToolsApiClasspathEntrySnapshotTransform: /root/.gradle/caches/modules-2/files-2.1/org.jetbrains.kotlin/kotlin-stdlib-jdk7/1.8.0/3c91271347f678c239607abb676d4032a7898427/kotlin-stdlib-jdk7-1.8.0.jar because:
[        ]   Build cache is disabled
[        ] Caching disabled for BuildToolsApiClasspathEntrySnapshotTransform: /root/.gradle/caches/modules-2/files-2.1/com.android.tools.build/builder-model/8.11.1/6888ed42b8bcc73e3a378048263d2cad36707494/builder-model-8.11.1.jar because:
[        ]   Build cache is disabled
[        ] Caching disabled for BuildToolsApiClasspathEntrySnapshotTransform: /root/.gradle/caches/modules-2/files-2.1/com.android.tools.build/gradle/8.11.1/7861a99a64716fd75ce85a3c7e2fcb3a9e928857/gradle-8.11.1.jar because:
[        ]   Build cache is disabled
[ +101 ms] Caching disabled for BuildToolsApiClasspathEntrySnapshotTransform: /root/.gradle/caches/modules-2/files-2.1/com.android.tools.build/gradle-api/8.11.1/e0ce2faa3fe7331e1e6855e5aa699c650f6d56c3/gradle-api-8.11.1.jar because:
[        ]   Build cache is disabled
[  +96 ms] Caching disabled for BuildToolsApiClasspathEntrySnapshotTransform: /root/.gradle/caches/modules-2/files-2.1/org.jetbrains/annotations/13.0/919f0dfe192fb4e063e7dacadee7f8bb9a2672a9/annotations-13.0.jar because:
[        ]   Build cache is disabled
[        ] Caching disabled for BuildToolsApiClasspathEntrySnapshotTransform: /root/.gradle/caches/modules-2/files-2.1/org.jetbrains.kotlin/kotlin-gradle-plugin-model/1.8.0/9da2fce7af0a94348001ee8dd20a82167f5de284/kotlin-gradle-plugin-model-1.8.0.jar because:
[        ]   Build cache is disabled
[        ] Caching disabled for BuildToolsApiClasspathEntrySnapshotTransform: /root/.gradle/caches/modules-2/files-2.1/org.jetbrains.kotlin/kotlin-gradle-plugin-api/1.8.0/29f79a3bb109e05b07f1d2893074ab176a4276e0/kotlin-gradle-plugin-api-1.8.0-gradle76.jar because:
[        ]   Build cache is disabled
[  +99 ms] Caching disabled for BuildToolsApiClasspathEntrySnapshotTransform: /root/.gradle/caches/modules-2/files-2.1/org.jetbrains.kotlin/kotlin-gradle-plugin-api/1.8.0/29f79a3bb109e05b07f1d2893074ab176a4276e0/kotlin-gradle-plugin-api-1.8.0.jar because:
[        ]   Build cache is disabled
[        ] Caching disabled for BuildToolsApiClasspathEntrySnapshotTransform: /root/.gradle/caches/modules-2/files-2.1/org.jetbrains.kotlin/kotlin-tooling-core/1.8.0/da3a4252e4b48833eb566227b2baecbaede8993/kotlin-tooling-core-1.8.0.jar because:
[        ]   Build cache is disabled
[        ] Caching disabled for BuildToolsApiClasspathEntrySnapshotTransform: /root/.gradle/caches/modules-2/files-2.1/com.android.tools.build/manifest-merger/31.11.1/2eb20f98b2e71c3a1a2ebe675910e6958a7e1b78/manifest-merger-31.11.1.jar because:
[        ]   Build cache is disabled
[        ] Caching disabled for BuildToolsApiClasspathEntrySnapshotTransform: /root/.gradle/caches/modules-2/files-2.1/org.jetbrains.kotlin/kotlin-gradle-plugin/1.8.0/d79a079634e8d3bd92c594b224f4de2086bb4a10/kotlin-gradle-plugin-1.8.0-gradle76.jar because:
[        ]   Build cache is disabled
[ +100 ms] Caching disabled for BuildToolsApiClasspathEntrySnapshotTransform: /root/.gradle/caches/modules-2/files-2.1/com.android/zipflinger/8.11.1/3a3b1786c331db72b9610eb1f68f0ec1ec9a1f/zipflinger-8.11.1.jar because:
[        ]   Build cache is disabled
[        ] Caching disabled for BuildToolsApiClasspathEntrySnapshotTransform: /root/.gradle/caches/modules-2/files-2.1/com.android.tools.build/apkzlib/8.11.1/ea2327cd7a67c0fc9a4d26f035b922dff11c7219/apkzlib-8.11.1.jar because:
[        ]   Build cache is disabled
[        ] Caching disabled for BuildToolsApiClasspathEntrySnapshotTransform: /root/.gradle/caches/modules-2/files-2.1/com.squareup/javawriter/2.5.0/81241ff7078ef14f42ea2a8995fa09c096256e6b/javawriter-2.5.0.jar because:
[        ]   Build cache is disabled
[        ] Caching disabled for BuildToolsApiClasspathEntrySnapshotTransform: /root/.gradle/caches/modules-2/files-2.1/com.android.tools.build/apksig/8.11.1/f005788487574c7d6ba23dea63bf8cb3a4f164a6/apksig-8.11.1.jar because:
[        ]   Build cache is disabled
[        ] Caching disabled for BuildToolsApiClasspathEntrySnapshotTransform: /root/.gradle/caches/modules-2/files-2.1/org.ow2.asm/asm/9.7.1/f0ed132a49244b042cd0e15702ab9f2ce3cc8436/asm-9.7.1.jar because:
[        ]   Build cache is disabled
[        ] Caching disabled for BuildToolsApiClasspathEntrySnapshotTransform: /root/.gradle/caches/modules-2/files-2.1/org.jetbrains.kotlin/kotlin-native-utils/1.8.0/73361435f42e1fecbd81f686ccaa8aa1c498b941/kotlin-native-utils-1.8.0.jar because:
[        ]   Build cache is disabled
[  +91 ms] Caching disabled for BuildToolsApiClasspathEntrySnapshotTransform: /root/.gradle/caches/modules-2/files-2.1/org.jetbrains.kotlin/kotlin-project-model/1.8.0/2b8d20018168339835a79512f46f3251ff09caf5/kotlin-project-model-1.8.0.jar because:
[        ]   Build cache is disabled
[   +2 ms] Caching disabled for BuildToolsApiClasspathEntrySnapshotTransform: /root/.gradle/caches/modules-2/files-2.1/org.jetbrains.kotlin/kotlin-util-io/1.8.0/1d7ca3cc3c24111ca8a12e29b10d6df0f778afd8/kotlin-util-io-1.8.0.jar because:
[        ]   Build cache is disabled
[        ] Caching disabled for BuildToolsApiClasspathEntrySnapshotTransform: /root/.gradle/caches/modules-2/files-2.1/com.android.tools.build/builder/8.11.1/52ae05e99786bd491ad363825acbc2476c8b905/builder-8.11.1.jar because:
[        ]   Build cache is disabled
[+3796 ms] Resource missing. [HTTP GET: https://dl.google.com/dl/android/maven2/org/jetbrains/kotlin/kotlin-sam-with-receiver-compiler-plugin-embeddable/2.0.21/kotlin-sam-with-receiver-compiler-plugin-embeddable-2.0.21.pom]
[  +99 ms] Resource missing. [HTTP GET: https://dl.google.com/dl/android/maven2/org/jetbrains/kotlin/kotlin-assignment-compiler-plugin-embeddable/2.0.21/kotlin-assignment-compiler-plugin-embeddable-2.0.21.pom]
[        ] Downloading https://repo.maven.apache.org/maven2/org/jetbrains/kotlin/kotlin-sam-with-receiver-compiler-plugin-embeddable/2.0.21/kotlin-sam-with-receiver-compiler-plugin-embeddable-2.0.21.pom to /root/.gradle/.tmp/gradle_download13927698591496227729bin
[        ] Downloading https://repo.maven.apache.org/maven2/org/jetbrains/kotlin/kotlin-assignment-compiler-plugin-embeddable/2.0.21/kotlin-assignment-compiler-plugin-embeddable-2.0.21.pom to /root/.gradle/.tmp/gradle_download16792278537289760609bin
[        ] Downloading https://repo.maven.apache.org/maven2/org/jetbrains/kotlin/kotlin-assignment-compiler-plugin-embeddable/2.0.21/kotlin-assignment-compiler-plugin-embeddable-2.0.21.jar to /root/.gradle/.tmp/gradle_download12666949195817793649bin
[        ] Downloading https://repo.maven.apache.org/maven2/org/jetbrains/kotlin/kotlin-sam-with-receiver-compiler-plugin-embeddable/2.0.21/kotlin-sam-with-receiver-compiler-plugin-embeddable-2.0.21.jar to /root/.gradle/.tmp/gradle_download8509624276903405398bin
[        ] Caching disabled for task ':gradle:compileKotlin' because:
[        ]   Build cache is disabled
[        ] Task ':gradle:compileKotlin' is not up-to-date because:
[        ]   No history is available.
[        ] The input changes require a full rebuild for incremental task ':gradle:compileKotlin'.
[        ] file or directory '/opt/flutter/packages/flutter_tools/gradle/src/main/java', not found
[  +99 ms] file or directory '/opt/flutter/packages/flutter_tools/gradle/src/main/java', not found
[        ] file or directory '/opt/flutter/packages/flutter_tools/gradle/src/main/java', not found
[        ] file or directory '/opt/flutter/packages/flutter_tools/gradle/src/main/java', not found
[        ] Kotlin source files: /opt/flutter/packages/flutter_tools/gradle/src/main/kotlin/VersionFetcher.kt, /opt/flutter/packages/flutter_tools/gradle/src/main/kotlin/IntentFilterCheck.kt, /opt/flutter/packages/flutter_tools/gradle/src/main/kotlin/VersionUtils.kt, /opt/flutter/packages/flutter_tools/gradle/src/main/kotlin/NativePluginLoaderReflectionBridge.kt, /opt/flutter/packages/flutter_tools/gradle/src/main/kotlin/Deeplink.kt, /opt/flutter/packages/flutter_tools/gradle/src/main/kotlin/FlutterAppPluginLoaderPlugin.kt, /opt/flutter/packages/flutter_tools/gradle/src/main/kotlin/BaseApplicationNameHandler.kt, /opt/flutter/packages/flutter_tools/gradle/src/main/kotlin/tasks/BaseFlutterTask.kt, /opt/flutter/packages/flutter_tools/gradle/src/main/kotlin/tasks/DeepLinkJsonFromManifestTask.kt, /opt/flutter/packages/flutter_tools/gradle/src/main/kotlin/tasks/DeepLinkJsonFromManifestTaskHelper.kt, /opt/flutter/packages/flutter_tools/gradle/src/main/kotlin/tasks/BaseFlutterTaskHelper.kt, /opt/flutter/packages/flutter_tools/gradle/src/main/kotlin/tasks/FlutterTask.kt, /opt/flutter/packages/flutter_tools/gradle/src/main/kotlin/tasks/FlutterTaskHelper.kt, /opt/flutter/packages/flutter_tools/gradle/src/main/kotlin/FlutterPlugin.kt, /opt/flutter/packages/flutter_tools/gradle/src/main/kotlin/DependencyVersionChecker.kt, /opt/flutter/packages/flutter_tools/gradle/src/main/kotlin/plugins/PluginHandler.kt, /opt/flutter/packages/flutter_tools/gradle/src/main/kotlin/FlutterExtension.kt, /opt/flutter/packages/flutter_tools/gradle/src/main/kotlin/FlutterPluginUtils.kt, /opt/flutter/packages/flutter_tools/gradle/src/main/kotlin/FlutterPluginConstants.kt, /opt/flutter/packages/flutter_tools/gradle/src/main/kotlin/AppLinkSettings.kt
[        ] Java source files: 
[        ] Script source files: 
[        ] Script file extensions: 
[        ] Using Kotlin/JVM incremental compilation
[        ] [KOTLIN] Kotlin compilation 'jdkHome' argument: /opt/java/openjdk
[  +99 ms] Resolve mutations for :gradle:pluginDescriptors (Thread[Execution worker Thread 7,5,main]) started.
[        ] :gradle:pluginDescriptors (Thread[Execution worker Thread 8,5,main]) started.
[  +99 ms] > Task :gradle:pluginDescriptors
[        ] Caching disabled for task ':gradle:pluginDescriptors' because:
[        ]   Build cache is disabled
[        ]   Not worth caching
[        ] Task ':gradle:pluginDescriptors' is not up-to-date because:
[        ]   No history is available.
[        ] Resolve mutations for :gradle:processResources (Thread[Execution worker Thread 8,5,main]) started.
[        ] :gradle:processResources (Thread[Execution worker Thread 8,5,main]) started.
[        ] > Task :gradle:processResources
[        ] Caching disabled for task ':gradle:processResources' because:
[        ]   Build cache is disabled
[        ]   Not worth caching
[        ] Task ':gradle:processResources' is not up-to-date because:
[        ]   No history is available.
[        ] file or directory '/opt/flutter/packages/flutter_tools/gradle/src/main/resources', not found
[+1799 ms] > Task :gradle:compileKotlin
[        ] i: starting the daemon as: /opt/java/openjdk/bin/java -cp /root/.gradle/caches/modules-2/files-2.1/org.jetbrains.kotlin/kotlin-compiler-embeddable/2.0.21/79346ed53db48b18312a472602eb5c057070c54d/kotlin-compiler-embeddable-2.0.21.jar:/root/.gradle/caches/modules-2/files-2.1/org.jetbrains.kotlin/kotlin-stdlib/2.0.21/618b539767b4899b4660a83006e052b63f1db551/kotlin-stdlib-2.0.21.jar:/root/.gradle/caches/modules-2/files-2.1/org.jetbrains.kotlin/kotlin-script-runtime/2.0.21/c9b044380ad41f89aa89aa896c2d32a8c0b2129d/kotlin-script-runtime-2.0.21.jar:/root/.gradle/caches/modules-2/files-2.1/org.jetbrains.kotlin/kotlin-reflect/1.6.10/1cbe9c92c12a94eea200d23c2bbaedaf3daf5132/kotlin-reflect-1.6.10.jar:/root/.gradle/caches/modules-2/files-2.1/org.jetbrains.kotlin/kotlin-daemon-embeddable/2.0.21/c9e933b23287de9b5a17e2116b4657bb91aea72c/kotlin-daemon-embeddable-2.0.21.jar:/root/.gradle/caches/modules-2/files-2.1/org.jetbrains.intellij.deps/trove4j/1.0.20200330/3afb14d5f9ceb459d724e907a21145e8ff394f02/trove4j-1.0.20200330.jar:/root/.gradle/caches/modules-2/files-2.1/org.jetbrains.kotlinx/kotlinx-coroutines-core-jvm/1.6.4/2c997cd1c0ef33f3e751d3831929aeff1390cb30/kotlinx-coroutines-core-jvm-1.6.4.jar:/root/.gradle/caches/modules-2/files-2.1/org.jetbrains/annotations/13.0/919f0dfe192fb4e063e7dacadee7f8bb9a2672a9/annotations-13.0.jar -Djava.awt.headless=true -Djava.rmi.server.hostname=127.0.0.1 -Xmx8G -XX:MaxMetaspaceSize=4G -XX:ReservedCodeCacheSize=512m -Dkotlin.environment.keepalive -ea -XX:+UseCodeCacheFlushing -XX:+UseParallelGC --add-exports java.base/sun.nio.ch=ALL-UNNAMED org.jetbrains.kotlin.daemon.KotlinCompileDaemon --daemon-runFilesPath /root/.kotlin/daemon --daemon-autoshutdownIdleSeconds=7200 --daemon-compilerClasspath /root/.gradle/caches/modules-2/files-2.1/org.jetbrains.kotlin/kotlin-compiler-embeddable/2.0.21/79346ed53db48b18312a472602eb5c057070c54d/kotlin-compiler-embeddable-2.0.21.jar:/root/.gradle/caches/modules-2/files-2.1/org.jetbrains.kotlin/kotlin-stdlib/2.0.21/618b539767b4899b4660a83006e052b63f1db551/kotlin-stdlib-2.0.21.jar:/root/.gradle/caches/modules-2/files-2.1/org.jetbrains.kotlin/kotlin-script-runtime/2.0.21/c9b044380ad41f89aa89aa896c2d32a8c0b2129d/kotlin-script-runtime-2.0.21.jar:/root/.gradle/caches/modules-2/files-2.1/org.jetbrains.kotlin/kotlin-reflect/1.6.10/1cbe9c92c12a94eea200d23c2bbaedaf3daf5132/kotlin-reflect-1.6.10.jar:/root/.gradle/caches/modules-2/files-2.1/org.jetbrains.kotlin/kotlin-daemon-embeddable/2.0.21/c9e933b23287de9b5a17e2116b4657bb91aea72c/kotlin-daemon-embeddable-2.0.21.jar:/root/.gradle/caches/modules-2/files-2.1/org.jetbrains.intellij.deps/trove4j/1.0.20200330/3afb14d5f9ceb459d724e907a21145e8ff394f02/trove4j-1.0.20200330.jar:/root/.gradle/caches/modules-2/files-2.1/org.jetbrains.kotlinx/kotlinx-coroutines-core-jvm/1.6.4/2c997cd1c0ef33f3e751d3831929aeff1390cb30/kotlinx-coroutines-core-jvm-1.6.4.jar:/root/.gradle/caches/modules-2/files-2.1/org.jetbrains/annotations/13.0/919f0dfe192fb4e063e7dacadee7f8bb9a2672a9/annotations-13.0.jar
[        ] i: #1 retrying connecting to the daemon 
[        ] Options for KOTLIN DAEMON: IncrementalCompilationOptions(super=CompilationOptions(compilerMode=INCREMENTAL_COMPILER, targetPlatform=JVM, reportCategories=[0, 3], reportSeverity=2, requestedCompilationResults=[0], kotlinScriptExtensions=[]), areFileChangesKnown=false, modifiedFiles=null, deletedFiles=null, classpathChanges=NotAvailableForNonIncrementalRun, workingDir=/opt/flutter/packages/flutter_tools/gradle/build/kotlin/compileKotlin/cacheable, multiModuleICSettings=MultiModuleICSettings(buildHistoryFile=/opt/flutter/packages/flutter_tools/gradle/build/kotlin/compileKotlin/local-state/build-history.bin, useModuleDetection=false), usePreciseJavaTracking=true, icFeatures=IncrementalCompilationFeatures(withAbiSnapshot=false, preciseCompilationResultsBackup=true, keepIncrementalCompilationCachesInMemory=true, enableUnsafeIncrementalCompilationForMultiplatform=false), outputFiles=[/opt/flutter/packages/flutter_tools/gradle/build/classes/kotlin/main, /opt/flutter/packages/flutter_tools/gradle/build/kotlin/compileKotlin/cacheable, /opt/flutter/packages/flutter_tools/gradle/build/kotlin/compileKotlin/local-state])
[+10899 ms] w: file:///opt/flutter/packages/flutter_tools/gradle/src/main/kotlin/FlutterPlugin.kt:11:37 'ApkVariant' is deprecated. Deprecated in Java
[        ] w: file:///opt/flutter/packages/flutter_tools/gradle/src/main/kotlin/FlutterPlugin.kt:609:69 'ApkVariant' is deprecated. Deprecated in Java
[        ] w: file:///opt/flutter/packages/flutter_tools/gradle/src/main/kotlin/plugins/PluginHandler.kt:186:64 Unchecked cast: NamedDomainObjectContainer<out BuildType> to NamedDomainObjectContainer<BuildType>
[        ] w: file:///opt/flutter/packages/flutter_tools/gradle/src/main/kotlin/plugins/PluginHandler.kt:187:69 Unchecked cast: NamedDomainObjectContainer<out BuildType> to NamedDomainObjectContainer<BuildType>
[        ] Finished executing kotlin compiler using DAEMON strategy
[  +99 ms] Resolve mutations for :gradle:compileJava (Thread[Execution worker Thread 2,5,main]) started.
[        ] :gradle:compileJava (Thread[Execution worker Thread 2,5,main]) started.
[        ] > Task :gradle:compileJava NO-SOURCE
[        ] Skipping task ':gradle:compileJava' as it has no source files and no previous output files.
[        ] Resolve mutations for :gradle:compileGroovy (Thread[Execution worker Thread 2,5,main]) started.
[        ] :gradle:compileGroovy (Thread[Execution worker Thread 2,5,main]) started.
[        ] > Task :gradle:compileGroovy NO-SOURCE
[        ] Skipping task ':gradle:compileGroovy' as it has no source files and no previous output files.
[        ] Resolve mutations for :gradle:classes (Thread[Execution worker Thread 2,5,main]) started.
[        ] :gradle:classes (Thread[Execution worker Thread 2,5,main]) started.
[        ] > Task :gradle:classes
[        ] Skipping task ':gradle:classes' as it has no actions.
[        ] Resolve mutations for :gradle:jar (Thread[Execution worker Thread 2,5,main]) started.
[        ] :gradle:jar (Thread[Execution worker Thread 2,5,main]) started.
[        ] > Task :gradle:jar
[        ] Caching disabled for task ':gradle:jar' because:
[        ]   Build cache is disabled
[        ]   Not worth caching
[        ] Task ':gradle:jar' is not up-to-date because:
[        ]   No history is available.
[        ] file or directory '/opt/flutter/packages/flutter_tools/gradle/build/classes/java/main', not found
[        ] file or directory '/opt/flutter/packages/flutter_tools/gradle/build/classes/groovy/main', not found
[ +297 ms] Resource missing. [HTTP GET: https://dl.google.com/dl/android/maven2/org/jetbrains/kotlin/kotlin-gradle-plugin/2.2.20/kotlin-gradle-plugin-2.2.20.pom]
[        ] Downloading https://repo.maven.apache.org/maven2/org/jetbrains/kotlin/kotlin-gradle-plugin/2.2.20/kotlin-gradle-plugin-2.2.20.pom to /root/.gradle/.tmp/gradle_download1667183755175436453bin
[ +599 ms] Resource missing. [HTTP GET: https://dl.google.com/dl/android/maven2/org/jetbrains/kotlin/kotlin-gradle-plugins-bom/2.2.20/kotlin-gradle-plugins-bom-2.2.20.pom]
[        ] Downloading https://repo.maven.apache.org/maven2/org/jetbrains/kotlin/kotlin-gradle-plugins-bom/2.2.20/kotlin-gradle-plugins-bom-2.2.20.pom to /root/.gradle/.tmp/gradle_download15148502390406119493bin
[  +99 ms] Downloading https://repo.maven.apache.org/maven2/org/jetbrains/kotlin/kotlin-gradle-plugins-bom/2.2.20/kotlin-gradle-plugins-bom-2.2.20.module to /root/.gradle/.tmp/gradle_download14934689956927345007bin
[        ] Downloading https://repo.maven.apache.org/maven2/org/jetbrains/kotlin/kotlin-gradle-plugin/2.2.20/kotlin-gradle-plugin-2.2.20.module to /root/.gradle/.tmp/gradle_download1861740443003717811bin
[ +199 ms] Downloading https://dl.google.com/dl/android/maven2/com/android/tools/build/gradle-settings-api/8.11.1/gradle-settings-api-8.11.1.pom to /root/.gradle/.tmp/gradle_download13310423243172620680bin
[  +99 ms] Downloading https://dl.google.com/dl/android/maven2/com/android/tools/sdklib/31.11.1/sdklib-31.11.1.pom to /root/.gradle/.tmp/gradle_download15839054735674443955bin
[        ] Downloading https://dl.google.com/dl/android/maven2/com/android/tools/analytics-library/shared/31.11.1/shared-31.11.1.pom to /root/.gradle/.tmp/gradle_download7674919100303496472bin
[        ] Downloading https://dl.google.com/dl/android/maven2/com/android/tools/build/aaptcompiler/8.11.1/aaptcompiler-8.11.1.pom to /root/.gradle/.tmp/gradle_download12280474452252656833bin
[        ] Downloading https://dl.google.com/dl/android/maven2/com/android/tools/ddms/ddmlib/31.11.1/ddmlib-31.11.1.pom to /root/.gradle/.tmp/gradle_download16233188027260837826bin
[        ] Downloading https://dl.google.com/dl/android/maven2/com/android/tools/lint/lint-typedef-remover/31.11.1/lint-typedef-remover-31.11.1.pom to /root/.gradle/.tmp/gradle_download11940951653227994153bin
[        ] Downloading https://dl.google.com/dl/android/maven2/com/android/tools/repository/31.11.1/repository-31.11.1.pom to /root/.gradle/.tmp/gradle_download17737804004848397084bin
[        ] Downloading https://dl.google.com/dl/android/maven2/com/android/tools/sdk-common/31.11.1/sdk-common-31.11.1.pom to /root/.gradle/.tmp/gradle_download5768137367598742971bin
[        ] Downloading https://dl.google.com/dl/android/maven2/com/android/tools/lint/lint-model/31.11.1/lint-model-31.11.1.pom to /root/.gradle/.tmp/gradle_download15650270879004821727bin
[        ] Downloading https://dl.google.com/dl/android/maven2/com/android/tools/analytics-library/crash/31.11.1/crash-31.11.1.pom to /root/.gradle/.tmp/gradle_download11512639524601406797bin
[        ] Downloading https://dl.google.com/dl/android/maven2/com/android/tools/build/aapt2-proto/8.11.1-12782657/aapt2-proto-8.11.1-12782657.pom to /root/.gradle/.tmp/gradle_download986269059025425147bin
[  +99 ms] Downloading https://dl.google.com/dl/android/maven2/androidx/databinding/databinding-compiler-common/8.11.1/databinding-compiler-common-8.11.1.pom to /root/.gradle/.tmp/gradle_download10648473228131126040bin
[ +399 ms] Downloading https://dl.google.com/dl/android/maven2/com/android/tools/build/gradle-settings-api/8.11.1/gradle-settings-api-8.11.1.module to /root/.gradle/.tmp/gradle_download13203261549672992739bin
[ +100 ms] Downloading https://dl.google.com/dl/android/maven2/com/android/tools/build/aapt2-proto/8.11.1-12782657/aapt2-proto-8.11.1-12782657.module to /root/.gradle/.tmp/gradle_download1803484286332809963bin
[        ] Downloading https://dl.google.com/dl/android/maven2/com/android/tools/utp/android-test-plugin-host-coverage-proto/31.11.1/android-test-plugin-host-coverage-proto-31.11.1.pom to /root/.gradle/.tmp/gradle_download18094893139915886750bin
[        ] Downloading https://dl.google.com/dl/android/maven2/com/android/databinding/baseLibrary/8.11.1/baseLibrary-8.11.1.pom to /root/.gradle/.tmp/gradle_download8537289248738487073bin
[        ] Downloading https://dl.google.com/dl/android/maven2/com/android/tools/build/builder-test-api/8.11.1/builder-test-api-8.11.1.pom to /root/.gradle/.tmp/gradle_download10724273370137337773bin
[        ] Downloading https://dl.google.com/dl/android/maven2/com/android/tools/build/aaptcompiler/8.11.1/aaptcompiler-8.11.1.module to /root/.gradle/.tmp/gradle_download2185234399203917662bin
[        ] Downloading https://dl.google.com/dl/android/maven2/com/android/tools/utp/android-device-provider-ddmlib-proto/31.11.1/android-device-provider-ddmlib-proto-31.11.1.pom to /root/.gradle/.tmp/gradle_download11064126043082881534bin
[        ] Downloading https://dl.google.com/dl/android/maven2/com/android/tools/utp/android-device-provider-gradle-proto/31.11.1/android-device-provider-gradle-proto-31.11.1.pom to /root/.gradle/.tmp/gradle_download11102727815276769086bin
[        ] Downloading https://dl.google.com/dl/android/maven2/com/android/tools/utp/android-test-plugin-host-additional-test-output-proto/31.11.1/android-test-plugin-host-additional-test-output-proto-31.11.1.pom to /root/.gradle/.tmp/gradle_download1953104895212695610bin
[        ] Downloading https://dl.google.com/dl/android/maven2/com/android/tools/utp/android-device-provider-profile-proto/31.11.1/android-device-provider-profile-proto-31.11.1.pom to /root/.gradle/.tmp/gradle_download9634648903014342494bin
[        ] Downloading https://dl.google.com/dl/android/maven2/androidx/databinding/databinding-common/8.11.1/databinding-common-8.11.1.pom to /root/.gradle/.tmp/gradle_download10333263922712256473bin
[        ] Downloading https://dl.google.com/dl/android/maven2/com/android/tools/layoutlib/layoutlib-api/31.11.1/layoutlib-api-31.11.1.pom to /root/.gradle/.tmp/gradle_download16209449267153870725bin
[  +98 ms] Downloading https://dl.google.com/dl/android/maven2/com/android/tools/utp/android-test-plugin-host-emulator-control-proto/31.11.1/android-test-plugin-host-emulator-control-proto-31.11.1.pom to /root/.gradle/.tmp/gradle_download6491610924364010381bin
[        ] Downloading https://dl.google.com/dl/android/maven2/com/android/tools/build/transform-api/2.0.0-deprecated-use-gradle-api/transform-api-2.0.0-deprecated-use-gradle-api.pom to /root/.gradle/.tmp/gradle_download18248379337224935008bin
[        ] Resource missing. [HTTP GET: https://dl.google.com/dl/android/maven2/org/apache/httpcomponents/httpmime/4.5.6/httpmime-4.5.6.pom]
[        ] Resource missing. [HTTP GET: https://dl.google.com/dl/android/maven2/commons-io/commons-io/2.16.1/commons-io-2.16.1.pom]
[        ] Resource missing. [HTTP GET: https://dl.google.com/dl/android/maven2/org/ow2/asm/asm-analysis/9.7.1/asm-analysis-9.7.1.pom]
[        ] Downloading https://dl.google.com/dl/android/maven2/com/android/tools/utp/android-test-plugin-host-logcat-proto/31.11.1/android-test-plugin-host-logcat-proto-31.11.1.pom to /root/.gradle/.tmp/gradle_download4688852629312740348bin
[        ] Downloading https://repo.maven.apache.org/maven2/org/apache/httpcomponents/httpmime/4.5.6/httpmime-4.5.6.pom to /root/.gradle/.tmp/gradle_download17048606779067261850bin
[        ] Downloading https://dl.google.com/dl/android/maven2/com/android/tools/build/builder-test-api/8.11.1/builder-test-api-8.11.1.module to /root/.gradle/.tmp/gradle_download13999602528855675709bin
[        ] Resource missing. [HTTP GET: https://dl.google.com/dl/android/maven2/org/ow2/asm/asm-util/9.7.1/asm-util-9.7.1.pom]
[        ] Resource missing. [HTTP GET: https://dl.google.com/dl/android/maven2/org/ow2/asm/asm-commons/9.7.1/asm-commons-9.7.1.pom]
[  +99 ms] Downloading https://dl.google.com/dl/android/maven2/com/android/tools/utp/android-test-plugin-host-apk-installer-proto/31.11.1/android-test-plugin-host-apk-installer-proto-31.11.1.pom to /root/.gradle/.tmp/gradle_download5622155610021803316bin
[        ] Resource missing. [HTTP GET: https://dl.google.com/dl/android/maven2/org/bouncycastle/bcpkix-jdk18on/1.79/bcpkix-jdk18on-1.79.pom]
[        ] Downloading https://repo.maven.apache.org/maven2/org/ow2/asm/asm-analysis/9.7.1/asm-analysis-9.7.1.pom to /root/.gradle/.tmp/gradle_download3834406168952388828bin
[        ] Downloading https://repo.maven.apache.org/maven2/commons-io/commons-io/2.16.1/commons-io-2.16.1.pom to /root/.gradle/.tmp/gradle_download4259024345564327566bin
[        ] Downloading https://repo.maven.apache.org/maven2/org/ow2/asm/asm-util/9.7.1/asm-util-9.7.1.pom to /root/.gradle/.tmp/gradle_download15360498804365591667bin
[        ] Downloading https://dl.google.com/dl/android/maven2/com/android/tools/utp/android-test-plugin-result-listener-gradle-proto/31.11.1/android-test-plugin-result-listener-gradle-proto-31.11.1.pom to /root/.gradle/.tmp/gradle_download9710294896732005906bin
[        ] Downloading https://repo.maven.apache.org/maven2/org/ow2/asm/asm-commons/9.7.1/asm-commons-9.7.1.pom to /root/.gradle/.tmp/gradle_download2479462306632399753bin
[        ] Downloading https://repo.maven.apache.org/maven2/org/bouncycastle/bcpkix-jdk18on/1.79/bcpkix-jdk18on-1.79.pom to /root/.gradle/.tmp/gradle_download47004876321247033bin
[ +398 ms] Resource missing. [HTTP GET: https://dl.google.com/dl/android/maven2/org/glassfish/jaxb/jaxb-runtime/2.3.2/jaxb-runtime-2.3.2.pom]
[        ] Downloading https://repo.maven.apache.org/maven2/org/glassfish/jaxb/jaxb-runtime/2.3.2/jaxb-runtime-2.3.2.pom to /root/.gradle/.tmp/gradle_download8765519979838194859bin
[  +99 ms] Downloading https://dl.google.com/dl/android/maven2/com/android/tools/build/jetifier/jetifier-core/1.0.0-beta10/jetifier-core-1.0.0-beta10.pom to /root/.gradle/.tmp/gradle_download7058371143691375537bin
[        ] Resource missing. [HTTP GET: https://dl.google.com/dl/android/maven2/com/google/protobuf/protobuf-java/3.25.5/protobuf-java-3.25.5.pom]
[        ] Resource missing. [HTTP GET: https://dl.google.com/dl/android/maven2/org/apache/commons/commons-parent/69/commons-parent-69.pom]
[        ] Downloading https://repo.maven.apache.org/maven2/com/google/protobuf/protobuf-java/3.25.5/protobuf-java-3.25.5.pom to /root/.gradle/.tmp/gradle_download3462623634798592089bin
[        ] Downloading https://dl.google.com/dl/android/maven2/com/android/tools/build/bundletool/1.18.1/bundletool-1.18.1.pom to /root/.gradle/.tmp/gradle_download4255550820581701655bin
[        ] Resource missing. [HTTP GET: https://dl.google.com/dl/android/maven2/net/sf/jopt-simple/jopt-simple/4.9/jopt-simple-4.9.pom]
[        ] Resource missing. [HTTP GET: https://dl.google.com/dl/android/maven2/com/google/code/gson/gson/2.11.0/gson-2.11.0.pom]
[        ] Downloading https://repo.maven.apache.org/maven2/org/apache/commons/commons-parent/69/commons-parent-69.pom to /root/.gradle/.tmp/gradle_download11029944967486880257bin
[        ] Resource missing. [HTTP GET: https://dl.google.com/dl/android/maven2/com/google/protobuf/protobuf-java-util/3.25.5/protobuf-java-util-3.25.5.pom]
[        ] Resource missing. [HTTP GET: https://dl.google.com/dl/android/maven2/io/grpc/grpc-core/1.69.1/grpc-core-1.69.1.pom]
[        ] Downloading https://dl.google.com/dl/android/maven2/com/android/tools/build/jetifier/jetifier-processor/1.0.0-beta10/jetifier-processor-1.0.0-beta10.pom to /root/.gradle/.tmp/gradle_download4477654846094764725bin
[        ] Downloading https://repo.maven.apache.org/maven2/net/sf/jopt-simple/jopt-simple/4.9/jopt-simple-4.9.pom to /root/.gradle/.tmp/gradle_download2863392430352539022bin
[        ] Downloading https://repo.maven.apache.org/maven2/com/google/code/gson/gson/2.11.0/gson-2.11.0.pom to /root/.gradle/.tmp/gradle_download4991519669307234785bin
[        ] Downloading https://repo.maven.apache.org/maven2/io/grpc/grpc-core/1.69.1/grpc-core-1.69.1.pom to /root/.gradle/.tmp/gradle_download10978983989454010248bin
[        ] Downloading https://repo.maven.apache.org/maven2/com/google/protobuf/protobuf-java-util/3.25.5/protobuf-java-util-3.25.5.pom to /root/.gradle/.tmp/gradle_download14452537478161148288bin
[        ] Resource missing. [HTTP GET: https://dl.google.com/dl/android/maven2/com/squareup/javapoet/1.10.0/javapoet-1.10.0.pom]
[        ] Resource missing. [HTTP GET: https://dl.google.com/dl/android/maven2/org/apache/httpcomponents/httpcomponents-client/4.5.6/httpcomponents-client-4.5.6.pom]
[        ] Downloading https://repo.maven.apache.org/maven2/com/squareup/javapoet/1.10.0/javapoet-1.10.0.pom to /root/.gradle/.tmp/gradle_download12565143399453673347bin
[  +98 ms] Downloading https://repo.maven.apache.org/maven2/org/apache/httpcomponents/httpcomponents-client/4.5.6/httpcomponents-client-4.5.6.pom to /root/.gradle/.tmp/gradle_download3178045313360893573bin
[        ] Resource missing. [HTTP GET: https://dl.google.com/dl/android/maven2/com/sun/xml/bind/mvn/jaxb-runtime-parent/2.3.2/jaxb-runtime-parent-2.3.2.pom]
[        ] Downloading https://repo.maven.apache.org/maven2/com/sun/xml/bind/mvn/jaxb-runtime-parent/2.3.2/jaxb-runtime-parent-2.3.2.pom to /root/.gradle/.tmp/gradle_download8987172870561223010bin
[  +99 ms] Downloading https://dl.google.com/dl/android/maven2/com/android/tools/build/jetifier/jetifier-processor/1.0.0-beta10/jetifier-processor-1.0.0-beta10.module to /root/.gradle/.tmp/gradle_download14569449610014675517bin
[        ] Resource missing. [HTTP GET: https://dl.google.com/dl/android/maven2/com/google/protobuf/protobuf-parent/3.25.5/protobuf-parent-3.25.5.pom]
[        ] Resource missing. [HTTP GET: https://dl.google.com/dl/android/maven2/io/grpc/grpc-netty/1.69.1/grpc-netty-1.69.1.pom]
[        ] Resource missing. [HTTP GET: https://dl.google.com/dl/android/maven2/io/grpc/grpc-protobuf/1.69.1/grpc-protobuf-1.69.1.pom]
[        ] Downloading https://repo.maven.apache.org/maven2/com/google/protobuf/protobuf-parent/3.25.5/protobuf-parent-3.25.5.pom to /root/.gradle/.tmp/gradle_download1602949972776321016bin
[        ] Resource missing. [HTTP GET: https://dl.google.com/dl/android/maven2/io/grpc/grpc-inprocess/1.69.1/grpc-inprocess-1.69.1.pom]
[        ] Resource missing. [HTTP GET: https://dl.google.com/dl/android/maven2/io/grpc/grpc-stub/1.69.1/grpc-stub-1.69.1.pom]
[        ] Resource missing. [HTTP GET: https://dl.google.com/dl/android/maven2/org/apache/httpcomponents/httpcomponents-parent/10/httpcomponents-parent-10.pom]
[        ] Resource missing. [HTTP GET: https://dl.google.com/dl/android/maven2/com/google/code/gson/gson-parent/2.11.0/gson-parent-2.11.0.pom]
[        ] Downloading https://repo.maven.apache.org/maven2/io/grpc/grpc-netty/1.69.1/grpc-netty-1.69.1.pom to /root/.gradle/.tmp/gradle_download2144640575139457536bin
[        ] Resource missing. [HTTP GET: https://dl.google.com/dl/android/maven2/org/apache/apache/31/apache-31.pom]
[        ] Downloading https://repo.maven.apache.org/maven2/io/grpc/grpc-protobuf/1.69.1/grpc-protobuf-1.69.1.pom to /root/.gradle/.tmp/gradle_download17745589341678940191bin
[        ] Downloading https://repo.maven.apache.org/maven2/io/grpc/grpc-inprocess/1.69.1/grpc-inprocess-1.69.1.pom to /root/.gradle/.tmp/gradle_download3432875803123820677bin
[        ] Downloading https://repo.maven.apache.org/maven2/io/grpc/grpc-stub/1.69.1/grpc-stub-1.69.1.pom to /root/.gradle/.tmp/gradle_download9263888014489701300bin
[        ] Downloading https://repo.maven.apache.org/maven2/com/google/code/gson/gson-parent/2.11.0/gson-parent-2.11.0.pom to /root/.gradle/.tmp/gradle_download10805296249908124905bin
[        ] Downloading https://repo.maven.apache.org/maven2/org/apache/httpcomponents/httpcomponents-parent/10/httpcomponents-parent-10.pom to /root/.gradle/.tmp/gradle_download4740184900913662426bin
[        ] Downloading https://repo.maven.apache.org/maven2/org/apache/apache/31/apache-31.pom to /root/.gradle/.tmp/gradle_download915768945539828516bin
[ +298 ms] Downloading https://dl.google.com/dl/android/maven2/com/android/tools/build/jetifier/jetifier-core/1.0.0-beta10/jetifier-core-1.0.0-beta10.module to /root/.gradle/.tmp/gradle_download17096304736508520342bin
[ +199 ms] Resource missing. [HTTP GET: https://dl.google.com/dl/android/maven2/com/sun/xml/bind/mvn/jaxb-parent/2.3.2/jaxb-parent-2.3.2.pom]
[        ] Downloading https://repo.maven.apache.org/maven2/com/sun/xml/bind/mvn/jaxb-parent/2.3.2/jaxb-parent-2.3.2.pom to /root/.gradle/.tmp/gradle_download10585774740001764750bin
[        ] Downloading https://dl.google.com/dl/android/maven2/com/google/testing/platform/core-proto/0.0.9-alpha03/core-proto-0.0.9-alpha03.pom to /root/.gradle/.tmp/gradle_download1263280274249749513bin
[        ] Resource missing. [HTTP GET: https://dl.google.com/dl/android/maven2/com/google/crypto/tink/tink/1.7.0/tink-1.7.0.pom]
[        ] Resource missing. [HTTP GET: https://dl.google.com/dl/android/maven2/org/apache/apache/18/apache-18.pom]
[        ] Downloading https://repo.maven.apache.org/maven2/com/google/crypto/tink/tink/1.7.0/tink-1.7.0.pom to /root/.gradle/.tmp/gradle_download8990650795657764122bin
[        ] Downloading https://repo.maven.apache.org/maven2/org/apache/apache/18/apache-18.pom to /root/.gradle/.tmp/gradle_download7983606198540055273bin
[        ] Resource missing. [HTTP GET: https://dl.google.com/dl/android/maven2/org/junit/junit-bom/5.10.2/junit-bom-5.10.2.pom]
[  +99 ms] Downloading https://repo.maven.apache.org/maven2/org/junit/junit-bom/5.10.2/junit-bom-5.10.2.pom to /root/.gradle/.tmp/gradle_download5982147388034970325bin
[        ] Resource missing. [HTTP GET: https://dl.google.com/dl/android/maven2/org/tensorflow/tensorflow-lite-metadata/0.2.0/tensorflow-lite-metadata-0.2.0.pom]
[        ] Downloading https://repo.maven.apache.org/maven2/org/junit/junit-bom/5.10.2/junit-bom-5.10.2.module to /root/.gradle/.tmp/gradle_download1133035290225832979bin
[        ] Resource missing. [HTTP GET: https://dl.google.com/dl/android/maven2/com/google/protobuf/protobuf-bom/3.25.5/protobuf-bom-3.25.5.pom]
[        ] Downloading https://repo.maven.apache.org/maven2/org/tensorflow/tensorflow-lite-metadata/0.2.0/tensorflow-lite-metadata-0.2.0.pom to /root/.gradle/.tmp/gradle_download2789850203633571459bin
[        ] Resource missing. [HTTP GET: https://dl.google.com/dl/android/maven2/com/google/flatbuffers/flatbuffers-java/1.12.0/flatbuffers-java-1.12.0.pom]
[        ] Downloading https://repo.maven.apache.org/maven2/com/google/protobuf/protobuf-bom/3.25.5/protobuf-bom-3.25.5.pom to /root/.gradle/.tmp/gradle_download11131423300268681427bin
[        ] Downloading https://repo.maven.apache.org/maven2/com/google/flatbuffers/flatbuffers-java/1.12.0/flatbuffers-java-1.12.0.pom to /root/.gradle/.tmp/gradle_download12325207018517875281bin
[        ] Resource missing. [HTTP GET: https://dl.google.com/dl/android/maven2/com/sun/xml/bind/jaxb-bom-ext/2.3.2/jaxb-bom-ext-2.3.2.pom]
[  +99 ms] Downloading https://repo.maven.apache.org/maven2/com/sun/xml/bind/jaxb-bom-ext/2.3.2/jaxb-bom-ext-2.3.2.pom to /root/.gradle/.tmp/gradle_download12654452895455275936bin
[ +499 ms] Resource missing. [HTTP GET: https://dl.google.com/dl/android/maven2/org/glassfish/jaxb/jaxb-bom/2.3.2/jaxb-bom-2.3.2.pom]
[        ] Downloading https://repo.maven.apache.org/maven2/org/glassfish/jaxb/jaxb-bom/2.3.2/jaxb-bom-2.3.2.pom to /root/.gradle/.tmp/gradle_download15851377740958631688bin
[ +199 ms] Resource missing. [HTTP GET: https://dl.google.com/dl/android/maven2/org/eclipse/ee4j/project/1.0.5/project-1.0.5.pom]
[        ] Downloading https://repo.maven.apache.org/maven2/org/eclipse/ee4j/project/1.0.5/project-1.0.5.pom to /root/.gradle/.tmp/gradle_download6963181160753065137bin
[  +99 ms] Resource missing. [HTTP GET: https://dl.google.com/dl/android/maven2/org/jetbrains/kotlin/kotlin-gradle-plugin-api/2.2.20/kotlin-gradle-plugin-api-2.2.20.pom]
[        ] Resource missing. [HTTP GET: https://dl.google.com/dl/android/maven2/org/jetbrains/kotlin/fus-statistics-gradle-plugin/2.2.20/fus-statistics-gradle-plugin-2.2.20.pom]
[  +99 ms] Downloading https://repo.maven.apache.org/maven2/org/jetbrains/kotlin/kotlin-gradle-plugin-api/2.2.20/kotlin-gradle-plugin-api-2.2.20.pom to /root/.gradle/.tmp/gradle_download2407517844066410935bin
[        ] Downloading https://repo.maven.apache.org/maven2/org/jetbrains/kotlin/fus-statistics-gradle-plugin/2.2.20/fus-statistics-gradle-plugin-2.2.20.pom to /root/.gradle/.tmp/gradle_download3994882173823697077bin
[        ] Resource missing. [HTTP GET: https://dl.google.com/dl/android/maven2/org/jetbrains/kotlin/abi-tools-api/2.2.20/abi-tools-api-2.2.20.pom]
[        ] Resource missing. [HTTP GET: https://dl.google.com/dl/android/maven2/org/jetbrains/kotlin/kotlin-util-klib-metadata/2.2.20/kotlin-util-klib-metadata-2.2.20.pom]
[        ] Resource missing. [HTTP GET: https://dl.google.com/dl/android/maven2/org/jetbrains/kotlin/kotlin-build-statistics/2.2.20/kotlin-build-statistics-2.2.20.pom]
[        ] Downloading https://repo.maven.apache.org/maven2/org/jetbrains/kotlin/kotlin-gradle-plugin-api/2.2.20/kotlin-gradle-plugin-api-2.2.20.module to /root/.gradle/.tmp/gradle_download12052588526471324453bin
[        ] Resource missing. [HTTP GET: https://dl.google.com/dl/android/maven2/org/jetbrains/kotlin/kotlin-gradle-plugin-model/2.2.20/kotlin-gradle-plugin-model-2.2.20.pom]
[        ] Resource missing. [HTTP GET: https://dl.google.com/dl/android/maven2/org/jetbrains/kotlin/kotlin-klib-commonizer-api/2.2.20/kotlin-klib-commonizer-api-2.2.20.pom]
[        ] Downloading https://repo.maven.apache.org/maven2/org/jetbrains/kotlin/fus-statistics-gradle-plugin/2.2.20/fus-statistics-gradle-plugin-2.2.20.module to /root/.gradle/.tmp/gradle_download17231514239973341570bin
[        ] Resource missing. [HTTP GET: https://dl.google.com/dl/android/maven2/org/jetbrains/kotlin/kotlin-gradle-plugin-idea-proto/2.2.20/kotlin-gradle-plugin-idea-proto-2.2.20.pom]
[        ] Downloading https://repo.maven.apache.org/maven2/org/jetbrains/kotlin/kotlin-build-statistics/2.2.20/kotlin-build-statistics-2.2.20.pom to /root/.gradle/.tmp/gradle_download14390141311943767247bin
[        ] Downloading https://repo.maven.apache.org/maven2/org/jetbrains/kotlin/abi-tools-api/2.2.20/abi-tools-api-2.2.20.pom to /root/.gradle/.tmp/gradle_download11723053342936195419bin
[        ] Downloading https://repo.maven.apache.org/maven2/org/jetbrains/kotlin/kotlin-klib-commonizer-api/2.2.20/kotlin-klib-commonizer-api-2.2.20.pom to /root/.gradle/.tmp/gradle_download10453737013857245793bin
[        ] Downloading https://repo.maven.apache.org/maven2/org/jetbrains/kotlin/kotlin-util-klib-metadata/2.2.20/kotlin-util-klib-metadata-2.2.20.pom to /root/.gradle/.tmp/gradle_download3667075157552950482bin
[        ] Downloading https://repo.maven.apache.org/maven2/org/jetbrains/kotlin/kotlin-gradle-plugin-idea-proto/2.2.20/kotlin-gradle-plugin-idea-proto-2.2.20.pom to /root/.gradle/.tmp/gradle_download6042142008374184179bin
[        ] Downloading https://repo.maven.apache.org/maven2/org/jetbrains/kotlin/kotlin-gradle-plugin-model/2.2.20/kotlin-gradle-plugin-model-2.2.20.pom to /root/.gradle/.tmp/gradle_download7063988632076364766bin
[        ] Downloading https://repo.maven.apache.org/maven2/org/jetbrains/kotlin/kotlin-gradle-plugin-model/2.2.20/kotlin-gradle-plugin-model-2.2.20.module to /root/.gradle/.tmp/gradle_download13608544152105021778bin
[ +298 ms] Resource missing. [HTTP GET: https://dl.google.com/dl/android/maven2/org/jetbrains/kotlin/kotlin-compiler-runner/2.2.20/kotlin-compiler-runner-2.2.20.pom]
[  +99 ms] Downloading https://repo.maven.apache.org/maven2/org/jetbrains/kotlin/kotlin-compiler-runner/2.2.20/kotlin-compiler-runner-2.2.20.pom to /root/.gradle/.tmp/gradle_download16064366852330931697bin
[ +100 ms] Resource missing. [HTTP GET: https://dl.google.com/dl/android/maven2/org/jetbrains/kotlin/kotlin-gradle-plugin-idea/2.2.20/kotlin-gradle-plugin-idea-2.2.20.pom]
[        ] Downloading https://repo.maven.apache.org/maven2/org/jetbrains/kotlin/kotlin-gradle-plugin-idea/2.2.20/kotlin-gradle-plugin-idea-2.2.20.pom to /root/.gradle/.tmp/gradle_download18167144029589013758bin
[  +99 ms] Downloading https://repo.maven.apache.org/maven2/org/jetbrains/kotlin/kotlin-gradle-plugin-idea/2.2.20/kotlin-gradle-plugin-idea-2.2.20.module to /root/.gradle/.tmp/gradle_download11788627480743079282bin
[ +100 ms] Resource missing. [HTTP GET: https://dl.google.com/dl/android/maven2/org/jetbrains/kotlin/kotlin-stdlib-jdk8/1.7.10/kotlin-stdlib-jdk8-1.7.10.pom]
[        ] Downloading https://repo.maven.apache.org/maven2/org/jetbrains/kotlin/kotlin-stdlib-jdk8/1.7.10/kotlin-stdlib-jdk8-1.7.10.pom to /root/.gradle/.tmp/gradle_download8426793366199961669bin
[        ] Resource missing. [HTTP GET: https://dl.google.com/dl/android/maven2/org/jetbrains/kotlin/kotlin-stdlib-common/1.7.10/kotlin-stdlib-common-1.7.10.pom]
[  +99 ms] Downloading https://repo.maven.apache.org/maven2/org/jetbrains/kotlin/kotlin-stdlib-common/1.7.10/kotlin-stdlib-common-1.7.10.pom to /root/.gradle/.tmp/gradle_download18285757221694153511bin
[ +499 ms] Resource missing. [HTTP GET: https://dl.google.com/dl/android/maven2/org/jetbrains/kotlin/kotlin-stdlib-jdk8/2.1.20/kotlin-stdlib-jdk8-2.1.20.pom]
[        ] Downloading https://repo.maven.apache.org/maven2/org/jetbrains/kotlin/kotlin-stdlib-jdk8/2.1.20/kotlin-stdlib-jdk8-2.1.20.pom to /root/.gradle/.tmp/gradle_download5687458610331547783bin
[ +199 ms] Resource missing. [HTTP GET: https://dl.google.com/dl/android/maven2/javax/inject/javax.inject/1/javax.inject-1.pom]
[        ] Resource missing. [HTTP GET: https://dl.google.com/dl/android/maven2/org/apache/commons/commons-compress/1.21/commons-compress-1.21.pom]
[        ] Resource missing. [HTTP GET: https://dl.google.com/dl/android/maven2/net/sf/kxml/kxml2/2.3.0/kxml2-2.3.0.pom]
[        ] Resource missing. [HTTP GET: https://dl.google.com/dl/android/maven2/com/google/guava/guava/33.3.1-jre/guava-33.3.1-jre.pom]
[        ] Resource missing. [HTTP GET: https://dl.google.com/dl/android/maven2/org/bouncycastle/bcprov-jdk18on/1.79/bcprov-jdk18on-1.79.pom]
[        ] Downloading https://dl.google.com/dl/android/maven2/com/android/tools/common/31.11.1/common-31.11.1.pom to /root/.gradle/.tmp/gradle_download9174635726037178551bin
[        ] Downloading https://repo.maven.apache.org/maven2/javax/inject/javax.inject/1/javax.inject-1.pom to /root/.gradle/.tmp/gradle_download3161497577343215156bin
[        ] Downloading https://repo.maven.apache.org/maven2/org/bouncycastle/bcprov-jdk18on/1.79/bcprov-jdk18on-1.79.pom to /root/.gradle/.tmp/gradle_download7228487342938965844bin
[        ] Downloading https://repo.maven.apache.org/maven2/com/google/guava/guava/33.3.1-jre/guava-33.3.1-jre.pom to /root/.gradle/.tmp/gradle_download6653511912091496938bin
[        ] Downloading https://repo.maven.apache.org/maven2/org/apache/commons/commons-compress/1.21/commons-compress-1.21.pom to /root/.gradle/.tmp/gradle_download16595365533751510202bin
[        ] Downloading https://repo.maven.apache.org/maven2/net/sf/kxml/kxml2/2.3.0/kxml2-2.3.0.pom to /root/.gradle/.tmp/gradle_download4888154023521843728bin
[ +499 ms] Resource missing. [HTTP GET: https://dl.google.com/dl/android/maven2/org/apache/commons/commons-parent/52/commons-parent-52.pom]
[        ] Resource missing. [HTTP GET: https://dl.google.com/dl/android/maven2/com/google/guava/guava-parent/33.3.1-jre/guava-parent-33.3.1-jre.pom]
[        ] Downloading https://repo.maven.apache.org/maven2/org/apache/commons/commons-parent/52/commons-parent-52.pom to /root/.gradle/.tmp/gradle_download5491957199504758154bin
[        ] Downloading https://repo.maven.apache.org/maven2/com/google/guava/guava-parent/33.3.1-jre/guava-parent-33.3.1-jre.pom to /root/.gradle/.tmp/gradle_download14360470661418297678bin
[  +99 ms] Downloading https://repo.maven.apache.org/maven2/com/google/guava/guava/33.3.1-jre/guava-33.3.1-jre.module to /root/.gradle/.tmp/gradle_download7995449922475026984bin
[ +100 ms] Resource missing. [HTTP GET: https://dl.google.com/dl/android/maven2/org/apache/apache/23/apache-23.pom]
[  +99 ms] Downloading https://repo.maven.apache.org/maven2/org/apache/apache/23/apache-23.pom to /root/.gradle/.tmp/gradle_download2432537239211141767bin
[  +99 ms] Downloading https://dl.google.com/dl/android/maven2/com/android/tools/dvlib/31.11.1/dvlib-31.11.1.pom to /root/.gradle/.tmp/gradle_download14072544528636740855bin
[ +400 ms] Resource missing. [HTTP GET: https://dl.google.com/dl/android/maven2/org/apache/httpcomponents/httpcore/4.4.16/httpcore-4.4.16.pom]
[        ] Downloading https://repo.maven.apache.org/maven2/org/apache/httpcomponents/httpcore/4.4.16/httpcore-4.4.16.pom to /root/.gradle/.tmp/gradle_download5046229070649098889bin
[ +299 ms] Resource missing. [HTTP GET: https://dl.google.com/dl/android/maven2/org/apache/httpcomponents/httpcomponents-core/4.4.16/httpcomponents-core-4.4.16.pom]
[        ] Downloading https://repo.maven.apache.org/maven2/org/apache/httpcomponents/httpcomponents-core/4.4.16/httpcomponents-core-4.4.16.pom to /root/.gradle/.tmp/gradle_download16655707069885823973bin
[ +499 ms] Resource missing. [HTTP GET: https://dl.google.com/dl/android/maven2/org/apache/httpcomponents/httpcomponents-parent/11/httpcomponents-parent-11.pom]
[        ] Downloading https://repo.maven.apache.org/maven2/org/apache/httpcomponents/httpcomponents-parent/11/httpcomponents-parent-11.pom to /root/.gradle/.tmp/gradle_download5455832121171439561bin
[ +299 ms] Resource missing. [HTTP GET: https://dl.google.com/dl/android/maven2/org/apache/apache/21/apache-21.pom]
[        ] Downloading https://repo.maven.apache.org/maven2/org/apache/apache/21/apache-21.pom to /root/.gradle/.tmp/gradle_download11766455286702973699bin
[ +199 ms] Resource missing. [HTTP GET: https://dl.google.com/dl/android/maven2/com/google/jimfs/jimfs/1.1/jimfs-1.1.pom]
[        ] Downloading https://repo.maven.apache.org/maven2/com/google/jimfs/jimfs/1.1/jimfs-1.1.pom to /root/.gradle/.tmp/gradle_download13571872560162971178bin
[ +199 ms] Resource missing. [HTTP GET: https://dl.google.com/dl/android/maven2/com/sun/activation/javax.activation/1.2.0/javax.activation-1.2.0.pom]
[        ] Downloading https://repo.maven.apache.org/maven2/com/sun/activation/javax.activation/1.2.0/javax.activation-1.2.0.pom to /root/.gradle/.tmp/gradle_download5584690398032639860bin
[ +299 ms] Resource missing. [HTTP GET: https://dl.google.com/dl/android/maven2/com/sun/activation/all/1.2.0/all-1.2.0.pom]
[        ] Resource missing. [HTTP GET: https://dl.google.com/dl/android/maven2/com/google/jimfs/jimfs-parent/1.1/jimfs-parent-1.1.pom]
[        ] Downloading https://repo.maven.apache.org/maven2/com/sun/activation/all/1.2.0/all-1.2.0.pom to /root/.gradle/.tmp/gradle_download17066609626754923796bin
[        ] Downloading https://repo.maven.apache.org/maven2/com/google/jimfs/jimfs-parent/1.1/jimfs-parent-1.1.pom to /root/.gradle/.tmp/gradle_download1527540911439507635bin
[ +199 ms] Resource missing. [HTTP GET: https://dl.google.com/dl/android/maven2/net/java/jvnet-parent/1/jvnet-parent-1.pom]
[        ] Downloading https://repo.maven.apache.org/maven2/net/java/jvnet-parent/1/jvnet-parent-1.pom to /root/.gradle/.tmp/gradle_download5232496555965945685bin
[ +399 ms] Downloading https://dl.google.com/dl/android/maven2/com/android/tools/annotations/31.11.1/annotations-31.11.1.pom to /root/.gradle/.tmp/gradle_download4267881681512396957bin
[  +99 ms] Resource missing. [HTTP GET: https://dl.google.com/dl/android/maven2/org/apache/httpcomponents/httpclient/4.5.14/httpclient-4.5.14.pom]
[        ] Downloading https://repo.maven.apache.org/maven2/org/apache/httpcomponents/httpclient/4.5.14/httpclient-4.5.14.pom to /root/.gradle/.tmp/gradle_download4540921005763747454bin
[ +199 ms] Resource missing. [HTTP GET: https://dl.google.com/dl/android/maven2/org/apache/httpcomponents/httpcomponents-client/4.5.14/httpcomponents-client-4.5.14.pom]
[        ] Downloading https://repo.maven.apache.org/maven2/org/apache/httpcomponents/httpcomponents-client/4.5.14/httpcomponents-client-4.5.14.pom to /root/.gradle/.tmp/gradle_download4099318323298795643bin
[ +199 ms] Resource missing. [HTTP GET: https://dl.google.com/dl/android/maven2/net/java/dev/jna/jna-platform/5.6.0/jna-platform-5.6.0.pom]
[        ] Downloading https://repo.maven.apache.org/maven2/net/java/dev/jna/jna-platform/5.6.0/jna-platform-5.6.0.pom to /root/.gradle/.tmp/gradle_download13402054740255899040bin
[ +399 ms] Downloading https://dl.google.com/dl/android/maven2/com/android/tools/analytics-library/protos/31.11.1/protos-31.11.1.pom to /root/.gradle/.tmp/gradle_download10280037223188602386bin
[ +200 ms] Resource missing. [HTTP GET: https://dl.google.com/dl/android/maven2/com/googlecode/juniversalchardet/juniversalchardet/1.0.3/juniversalchardet-1.0.3.pom]
[        ] Downloading https://repo.maven.apache.org/maven2/com/googlecode/juniversalchardet/juniversalchardet/1.0.3/juniversalchardet-1.0.3.pom to /root/.gradle/.tmp/gradle_download4315521145606769793bin
[ +499 ms] Resource missing. [HTTP GET: https://dl.google.com/dl/android/maven2/javax/annotation/javax.annotation-api/1.3.2/javax.annotation-api-1.3.2.pom]
[        ] Downloading https://repo.maven.apache.org/maven2/javax/annotation/javax.annotation-api/1.3.2/javax.annotation-api-1.3.2.pom to /root/.gradle/.tmp/gradle_download6909760574987250852bin
[ +199 ms] Resource missing. [HTTP GET: https://dl.google.com/dl/android/maven2/net/java/jvnet-parent/3/jvnet-parent-3.pom]
[  +99 ms] Downloading https://repo.maven.apache.org/maven2/net/java/jvnet-parent/3/jvnet-parent-3.pom to /root/.gradle/.tmp/gradle_download9168105563616528149bin
[ +400 ms] Resource missing. [HTTP GET: https://dl.google.com/dl/android/maven2/org/ow2/asm/asm-tree/9.7.1/asm-tree-9.7.1.pom]
[  +99 ms] Downloading https://repo.maven.apache.org/maven2/org/ow2/asm/asm-tree/9.7.1/asm-tree-9.7.1.pom to /root/.gradle/.tmp/gradle_download15052474139984489257bin
[ +200 ms] Resource missing. [HTTP GET: https://dl.google.com/dl/android/maven2/org/bouncycastle/bcutil-jdk18on/1.79/bcutil-jdk18on-1.79.pom]
[        ] Downloading https://repo.maven.apache.org/maven2/org/bouncycastle/bcutil-jdk18on/1.79/bcutil-jdk18on-1.79.pom to /root/.gradle/.tmp/gradle_download962784844532267920bin
[  +99 ms] Resource missing. [HTTP GET: https://dl.google.com/dl/android/maven2/jakarta/activation/jakarta.activation-api/1.2.1/jakarta.activation-api-1.2.1.pom]
[        ] Resource missing. [HTTP GET: https://dl.google.com/dl/android/maven2/com/sun/istack/istack-commons-runtime/3.0.8/istack-commons-runtime-3.0.8.pom]
[        ] Resource missing. [HTTP GET: https://dl.google.com/dl/android/maven2/org/jvnet/staxex/stax-ex/1.8.1/stax-ex-1.8.1.pom]
[        ] Resource missing. [HTTP GET: https://dl.google.com/dl/android/maven2/com/sun/xml/fastinfoset/FastInfoset/1.2.16/FastInfoset-1.2.16.pom]
[        ] Resource missing. [HTTP GET: https://dl.google.com/dl/android/maven2/jakarta/xml/bind/jakarta.xml.bind-api/2.3.2/jakarta.xml.bind-api-2.3.2.pom]
[        ] Downloading https://repo.maven.apache.org/maven2/com/sun/istack/istack-commons-runtime/3.0.8/istack-commons-runtime-3.0.8.pom to /root/.gradle/.tmp/gradle_download2926890528669567641bin
[        ] Downloading https://repo.maven.apache.org/maven2/com/sun/xml/fastinfoset/FastInfoset/1.2.16/FastInfoset-1.2.16.pom to /root/.gradle/.tmp/gradle_download9500859210135194158bin
[  +99 ms] Downloading https://repo.maven.apache.org/maven2/org/jvnet/staxex/stax-ex/1.8.1/stax-ex-1.8.1.pom to /root/.gradle/.tmp/gradle_download18868670448302599bin
[        ] Downloading https://repo.maven.apache.org/maven2/jakarta/activation/jakarta.activation-api/1.2.1/jakarta.activation-api-1.2.1.pom to /root/.gradle/.tmp/gradle_download5103168725423007126bin
[        ] Downloading https://repo.maven.apache.org/maven2/jakarta/xml/bind/jakarta.xml.bind-api/2.3.2/jakarta.xml.bind-api-2.3.2.pom to /root/.gradle/.tmp/gradle_download17487231758519864397bin
[ +299 ms] Resource missing. [HTTP GET: https://dl.google.com/dl/android/maven2/org/glassfish/jaxb/txw2/2.3.2/txw2-2.3.2.pom]
[        ] Downloading https://repo.maven.apache.org/maven2/org/glassfish/jaxb/txw2/2.3.2/txw2-2.3.2.pom to /root/.gradle/.tmp/gradle_download14438745418717648609bin
[ +199 ms] Resource missing. [HTTP GET: https://dl.google.com/dl/android/maven2/com/sun/activation/all/1.2.1/all-1.2.1.pom]
[        ] Resource missing. [HTTP GET: https://dl.google.com/dl/android/maven2/com/sun/xml/bind/mvn/jaxb-txw-parent/2.3.2/jaxb-txw-parent-2.3.2.pom]
[        ] Resource missing. [HTTP GET: https://dl.google.com/dl/android/maven2/com/sun/xml/fastinfoset/fastinfoset-project/1.2.16/fastinfoset-project-1.2.16.pom]
[        ] Resource missing. [HTTP GET: https://dl.google.com/dl/android/maven2/com/sun/istack/istack-commons/3.0.8/istack-commons-3.0.8.pom]
[        ] Downloading https://repo.maven.apache.org/maven2/com/sun/activation/all/1.2.1/all-1.2.1.pom to /root/.gradle/.tmp/gradle_download5081912367265789316bin
[        ] Resource missing. [HTTP GET: https://dl.google.com/dl/android/maven2/jakarta/xml/bind/jakarta.xml.bind-api-parent/2.3.2/jakarta.xml.bind-api-parent-2.3.2.pom]
[        ] Downloading https://repo.maven.apache.org/maven2/com/sun/xml/bind/mvn/jaxb-txw-parent/2.3.2/jaxb-txw-parent-2.3.2.pom to /root/.gradle/.tmp/gradle_download17889780491893688073bin
[        ] Downloading https://repo.maven.apache.org/maven2/com/sun/istack/istack-commons/3.0.8/istack-commons-3.0.8.pom to /root/.gradle/.tmp/gradle_download11023809811676824912bin
[        ] Downloading https://repo.maven.apache.org/maven2/com/sun/xml/fastinfoset/fastinfoset-project/1.2.16/fastinfoset-project-1.2.16.pom to /root/.gradle/.tmp/gradle_download13024617834533224627bin
[        ] Downloading https://repo.maven.apache.org/maven2/jakarta/xml/bind/jakarta.xml.bind-api-parent/2.3.2/jakarta.xml.bind-api-parent-2.3.2.pom to /root/.gradle/.tmp/gradle_download16596834064666270742bin
[ +199 ms] Resource missing. [HTTP GET: https://dl.google.com/dl/android/maven2/org/eclipse/ee4j/project/1.0.2/project-1.0.2.pom]
[        ] Downloading https://repo.maven.apache.org/maven2/org/eclipse/ee4j/project/1.0.2/project-1.0.2.pom to /root/.gradle/.tmp/gradle_download14485137903836900319bin
[ +199 ms] Resource missing. [HTTP GET: https://dl.google.com/dl/android/maven2/com/google/errorprone/error_prone_annotations/2.3.1/error_prone_annotations-2.3.1.pom]
[        ] Resource missing. [HTTP GET: https://dl.google.com/dl/android/maven2/com/google/dagger/dagger/2.28.3/dagger-2.28.3.pom]
[        ] Resource missing. [HTTP GET: https://dl.google.com/dl/android/maven2/org/slf4j/slf4j-api/1.7.30/slf4j-api-1.7.30.pom]
[        ] Downloading https://repo.maven.apache.org/maven2/org/slf4j/slf4j-api/1.7.30/slf4j-api-1.7.30.pom to /root/.gradle/.tmp/gradle_download8284103907087414507bin
[        ] Downloading https://repo.maven.apache.org/maven2/com/google/errorprone/error_prone_annotations/2.3.1/error_prone_annotations-2.3.1.pom to /root/.gradle/.tmp/gradle_download3161614515676223397bin
[        ] Downloading https://repo.maven.apache.org/maven2/com/google/dagger/dagger/2.28.3/dagger-2.28.3.pom to /root/.gradle/.tmp/gradle_download582933606656427016bin
[  +99 ms] Resource missing. [HTTP GET: https://dl.google.com/dl/android/maven2/com/google/auto/value/auto-value-annotations/1.6.2/auto-value-annotations-1.6.2.pom]
[        ] Downloading https://repo.maven.apache.org/maven2/com/google/auto/value/auto-value-annotations/1.6.2/auto-value-annotations-1.6.2.pom to /root/.gradle/.tmp/gradle_download9846506607959618177bin
[ +399 ms] Resource missing. [HTTP GET: https://dl.google.com/dl/android/maven2/org/bitbucket/b_c/jose4j/0.9.5/jose4j-0.9.5.pom]
[        ] Resource missing. [HTTP GET: https://dl.google.com/dl/android/maven2/com/google/auto/value/auto-value-parent/1.6.2/auto-value-parent-1.6.2.pom]
[        ] Resource missing. [HTTP GET: https://dl.google.com/dl/android/maven2/com/google/errorprone/error_prone_parent/2.3.1/error_prone_parent-2.3.1.pom]
[        ] Resource missing. [HTTP GET: https://dl.google.com/dl/android/maven2/org/slf4j/slf4j-parent/1.7.30/slf4j-parent-1.7.30.pom]
[        ] Downloading https://repo.maven.apache.org/maven2/com/google/errorprone/error_prone_parent/2.3.1/error_prone_parent-2.3.1.pom to /root/.gradle/.tmp/gradle_download14835977302679106503bin
[        ] Downloading https://repo.maven.apache.org/maven2/org/bitbucket/b_c/jose4j/0.9.5/jose4j-0.9.5.pom to /root/.gradle/.tmp/gradle_download7083914388495753534bin
[        ] Downloading https://repo.maven.apache.org/maven2/com/google/auto/value/auto-value-parent/1.6.2/auto-value-parent-1.6.2.pom to /root/.gradle/.tmp/gradle_download12765867550195823032bin
[        ] Downloading https://repo.maven.apache.org/maven2/org/slf4j/slf4j-parent/1.7.30/slf4j-parent-1.7.30.pom to /root/.gradle/.tmp/gradle_download4051587842543206406bin
[ +199 ms] Resource missing. [HTTP GET: https://dl.google.com/dl/android/maven2/com/google/auto/auto-parent/6/auto-parent-6.pom]
[        ] Downloading https://repo.maven.apache.org/maven2/com/google/auto/auto-parent/6/auto-parent-6.pom to /root/.gradle/.tmp/gradle_download10239920190508480333bin
[ +599 ms] Resource missing. [HTTP GET: https://dl.google.com/dl/android/maven2/org/jdom/jdom2/2.0.6/jdom2-2.0.6.pom]
[        ] Downloading https://repo.maven.apache.org/maven2/org/jdom/jdom2/2.0.6/jdom2-2.0.6.pom to /root/.gradle/.tmp/gradle_download2287300250783738152bin
[ +199 ms] Resource missing. [HTTP GET: https://dl.google.com/dl/android/maven2/com/google/errorprone/error_prone_annotations/2.18.0/error_prone_annotations-2.18.0.pom]
[        ] Downloading https://repo.maven.apache.org/maven2/com/google/errorprone/error_prone_annotations/2.18.0/error_prone_annotations-2.18.0.pom to /root/.gradle/.tmp/gradle_download12580926102760136485bin
[ +599 ms] Resource missing. [HTTP GET: https://dl.google.com/dl/android/maven2/com/google/errorprone/error_prone_parent/2.18.0/error_prone_parent-2.18.0.pom]
[ +100 ms] Downloading https://repo.maven.apache.org/maven2/com/google/errorprone/error_prone_parent/2.18.0/error_prone_parent-2.18.0.pom to /root/.gradle/.tmp/gradle_download11581489984698894820bin
[  +99 ms] Resource missing. [HTTP GET: https://dl.google.com/dl/android/maven2/com/google/code/findbugs/jsr305/3.0.2/jsr305-3.0.2.pom]
[        ] Resource missing. [HTTP GET: https://dl.google.com/dl/android/maven2/com/google/j2objc/j2objc-annotations/2.8/j2objc-annotations-2.8.pom]
[        ] Downloading https://repo.maven.apache.org/maven2/com/google/j2objc/j2objc-annotations/2.8/j2objc-annotations-2.8.pom to /root/.gradle/.tmp/gradle_download12865405299948037805bin
[        ] Downloading https://repo.maven.apache.org/maven2/com/google/code/findbugs/jsr305/3.0.2/jsr305-3.0.2.pom to /root/.gradle/.tmp/gradle_download17884648088492302780bin
[ +700 ms] Resource missing. [HTTP GET: https://dl.google.com/dl/android/maven2/org/sonatype/oss/oss-parent/9/oss-parent-9.pom]
[        ] Downloading https://repo.maven.apache.org/maven2/org/sonatype/oss/oss-parent/9/oss-parent-9.pom to /root/.gradle/.tmp/gradle_download16016163026706486315bin
[ +199 ms] Resource missing. [HTTP GET: https://dl.google.com/dl/android/maven2/com/google/errorprone/error_prone_annotations/2.27.0/error_prone_annotations-2.27.0.pom]
[        ] Downloading https://repo.maven.apache.org/maven2/com/google/errorprone/error_prone_annotations/2.27.0/error_prone_annotations-2.27.0.pom to /root/.gradle/.tmp/gradle_download430444261202367051bin
[ +499 ms] Resource missing. [HTTP GET: https://dl.google.com/dl/android/maven2/com/google/errorprone/error_prone_parent/2.27.0/error_prone_parent-2.27.0.pom]
[        ] Downloading https://repo.maven.apache.org/maven2/com/google/errorprone/error_prone_parent/2.27.0/error_prone_parent-2.27.0.pom to /root/.gradle/.tmp/gradle_download13785757829720202256bin
[ +199 ms] Resource missing. [HTTP GET: https://dl.google.com/dl/android/maven2/com/google/errorprone/error_prone_annotations/2.30.0/error_prone_annotations-2.30.0.pom]
[        ] Downloading https://repo.maven.apache.org/maven2/com/google/errorprone/error_prone_annotations/2.30.0/error_prone_annotations-2.30.0.pom to /root/.gradle/.tmp/gradle_download12968943185758740530bin
[ +599 ms] Resource missing. [HTTP GET: https://dl.google.com/dl/android/maven2/com/google/errorprone/error_prone_parent/2.30.0/error_prone_parent-2.30.0.pom]
[        ] Downloading https://repo.maven.apache.org/maven2/com/google/errorprone/error_prone_parent/2.30.0/error_prone_parent-2.30.0.pom to /root/.gradle/.tmp/gradle_download17471596561643564811bin
[  +99 ms] Resource missing. [HTTP GET: https://dl.google.com/dl/android/maven2/io/perfmark/perfmark-api/0.27.0/perfmark-api-0.27.0.pom]
[  +99 ms] Resource missing. [HTTP GET: https://dl.google.com/dl/android/maven2/com/google/android/annotations/4.1.1.4/annotations-4.1.1.4.pom]
[        ] Resource missing. [HTTP GET: https://dl.google.com/dl/android/maven2/org/codehaus/mojo/animal-sniffer-annotations/1.24/animal-sniffer-annotations-1.24.pom]
[        ] Resource missing. [HTTP GET: https://dl.google.com/dl/android/maven2/io/grpc/grpc-api/1.69.1/grpc-api-1.69.1.pom]
[        ] Resource missing. [HTTP GET: https://dl.google.com/dl/android/maven2/io/grpc/grpc-context/1.69.1/grpc-context-1.69.1.pom]
[        ] Downloading https://repo.maven.apache.org/maven2/com/google/android/annotations/4.1.1.4/annotations-4.1.1.4.pom to /root/.gradle/.tmp/gradle_download2126399211313030658bin
[        ] Downloading https://repo.maven.apache.org/maven2/io/perfmark/perfmark-api/0.27.0/perfmark-api-0.27.0.pom to /root/.gradle/.tmp/gradle_download16792784960839664860bin
[        ] Downloading https://repo.maven.apache.org/maven2/org/codehaus/mojo/animal-sniffer-annotations/1.24/animal-sniffer-annotations-1.24.pom to /root/.gradle/.tmp/gradle_download8138837598453439802bin
[        ] Downloading https://repo.maven.apache.org/maven2/io/grpc/grpc-api/1.69.1/grpc-api-1.69.1.pom to /root/.gradle/.tmp/gradle_download17732281815349707858bin
[        ] Downloading https://repo.maven.apache.org/maven2/io/grpc/grpc-context/1.69.1/grpc-context-1.69.1.pom to /root/.gradle/.tmp/gradle_download4128951679433307767bin
[        ] Downloading https://repo.maven.apache.org/maven2/io/perfmark/perfmark-api/0.27.0/perfmark-api-0.27.0.module to /root/.gradle/.tmp/gradle_download10100853011621369428bin
[ +499 ms] Resource missing. [HTTP GET: https://dl.google.com/dl/android/maven2/org/codehaus/mojo/animal-sniffer-parent/1.24/animal-sniffer-parent-1.24.pom]
[        ] Downloading https://repo.maven.apache.org/maven2/org/codehaus/mojo/animal-sniffer-parent/1.24/animal-sniffer-parent-1.24.pom to /root/.gradle/.tmp/gradle_download8600600010391899735bin
[ +199 ms] Resource missing. [HTTP GET: https://dl.google.com/dl/android/maven2/org/codehaus/mojo/mojo-parent/84/mojo-parent-84.pom]
[        ] Downloading https://repo.maven.apache.org/maven2/org/codehaus/mojo/mojo-parent/84/mojo-parent-84.pom to /root/.gradle/.tmp/gradle_download5275722355035201058bin
[ +199 ms] Resource missing. [HTTP GET: https://dl.google.com/dl/android/maven2/io/netty/netty-codec-http2/4.1.110.Final/netty-codec-http2-4.1.110.Final.pom]
[        ] Resource missing. [HTTP GET: https://dl.google.com/dl/android/maven2/io/netty/netty-handler-proxy/4.1.110.Final/netty-handler-proxy-4.1.110.Final.pom]
[        ] Downloading https://repo.maven.apache.org/maven2/io/netty/netty-codec-http2/4.1.110.Final/netty-codec-http2-4.1.110.Final.pom to /root/.gradle/.tmp/gradle_download9004566475425835315bin
[        ] Downloading https://repo.maven.apache.org/maven2/io/netty/netty-handler-proxy/4.1.110.Final/netty-handler-proxy-4.1.110.Final.pom to /root/.gradle/.tmp/gradle_download786524589252144549bin
[        ] Resource missing. [HTTP GET: https://dl.google.com/dl/android/maven2/io/netty/netty-transport-native-unix-common/4.1.110.Final/netty-transport-native-unix-common-4.1.110.Final.pom]
[        ] Downloading https://repo.maven.apache.org/maven2/io/netty/netty-transport-native-unix-common/4.1.110.Final/netty-transport-native-unix-common-4.1.110.Final.pom to /root/.gradle/.tmp/gradle_download16698482964780397387bin
[ +299 ms] Resource missing. [HTTP GET: https://dl.google.com/dl/android/maven2/io/grpc/grpc-util/1.69.1/grpc-util-1.69.1.pom]
[ +100 ms] Downloading https://repo.maven.apache.org/maven2/io/grpc/grpc-util/1.69.1/grpc-util-1.69.1.pom to /root/.gradle/.tmp/gradle_download7215739353079297765bin
[ +199 ms] Resource missing. [HTTP GET: https://dl.google.com/dl/android/maven2/io/netty/netty-parent/4.1.110.Final/netty-parent-4.1.110.Final.pom]
[ +100 ms] Downloading https://repo.maven.apache.org/maven2/io/netty/netty-parent/4.1.110.Final/netty-parent-4.1.110.Final.pom to /root/.gradle/.tmp/gradle_download7450352341471427947bin
[ +100 ms] Resource missing. [HTTP GET: https://dl.google.com/dl/android/maven2/io/grpc/grpc-protobuf-lite/1.69.1/grpc-protobuf-lite-1.69.1.pom]
[        ] Resource missing. [HTTP GET: https://dl.google.com/dl/android/maven2/com/google/api/grpc/proto-google-common-protos/2.48.0/proto-google-common-protos-2.48.0.pom]
[  +99 ms] Downloading https://repo.maven.apache.org/maven2/io/grpc/grpc-protobuf-lite/1.69.1/grpc-protobuf-lite-1.69.1.pom to /root/.gradle/.tmp/gradle_download6200949168292428771bin
[        ] Downloading https://repo.maven.apache.org/maven2/com/google/api/grpc/proto-google-common-protos/2.48.0/proto-google-common-protos-2.48.0.pom to /root/.gradle/.tmp/gradle_download5223833099621097854bin
[ +599 ms] Resource missing. [HTTP GET: https://dl.google.com/dl/android/maven2/org/checkerframework/checker-qual/2.5.8/checker-qual-2.5.8.pom]
[        ] Downloading https://repo.maven.apache.org/maven2/org/checkerframework/checker-qual/2.5.8/checker-qual-2.5.8.pom to /root/.gradle/.tmp/gradle_download9898820598246396289bin
[ +299 ms] Downloading https://dl.google.com/dl/android/maven2/com/android/signflinger/8.11.1/signflinger-8.11.1.pom to /root/.gradle/.tmp/gradle_download8998844974970613536bin
[        ] Downloading https://dl.google.com/dl/android/maven2/com/android/tools/analytics-library/tracker/31.11.1/tracker-31.11.1.pom to /root/.gradle/.tmp/gradle_download12078928713841161662bin
[ +399 ms] Resource missing. [HTTP GET: https://dl.google.com/dl/android/maven2/org/jetbrains/kotlin/kotlin-gradle-plugin-annotations/2.2.20/kotlin-gradle-plugin-annotations-2.2.20.pom]
[        ] Downloading https://repo.maven.apache.org/maven2/org/jetbrains/kotlin/kotlin-gradle-plugin-annotations/2.2.20/kotlin-gradle-plugin-annotations-2.2.20.pom to /root/.gradle/.tmp/gradle_download2803072237171271524bin
[        ] Resource missing. [HTTP GET: https://dl.google.com/dl/android/maven2/org/jetbrains/kotlin/kotlin-tooling-core/2.2.20/kotlin-tooling-core-2.2.20.pom]
[  +99 ms] Downloading https://repo.maven.apache.org/maven2/org/jetbrains/kotlin/kotlin-tooling-core/2.2.20/kotlin-tooling-core-2.2.20.pom to /root/.gradle/.tmp/gradle_download17551692768295528181bin
[ +300 ms] Resource missing. [HTTP GET: https://dl.google.com/dl/android/maven2/org/jetbrains/kotlin/kotlin-native-utils/2.2.20/kotlin-native-utils-2.2.20.pom]
[        ] Downloading https://repo.maven.apache.org/maven2/org/jetbrains/kotlin/kotlin-native-utils/2.2.20/kotlin-native-utils-2.2.20.pom to /root/.gradle/.tmp/gradle_download2928436468098616086bin
[ +399 ms] Resource missing. [HTTP GET: https://dl.google.com/dl/android/maven2/org/jetbrains/kotlin/kotlin-build-tools-api/2.2.20/kotlin-build-tools-api-2.2.20.pom]
[        ] Downloading https://repo.maven.apache.org/maven2/org/jetbrains/kotlin/kotlin-build-tools-api/2.2.20/kotlin-build-tools-api-2.2.20.pom to /root/.gradle/.tmp/gradle_download866634550041019964bin
[ +399 ms] Resource missing. [HTTP GET: https://dl.google.com/dl/android/maven2/org/jetbrains/kotlin/kotlin-util-io/2.2.20/kotlin-util-io-2.2.20.pom]
[        ] Downloading https://repo.maven.apache.org/maven2/org/jetbrains/kotlin/kotlin-util-io/2.2.20/kotlin-util-io-2.2.20.pom to /root/.gradle/.tmp/gradle_download13449249052812537630bin
[ +299 ms] Resource missing. [HTTP GET: https://dl.google.com/dl/android/maven2/org/jetbrains/kotlin/kotlin-util-klib/2.2.20/kotlin-util-klib-2.2.20.pom]
[        ] Downloading https://repo.maven.apache.org/maven2/org/jetbrains/kotlin/kotlin-util-klib/2.2.20/kotlin-util-klib-2.2.20.pom to /root/.gradle/.tmp/gradle_download7539370482176716477bin
[ +199 ms] Resource missing. [HTTP GET: https://dl.google.com/dl/android/maven2/org/jetbrains/kotlinx/kotlinx-coroutines-core-jvm/1.8.0/kotlinx-coroutines-core-jvm-1.8.0.pom]
[        ] Resource missing. [HTTP GET: https://dl.google.com/dl/android/maven2/org/jetbrains/kotlin/kotlin-daemon-client/2.2.20/kotlin-daemon-client-2.2.20.pom]
[        ] Downloading https://repo.maven.apache.org/maven2/org/jetbrains/kotlin/kotlin-daemon-client/2.2.20/kotlin-daemon-client-2.2.20.pom to /root/.gradle/.tmp/gradle_download13360615790979279559bin
[        ] Downloading https://repo.maven.apache.org/maven2/org/jetbrains/kotlinx/kotlinx-coroutines-core-jvm/1.8.0/kotlinx-coroutines-core-jvm-1.8.0.pom to /root/.gradle/.tmp/gradle_download10376288510552922911bin
[ +599 ms] Resource missing. [HTTP GET: https://dl.google.com/dl/android/maven2/org/jetbrains/kotlinx/kotlinx-coroutines-bom/1.8.0/kotlinx-coroutines-bom-1.8.0.pom]
[        ] Downloading https://repo.maven.apache.org/maven2/org/jetbrains/kotlinx/kotlinx-coroutines-bom/1.8.0/kotlinx-coroutines-bom-1.8.0.pom to /root/.gradle/.tmp/gradle_download18074183526478702637bin
[  +99 ms] Downloading https://repo.maven.apache.org/maven2/org/jetbrains/kotlinx/kotlinx-coroutines-core-jvm/1.8.0/kotlinx-coroutines-core-jvm-1.8.0.module to /root/.gradle/.tmp/gradle_download1365064536673667825bin
[  +99 ms] Resource missing. [HTTP GET: https://dl.google.com/dl/android/maven2/org/jetbrains/kotlin/kotlin-stdlib-jdk7/2.1.20/kotlin-stdlib-jdk7-2.1.20.pom]
[        ] Downloading https://repo.maven.apache.org/maven2/org/jetbrains/kotlin/kotlin-stdlib-jdk7/2.1.20/kotlin-stdlib-jdk7-2.1.20.pom to /root/.gradle/.tmp/gradle_download14187120982518861018bin
[ +599 ms] Resource missing. [HTTP GET: https://dl.google.com/dl/android/maven2/org/checkerframework/checker-qual/3.43.0/checker-qual-3.43.0.pom]
[        ] Downloading https://repo.maven.apache.org/maven2/org/checkerframework/checker-qual/3.43.0/checker-qual-3.43.0.pom to /root/.gradle/.tmp/gradle_download6133353863739043870bin
[        ] Downloading https://repo.maven.apache.org/maven2/org/checkerframework/checker-qual/3.43.0/checker-qual-3.43.0.module to /root/.gradle/.tmp/gradle_download13276030366567841054bin
[ +199 ms] Resource missing. [HTTP GET: https://dl.google.com/dl/android/maven2/com/google/j2objc/j2objc-annotations/3.0.0/j2objc-annotations-3.0.0.pom]
[ +100 ms] Downloading https://repo.maven.apache.org/maven2/com/google/j2objc/j2objc-annotations/3.0.0/j2objc-annotations-3.0.0.pom to /root/.gradle/.tmp/gradle_download5281844092675884079bin
[ +100 ms] Resource missing. [HTTP GET: https://dl.google.com/dl/android/maven2/com/google/guava/listenablefuture/9999.0-empty-to-avoid-conflict-with-guava/listenablefuture-9999.0-empty-to-avoid-conflict-with-guava.pom]
[        ] Downloading https://repo.maven.apache.org/maven2/com/google/guava/listenablefuture/9999.0-empty-to-avoid-conflict-with-guava/listenablefuture-9999.0-empty-to-avoid-conflict-with-guava.pom to /root/.gradle/.tmp/gradle_download4305156568693474600bin
[ +299 ms] Resource missing. [HTTP GET: https://dl.google.com/dl/android/maven2/com/google/guava/failureaccess/1.0.2/failureaccess-1.0.2.pom]
[        ] Downloading https://repo.maven.apache.org/maven2/com/google/guava/failureaccess/1.0.2/failureaccess-1.0.2.pom to /root/.gradle/.tmp/gradle_download13988679806539687986bin
[ +399 ms] Resource missing. [HTTP GET: https://dl.google.com/dl/android/maven2/com/google/guava/guava-parent/26.0-android/guava-parent-26.0-android.pom]
[        ] Downloading https://repo.maven.apache.org/maven2/com/google/guava/guava-parent/26.0-android/guava-parent-26.0-android.pom to /root/.gradle/.tmp/gradle_download4960561716305024146bin
[  +99 ms] Resource missing. [HTTP GET: https://dl.google.com/dl/android/maven2/commons-logging/commons-logging/1.2/commons-logging-1.2.pom]
[        ] Resource missing. [HTTP GET: https://dl.google.com/dl/android/maven2/commons-codec/commons-codec/1.11/commons-codec-1.11.pom]
[  +99 ms] Downloading https://repo.maven.apache.org/maven2/commons-logging/commons-logging/1.2/commons-logging-1.2.pom to /root/.gradle/.tmp/gradle_download13953612946404798451bin
[        ] Downloading https://repo.maven.apache.org/maven2/commons-codec/commons-codec/1.11/commons-codec-1.11.pom to /root/.gradle/.tmp/gradle_download5642669887239929287bin
[  +99 ms] Resource missing. [HTTP GET: https://dl.google.com/dl/android/maven2/org/apache/commons/commons-parent/34/commons-parent-34.pom]
[ +100 ms] Downloading https://repo.maven.apache.org/maven2/org/apache/commons/commons-parent/34/commons-parent-34.pom to /root/.gradle/.tmp/gradle_download17315857378914996570bin
[ +199 ms] Resource missing. [HTTP GET: https://dl.google.com/dl/android/maven2/org/apache/apache/13/apache-13.pom]
[        ] Downloading https://repo.maven.apache.org/maven2/org/apache/apache/13/apache-13.pom to /root/.gradle/.tmp/gradle_download11889784234642554617bin
[ +199 ms] Resource missing. [HTTP GET: https://dl.google.com/dl/android/maven2/org/apache/commons/commons-parent/42/commons-parent-42.pom]
[        ] Downloading https://repo.maven.apache.org/maven2/org/apache/commons/commons-parent/42/commons-parent-42.pom to /root/.gradle/.tmp/gradle_download9045814447571907298bin
[ +199 ms] Resource missing. [HTTP GET: https://dl.google.com/dl/android/maven2/net/java/dev/jna/jna/5.6.0/jna-5.6.0.pom]
[        ] Downloading https://repo.maven.apache.org/maven2/net/java/dev/jna/jna/5.6.0/jna-5.6.0.pom to /root/.gradle/.tmp/gradle_download5185250151454790580bin
[  +99 ms] Resource missing. [HTTP GET: https://dl.google.com/dl/android/maven2/io/netty/netty-handler/4.1.110.Final/netty-handler-4.1.110.Final.pom]
[        ] Resource missing. [HTTP GET: https://dl.google.com/dl/android/maven2/io/netty/netty-codec/4.1.110.Final/netty-codec-4.1.110.Final.pom]
[        ] Resource missing. [HTTP GET: https://dl.google.com/dl/android/maven2/io/netty/netty-codec-http/4.1.110.Final/netty-codec-http-4.1.110.Final.pom]
[        ] Resource missing. [HTTP GET: https://dl.google.com/dl/android/maven2/io/netty/netty-buffer/4.1.110.Final/netty-buffer-4.1.110.Final.pom]
[  +99 ms] Resource missing. [HTTP GET: https://dl.google.com/dl/android/maven2/io/netty/netty-transport/4.1.110.Final/netty-transport-4.1.110.Final.pom]
[        ] Downloading https://repo.maven.apache.org/maven2/io/netty/netty-handler/4.1.110.Final/netty-handler-4.1.110.Final.pom to /root/.gradle/.tmp/gradle_download11262745679397384684bin
[        ] Downloading https://repo.maven.apache.org/maven2/io/netty/netty-codec/4.1.110.Final/netty-codec-4.1.110.Final.pom to /root/.gradle/.tmp/gradle_download11435735583608900799bin
[        ] Downloading https://repo.maven.apache.org/maven2/io/netty/netty-codec-http/4.1.110.Final/netty-codec-http-4.1.110.Final.pom to /root/.gradle/.tmp/gradle_download687133022376538405bin
[        ] Downloading https://repo.maven.apache.org/maven2/io/netty/netty-transport/4.1.110.Final/netty-transport-4.1.110.Final.pom to /root/.gradle/.tmp/gradle_download10581784876901404012bin
[        ] Downloading https://repo.maven.apache.org/maven2/io/netty/netty-buffer/4.1.110.Final/netty-buffer-4.1.110.Final.pom to /root/.gradle/.tmp/gradle_download7320458866924095687bin
[  +99 ms] Resource missing. [HTTP GET: https://dl.google.com/dl/android/maven2/io/netty/netty-common/4.1.110.Final/netty-common-4.1.110.Final.pom]
[        ] Downloading https://repo.maven.apache.org/maven2/io/netty/netty-common/4.1.110.Final/netty-common-4.1.110.Final.pom to /root/.gradle/.tmp/gradle_download11856161867594390214bin
[ +199 ms] Resource missing. [HTTP GET: https://dl.google.com/dl/android/maven2/io/netty/netty-codec-socks/4.1.110.Final/netty-codec-socks-4.1.110.Final.pom]
[ +100 ms] Downloading https://repo.maven.apache.org/maven2/io/netty/netty-codec-socks/4.1.110.Final/netty-codec-socks-4.1.110.Final.pom to /root/.gradle/.tmp/gradle_download5685025476008517000bin
[ +100 ms] Resource missing. [HTTP GET: https://dl.google.com/dl/android/maven2/io/netty/netty-resolver/4.1.110.Final/netty-resolver-4.1.110.Final.pom]
[        ] Downloading https://repo.maven.apache.org/maven2/io/netty/netty-resolver/4.1.110.Final/netty-resolver-4.1.110.Final.pom to /root/.gradle/.tmp/gradle_download5906243716444065233bin
[ +199 ms] Downloading https://dl.google.com/dl/android/maven2/com/android/tools/utp/android-test-plugin-host-emulator-control-proto/31.11.1/android-test-plugin-host-emulator-control-proto-31.11.1.jar to /root/.gradle/.tmp/gradle_download2620113246404112565bin
[        ] Downloading https://dl.google.com/dl/android/maven2/com/android/tools/sdk-common/31.11.1/sdk-common-31.11.1.jar to /root/.gradle/.tmp/gradle_download1908754539430382975bin
[        ] Downloading https://dl.google.com/dl/android/maven2/androidx/databinding/databinding-compiler-common/8.11.1/databinding-compiler-common-8.11.1.jar to /root/.gradle/.tmp/gradle_download4594136247538259989bin
[        ] Downloading https://dl.google.com/dl/android/maven2/com/android/tools/build/jetifier/jetifier-processor/1.0.0-beta10/jetifier-processor-1.0.0-beta10.jar to /root/.gradle/.tmp/gradle_download12384109098371848058bin
[        ] Downloading https://dl.google.com/dl/android/maven2/com/android/tools/build/aaptcompiler/8.11.1/aaptcompiler-8.11.1.jar to /root/.gradle/.tmp/gradle_download5710268477155309826bin
[        ] Downloading https://dl.google.com/dl/android/maven2/com/android/tools/lint/lint-model/31.11.1/lint-model-31.11.1.jar to /root/.gradle/.tmp/gradle_download16080828906363423006bin
[        ] Downloading https://dl.google.com/dl/android/maven2/com/android/tools/build/jetifier/jetifier-core/1.0.0-beta10/jetifier-core-1.0.0-beta10.jar to /root/.gradle/.tmp/gradle_download3007448649702056732bin
[        ] Downloading https://dl.google.com/dl/android/maven2/com/android/tools/repository/31.11.1/repository-31.11.1.jar to /root/.gradle/.tmp/gradle_download17882092061071909181bin
[        ] Downloading https://dl.google.com/dl/android/maven2/com/android/tools/sdklib/31.11.1/sdklib-31.11.1.jar to /root/.gradle/.tmp/gradle_download16189106344547058523bin
[        ] Downloading https://dl.google.com/dl/android/maven2/com/android/tools/analytics-library/tracker/31.11.1/tracker-31.11.1.jar to /root/.gradle/.tmp/gradle_download8149804175438587718bin
[        ] Downloading https://dl.google.com/dl/android/maven2/com/android/tools/analytics-library/shared/31.11.1/shared-31.11.1.jar to /root/.gradle/.tmp/gradle_download6781418665750508299bin
[        ] Downloading https://dl.google.com/dl/android/maven2/com/android/tools/build/gradle-settings-api/8.11.1/gradle-settings-api-8.11.1.jar to /root/.gradle/.tmp/gradle_download13073737479359616705bin
[  +98 ms] Downloading https://repo.maven.apache.org/maven2/org/jetbrains/kotlin/kotlin-stdlib-jdk8/2.1.20/kotlin-stdlib-jdk8-2.1.20.jar to /root/.gradle/.tmp/gradle_download7868335336618596301bin
[        ] Downloading https://repo.maven.apache.org/maven2/org/jetbrains/kotlin/kotlin-stdlib-jdk7/2.1.20/kotlin-stdlib-jdk7-2.1.20.jar to /root/.gradle/.tmp/gradle_download2302269612610546646bin
[        ] Downloading https://repo.maven.apache.org/maven2/org/jetbrains/kotlin/kotlin-gradle-plugin-model/2.2.20/kotlin-gradle-plugin-model-2.2.20.jar to /root/.gradle/.tmp/gradle_download15765942241530433349bin
[        ] Downloading https://repo.maven.apache.org/maven2/org/jetbrains/kotlin/fus-statistics-gradle-plugin/2.2.20/fus-statistics-gradle-plugin-2.2.20-gradle813.jar to /root/.gradle/.tmp/gradle_download16627642633951669477bin
[        ] Downloading https://repo.maven.apache.org/maven2/org/jetbrains/kotlin/kotlin-gradle-plugin-api/2.2.20/kotlin-gradle-plugin-api-2.2.20-gradle813.jar to /root/.gradle/.tmp/gradle_download15519278663437170391bin
[        ] Downloading https://repo.maven.apache.org/maven2/org/jetbrains/kotlin/kotlin-gradle-plugin-api/2.2.20/kotlin-gradle-plugin-api-2.2.20.jar to /root/.gradle/.tmp/gradle_download6168342440277055391bin
[        ] Downloading https://repo.maven.apache.org/maven2/org/jetbrains/kotlin/kotlin-gradle-plugin/2.2.20/kotlin-gradle-plugin-2.2.20-gradle813.jar to /root/.gradle/.tmp/gradle_download15063436046083109080bin
[  +99 ms] Downloading https://dl.google.com/dl/android/maven2/com/android/tools/ddms/ddmlib/31.11.1/ddmlib-31.11.1.jar to /root/.gradle/.tmp/gradle_download7100179779345379384bin
[        ] Downloading https://dl.google.com/dl/android/maven2/com/android/tools/analytics-library/crash/31.11.1/crash-31.11.1.jar to /root/.gradle/.tmp/gradle_download6776047659570828896bin
[ +200 ms] Downloading https://dl.google.com/dl/android/maven2/com/android/tools/utp/android-device-provider-ddmlib-proto/31.11.1/android-device-provider-ddmlib-proto-31.11.1.jar to /root/.gradle/.tmp/gradle_download12618117227285457569bin
[        ] Downloading https://dl.google.com/dl/android/maven2/com/android/tools/utp/android-device-provider-gradle-proto/31.11.1/android-device-provider-gradle-proto-31.11.1.jar to /root/.gradle/.tmp/gradle_download6585733149425711035bin
[  +99 ms] Downloading https://dl.google.com/dl/android/maven2/com/android/tools/lint/lint-typedef-remover/31.11.1/lint-typedef-remover-31.11.1.jar to /root/.gradle/.tmp/gradle_download9936679745481544886bin
[        ] Downloading https://dl.google.com/dl/android/maven2/com/android/tools/layoutlib/layoutlib-api/31.11.1/layoutlib-api-31.11.1.jar to /root/.gradle/.tmp/gradle_download3239570610619855251bin
[        ] Downloading https://dl.google.com/dl/android/maven2/com/android/tools/common/31.11.1/common-31.11.1.jar to /root/.gradle/.tmp/gradle_download1205429872598233858bin
[        ] Downloading https://dl.google.com/dl/android/maven2/com/android/tools/build/builder-test-api/8.11.1/builder-test-api-8.11.1.jar to /root/.gradle/.tmp/gradle_download10885940566232415023bin
[        ] Downloading https://dl.google.com/dl/android/maven2/androidx/databinding/databinding-common/8.11.1/databinding-common-8.11.1.jar to /root/.gradle/.tmp/gradle_download3090838029584152559bin
[  +99 ms] Downloading https://dl.google.com/dl/android/maven2/com/android/tools/dvlib/31.11.1/dvlib-31.11.1.jar to /root/.gradle/.tmp/gradle_download6290144599981964607bin
[        ] Downloading https://dl.google.com/dl/android/maven2/com/android/tools/build/bundletool/1.18.1/bundletool-1.18.1.jar to /root/.gradle/.tmp/gradle_download6044163289475401316bin
[        ] Downloading https://dl.google.com/dl/android/maven2/com/android/tools/utp/android-test-plugin-host-additional-test-output-proto/31.11.1/android-test-plugin-host-additional-test-output-proto-31.11.1.jar to /root/.gradle/.tmp/gradle_download16418087432092387934bin
[        ] Downloading https://dl.google.com/dl/android/maven2/com/android/databinding/baseLibrary/8.11.1/baseLibrary-8.11.1.jar to /root/.gradle/.tmp/gradle_download9683427460161737581bin
[        ] Downloading https://dl.google.com/dl/android/maven2/com/android/tools/build/aapt2-proto/8.11.1-12782657/aapt2-proto-8.11.1-12782657.jar to /root/.gradle/.tmp/gradle_download16004529119457543793bin
[        ] Downloading https://dl.google.com/dl/android/maven2/com/android/tools/utp/android-device-provider-profile-proto/31.11.1/android-device-provider-profile-proto-31.11.1.jar to /root/.gradle/.tmp/gradle_download12112705692083655638bin
[        ] Downloading https://repo.maven.apache.org/maven2/org/apache/httpcomponents/httpmime/4.5.6/httpmime-4.5.6.jar to /root/.gradle/.tmp/gradle_download13003206200914732822bin
[        ] Downloading https://repo.maven.apache.org/maven2/org/ow2/asm/asm-analysis/9.7.1/asm-analysis-9.7.1.jar to /root/.gradle/.tmp/gradle_download5755611555863585184bin
[        ] Downloading https://repo.maven.apache.org/maven2/org/ow2/asm/asm-commons/9.7.1/asm-commons-9.7.1.jar to /root/.gradle/.tmp/gradle_download7632268822533111998bin
[        ] Downloading https://repo.maven.apache.org/maven2/org/ow2/asm/asm-util/9.7.1/asm-util-9.7.1.jar to /root/.gradle/.tmp/gradle_download17819169259082114274bin
[        ] Downloading https://repo.maven.apache.org/maven2/commons-io/commons-io/2.16.1/commons-io-2.16.1.jar to /root/.gradle/.tmp/gradle_download14026340839567211676bin
[  +99 ms] Downloading https://repo.maven.apache.org/maven2/org/ow2/asm/asm-tree/9.7.1/asm-tree-9.7.1.jar to /root/.gradle/.tmp/gradle_download16776276635194033995bin
[        ] Downloading https://repo.maven.apache.org/maven2/org/bouncycastle/bcpkix-jdk18on/1.79/bcpkix-jdk18on-1.79.jar to /root/.gradle/.tmp/gradle_download1183144966908039067bin
[        ] Downloading https://repo.maven.apache.org/maven2/net/sf/jopt-simple/jopt-simple/4.9/jopt-simple-4.9.jar to /root/.gradle/.tmp/gradle_download5055375426735948518bin
[        ] Downloading https://repo.maven.apache.org/maven2/org/glassfish/jaxb/jaxb-runtime/2.3.2/jaxb-runtime-2.3.2.jar to /root/.gradle/.tmp/gradle_download9825572228601119039bin
[        ] Downloading https://repo.maven.apache.org/maven2/com/squareup/javapoet/1.10.0/javapoet-1.10.0.jar to /root/.gradle/.tmp/gradle_download10291783394902059204bin
[        ] Downloading https://repo.maven.apache.org/maven2/com/google/crypto/tink/tink/1.7.0/tink-1.7.0.jar to /root/.gradle/.tmp/gradle_download790857060653658237bin
[  +98 ms] Downloading https://repo.maven.apache.org/maven2/io/grpc/grpc-protobuf/1.69.1/grpc-protobuf-1.69.1.jar to /root/.gradle/.tmp/gradle_download7685988570674478675bin
[        ] Downloading https://repo.maven.apache.org/maven2/com/google/protobuf/protobuf-java-util/3.25.5/protobuf-java-util-3.25.5.jar to /root/.gradle/.tmp/gradle_download1890219392008216617bin
[        ] Downloading https://repo.maven.apache.org/maven2/com/google/protobuf/protobuf-java/3.25.5/protobuf-java-3.25.5.jar to /root/.gradle/.tmp/gradle_download7426721117344324250bin
[        ] Downloading https://repo.maven.apache.org/maven2/com/google/api/grpc/proto-google-common-protos/2.48.0/proto-google-common-protos-2.48.0.jar to /root/.gradle/.tmp/gradle_download15602286778058329393bin
[        ] Downloading https://repo.maven.apache.org/maven2/io/grpc/grpc-netty/1.69.1/grpc-netty-1.69.1.jar to /root/.gradle/.tmp/gradle_download1734250393601258775bin
[        ] Downloading https://dl.google.com/dl/android/maven2/com/android/tools/utp/android-test-plugin-result-listener-gradle-proto/31.11.1/android-test-plugin-result-listener-gradle-proto-31.11.1.jar to /root/.gradle/.tmp/gradle_download8007193466367448023bin
[  +99 ms] Downloading https://repo.maven.apache.org/maven2/io/grpc/grpc-inprocess/1.69.1/grpc-inprocess-1.69.1.jar to /root/.gradle/.tmp/gradle_download10929930499690336721bin
[        ] Downloading https://dl.google.com/dl/android/maven2/com/android/tools/utp/android-test-plugin-host-logcat-proto/31.11.1/android-test-plugin-host-logcat-proto-31.11.1.jar to /root/.gradle/.tmp/gradle_download17668576965933118617bin
[        ] Downloading https://repo.maven.apache.org/maven2/io/grpc/grpc-util/1.69.1/grpc-util-1.69.1.jar to /root/.gradle/.tmp/gradle_download13965270823815886831bin
[        ] Downloading https://dl.google.com/dl/android/maven2/com/android/tools/utp/android-test-plugin-host-apk-installer-proto/31.11.1/android-test-plugin-host-apk-installer-proto-31.11.1.jar to /root/.gradle/.tmp/gradle_download969955186998958020bin
[        ] Downloading https://dl.google.com/dl/android/maven2/com/android/tools/build/transform-api/2.0.0-deprecated-use-gradle-api/transform-api-2.0.0-deprecated-use-gradle-api.jar to /root/.gradle/.tmp/gradle_download9972247970810314334bin
[        ] Downloading https://dl.google.com/dl/android/maven2/com/google/testing/platform/core-proto/0.0.9-alpha03/core-proto-0.0.9-alpha03.jar to /root/.gradle/.tmp/gradle_download11208383633313892669bin
[        ] Downloading https://dl.google.com/dl/android/maven2/com/android/tools/analytics-library/protos/31.11.1/protos-31.11.1.jar to /root/.gradle/.tmp/gradle_download17798090098921792202bin
[        ] Downloading https://repo.maven.apache.org/maven2/io/grpc/grpc-core/1.69.1/grpc-core-1.69.1.jar to /root/.gradle/.tmp/gradle_download2898218663692304087bin
[        ] Downloading https://repo.maven.apache.org/maven2/org/jetbrains/kotlin/kotlin-build-statistics/2.2.20/kotlin-build-statistics-2.2.20.jar to /root/.gradle/.tmp/gradle_download1027126296613357548bin
[        ] Downloading https://repo.maven.apache.org/maven2/com/google/code/gson/gson/2.11.0/gson-2.11.0.jar to /root/.gradle/.tmp/gradle_download9081484783989295284bin
[        ] Downloading https://repo.maven.apache.org/maven2/io/grpc/grpc-stub/1.69.1/grpc-stub-1.69.1.jar to /root/.gradle/.tmp/gradle_download2701604121576838477bin
[        ] Downloading https://repo.maven.apache.org/maven2/org/tensorflow/tensorflow-lite-metadata/0.2.0/tensorflow-lite-metadata-0.2.0.jar to /root/.gradle/.tmp/gradle_download4525972222514763928bin
[        ] Downloading https://repo.maven.apache.org/maven2/com/google/flatbuffers/flatbuffers-java/1.12.0/flatbuffers-java-1.12.0.jar to /root/.gradle/.tmp/gradle_download17910246368132490086bin
[        ] Downloading https://repo.maven.apache.org/maven2/org/jetbrains/kotlin/kotlin-gradle-plugin-idea-proto/2.2.20/kotlin-gradle-plugin-idea-proto-2.2.20.jar to /root/.gradle/.tmp/gradle_download3939529291887346028bin
[  +98 ms] Downloading https://dl.google.com/dl/android/maven2/com/android/tools/utp/android-test-plugin-host-coverage-proto/31.11.1/android-test-plugin-host-coverage-proto-31.11.1.jar to /root/.gradle/.tmp/gradle_download7074719929968262687bin
[        ] Downloading https://repo.maven.apache.org/maven2/io/grpc/grpc-context/1.69.1/grpc-context-1.69.1.jar to /root/.gradle/.tmp/gradle_download6605852039376756852bin
[        ] Downloading https://repo.maven.apache.org/maven2/org/jetbrains/kotlin/kotlin-util-klib-metadata/2.2.20/kotlin-util-klib-metadata-2.2.20.jar to /root/.gradle/.tmp/gradle_download17044390737975605557bin
[        ] Downloading https://repo.maven.apache.org/maven2/org/jetbrains/kotlin/kotlin-gradle-plugin-idea/2.2.20/kotlin-gradle-plugin-idea-2.2.20.jar to /root/.gradle/.tmp/gradle_download6153689633508965986bin
[        ] Downloading https://repo.maven.apache.org/maven2/io/grpc/grpc-protobuf-lite/1.69.1/grpc-protobuf-lite-1.69.1.jar to /root/.gradle/.tmp/gradle_download10950141170056746932bin
[        ] Downloading https://repo.maven.apache.org/maven2/org/jetbrains/kotlin/abi-tools-api/2.2.20/abi-tools-api-2.2.20.jar to /root/.gradle/.tmp/gradle_download17616769270180921917bin
[        ] Downloading https://repo.maven.apache.org/maven2/org/jetbrains/kotlin/kotlin-compiler-runner/2.2.20/kotlin-compiler-runner-2.2.20.jar to /root/.gradle/.tmp/gradle_download15145145215720302329bin
[        ] Downloading https://repo.maven.apache.org/maven2/com/google/guava/guava/33.3.1-jre/guava-33.3.1-jre.jar to /root/.gradle/.tmp/gradle_download13542144850446298873bin
[        ] Downloading https://repo.maven.apache.org/maven2/io/grpc/grpc-api/1.69.1/grpc-api-1.69.1.jar to /root/.gradle/.tmp/gradle_download10019627421783800666bin
[        ] Downloading https://repo.maven.apache.org/maven2/com/google/dagger/dagger/2.28.3/dagger-2.28.3.jar to /root/.gradle/.tmp/gradle_download9222910713949866304bin
[        ] Downloading https://repo.maven.apache.org/maven2/javax/inject/javax.inject/1/javax.inject-1.jar to /root/.gradle/.tmp/gradle_download10072569222417355388bin
[        ] Downloading https://repo.maven.apache.org/maven2/net/sf/kxml/kxml2/2.3.0/kxml2-2.3.0.jar to /root/.gradle/.tmp/gradle_download13384395936253077603bin
[        ] Downloading https://repo.maven.apache.org/maven2/com/google/jimfs/jimfs/1.1/jimfs-1.1.jar to /root/.gradle/.tmp/gradle_download13241166736889772327bin
[        ] Downloading https://repo.maven.apache.org/maven2/org/apache/commons/commons-compress/1.21/commons-compress-1.21.jar to /root/.gradle/.tmp/gradle_download3539050170694602855bin
[        ] Downloading https://repo.maven.apache.org/maven2/org/bouncycastle/bcutil-jdk18on/1.79/bcutil-jdk18on-1.79.jar to /root/.gradle/.tmp/gradle_download14288070380093136941bin
[  +98 ms] Downloading https://repo.maven.apache.org/maven2/org/bouncycastle/bcprov-jdk18on/1.79/bcprov-jdk18on-1.79.jar to /root/.gradle/.tmp/gradle_download6765925419531292052bin
[        ] Downloading https://repo.maven.apache.org/maven2/org/jetbrains/kotlin/kotlin-klib-commonizer-api/2.2.20/kotlin-klib-commonizer-api-2.2.20.jar to /root/.gradle/.tmp/gradle_download8020969138603059971bin
[        ] Downloading https://repo.maven.apache.org/maven2/com/sun/activation/javax.activation/1.2.0/javax.activation-1.2.0.jar to /root/.gradle/.tmp/gradle_download18057649980721260418bin
[        ] Downloading https://repo.maven.apache.org/maven2/org/apache/httpcomponents/httpcore/4.4.16/httpcore-4.4.16.jar to /root/.gradle/.tmp/gradle_download14350503080233630343bin
[  +99 ms] Downloading https://repo.maven.apache.org/maven2/net/java/dev/jna/jna-platform/5.6.0/jna-platform-5.6.0.jar to /root/.gradle/.tmp/gradle_download15561461860258076695bin
[        ] Downloading https://repo.maven.apache.org/maven2/com/googlecode/juniversalchardet/juniversalchardet/1.0.3/juniversalchardet-1.0.3.jar to /root/.gradle/.tmp/gradle_download9592982946058955447bin
[        ] Downloading https://repo.maven.apache.org/maven2/org/apache/httpcomponents/httpclient/4.5.14/httpclient-4.5.14.jar to /root/.gradle/.tmp/gradle_download11285975844770790495bin
[        ] Downloading https://repo.maven.apache.org/maven2/javax/annotation/javax.annotation-api/1.3.2/javax.annotation-api-1.3.2.jar to /root/.gradle/.tmp/gradle_download8526927826087486808bin
[        ] Downloading https://repo.maven.apache.org/maven2/org/jvnet/staxex/stax-ex/1.8.1/stax-ex-1.8.1.jar to /root/.gradle/.tmp/gradle_download15666608400956347892bin
[        ] Downloading https://repo.maven.apache.org/maven2/jakarta/xml/bind/jakarta.xml.bind-api/2.3.2/jakarta.xml.bind-api-2.3.2.jar to /root/.gradle/.tmp/gradle_download13002789302559720561bin
[  +99 ms] Downloading https://repo.maven.apache.org/maven2/org/glassfish/jaxb/txw2/2.3.2/txw2-2.3.2.jar to /root/.gradle/.tmp/gradle_download12207241220575040472bin
[        ] Downloading https://repo.maven.apache.org/maven2/com/sun/istack/istack-commons-runtime/3.0.8/istack-commons-runtime-3.0.8.jar to /root/.gradle/.tmp/gradle_download6063244762886335194bin
[        ] Downloading https://dl.google.com/dl/android/maven2/com/android/tools/annotations/31.11.1/annotations-31.11.1.jar to /root/.gradle/.tmp/gradle_download5402202707520981123bin
[        ] Downloading https://repo.maven.apache.org/maven2/jakarta/activation/jakarta.activation-api/1.2.1/jakarta.activation-api-1.2.1.jar to /root/.gradle/.tmp/gradle_download5788073467110089148bin
[        ] Downloading https://repo.maven.apache.org/maven2/com/sun/xml/fastinfoset/FastInfoset/1.2.16/FastInfoset-1.2.16.jar to /root/.gradle/.tmp/gradle_download6197742927250447101bin
[        ] Downloading https://repo.maven.apache.org/maven2/com/google/auto/value/auto-value-annotations/1.6.2/auto-value-annotations-1.6.2.jar to /root/.gradle/.tmp/gradle_download12282728924786140940bin
[        ] Downloading https://repo.maven.apache.org/maven2/com/google/errorprone/error_prone_annotations/2.30.0/error_prone_annotations-2.30.0.jar to /root/.gradle/.tmp/gradle_download11566122032691937893bin
[        ] Downloading https://repo.maven.apache.org/maven2/org/bitbucket/b_c/jose4j/0.9.5/jose4j-0.9.5.jar to /root/.gradle/.tmp/gradle_download14167803319660603921bin
[        ] Downloading https://repo.maven.apache.org/maven2/org/jdom/jdom2/2.0.6/jdom2-2.0.6.jar to /root/.gradle/.tmp/gradle_download1973135822618295455bin
[        ] Downloading https://repo.maven.apache.org/maven2/com/google/code/findbugs/jsr305/3.0.2/jsr305-3.0.2.jar to /root/.gradle/.tmp/gradle_download17484750326149205779bin
[        ] Downloading https://repo.maven.apache.org/maven2/org/slf4j/slf4j-api/1.7.30/slf4j-api-1.7.30.jar to /root/.gradle/.tmp/gradle_download5124103997904035983bin
[        ] Downloading https://repo.maven.apache.org/maven2/io/netty/netty-codec-http2/4.1.110.Final/netty-codec-http2-4.1.110.Final.jar to /root/.gradle/.tmp/gradle_download5509896511915111553bin
[        ] Downloading https://repo.maven.apache.org/maven2/io/netty/netty-handler-proxy/4.1.110.Final/netty-handler-proxy-4.1.110.Final.jar to /root/.gradle/.tmp/gradle_download14464435898644735555bin
[        ] Downloading https://repo.maven.apache.org/maven2/io/perfmark/perfmark-api/0.27.0/perfmark-api-0.27.0.jar to /root/.gradle/.tmp/gradle_download13003332697746128392bin
[        ] Downloading https://repo.maven.apache.org/maven2/com/google/j2objc/j2objc-annotations/3.0.0/j2objc-annotations-3.0.0.jar to /root/.gradle/.tmp/gradle_download18266710049370550576bin
[        ] Downloading https://repo.maven.apache.org/maven2/io/netty/netty-handler/4.1.110.Final/netty-handler-4.1.110.Final.jar to /root/.gradle/.tmp/gradle_download13676167098193741670bin
[        ] Downloading https://repo.maven.apache.org/maven2/io/netty/netty-codec-http/4.1.110.Final/netty-codec-http-4.1.110.Final.jar to /root/.gradle/.tmp/gradle_download8674531355091991716bin
[  +98 ms] Downloading https://repo.maven.apache.org/maven2/com/google/android/annotations/4.1.1.4/annotations-4.1.1.4.jar to /root/.gradle/.tmp/gradle_download5333350584935515852bin
[        ] Downloading https://repo.maven.apache.org/maven2/org/codehaus/mojo/animal-sniffer-annotations/1.24/animal-sniffer-annotations-1.24.jar to /root/.gradle/.tmp/gradle_download5535295376841382663bin
[        ] Downloading https://repo.maven.apache.org/maven2/org/jetbrains/kotlin/kotlin-util-io/2.2.20/kotlin-util-io-2.2.20.jar to /root/.gradle/.tmp/gradle_download2611491169158649917bin
[        ] Downloading https://repo.maven.apache.org/maven2/org/jetbrains/kotlin/kotlin-tooling-core/2.2.20/kotlin-tooling-core-2.2.20.jar to /root/.gradle/.tmp/gradle_download3697732190497423535bin
[        ] Downloading https://repo.maven.apache.org/maven2/org/jetbrains/kotlin/kotlin-gradle-plugin-annotations/2.2.20/kotlin-gradle-plugin-annotations-2.2.20.jar to /root/.gradle/.tmp/gradle_download1442769342406568423bin
[        ] Downloading https://repo.maven.apache.org/maven2/io/netty/netty-transport-native-unix-common/4.1.110.Final/netty-transport-native-unix-common-4.1.110.Final.jar to /root/.gradle/.tmp/gradle_download4622043790857612526bin
[        ] Downloading https://repo.maven.apache.org/maven2/org/checkerframework/checker-qual/3.43.0/checker-qual-3.43.0.jar to /root/.gradle/.tmp/gradle_download2735553213250461635bin
[        ] Downloading https://repo.maven.apache.org/maven2/org/jetbrains/kotlin/kotlin-util-klib/2.2.20/kotlin-util-klib-2.2.20.jar to /root/.gradle/.tmp/gradle_download17549449797787769948bin
[        ] Downloading https://repo.maven.apache.org/maven2/org/jetbrains/kotlin/kotlin-native-utils/2.2.20/kotlin-native-utils-2.2.20.jar to /root/.gradle/.tmp/gradle_download12096824310200207314bin
[        ] Downloading https://repo.maven.apache.org/maven2/org/jetbrains/kotlin/kotlin-build-tools-api/2.2.20/kotlin-build-tools-api-2.2.20.jar to /root/.gradle/.tmp/gradle_download12317509553833689337bin
[        ] Downloading https://repo.maven.apache.org/maven2/org/jetbrains/kotlin/kotlin-daemon-client/2.2.20/kotlin-daemon-client-2.2.20.jar to /root/.gradle/.tmp/gradle_download13949660709468831815bin
[        ] Downloading https://repo.maven.apache.org/maven2/org/jetbrains/kotlinx/kotlinx-coroutines-core-jvm/1.8.0/kotlinx-coroutines-core-jvm-1.8.0.jar to /root/.gradle/.tmp/gradle_download921404626170726407bin
[        ] Downloading https://repo.maven.apache.org/maven2/com/google/guava/failureaccess/1.0.2/failureaccess-1.0.2.jar to /root/.gradle/.tmp/gradle_download17732891572489608026bin
[        ] Downloading https://repo.maven.apache.org/maven2/io/netty/netty-codec-socks/4.1.110.Final/netty-codec-socks-4.1.110.Final.jar to /root/.gradle/.tmp/gradle_download1645665702647371717bin
[        ] Downloading https://repo.maven.apache.org/maven2/commons-logging/commons-logging/1.2/commons-logging-1.2.jar to /root/.gradle/.tmp/gradle_download8538923209835354042bin
[        ] Downloading https://repo.maven.apache.org/maven2/com/google/guava/listenablefuture/9999.0-empty-to-avoid-conflict-with-guava/listenablefuture-9999.0-empty-to-avoid-conflict-with-guava.jar to /root/.gradle/.tmp/gradle_download4614290172176657057bin
[        ] Downloading https://repo.maven.apache.org/maven2/net/java/dev/jna/jna/5.6.0/jna-5.6.0.jar to /root/.gradle/.tmp/gradle_download11779046139980618420bin
[        ] Downloading https://repo.maven.apache.org/maven2/commons-codec/commons-codec/1.11/commons-codec-1.11.jar to /root/.gradle/.tmp/gradle_download14816632233336507970bin
[  +98 ms] Downloading https://dl.google.com/dl/android/maven2/com/android/signflinger/8.11.1/signflinger-8.11.1.jar to /root/.gradle/.tmp/gradle_download13638438122747549878bin
[        ] Downloading https://repo.maven.apache.org/maven2/io/netty/netty-transport/4.1.110.Final/netty-transport-4.1.110.Final.jar to /root/.gradle/.tmp/gradle_download11342755234483700699bin
[        ] Downloading https://repo.maven.apache.org/maven2/io/netty/netty-buffer/4.1.110.Final/netty-buffer-4.1.110.Final.jar to /root/.gradle/.tmp/gradle_download10553533616373959411bin
[        ] Downloading https://repo.maven.apache.org/maven2/io/netty/netty-codec/4.1.110.Final/netty-codec-4.1.110.Final.jar to /root/.gradle/.tmp/gradle_download9248491924780668384bin
[        ] Downloading https://repo.maven.apache.org/maven2/io/netty/netty-common/4.1.110.Final/netty-common-4.1.110.Final.jar to /root/.gradle/.tmp/gradle_download6240534632310966524bin
[        ] Downloading https://repo.maven.apache.org/maven2/io/netty/netty-resolver/4.1.110.Final/netty-resolver-4.1.110.Final.jar to /root/.gradle/.tmp/gradle_download12354910742325553337bin
[        ] Caching disabled for InstrumentationAnalysisTransform: /root/.gradle/caches/modules-2/files-2.1/com.android.tools.build/gradle/8.11.1/7861a99a64716fd75ce85a3c7e2fcb3a9e928857/gradle-8.11.1.jar because:
[        ]   Build cache is disabled
[        ]   Caching not enabled.
[        ] Caching disabled for InstrumentationAnalysisTransform: /root/.gradle/caches/modules-2/files-2.1/com.android.tools.build/gradle-settings-api/8.11.1/d611f1770d34795bf98a4ac6782d330a55f46343/gradle-settings-api-8.11.1.jar because:
[        ]   Build cache is disabled
[        ]   Caching not enabled.
[        ] Caching disabled for InstrumentationAnalysisTransform: /root/.gradle/caches/modules-2/files-2.1/org.jetbrains.kotlinx/kotlinx-serialization-json-jvm/1.4.0/cfa3e57d044a20e5c9e4561a997df823e2f1c81a/kotlinx-serialization-json-jvm-1.4.0.jar because:
[        ]   Build cache is disabled
[        ]   Caching not enabled.
[        ] Caching disabled for InstrumentationAnalysisTransform: /root/.gradle/caches/modules-2/files-2.1/com.android.tools.build/aaptcompiler/8.11.1/61a83340abaef29eed77a2b4120e6c8861d40563/aaptcompiler-8.11.1.jar because:
[        ]   Build cache is disabled
[        ]   Caching not enabled.
[        ] Caching disabled for InstrumentationAnalysisTransform: /root/.gradle/caches/modules-2/files-2.1/androidx.databinding/databinding-compiler-common/8.11.1/47c5f9f4acbde7e655fdf73623451a4022e0b4a0/databinding-compiler-common-8.11.1.jar because:
[        ]   Build cache is disabled
[        ]   Caching not enabled.
[        ] Caching disabled for InstrumentationAnalysisTransform: /root/.gradle/caches/modules-2/files-2.1/com.android.tools.build.jetifier/jetifier-processor/1.0.0-beta10/946c39eb0c052ff4f60a8939648a8b99af20d604/jetifier-processor-1.0.0-beta10.jar because:
[        ]   Build cache is disabled
[   +2 ms]   Caching not enabled.
[        ] Caching disabled for InstrumentationAnalysisTransform: /root/.gradle/caches/modules-2/files-2.1/com.android.tools.build.jetifier/jetifier-core/1.0.0-beta10/6e621022a9c95af12a7004d6b55805bbd1126837/jetifier-core-1.0.0-beta10.jar because:
[        ]   Build cache is disabled
[        ]   Caching not enabled.
[        ] Caching disabled for InstrumentationAnalysisTransform: /root/.gradle/caches/modules-2/files-2.1/com.android.tools.lint/lint-model/31.11.1/71fcb4e666dc6658680083dcd0b326336c7848fe/lint-model-31.11.1.jar because:
[        ]   Build cache is disabled
[        ]   Caching not enabled.
[        ] Caching disabled for InstrumentationAnalysisTransform: /root/.gradle/caches/modules-2/files-2.1/com.android.tools.build/builder-model/8.11.1/6888ed42b8bcc73e3a378048263d2cad36707494/builder-model-8.11.1.jar because:
[        ]   Build cache is disabled
[        ]   Caching not enabled.
[        ] Caching disabled for InstrumentationAnalysisTransform: /root/.gradle/caches/modules-2/files-2.1/com.android.tools.build/gradle-api/8.11.1/e0ce2faa3fe7331e1e6855e5aa699c650f6d56c3/gradle-api-8.11.1.jar because:
[        ]   Build cache is disabled
[        ]   Caching not enabled.
[        ] Caching disabled for InstrumentationAnalysisTransform: /root/.gradle/caches/modules-2/files-2.1/com.android.tools.build/builder/8.11.1/52ae05e99786bd491ad363825acbc2476c8b905/builder-8.11.1.jar because:
[        ]   Build cache is disabled
[        ]   Caching not enabled.
[        ] Caching disabled for InstrumentationAnalysisTransform: /root/.gradle/caches/modules-2/files-2.1/com.android.tools.build/manifest-merger/31.11.1/2eb20f98b2e71c3a1a2ebe675910e6958a7e1b78/manifest-merger-31.11.1.jar because:
[        ]   Build cache is disabled
[        ]   Caching not enabled.
[  +90 ms] Caching disabled for InstrumentationAnalysisTransform: /root/.gradle/caches/modules-2/files-2.1/com.android.tools/sdk-common/31.11.1/762e94439c593e31ce15e9bcf9cc95509181553/sdk-common-31.11.1.jar because:
[        ]   Build cache is disabled
[        ]   Caching not enabled.
[        ] Caching disabled for InstrumentationAnalysisTransform: /root/.gradle/caches/modules-2/files-2.1/com.android.tools/sdklib/31.11.1/3b0db64c69b3803440efcc502f151abc0e4df9db/sdklib-31.11.1.jar because:
[        ]   Build cache is disabled
[        ]   Caching not enabled.
[        ] Caching disabled for InstrumentationAnalysisTransform: /root/.gradle/caches/modules-2/files-2.1/com.android.tools/repository/31.11.1/9bd7df9af575ec521f4476cc17526332b1a32b39/repository-31.11.1.jar because:
[        ]   Build cache is disabled
[        ]   Caching not enabled.
[        ] Caching disabled for InstrumentationAnalysisTransform: /root/.gradle/caches/modules-2/files-2.1/com.android.tools.analytics-library/tracker/31.11.1/9c2c0e33148176901008ac5d81c93238413b5b46/tracker-31.11.1.jar because:
[        ]   Build cache is disabled
[        ]   Caching not enabled.
[        ] Caching disabled for InstrumentationAnalysisTransform: /root/.gradle/caches/modules-2/files-2.1/com.android.tools.analytics-library/shared/31.11.1/c70cf1f0327c0f68d545157dcbf06d592a36d703/shared-31.11.1.jar because:
[        ]   Build cache is disabled
[        ]   Caching not enabled.
[        ] Caching disabled for InstrumentationAnalysisTransform: /root/.gradle/caches/modules-2/files-2.1/com.android.tools.utp/android-test-plugin-host-emulator-control-proto/31.11.1/9ad66b4b96af8d226c9d899030d9acdd101d03ed/android-test-plugin-host-emulator-control-proto-31.11.1.jar because:
[        ]   Build cache is disabled
[        ]   Caching not enabled.
[        ] Caching disabled for InstrumentationAnalysisTransform: /root/.gradle/caches/modules-2/files-2.1/com.android.tools.ddms/ddmlib/31.11.1/772f1af975b6cbb75b0e69727e1c2d3d58f89f3f/ddmlib-31.11.1.jar because:
[        ]   Build cache is disabled
[        ]   Caching not enabled.
[        ] Caching disabled for InstrumentationAnalysisTransform: /root/.gradle/caches/modules-2/files-2.1/com.android.tools.build/builder-test-api/8.11.1/9042ca92a855552799f999696db194fb0f9dadf/builder-test-api-8.11.1.jar because:
[        ]   Build cache is disabled
[        ]   Caching not enabled.
[        ] Caching disabled for InstrumentationAnalysisTransform: /root/.gradle/caches/modules-2/files-2.1/com.android.tools.layoutlib/layoutlib-api/31.11.1/3b7f1fe9c54d6fd684a3fd3b8feffeedfe546fd4/layoutlib-api-31.11.1.jar because:
[        ]   Build cache is disabled
[        ]   Caching not enabled.
[        ] Caching disabled for InstrumentationAnalysisTransform: /root/.gradle/caches/modules-2/files-2.1/com.android.tools/dvlib/31.11.1/6079cc9f2fa5f5104b20779ca98faa1c495bb7f1/dvlib-31.11.1.jar because:
[        ]   Build cache is disabled
[        ]   Caching not enabled.
[        ] Caching disabled for InstrumentationAnalysisTransform: /root/.gradle/caches/modules-2/files-2.1/com.android.tools/common/31.11.1/9c6a6caa5ba3672f6985ff4695d4e26c2f8b783d/common-31.11.1.jar because:
[        ]   Build cache is disabled
[        ]   Caching not enabled.
[        ] Caching disabled for InstrumentationAnalysisTransform: /root/.gradle/caches/modules-2/files-2.1/org.jetbrains.kotlinx/kotlinx-serialization-core-jvm/1.4.0/9b00d574374ae0201a505ab54c7744586866dc27/kotlinx-serialization-core-jvm-1.4.0.jar because:
[        ]   Build cache is disabled
[        ]   Caching not enabled.
[        ] Caching disabled for InstrumentationAnalysisTransform: /root/.gradle/caches/modules-2/files-2.1/org.jetbrains.kotlin/kotlin-stdlib-jdk8/2.1.20/1372ceab395defca310ff460dc219364d9df0a2e/kotlin-stdlib-jdk8-2.1.20.jar because:
[        ]   Build cache is disabled
[        ]   Caching not enabled.
[        ] Caching disabled for InstrumentationAnalysisTransform: /root/.gradle/caches/modules-2/files-2.1/org.jetbrains.kotlin/kotlin-reflect/2.0.21/669e1d35e4ca1797f9ddb2830dd6c36c0ca531e4/kotlin-reflect-2.0.21.jar because:
[        ]   Build cache is disabled
[        ]   Caching not enabled.
[        ] Caching disabled for InstrumentationAnalysisTransform: /root/.gradle/caches/modules-2/files-2.1/org.jetbrains.kotlin/kotlin-stdlib-jdk7/2.1.20/72672df5e83231744c00550955b10acb71ed49d6/kotlin-stdlib-jdk7-2.1.20.jar because:
[        ]   Build cache is disabled
[        ]   Caching not enabled.
[        ] Caching disabled for InstrumentationAnalysisTransform: /root/.gradle/caches/modules-2/files-2.1/org.jetbrains.kotlin/kotlin-gradle-plugin-model/2.2.20/e0cf2274cb26387cdbf45e316e51a8d23cd8734c/kotlin-gradle-plugin-model-2.2.20.jar because:
[        ]   Build cache is disabled
[        ]   Caching not enabled.
[        ] Caching disabled for InstrumentationAnalysisTransform: /root/.gradle/caches/modules-2/files-2.1/org.jetbrains.kotlin/fus-statistics-gradle-plugin/2.2.20/c2f0f2cb5585e92dffc18f12a8f1eeaa4e3728e/fus-statistics-gradle-plugin-2.2.20-gradle813.jar because:
[        ]   Build cache is disabled
[        ]   Caching not enabled.
[        ] Caching disabled for InstrumentationAnalysisTransform: /root/.gradle/caches/modules-2/files-2.1/org.jetbrains.kotlin/kotlin-gradle-plugin-api/2.2.20/60de320ba63943d1997d7f39f32cde9c2621806d/kotlin-gradle-plugin-api-2.2.20.jar because:
[        ]   Build cache is disabled
[        ]   Caching not enabled.
[        ] Caching disabled for InstrumentationAnalysisTransform: /root/.gradle/caches/modules-2/files-2.1/org.jetbrains.kotlin/kotlin-gradle-plugin-api/2.2.20/60de320ba63943d1997d7f39f32cde9c2621806d/kotlin-gradle-plugin-api-2.2.20-gradle813.jar because:
[        ]   Build cache is disabled
[        ]   Caching not enabled.
[        ] Caching disabled for InstrumentationAnalysisTransform: /root/.gradle/caches/modules-2/files-2.1/org.jetbrains.kotlin/kotlin-gradle-plugin/2.2.20/9c5953786765b9373d172097da74efe77ac90481/kotlin-gradle-plugin-2.2.20-gradle813.jar because:
[        ]   Build cache is disabled
[        ]   Caching not enabled.
[  +96 ms] Caching disabled for InstrumentationAnalysisTransform: /root/.gradle/caches/modules-2/files-2.1/com.android.tools.build/bundletool/1.18.1/76bb1aa21a19495ca070bfb6abd194daf91dccd1/bundletool-1.18.1.jar because:
[        ]   Build cache is disabled
[        ]   Caching not enabled.
[        ] Caching disabled for InstrumentationAnalysisTransform: /root/.gradle/caches/modules-2/files-2.1/com.android.tools.build/aapt2-proto/8.11.1-12782657/9689dc5e6d2c44fc6cc261cdbe9aa49ed85426d3/aapt2-proto-8.11.1-12782657.jar because:
[        ]   Build cache is disabled
[        ]   Caching not enabled.
[        ] Caching disabled for InstrumentationAnalysisTransform: /root/.gradle/caches/modules-2/files-2.1/com.android.tools.analytics-library/crash/31.11.1/80c9f1f06e8d48d60fa91f4db811cf863e13c67f/crash-31.11.1.jar because:
[        ]   Build cache is disabled
[        ]   Caching not enabled.
[        ] Caching disabled for InstrumentationAnalysisTransform: /root/.gradle/caches/modules-2/files-2.1/androidx.databinding/databinding-common/8.11.1/2be3530b78477835e69dce953b17adc1dbc5c6fa/databinding-common-8.11.1.jar because:
[        ]   Build cache is disabled
[        ]   Caching not enabled.
[        ] Caching disabled for InstrumentationAnalysisTransform: /root/.gradle/caches/modules-2/files-2.1/com.android.tools.lint/lint-typedef-remover/31.11.1/bc9756d95080ee30b518adf2c02d70dea0930feb/lint-typedef-remover-31.11.1.jar because:
[        ]   Build cache is disabled
[        ]   Caching not enabled.
[        ] Caching disabled for InstrumentationAnalysisTransform: /root/.gradle/caches/modules-2/files-2.1/com.android.tools.utp/android-device-provider-gradle-proto/31.11.1/4df62b23d15680598277666a1a60676f1402397c/android-device-provider-gradle-proto-31.11.1.jar because:
[        ]   Build cache is disabled
[        ]   Caching not enabled.
[        ] Caching disabled for InstrumentationAnalysisTransform: /root/.gradle/caches/modules-2/files-2.1/com.android.tools.utp/android-test-plugin-host-additional-test-output-proto/31.11.1/fe467239b47e0709ba9bf1e2e9fccaabc6cabc22/android-test-plugin-host-additional-test-output-proto-31.11.1.jar because:
[        ]   Build cache is disabled
[        ]   Caching not enabled.
[        ] Caching disabled for InstrumentationAnalysisTransform: /root/.gradle/caches/modules-2/files-2.1/com.android.databinding/baseLibrary/8.11.1/7e7399239e52d4069896277615e005add7ae8e5a/baseLibrary-8.11.1.jar because:
[        ]   Build cache is disabled
[        ]   Caching not enabled.
[        ] Caching disabled for InstrumentationAnalysisTransform: /root/.gradle/caches/modules-2/files-2.1/com.android.tools.utp/android-device-provider-ddmlib-proto/31.11.1/9f96225642b573079e5544a619b18b815b3dc70f/android-device-provider-ddmlib-proto-31.11.1.jar because:
[        ]   Build cache is disabled
[        ]   Caching not enabled.
[        ] Caching disabled for InstrumentationAnalysisTransform: /root/.gradle/caches/modules-2/files-2.1/com.android.tools.utp/android-test-plugin-host-coverage-proto/31.11.1/1ee63a78550acb6f922531668f4eb83dddf45e/android-test-plugin-host-coverage-proto-31.11.1.jar because:
[        ]   Build cache is disabled
[        ]   Caching not enabled.
[        ] Caching disabled for InstrumentationAnalysisTransform: /root/.gradle/caches/modules-2/files-2.1/com.android.tools.utp/android-device-provider-profile-proto/31.11.1/7823ffdbacbe3e46ce243d459f946467b7126135/android-device-provider-profile-proto-31.11.1.jar because:
[        ]   Build cache is disabled
[        ]   Caching not enabled.
[        ] Caching disabled for InstrumentationAnalysisTransform: /root/.gradle/caches/modules-2/files-2.1/com.android.tools.utp/android-test-plugin-host-logcat-proto/31.11.1/2b1de9f172f374f9d8a0f60d0d7d556df7c30d14/android-test-plugin-host-logcat-proto-31.11.1.jar because:
[        ]   Build cache is disabled
[        ]   Caching not enabled.
[        ] Caching disabled for InstrumentationAnalysisTransform: /root/.gradle/caches/modules-2/files-2.1/com.android.tools.utp/android-test-plugin-host-apk-installer-proto/31.11.1/26ca8c55cbdcb572ba3fa282b50286e6d84ec8d2/android-test-plugin-host-apk-installer-proto-31.11.1.jar because:
[        ]   Build cache is disabled
[        ]   Caching not enabled.
[        ] Caching disabled for InstrumentationAnalysisTransform: /root/.gradle/caches/modules-2/files-2.1/com.android.tools.utp/android-test-plugin-result-listener-gradle-proto/31.11.1/dbbef067ddf95379b587f6aa2baa93d3eb3342eb/android-test-plugin-result-listener-gradle-proto-31.11.1.jar because:
[        ]   Build cache is disabled
[        ]   Caching not enabled.
[        ] Caching disabled for InstrumentationAnalysisTransform: /root/.gradle/caches/modules-2/files-2.1/com.android.tools.build/transform-api/2.0.0-deprecated-use-gradle-api/47f6c56527c42425742fa9b56ffd3fd80763fe03/transform-api-2.0.0-deprecated-use-gradle-api.jar because:
[        ]   Build cache is disabled
[        ]   Caching not enabled.
[        ] Caching disabled for InstrumentationAnalysisTransform: /root/.gradle/caches/modules-2/files-2.1/org.apache.httpcomponents/httpmime/4.5.6/164343da11db817e81e24e0d9869527e069850c9/httpmime-4.5.6.jar because:
[        ]   Build cache is disabled
[        ]   Caching not enabled.
[        ] Caching disabled for InstrumentationAnalysisTransform: /root/.gradle/caches/modules-2/files-2.1/commons-io/commons-io/2.16.1/377d592e740dc77124e0901291dbfaa6810a200e/commons-io-2.16.1.jar because:
[        ]   Build cache is disabled
[   +1 ms]   Caching not enabled.
[        ] Caching disabled for InstrumentationAnalysisTransform: /root/.gradle/caches/modules-2/files-2.1/org.ow2.asm/asm-util/9.7.1/9e23359b598ec6b74b23e53110dd5c577adf2243/asm-util-9.7.1.jar because:
[        ]   Build cache is disabled
[        ]   Caching not enabled.
[        ] Caching disabled for InstrumentationAnalysisTransform: /root/.gradle/caches/modules-2/files-2.1/org.ow2.asm/asm-commons/9.7.1/406c6a2225cfe1819f102a161e54cc16a5c24f75/asm-commons-9.7.1.jar because:
[        ]   Build cache is disabled
[        ]   Caching not enabled.
[        ] Caching disabled for InstrumentationAnalysisTransform: /root/.gradle/caches/modules-2/files-2.1/org.ow2.asm/asm-analysis/9.7.1/f97a3b319f0ed6a8cd944dc79060d3912a28985f/asm-analysis-9.7.1.jar because:
[        ]   Build cache is disabled
[        ]   Caching not enabled.
[        ] Caching disabled for InstrumentationAnalysisTransform: /root/.gradle/caches/modules-2/files-2.1/org.ow2.asm/asm-tree/9.7.1/3a53139787663b139de76b627fca0084ab60d32c/asm-tree-9.7.1.jar because:
[        ]   Build cache is disabled
[        ]   Caching not enabled.
[        ] Caching disabled for InstrumentationAnalysisTransform: /root/.gradle/caches/modules-2/files-2.1/com.android.tools.build/apkzlib/8.11.1/ea2327cd7a67c0fc9a4d26f035b922dff11c7219/apkzlib-8.11.1.jar because:
[        ]   Build cache is disabled
[        ]   Caching not enabled.
[        ] Caching disabled for InstrumentationAnalysisTransform: /root/.gradle/caches/modules-2/files-2.1/org.ow2.asm/asm/9.7.1/f0ed132a49244b042cd0e15702ab9f2ce3cc8436/asm-9.7.1.jar because:
[        ]   Build cache is disabled
[        ]   Caching not enabled.
[        ] Caching disabled for InstrumentationAnalysisTransform: /root/.gradle/caches/modules-2/files-2.1/org.bouncycastle/bcpkix-jdk18on/1.79/7693cec3b8779b74b35466dcaeeaac7409872954/bcpkix-jdk18on-1.79.jar because:
[        ]   Build cache is disabled
[        ]   Caching not enabled.
[        ] Caching disabled for InstrumentationAnalysisTransform: /root/.gradle/caches/modules-2/files-2.1/net.sf.jopt-simple/jopt-simple/4.9/ee9e9eaa0a35360dcfeac129ff4923215fd65904/jopt-simple-4.9.jar because:
[        ]   Build cache is disabled
[        ]   Caching not enabled.
[        ] Caching disabled for InstrumentationAnalysisTransform: /root/.gradle/caches/modules-2/files-2.1/com.google.protobuf/protobuf-java-util/3.25.5/38cc5ce479603e36466feda2a9f1dfdb2210ef00/protobuf-java-util-3.25.5.jar because:
[        ]   Build cache is disabled
[        ]   Caching not enabled.
[        ] Caching disabled for InstrumentationAnalysisTransform: /root/.gradle/caches/modules-2/files-2.1/com.squareup/javapoet/1.10.0/712c178d35185d8261295913c9f2a7d6867a6007/javapoet-1.10.0.jar because:
[        ]   Build cache is disabled
[        ]   Caching not enabled.
[  +89 ms] Caching disabled for InstrumentationAnalysisTransform: /root/.gradle/caches/modules-2/files-2.1/io.grpc/grpc-protobuf/1.69.1/433b61f31e1dce6adf6c43ea3ca510f8d8d7ea70/grpc-protobuf-1.69.1.jar because:
[        ]   Build cache is disabled
[        ]   Caching not enabled.
[        ] Caching disabled for InstrumentationAnalysisTransform: /root/.gradle/caches/modules-2/files-2.1/com.google.crypto.tink/tink/1.7.0/668b57f109d32349b2870448f06ae6f202713edc/tink-1.7.0.jar because:
[        ]   Build cache is disabled
[        ]   Caching not enabled.
[   +4 ms] Caching disabled for InstrumentationAnalysisTransform: /root/.gradle/caches/modules-2/files-2.1/org.glassfish.jaxb/jaxb-runtime/2.3.2/5528bc882ea499a09d720b42af11785c4fc6be2a/jaxb-runtime-2.3.2.jar because:
[        ]   Build cache is disabled
[        ]   Caching not enabled.
[        ] Caching disabled for InstrumentationAnalysisTransform: /root/.gradle/caches/modules-2/files-2.1/com.google.testing.platform/core-proto/0.0.9-alpha03/a0de640d69d847081f087c45dda7e9b3754fe350/core-proto-0.0.9-alpha03.jar because:
[        ]   Build cache is disabled
[        ]   Caching not enabled.
[        ] Caching disabled for InstrumentationAnalysisTransform: /root/.gradle/caches/modules-2/files-2.1/com.android.tools.analytics-library/protos/31.11.1/6c1fe59ed1ddd9d793d5cf57e43acf74ad40cc14/protos-31.11.1.jar because:
[        ]   Build cache is disabled
[        ]   Caching not enabled.
[        ] Caching disabled for InstrumentationAnalysisTransform: /root/.gradle/caches/modules-2/files-2.1/com.google.api.grpc/proto-google-common-protos/2.48.0/86b550469172d830d174d7434c318d7dff179910/proto-google-common-protos-2.48.0.jar because:
[        ]   Build cache is disabled
[        ]   Caching not enabled.
[        ] Caching disabled for InstrumentationAnalysisTransform: /root/.gradle/caches/modules-2/files-2.1/com.google.protobuf/protobuf-java/3.25.5/5ae5c9ec39930ae9b5a61b32b93288818ec05ec1/protobuf-java-3.25.5.jar because:
[        ]   Build cache is disabled
[        ]   Caching not enabled.
[        ] Caching disabled for InstrumentationAnalysisTransform: /root/.gradle/caches/modules-2/files-2.1/io.grpc/grpc-netty/1.69.1/9235ab343b80acd957b4bb8bd740b8272735ddb8/grpc-netty-1.69.1.jar because:
[        ]   Build cache is disabled
[        ]   Caching not enabled.
[        ] Caching disabled for InstrumentationAnalysisTransform: /root/.gradle/caches/modules-2/files-2.1/io.grpc/grpc-inprocess/1.69.1/8999d859ebf25f00e5a968b5e36e1294b109cb9e/grpc-inprocess-1.69.1.jar because:
[        ]   Build cache is disabled
[        ]   Caching not enabled.
[        ] Caching disabled for InstrumentationAnalysisTransform: /root/.gradle/caches/modules-2/files-2.1/io.grpc/grpc-util/1.69.1/8c3a9d835a78be9653e9ba92ceab430547924937/grpc-util-1.69.1.jar because:
[        ]   Build cache is disabled
[        ]   Caching not enabled.
[        ] Caching disabled for InstrumentationAnalysisTransform: /root/.gradle/caches/modules-2/files-2.1/io.grpc/grpc-core/1.69.1/d9f6383e1903af6e9502e7c1c8e4fbe28a236321/grpc-core-1.69.1.jar because:
[        ]   Build cache is disabled
[        ]   Caching not enabled.
[        ] Caching disabled for InstrumentationAnalysisTransform: /root/.gradle/caches/modules-2/files-2.1/org.jetbrains.kotlin/kotlin-build-statistics/2.2.20/6cd7e2985af2647576bfc6bd1ba450000acbde4a/kotlin-build-statistics-2.2.20.jar because:
[        ]   Build cache is disabled
[        ]   Caching not enabled.
[        ] Caching disabled for InstrumentationAnalysisTransform: /root/.gradle/caches/modules-2/files-2.1/com.google.code.gson/gson/2.11.0/527175ca6d81050b53bdd4c457a6d6e017626b0e/gson-2.11.0.jar because:
[        ]   Build cache is disabled
[        ]   Caching not enabled.
[        ] Caching disabled for InstrumentationAnalysisTransform: /root/.gradle/caches/modules-2/files-2.1/io.grpc/grpc-stub/1.69.1/685c974e6717e6c1bcadd1b7461167d27f64c524/grpc-stub-1.69.1.jar because:
[        ]   Build cache is disabled
[        ]   Caching not enabled.
[        ] Caching disabled for InstrumentationAnalysisTransform: /root/.gradle/caches/modules-2/files-2.1/org.tensorflow/tensorflow-lite-metadata/0.2.0/7dbe8f75ae5c0ef7093c43c3ac8b560bbc7ea4b6/tensorflow-lite-metadata-0.2.0.jar because:
[        ]   Build cache is disabled
[        ]   Caching not enabled.
[        ] Caching disabled for InstrumentationAnalysisTransform: /root/.gradle/caches/modules-2/files-2.1/com.google.flatbuffers/flatbuffers-java/1.12.0/8201cc7b511177a37071249e891f2f2fea4b32e9/flatbuffers-java-1.12.0.jar because:
[        ]   Build cache is disabled
[        ]   Caching not enabled.
[        ] Caching disabled for InstrumentationAnalysisTransform: /root/.gradle/caches/modules-2/files-2.1/org.jetbrains.kotlin/kotlin-gradle-plugin-idea-proto/2.2.20/ccea68faf3074b47b2d1549d971d5438aae0adba/kotlin-gradle-plugin-idea-proto-2.2.20.jar because:
[        ]   Build cache is disabled
[        ]   Caching not enabled.
[  +85 ms] Caching disabled for InstrumentationAnalysisTransform: /root/.gradle/caches/modules-2/files-2.1/org.jetbrains.kotlin/kotlin-gradle-plugin-idea/2.2.20/a07b350797aa4fe6d4bc6e1be2feecb638e94b13/kotlin-gradle-plugin-idea-2.2.20.jar because:
[        ]   Build cache is disabled
[        ]   Caching not enabled.
[        ] Caching disabled for InstrumentationAnalysisTransform: /root/.gradle/caches/modules-2/files-2.1/org.jetbrains.kotlin/kotlin-klib-commonizer-api/2.2.20/bedd0bf6302d0bccc2b65535a0cb74b520b67858/kotlin-klib-commonizer-api-2.2.20.jar because:
[        ]   Build cache is disabled
[        ]   Caching not enabled.
[        ] Caching disabled for InstrumentationAnalysisTransform: /root/.gradle/caches/modules-2/files-2.1/org.jetbrains.kotlin/kotlin-util-klib-metadata/2.2.20/8a0c47f26e47702792fe0bbefbee6e8be12b3463/kotlin-util-klib-metadata-2.2.20.jar because:
[        ]   Build cache is disabled
[        ]   Caching not enabled.
[        ] Caching disabled for InstrumentationAnalysisTransform: /root/.gradle/caches/modules-2/files-2.1/org.jetbrains.kotlin/abi-tools-api/2.2.20/15daea957a282df212a7bc3189dbbf442b38dec8/abi-tools-api-2.2.20.jar because:
[        ]   Build cache is disabled
[        ]   Caching not enabled.
[        ] Caching disabled for InstrumentationAnalysisTransform: /root/.gradle/caches/modules-2/files-2.1/org.jetbrains.kotlin/kotlin-compiler-runner/2.2.20/72475464f90c5f5aae5072edc60c2b29a8353f63/kotlin-compiler-runner-2.2.20.jar because:
[        ]   Build cache is disabled
[        ]   Caching not enabled.
[        ] Caching disabled for InstrumentationAnalysisTransform: /root/.gradle/caches/modules-2/files-2.1/com.google.jimfs/jimfs/1.1/8fbd0579dc68aba6186935cc1bee21d2f3e7ec1c/jimfs-1.1.jar because:
[        ]   Build cache is disabled
[        ]   Caching not enabled.
[        ] Caching disabled for InstrumentationAnalysisTransform: /root/.gradle/caches/modules-2/files-2.1/io.grpc/grpc-context/1.69.1/acec56668f9e67775cfe43fdb9edd046e9426a2d/grpc-context-1.69.1.jar because:
[        ]   Build cache is disabled
[        ]   Caching not enabled.
[        ] Caching disabled for InstrumentationAnalysisTransform: /root/.gradle/caches/modules-2/files-2.1/io.grpc/grpc-api/1.69.1/e95c782de0217180c9b25c99e605c4513f3272f1/grpc-api-1.69.1.jar because:
[        ]   Build cache is disabled
[        ]   Caching not enabled.
[        ] Caching disabled for InstrumentationAnalysisTransform: /root/.gradle/caches/modules-2/files-2.1/io.grpc/grpc-protobuf-lite/1.69.1/40cc0d2c62b22c7c22056e17c1141cb714993ea9/grpc-protobuf-lite-1.69.1.jar because:
[        ]   Build cache is disabled
[        ]   Caching not enabled.
[        ] Caching disabled for InstrumentationAnalysisTransform: /root/.gradle/caches/modules-2/files-2.1/com.google.guava/guava/33.3.1-jre/852f8b363da0111e819460021ca693cacca3e8db/guava-33.3.1-jre.jar because:
[        ]   Build cache is disabled
[        ]   Caching not enabled.
[        ] Caching disabled for InstrumentationAnalysisTransform: /root/.gradle/caches/modules-2/files-2.1/com.google.dagger/dagger/2.28.3/10d83810ef9e19714116ed518896c90c6606d633/dagger-2.28.3.jar because:
[        ]   Build cache is disabled
[        ]   Caching not enabled.
[        ] Caching disabled for InstrumentationAnalysisTransform: /root/.gradle/caches/modules-2/files-2.1/javax.inject/javax.inject/1/6975da39a7040257bd51d21a231b76c915872d38/javax.inject-1.jar because:
[        ]   Build cache is disabled
[   +1 ms]   Caching not enabled.
[        ] Caching disabled for InstrumentationAnalysisTransform: /root/.gradle/caches/modules-2/files-2.1/org.apache.commons/commons-compress/1.21/4ec95b60d4e86b5c95a0e919cb172a0af98011ef/commons-compress-1.21.jar because:
[        ]   Build cache is disabled
[        ]   Caching not enabled.
[        ] Caching disabled for InstrumentationAnalysisTransform: /root/.gradle/caches/modules-2/files-2.1/org.bouncycastle/bcutil-jdk18on/1.79/ecfc5aef97cc7676ea0de5c53c407b9f533f0ad5/bcutil-jdk18on-1.79.jar because:
[        ]   Build cache is disabled
[        ]   Caching not enabled.
[        ] Caching disabled for InstrumentationAnalysisTransform: /root/.gradle/caches/modules-2/files-2.1/org.bouncycastle/bcprov-jdk18on/1.79/4d8e2732bcee15f1db93df266c3f5b70ce5cac21/bcprov-jdk18on-1.79.jar because:
[        ]   Build cache is disabled
[        ]   Caching not enabled.
[        ] Caching disabled for InstrumentationAnalysisTransform: /root/.gradle/caches/modules-2/files-2.1/org.apache.httpcomponents/httpclient/4.5.14/1194890e6f56ec29177673f2f12d0b8e627dec98/httpclient-4.5.14.jar because:
[        ]   Build cache is disabled
[        ]   Caching not enabled.
[        ] Caching disabled for InstrumentationAnalysisTransform: /root/.gradle/caches/modules-2/files-2.1/org.apache.httpcomponents/httpcore/4.4.16/51cf043c87253c9f58b539c9f7e44c8894223850/httpcore-4.4.16.jar because:
[        ]   Build cache is disabled
[        ]   Caching not enabled.
[   +4 ms] Caching disabled for InstrumentationAnalysisTransform: /root/.gradle/caches/modules-2/files-2.1/com.sun.activation/javax.activation/1.2.0/bf744c1e2776ed1de3c55c8dac1057ec331ef744/javax.activation-1.2.0.jar because:
[        ]   Build cache is disabled
[        ]   Caching not enabled.
[        ] Caching disabled for InstrumentationAnalysisTransform: /root/.gradle/caches/modules-2/files-2.1/com.android/signflinger/8.11.1/13f035dd8e7e470ff8f3216a0b46333187f26df5/signflinger-8.11.1.jar because:
[        ]   Build cache is disabled
[        ]   Caching not enabled.
[        ] Caching disabled for InstrumentationAnalysisTransform: /root/.gradle/caches/modules-2/files-2.1/com.android/zipflinger/8.11.1/3a3b1786c331db72b9610eb1f68f0ec1ec9a1f/zipflinger-8.11.1.jar because:
[        ]   Build cache is disabled
[        ]   Caching not enabled.
[        ] Caching disabled for InstrumentationAnalysisTransform: /root/.gradle/caches/modules-2/files-2.1/com.android.tools/annotations/31.11.1/a9a04a78f42fdb0276a0fc7fd538890f856a9753/annotations-31.11.1.jar because:
[        ]   Build cache is disabled
[        ]   Caching not enabled.
[        ] Caching disabled for InstrumentationAnalysisTransform: /root/.gradle/caches/modules-2/files-2.1/net.java.dev.jna/jna-platform/5.6.0/d18424ffb8bbfd036d71bcaab9b546858f2ef986/jna-platform-5.6.0.jar because:
[        ]   Build cache is disabled
[        ]   Caching not enabled.
[  +87 ms] Caching disabled for InstrumentationAnalysisTransform: /root/.gradle/caches/modules-2/files-2.1/javax.annotation/javax.annotation-api/1.3.2/934c04d3cfef185a8008e7bf34331b79730a9d43/javax.annotation-api-1.3.2.jar because:
[        ]   Build cache is disabled
[        ]   Caching not enabled.
[        ] Caching disabled for InstrumentationAnalysisTransform: /root/.gradle/caches/modules-2/files-2.1/net.sf.kxml/kxml2/2.3.0/ccbc77a5fd907ef863c29f3596c6f54ffa4e9442/kxml2-2.3.0.jar because:
[        ]   Build cache is disabled
[        ]   Caching not enabled.
[        ] Caching disabled for InstrumentationAnalysisTransform: /root/.gradle/caches/modules-2/files-2.1/com.googlecode.juniversalchardet/juniversalchardet/1.0.3/cd49678784c46aa8789c060538e0154013bb421b/juniversalchardet-1.0.3.jar because:
[        ]   Build cache is disabled
[        ]   Caching not enabled.
[        ] Caching disabled for InstrumentationAnalysisTransform: /root/.gradle/caches/modules-2/files-2.1/org.jvnet.staxex/stax-ex/1.8.1/78011e483a21102fb4858f3e8f269a677e50aa23/stax-ex-1.8.1.jar because:
[        ]   Build cache is disabled
[   +5 ms]   Caching not enabled.
[        ] Caching disabled for InstrumentationAnalysisTransform: /root/.gradle/caches/modules-2/files-2.1/jakarta.xml.bind/jakarta.xml.bind-api/2.3.2/8d49996a4338670764d7ca4b85a1c4ccf7fe665d/jakarta.xml.bind-api-2.3.2.jar because:
[        ]   Build cache is disabled
[        ]   Caching not enabled.
[        ] Caching disabled for InstrumentationAnalysisTransform: /root/.gradle/caches/modules-2/files-2.1/org.glassfish.jaxb/txw2/2.3.2/ce5be7da2e442c25ec14c766cb60cb802741727b/txw2-2.3.2.jar because:
[        ]   Build cache is disabled
[        ]   Caching not enabled.
[        ] Caching disabled for InstrumentationAnalysisTransform: /root/.gradle/caches/modules-2/files-2.1/com.sun.istack/istack-commons-runtime/3.0.8/d6a97364045aa6b99bf2d3c566a3f98599c2d296/istack-commons-runtime-3.0.8.jar because:
[        ]   Build cache is disabled
[        ]   Caching not enabled.
[        ] Caching disabled for InstrumentationAnalysisTransform: /root/.gradle/caches/modules-2/files-2.1/com.sun.xml.fastinfoset/FastInfoset/1.2.16/4eb6a0adad553bf759ffe86927df6f3b848c8bea/FastInfoset-1.2.16.jar because:
[        ]   Build cache is disabled
[        ]   Caching not enabled.
[        ] Caching disabled for InstrumentationAnalysisTransform: /root/.gradle/caches/modules-2/files-2.1/jakarta.activation/jakarta.activation-api/1.2.1/562a587face36ec7eff2db7f2fc95425c6602bc1/jakarta.activation-api-1.2.1.jar because:
[        ]   Build cache is disabled
[        ]   Caching not enabled.
[        ] Caching disabled for InstrumentationAnalysisTransform: /root/.gradle/caches/modules-2/files-2.1/com.google.auto.value/auto-value-annotations/1.6.2/ed193d86e0af90cc2342aedbe73c5d86b03fa09b/auto-value-annotations-1.6.2.jar because:
[        ]   Build cache is disabled
[        ]   Caching not enabled.
[        ] Caching disabled for InstrumentationAnalysisTransform: /root/.gradle/caches/modules-2/files-2.1/org.bitbucket.b_c/jose4j/0.9.5/e4ca26802488e6f16e24558d74ac8775a955fdd3/jose4j-0.9.5.jar because:
[        ]   Build cache is disabled
[        ]   Caching not enabled.
[        ] Caching disabled for InstrumentationAnalysisTransform: /root/.gradle/caches/modules-2/files-2.1/com.google.errorprone/error_prone_annotations/2.30.0/ff171acb7fb9cbe2b9f50b391e1d52459d30ee62/error_prone_annotations-2.30.0.jar because:
[        ]   Build cache is disabled
[        ]   Caching not enabled.
[        ] Caching disabled for InstrumentationAnalysisTransform: /root/.gradle/caches/modules-2/files-2.1/org.slf4j/slf4j-api/1.7.30/b5a4b6d16ab13e34a88fae84c35cd5d68cac922c/slf4j-api-1.7.30.jar because:
[        ]   Build cache is disabled
[        ]   Caching not enabled.
[        ] Caching disabled for InstrumentationAnalysisTransform: /root/.gradle/caches/modules-2/files-2.1/org.jdom/jdom2/2.0.6/6f14738ec2e9dd0011e343717fa624a10f8aab64/jdom2-2.0.6.jar because:
[        ]   Build cache is disabled
[        ]   Caching not enabled.
[        ] Caching disabled for InstrumentationAnalysisTransform: /root/.gradle/caches/modules-2/files-2.1/com.google.code.findbugs/jsr305/3.0.2/25ea2e8b0c338a877313bd4672d3fe056ea78f0d/jsr305-3.0.2.jar because:
[        ]   Build cache is disabled
[        ]   Caching not enabled.
[        ] Caching disabled for InstrumentationAnalysisTransform: /root/.gradle/caches/modules-2/files-2.1/com.google.j2objc/j2objc-annotations/3.0.0/7399e65dd7e9ff3404f4535b2f017093bdb134c7/j2objc-annotations-3.0.0.jar because:
[        ]   Build cache is disabled
[        ]   Caching not enabled.
[        ] Caching disabled for InstrumentationAnalysisTransform: /root/.gradle/caches/modules-2/files-2.1/com.google.android/annotations/4.1.1.4/a1678ba907bf92691d879fef34e1a187038f9259/annotations-4.1.1.4.jar because:
[        ]   Build cache is disabled
[        ]   Caching not enabled.
[        ] Caching disabled for InstrumentationAnalysisTransform: /root/.gradle/caches/modules-2/files-2.1/org.codehaus.mojo/animal-sniffer-annotations/1.24/aa9ba58d30e0aad7f1808fce9c541ea3760678d8/animal-sniffer-annotations-1.24.jar because:
[        ]   Build cache is disabled
[        ]   Caching not enabled.
[        ] Caching disabled for InstrumentationAnalysisTransform: /root/.gradle/caches/modules-2/files-2.1/io.perfmark/perfmark-api/0.27.0/f86f575a41b091786a4b027cd9c0c1d2e3fc1c01/perfmark-api-0.27.0.jar because:
[        ]   Build cache is disabled
[        ]   Caching not enabled.
[        ] Caching disabled for InstrumentationAnalysisTransform: /root/.gradle/caches/modules-2/files-2.1/io.netty/netty-handler-proxy/4.1.110.Final/b7fb401dd47c79e6b99f2319ac3b561c50c31c30/netty-handler-proxy-4.1.110.Final.jar because:
[        ]   Build cache is disabled
[        ]   Caching not enabled.
[        ] Caching disabled for InstrumentationAnalysisTransform: /root/.gradle/caches/modules-2/files-2.1/io.netty/netty-codec-http2/4.1.110.Final/e0849843eb5b1c036b12551baca98a9f7ff847a0/netty-codec-http2-4.1.110.Final.jar because:
[        ]   Build cache is disabled
[        ]   Caching not enabled.
[        ] Caching disabled for InstrumentationAnalysisTransform: /root/.gradle/caches/modules-2/files-2.1/io.netty/netty-codec-http/4.1.110.Final/9d05cd927209ea25bbf342962c00b8e5a828c2a4/netty-codec-http-4.1.110.Final.jar because:
[        ]   Build cache is disabled
[        ]   Caching not enabled.
[        ] Caching disabled for InstrumentationAnalysisTransform: /root/.gradle/caches/modules-2/files-2.1/io.netty/netty-handler/4.1.110.Final/168db749c22652ee7fed1ebf7ec46ce856d75e51/netty-handler-4.1.110.Final.jar because:
[        ]   Build cache is disabled
[        ]   Caching not enabled.
[        ] Caching disabled for InstrumentationAnalysisTransform: /root/.gradle/caches/modules-2/files-2.1/io.netty/netty-transport-native-unix-common/4.1.110.Final/a7096e7c0a25a983647909d7513f5d4943d589c0/netty-transport-native-unix-common-4.1.110.Final.jar because:
[        ]   Build cache is disabled
[        ]   Caching not enabled.
[        ] Caching disabled for InstrumentationAnalysisTransform: /root/.gradle/caches/modules-2/files-2.1/org.checkerframework/checker-qual/3.43.0/9425eee39e56b116d2b998b7c2cebcbd11a3c98b/checker-qual-3.43.0.jar because:
[        ]   Build cache is disabled
[        ]   Caching not enabled.
[        ] Caching disabled for InstrumentationAnalysisTransform: /root/.gradle/caches/modules-2/files-2.1/org.jetbrains.kotlin/kotlin-gradle-plugin-annotations/2.2.20/cb3940a092ab27344aa290973ebb6c14fb344ac9/kotlin-gradle-plugin-annotations-2.2.20.jar because:
[        ]   Build cache is disabled
[        ]   Caching not enabled.
[        ] Caching disabled for InstrumentationAnalysisTransform: /root/.gradle/caches/modules-2/files-2.1/com.android.tools.build/apksig/8.11.1/f005788487574c7d6ba23dea63bf8cb3a4f164a6/apksig-8.11.1.jar because:
[        ]   Build cache is disabled
[        ]   Caching not enabled.
[        ] Caching disabled for InstrumentationAnalysisTransform: /root/.gradle/caches/modules-2/files-2.1/com.squareup/javawriter/2.5.0/81241ff7078ef14f42ea2a8995fa09c096256e6b/javawriter-2.5.0.jar because:
[        ]   Build cache is disabled
[        ]   Caching not enabled.
[        ] Caching disabled for InstrumentationAnalysisTransform: /root/.gradle/caches/modules-2/files-2.1/org.jetbrains.kotlin/kotlin-native-utils/2.2.20/d0758b001901331bdc5e3860dcc72dc889a1c632/kotlin-native-utils-2.2.20.jar because:
[        ]   Build cache is disabled
[        ]   Caching not enabled.
[   +3 ms] Caching disabled for InstrumentationAnalysisTransform: /root/.gradle/caches/modules-2/files-2.1/org.jetbrains.kotlin/kotlin-tooling-core/2.2.20/685151c03e638207a3b5045002411fbef78fdeb/kotlin-tooling-core-2.2.20.jar because:
[        ]   Build cache is disabled
[        ]   Caching not enabled.
[  +78 ms] Caching disabled for InstrumentationAnalysisTransform: /root/.gradle/caches/modules-2/files-2.1/org.jetbrains.kotlin/kotlin-build-tools-api/2.2.20/d5517ea764cf72042e5fadbcd48152998d151082/kotlin-build-tools-api-2.2.20.jar because:
[        ]   Build cache is disabled
[        ]   Caching not enabled.
[        ] Caching disabled for InstrumentationAnalysisTransform: /root/.gradle/caches/modules-2/files-2.1/org.jetbrains.kotlin/kotlin-util-klib/2.2.20/d2530c797582f1f3b4c22d4b8a3ee134b16489ee/kotlin-util-klib-2.2.20.jar because:
[        ]   Build cache is disabled
[        ]   Caching not enabled.
[        ] Caching disabled for InstrumentationAnalysisTransform: /root/.gradle/caches/modules-2/files-2.1/org.jetbrains.kotlin/kotlin-daemon-client/2.2.20/1a5198f177c695bba2473b60d08f86471f4542cf/kotlin-daemon-client-2.2.20.jar because:
[        ]   Build cache is disabled
[        ]   Caching not enabled.
[        ] Caching disabled for InstrumentationAnalysisTransform: /root/.gradle/caches/modules-2/files-2.1/org.jetbrains.kotlinx/kotlinx-coroutines-core-jvm/1.8.0/ac1dc37a30a93150b704022f8d895ee1bd3a36b3/kotlinx-coroutines-core-jvm-1.8.0.jar because:
[        ]   Build cache is disabled
[        ]   Caching not enabled.
[        ] Caching disabled for InstrumentationAnalysisTransform: /root/.gradle/caches/modules-2/files-2.1/org.jetbrains.kotlin/kotlin-util-io/2.2.20/6c10468e852a6bceb4fbdeadf607ed92ad9f2d8e/kotlin-util-io-2.2.20.jar because:
[        ]   Build cache is disabled
[        ]   Caching not enabled.
[        ] Caching disabled for InstrumentationAnalysisTransform: /root/.gradle/caches/modules-2/files-2.1/com.google.guava/failureaccess/1.0.2/c4a06a64e650562f30b7bf9aaec1bfed43aca12b/failureaccess-1.0.2.jar because:
[        ]   Build cache is disabled
[        ]   Caching not enabled.
[        ] Caching disabled for InstrumentationAnalysisTransform: /root/.gradle/caches/modules-2/files-2.1/com.google.guava/listenablefuture/9999.0-empty-to-avoid-conflict-with-guava/b421526c5f297295adef1c886e5246c39d4ac629/listenablefuture-9999.0-empty-to-avoid-conflict-with-guava.jar because:
[        ]   Build cache is disabled
[        ]   Caching not enabled.
[        ] Caching disabled for InstrumentationAnalysisTransform: /root/.gradle/caches/modules-2/files-2.1/commons-codec/commons-codec/1.11/3acb4705652e16236558f0f4f2192cc33c3bd189/commons-codec-1.11.jar because:
[        ]   Build cache is disabled
[        ]   Caching not enabled.
[        ] Caching disabled for InstrumentationAnalysisTransform: /root/.gradle/caches/modules-2/files-2.1/commons-logging/commons-logging/1.2/4bfc12adfe4842bf07b657f0369c4cb522955686/commons-logging-1.2.jar because:
[        ]   Build cache is disabled
[        ]   Caching not enabled.
[        ] Caching disabled for InstrumentationAnalysisTransform: /root/.gradle/caches/modules-2/files-2.1/io.netty/netty-codec-socks/4.1.110.Final/4d54c8d5b95b14756043efb59b8c3e62ec67aa43/netty-codec-socks-4.1.110.Final.jar because:
[        ]   Build cache is disabled
[        ]   Caching not enabled.
[        ] Caching disabled for InstrumentationAnalysisTransform: /root/.gradle/caches/modules-2/files-2.1/net.java.dev.jna/jna/5.6.0/330f2244e9030119ab3030fc3fededc86713d9cc/jna-5.6.0.jar because:
[        ]   Build cache is disabled
[        ]   Caching not enabled.
[        ] Caching disabled for InstrumentationAnalysisTransform: /root/.gradle/caches/modules-2/files-2.1/io.netty/netty-codec/4.1.110.Final/f1fa43b03e93ab88e805b6a4e3e83780c80b47d2/netty-codec-4.1.110.Final.jar because:
[        ]   Build cache is disabled
[        ]   Caching not enabled.
[        ] Caching disabled for InstrumentationAnalysisTransform: /root/.gradle/caches/modules-2/files-2.1/io.netty/netty-buffer/4.1.110.Final/3d918a9ee057d995c362902b54634fc307132aac/netty-buffer-4.1.110.Final.jar because:
[        ]   Build cache is disabled
[        ]   Caching not enabled.
[        ] Caching disabled for InstrumentationAnalysisTransform: /root/.gradle/caches/modules-2/files-2.1/io.netty/netty-transport/4.1.110.Final/b91f04c39ac14d6a29d07184ef305953ee6e0348/netty-transport-4.1.110.Final.jar because:
[        ]   Build cache is disabled
[        ]   Caching not enabled.
[        ] Caching disabled for InstrumentationAnalysisTransform: /root/.gradle/caches/modules-2/files-2.1/io.netty/netty-resolver/4.1.110.Final/66c15921104cda0159b34e316541bc765dfaf3c0/netty-resolver-4.1.110.Final.jar because:
[        ]   Build cache is disabled
[        ]   Caching not enabled.
[        ] Caching disabled for InstrumentationAnalysisTransform: /root/.gradle/caches/modules-2/files-2.1/io.netty/netty-common/4.1.110.Final/ec361e7e025c029be50c55c8480080cabcbc01e7/netty-common-4.1.110.Final.jar because:
[        ]   Build cache is disabled
[        ]   Caching not enabled.
[  +97 ms] Caching disabled for InstrumentationAnalysisTransform: /opt/flutter/packages/flutter_tools/gradle/build/classes/java/main because:
[        ]   Build cache is disabled
[        ]   Caching not enabled.
[        ] Caching disabled for InstrumentationAnalysisTransform: /opt/flutter/packages/flutter_tools/gradle/build/classes/kotlin/main because:
[        ]   Build cache is disabled
[        ]   Caching not enabled.
[        ] Caching disabled for MergeInstrumentationAnalysisTransform: /root/.gradle/caches/8.14/transforms/8d4fe9f28ab51816030094f1f894a8eb/transformed/.gradle-instrumented-classpath.marker because:
[        ]   Build cache is disabled
[        ]   Caching not enabled.
[  +99 ms] Caching disabled for MergeInstrumentationAnalysisTransform: /root/.gradle/caches/8.14/transforms/c1f9201b4ffbed64b986cd5895aab323/transformed/analysis/instrumentation-hierarchy.bin because:
[        ]   Build cache is disabled
[        ]   Caching not enabled.
[        ] Caching disabled for MergeInstrumentationAnalysisTransform: /root/.gradle/caches/8.14/transforms/8e113e7657505402b70218164b1edeed/transformed/analysis/instrumentation-hierarchy.bin because:
[        ]   Build cache is disabled
[        ]   Caching not enabled.
[        ] Caching disabled for MergeInstrumentationAnalysisTransform: /root/.gradle/caches/8.14/transforms/cea42e766585fef43792a7628fe6c1bf/transformed/analysis/instrumentation-hierarchy.bin because:
[        ]   Build cache is disabled
[        ]   Caching not enabled.
[        ] Caching disabled for MergeInstrumentationAnalysisTransform: /root/.gradle/caches/8.14/transforms/8fc5c3035a16d1db96c9d750b4008169/transformed/analysis/instrumentation-hierarchy.bin because:
[        ]   Build cache is disabled
[        ]   Caching not enabled.
[        ] Caching disabled for MergeInstrumentationAnalysisTransform: /root/.gradle/caches/8.14/transforms/dcc1b57ca9e9ca179d8e48a07ffee1d1/transformed/analysis/instrumentation-hierarchy.bin because:
[        ]   Build cache is disabled
[        ]   Caching not enabled.
[        ] Caching disabled for MergeInstrumentationAnalysisTransform: /root/.gradle/caches/8.14/transforms/c6e233cd56462827c0105db65f7e15b5/transformed/analysis/instrumentation-hierarchy.bin because:
[        ]   Build cache is disabled
[        ]   Caching not enabled.
[        ] Caching disabled for MergeInstrumentationAnalysisTransform: /root/.gradle/caches/8.14/transforms/8d4fe9f28ab51816030094f1f894a8eb/transformed/analysis/instrumentation-hierarchy.bin because:
[        ]   Build cache is disabled
[        ]   Caching not enabled.
[        ] Caching disabled for MergeInstrumentationAnalysisTransform: /root/.gradle/caches/8.14/transforms/45f515a74421b5d14c88fcb72eeba950/transformed/analysis/instrumentation-hierarchy.bin because:
[        ]   Build cache is disabled
[        ]   Caching not enabled.
[        ] Caching disabled for MergeInstrumentationAnalysisTransform: /root/.gradle/caches/8.14/transforms/33c1e375a4cbe6726b00bc960dec82d6/transformed/analysis/instrumentation-hierarchy.bin because:
[        ]   Build cache is disabled
[        ]   Caching not enabled.
[        ] Caching disabled for MergeInstrumentationAnalysisTransform: /root/.gradle/caches/8.14/transforms/3d6b331a3efc8ac28d9885e69cdb153e/transformed/analysis/instrumentation-hierarchy.bin because:
[        ]   Build cache is disabled
[        ]   Caching not enabled.
[        ] Caching disabled for MergeInstrumentationAnalysisTransform: /root/.gradle/caches/8.14/transforms/507dc73801f74ac7c1b7cc486cea19f9/transformed/analysis/instrumentation-hierarchy.bin because:
[        ]   Build cache is disabled
[        ]   Caching not enabled.
[        ] Caching disabled for MergeInstrumentationAnalysisTransform: /root/.gradle/caches/8.14/transforms/8e7563c6c0ebb965c30b9bb19650fc33/transformed/analysis/instrumentation-hierarchy.bin because:
[        ]   Build cache is disabled
[        ]   Caching not enabled.
[        ] Caching disabled for MergeInstrumentationAnalysisTransform: /root/.gradle/caches/8.14/transforms/8fc5c3035a16d1db96c9d750b4008169/transformed/analysis/instrumentation-dependencies.bin because:
[        ]   Build cache is disabled
[        ]   Caching not enabled.
[        ] Caching disabled for MergeInstrumentationAnalysisTransform: /root/.gradle/caches/8.14/transforms/8e113e7657505402b70218164b1edeed/transformed/analysis/instrumentation-dependencies.bin because:
[        ]   Build cache is disabled
[        ]   Caching not enabled.
[        ] Caching disabled for MergeInstrumentationAnalysisTransform: /root/.gradle/caches/8.14/transforms/33c1e375a4cbe6726b00bc960dec82d6/transformed/analysis/instrumentation-dependencies.bin because:
[        ]   Build cache is disabled
[        ]   Caching not enabled.
[        ] Caching disabled for MergeInstrumentationAnalysisTransform: /root/.gradle/caches/8.14/transforms/3d6b331a3efc8ac28d9885e69cdb153e/transformed/analysis/instrumentation-dependencies.bin because:
[        ]   Build cache is disabled
[        ]   Caching not enabled.
[        ] Caching disabled for MergeInstrumentationAnalysisTransform: /root/.gradle/caches/8.14/transforms/c1f9201b4ffbed64b986cd5895aab323/transformed/analysis/instrumentation-dependencies.bin because:
[        ]   Build cache is disabled
[        ]   Caching not enabled.
[        ] Caching disabled for MergeInstrumentationAnalysisTransform: /root/.gradle/caches/8.14/transforms/cea42e766585fef43792a7628fe6c1bf/transformed/analysis/instrumentation-dependencies.bin because:
[        ]   Build cache is disabled
[        ]   Caching not enabled.
[        ] Caching disabled for MergeInstrumentationAnalysisTransform: /root/.gradle/caches/8.14/transforms/8d4fe9f28ab51816030094f1f894a8eb/transformed/analysis/instrumentation-dependencies.bin because:
[        ]   Build cache is disabled
[        ]   Caching not enabled.
[        ] Caching disabled for MergeInstrumentationAnalysisTransform: /root/.gradle/caches/8.14/transforms/45f515a74421b5d14c88fcb72eeba950/transformed/analysis/instrumentation-dependencies.bin because:
[        ]   Build cache is disabled
[        ]   Caching not enabled.
[        ] Caching disabled for MergeInstrumentationAnalysisTransform: /root/.gradle/caches/8.14/transforms/c6e233cd56462827c0105db65f7e15b5/transformed/analysis/instrumentation-dependencies.bin because:
[        ]   Build cache is disabled
[        ]   Caching not enabled.
[        ] Caching disabled for MergeInstrumentationAnalysisTransform: /root/.gradle/caches/8.14/transforms/507dc73801f74ac7c1b7cc486cea19f9/transformed/analysis/instrumentation-dependencies.bin because:
[        ]   Build cache is disabled
[        ]   Caching not enabled.
[        ] Caching disabled for MergeInstrumentationAnalysisTransform: /root/.gradle/caches/8.14/transforms/dcc1b57ca9e9ca179d8e48a07ffee1d1/transformed/analysis/instrumentation-dependencies.bin because:
[        ]   Build cache is disabled
[        ]   Caching not enabled.
[        ] Caching disabled for MergeInstrumentationAnalysisTransform: /root/.gradle/caches/8.14/transforms/8e7563c6c0ebb965c30b9bb19650fc33/transformed/analysis/instrumentation-dependencies.bin because:
[        ]   Build cache is disabled
[        ]   Caching not enabled.
[  +97 ms] Caching disabled for MergeInstrumentationAnalysisTransform: /root/.gradle/caches/modules-2/files-2.1/com.android.tools.build.jetifier/jetifier-processor/1.0.0-beta10/946c39eb0c052ff4f60a8939648a8b99af20d604/jetifier-processor-1.0.0-beta10.jar because:
[        ]   Build cache is disabled
[        ]   Caching not enabled.
[        ] Caching disabled for MergeInstrumentationAnalysisTransform: /root/.gradle/caches/modules-2/files-2.1/com.android.tools.build/builder-model/8.11.1/6888ed42b8bcc73e3a378048263d2cad36707494/builder-model-8.11.1.jar because:
[        ]   Build cache is disabled
[        ]   Caching not enabled.
[        ] Caching disabled for MergeInstrumentationAnalysisTransform: /root/.gradle/caches/modules-2/files-2.1/org.jetbrains.kotlinx/kotlinx-serialization-json-jvm/1.4.0/cfa3e57d044a20e5c9e4561a997df823e2f1c81a/kotlinx-serialization-json-jvm-1.4.0.jar because:
[        ]   Build cache is disabled
[        ]   Caching not enabled.
[        ] Caching disabled for MergeInstrumentationAnalysisTransform: /root/.gradle/caches/modules-2/files-2.1/com.android.tools.build.jetifier/jetifier-core/1.0.0-beta10/6e621022a9c95af12a7004d6b55805bbd1126837/jetifier-core-1.0.0-beta10.jar because:
[        ]   Build cache is disabled
[        ]   Caching not enabled.
[        ] Caching disabled for MergeInstrumentationAnalysisTransform: /root/.gradle/caches/modules-2/files-2.1/com.android.tools.lint/lint-model/31.11.1/71fcb4e666dc6658680083dcd0b326336c7848fe/lint-model-31.11.1.jar because:
[        ]   Build cache is disabled
[        ]   Caching not enabled.
[        ] Caching disabled for MergeInstrumentationAnalysisTransform: /root/.gradle/caches/modules-2/files-2.1/androidx.databinding/databinding-compiler-common/8.11.1/47c5f9f4acbde7e655fdf73623451a4022e0b4a0/databinding-compiler-common-8.11.1.jar because:
[        ]   Build cache is disabled
[        ]   Caching not enabled.
[        ] Caching disabled for MergeInstrumentationAnalysisTransform: /root/.gradle/caches/modules-2/files-2.1/com.android.tools.build/gradle-settings-api/8.11.1/d611f1770d34795bf98a4ac6782d330a55f46343/gradle-settings-api-8.11.1.jar because:
[        ]   Build cache is disabled
[        ]   Caching not enabled.
[        ] Caching disabled for MergeInstrumentationAnalysisTransform: /root/.gradle/caches/modules-2/files-2.1/com.android.tools.build/gradle-api/8.11.1/e0ce2faa3fe7331e1e6855e5aa699c650f6d56c3/gradle-api-8.11.1.jar because:
[        ]   Build cache is disabled
[        ]   Caching not enabled.
[        ] Caching disabled for ExternalDependencyInstrumentingArtifactTransform: /root/.gradle/caches/8.14/transforms/8bb1f256fb9278c668f3cede5cf41015/transformed/merge/instrumentation-dependencies.bin because:
[        ]   Build cache is disabled
[        ]   Caching not enabled.
[        ] Caching disabled for ExternalDependencyInstrumentingArtifactTransform: /root/.gradle/caches/8.14/transforms/25ff75261732ee1d86b40f399ee9eb1a/transformed/merge/instrumentation-dependencies.bin because:
[   +1 ms]   Build cache is disabled
[        ]   Caching not enabled.
[        ] Caching disabled for MergeInstrumentationAnalysisTransform: /root/.gradle/caches/modules-2/files-2.1/com.android.tools.build/manifest-merger/31.11.1/2eb20f98b2e71c3a1a2ebe675910e6958a7e1b78/manifest-merger-31.11.1.jar because:
[        ]   Build cache is disabled
[        ]   Caching not enabled.
[        ] Caching disabled for MergeInstrumentationAnalysisTransform: /root/.gradle/caches/modules-2/files-2.1/com.android.tools.build/aaptcompiler/8.11.1/61a83340abaef29eed77a2b4120e6c8861d40563/aaptcompiler-8.11.1.jar because:
[        ]   Build cache is disabled
[        ]   Caching not enabled.
[        ] Caching disabled for ExternalDependencyInstrumentingArtifactTransform: /root/.gradle/caches/8.14/transforms/f9be69fdd6c238d1663edbd423bb2700/transformed/merge/instrumentation-dependencies.bin because:
[        ]   Build cache is disabled
[        ]   Caching not enabled.
[        ] Caching disabled for ExternalDependencyInstrumentingArtifactTransform: /root/.gradle/caches/8.14/transforms/1605bd5751f14d3728472307817326fb/transformed/merge/instrumentation-dependencies.bin because:
[        ]   Build cache is disabled
[        ]   Caching not enabled.
[        ] Caching disabled for ExternalDependencyInstrumentingArtifactTransform: /root/.gradle/caches/8.14/transforms/fdf48c92589c0584fbc5dab6d9b0556d/transformed/merge/instrumentation-dependencies.bin because:
[        ]   Build cache is disabled
[        ]   Caching not enabled.
[        ] Caching disabled for ExternalDependencyInstrumentingArtifactTransform: /root/.gradle/caches/8.14/transforms/740efb6b3ec42c8405e952fdb645a053/transformed/merge/instrumentation-dependencies.bin because:
[        ]   Build cache is disabled
[        ]   Caching not enabled.
[        ] Caching disabled for ExternalDependencyInstrumentingArtifactTransform: /root/.gradle/caches/8.14/transforms/25fb52e76e40d05e7af86817bb312302/transformed/merge/instrumentation-dependencies.bin because:
[        ]   Build cache is disabled
[        ]   Caching not enabled.
[        ] Caching disabled for ExternalDependencyInstrumentingArtifactTransform: /root/.gradle/caches/8.14/transforms/cf0f2c074d579528c4d8e5e968379014/transformed/merge/instrumentation-dependencies.bin because:
[        ]   Build cache is disabled
[        ]   Caching not enabled.
[        ] Caching disabled for ExternalDependencyInstrumentingArtifactTransform: /root/.gradle/caches/8.14/transforms/98b0482ef0a36e29d1e58a27c04243fe/transformed/merge/instrumentation-dependencies.bin because:
[        ]   Build cache is disabled
[        ]   Caching not enabled.
[        ] Caching disabled for ExternalDependencyInstrumentingArtifactTransform: /root/.gradle/caches/8.14/transforms/a47418938053ce46a8a0cae495eb7f2e/transformed/merge/instrumentation-dependencies.bin because:
[        ]   Build cache is disabled
[        ]   Caching not enabled.
[        ] Caching disabled for ExternalDependencyInstrumentingArtifactTransform: /root/.gradle/caches/modules-2/files-2.1/com.android.tools.build.jetifier/jetifier-core/1.0.0-beta10/6e621022a9c95af12a7004d6b55805bbd1126837/jetifier-core-1.0.0-beta10.jar because:
[        ]   Build cache is disabled
[        ]   Caching not enabled.
[        ] Caching disabled for MergeInstrumentationAnalysisTransform: /root/.gradle/caches/modules-2/files-2.1/com.android.tools.build/builder/8.11.1/52ae05e99786bd491ad363825acbc2476c8b905/builder-8.11.1.jar because:
[        ]   Build cache is disabled
[        ]   Caching not enabled.
[        ] Caching disabled for MergeInstrumentationAnalysisTransform: /root/.gradle/caches/8.14/transforms/8046db71f8b9a584db65f55d061e2609/transformed/analysis/instrumentation-hierarchy.bin because:
[        ]   Build cache is disabled
[        ]   Caching not enabled.
[        ] Caching disabled for ExternalDependencyInstrumentingArtifactTransform: /root/.gradle/caches/modules-2/files-2.1/com.android.tools.build/builder-model/8.11.1/6888ed42b8bcc73e3a378048263d2cad36707494/builder-model-8.11.1.jar because:
[        ]   Build cache is disabled
[        ]   Caching not enabled.
[        ] Caching disabled for MergeInstrumentationAnalysisTransform: /root/.gradle/caches/8.14/transforms/c1bc16dafe948f1d5124ab84a6405493/transformed/analysis/instrumentation-hierarchy.bin because:
[        ]   Build cache is disabled
[        ]   Caching not enabled.
[        ] Caching disabled for MergeInstrumentationAnalysisTransform: /root/.gradle/caches/8.14/transforms/c1bc16dafe948f1d5124ab84a6405493/transformed/analysis/instrumentation-dependencies.bin because:
[        ]   Build cache is disabled
[        ]   Caching not enabled.
[        ] Caching disabled for MergeInstrumentationAnalysisTransform: /root/.gradle/caches/modules-2/files-2.1/com.android.tools/sdklib/31.11.1/3b0db64c69b3803440efcc502f151abc0e4df9db/sdklib-31.11.1.jar because:
[        ]   Build cache is disabled
[        ]   Caching not enabled.
[        ] Caching disabled for ExternalDependencyInstrumentingArtifactTransform: /root/.gradle/caches/8.14/transforms/6b0547b32be4aeed652e14218f9dfe11/transformed/merge/instrumentation-dependencies.bin because:
[        ]   Build cache is disabled
[        ]   Caching not enabled.
[        ] Caching disabled for ExternalDependencyInstrumentingArtifactTransform: /root/.gradle/caches/modules-2/files-2.1/org.jetbrains.kotlinx/kotlinx-serialization-json-jvm/1.4.0/cfa3e57d044a20e5c9e4561a997df823e2f1c81a/kotlinx-serialization-json-jvm-1.4.0.jar because:
[        ]   Build cache is disabled
[        ]   Caching not enabled.
[        ] Caching disabled for MergeInstrumentationAnalysisTransform: /root/.gradle/caches/8.14/transforms/8046db71f8b9a584db65f55d061e2609/transformed/analysis/instrumentation-dependencies.bin because:
[        ]   Build cache is disabled
[        ]   Caching not enabled.
[        ] Caching disabled for MergeInstrumentationAnalysisTransform: /root/.gradle/caches/modules-2/files-2.1/com.android.tools.build/gradle/8.11.1/7861a99a64716fd75ce85a3c7e2fcb3a9e928857/gradle-8.11.1.jar because:
[        ]   Build cache is disabled
[        ]   Caching not enabled.
[        ] Caching disabled for ExternalDependencyInstrumentingArtifactTransform: /root/.gradle/caches/8.14/transforms/e520f2c668659cf59544a67968cf9f3e/transformed/merge/instrumentation-dependencies.bin because:
[        ]   Build cache is disabled
[        ]   Caching not enabled.
[        ] Caching disabled for MergeInstrumentationAnalysisTransform: /root/.gradle/caches/8.14/transforms/4a81637aabf631737a22c8f847bfe584/transformed/analysis/instrumentation-hierarchy.bin because:
[        ]   Build cache is disabled
[        ]   Caching not enabled.
[        ] Caching disabled for ExternalDependencyInstrumentingArtifactTransform: /root/.gradle/caches/modules-2/files-2.1/com.android.tools.build/gradle-settings-api/8.11.1/d611f1770d34795bf98a4ac6782d330a55f46343/gradle-settings-api-8.11.1.jar because:
[        ]   Build cache is disabled
[        ]   Caching not enabled.
[        ] Caching disabled for ExternalDependencyInstrumentingArtifactTransform: /root/.gradle/caches/modules-2/files-2.1/com.android.tools.build/gradle-api/8.11.1/e0ce2faa3fe7331e1e6855e5aa699c650f6d56c3/gradle-api-8.11.1.jar because:
[        ]   Build cache is disabled
[        ]   Caching not enabled.
[        ] Caching disabled for ExternalDependencyInstrumentingArtifactTransform: /root/.gradle/caches/modules-2/files-2.1/com.android.tools.lint/lint-model/31.11.1/71fcb4e666dc6658680083dcd0b326336c7848fe/lint-model-31.11.1.jar because:
[        ]   Build cache is disabled
[        ]   Caching not enabled.
[        ] Caching disabled for MergeInstrumentationAnalysisTransform: /root/.gradle/caches/modules-2/files-2.1/com.android.tools/sdk-common/31.11.1/762e94439c593e31ce15e9bcf9cc95509181553/sdk-common-31.11.1.jar because:
[        ]   Build cache is disabled
[        ]   Caching not enabled.
[        ] Caching disabled for MergeInstrumentationAnalysisTransform: /root/.gradle/caches/8.14/transforms/4a81637aabf631737a22c8f847bfe584/transformed/analysis/instrumentation-dependencies.bin because:
[        ]   Build cache is disabled
[        ]   Caching not enabled.
[   +1 ms] Caching disabled for ExternalDependencyInstrumentingArtifactTransform: /root/.gradle/caches/8.14/transforms/f533846188a6dd4dd2709cf3c203db5d/transformed/merge/instrumentation-dependencies.bin because:
[        ]   Build cache is disabled
[        ]   Caching not enabled.
[        ] Caching disabled for MergeInstrumentationAnalysisTransform: /root/.gradle/caches/8.14/transforms/fc0d83692ebe3ed2df7f251b6442a334/transformed/analysis/instrumentation-hierarchy.bin because:
[        ]   Build cache is disabled
[        ]   Caching not enabled.
[        ] Caching disabled for MergeInstrumentationAnalysisTransform: /root/.gradle/caches/8.14/transforms/7733910508f12a42fe4a4a562bf01997/transformed/analysis/instrumentation-hierarchy.bin because:
[        ]   Build cache is disabled
[        ]   Caching not enabled.
[        ] Caching disabled for MergeInstrumentationAnalysisTransform: /root/.gradle/caches/8.14/transforms/7733910508f12a42fe4a4a562bf01997/transformed/analysis/instrumentation-dependencies.bin because:
[        ]   Build cache is disabled
[        ]   Caching not enabled.
[        ] Caching disabled for MergeInstrumentationAnalysisTransform: /root/.gradle/caches/8.14/transforms/ac79db24647268fada3f5ad02b0d5b1d/transformed/analysis/instrumentation-hierarchy.bin because:
[        ]   Build cache is disabled
[        ]   Caching not enabled.
[        ] Caching disabled for MergeInstrumentationAnalysisTransform: /root/.gradle/caches/8.14/transforms/fc0d83692ebe3ed2df7f251b6442a334/transformed/analysis/instrumentation-dependencies.bin because:
[        ]   Build cache is disabled
[        ]   Caching not enabled.
[        ] Caching disabled for ExternalDependencyInstrumentingArtifactTransform: /root/.gradle/caches/modules-2/files-2.1/com.android.tools.build/aaptcompiler/8.11.1/61a83340abaef29eed77a2b4120e6c8861d40563/aaptcompiler-8.11.1.jar because:
[        ]   Build cache is disabled
[        ]   Caching not enabled.
[        ] Caching disabled for ExternalDependencyInstrumentingArtifactTransform: /root/.gradle/caches/8.14/transforms/ee6555a85cfaa28694fc7ec61af26099/transformed/merge/instrumentation-dependencies.bin because:
[        ]   Build cache is disabled
[        ]   Caching not enabled.
[   +2 ms] Caching disabled for MergeInstrumentationAnalysisTransform: /root/.gradle/caches/modules-2/files-2.1/com.android.tools/repository/31.11.1/9bd7df9af575ec521f4476cc17526332b1a32b39/repository-31.11.1.jar because:
[        ]   Build cache is disabled
[        ]   Caching not enabled.
[        ] Caching disabled for MergeInstrumentationAnalysisTransform: /root/.gradle/caches/8.14/transforms/ac79db24647268fada3f5ad02b0d5b1d/transformed/analysis/instrumentation-dependencies.bin because:
[        ]   Build cache is disabled
[        ]   Caching not enabled.
[        ] Caching disabled for MergeInstrumentationAnalysisTransform: /root/.gradle/caches/modules-2/files-2.1/com.android.tools.analytics-library/shared/31.11.1/c70cf1f0327c0f68d545157dcbf06d592a36d703/shared-31.11.1.jar because:
[        ]   Build cache is disabled
[        ]   Caching not enabled.
[        ] Caching disabled for MergeInstrumentationAnalysisTransform: /root/.gradle/caches/modules-2/files-2.1/com.android.tools.analytics-library/tracker/31.11.1/9c2c0e33148176901008ac5d81c93238413b5b46/tracker-31.11.1.jar because:
[        ]   Build cache is disabled
[   +3 ms]   Caching not enabled.
[  +79 ms] Caching disabled for ExternalDependencyInstrumentingArtifactTransform: /root/.gradle/caches/8.14/transforms/0528b5081c13f7fa1427e3095e136cbb/transformed/merge/instrumentation-dependencies.bin because:
[        ]   Build cache is disabled
[        ]   Caching not enabled.
[        ] Caching disabled for MergeInstrumentationAnalysisTransform: /root/.gradle/caches/8.14/transforms/a1fb39a58c4276bff6988a10cee304a5/transformed/analysis/instrumentation-hierarchy.bin because:
[        ]   Build cache is disabled
[        ]   Caching not enabled.
[        ] Caching disabled for ExternalDependencyInstrumentingArtifactTransform: /root/.gradle/caches/8.14/transforms/d77c5f93031b684dde4134627cd84776/transformed/merge/instrumentation-dependencies.bin because:
[        ]   Build cache is disabled
[        ]   Caching not enabled.
[        ] Caching disabled for MergeInstrumentationAnalysisTransform: /root/.gradle/caches/8.14/transforms/a1fb39a58c4276bff6988a10cee304a5/transformed/analysis/instrumentation-dependencies.bin because:
[        ]   Build cache is disabled
[        ]   Caching not enabled.
[        ] Caching disabled for MergeInstrumentationAnalysisTransform: /root/.gradle/caches/modules-2/files-2.1/com.android.tools.utp/android-test-plugin-host-emulator-control-proto/31.11.1/9ad66b4b96af8d226c9d899030d9acdd101d03ed/android-test-plugin-host-emulator-control-proto-31.11.1.jar because:
[        ]   Build cache is disabled
[        ]   Caching not enabled.
[        ] Caching disabled for ExternalDependencyInstrumentingArtifactTransform: /root/.gradle/caches/8.14/transforms/bd0e6929aabffa0f2c6e99f3d429ce45/transformed/merge/instrumentation-dependencies.bin because:
[        ]   Build cache is disabled
[        ]   Caching not enabled.
[        ] Caching disabled for ExternalDependencyInstrumentingArtifactTransform: /root/.gradle/caches/modules-2/files-2.1/androidx.databinding/databinding-compiler-common/8.11.1/47c5f9f4acbde7e655fdf73623451a4022e0b4a0/databinding-compiler-common-8.11.1.jar because:
[        ]   Build cache is disabled
[        ]   Caching not enabled.
[        ] Caching disabled for ExternalDependencyInstrumentingArtifactTransform: /root/.gradle/caches/modules-2/files-2.1/com.android.tools.build/manifest-merger/31.11.1/2eb20f98b2e71c3a1a2ebe675910e6958a7e1b78/manifest-merger-31.11.1.jar because:
[        ]   Build cache is disabled
[        ]   Caching not enabled.
[        ] Caching disabled for ExternalDependencyInstrumentingArtifactTransform: /root/.gradle/caches/8.14/transforms/a08b713643375f1ee0983776b52930bb/transformed/merge/instrumentation-dependencies.bin because:
[        ]   Build cache is disabled
[        ]   Caching not enabled.
[   +1 ms] Caching disabled for MergeInstrumentationAnalysisTransform: /root/.gradle/caches/modules-2/files-2.1/com.android.tools.build/builder-test-api/8.11.1/9042ca92a855552799f999696db194fb0f9dadf/builder-test-api-8.11.1.jar because:
[   +4 ms]   Build cache is disabled
[        ]   Caching not enabled.
[        ] Caching disabled for MergeInstrumentationAnalysisTransform: /root/.gradle/caches/8.14/transforms/8f610dcff51a3e75ed55f7797bcff377/transformed/analysis/instrumentation-hierarchy.bin because:
[        ]   Build cache is disabled
[        ]   Caching not enabled.
[        ] Caching disabled for MergeInstrumentationAnalysisTransform: /root/.gradle/caches/8.14/transforms/369b3e597f276da50605553a8da55b0c/transformed/analysis/instrumentation-hierarchy.bin because:
[        ]   Build cache is disabled
[        ]   Caching not enabled.
[        ] Caching disabled for ExternalDependencyInstrumentingArtifactTransform: /root/.gradle/caches/8.14/transforms/7973f5b21c0e92f6b26b8bd33d286df2/transformed/merge/instrumentation-dependencies.bin because:
[        ]   Build cache is disabled
[        ]   Caching not enabled.
[        ] Caching disabled for ExternalDependencyInstrumentingArtifactTransform: /root/.gradle/caches/modules-2/files-2.1/com.android.tools.build.jetifier/jetifier-processor/1.0.0-beta10/946c39eb0c052ff4f60a8939648a8b99af20d604/jetifier-processor-1.0.0-beta10.jar because:
[        ]   Build cache is disabled
[        ]   Caching not enabled.
[        ] Caching disabled for ExternalDependencyInstrumentingArtifactTransform: /root/.gradle/caches/modules-2/files-2.1/com.android.tools/repository/31.11.1/9bd7df9af575ec521f4476cc17526332b1a32b39/repository-31.11.1.jar because:
[        ]   Build cache is disabled
[        ]   Caching not enabled.
[        ] Caching disabled for MergeInstrumentationAnalysisTransform: /root/.gradle/caches/8.14/transforms/8f610dcff51a3e75ed55f7797bcff377/transformed/analysis/instrumentation-dependencies.bin because:
[        ]   Build cache is disabled
[        ]   Caching not enabled.
[        ] Caching disabled for ExternalDependencyInstrumentingArtifactTransform: /root/.gradle/caches/modules-2/files-2.1/com.android.tools.utp/android-test-plugin-host-emulator-control-proto/31.11.1/9ad66b4b96af8d226c9d899030d9acdd101d03ed/android-test-plugin-host-emulator-control-proto-31.11.1.jar because:
[        ]   Build cache is disabled
[        ]   Caching not enabled.
[        ] Caching disabled for MergeInstrumentationAnalysisTransform: /root/.gradle/caches/8.14/transforms/369b3e597f276da50605553a8da55b0c/transformed/analysis/instrumentation-dependencies.bin because:
[        ]   Build cache is disabled
[        ]   Caching not enabled.
[        ] Caching disabled for ExternalDependencyInstrumentingArtifactTransform: /root/.gradle/caches/modules-2/files-2.1/com.android.tools.analytics-library/tracker/31.11.1/9c2c0e33148176901008ac5d81c93238413b5b46/tracker-31.11.1.jar because:
[        ]   Build cache is disabled
[        ]   Caching not enabled.
[        ] Caching disabled for MergeInstrumentationAnalysisTransform: /root/.gradle/caches/8.14/transforms/d9e327f3dcb49edec1d1bbb03f9d0154/transformed/analysis/instrumentation-hierarchy.bin because:
[        ]   Build cache is disabled
[        ]   Caching not enabled.
[        ] Caching disabled for MergeInstrumentationAnalysisTransform: /root/.gradle/caches/8.14/transforms/e8bae12bb8f0e08b87327bd10f1b3346/transformed/analysis/instrumentation-hierarchy.bin because:
[        ]   Build cache is disabled
[        ]   Caching not enabled.
[        ] Caching disabled for ExternalDependencyInstrumentingArtifactTransform: /root/.gradle/caches/modules-2/files-2.1/com.android.tools.analytics-library/shared/31.11.1/c70cf1f0327c0f68d545157dcbf06d592a36d703/shared-31.11.1.jar because:
[        ]   Build cache is disabled
[        ]   Caching not enabled.
[   +1 ms] Caching disabled for MergeInstrumentationAnalysisTransform: /root/.gradle/caches/8.14/transforms/6c685f1c89b9b94a694c5c5e4fddb009/transformed/analysis/instrumentation-hierarchy.bin because:
[        ]   Build cache is disabled
[        ]   Caching not enabled.
[        ] Caching disabled for MergeInstrumentationAnalysisTransform: /root/.gradle/caches/8.14/transforms/d9e327f3dcb49edec1d1bbb03f9d0154/transformed/analysis/instrumentation-dependencies.bin because:
[        ]   Build cache is disabled
[        ]   Caching not enabled.
[        ] Caching disabled for ExternalDependencyInstrumentingArtifactTransform: /root/.gradle/caches/modules-2/files-2.1/com.android.tools/sdklib/31.11.1/3b0db64c69b3803440efcc502f151abc0e4df9db/sdklib-31.11.1.jar because:
[        ]   Build cache is disabled
[        ]   Caching not enabled.
[        ] Caching disabled for MergeInstrumentationAnalysisTransform: /root/.gradle/caches/8.14/transforms/e8bae12bb8f0e08b87327bd10f1b3346/transformed/analysis/instrumentation-dependencies.bin because:
[   +1 ms]   Build cache is disabled
[        ]   Caching not enabled.
[        ] Caching disabled for MergeInstrumentationAnalysisTransform: /root/.gradle/caches/8.14/transforms/ae4dab1e6e6b548b4fc29763588058b9/transformed/analysis/instrumentation-hierarchy.bin because:
[        ]   Build cache is disabled
[        ]   Caching not enabled.
[        ] Caching disabled for MergeInstrumentationAnalysisTransform: /root/.gradle/caches/modules-2/files-2.1/com.android.tools.ddms/ddmlib/31.11.1/772f1af975b6cbb75b0e69727e1c2d3d58f89f3f/ddmlib-31.11.1.jar because:
[        ]   Build cache is disabled
[        ]   Caching not enabled.
[        ] Caching disabled for ExternalDependencyInstrumentingArtifactTransform: /root/.gradle/caches/modules-2/files-2.1/com.android.tools.build/builder-test-api/8.11.1/9042ca92a855552799f999696db194fb0f9dadf/builder-test-api-8.11.1.jar because:
[        ]   Build cache is disabled
[        ]   Caching not enabled.
[        ] Caching disabled for MergeInstrumentationAnalysisTransform: /root/.gradle/caches/modules-2/files-2.1/com.android.tools.layoutlib/layoutlib-api/31.11.1/3b7f1fe9c54d6fd684a3fd3b8feffeedfe546fd4/layoutlib-api-31.11.1.jar because:
[        ]   Build cache is disabled
[   +2 ms]   Caching not enabled.
[        ] Caching disabled for MergeInstrumentationAnalysisTransform: /root/.gradle/caches/8.14/transforms/6c685f1c89b9b94a694c5c5e4fddb009/transformed/analysis/instrumentation-dependencies.bin because:
[        ]   Build cache is disabled
[   +1 ms]   Caching not enabled.
[        ] Caching disabled for MergeInstrumentationAnalysisTransform: /root/.gradle/caches/8.14/transforms/ae4dab1e6e6b548b4fc29763588058b9/transformed/analysis/instrumentation-dependencies.bin because:
[        ]   Build cache is disabled
[        ]   Caching not enabled.
[        ] Caching disabled for MergeInstrumentationAnalysisTransform: /root/.gradle/caches/8.14/transforms/157e4352d992da2a2332a4eec2eb74f1/transformed/analysis/instrumentation-hierarchy.bin because:
[        ]   Build cache is disabled
[        ]   Caching not enabled.
[        ] Caching disabled for ExternalDependencyInstrumentingArtifactTransform: /root/.gradle/caches/8.14/transforms/1b380c0749872f1f46329a1df9e6f2c6/transformed/merge/instrumentation-dependencies.bin because:
[        ]   Build cache is disabled
[        ]   Caching not enabled.
[   +1 ms] Caching disabled for MergeInstrumentationAnalysisTransform: /root/.gradle/caches/8.14/transforms/59b12d9a0d87469da1ea867079696e46/transformed/analysis/instrumentation-dependencies.bin because:
[        ]   Build cache is disabled
[        ]   Caching not enabled.
[        ] Caching disabled for MergeInstrumentationAnalysisTransform: /root/.gradle/caches/modules-2/files-2.1/com.android.tools/dvlib/31.11.1/6079cc9f2fa5f5104b20779ca98faa1c495bb7f1/dvlib-31.11.1.jar because:
[        ]   Build cache is disabled
[        ]   Caching not enabled.
[        ] Caching disabled for MergeInstrumentationAnalysisTransform: /root/.gradle/caches/modules-2/files-2.1/com.android.tools/common/31.11.1/9c6a6caa5ba3672f6985ff4695d4e26c2f8b783d/common-31.11.1.jar because:
[        ]   Build cache is disabled
[        ]   Caching not enabled.
[        ] Caching disabled for ExternalDependencyInstrumentingArtifactTransform: /root/.gradle/caches/8.14/transforms/48997bf5e489888d90fa008f3690c120/transformed/merge/instrumentation-dependencies.bin because:
[        ]   Build cache is disabled
[        ]   Caching not enabled.
[        ] Caching disabled for MergeInstrumentationAnalysisTransform: /root/.gradle/caches/8.14/transforms/157e4352d992da2a2332a4eec2eb74f1/transformed/analysis/instrumentation-dependencies.bin because:
[        ]   Build cache is disabled
[        ]   Caching not enabled.
[        ] Caching disabled for MergeInstrumentationAnalysisTransform: /root/.gradle/caches/8.14/transforms/8ebabf972b7ccd9338f68b36e9bf552c/transformed/analysis/instrumentation-hierarchy.bin because:
[        ]   Build cache is disabled
[        ]   Caching not enabled.
[        ] Caching disabled for MergeInstrumentationAnalysisTransform: /root/.gradle/caches/modules-2/files-2.1/org.jetbrains.kotlin/kotlin-stdlib-jdk8/2.1.20/1372ceab395defca310ff460dc219364d9df0a2e/kotlin-stdlib-jdk8-2.1.20.jar because:
[        ]   Build cache is disabled
[        ]   Caching not enabled.
[        ] Caching disabled for ExternalDependencyInstrumentingArtifactTransform: /root/.gradle/caches/8.14/transforms/ed64cc4642e737bfa034617e0a3a1116/transformed/merge/instrumentation-dependencies.bin because:
[        ]   Build cache is disabled
[        ]   Caching not enabled.
[        ] Caching disabled for MergeInstrumentationAnalysisTransform: /root/.gradle/caches/modules-2/files-2.1/org.jetbrains.kotlinx/kotlinx-serialization-core-jvm/1.4.0/9b00d574374ae0201a505ab54c7744586866dc27/kotlinx-serialization-core-jvm-1.4.0.jar because:
[        ]   Build cache is disabled
[        ]   Caching not enabled.
[        ] Caching disabled for MergeInstrumentationAnalysisTransform: /root/.gradle/caches/modules-2/files-2.1/org.jetbrains.kotlin/kotlin-stdlib-jdk7/2.1.20/72672df5e83231744c00550955b10acb71ed49d6/kotlin-stdlib-jdk7-2.1.20.jar because:
[        ]   Build cache is disabled
[        ]   Caching not enabled.
[        ] Caching disabled for ExternalDependencyInstrumentingArtifactTransform: /root/.gradle/caches/8.14/transforms/b55a4097ab9cdc3cc101b57aef20e544/transformed/merge/instrumentation-dependencies.bin because:
[        ]   Build cache is disabled
[        ]   Caching not enabled.
[        ] Caching disabled for MergeInstrumentationAnalysisTransform: /root/.gradle/caches/8.14/transforms/8ebabf972b7ccd9338f68b36e9bf552c/transformed/analysis/instrumentation-dependencies.bin because:
[        ]   Build cache is disabled
[        ]   Caching not enabled.
[        ] Caching disabled for ExternalDependencyInstrumentingArtifactTransform: /root/.gradle/caches/8.14/transforms/058cdfa8de309e7ed7c5a269d0aa10ef/transformed/merge/instrumentation-dependencies.bin because:
[        ]   Build cache is disabled
[        ]   Caching not enabled.
[        ] Caching disabled for ExternalDependencyInstrumentingArtifactTransform: /root/.gradle/caches/8.14/transforms/56aa372353682bec3a3e2e72df7586c1/transformed/merge/instrumentation-dependencies.bin because:
[        ]   Build cache is disabled
[        ]   Caching not enabled.
[        ] Caching disabled for ExternalDependencyInstrumentingArtifactTransform: /root/.gradle/caches/8.14/transforms/faed59ef441aba723f62e8f5a85ac6c2/transformed/merge/instrumentation-dependencies.bin because:
[        ]   Build cache is disabled
[        ]   Caching not enabled.
[  +66 ms] Caching disabled for ExternalDependencyInstrumentingArtifactTransform: /root/.gradle/caches/modules-2/files-2.1/com.android.tools.layoutlib/layoutlib-api/31.11.1/3b7f1fe9c54d6fd684a3fd3b8feffeedfe546fd4/layoutlib-api-31.11.1.jar because:
[        ]   Build cache is disabled
[        ]   Caching not enabled.
[        ] Caching disabled for MergeInstrumentationAnalysisTransform: /root/.gradle/caches/modules-2/files-2.1/org.jetbrains.kotlin/kotlin-stdlib/2.0.21/618b539767b4899b4660a83006e052b63f1db551/kotlin-stdlib-2.0.21.jar because:
[        ]   Build cache is disabled
[   +1 ms]   Caching not enabled.
[        ] Caching disabled for MergeInstrumentationAnalysisTransform: /root/.gradle/caches/modules-2/files-2.1/org.jetbrains.kotlin/kotlin-reflect/2.0.21/669e1d35e4ca1797f9ddb2830dd6c36c0ca531e4/kotlin-reflect-2.0.21.jar because:
[        ]   Build cache is disabled
[        ]   Caching not enabled.
[        ] Caching disabled for ExternalDependencyInstrumentingArtifactTransform: /root/.gradle/caches/modules-2/files-2.1/org.jetbrains.kotlin/kotlin-stdlib-jdk7/2.1.20/72672df5e83231744c00550955b10acb71ed49d6/kotlin-stdlib-jdk7-2.1.20.jar because:
[        ]   Build cache is disabled
[        ]   Caching not enabled.
[        ] Caching disabled for MergeInstrumentationAnalysisTransform: /root/.gradle/caches/8.14/transforms/fe297a5a19d5a52b75d06ba229378ac0/transformed/analysis/instrumentation-dependencies.bin because:
[        ]   Build cache is disabled
[        ]   Caching not enabled.
[        ] Caching disabled for ExternalDependencyInstrumentingArtifactTransform: /root/.gradle/caches/modules-2/files-2.1/org.jetbrains.kotlin/kotlin-stdlib-jdk8/2.1.20/1372ceab395defca310ff460dc219364d9df0a2e/kotlin-stdlib-jdk8-2.1.20.jar because:
[        ]   Build cache is disabled
[        ]   Caching not enabled.
[        ] Caching disabled for ExternalDependencyInstrumentingArtifactTransform: /root/.gradle/caches/8.14/transforms/56d111dd232718c41b6dfbc4d0efcf82/transformed/merge/instrumentation-dependencies.bin because:
[        ]   Build cache is disabled
[        ]   Caching not enabled.
[        ] Caching disabled for MergeInstrumentationAnalysisTransform: /root/.gradle/caches/8.14/transforms/d293c5fb1a18075f83f0ef9b05800f3b/transformed/analysis/instrumentation-dependencies.bin because:
[        ]   Build cache is disabled
[        ]   Caching not enabled.
[        ] Caching disabled for MergeInstrumentationAnalysisTransform: /root/.gradle/caches/modules-2/files-2.1/org.jetbrains/annotations/13.0/919f0dfe192fb4e063e7dacadee7f8bb9a2672a9/annotations-13.0.jar because:
[        ]   Build cache is disabled
[        ]   Caching not enabled.
[        ] Caching disabled for MergeInstrumentationAnalysisTransform: /root/.gradle/caches/modules-2/files-2.1/org.jetbrains.kotlin/kotlin-gradle-plugin-model/2.2.20/e0cf2274cb26387cdbf45e316e51a8d23cd8734c/kotlin-gradle-plugin-model-2.2.20.jar because:
[        ]   Build cache is disabled
[        ]   Caching not enabled.
[        ] Caching disabled for MergeInstrumentationAnalysisTransform: /root/.gradle/caches/8.14/transforms/4b229c181d1ba6a2a0eb24fcc88596b8/transformed/analysis/instrumentation-hierarchy.bin because:
[        ]   Build cache is disabled
[        ]   Caching not enabled.
[        ] Caching disabled for MergeInstrumentationAnalysisTransform: /root/.gradle/caches/8.14/transforms/09b6200fb36dc48d5366c6b4ea1b3aec/transformed/analysis/instrumentation-hierarchy.bin because:
[        ]   Build cache is disabled
[        ]   Caching not enabled.
[        ] Caching disabled for MergeInstrumentationAnalysisTransform: /root/.gradle/caches/8.14/transforms/c07ecde6d669570286781b8534856f19/transformed/analysis/instrumentation-dependencies.bin because:
[        ]   Build cache is disabled
[        ]   Caching not enabled.
[        ] Caching disabled for MergeInstrumentationAnalysisTransform: /root/.gradle/caches/8.14/transforms/09b6200fb36dc48d5366c6b4ea1b3aec/transformed/analysis/instrumentation-dependencies.bin because:
[        ]   Build cache is disabled
[        ]   Caching not enabled.
[        ] Caching disabled for MergeInstrumentationAnalysisTransform: /root/.gradle/caches/8.14/transforms/4b229c181d1ba6a2a0eb24fcc88596b8/transformed/analysis/instrumentation-dependencies.bin because:
[        ]   Build cache is disabled
[        ]   Caching not enabled.
[        ] Caching disabled for ExternalDependencyInstrumentingArtifactTransform: /root/.gradle/caches/8.14/transforms/014c6b94c7d88848009fd2924a80ed6e/transformed/merge/instrumentation-dependencies.bin because:
[        ]   Build cache is disabled
[        ]   Caching not enabled.
[        ] Caching disabled for MergeInstrumentationAnalysisTransform: /root/.gradle/caches/modules-2/files-2.1/org.jetbrains.kotlin/kotlin-gradle-plugin-api/2.2.20/60de320ba63943d1997d7f39f32cde9c2621806d/kotlin-gradle-plugin-api-2.2.20-gradle813.jar because:
[        ]   Build cache is disabled
[        ]   Caching not enabled.
[        ] Caching disabled for MergeInstrumentationAnalysisTransform: /root/.gradle/caches/modules-2/files-2.1/org.jetbrains.kotlin/kotlin-gradle-plugin-api/2.2.20/60de320ba63943d1997d7f39f32cde9c2621806d/kotlin-gradle-plugin-api-2.2.20.jar because:
[        ]   Build cache is disabled
[        ]   Caching not enabled.
[        ] Caching disabled for MergeInstrumentationAnalysisTransform: /root/.gradle/caches/modules-2/files-2.1/org.jetbrains.kotlin/fus-statistics-gradle-plugin/2.2.20/c2f0f2cb5585e92dffc18f12a8f1eeaa4e3728e/fus-statistics-gradle-plugin-2.2.20-gradle813.jar because:
[        ]   Build cache is disabled
[        ]   Caching not enabled.
[        ] Caching disabled for ExternalDependencyInstrumentingArtifactTransform: /root/.gradle/caches/modules-2/files-2.1/org.jetbrains.kotlin/kotlin-gradle-plugin-model/2.2.20/e0cf2274cb26387cdbf45e316e51a8d23cd8734c/kotlin-gradle-plugin-model-2.2.20.jar because:
[        ]   Build cache is disabled
[        ]   Caching not enabled.
[        ] Caching disabled for ExternalDependencyInstrumentingArtifactTransform: /root/.gradle/caches/8.14/transforms/385db5fcef893ee4d7df05a97a373733/transformed/merge/instrumentation-dependencies.bin because:
[        ]   Build cache is disabled
[        ]   Caching not enabled.
[        ] Caching disabled for ExternalDependencyInstrumentingArtifactTransform: /root/.gradle/caches/8.14/transforms/752bcd24d3c47893fcfc029e9ce6be9a/transformed/merge/instrumentation-dependencies.bin because:
[        ]   Build cache is disabled
[        ]   Caching not enabled.
[        ] Caching disabled for MergeInstrumentationAnalysisTransform: /root/.gradle/caches/8.14/transforms/a267ec511bdcc270e65765cde313a7bd/transformed/analysis/instrumentation-hierarchy.bin because:
[        ]   Build cache is disabled
[        ]   Caching not enabled.
[        ] Caching disabled for ExternalDependencyInstrumentingArtifactTransform: /root/.gradle/caches/8.14/transforms/21970391df257094dd198690f89e00f4/transformed/merge/instrumentation-dependencies.bin because:
[        ]   Build cache is disabled
[        ]   Caching not enabled.
[        ] Caching disabled for MergeInstrumentationAnalysisTransform: /root/.gradle/caches/8.14/transforms/a267ec511bdcc270e65765cde313a7bd/transformed/analysis/instrumentation-dependencies.bin because:
[        ]   Build cache is disabled
[        ]   Caching not enabled.
[   +2 ms] Caching disabled for ExternalDependencyInstrumentingArtifactTransform: /root/.gradle/caches/modules-2/files-2.1/org.jetbrains.kotlinx/kotlinx-serialization-core-jvm/1.4.0/9b00d574374ae0201a505ab54c7744586866dc27/kotlinx-serialization-core-jvm-1.4.0.jar because:
[        ]   Build cache is disabled
[        ]   Caching not enabled.
[        ] Caching disabled for ExternalDependencyInstrumentingArtifactTransform: /root/.gradle/caches/modules-2/files-2.1/org.jetbrains.kotlin/fus-statistics-gradle-plugin/2.2.20/c2f0f2cb5585e92dffc18f12a8f1eeaa4e3728e/fus-statistics-gradle-plugin-2.2.20-gradle813.jar because:
[        ]   Build cache is disabled
[        ]   Caching not enabled.
[        ] Caching disabled for MergeInstrumentationAnalysisTransform: /root/.gradle/caches/8.14/transforms/9e6ae9d5de9725116f2aa12afd2d2af7/transformed/analysis/instrumentation-hierarchy.bin because:
[        ]   Build cache is disabled
[        ]   Caching not enabled.
[        ] Caching disabled for ExternalDependencyInstrumentingArtifactTransform: /root/.gradle/caches/modules-2/files-2.1/com.android.tools/sdk-common/31.11.1/762e94439c593e31ce15e9bcf9cc95509181553/sdk-common-31.11.1.jar because:
[        ]   Build cache is disabled
[        ]   Caching not enabled.
[        ] Caching disabled for MergeInstrumentationAnalysisTransform: /root/.gradle/caches/8.14/transforms/36d7b13e6b00bc6ad2b745c1ffd38ef2/transformed/analysis/instrumentation-hierarchy.bin because:
[        ]   Build cache is disabled
[        ]   Caching not enabled.
[        ] Caching disabled for MergeInstrumentationAnalysisTransform: /root/.gradle/caches/8.14/transforms/9e6ae9d5de9725116f2aa12afd2d2af7/transformed/analysis/instrumentation-dependencies.bin because:
[        ]   Build cache is disabled
[        ]   Caching not enabled.
[        ] Caching disabled for MergeInstrumentationAnalysisTransform: /root/.gradle/caches/8.14/transforms/5e8ee0685de070579064fd7e232212d2/transformed/analysis/instrumentation-hierarchy.bin because:
[        ]   Build cache is disabled
[   +2 ms]   Caching not enabled.
[   +2 ms] Caching disabled for MergeInstrumentationAnalysisTransform: /root/.gradle/caches/8.14/transforms/36d7b13e6b00bc6ad2b745c1ffd38ef2/transformed/analysis/instrumentation-dependencies.bin because:
[        ]   Build cache is disabled
[   +3 ms]   Caching not enabled.
[        ] Caching disabled for ExternalDependencyInstrumentingArtifactTransform: /root/.gradle/caches/modules-2/files-2.1/com.android.tools.ddms/ddmlib/31.11.1/772f1af975b6cbb75b0e69727e1c2d3d58f89f3f/ddmlib-31.11.1.jar because:
[        ]   Build cache is disabled
[        ]   Caching not enabled.
[  +74 ms] Caching disabled for MergeInstrumentationAnalysisTransform: /root/.gradle/caches/8.14/transforms/133112d1195515ea1ac66f8ff761a960/transformed/analysis/instrumentation-hierarchy.bin because:
[   +1 ms]   Build cache is disabled
[        ]   Caching not enabled.
[        ] Caching disabled for MergeInstrumentationAnalysisTransform: /root/.gradle/caches/8.14/transforms/133112d1195515ea1ac66f8ff761a960/transformed/analysis/instrumentation-dependencies.bin because:
[        ]   Build cache is disabled
[        ]   Caching not enabled.
[        ] Caching disabled for ExternalDependencyInstrumentingArtifactTransform: /root/.gradle/caches/modules-2/files-2.1/org.jetbrains.kotlin/kotlin-gradle-plugin-api/2.2.20/60de320ba63943d1997d7f39f32cde9c2621806d/kotlin-gradle-plugin-api-2.2.20.jar because:
[        ]   Build cache is disabled
[        ]   Caching not enabled.
[        ] Caching disabled for MergeInstrumentationAnalysisTransform: /root/.gradle/caches/8.14/transforms/fd50b7806c44e2376f06e05cb5593263/transformed/analysis/instrumentation-hierarchy.bin because:
[        ]   Build cache is disabled
[        ]   Caching not enabled.
[        ] Caching disabled for MergeInstrumentationAnalysisTransform: /root/.gradle/caches/modules-2/files-2.1/com.android.tools.build/aapt2-proto/8.11.1-12782657/9689dc5e6d2c44fc6cc261cdbe9aa49ed85426d3/aapt2-proto-8.11.1-12782657.jar because:
[        ]   Build cache is disabled
[        ]   Caching not enabled.
[        ] Caching disabled for MergeInstrumentationAnalysisTransform: /root/.gradle/caches/8.14/transforms/5e8ee0685de070579064fd7e232212d2/transformed/analysis/instrumentation-dependencies.bin because:
[        ]   Build cache is disabled
[        ]   Caching not enabled.
[        ] Caching disabled for ExternalDependencyInstrumentingArtifactTransform: /root/.gradle/caches/modules-2/files-2.1/com.android.tools/common/31.11.1/9c6a6caa5ba3672f6985ff4695d4e26c2f8b783d/common-31.11.1.jar because:
[        ]   Build cache is disabled
[        ]   Caching not enabled.
[        ] Caching disabled for MergeInstrumentationAnalysisTransform: /root/.gradle/caches/modules-2/files-2.1/com.android.tools.lint/lint-typedef-remover/31.11.1/bc9756d95080ee30b518adf2c02d70dea0930feb/lint-typedef-remover-31.11.1.jar because:
[        ]   Build cache is disabled
[        ]   Caching not enabled.
[        ] Caching disabled for ExternalDependencyInstrumentingArtifactTransform: /root/.gradle/caches/modules-2/files-2.1/org.jetbrains.kotlin/kotlin-gradle-plugin-api/2.2.20/60de320ba63943d1997d7f39f32cde9c2621806d/kotlin-gradle-plugin-api-2.2.20-gradle813.jar because:
[        ]   Build cache is disabled
[        ]   Caching not enabled.
[        ] Caching disabled for ExternalDependencyInstrumentingArtifactTransform: /root/.gradle/caches/8.14/transforms/4021fe615380a0218e3c65583a8e6b15/transformed/merge/instrumentation-dependencies.bin because:
[        ]   Build cache is disabled
[        ]   Caching not enabled.
[        ] Caching disabled for MergeInstrumentationAnalysisTransform: /root/.gradle/caches/8.14/transforms/0168bceaad6328c9a378eff075a8167b/transformed/analysis/instrumentation-hierarchy.bin because:
[        ]   Build cache is disabled
[        ]   Caching not enabled.
[        ] Caching disabled for MergeInstrumentationAnalysisTransform: /root/.gradle/caches/8.14/transforms/fd50b7806c44e2376f06e05cb5593263/transformed/analysis/instrumentation-dependencies.bin because:
[        ]   Build cache is disabled
[        ]   Caching not enabled.
[        ] Caching disabled for ExternalDependencyInstrumentingArtifactTransform: /root/.gradle/caches/8.14/transforms/40b05b94f2a9390e615481f818155ff1/transformed/merge/instrumentation-dependencies.bin because:
[        ]   Build cache is disabled
[        ]   Caching not enabled.
[        ] Caching disabled for MergeInstrumentationAnalysisTransform: /root/.gradle/caches/8.14/transforms/0168bceaad6328c9a378eff075a8167b/transformed/analysis/instrumentation-dependencies.bin because:
[        ]   Build cache is disabled
[        ]   Caching not enabled.
[        ] Caching disabled for MergeInstrumentationAnalysisTransform: /root/.gradle/caches/8.14/transforms/c881dd3bc73182199456ec5299612b5f/transformed/analysis/instrumentation-hierarchy.bin because:
[        ]   Build cache is disabled
[        ]   Caching not enabled.
[        ] Caching disabled for MergeInstrumentationAnalysisTransform: /root/.gradle/caches/modules-2/files-2.1/androidx.databinding/databinding-common/8.11.1/2be3530b78477835e69dce953b17adc1dbc5c6fa/databinding-common-8.11.1.jar because:
[        ]   Build cache is disabled
[        ]   Caching not enabled.
[        ] Caching disabled for ExternalDependencyInstrumentingArtifactTransform: /root/.gradle/caches/modules-2/files-2.1/com.android.tools.lint/lint-typedef-remover/31.11.1/bc9756d95080ee30b518adf2c02d70dea0930feb/lint-typedef-remover-31.11.1.jar because:
[        ]   Build cache is disabled
[        ]   Caching not enabled.
[        ] Caching disabled for MergeInstrumentationAnalysisTransform: /root/.gradle/caches/modules-2/files-2.1/com.android.tools.build/bundletool/1.18.1/76bb1aa21a19495ca070bfb6abd194daf91dccd1/bundletool-1.18.1.jar because:
[        ]   Build cache is disabled
[        ]   Caching not enabled.
[        ] Caching disabled for MergeInstrumentationAnalysisTransform: /root/.gradle/caches/8.14/transforms/c881dd3bc73182199456ec5299612b5f/transformed/analysis/instrumentation-dependencies.bin because:
[        ]   Build cache is disabled
[        ]   Caching not enabled.
[        ] Caching disabled for MergeInstrumentationAnalysisTransform: /root/.gradle/caches/modules-2/files-2.1/com.android.databinding/baseLibrary/8.11.1/7e7399239e52d4069896277615e005add7ae8e5a/baseLibrary-8.11.1.jar because:
[        ]   Build cache is disabled
[        ]   Caching not enabled.
[        ] Caching disabled for MergeInstrumentationAnalysisTransform: /root/.gradle/caches/modules-2/files-2.1/com.android.tools.analytics-library/crash/31.11.1/80c9f1f06e8d48d60fa91f4db811cf863e13c67f/crash-31.11.1.jar because:
[        ]   Build cache is disabled
[        ]   Caching not enabled.
[        ] Caching disabled for MergeInstrumentationAnalysisTransform: /root/.gradle/caches/8.14/transforms/1c77786c5b5722da9249f0d4f1e56f38/transformed/analysis/instrumentation-hierarchy.bin because:
[        ]   Build cache is disabled
[        ]   Caching not enabled.
[        ] Caching disabled for ExternalDependencyInstrumentingArtifactTransform: /root/.gradle/caches/8.14/transforms/aadbe692c33e2765e7840a3f12c08161/transformed/merge/instrumentation-dependencies.bin because:
[        ]   Build cache is disabled
[        ]   Caching not enabled.
[        ] Caching disabled for ExternalDependencyInstrumentingArtifactTransform: /root/.gradle/caches/8.14/transforms/28bf34e29837f4a245b85632068d08ca/transformed/merge/instrumentation-dependencies.bin because:
[        ]   Build cache is disabled
[        ]   Caching not enabled.
[        ] Caching disabled for ExternalDependencyInstrumentingArtifactTransform: /root/.gradle/caches/8.14/transforms/188c4df755eb7b4b17bec470f1d017b9/transformed/merge/instrumentation-dependencies.bin because:
[        ]   Build cache is disabled
[        ]   Caching not enabled.
[        ] Caching disabled for MergeInstrumentationAnalysisTransform: /root/.gradle/caches/modules-2/files-2.1/com.android.tools.utp/android-device-provider-ddmlib-proto/31.11.1/9f96225642b573079e5544a619b18b815b3dc70f/android-device-provider-ddmlib-proto-31.11.1.jar because:
[        ]   Build cache is disabled
[        ]   Caching not enabled.
[        ] Caching disabled for MergeInstrumentationAnalysisTransform: /root/.gradle/caches/8.14/transforms/1c77786c5b5722da9249f0d4f1e56f38/transformed/analysis/instrumentation-dependencies.bin because:
[        ]   Build cache is disabled
[        ]   Caching not enabled.
[        ] Caching disabled for ExternalDependencyInstrumentingArtifactTransform: /root/.gradle/caches/8.14/transforms/0f222e9e846ed2cc7bb532d3cc4f1454/transformed/merge/instrumentation-dependencies.bin because:
[        ]   Build cache is disabled
[        ]   Caching not enabled.
[        ] Caching disabled for ExternalDependencyInstrumentingArtifactTransform: /root/.gradle/caches/8.14/transforms/3bab5556a1afd50e101d3e79db3d74ad/transformed/merge/instrumentation-dependencies.bin because:
[        ]   Build cache is disabled
[        ]   Caching not enabled.
[        ] Caching disabled for MergeInstrumentationAnalysisTransform: /root/.gradle/caches/modules-2/files-2.1/com.android.tools.utp/android-device-provider-gradle-proto/31.11.1/4df62b23d15680598277666a1a60676f1402397c/android-device-provider-gradle-proto-31.11.1.jar because:
[        ]   Build cache is disabled
[        ]   Caching not enabled.
[        ] Caching disabled for ExternalDependencyInstrumentingArtifactTransform: /root/.gradle/caches/modules-2/files-2.1/androidx.databinding/databinding-common/8.11.1/2be3530b78477835e69dce953b17adc1dbc5c6fa/databinding-common-8.11.1.jar because:
[        ]   Build cache is disabled
[        ]   Caching not enabled.
[   +1 ms] Caching disabled for ExternalDependencyInstrumentingArtifactTransform: /root/.gradle/caches/modules-2/files-2.1/com.android.tools.analytics-library/crash/31.11.1/80c9f1f06e8d48d60fa91f4db811cf863e13c67f/crash-31.11.1.jar because:
[        ]   Build cache is disabled
[        ]   Caching not enabled.
[        ] Caching disabled for ExternalDependencyInstrumentingArtifactTransform: /root/.gradle/caches/8.14/transforms/91484643f965ff600b512827c69aee88/transformed/merge/instrumentation-dependencies.bin because:
[        ]   Build cache is disabled
[        ]   Caching not enabled.
[        ] Caching disabled for ExternalDependencyInstrumentingArtifactTransform: /root/.gradle/caches/modules-2/files-2.1/com.android.databinding/baseLibrary/8.11.1/7e7399239e52d4069896277615e005add7ae8e5a/baseLibrary-8.11.1.jar because:
[        ]   Build cache is disabled
[        ]   Caching not enabled.
[        ] Caching disabled for MergeInstrumentationAnalysisTransform: /root/.gradle/caches/8.14/transforms/39c72f9ec385ef867e9a540a23d8293d/transformed/analysis/instrumentation-hierarchy.bin because:
[        ]   Build cache is disabled
[        ]   Caching not enabled.
[        ] Caching disabled for MergeInstrumentationAnalysisTransform: /root/.gradle/caches/8.14/transforms/e20b1e3a50af8fc5238639b8a019ad17/transformed/analysis/instrumentation-hierarchy.bin because:
[        ]   Build cache is disabled
[        ]   Caching not enabled.
[        ] Caching disabled for ExternalDependencyInstrumentingArtifactTransform: /root/.gradle/caches/modules-2/files-2.1/com.android.tools.utp/android-device-provider-ddmlib-proto/31.11.1/9f96225642b573079e5544a619b18b815b3dc70f/android-device-provider-ddmlib-proto-31.11.1.jar because:
[        ]   Build cache is disabled
[        ]   Caching not enabled.
[        ] Caching disabled for MergeInstrumentationAnalysisTransform: /root/.gradle/caches/8.14/transforms/a6c7095b354ef9b1bf448b0789e6d116/transformed/analysis/instrumentation-hierarchy.bin because:
[        ]   Build cache is disabled
[        ]   Caching not enabled.
[        ] Caching disabled for MergeInstrumentationAnalysisTransform: /root/.gradle/caches/8.14/transforms/e20b1e3a50af8fc5238639b8a019ad17/transformed/analysis/instrumentation-dependencies.bin because:
[        ]   Build cache is disabled
[        ]   Caching not enabled.
[        ] Caching disabled for MergeInstrumentationAnalysisTransform: /root/.gradle/caches/8.14/transforms/a6c7095b354ef9b1bf448b0789e6d116/transformed/analysis/instrumentation-dependencies.bin because:
[        ]   Build cache is disabled
[        ]   Caching not enabled.
[        ] Caching disabled for MergeInstrumentationAnalysisTransform: /root/.gradle/caches/8.14/transforms/c9b2618e80bce8c1d09059aebbfeba78/transformed/analysis/instrumentation-hierarchy.bin because:
[        ]   Build cache is disabled
[        ]   Caching not enabled.
[        ] Caching disabled for MergeInstrumentationAnalysisTransform: /root/.gradle/caches/modules-2/files-2.1/com.android.tools.utp/android-test-plugin-host-additional-test-output-proto/31.11.1/fe467239b47e0709ba9bf1e2e9fccaabc6cabc22/android-test-plugin-host-additional-test-output-proto-31.11.1.jar because:
[        ]   Build cache is disabled
[        ]   Caching not enabled.
[  +72 ms] Caching disabled for ExternalDependencyInstrumentingArtifactTransform: /root/.gradle/caches/modules-2/files-2.1/com.android.tools.utp/android-device-provider-gradle-proto/31.11.1/4df62b23d15680598277666a1a60676f1402397c/android-device-provider-gradle-proto-31.11.1.jar because:
[        ]   Build cache is disabled
[        ]   Caching not enabled.
[        ] Caching disabled for MergeInstrumentationAnalysisTransform: /root/.gradle/caches/8.14/transforms/39c72f9ec385ef867e9a540a23d8293d/transformed/analysis/instrumentation-dependencies.bin because:
[        ]   Build cache is disabled
[        ]   Caching not enabled.
[        ] Caching disabled for MergeInstrumentationAnalysisTransform: /root/.gradle/caches/8.14/transforms/c9b2618e80bce8c1d09059aebbfeba78/transformed/analysis/instrumentation-dependencies.bin because:
[        ]   Build cache is disabled
[        ]   Caching not enabled.
[        ] Caching disabled for MergeInstrumentationAnalysisTransform: /root/.gradle/caches/modules-2/files-2.1/org.jetbrains.kotlin/kotlin-gradle-plugin/2.2.20/9c5953786765b9373d172097da74efe77ac90481/kotlin-gradle-plugin-2.2.20-gradle813.jar because:
[        ]   Build cache is disabled
[        ]   Caching not enabled.
[        ] Caching disabled for MergeInstrumentationAnalysisTransform: /root/.gradle/caches/modules-2/files-2.1/com.android.tools.utp/android-test-plugin-host-coverage-proto/31.11.1/1ee63a78550acb6f922531668f4eb83dddf45e/android-test-plugin-host-coverage-proto-31.11.1.jar because:
[        ]   Build cache is disabled
[        ]   Caching not enabled.
[        ] Caching disabled for MergeInstrumentationAnalysisTransform: /root/.gradle/caches/8.14/transforms/b0535fc9808a67a842895a1857ec9327/transformed/analysis/instrumentation-hierarchy.bin because:
[        ]   Build cache is disabled
[        ]   Caching not enabled.
[        ] Caching disabled for ExternalDependencyInstrumentingArtifactTransform: /root/.gradle/caches/8.14/transforms/34a63ab597b4e35d104b264436c33c00/transformed/merge/instrumentation-dependencies.bin because:
[        ]   Build cache is disabled
[        ]   Caching not enabled.
[        ] Caching disabled for MergeInstrumentationAnalysisTransform: /root/.gradle/caches/8.14/transforms/b0535fc9808a67a842895a1857ec9327/transformed/analysis/instrumentation-dependencies.bin because:
[        ]   Build cache is disabled
[   +2 ms]   Caching not enabled.
[   +1 ms] Caching disabled for MergeInstrumentationAnalysisTransform: /root/.gradle/caches/modules-2/files-2.1/com.android.tools.utp/android-test-plugin-host-logcat-proto/31.11.1/2b1de9f172f374f9d8a0f60d0d7d556df7c30d14/android-test-plugin-host-logcat-proto-31.11.1.jar because:
[        ]   Build cache is disabled
[        ]   Caching not enabled.
[        ] Caching disabled for ExternalDependencyInstrumentingArtifactTransform: /root/.gradle/caches/8.14/transforms/82d252d8cce31f6391db5a5de89b6331/transformed/merge/instrumentation-dependencies.bin because:
[        ]   Build cache is disabled
[        ]   Caching not enabled.
[        ] Caching disabled for ExternalDependencyInstrumentingArtifactTransform: /root/.gradle/caches/8.14/transforms/fc60f21f4269e10e3f3d7a6a39377e1f/transformed/merge/instrumentation-dependencies.bin because:
[        ]   Build cache is disabled
[   +3 ms]   Caching not enabled.
[        ] Caching disabled for ExternalDependencyInstrumentingArtifactTransform: /root/.gradle/caches/8.14/transforms/8e4a4dea54b3ca236b820331517ffbb5/transformed/merge/instrumentation-dependencies.bin because:
[        ]   Build cache is disabled
[        ]   Caching not enabled.
[        ] Caching disabled for MergeInstrumentationAnalysisTransform: /root/.gradle/caches/modules-2/files-2.1/com.android.tools.utp/android-test-plugin-host-apk-installer-proto/31.11.1/26ca8c55cbdcb572ba3fa282b50286e6d84ec8d2/android-test-plugin-host-apk-installer-proto-31.11.1.jar because:
[        ]   Build cache is disabled
[        ]   Caching not enabled.
[        ] Caching disabled for MergeInstrumentationAnalysisTransform: /root/.gradle/caches/modules-2/files-2.1/com.android.tools.utp/android-device-provider-profile-proto/31.11.1/7823ffdbacbe3e46ce243d459f946467b7126135/android-device-provider-profile-proto-31.11.1.jar because:
[        ]   Build cache is disabled
[        ]   Caching not enabled.
[        ] Caching disabled for ExternalDependencyInstrumentingArtifactTransform: /root/.gradle/caches/8.14/transforms/896c9df867170a479b009a642a142d21/transformed/merge/instrumentation-dependencies.bin because:
[        ]   Build cache is disabled
[        ]   Caching not enabled.
[        ] Caching disabled for ExternalDependencyInstrumentingArtifactTransform: /root/.gradle/caches/8.14/transforms/d838b2fea44f4bd92329129ea16f832e/transformed/merge/instrumentation-dependencies.bin because:
[        ]   Build cache is disabled
[        ]   Caching not enabled.
[        ] Caching disabled for ExternalDependencyInstrumentingArtifactTransform: /root/.gradle/caches/modules-2/files-2.1/com.android.tools.utp/android-test-plugin-host-logcat-proto/31.11.1/2b1de9f172f374f9d8a0f60d0d7d556df7c30d14/android-test-plugin-host-logcat-proto-31.11.1.jar because:
[        ]   Build cache is disabled
[        ]   Caching not enabled.
[        ] Caching disabled for ExternalDependencyInstrumentingArtifactTransform: /root/.gradle/caches/modules-2/files-2.1/com.android.tools.utp/android-test-plugin-host-additional-test-output-proto/31.11.1/fe467239b47e0709ba9bf1e2e9fccaabc6cabc22/android-test-plugin-host-additional-test-output-proto-31.11.1.jar because:
[        ]   Build cache is disabled
[        ]   Caching not enabled.
[        ] Caching disabled for MergeInstrumentationAnalysisTransform: /root/.gradle/caches/8.14/transforms/8b15e33589345ddfad54076e1b1160a8/transformed/analysis/instrumentation-hierarchy.bin because:
[        ]   Build cache is disabled
[        ]   Caching not enabled.
[        ] Caching disabled for ExternalDependencyInstrumentingArtifactTransform: /root/.gradle/caches/modules-2/files-2.1/com.android.tools.utp/android-test-plugin-host-coverage-proto/31.11.1/1ee63a78550acb6f922531668f4eb83dddf45e/android-test-plugin-host-coverage-proto-31.11.1.jar because:
[        ]   Build cache is disabled
[        ]   Caching not enabled.
[        ] Caching disabled for ExternalDependencyInstrumentingArtifactTransform: /root/.gradle/caches/modules-2/files-2.1/com.android.tools.utp/android-test-plugin-host-apk-installer-proto/31.11.1/26ca8c55cbdcb572ba3fa282b50286e6d84ec8d2/android-test-plugin-host-apk-installer-proto-31.11.1.jar because:
[        ]   Build cache is disabled
[        ]   Caching not enabled.
[        ] Caching disabled for MergeInstrumentationAnalysisTransform: /root/.gradle/caches/8.14/transforms/8b15e33589345ddfad54076e1b1160a8/transformed/analysis/instrumentation-dependencies.bin because:
[        ]   Build cache is disabled
[        ]   Caching not enabled.
[   +2 ms] Caching disabled for ExternalDependencyInstrumentingArtifactTransform: /root/.gradle/caches/modules-2/files-2.1/com.android.tools.utp/android-device-provider-profile-proto/31.11.1/7823ffdbacbe3e46ce243d459f946467b7126135/android-device-provider-profile-proto-31.11.1.jar because:
[   +2 ms]   Build cache is disabled
[        ]   Caching not enabled.
[        ] Caching disabled for ExternalDependencyInstrumentingArtifactTransform: /root/.gradle/caches/modules-2/files-2.1/com.android.tools.build/aapt2-proto/8.11.1-12782657/9689dc5e6d2c44fc6cc261cdbe9aa49ed85426d3/aapt2-proto-8.11.1-12782657.jar because:
[        ]   Build cache is disabled
[        ]   Caching not enabled.
[        ] Caching disabled for MergeInstrumentationAnalysisTransform: /root/.gradle/caches/8.14/transforms/8371811cf358d3aa8e15dfc29a0fb8e7/transformed/analysis/instrumentation-hierarchy.bin because:
[        ]   Build cache is disabled
[        ]   Caching not enabled.
[        ] Caching disabled for MergeInstrumentationAnalysisTransform: /root/.gradle/caches/8.14/transforms/6128a36d6c5d81f189d6adbffa731ac0/transformed/analysis/instrumentation-dependencies.bin because:
[        ]   Build cache is disabled
[        ]   Caching not enabled.
[        ] Caching disabled for MergeInstrumentationAnalysisTransform: /root/.gradle/caches/modules-2/files-2.1/com.android.tools.utp/android-test-plugin-result-listener-gradle-proto/31.11.1/dbbef067ddf95379b587f6aa2baa93d3eb3342eb/android-test-plugin-result-listener-gradle-proto-31.11.1.jar because:
[        ]   Build cache is disabled
[   +1 ms]   Caching not enabled.
[        ] Caching disabled for MergeInstrumentationAnalysisTransform: /root/.gradle/caches/8.14/transforms/8371811cf358d3aa8e15dfc29a0fb8e7/transformed/analysis/instrumentation-dependencies.bin because:
[        ]   Build cache is disabled
[        ]   Caching not enabled.
[        ] Caching disabled for MergeInstrumentationAnalysisTransform: /root/.gradle/caches/8.14/transforms/b096fc7109c25d36431d39de75626a74/transformed/analysis/instrumentation-hierarchy.bin because:
[        ]   Build cache is disabled
[        ]   Caching not enabled.
[        ] Caching disabled for MergeInstrumentationAnalysisTransform: /root/.gradle/caches/8.14/transforms/d54aae73957e8e3dcc42e41947ed5367/transformed/analysis/instrumentation-hierarchy.bin because:
[        ]   Build cache is disabled
[   +1 ms]   Caching not enabled.
[        ] Caching disabled for MergeInstrumentationAnalysisTransform: /root/.gradle/caches/modules-2/files-2.1/com.android.tools.build/transform-api/2.0.0-deprecated-use-gradle-api/47f6c56527c42425742fa9b56ffd3fd80763fe03/transform-api-2.0.0-deprecated-use-gradle-api.jar because:
[        ]   Build cache is disabled
[        ]   Caching not enabled.
[        ] Caching disabled for MergeInstrumentationAnalysisTransform: /root/.gradle/caches/8.14/transforms/60e4c9332b5d4baa5c7ef1de04b0a385/transformed/analysis/instrumentation-hierarchy.bin because:
[        ]   Build cache is disabled
[        ]   Caching not enabled.
[        ] Caching disabled for ExternalDependencyInstrumentingArtifactTransform: /root/.gradle/caches/8.14/transforms/29c24a98e566924f533b01c189b7bbe2/transformed/merge/instrumentation-dependencies.bin because:
[        ]   Build cache is disabled
[        ]   Caching not enabled.
[        ] Caching disabled for MergeInstrumentationAnalysisTransform: /root/.gradle/caches/8.14/transforms/b096fc7109c25d36431d39de75626a74/transformed/analysis/instrumentation-dependencies.bin because:
[        ]   Build cache is disabled
[        ]   Caching not enabled.
[        ] Caching disabled for MergeInstrumentationAnalysisTransform: /root/.gradle/caches/8.14/transforms/d54aae73957e8e3dcc42e41947ed5367/transformed/analysis/instrumentation-dependencies.bin because:
[        ]   Build cache is disabled
[        ]   Caching not enabled.
[        ] Caching disabled for ExternalDependencyInstrumentingArtifactTransform: /root/.gradle/caches/8.14/transforms/2a1177d775676bbb250dbaf3da1806ce/transformed/merge/instrumentation-dependencies.bin because:
[        ]   Build cache is disabled
[        ]   Caching not enabled.
[        ] Caching disabled for MergeInstrumentationAnalysisTransform: /root/.gradle/caches/modules-2/files-2.1/org.apache.httpcomponents/httpmime/4.5.6/164343da11db817e81e24e0d9869527e069850c9/httpmime-4.5.6.jar because:
[        ]   Build cache is disabled
[        ]   Caching not enabled.
[        ] Caching disabled for MergeInstrumentationAnalysisTransform: /root/.gradle/caches/8.14/transforms/60e4c9332b5d4baa5c7ef1de04b0a385/transformed/analysis/instrumentation-dependencies.bin because:
[        ]   Build cache is disabled
[        ]   Caching not enabled.
[        ] Caching disabled for MergeInstrumentationAnalysisTransform: /root/.gradle/caches/modules-2/files-2.1/org.ow2.asm/asm-commons/9.7.1/406c6a2225cfe1819f102a161e54cc16a5c24f75/asm-commons-9.7.1.jar because:
[        ]   Build cache is disabled
[        ]   Caching not enabled.
[        ] Caching disabled for ExternalDependencyInstrumentingArtifactTransform: /root/.gradle/caches/modules-2/files-2.1/com.android.tools.build/transform-api/2.0.0-deprecated-use-gradle-api/47f6c56527c42425742fa9b56ffd3fd80763fe03/transform-api-2.0.0-deprecated-use-gradle-api.jar because:
[        ]   Build cache is disabled
[        ]   Caching not enabled.
[        ] Caching disabled for ExternalDependencyInstrumentingArtifactTransform: /root/.gradle/caches/8.14/transforms/351885c0520b21a7ab97fb6e313327b0/transformed/merge/instrumentation-dependencies.bin because:
[        ]   Build cache is disabled
[        ]   Caching not enabled.
[        ] Caching disabled for MergeInstrumentationAnalysisTransform: /root/.gradle/caches/modules-2/files-2.1/org.ow2.asm/asm-util/9.7.1/9e23359b598ec6b74b23e53110dd5c577adf2243/asm-util-9.7.1.jar because:
[        ]   Build cache is disabled
[        ]   Caching not enabled.
[        ] Caching disabled for ExternalDependencyInstrumentingArtifactTransform: /root/.gradle/caches/8.14/transforms/d3f18deb5a723cb225d6fa8a2bd76b82/transformed/merge/instrumentation-dependencies.bin because:
[        ]   Build cache is disabled
[        ]   Caching not enabled.
[        ] Caching disabled for MergeInstrumentationAnalysisTransform: /root/.gradle/caches/8.14/transforms/60e14e6b6f94b7ce78b4051acd7ef277/transformed/analysis/instrumentation-hierarchy.bin because:
[        ]   Build cache is disabled
[        ]   Caching not enabled.
[        ] Caching disabled for ExternalDependencyInstrumentingArtifactTransform: /root/.gradle/caches/8.14/transforms/545951bfc3ffa73be4b9faf6ba36669e/transformed/merge/instrumentation-dependencies.bin because:
[        ]   Build cache is disabled
[        ]   Caching not enabled.
[        ] Caching disabled for MergeInstrumentationAnalysisTransform: /root/.gradle/caches/8.14/transforms/60e14e6b6f94b7ce78b4051acd7ef277/transformed/analysis/instrumentation-dependencies.bin because:
[        ]   Build cache is disabled
[        ]   Caching not enabled.
[        ] Caching disabled for ExternalDependencyInstrumentingArtifactTransform: /root/.gradle/caches/modules-2/files-2.1/org.ow2.asm/asm-commons/9.7.1/406c6a2225cfe1819f102a161e54cc16a5c24f75/asm-commons-9.7.1.jar because:
[        ]   Build cache is disabled
[        ]   Caching not enabled.
[        ] Caching disabled for ExternalDependencyInstrumentingArtifactTransform: /root/.gradle/caches/modules-2/files-2.1/org.apache.httpcomponents/httpmime/4.5.6/164343da11db817e81e24e0d9869527e069850c9/httpmime-4.5.6.jar because:
[        ]   Build cache is disabled
[        ]   Caching not enabled.
[        ] Caching disabled for MergeInstrumentationAnalysisTransform: /root/.gradle/caches/8.14/transforms/a332b93caa052e7c3810d26d589ffdd4/transformed/analysis/instrumentation-hierarchy.bin because:
[        ]   Build cache is disabled
[        ]   Caching not enabled.
[        ] Caching disabled for ExternalDependencyInstrumentingArtifactTransform: /root/.gradle/caches/modules-2/files-2.1/com.android.tools.utp/android-test-plugin-result-listener-gradle-proto/31.11.1/dbbef067ddf95379b587f6aa2baa93d3eb3342eb/android-test-plugin-result-listener-gradle-proto-31.11.1.jar because:
[        ]   Build cache is disabled
[        ]   Caching not enabled.
[        ] Caching disabled for MergeInstrumentationAnalysisTransform: /root/.gradle/caches/modules-2/files-2.1/org.ow2.asm/asm-analysis/9.7.1/f97a3b319f0ed6a8cd944dc79060d3912a28985f/asm-analysis-9.7.1.jar because:
[        ]   Build cache is disabled
[        ]   Caching not enabled.
[        ] Caching disabled for MergeInstrumentationAnalysisTransform: /root/.gradle/caches/8.14/transforms/a332b93caa052e7c3810d26d589ffdd4/transformed/analysis/instrumentation-dependencies.bin because:
[        ]   Build cache is disabled
[        ]   Caching not enabled.
[        ] Caching disabled for MergeInstrumentationAnalysisTransform: /root/.gradle/caches/8.14/transforms/652e44a95df93df3ff56055ba2df941c/transformed/analysis/instrumentation-hierarchy.bin because:
[        ]   Build cache is disabled
[        ]   Caching not enabled.
[        ] Caching disabled for MergeInstrumentationAnalysisTransform: /root/.gradle/caches/8.14/transforms/daf2003c53c655397f78241951326b63/transformed/analysis/instrumentation-hierarchy.bin because:
[        ]   Build cache is disabled
[        ]   Caching not enabled.
[        ] Caching disabled for ExternalDependencyInstrumentingArtifactTransform: /root/.gradle/caches/8.14/transforms/a93da33a1c0708f7cf5c1aba0f66f9a4/transformed/merge/instrumentation-dependencies.bin because:
[        ]   Build cache is disabled
[        ]   Caching not enabled.
[        ] Caching disabled for MergeInstrumentationAnalysisTransform: /root/.gradle/caches/modules-2/files-2.1/org.ow2.asm/asm-tree/9.7.1/3a53139787663b139de76b627fca0084ab60d32c/asm-tree-9.7.1.jar because:
[        ]   Build cache is disabled
[        ]   Caching not enabled.
[  +51 ms] Caching disabled for MergeInstrumentationAnalysisTransform: /root/.gradle/caches/8.14/transforms/652e44a95df93df3ff56055ba2df941c/transformed/analysis/instrumentation-dependencies.bin because:
[        ]   Build cache is disabled
[        ]   Caching not enabled.
[        ] Caching disabled for MergeInstrumentationAnalysisTransform: /root/.gradle/caches/8.14/transforms/daf2003c53c655397f78241951326b63/transformed/analysis/instrumentation-dependencies.bin because:
[        ]   Build cache is disabled
[        ]   Caching not enabled.
[        ] Caching disabled for ExternalDependencyInstrumentingArtifactTransform: /root/.gradle/caches/modules-2/files-2.1/org.ow2.asm/asm-util/9.7.1/9e23359b598ec6b74b23e53110dd5c577adf2243/asm-util-9.7.1.jar because:
[        ]   Build cache is disabled
[        ]   Caching not enabled.
[        ] Caching disabled for ExternalDependencyInstrumentingArtifactTransform: /root/.gradle/caches/8.14/transforms/a0ea8969a2093200f3e89b638a906ac9/transformed/merge/instrumentation-dependencies.bin because:
[        ]   Build cache is disabled
[        ]   Caching not enabled.
[        ] Caching disabled for MergeInstrumentationAnalysisTransform: /root/.gradle/caches/modules-2/files-2.1/org.ow2.asm/asm/9.7.1/f0ed132a49244b042cd0e15702ab9f2ce3cc8436/asm-9.7.1.jar because:
[        ]   Build cache is disabled
[        ]   Caching not enabled.
[        ] Caching disabled for MergeInstrumentationAnalysisTransform: /root/.gradle/caches/8.14/transforms/95af8942e3b7b715993b1dddfb5c6b74/transformed/analysis/instrumentation-hierarchy.bin because:
[        ]   Build cache is disabled
[        ]   Caching not enabled.
[        ] Caching disabled for ExternalDependencyInstrumentingArtifactTransform: /root/.gradle/caches/8.14/transforms/3a828905511ee642ff23993d97c8a015/transformed/merge/instrumentation-dependencies.bin because:
[        ]   Build cache is disabled
[        ]   Caching not enabled.
[        ] Caching disabled for ExternalDependencyInstrumentingArtifactTransform: /root/.gradle/caches/modules-2/files-2.1/org.ow2.asm/asm-analysis/9.7.1/f97a3b319f0ed6a8cd944dc79060d3912a28985f/asm-analysis-9.7.1.jar because:
[        ]   Build cache is disabled
[        ]   Caching not enabled.
[        ] Caching disabled for MergeInstrumentationAnalysisTransform: /root/.gradle/caches/8.14/transforms/95af8942e3b7b715993b1dddfb5c6b74/transformed/analysis/instrumentation-dependencies.bin because:
[        ]   Build cache is disabled
[        ]   Caching not enabled.
[        ] Caching disabled for MergeInstrumentationAnalysisTransform: /root/.gradle/caches/modules-2/files-2.1/com.android.tools.build/apkzlib/8.11.1/ea2327cd7a67c0fc9a4d26f035b922dff11c7219/apkzlib-8.11.1.jar because:
[        ]   Build cache is disabled
[        ]   Caching not enabled.
[        ] Caching disabled for MergeInstrumentationAnalysisTransform: /root/.gradle/caches/8.14/transforms/7d0b495da3e94b9513f7899aa4fc052a/transformed/analysis/instrumentation-hierarchy.bin because:
[        ]   Build cache is disabled
[        ]   Caching not enabled.
[        ] Caching disabled for ExternalDependencyInstrumentingArtifactTransform: /root/.gradle/caches/8.14/transforms/640aa54818783175112c69da4b8432ca/transformed/merge/instrumentation-dependencies.bin because:
[        ]   Build cache is disabled
[        ]   Caching not enabled.
[        ] Caching disabled for ExternalDependencyInstrumentingArtifactTransform: /root/.gradle/caches/modules-2/files-2.1/org.ow2.asm/asm-tree/9.7.1/3a53139787663b139de76b627fca0084ab60d32c/asm-tree-9.7.1.jar because:
[        ]   Build cache is disabled
[        ]   Caching not enabled.
[        ] Caching disabled for MergeInstrumentationAnalysisTransform: /root/.gradle/caches/8.14/transforms/7d0b495da3e94b9513f7899aa4fc052a/transformed/analysis/instrumentation-dependencies.bin because:
[        ]   Build cache is disabled
[        ]   Caching not enabled.
[        ] Caching disabled for MergeInstrumentationAnalysisTransform: /root/.gradle/caches/8.14/transforms/38718154af92971d236fd5af51511df9/transformed/analysis/instrumentation-hierarchy.bin because:
[        ]   Build cache is disabled
[        ]   Caching not enabled.
[        ] Caching disabled for MergeInstrumentationAnalysisTransform: /root/.gradle/caches/modules-2/files-2.1/org.bouncycastle/bcpkix-jdk18on/1.79/7693cec3b8779b74b35466dcaeeaac7409872954/bcpkix-jdk18on-1.79.jar because:
[        ]   Build cache is disabled
[        ]   Caching not enabled.
[        ] Caching disabled for MergeInstrumentationAnalysisTransform: /root/.gradle/caches/8.14/transforms/38718154af92971d236fd5af51511df9/transformed/analysis/instrumentation-dependencies.bin because:
[        ]   Build cache is disabled
[        ]   Caching not enabled.
[        ] Caching disabled for ExternalDependencyInstrumentingArtifactTransform: /root/.gradle/caches/8.14/transforms/80f48458347bc04d9e80fc03d83269b7/transformed/merge/instrumentation-dependencies.bin because:
[        ]   Build cache is disabled
[        ]   Caching not enabled.
[        ] Caching disabled for MergeInstrumentationAnalysisTransform: /root/.gradle/caches/modules-2/files-2.1/org.glassfish.jaxb/jaxb-runtime/2.3.2/5528bc882ea499a09d720b42af11785c4fc6be2a/jaxb-runtime-2.3.2.jar because:
[        ]   Build cache is disabled
[        ]   Caching not enabled.
[        ] Caching disabled for ExternalDependencyInstrumentingArtifactTransform: /root/.gradle/caches/modules-2/files-2.1/org.ow2.asm/asm/9.7.1/f0ed132a49244b042cd0e15702ab9f2ce3cc8436/asm-9.7.1.jar because:
[        ]   Build cache is disabled
[        ]   Caching not enabled.
[        ] Caching disabled for MergeInstrumentationAnalysisTransform: /root/.gradle/caches/modules-2/files-2.1/net.sf.jopt-simple/jopt-simple/4.9/ee9e9eaa0a35360dcfeac129ff4923215fd65904/jopt-simple-4.9.jar because:
[        ]   Build cache is disabled
[        ]   Caching not enabled.
[        ] Caching disabled for MergeInstrumentationAnalysisTransform: /root/.gradle/caches/8.14/transforms/214e8f2365bd43e4a8ccb1573a478784/transformed/analysis/instrumentation-hierarchy.bin because:
[        ]   Build cache is disabled
[        ]   Caching not enabled.
[        ] Caching disabled for ExternalDependencyInstrumentingArtifactTransform: /root/.gradle/caches/8.14/transforms/c400868427fd8dcac92aa3b49e7d0dfb/transformed/merge/instrumentation-dependencies.bin because:
[        ]   Build cache is disabled
[        ]   Caching not enabled.
[        ] Caching disabled for ExternalDependencyInstrumentingArtifactTransform: /root/.gradle/caches/8.14/transforms/4d1ab8945774da6f803bcb75886268ff/transformed/merge/instrumentation-dependencies.bin because:
[        ]   Build cache is disabled
[        ]   Caching not enabled.
[        ] Caching disabled for MergeInstrumentationAnalysisTransform: /root/.gradle/caches/8.14/transforms/214e8f2365bd43e4a8ccb1573a478784/transformed/analysis/instrumentation-dependencies.bin because:
[        ]   Build cache is disabled
[        ]   Caching not enabled.
[        ] Caching disabled for ExternalDependencyInstrumentingArtifactTransform: /root/.gradle/caches/modules-2/files-2.1/com.android.tools.build/apkzlib/8.11.1/ea2327cd7a67c0fc9a4d26f035b922dff11c7219/apkzlib-8.11.1.jar because:
[   +3 ms]   Build cache is disabled
[        ]   Caching not enabled.
[        ] Caching disabled for MergeInstrumentationAnalysisTransform: /root/.gradle/caches/modules-2/files-2.1/com.squareup/javapoet/1.10.0/712c178d35185d8261295913c9f2a7d6867a6007/javapoet-1.10.0.jar because:
[        ]   Build cache is disabled
[        ]   Caching not enabled.
[        ] Caching disabled for MergeInstrumentationAnalysisTransform: /root/.gradle/caches/8.14/transforms/a8013ca544e4357839c5918e8813c817/transformed/analysis/instrumentation-hierarchy.bin because:
[        ]   Build cache is disabled
[        ]   Caching not enabled.
[        ] Caching disabled for ExternalDependencyInstrumentingArtifactTransform: /root/.gradle/caches/8.14/transforms/bb9fe600d0fd0b11cddcc0dd18a84cb1/transformed/merge/instrumentation-dependencies.bin because:
[        ]   Build cache is disabled
[        ]   Caching not enabled.
[        ] Caching disabled for MergeInstrumentationAnalysisTransform: /root/.gradle/caches/8.14/transforms/a8013ca544e4357839c5918e8813c817/transformed/analysis/instrumentation-dependencies.bin because:
[        ]   Build cache is disabled
[        ]   Caching not enabled.
[        ] Caching disabled for ExternalDependencyInstrumentingArtifactTransform: /root/.gradle/caches/modules-2/files-2.1/net.sf.jopt-simple/jopt-simple/4.9/ee9e9eaa0a35360dcfeac129ff4923215fd65904/jopt-simple-4.9.jar because:
[        ]   Build cache is disabled
[        ]   Caching not enabled.
[        ] Caching disabled for MergeInstrumentationAnalysisTransform: /root/.gradle/caches/modules-2/files-2.1/com.google.protobuf/protobuf-java-util/3.25.5/38cc5ce479603e36466feda2a9f1dfdb2210ef00/protobuf-java-util-3.25.5.jar because:
[        ]   Build cache is disabled
[        ]   Caching not enabled.
[        ] Caching disabled for ExternalDependencyInstrumentingArtifactTransform: /root/.gradle/caches/modules-2/files-2.1/org.jetbrains.kotlin/kotlin-reflect/2.0.21/669e1d35e4ca1797f9ddb2830dd6c36c0ca531e4/kotlin-reflect-2.0.21.jar because:
[        ]   Build cache is disabled
[        ]   Caching not enabled.
[  +83 ms] Caching disabled for ExternalDependencyInstrumentingArtifactTransform: /root/.gradle/caches/8.14/transforms/89c36b46329ac732072a5527199c9e21/transformed/merge/instrumentation-dependencies.bin because:
[        ]   Build cache is disabled
[        ]   Caching not enabled.
[        ] Caching disabled for MergeInstrumentationAnalysisTransform: /root/.gradle/caches/8.14/transforms/8f3c72fc33a299bf4168ea60a7d6dcbd/transformed/analysis/instrumentation-hierarchy.bin because:
[        ]   Build cache is disabled
[   +2 ms]   Caching not enabled.
[        ] Caching disabled for MergeInstrumentationAnalysisTransform: /root/.gradle/caches/8.14/transforms/e47308a1c31576f483bab1a9b244d512/transformed/analysis/instrumentation-hierarchy.bin because:
[        ]   Build cache is disabled
[        ]   Caching not enabled.
[        ] Caching disabled for MergeInstrumentationAnalysisTransform: /root/.gradle/caches/8.14/transforms/8f3c72fc33a299bf4168ea60a7d6dcbd/transformed/analysis/instrumentation-dependencies.bin because:
[        ]   Build cache is disabled
[        ]   Caching not enabled.
[        ] Caching disabled for ExternalDependencyInstrumentingArtifactTransform: /root/.gradle/caches/modules-2/files-2.1/com.squareup/javapoet/1.10.0/712c178d35185d8261295913c9f2a7d6867a6007/javapoet-1.10.0.jar because:
[        ]   Build cache is disabled
[        ]   Caching not enabled.
[        ] Caching disabled for MergeInstrumentationAnalysisTransform: /root/.gradle/caches/8.14/transforms/e47308a1c31576f483bab1a9b244d512/transformed/analysis/instrumentation-dependencies.bin because:
[        ]   Build cache is disabled
[        ]   Caching not enabled.
[        ] Caching disabled for ExternalDependencyInstrumentingArtifactTransform: /root/.gradle/caches/modules-2/files-2.1/com.google.protobuf/protobuf-java-util/3.25.5/38cc5ce479603e36466feda2a9f1dfdb2210ef00/protobuf-java-util-3.25.5.jar because:
[        ]   Build cache is disabled
[        ]   Caching not enabled.
[        ] Caching disabled for MergeInstrumentationAnalysisTransform: /root/.gradle/caches/8.14/transforms/448b77bc82599dc70acf59b64287ae6d/transformed/analysis/instrumentation-hierarchy.bin because:
[        ]   Build cache is disabled
[        ]   Caching not enabled.
[        ] Caching disabled for MergeInstrumentationAnalysisTransform: /root/.gradle/caches/modules-2/files-2.1/io.grpc/grpc-protobuf/1.69.1/433b61f31e1dce6adf6c43ea3ca510f8d8d7ea70/grpc-protobuf-1.69.1.jar because:
[        ]   Build cache is disabled
[        ]   Caching not enabled.
[        ] Caching disabled for MergeInstrumentationAnalysisTransform: /root/.gradle/caches/8.14/transforms/1915e62c4bd78f12308c7cc7e102fdac/transformed/analysis/instrumentation-hierarchy.bin because:
[        ]   Build cache is disabled
[        ]   Caching not enabled.
[        ] Caching disabled for MergeInstrumentationAnalysisTransform: /root/.gradle/caches/modules-2/files-2.1/com.google.crypto.tink/tink/1.7.0/668b57f109d32349b2870448f06ae6f202713edc/tink-1.7.0.jar because:
[        ]   Build cache is disabled
[        ]   Caching not enabled.
[        ] Caching disabled for MergeInstrumentationAnalysisTransform: /root/.gradle/caches/8.14/transforms/448b77bc82599dc70acf59b64287ae6d/transformed/analysis/instrumentation-dependencies.bin because:
[        ]   Build cache is disabled
[        ]   Caching not enabled.
[        ] Caching disabled for MergeInstrumentationAnalysisTransform: /root/.gradle/caches/8.14/transforms/1915e62c4bd78f12308c7cc7e102fdac/transformed/analysis/instrumentation-dependencies.bin because:
[        ]   Build cache is disabled
[        ]   Caching not enabled.
[        ] Caching disabled for ExternalDependencyInstrumentingArtifactTransform: /root/.gradle/caches/8.14/transforms/b199d6e81e575d5c8e784433de042ea2/transformed/merge/instrumentation-dependencies.bin because:
[        ]   Build cache is disabled
[        ]   Caching not enabled.
[        ] Caching disabled for MergeInstrumentationAnalysisTransform: /root/.gradle/caches/modules-2/files-2.1/com.google.testing.platform/core-proto/0.0.9-alpha03/a0de640d69d847081f087c45dda7e9b3754fe350/core-proto-0.0.9-alpha03.jar because:
[        ]   Build cache is disabled
[        ]   Caching not enabled.
[        ] Caching disabled for ExternalDependencyInstrumentingArtifactTransform: /root/.gradle/caches/8.14/transforms/043e6e923144a632c1f20b2e2c82784a/transformed/merge/instrumentation-dependencies.bin because:
[        ]   Build cache is disabled
[        ]   Caching not enabled.
[        ] Caching disabled for MergeInstrumentationAnalysisTransform: /root/.gradle/caches/modules-2/files-2.1/com.android.tools.analytics-library/protos/31.11.1/6c1fe59ed1ddd9d793d5cf57e43acf74ad40cc14/protos-31.11.1.jar because:
[        ]   Build cache is disabled
[   +6 ms]   Caching not enabled.
[        ] Caching disabled for ExternalDependencyInstrumentingArtifactTransform: /root/.gradle/caches/8.14/transforms/a650affce0d2650a9441f875746756bf/transformed/merge/instrumentation-dependencies.bin because:
[        ]   Build cache is disabled
[        ]   Caching not enabled.
[        ] Caching disabled for ExternalDependencyInstrumentingArtifactTransform: /root/.gradle/caches/modules-2/files-2.1/org.glassfish.jaxb/jaxb-runtime/2.3.2/5528bc882ea499a09d720b42af11785c4fc6be2a/jaxb-runtime-2.3.2.jar because:
[        ]   Build cache is disabled
[        ]   Caching not enabled.
[        ] Caching disabled for MergeInstrumentationAnalysisTransform: /root/.gradle/caches/8.14/transforms/03b12a1713674e47c4a3c04cb44acb39/transformed/analysis/instrumentation-hierarchy.bin because:
[        ]   Build cache is disabled
[        ]   Caching not enabled.
[        ] Caching disabled for MergeInstrumentationAnalysisTransform: /root/.gradle/caches/8.14/transforms/03b12a1713674e47c4a3c04cb44acb39/transformed/analysis/instrumentation-dependencies.bin because:
[        ]   Build cache is disabled
[        ]   Caching not enabled.
[        ] Caching disabled for MergeInstrumentationAnalysisTransform: /root/.gradle/caches/modules-2/files-2.1/com.google.api.grpc/proto-google-common-protos/2.48.0/86b550469172d830d174d7434c318d7dff179910/proto-google-common-protos-2.48.0.jar because:
[        ]   Build cache is disabled
[        ]   Caching not enabled.
[  +86 ms] Caching disabled for ExternalDependencyInstrumentingArtifactTransform: /root/.gradle/caches/8.14/transforms/44ffc5c7af6436c13b55a852d6877479/transformed/merge/instrumentation-dependencies.bin because:
[        ]   Build cache is disabled
[        ]   Caching not enabled.
[        ] Caching disabled for ExternalDependencyInstrumentingArtifactTransform: /root/.gradle/caches/modules-2/files-2.1/org.bouncycastle/bcpkix-jdk18on/1.79/7693cec3b8779b74b35466dcaeeaac7409872954/bcpkix-jdk18on-1.79.jar because:
[        ]   Build cache is disabled
[        ]   Caching not enabled.
[        ] Caching disabled for ExternalDependencyInstrumentingArtifactTransform: /root/.gradle/caches/8.14/transforms/d674c3f69bd731c5001454b3749982ae/transformed/merge/instrumentation-dependencies.bin because:
[        ]   Build cache is disabled
[        ]   Caching not enabled.
[        ] Caching disabled for MergeInstrumentationAnalysisTransform: /root/.gradle/caches/8.14/transforms/d26e4d12fc87d908d377ac641f35005f/transformed/analysis/instrumentation-hierarchy.bin because:
[        ]   Build cache is disabled
[        ]   Caching not enabled.
[   +2 ms] Caching disabled for ExternalDependencyInstrumentingArtifactTransform: /root/.gradle/caches/modules-2/files-2.1/io.grpc/grpc-protobuf/1.69.1/433b61f31e1dce6adf6c43ea3ca510f8d8d7ea70/grpc-protobuf-1.69.1.jar because:
[        ]   Build cache is disabled
[        ]   Caching not enabled.
[        ] Caching disabled for MergeInstrumentationAnalysisTransform: /root/.gradle/caches/8.14/transforms/d26e4d12fc87d908d377ac641f35005f/transformed/analysis/instrumentation-dependencies.bin because:
[        ]   Build cache is disabled
[        ]   Caching not enabled.
[        ] Caching disabled for MergeInstrumentationAnalysisTransform: /root/.gradle/caches/8.14/transforms/8d803f74bc08620adbcf3659e0dd8afb/transformed/analysis/instrumentation-hierarchy.bin because:
[        ]   Build cache is disabled
[        ]   Caching not enabled.
[        ] Caching disabled for MergeInstrumentationAnalysisTransform: /root/.gradle/caches/8.14/transforms/8d803f74bc08620adbcf3659e0dd8afb/transformed/analysis/instrumentation-dependencies.bin because:
[        ]   Build cache is disabled
[        ]   Caching not enabled.
[        ] Caching disabled for MergeInstrumentationAnalysisTransform: /root/.gradle/caches/modules-2/files-2.1/com.google.protobuf/protobuf-java/3.25.5/5ae5c9ec39930ae9b5a61b32b93288818ec05ec1/protobuf-java-3.25.5.jar because:
[        ]   Build cache is disabled
[        ]   Caching not enabled.
[        ] Caching disabled for MergeInstrumentationAnalysisTransform: /root/.gradle/caches/modules-2/files-2.1/io.grpc/grpc-netty/1.69.1/9235ab343b80acd957b4bb8bd740b8272735ddb8/grpc-netty-1.69.1.jar because:
[        ]   Build cache is disabled
[        ]   Caching not enabled.
[        ] Caching disabled for ExternalDependencyInstrumentingArtifactTransform: /root/.gradle/caches/8.14/transforms/e55f3395b174c11b9b6699350221865d/transformed/merge/instrumentation-dependencies.bin because:
[        ]   Build cache is disabled
[        ]   Caching not enabled.
[        ] Caching disabled for ExternalDependencyInstrumentingArtifactTransform: /root/.gradle/caches/8.14/transforms/6422a86024c86d9b8296cfbd1e891799/transformed/merge/instrumentation-dependencies.bin because:
[        ]   Build cache is disabled
[        ]   Caching not enabled.
[        ] Caching disabled for ExternalDependencyInstrumentingArtifactTransform: /root/.gradle/caches/modules-2/files-2.1/io.grpc/grpc-netty/1.69.1/9235ab343b80acd957b4bb8bd740b8272735ddb8/grpc-netty-1.69.1.jar because:
[        ]   Build cache is disabled
[        ]   Caching not enabled.
[        ] Caching disabled for MergeInstrumentationAnalysisTransform: /root/.gradle/caches/8.14/transforms/d3a1e58d1ec253efcd6e817eb23c0040/transformed/analysis/instrumentation-hierarchy.bin because:
[        ]   Build cache is disabled
[        ]   Caching not enabled.
[        ] Caching disabled for MergeInstrumentationAnalysisTransform: /root/.gradle/caches/8.14/transforms/d3a1e58d1ec253efcd6e817eb23c0040/transformed/analysis/instrumentation-dependencies.bin because:
[        ]   Build cache is disabled
[        ]   Caching not enabled.
[        ] Caching disabled for MergeInstrumentationAnalysisTransform: /root/.gradle/caches/modules-2/files-2.1/io.grpc/grpc-inprocess/1.69.1/8999d859ebf25f00e5a968b5e36e1294b109cb9e/grpc-inprocess-1.69.1.jar because:
[   +4 ms]   Build cache is disabled
[   +2 ms]   Caching not enabled.
[  +81 ms] Caching disabled for ExternalDependencyInstrumentingArtifactTransform: /root/.gradle/caches/8.14/transforms/711cca38f76da7c98cfc73ec46d136e3/transformed/merge/instrumentation-dependencies.bin because:
[        ]   Build cache is disabled
[   +2 ms]   Caching not enabled.
[        ] Caching disabled for ExternalDependencyInstrumentingArtifactTransform: /root/.gradle/caches/modules-2/files-2.1/io.grpc/grpc-inprocess/1.69.1/8999d859ebf25f00e5a968b5e36e1294b109cb9e/grpc-inprocess-1.69.1.jar because:
[        ]   Build cache is disabled
[        ]   Caching not enabled.
[        ] Caching disabled for MergeInstrumentationAnalysisTransform: /root/.gradle/caches/8.14/transforms/40ce7926dfa4287e169508f69c0cf81a/transformed/analysis/instrumentation-hierarchy.bin because:
[        ]   Build cache is disabled
[        ]   Caching not enabled.
[   +1 ms] Caching disabled for MergeInstrumentationAnalysisTransform: /root/.gradle/caches/8.14/transforms/40ce7926dfa4287e169508f69c0cf81a/transformed/analysis/instrumentation-dependencies.bin because:
[        ]   Build cache is disabled
[        ]   Caching not enabled.
[        ] Caching disabled for MergeInstrumentationAnalysisTransform: /root/.gradle/caches/modules-2/files-2.1/io.grpc/grpc-util/1.69.1/8c3a9d835a78be9653e9ba92ceab430547924937/grpc-util-1.69.1.jar because:
[        ]   Build cache is disabled
[        ]   Caching not enabled.
[        ] Caching disabled for ExternalDependencyInstrumentingArtifactTransform: /root/.gradle/caches/8.14/transforms/dbdb15f33e53b67d2d6fce05a456ccc3/transformed/merge/instrumentation-dependencies.bin because:
[        ]   Build cache is disabled
[        ]   Caching not enabled.
[        ] Caching disabled for ExternalDependencyInstrumentingArtifactTransform: /root/.gradle/caches/modules-2/files-2.1/io.grpc/grpc-util/1.69.1/8c3a9d835a78be9653e9ba92ceab430547924937/grpc-util-1.69.1.jar because:
[        ]   Build cache is disabled
[        ]   Caching not enabled.
[        ] Caching disabled for MergeInstrumentationAnalysisTransform: /root/.gradle/caches/8.14/transforms/05c2ff59c0b7a34a09b0cbf4f09b6e8a/transformed/analysis/instrumentation-hierarchy.bin because:
[   +3 ms]   Build cache is disabled
[        ]   Caching not enabled.
[        ] Caching disabled for MergeInstrumentationAnalysisTransform: /root/.gradle/caches/8.14/transforms/05c2ff59c0b7a34a09b0cbf4f09b6e8a/transformed/analysis/instrumentation-dependencies.bin because:
[        ]   Build cache is disabled
[        ]   Caching not enabled.
[        ] Caching disabled for MergeInstrumentationAnalysisTransform: /root/.gradle/caches/modules-2/files-2.1/io.grpc/grpc-core/1.69.1/d9f6383e1903af6e9502e7c1c8e4fbe28a236321/grpc-core-1.69.1.jar because:
[        ]   Build cache is disabled
[        ]   Caching not enabled.
[        ] Caching disabled for ExternalDependencyInstrumentingArtifactTransform: /root/.gradle/caches/8.14/transforms/a1ac1df22c0b1d9b51a3b0ddd911e03f/transformed/merge/instrumentation-dependencies.bin because:
[        ]   Build cache is disabled
[        ]   Caching not enabled.
[        ] Caching disabled for ExternalDependencyInstrumentingArtifactTransform: /root/.gradle/caches/modules-2/files-2.1/com.google.testing.platform/core-proto/0.0.9-alpha03/a0de640d69d847081f087c45dda7e9b3754fe350/core-proto-0.0.9-alpha03.jar because:
[        ]   Build cache is disabled
[        ]   Caching not enabled.
[        ] Caching disabled for MergeInstrumentationAnalysisTransform: /root/.gradle/caches/8.14/transforms/a953a9ec747499507e979f28c3d9b610/transformed/analysis/instrumentation-hierarchy.bin because:
[        ]   Build cache is disabled
[        ]   Caching not enabled.
[        ] Caching disabled for MergeInstrumentationAnalysisTransform: /root/.gradle/caches/8.14/transforms/a953a9ec747499507e979f28c3d9b610/transformed/analysis/instrumentation-dependencies.bin because:
[        ]   Build cache is disabled
[        ]   Caching not enabled.
[        ] Caching disabled for ExternalDependencyInstrumentingArtifactTransform: /root/.gradle/caches/modules-2/files-2.1/com.google.crypto.tink/tink/1.7.0/668b57f109d32349b2870448f06ae6f202713edc/tink-1.7.0.jar because:
[        ]   Build cache is disabled
[        ]   Caching not enabled.
[        ] Caching disabled for MergeInstrumentationAnalysisTransform: /root/.gradle/caches/8.14/transforms/24499ab9d12730a9faeafb1a60c2ccab/transformed/analysis/instrumentation-hierarchy.bin because:
[        ]   Build cache is disabled
[        ]   Caching not enabled.
[        ] Caching disabled for MergeInstrumentationAnalysisTransform: /root/.gradle/caches/modules-2/files-2.1/org.jetbrains.kotlin/kotlin-build-statistics/2.2.20/6cd7e2985af2647576bfc6bd1ba450000acbde4a/kotlin-build-statistics-2.2.20.jar because:
[        ]   Build cache is disabled
[        ]   Caching not enabled.
[        ] Caching disabled for MergeInstrumentationAnalysisTransform: /root/.gradle/caches/8.14/transforms/24499ab9d12730a9faeafb1a60c2ccab/transformed/analysis/instrumentation-dependencies.bin because:
[        ]   Build cache is disabled
[        ]   Caching not enabled.
[        ] Caching disabled for ExternalDependencyInstrumentingArtifactTransform: /root/.gradle/caches/8.14/transforms/d5569c126c67ec5dd27db76f4d27d8e8/transformed/merge/instrumentation-dependencies.bin because:
[        ]   Build cache is disabled
[        ]   Caching not enabled.
[  +83 ms] Caching disabled for MergeInstrumentationAnalysisTransform: /root/.gradle/caches/modules-2/files-2.1/com.google.code.gson/gson/2.11.0/527175ca6d81050b53bdd4c457a6d6e017626b0e/gson-2.11.0.jar because:
[        ]   Build cache is disabled
[   +4 ms]   Caching not enabled.
[        ] Caching disabled for ExternalDependencyInstrumentingArtifactTransform: /root/.gradle/caches/8.14/transforms/b27995f62e40bc1fa816e147cafe2a2a/transformed/merge/instrumentation-dependencies.bin because:
[        ]   Build cache is disabled
[        ]   Caching not enabled.
[        ] Caching disabled for ExternalDependencyInstrumentingArtifactTransform: /root/.gradle/caches/modules-2/files-2.1/io.grpc/grpc-core/1.69.1/d9f6383e1903af6e9502e7c1c8e4fbe28a236321/grpc-core-1.69.1.jar because:
[        ]   Build cache is disabled
[        ]   Caching not enabled.
[        ] Caching disabled for MergeInstrumentationAnalysisTransform: /root/.gradle/caches/8.14/transforms/79a18a78701ab821785a6d5a90cfa143/transformed/analysis/instrumentation-hierarchy.bin because:
[        ]   Build cache is disabled
[        ]   Caching not enabled.
[        ] Caching disabled for MergeInstrumentationAnalysisTransform: /root/.gradle/caches/8.14/transforms/79a18a78701ab821785a6d5a90cfa143/transformed/analysis/instrumentation-dependencies.bin because:
[        ]   Build cache is disabled
[        ]   Caching not enabled.
[        ] Caching disabled for ExternalDependencyInstrumentingArtifactTransform: /root/.gradle/caches/modules-2/files-2.1/org.jetbrains.kotlin/kotlin-build-statistics/2.2.20/6cd7e2985af2647576bfc6bd1ba450000acbde4a/kotlin-build-statistics-2.2.20.jar because:
[        ]   Build cache is disabled
[        ]   Caching not enabled.
[        ] Caching disabled for MergeInstrumentationAnalysisTransform: /root/.gradle/caches/modules-2/files-2.1/io.grpc/grpc-stub/1.69.1/685c974e6717e6c1bcadd1b7461167d27f64c524/grpc-stub-1.69.1.jar because:
[        ]   Build cache is disabled
[        ]   Caching not enabled.
[        ] Caching disabled for MergeInstrumentationAnalysisTransform: /root/.gradle/caches/8.14/transforms/34d6463aef3309917188f109b16e68a3/transformed/analysis/instrumentation-hierarchy.bin because:
[        ]   Build cache is disabled
[        ]   Caching not enabled.
[        ] Caching disabled for ExternalDependencyInstrumentingArtifactTransform: /root/.gradle/caches/8.14/transforms/893f87f08f4b139823467ffdc5369524/transformed/merge/instrumentation-dependencies.bin because:
[        ]   Build cache is disabled
[        ]   Caching not enabled.
[  +90 ms] Caching disabled for ExternalDependencyInstrumentingArtifactTransform: /root/.gradle/caches/modules-2/files-2.1/com.google.code.gson/gson/2.11.0/527175ca6d81050b53bdd4c457a6d6e017626b0e/gson-2.11.0.jar because:
[   +1 ms]   Build cache is disabled
[        ]   Caching not enabled.
[        ] Caching disabled for MergeInstrumentationAnalysisTransform: /root/.gradle/caches/8.14/transforms/e1af31b6f6841aeef4f866f19498c6b7/transformed/analysis/instrumentation-hierarchy.bin because:
[        ]   Build cache is disabled
[        ]   Caching not enabled.
[        ] Caching disabled for ExternalDependencyInstrumentingArtifactTransform: /root/.gradle/caches/modules-2/files-2.1/io.grpc/grpc-stub/1.69.1/685c974e6717e6c1bcadd1b7461167d27f64c524/grpc-stub-1.69.1.jar because:
[        ]   Build cache is disabled
[        ]   Caching not enabled.
[        ] Caching disabled for MergeInstrumentationAnalysisTransform: /root/.gradle/caches/8.14/transforms/e1af31b6f6841aeef4f866f19498c6b7/transformed/analysis/instrumentation-dependencies.bin because:
[        ]   Build cache is disabled
[        ]   Caching not enabled.
[        ] Caching disabled for MergeInstrumentationAnalysisTransform: /root/.gradle/caches/8.14/transforms/34d6463aef3309917188f109b16e68a3/transformed/analysis/instrumentation-dependencies.bin because:
[        ]   Build cache is disabled
[        ]   Caching not enabled.
[        ] Caching disabled for ExternalDependencyInstrumentingArtifactTransform: /root/.gradle/caches/modules-2/files-2.1/com.google.protobuf/protobuf-java/3.25.5/5ae5c9ec39930ae9b5a61b32b93288818ec05ec1/protobuf-java-3.25.5.jar because:
[        ]   Build cache is disabled
[        ]   Caching not enabled.
[        ] Caching disabled for MergeInstrumentationAnalysisTransform: /root/.gradle/caches/8.14/transforms/689aba87ca9ddc0bc7ac2f4a65b84b94/transformed/analysis/instrumentation-hierarchy.bin because:
[        ]   Build cache is disabled
[        ]   Caching not enabled.
[        ] Caching disabled for MergeInstrumentationAnalysisTransform: /root/.gradle/caches/8.14/transforms/6b07c848d762d1d34f6ac98a7bb32e88/transformed/analysis/instrumentation-hierarchy.bin because:
[        ]   Build cache is disabled
[        ]   Caching not enabled.
[        ] Caching disabled for MergeInstrumentationAnalysisTransform: /root/.gradle/caches/modules-2/files-2.1/com.google.flatbuffers/flatbuffers-java/1.12.0/8201cc7b511177a37071249e891f2f2fea4b32e9/flatbuffers-java-1.12.0.jar because:
[        ]   Build cache is disabled
[        ]   Caching not enabled.
[        ] Caching disabled for MergeInstrumentationAnalysisTransform: /root/.gradle/caches/modules-2/files-2.1/org.tensorflow/tensorflow-lite-metadata/0.2.0/7dbe8f75ae5c0ef7093c43c3ac8b560bbc7ea4b6/tensorflow-lite-metadata-0.2.0.jar because:
[        ]   Build cache is disabled
[        ]   Caching not enabled.
[        ] Caching disabled for MergeInstrumentationAnalysisTransform: /root/.gradle/caches/8.14/transforms/689aba87ca9ddc0bc7ac2f4a65b84b94/transformed/analysis/instrumentation-dependencies.bin because:
[        ]   Build cache is disabled
[        ]   Caching not enabled.
[        ] Caching disabled for ExternalDependencyInstrumentingArtifactTransform: /root/.gradle/caches/8.14/transforms/9f4a6de5b8b310cebbae0ec83240c864/transformed/merge/instrumentation-dependencies.bin because:
[        ]   Build cache is disabled
[        ]   Caching not enabled.
[        ] Caching disabled for MergeInstrumentationAnalysisTransform: /root/.gradle/caches/8.14/transforms/6b07c848d762d1d34f6ac98a7bb32e88/transformed/analysis/instrumentation-dependencies.bin because:
[        ]   Build cache is disabled
[        ]   Caching not enabled.
[        ] Caching disabled for ExternalDependencyInstrumentingArtifactTransform: /root/.gradle/caches/8.14/transforms/8f61fb1e699c70227b59717ef0e0d305/transformed/merge/instrumentation-dependencies.bin because:
[        ]   Build cache is disabled
[        ]   Caching not enabled.
[        ] Caching disabled for MergeInstrumentationAnalysisTransform: /root/.gradle/caches/modules-2/files-2.1/org.jetbrains.kotlin/kotlin-gradle-plugin-idea-proto/2.2.20/ccea68faf3074b47b2d1549d971d5438aae0adba/kotlin-gradle-plugin-idea-proto-2.2.20.jar because:
[        ]   Build cache is disabled
[        ]   Caching not enabled.
[        ] Caching disabled for MergeInstrumentationAnalysisTransform: /root/.gradle/caches/modules-2/files-2.1/org.jetbrains.kotlin/kotlin-gradle-plugin-idea/2.2.20/a07b350797aa4fe6d4bc6e1be2feecb638e94b13/kotlin-gradle-plugin-idea-2.2.20.jar because:
[        ]   Build cache is disabled
[        ]   Caching not enabled.
[        ] Caching disabled for ExternalDependencyInstrumentingArtifactTransform: /root/.gradle/caches/modules-2/files-2.1/com.google.api.grpc/proto-google-common-protos/2.48.0/86b550469172d830d174d7434c318d7dff179910/proto-google-common-protos-2.48.0.jar because:
[        ]   Build cache is disabled
[        ]   Caching not enabled.
[        ] Caching disabled for ExternalDependencyInstrumentingArtifactTransform: /root/.gradle/caches/8.14/transforms/38819e11a1d8fbc343e823e271ef816b/transformed/merge/instrumentation-dependencies.bin because:
[        ]   Build cache is disabled
[        ]   Caching not enabled.
[        ] Caching disabled for ExternalDependencyInstrumentingArtifactTransform: /root/.gradle/caches/modules-2/files-2.1/com.google.flatbuffers/flatbuffers-java/1.12.0/8201cc7b511177a37071249e891f2f2fea4b32e9/flatbuffers-java-1.12.0.jar because:
[        ]   Build cache is disabled
[        ]   Caching not enabled.
[        ] Caching disabled for ExternalDependencyInstrumentingArtifactTransform: /root/.gradle/caches/8.14/transforms/da06c104f235648cc09c25ea3a14bd04/transformed/merge/instrumentation-dependencies.bin because:
[        ]   Build cache is disabled
[        ]   Caching not enabled.
[        ] Caching disabled for MergeInstrumentationAnalysisTransform: /root/.gradle/caches/8.14/transforms/0f6c4831aee8af63180a748e247a1b45/transformed/analysis/instrumentation-hierarchy.bin because:
[        ]   Build cache is disabled
[        ]   Caching not enabled.
[        ] Caching disabled for MergeInstrumentationAnalysisTransform: /root/.gradle/caches/8.14/transforms/2403837e6853d35504f88c80613a330e/transformed/analysis/instrumentation-hierarchy.bin because:
[        ]   Build cache is disabled
[        ]   Caching not enabled.
[        ] Caching disabled for MergeInstrumentationAnalysisTransform: /root/.gradle/caches/8.14/transforms/0f6c4831aee8af63180a748e247a1b45/transformed/analysis/instrumentation-dependencies.bin because:
[        ]   Build cache is disabled
[        ]   Caching not enabled.
[        ] Caching disabled for MergeInstrumentationAnalysisTransform: /root/.gradle/caches/8.14/transforms/2403837e6853d35504f88c80613a330e/transformed/analysis/instrumentation-dependencies.bin because:
[        ]   Build cache is disabled
[        ]   Caching not enabled.
[        ] Caching disabled for MergeInstrumentationAnalysisTransform: /root/.gradle/caches/modules-2/files-2.1/org.jetbrains.kotlin/kotlin-klib-commonizer-api/2.2.20/bedd0bf6302d0bccc2b65535a0cb74b520b67858/kotlin-klib-commonizer-api-2.2.20.jar because:
[        ]   Build cache is disabled
[        ]   Caching not enabled.
[        ] Caching disabled for ExternalDependencyInstrumentingArtifactTransform: /root/.gradle/caches/modules-2/files-2.1/org.jetbrains.kotlin/kotlin-gradle-plugin-idea/2.2.20/a07b350797aa4fe6d4bc6e1be2feecb638e94b13/kotlin-gradle-plugin-idea-2.2.20.jar because:
[        ]   Build cache is disabled
[        ]   Caching not enabled.
[        ] Caching disabled for ExternalDependencyInstrumentingArtifactTransform: /root/.gradle/caches/8.14/transforms/a602b29a8bf5d6b10befe3c864da7b55/transformed/merge/instrumentation-dependencies.bin because:
[        ]   Build cache is disabled
[        ]   Caching not enabled.
[        ] Caching disabled for MergeInstrumentationAnalysisTransform: /root/.gradle/caches/modules-2/files-2.1/org.jetbrains.kotlin/kotlin-util-klib-metadata/2.2.20/8a0c47f26e47702792fe0bbefbee6e8be12b3463/kotlin-util-klib-metadata-2.2.20.jar because:
[        ]   Build cache is disabled
[        ]   Caching not enabled.
[        ] Caching disabled for MergeInstrumentationAnalysisTransform: /root/.gradle/caches/8.14/transforms/ea0925ef377e488530de61878df80de4/transformed/analysis/instrumentation-hierarchy.bin because:
[        ]   Build cache is disabled
[        ]   Caching not enabled.
[        ] Caching disabled for ExternalDependencyInstrumentingArtifactTransform: /root/.gradle/caches/8.14/transforms/8c2faed2746282cdad7d1ea795edaa24/transformed/merge/instrumentation-dependencies.bin because:
[        ]   Build cache is disabled
[        ]   Caching not enabled.
[        ] Caching disabled for MergeInstrumentationAnalysisTransform: /root/.gradle/caches/8.14/transforms/ea0925ef377e488530de61878df80de4/transformed/analysis/instrumentation-dependencies.bin because:
[        ]   Build cache is disabled
[        ]   Caching not enabled.
[        ] Caching disabled for ExternalDependencyInstrumentingArtifactTransform: /root/.gradle/caches/modules-2/files-2.1/org.tensorflow/tensorflow-lite-metadata/0.2.0/7dbe8f75ae5c0ef7093c43c3ac8b560bbc7ea4b6/tensorflow-lite-metadata-0.2.0.jar because:
[        ]   Build cache is disabled
[        ]   Caching not enabled.
[        ] Caching disabled for ExternalDependencyInstrumentingArtifactTransform: /root/.gradle/caches/modules-2/files-2.1/org.jetbrains.kotlin/kotlin-klib-commonizer-api/2.2.20/bedd0bf6302d0bccc2b65535a0cb74b520b67858/kotlin-klib-commonizer-api-2.2.20.jar because:
[        ]   Build cache is disabled
[        ]   Caching not enabled.
[        ] Caching disabled for MergeInstrumentationAnalysisTransform: /root/.gradle/caches/modules-2/files-2.1/org.jetbrains.kotlin/abi-tools-api/2.2.20/15daea957a282df212a7bc3189dbbf442b38dec8/abi-tools-api-2.2.20.jar because:
[        ]   Build cache is disabled
[        ]   Caching not enabled.
[        ] Caching disabled for MergeInstrumentationAnalysisTransform: /root/.gradle/caches/8.14/transforms/4fe8cb2596e73cc329874e1fdf87b22c/transformed/analysis/instrumentation-hierarchy.bin because:
[        ]   Build cache is disabled
[        ]   Caching not enabled.
[  +90 ms] Caching disabled for MergeInstrumentationAnalysisTransform: /root/.gradle/caches/8.14/transforms/3ae60b3840f76fbc495a453c70c97bf0/transformed/analysis/instrumentation-hierarchy.bin because:
[        ]   Build cache is disabled
[        ]   Caching not enabled.
[        ] Caching disabled for ExternalDependencyInstrumentingArtifactTransform: /root/.gradle/caches/8.14/transforms/6769cff7cf4ada84456566a7bc4bd796/transformed/merge/instrumentation-dependencies.bin because:
[        ]   Build cache is disabled
[        ]   Caching not enabled.
[        ] Caching disabled for MergeInstrumentationAnalysisTransform: /root/.gradle/caches/8.14/transforms/4fe8cb2596e73cc329874e1fdf87b22c/transformed/analysis/instrumentation-dependencies.bin because:
[        ]   Build cache is disabled
[        ]   Caching not enabled.
[        ] Caching disabled for MergeInstrumentationAnalysisTransform: /root/.gradle/caches/8.14/transforms/3ae60b3840f76fbc495a453c70c97bf0/transformed/analysis/instrumentation-dependencies.bin because:
[        ]   Build cache is disabled
[        ]   Caching not enabled.
[        ] Caching disabled for MergeInstrumentationAnalysisTransform: /root/.gradle/caches/modules-2/files-2.1/org.jetbrains.kotlin/kotlin-compiler-runner/2.2.20/72475464f90c5f5aae5072edc60c2b29a8353f63/kotlin-compiler-runner-2.2.20.jar because:
[        ]   Build cache is disabled
[        ]   Caching not enabled.
[        ] Caching disabled for ExternalDependencyInstrumentingArtifactTransform: /root/.gradle/caches/modules-2/files-2.1/org.jetbrains.kotlin/kotlin-util-klib-metadata/2.2.20/8a0c47f26e47702792fe0bbefbee6e8be12b3463/kotlin-util-klib-metadata-2.2.20.jar because:
[        ]   Build cache is disabled
[        ]   Caching not enabled.
[        ] Caching disabled for ExternalDependencyInstrumentingArtifactTransform: /root/.gradle/caches/modules-2/files-2.1/org.jetbrains.kotlin/abi-tools-api/2.2.20/15daea957a282df212a7bc3189dbbf442b38dec8/abi-tools-api-2.2.20.jar because:
[        ]   Build cache is disabled
[        ]   Caching not enabled.
[        ] Caching disabled for ExternalDependencyInstrumentingArtifactTransform: /root/.gradle/caches/8.14/transforms/fe08f619d282c9bac7fb6e64c8e7853b/transformed/merge/instrumentation-dependencies.bin because:
[        ]   Build cache is disabled
[        ]   Caching not enabled.
[        ] Caching disabled for MergeInstrumentationAnalysisTransform: /root/.gradle/caches/8.14/transforms/601b51fa272b735ecc675e1b376e1482/transformed/analysis/instrumentation-dependencies.bin because:
[        ]   Build cache is disabled
[        ]   Caching not enabled.
[        ] Caching disabled for MergeInstrumentationAnalysisTransform: /root/.gradle/caches/modules-2/files-2.1/com.google.jimfs/jimfs/1.1/8fbd0579dc68aba6186935cc1bee21d2f3e7ec1c/jimfs-1.1.jar because:
[        ]   Build cache is disabled
[        ]   Caching not enabled.
[        ] Caching disabled for ExternalDependencyInstrumentingArtifactTransform: /root/.gradle/caches/8.14/transforms/80483fbf09eb5221f90ea5a653a6613f/transformed/merge/instrumentation-dependencies.bin because:
[        ]   Build cache is disabled
[        ]   Caching not enabled.
[        ] Caching disabled for MergeInstrumentationAnalysisTransform: /root/.gradle/caches/8.14/transforms/59d4469867e677d91f281a1e27259851/transformed/analysis/instrumentation-hierarchy.bin because:
[        ]   Build cache is disabled
[        ]   Caching not enabled.
[        ] Caching disabled for MergeInstrumentationAnalysisTransform: /root/.gradle/caches/modules-2/files-2.1/io.grpc/grpc-context/1.69.1/acec56668f9e67775cfe43fdb9edd046e9426a2d/grpc-context-1.69.1.jar because:
[        ]   Build cache is disabled
[        ]   Caching not enabled.
[        ] Caching disabled for ExternalDependencyInstrumentingArtifactTransform: /root/.gradle/caches/modules-2/files-2.1/org.jetbrains.kotlin/kotlin-compiler-runner/2.2.20/72475464f90c5f5aae5072edc60c2b29a8353f63/kotlin-compiler-runner-2.2.20.jar because:
[        ]   Build cache is disabled
[   +1 ms]   Caching not enabled.
[        ] Caching disabled for MergeInstrumentationAnalysisTransform: /root/.gradle/caches/8.14/transforms/59d4469867e677d91f281a1e27259851/transformed/analysis/instrumentation-dependencies.bin because:
[        ]   Build cache is disabled
[        ]   Caching not enabled.
[        ] Caching disabled for ExternalDependencyInstrumentingArtifactTransform: /root/.gradle/caches/8.14/transforms/dce9823521a5e2cf8b11fde732d414a0/transformed/merge/instrumentation-dependencies.bin because:
[        ]   Build cache is disabled
[        ]   Caching not enabled.
[        ] Caching disabled for MergeInstrumentationAnalysisTransform: /root/.gradle/caches/8.14/transforms/0bab9ab604962ffad0d5c31fde221fcb/transformed/analysis/instrumentation-hierarchy.bin because:
[        ]   Build cache is disabled
[        ]   Caching not enabled.
[        ] Caching disabled for MergeInstrumentationAnalysisTransform: /root/.gradle/caches/modules-2/files-2.1/io.grpc/grpc-protobuf-lite/1.69.1/40cc0d2c62b22c7c22056e17c1141cb714993ea9/grpc-protobuf-lite-1.69.1.jar because:
[        ]   Build cache is disabled
[        ]   Caching not enabled.
[        ] Caching disabled for ExternalDependencyInstrumentingArtifactTransform: /root/.gradle/caches/modules-2/files-2.1/io.grpc/grpc-context/1.69.1/acec56668f9e67775cfe43fdb9edd046e9426a2d/grpc-context-1.69.1.jar because:
[        ]   Build cache is disabled
[        ]   Caching not enabled.
[        ] Caching disabled for ExternalDependencyInstrumentingArtifactTransform: /root/.gradle/caches/8.14/transforms/0614412329e6b18ab15223ae3ad08d92/transformed/merge/instrumentation-dependencies.bin because:
[        ]   Build cache is disabled
[        ]   Caching not enabled.
[        ] Caching disabled for MergeInstrumentationAnalysisTransform: /root/.gradle/caches/8.14/transforms/0bab9ab604962ffad0d5c31fde221fcb/transformed/analysis/instrumentation-dependencies.bin because:
[        ]   Build cache is disabled
[        ]   Caching not enabled.
[        ] Caching disabled for MergeInstrumentationAnalysisTransform: /root/.gradle/caches/8.14/transforms/0c8e03626dc28f5f9dc8448d5c34665e/transformed/analysis/instrumentation-hierarchy.bin because:
[        ]   Build cache is disabled
[        ]   Caching not enabled.
[        ] Caching disabled for MergeInstrumentationAnalysisTransform: /root/.gradle/caches/modules-2/files-2.1/io.grpc/grpc-api/1.69.1/e95c782de0217180c9b25c99e605c4513f3272f1/grpc-api-1.69.1.jar because:
[        ]   Build cache is disabled
[        ]   Caching not enabled.
[        ] Caching disabled for ExternalDependencyInstrumentingArtifactTransform: /root/.gradle/caches/modules-2/files-2.1/io.grpc/grpc-protobuf-lite/1.69.1/40cc0d2c62b22c7c22056e17c1141cb714993ea9/grpc-protobuf-lite-1.69.1.jar because:
[        ]   Build cache is disabled
[        ]   Caching not enabled.
[        ] Caching disabled for MergeInstrumentationAnalysisTransform: /root/.gradle/caches/8.14/transforms/0c8e03626dc28f5f9dc8448d5c34665e/transformed/analysis/instrumentation-dependencies.bin because:
[        ]   Build cache is disabled
[        ]   Caching not enabled.
[        ] Caching disabled for ExternalDependencyInstrumentingArtifactTransform: /root/.gradle/caches/modules-2/files-2.1/com.google.jimfs/jimfs/1.1/8fbd0579dc68aba6186935cc1bee21d2f3e7ec1c/jimfs-1.1.jar because:
[        ]   Build cache is disabled
[        ]   Caching not enabled.
[        ] Caching disabled for ExternalDependencyInstrumentingArtifactTransform: /root/.gradle/caches/8.14/transforms/02b9029c122500e01d3d98dd15c711e6/transformed/merge/instrumentation-dependencies.bin because:
[        ]   Build cache is disabled
[        ]   Caching not enabled.
[        ] Caching disabled for MergeInstrumentationAnalysisTransform: /root/.gradle/caches/8.14/transforms/ba603a8e5cd50a7c88cc1c83cedbafe1/transformed/analysis/instrumentation-hierarchy.bin because:
[        ]   Build cache is disabled
[        ]   Caching not enabled.
[        ] Caching disabled for MergeInstrumentationAnalysisTransform: /root/.gradle/caches/8.14/transforms/ba603a8e5cd50a7c88cc1c83cedbafe1/transformed/analysis/instrumentation-dependencies.bin because:
[        ]   Build cache is disabled
[        ]   Caching not enabled.
[        ] Caching disabled for MergeInstrumentationAnalysisTransform: /root/.gradle/caches/8.14/transforms/1f33ebe59883eca7cf0b19e5fe8de863/transformed/analysis/instrumentation-dependencies.bin because:
[        ]   Build cache is disabled
[        ]   Caching not enabled.
[        ] Caching disabled for MergeInstrumentationAnalysisTransform: /root/.gradle/caches/modules-2/files-2.1/com.google.guava/guava/33.3.1-jre/852f8b363da0111e819460021ca693cacca3e8db/guava-33.3.1-jre.jar because:
[        ]   Build cache is disabled
[        ]   Caching not enabled.
[        ] Caching disabled for MergeInstrumentationAnalysisTransform: /root/.gradle/caches/modules-2/files-2.1/com.google.dagger/dagger/2.28.3/10d83810ef9e19714116ed518896c90c6606d633/dagger-2.28.3.jar because:
[        ]   Build cache is disabled
[        ]   Caching not enabled.
[        ] Caching disabled for MergeInstrumentationAnalysisTransform: /root/.gradle/caches/modules-2/files-2.1/javax.inject/javax.inject/1/6975da39a7040257bd51d21a231b76c915872d38/javax.inject-1.jar because:
[        ]   Build cache is disabled
[        ]   Caching not enabled.
[        ] Caching disabled for ExternalDependencyInstrumentingArtifactTransform: /root/.gradle/caches/8.14/transforms/04502b28fcdb2460be0db01c1f6a66e3/transformed/merge/instrumentation-dependencies.bin because:
[        ]   Build cache is disabled
[        ]   Caching not enabled.
[        ] Caching disabled for ExternalDependencyInstrumentingArtifactTransform: /root/.gradle/caches/8.14/transforms/f200541017445ac6c17b06d1f6350bd7/transformed/merge/instrumentation-dependencies.bin because:
[        ]   Build cache is disabled
[        ]   Caching not enabled.
[  +83 ms] Caching disabled for ExternalDependencyInstrumentingArtifactTransform: /root/.gradle/caches/8.14/transforms/99fde1b4d8fb97748deaea528274fe62/transformed/merge/instrumentation-dependencies.bin because:
[        ]   Build cache is disabled
[        ]   Caching not enabled.
[        ] Caching disabled for ExternalDependencyInstrumentingArtifactTransform: /root/.gradle/caches/modules-2/files-2.1/com.google.dagger/dagger/2.28.3/10d83810ef9e19714116ed518896c90c6606d633/dagger-2.28.3.jar because:
[        ]   Build cache is disabled
[        ]   Caching not enabled.
[        ] Caching disabled for ExternalDependencyInstrumentingArtifactTransform: /root/.gradle/caches/modules-2/files-2.1/javax.inject/javax.inject/1/6975da39a7040257bd51d21a231b76c915872d38/javax.inject-1.jar because:
[        ]   Build cache is disabled
[        ]   Caching not enabled.
[        ] Caching disabled for MergeInstrumentationAnalysisTransform: /root/.gradle/caches/8.14/transforms/9b0e98629bc06f5b01cc526ebfdfc3c3/transformed/analysis/instrumentation-hierarchy.bin because:
[        ]   Build cache is disabled
[        ]   Caching not enabled.
[        ] Caching disabled for ExternalDependencyInstrumentingArtifactTransform: /root/.gradle/caches/modules-2/files-2.1/io.grpc/grpc-api/1.69.1/e95c782de0217180c9b25c99e605c4513f3272f1/grpc-api-1.69.1.jar because:
[        ]   Build cache is disabled
[        ]   Caching not enabled.
[ +198 ms] Caching disabled for ExternalDependencyInstrumentingArtifactTransform: /root/.gradle/caches/modules-2/files-2.1/com.google.guava/guava/33.3.1-jre/852f8b363da0111e819460021ca693cacca3e8db/guava-33.3.1-jre.jar because:
[        ]   Build cache is disabled
[        ]   Caching not enabled.
[        ] Caching disabled for ExternalDependencyInstrumentingArtifactTransform: /root/.gradle/caches/modules-2/files-2.1/com.android.tools.build/gradle/8.11.1/7861a99a64716fd75ce85a3c7e2fcb3a9e928857/gradle-8.11.1.jar because:
[        ]   Build cache is disabled
[        ]   Caching not enabled.
[        ] Caching disabled for MergeInstrumentationAnalysisTransform: /root/.gradle/caches/8.14/transforms/9d04d315a102c441141d3be66524f20d/transformed/analysis/instrumentation-hierarchy.bin because:
[        ]   Build cache is disabled
[        ]   Caching not enabled.
[        ] Caching disabled for MergeInstrumentationAnalysisTransform: /root/.gradle/caches/8.14/transforms/8454090a5b20928e6b4b38efeaa490fe/transformed/analysis/instrumentation-hierarchy.bin because:
[        ]   Build cache is disabled
[        ]   Caching not enabled.
[        ] Caching disabled for MergeInstrumentationAnalysisTransform: /root/.gradle/caches/8.14/transforms/9d04d315a102c441141d3be66524f20d/transformed/analysis/instrumentation-dependencies.bin because:
[        ]   Build cache is disabled
[        ]   Caching not enabled.
[        ] Caching disabled for MergeInstrumentationAnalysisTransform: /root/.gradle/caches/8.14/transforms/8454090a5b20928e6b4b38efeaa490fe/transformed/analysis/instrumentation-dependencies.bin because:
[        ]   Build cache is disabled
[        ]   Caching not enabled.
[ +100 ms] Caching disabled for MergeInstrumentationAnalysisTransform: /root/.gradle/caches/modules-2/files-2.1/org.apache.commons/commons-compress/1.21/4ec95b60d4e86b5c95a0e919cb172a0af98011ef/commons-compress-1.21.jar because:
[        ]   Build cache is disabled
[        ]   Caching not enabled.
[        ] Caching disabled for MergeInstrumentationAnalysisTransform: /root/.gradle/caches/modules-2/files-2.1/org.bouncycastle/bcutil-jdk18on/1.79/ecfc5aef97cc7676ea0de5c53c407b9f533f0ad5/bcutil-jdk18on-1.79.jar because:
[        ]   Build cache is disabled
[   +3 ms]   Caching not enabled.
[        ] Caching disabled for ExternalDependencyInstrumentingArtifactTransform: /root/.gradle/caches/8.14/transforms/b5307e41c8695ddf3fbaacb2510baa32/transformed/merge/instrumentation-dependencies.bin because:
[        ]   Build cache is disabled
[        ]   Caching not enabled.
[        ] Caching disabled for ExternalDependencyInstrumentingArtifactTransform: /root/.gradle/caches/8.14/transforms/3e93a1b3507ece8bf33c3482af7246ff/transformed/merge/instrumentation-dependencies.bin because:
[        ]   Build cache is disabled
[        ]   Caching not enabled.
[        ] Caching disabled for ExternalDependencyInstrumentingArtifactTransform: /root/.gradle/caches/modules-2/files-2.1/org.bouncycastle/bcutil-jdk18on/1.79/ecfc5aef97cc7676ea0de5c53c407b9f533f0ad5/bcutil-jdk18on-1.79.jar because:
[        ]   Build cache is disabled
[        ]   Caching not enabled.
[        ] Caching disabled for MergeInstrumentationAnalysisTransform: /root/.gradle/caches/8.14/transforms/b90d3ccdd27a09aadabddbd33719551c/transformed/analysis/instrumentation-hierarchy.bin because:
[        ]   Build cache is disabled
[        ]   Caching not enabled.
[        ] Caching disabled for ExternalDependencyInstrumentingArtifactTransform: /root/.gradle/caches/modules-2/files-2.1/com.android.tools.build/builder/8.11.1/52ae05e99786bd491ad363825acbc2476c8b905/builder-8.11.1.jar because:
[        ]   Build cache is disabled
[        ]   Caching not enabled.
[        ] Caching disabled for ExternalDependencyInstrumentingArtifactTransform: /root/.gradle/caches/modules-2/files-2.1/com.android.tools/dvlib/31.11.1/6079cc9f2fa5f5104b20779ca98faa1c495bb7f1/dvlib-31.11.1.jar because:
[        ]   Build cache is disabled
[        ]   Caching not enabled.
[        ] Caching disabled for MergeInstrumentationAnalysisTransform: /root/.gradle/caches/8.14/transforms/410b73183f139835f68024b4a9e6d4c0/transformed/analysis/instrumentation-hierarchy.bin because:
[        ]   Build cache is disabled
[        ]   Caching not enabled.
[        ] Caching disabled for MergeInstrumentationAnalysisTransform: /root/.gradle/caches/8.14/transforms/4bb2857926d6bbf63c2a8489c429fa99/transformed/analysis/instrumentation-hierarchy.bin because:
[        ]   Build cache is disabled
[        ]   Caching not enabled.
[        ] Caching disabled for MergeInstrumentationAnalysisTransform: /root/.gradle/caches/8.14/transforms/1a1d3b61d5a868318f8594a976389b2b/transformed/analysis/instrumentation-hierarchy.bin because:
[        ]   Build cache is disabled
[        ]   Caching not enabled.
[        ] Caching disabled for MergeInstrumentationAnalysisTransform: /root/.gradle/caches/8.14/transforms/b90d3ccdd27a09aadabddbd33719551c/transformed/analysis/instrumentation-dependencies.bin because:
[        ]   Build cache is disabled
[        ]   Caching not enabled.
[        ] Caching disabled for MergeInstrumentationAnalysisTransform: /root/.gradle/caches/8.14/transforms/4bb2857926d6bbf63c2a8489c429fa99/transformed/analysis/instrumentation-dependencies.bin because:
[        ]   Build cache is disabled
[        ]   Caching not enabled.
[        ] Caching disabled for MergeInstrumentationAnalysisTransform: /root/.gradle/caches/8.14/transforms/1a1d3b61d5a868318f8594a976389b2b/transformed/analysis/instrumentation-dependencies.bin because:
[        ]   Build cache is disabled
[        ]   Caching not enabled.
[        ] Caching disabled for MergeInstrumentationAnalysisTransform: /root/.gradle/caches/8.14/transforms/410b73183f139835f68024b4a9e6d4c0/transformed/analysis/instrumentation-dependencies.bin because:
[        ]   Build cache is disabled
[        ]   Caching not enabled.
[        ] Caching disabled for MergeInstrumentationAnalysisTransform: /root/.gradle/caches/modules-2/files-2.1/org.apache.httpcomponents/httpcore/4.4.16/51cf043c87253c9f58b539c9f7e44c8894223850/httpcore-4.4.16.jar because:
[        ]   Build cache is disabled
[        ]   Caching not enabled.
[        ] Caching disabled for MergeInstrumentationAnalysisTransform: /root/.gradle/caches/modules-2/files-2.1/com.sun.activation/javax.activation/1.2.0/bf744c1e2776ed1de3c55c8dac1057ec331ef744/javax.activation-1.2.0.jar because:
[        ]   Build cache is disabled
[        ]   Caching not enabled.
[        ] Caching disabled for MergeInstrumentationAnalysisTransform: /root/.gradle/caches/modules-2/files-2.1/org.apache.httpcomponents/httpclient/4.5.14/1194890e6f56ec29177673f2f12d0b8e627dec98/httpclient-4.5.14.jar because:
[        ]   Build cache is disabled
[        ]   Caching not enabled.
[        ] Caching disabled for ExternalDependencyInstrumentingArtifactTransform: /root/.gradle/caches/8.14/transforms/e5dd9fd9af823dac58c05e41fe132033/transformed/merge/instrumentation-dependencies.bin because:
[        ]   Build cache is disabled
[        ]   Caching not enabled.
[        ] Caching disabled for ExternalDependencyInstrumentingArtifactTransform: /root/.gradle/caches/8.14/transforms/eacc806996bfa58008f24b389146e6d6/transformed/merge/instrumentation-dependencies.bin because:
[        ]   Build cache is disabled
[        ]   Caching not enabled.
[        ] Caching disabled for ExternalDependencyInstrumentingArtifactTransform: /root/.gradle/caches/8.14/transforms/596f094f33fe7c132d44f224fa465aac/transformed/merge/instrumentation-dependencies.bin because:
[        ]   Build cache is disabled
[        ]   Caching not enabled.
[        ] Caching disabled for MergeInstrumentationAnalysisTransform: /root/.gradle/caches/modules-2/files-2.1/org.bouncycastle/bcprov-jdk18on/1.79/4d8e2732bcee15f1db93df266c3f5b70ce5cac21/bcprov-jdk18on-1.79.jar because:
[        ]   Build cache is disabled
[        ]   Caching not enabled.
[        ] Caching disabled for ExternalDependencyInstrumentingArtifactTransform: /root/.gradle/caches/8.14/transforms/957e3d7169f8d8bc4824bb44b8a163bf/transformed/merge/instrumentation-dependencies.bin because:
[        ]   Build cache is disabled
[        ]   Caching not enabled.
[  +86 ms] Caching disabled for ExternalDependencyInstrumentingArtifactTransform: /root/.gradle/caches/modules-2/files-2.1/org.apache.commons/commons-compress/1.21/4ec95b60d4e86b5c95a0e919cb172a0af98011ef/commons-compress-1.21.jar because:
[   +1 ms]   Build cache is disabled
[        ]   Caching not enabled.
[        ] Caching disabled for MergeInstrumentationAnalysisTransform: /root/.gradle/caches/8.14/transforms/f6049f164ffac467b75ef5b04648323d/transformed/analysis/instrumentation-hierarchy.bin because:
[        ]   Build cache is disabled
[        ]   Caching not enabled.
[        ] Caching disabled for ExternalDependencyInstrumentingArtifactTransform: /root/.gradle/caches/modules-2/files-2.1/com.sun.activation/javax.activation/1.2.0/bf744c1e2776ed1de3c55c8dac1057ec331ef744/javax.activation-1.2.0.jar because:
[        ]   Build cache is disabled
[        ]   Caching not enabled.
[        ] Caching disabled for MergeInstrumentationAnalysisTransform: /root/.gradle/caches/8.14/transforms/f6049f164ffac467b75ef5b04648323d/transformed/analysis/instrumentation-dependencies.bin because:
[        ]   Build cache is disabled
[        ]   Caching not enabled.
[        ] Caching disabled for MergeInstrumentationAnalysisTransform: /root/.gradle/caches/8.14/transforms/51a414c4c9c4b32a924c8e4a23cbb69a/transformed/analysis/instrumentation-hierarchy.bin because:
[        ]   Build cache is disabled
[        ]   Caching not enabled.
[        ] Caching disabled for MergeInstrumentationAnalysisTransform: /root/.gradle/caches/modules-2/files-2.1/com.android/signflinger/8.11.1/13f035dd8e7e470ff8f3216a0b46333187f26df5/signflinger-8.11.1.jar because:
[        ]   Build cache is disabled
[        ]   Caching not enabled.
[        ] Caching disabled for MergeInstrumentationAnalysisTransform: /root/.gradle/caches/8.14/transforms/51a414c4c9c4b32a924c8e4a23cbb69a/transformed/analysis/instrumentation-dependencies.bin because:
[        ]   Build cache is disabled
[        ]   Caching not enabled.
[        ] Caching disabled for ExternalDependencyInstrumentingArtifactTransform: /root/.gradle/caches/8.14/transforms/74aca5e8ef06979c7bc8263b04c40f88/transformed/merge/instrumentation-dependencies.bin because:
[        ]   Build cache is disabled
[        ]   Caching not enabled.
[        ] Caching disabled for ExternalDependencyInstrumentingArtifactTransform: /root/.gradle/caches/modules-2/files-2.1/org.apache.httpcomponents/httpcore/4.4.16/51cf043c87253c9f58b539c9f7e44c8894223850/httpcore-4.4.16.jar because:
[        ]   Build cache is disabled
[        ]   Caching not enabled.
[        ] Caching disabled for MergeInstrumentationAnalysisTransform: /root/.gradle/caches/modules-2/files-2.1/com.android/zipflinger/8.11.1/3a3b1786c331db72b9610eb1f68f0ec1ec9a1f/zipflinger-8.11.1.jar because:
[        ]   Build cache is disabled
[        ]   Caching not enabled.
[        ] Caching disabled for MergeInstrumentationAnalysisTransform: /root/.gradle/caches/8.14/transforms/047d1f8bd23fbbe23c6b5946a4d9ac0b/transformed/analysis/instrumentation-dependencies.bin because:
[        ]   Build cache is disabled
[        ]   Caching not enabled.
[        ] Caching disabled for ExternalDependencyInstrumentingArtifactTransform: /root/.gradle/caches/8.14/transforms/a5c43d1f73995f2c683c6fbb94abbb1b/transformed/merge/instrumentation-dependencies.bin because:
[        ]   Build cache is disabled
[        ]   Caching not enabled.
[        ] Caching disabled for ExternalDependencyInstrumentingArtifactTransform: /root/.gradle/caches/modules-2/files-2.1/com.android/signflinger/8.11.1/13f035dd8e7e470ff8f3216a0b46333187f26df5/signflinger-8.11.1.jar because:
[        ]   Build cache is disabled
[        ]   Caching not enabled.
[        ] Caching disabled for MergeInstrumentationAnalysisTransform: /root/.gradle/caches/modules-2/files-2.1/com.android.tools/annotations/31.11.1/a9a04a78f42fdb0276a0fc7fd538890f856a9753/annotations-31.11.1.jar because:
[        ]   Build cache is disabled
[        ]   Caching not enabled.
[        ] Caching disabled for MergeInstrumentationAnalysisTransform: /root/.gradle/caches/8.14/transforms/f62290c4265fae9fb0cf357d49462801/transformed/analysis/instrumentation-hierarchy.bin because:
[        ]   Build cache is disabled
[        ]   Caching not enabled.
[        ] Caching disabled for ExternalDependencyInstrumentingArtifactTransform: /root/.gradle/caches/8.14/transforms/9c7e5d56f7da29fec2694158c7098408/transformed/merge/instrumentation-dependencies.bin because:
[        ]   Build cache is disabled
[        ]   Caching not enabled.
[        ] Caching disabled for MergeInstrumentationAnalysisTransform: /root/.gradle/caches/8.14/transforms/f62290c4265fae9fb0cf357d49462801/transformed/analysis/instrumentation-dependencies.bin because:
[        ]   Build cache is disabled
[        ]   Caching not enabled.
[        ] Caching disabled for ExternalDependencyInstrumentingArtifactTransform: /root/.gradle/caches/modules-2/files-2.1/com.android/zipflinger/8.11.1/3a3b1786c331db72b9610eb1f68f0ec1ec9a1f/zipflinger-8.11.1.jar because:
[        ]   Build cache is disabled
[        ]   Caching not enabled.
[        ] Caching disabled for ExternalDependencyInstrumentingArtifactTransform: /root/.gradle/caches/modules-2/files-2.1/com.android.tools/annotations/31.11.1/a9a04a78f42fdb0276a0fc7fd538890f856a9753/annotations-31.11.1.jar because:
[        ]   Build cache is disabled
[        ]   Caching not enabled.
[        ] Caching disabled for MergeInstrumentationAnalysisTransform: /root/.gradle/caches/modules-2/files-2.1/net.java.dev.jna/jna-platform/5.6.0/d18424ffb8bbfd036d71bcaab9b546858f2ef986/jna-platform-5.6.0.jar because:
[        ]   Build cache is disabled
[        ]   Caching not enabled.
[        ] Caching disabled for MergeInstrumentationAnalysisTransform: /root/.gradle/caches/8.14/transforms/63e0a1f75d91cde9ecfd6e29ce3f4dc8/transformed/analysis/instrumentation-hierarchy.bin because:
[        ]   Build cache is disabled
[        ]   Caching not enabled.
[        ] Caching disabled for ExternalDependencyInstrumentingArtifactTransform: /root/.gradle/caches/8.14/transforms/b4122600828447ac12a7440393bf447e/transformed/merge/instrumentation-dependencies.bin because:
[        ]   Build cache is disabled
[        ]   Caching not enabled.
[        ] Caching disabled for MergeInstrumentationAnalysisTransform: /root/.gradle/caches/8.14/transforms/e0226a994236d7bf90152c665abe60df/transformed/analysis/instrumentation-dependencies.bin because:
[        ]   Build cache is disabled
[        ]   Caching not enabled.
[        ] Caching disabled for ExternalDependencyInstrumentingArtifactTransform: /root/.gradle/caches/modules-2/files-2.1/org.apache.httpcomponents/httpclient/4.5.14/1194890e6f56ec29177673f2f12d0b8e627dec98/httpclient-4.5.14.jar because:
[        ]   Build cache is disabled
[        ]   Caching not enabled.
[        ] Caching disabled for MergeInstrumentationAnalysisTransform: /root/.gradle/caches/8.14/transforms/63e0a1f75d91cde9ecfd6e29ce3f4dc8/transformed/analysis/instrumentation-dependencies.bin because:
[        ]   Build cache is disabled
[        ]   Caching not enabled.
[        ] Caching disabled for MergeInstrumentationAnalysisTransform: /root/.gradle/caches/modules-2/files-2.1/javax.annotation/javax.annotation-api/1.3.2/934c04d3cfef185a8008e7bf34331b79730a9d43/javax.annotation-api-1.3.2.jar because:
[        ]   Build cache is disabled
[        ]   Caching not enabled.
[        ] Caching disabled for MergeInstrumentationAnalysisTransform: /root/.gradle/caches/8.14/transforms/8c12647086c0a3ca5d593c8e6e97b7eb/transformed/analysis/instrumentation-hierarchy.bin because:
[        ]   Build cache is disabled
[        ]   Caching not enabled.
[        ] Caching disabled for ExternalDependencyInstrumentingArtifactTransform: /root/.gradle/caches/8.14/transforms/562ca8c48d1517598fc3816b5bd63698/transformed/merge/instrumentation-dependencies.bin because:
[        ]   Build cache is disabled
[        ]   Caching not enabled.
[        ] Caching disabled for MergeInstrumentationAnalysisTransform: /root/.gradle/caches/8.14/transforms/8c12647086c0a3ca5d593c8e6e97b7eb/transformed/analysis/instrumentation-dependencies.bin because:
[        ]   Build cache is disabled
[        ]   Caching not enabled.
[        ] Caching disabled for MergeInstrumentationAnalysisTransform: /root/.gradle/caches/modules-2/files-2.1/org.jvnet.staxex/stax-ex/1.8.1/78011e483a21102fb4858f3e8f269a677e50aa23/stax-ex-1.8.1.jar because:
[        ]   Build cache is disabled
[        ]   Caching not enabled.
[        ] Caching disabled for ExternalDependencyInstrumentingArtifactTransform: /root/.gradle/caches/modules-2/files-2.1/javax.annotation/javax.annotation-api/1.3.2/934c04d3cfef185a8008e7bf34331b79730a9d43/javax.annotation-api-1.3.2.jar because:
[        ]   Build cache is disabled
[        ]   Caching not enabled.
[        ] Caching disabled for MergeInstrumentationAnalysisTransform: /root/.gradle/caches/8.14/transforms/a9bb419057f2ec78198df5a5329559ea/transformed/analysis/instrumentation-hierarchy.bin because:
[        ]   Build cache is disabled
[        ]   Caching not enabled.
[        ] Caching disabled for MergeInstrumentationAnalysisTransform: /root/.gradle/caches/8.14/transforms/a9bb419057f2ec78198df5a5329559ea/transformed/analysis/instrumentation-dependencies.bin because:
[        ]   Build cache is disabled
[        ]   Caching not enabled.
[        ] Caching disabled for MergeInstrumentationAnalysisTransform: /root/.gradle/caches/modules-2/files-2.1/jakarta.xml.bind/jakarta.xml.bind-api/2.3.2/8d49996a4338670764d7ca4b85a1c4ccf7fe665d/jakarta.xml.bind-api-2.3.2.jar because:
[        ]   Build cache is disabled
[        ]   Caching not enabled.
[        ] Caching disabled for ExternalDependencyInstrumentingArtifactTransform: /root/.gradle/caches/8.14/transforms/7097b7c26153eedb491af87128e3c93b/transformed/merge/instrumentation-dependencies.bin because:
[        ]   Build cache is disabled
[        ]   Caching not enabled.
[        ] Caching disabled for ExternalDependencyInstrumentingArtifactTransform: /root/.gradle/caches/8.14/transforms/2a43a29d392aa47b3008a103e2d257b7/transformed/merge/instrumentation-dependencies.bin because:
[        ]   Build cache is disabled
[        ]   Caching not enabled.
[        ] Caching disabled for MergeInstrumentationAnalysisTransform: /root/.gradle/caches/8.14/transforms/9a9891476629ac44014c62adfce6452d/transformed/analysis/instrumentation-hierarchy.bin because:
[        ]   Build cache is disabled
[        ]   Caching not enabled.
[        ] Caching disabled for ExternalDependencyInstrumentingArtifactTransform: /root/.gradle/caches/modules-2/files-2.1/com.android.tools.analytics-library/protos/31.11.1/6c1fe59ed1ddd9d793d5cf57e43acf74ad40cc14/protos-31.11.1.jar because:
[        ]   Build cache is disabled
[        ]   Caching not enabled.
[        ] Caching disabled for MergeInstrumentationAnalysisTransform: /root/.gradle/caches/modules-2/files-2.1/com.googlecode.juniversalchardet/juniversalchardet/1.0.3/cd49678784c46aa8789c060538e0154013bb421b/juniversalchardet-1.0.3.jar because:
[        ]   Build cache is disabled
[        ]   Caching not enabled.
[        ] Caching disabled for MergeInstrumentationAnalysisTransform: /root/.gradle/caches/8.14/transforms/0e4888efffc5b1de0f2cc5286369299e/transformed/analysis/instrumentation-hierarchy.bin because:
[        ]   Build cache is disabled
[        ]   Caching not enabled.
[        ] Caching disabled for MergeInstrumentationAnalysisTransform: /root/.gradle/caches/8.14/transforms/9a9891476629ac44014c62adfce6452d/transformed/analysis/instrumentation-dependencies.bin because:
[        ]   Build cache is disabled
[        ]   Caching not enabled.
[  +87 ms] Caching disabled for ExternalDependencyInstrumentingArtifactTransform: /root/.gradle/caches/8.14/transforms/de6c752e822f2fd9106fc17dec5c3c85/transformed/merge/instrumentation-dependencies.bin because:
[        ]   Build cache is disabled
[   +1 ms]   Caching not enabled.
[        ] Caching disabled for MergeInstrumentationAnalysisTransform: /root/.gradle/caches/8.14/transforms/0e4888efffc5b1de0f2cc5286369299e/transformed/analysis/instrumentation-dependencies.bin because:
[        ]   Build cache is disabled
[        ]   Caching not enabled.
[        ] Caching disabled for MergeInstrumentationAnalysisTransform: /root/.gradle/caches/modules-2/files-2.1/org.glassfish.jaxb/txw2/2.3.2/ce5be7da2e442c25ec14c766cb60cb802741727b/txw2-2.3.2.jar because:
[        ]   Build cache is disabled
[        ]   Caching not enabled.
[        ] Caching disabled for ExternalDependencyInstrumentingArtifactTransform: /root/.gradle/caches/modules-2/files-2.1/org.jvnet.staxex/stax-ex/1.8.1/78011e483a21102fb4858f3e8f269a677e50aa23/stax-ex-1.8.1.jar because:
[        ]   Build cache is disabled
[        ]   Caching not enabled.
[        ] Caching disabled for ExternalDependencyInstrumentingArtifactTransform: /root/.gradle/caches/8.14/transforms/24114b93aba9516ed128c098f23abd28/transformed/merge/instrumentation-dependencies.bin because:
[        ]   Build cache is disabled
[        ]   Caching not enabled.
[        ] Caching disabled for MergeInstrumentationAnalysisTransform: /root/.gradle/caches/modules-2/files-2.1/com.sun.istack/istack-commons-runtime/3.0.8/d6a97364045aa6b99bf2d3c566a3f98599c2d296/istack-commons-runtime-3.0.8.jar because:
[        ]   Build cache is disabled
[        ]   Caching not enabled.
[        ] Caching disabled for MergeInstrumentationAnalysisTransform: /root/.gradle/caches/8.14/transforms/fefff9ef1ad0af2b4d20e97600842cb4/transformed/analysis/instrumentation-hierarchy.bin because:
[        ]   Build cache is disabled
[        ]   Caching not enabled.
[        ] Caching disabled for ExternalDependencyInstrumentingArtifactTransform: /root/.gradle/caches/modules-2/files-2.1/jakarta.xml.bind/jakarta.xml.bind-api/2.3.2/8d49996a4338670764d7ca4b85a1c4ccf7fe665d/jakarta.xml.bind-api-2.3.2.jar because:
[        ]   Build cache is disabled
[        ]   Caching not enabled.
[        ] Caching disabled for ExternalDependencyInstrumentingArtifactTransform: /root/.gradle/caches/8.14/transforms/76066240aecc8581972dd294cde93bba/transformed/merge/instrumentation-dependencies.bin because:
[        ]   Build cache is disabled
[        ]   Caching not enabled.
[        ] Caching disabled for MergeInstrumentationAnalysisTransform: /root/.gradle/caches/8.14/transforms/fefff9ef1ad0af2b4d20e97600842cb4/transformed/analysis/instrumentation-dependencies.bin because:
[        ]   Build cache is disabled
[        ]   Caching not enabled.
[        ] Caching disabled for MergeInstrumentationAnalysisTransform: /root/.gradle/caches/8.14/transforms/c491d8608f57b6bb06428abd12a909c3/transformed/analysis/instrumentation-hierarchy.bin because:
[        ]   Build cache is disabled
[        ]   Caching not enabled.
[        ] Caching disabled for MergeInstrumentationAnalysisTransform: /root/.gradle/caches/modules-2/files-2.1/com.sun.xml.fastinfoset/FastInfoset/1.2.16/4eb6a0adad553bf759ffe86927df6f3b848c8bea/FastInfoset-1.2.16.jar because:
[        ]   Build cache is disabled
[        ]   Caching not enabled.
[        ] Caching disabled for ExternalDependencyInstrumentingArtifactTransform: /root/.gradle/caches/modules-2/files-2.1/org.glassfish.jaxb/txw2/2.3.2/ce5be7da2e442c25ec14c766cb60cb802741727b/txw2-2.3.2.jar because:
[        ]   Build cache is disabled
[        ]   Caching not enabled.
[        ] Caching disabled for ExternalDependencyInstrumentingArtifactTransform: /root/.gradle/caches/modules-2/files-2.1/com.sun.istack/istack-commons-runtime/3.0.8/d6a97364045aa6b99bf2d3c566a3f98599c2d296/istack-commons-runtime-3.0.8.jar because:
[        ]   Build cache is disabled
[        ]   Caching not enabled.
[        ] Caching disabled for MergeInstrumentationAnalysisTransform: /root/.gradle/caches/8.14/transforms/c491d8608f57b6bb06428abd12a909c3/transformed/analysis/instrumentation-dependencies.bin because:
[        ]   Build cache is disabled
[        ]   Caching not enabled.
[        ] Caching disabled for ExternalDependencyInstrumentingArtifactTransform: /root/.gradle/caches/modules-2/files-2.1/com.googlecode.juniversalchardet/juniversalchardet/1.0.3/cd49678784c46aa8789c060538e0154013bb421b/juniversalchardet-1.0.3.jar because:
[        ]   Build cache is disabled
[        ]   Caching not enabled.
[        ] Caching disabled for ExternalDependencyInstrumentingArtifactTransform: /root/.gradle/caches/8.14/transforms/4012e143e48986aa910f93e4df8669a8/transformed/merge/instrumentation-dependencies.bin because:
[        ]   Build cache is disabled
[        ]   Caching not enabled.
[        ] Caching disabled for MergeInstrumentationAnalysisTransform: /root/.gradle/caches/8.14/transforms/9f7bf5a533b6fa8b7c91c970eaa2b8a2/transformed/analysis/instrumentation-dependencies.bin because:
[        ]   Build cache is disabled
[        ]   Caching not enabled.
[        ] Caching disabled for MergeInstrumentationAnalysisTransform: /root/.gradle/caches/8.14/transforms/cf0bc295990994c9b29b9073cba028df/transformed/analysis/instrumentation-dependencies.bin because:
[        ]   Build cache is disabled
[        ]   Caching not enabled.
[        ] Caching disabled for MergeInstrumentationAnalysisTransform: /root/.gradle/caches/8.14/transforms/b964b2a10de25da1ef0fd6f921058bc2/transformed/analysis/instrumentation-hierarchy.bin because:
[        ]   Build cache is disabled
[        ]   Caching not enabled.
[        ] Caching disabled for MergeInstrumentationAnalysisTransform: /root/.gradle/caches/modules-2/files-2.1/jakarta.activation/jakarta.activation-api/1.2.1/562a587face36ec7eff2db7f2fc95425c6602bc1/jakarta.activation-api-1.2.1.jar because:
[        ]   Build cache is disabled
[        ]   Caching not enabled.
[        ] Caching disabled for MergeInstrumentationAnalysisTransform: /root/.gradle/caches/modules-2/files-2.1/com.google.auto.value/auto-value-annotations/1.6.2/ed193d86e0af90cc2342aedbe73c5d86b03fa09b/auto-value-annotations-1.6.2.jar because:
[        ]   Build cache is disabled
[        ]   Caching not enabled.
[        ] Caching disabled for MergeInstrumentationAnalysisTransform: /root/.gradle/caches/8.14/transforms/b964b2a10de25da1ef0fd6f921058bc2/transformed/analysis/instrumentation-dependencies.bin because:
[        ]   Build cache is disabled
[        ]   Caching not enabled.
[        ] Caching disabled for MergeInstrumentationAnalysisTransform: /root/.gradle/caches/modules-2/files-2.1/com.google.errorprone/error_prone_annotations/2.30.0/ff171acb7fb9cbe2b9f50b391e1d52459d30ee62/error_prone_annotations-2.30.0.jar because:
[        ]   Build cache is disabled
[        ]   Caching not enabled.
[        ] Caching disabled for ExternalDependencyInstrumentingArtifactTransform: /root/.gradle/caches/8.14/transforms/1820c9ac1b90ebf2f228412c336b4158/transformed/merge/instrumentation-dependencies.bin because:
[        ]   Build cache is disabled
[        ]   Caching not enabled.
[        ] Caching disabled for ExternalDependencyInstrumentingArtifactTransform: /root/.gradle/caches/8.14/transforms/85d05487c91e63a94b460c82d237c5f6/transformed/merge/instrumentation-dependencies.bin because:
[        ]   Build cache is disabled
[        ]   Caching not enabled.
[        ] Caching disabled for ExternalDependencyInstrumentingArtifactTransform: /root/.gradle/caches/8.14/transforms/2d593c686718781cc1c8d95c9c900996/transformed/merge/instrumentation-dependencies.bin because:
[        ]   Build cache is disabled
[        ]   Caching not enabled.
[        ] Caching disabled for MergeInstrumentationAnalysisTransform: /root/.gradle/caches/modules-2/files-2.1/org.bitbucket.b_c/jose4j/0.9.5/e4ca26802488e6f16e24558d74ac8775a955fdd3/jose4j-0.9.5.jar because:
[        ]   Build cache is disabled
[        ]   Caching not enabled.
[        ] Caching disabled for ExternalDependencyInstrumentingArtifactTransform: /root/.gradle/caches/modules-2/files-2.1/com.google.auto.value/auto-value-annotations/1.6.2/ed193d86e0af90cc2342aedbe73c5d86b03fa09b/auto-value-annotations-1.6.2.jar because:
[        ]   Build cache is disabled
[        ]   Caching not enabled.
[        ] Caching disabled for ExternalDependencyInstrumentingArtifactTransform: /root/.gradle/caches/8.14/transforms/425cdd8fa03911c04bc56200f31ad4b9/transformed/merge/instrumentation-dependencies.bin because:
[        ]   Build cache is disabled
[        ]   Caching not enabled.
[        ] Caching disabled for ExternalDependencyInstrumentingArtifactTransform: /root/.gradle/caches/modules-2/files-2.1/com.google.errorprone/error_prone_annotations/2.30.0/ff171acb7fb9cbe2b9f50b391e1d52459d30ee62/error_prone_annotations-2.30.0.jar because:
[        ]   Build cache is disabled
[        ]   Caching not enabled.
[        ] Caching disabled for MergeInstrumentationAnalysisTransform: /root/.gradle/caches/8.14/transforms/6f8bdd5d75a2382fcea921634ccf18cb/transformed/analysis/instrumentation-hierarchy.bin because:
[        ]   Build cache is disabled
[        ]   Caching not enabled.
[        ] Caching disabled for ExternalDependencyInstrumentingArtifactTransform: /root/.gradle/caches/modules-2/files-2.1/jakarta.activation/jakarta.activation-api/1.2.1/562a587face36ec7eff2db7f2fc95425c6602bc1/jakarta.activation-api-1.2.1.jar because:
[        ]   Build cache is disabled
[        ]   Caching not enabled.
[        ] Caching disabled for MergeInstrumentationAnalysisTransform: /root/.gradle/caches/8.14/transforms/58004fb02668d400301539bc7fd0023b/transformed/analysis/instrumentation-hierarchy.bin because:
[        ]   Build cache is disabled
[        ]   Caching not enabled.
[        ] Caching disabled for MergeInstrumentationAnalysisTransform: /root/.gradle/caches/8.14/transforms/6f8bdd5d75a2382fcea921634ccf18cb/transformed/analysis/instrumentation-dependencies.bin because:
[        ]   Build cache is disabled
[        ]   Caching not enabled.
[        ] Caching disabled for MergeInstrumentationAnalysisTransform: /root/.gradle/caches/8.14/transforms/d8695b060e50975c4594c2fcb6098560/transformed/analysis/instrumentation-hierarchy.bin because:
[        ]   Build cache is disabled
[        ]   Caching not enabled.
[        ] Caching disabled for MergeInstrumentationAnalysisTransform: /root/.gradle/caches/8.14/transforms/58004fb02668d400301539bc7fd0023b/transformed/analysis/instrumentation-dependencies.bin because:
[        ]   Build cache is disabled
[        ]   Caching not enabled.
[        ] Caching disabled for MergeInstrumentationAnalysisTransform: /root/.gradle/caches/8.14/transforms/d8695b060e50975c4594c2fcb6098560/transformed/analysis/instrumentation-dependencies.bin because:
[        ]   Build cache is disabled
[        ]   Caching not enabled.
[        ] Caching disabled for MergeInstrumentationAnalysisTransform: /root/.gradle/caches/modules-2/files-2.1/org.slf4j/slf4j-api/1.7.30/b5a4b6d16ab13e34a88fae84c35cd5d68cac922c/slf4j-api-1.7.30.jar because:
[        ]   Build cache is disabled
[        ]   Caching not enabled.
[        ] Caching disabled for ExternalDependencyInstrumentingArtifactTransform: /root/.gradle/caches/modules-2/files-2.1/com.sun.xml.fastinfoset/FastInfoset/1.2.16/4eb6a0adad553bf759ffe86927df6f3b848c8bea/FastInfoset-1.2.16.jar because:
[        ]   Build cache is disabled
[        ]   Caching not enabled.
[        ] Caching disabled for ExternalDependencyInstrumentingArtifactTransform: /root/.gradle/caches/8.14/transforms/d7a85917d1fe6facb8396f0c228cf19a/transformed/merge/instrumentation-dependencies.bin because:
[        ]   Build cache is disabled
[        ]   Caching not enabled.
[        ] Caching disabled for MergeInstrumentationAnalysisTransform: /root/.gradle/caches/8.14/transforms/4cd17ccd69a423c77b4cc921baa79a8e/transformed/analysis/instrumentation-dependencies.bin because:
[        ]   Build cache is disabled
[        ]   Caching not enabled.
[        ] Caching disabled for MergeInstrumentationAnalysisTransform: /root/.gradle/caches/modules-2/files-2.1/com.google.code.findbugs/jsr305/3.0.2/25ea2e8b0c338a877313bd4672d3fe056ea78f0d/jsr305-3.0.2.jar because:
[        ]   Build cache is disabled
[        ]   Caching not enabled.
[        ] Caching disabled for MergeInstrumentationAnalysisTransform: /root/.gradle/caches/modules-2/files-2.1/org.jdom/jdom2/2.0.6/6f14738ec2e9dd0011e343717fa624a10f8aab64/jdom2-2.0.6.jar because:
[        ]   Build cache is disabled
[        ]   Caching not enabled.
[        ] Caching disabled for ExternalDependencyInstrumentingArtifactTransform: /root/.gradle/caches/8.14/transforms/4787d984183e3bd9db5445fe547fbfd6/transformed/merge/instrumentation-dependencies.bin because:
[        ]   Build cache is disabled
[        ]   Caching not enabled.
[        ] Caching disabled for MergeInstrumentationAnalysisTransform: /root/.gradle/caches/modules-2/files-2.1/com.google.j2objc/j2objc-annotations/3.0.0/7399e65dd7e9ff3404f4535b2f017093bdb134c7/j2objc-annotations-3.0.0.jar because:
[        ]   Build cache is disabled
[        ]   Caching not enabled.
[        ] Caching disabled for ExternalDependencyInstrumentingArtifactTransform: /root/.gradle/caches/8.14/transforms/c3894a08187207ccae0ca5e0c7169b6e/transformed/merge/instrumentation-dependencies.bin because:
[        ]   Build cache is disabled
[        ]   Caching not enabled.
[        ] Caching disabled for ExternalDependencyInstrumentingArtifactTransform: /root/.gradle/caches/modules-2/files-2.1/org.slf4j/slf4j-api/1.7.30/b5a4b6d16ab13e34a88fae84c35cd5d68cac922c/slf4j-api-1.7.30.jar because:
[        ]   Build cache is disabled
[        ]   Caching not enabled.
[        ] Caching disabled for ExternalDependencyInstrumentingArtifactTransform: /root/.gradle/caches/modules-2/files-2.1/com.google.code.findbugs/jsr305/3.0.2/25ea2e8b0c338a877313bd4672d3fe056ea78f0d/jsr305-3.0.2.jar because:
[        ]   Build cache is disabled
[        ]   Caching not enabled.
[        ] Caching disabled for MergeInstrumentationAnalysisTransform: /root/.gradle/caches/8.14/transforms/3871849f067229dac404822e0cc10652/transformed/analysis/instrumentation-dependencies.bin because:
[        ]   Build cache is disabled
[        ]   Caching not enabled.
[        ] Caching disabled for MergeInstrumentationAnalysisTransform: /root/.gradle/caches/8.14/transforms/085ab5d22c0c73b805b5ceab6a9ea7ff/transformed/analysis/instrumentation-dependencies.bin because:
[        ]   Build cache is disabled
[        ]   Caching not enabled.
[        ] Caching disabled for ExternalDependencyInstrumentingArtifactTransform: /root/.gradle/caches/modules-2/files-2.1/com.google.j2objc/j2objc-annotations/3.0.0/7399e65dd7e9ff3404f4535b2f017093bdb134c7/j2objc-annotations-3.0.0.jar because:
[        ]   Build cache is disabled
[        ]   Caching not enabled.
[        ] Caching disabled for MergeInstrumentationAnalysisTransform: /root/.gradle/caches/modules-2/files-2.1/org.codehaus.mojo/animal-sniffer-annotations/1.24/aa9ba58d30e0aad7f1808fce9c541ea3760678d8/animal-sniffer-annotations-1.24.jar because:
[        ]   Build cache is disabled
[        ]   Caching not enabled.
[        ] Caching disabled for ExternalDependencyInstrumentingArtifactTransform: /root/.gradle/caches/modules-2/files-2.1/org.bitbucket.b_c/jose4j/0.9.5/e4ca26802488e6f16e24558d74ac8775a955fdd3/jose4j-0.9.5.jar because:
[        ]   Build cache is disabled
[        ]   Caching not enabled.
[        ] Caching disabled for MergeInstrumentationAnalysisTransform: /root/.gradle/caches/modules-2/files-2.1/com.google.android/annotations/4.1.1.4/a1678ba907bf92691d879fef34e1a187038f9259/annotations-4.1.1.4.jar because:
[        ]   Build cache is disabled
[        ]   Caching not enabled.
[        ] Caching disabled for MergeInstrumentationAnalysisTransform: /root/.gradle/caches/8.14/transforms/83c733493e2ffb6ca81f2223bd181a35/transformed/analysis/instrumentation-hierarchy.bin because:
[        ]   Build cache is disabled
[        ]   Caching not enabled.
[        ] Caching disabled for ExternalDependencyInstrumentingArtifactTransform: /root/.gradle/caches/8.14/transforms/6628d5fdd83e4f8a7e4ba7e3200b784b/transformed/merge/instrumentation-dependencies.bin because:
[        ]   Build cache is disabled
[        ]   Caching not enabled.
[        ] Caching disabled for ExternalDependencyInstrumentingArtifactTransform: /root/.gradle/caches/8.14/transforms/f7513b61f9c2b71a2d2898bca60047bd/transformed/merge/instrumentation-dependencies.bin because:
[        ]   Build cache is disabled
[        ]   Caching not enabled.
[        ] Caching disabled for MergeInstrumentationAnalysisTransform: /root/.gradle/caches/8.14/transforms/ccd4d5146633deeb32e056fb256bbedb/transformed/analysis/instrumentation-hierarchy.bin because:
[        ]   Build cache is disabled
[        ]   Caching not enabled.
[        ] Caching disabled for MergeInstrumentationAnalysisTransform: /root/.gradle/caches/8.14/transforms/83c733493e2ffb6ca81f2223bd181a35/transformed/analysis/instrumentation-dependencies.bin because:
[        ]   Build cache is disabled
[        ]   Caching not enabled.
[        ] Caching disabled for MergeInstrumentationAnalysisTransform: /root/.gradle/caches/8.14/transforms/ccd4d5146633deeb32e056fb256bbedb/transformed/analysis/instrumentation-dependencies.bin because:
[        ]   Build cache is disabled
[        ]   Caching not enabled.
[        ] Caching disabled for ExternalDependencyInstrumentingArtifactTransform: /root/.gradle/caches/modules-2/files-2.1/com.google.android/annotations/4.1.1.4/a1678ba907bf92691d879fef34e1a187038f9259/annotations-4.1.1.4.jar because:
[        ]   Build cache is disabled
[        ]   Caching not enabled.
[  +85 ms] Caching disabled for ExternalDependencyInstrumentingArtifactTransform: /root/.gradle/caches/modules-2/files-2.1/org.codehaus.mojo/animal-sniffer-annotations/1.24/aa9ba58d30e0aad7f1808fce9c541ea3760678d8/animal-sniffer-annotations-1.24.jar because:
[        ]   Build cache is disabled
[        ]   Caching not enabled.
[        ] Caching disabled for MergeInstrumentationAnalysisTransform: /root/.gradle/caches/modules-2/files-2.1/io.netty/netty-codec-http2/4.1.110.Final/e0849843eb5b1c036b12551baca98a9f7ff847a0/netty-codec-http2-4.1.110.Final.jar because:
[        ]   Build cache is disabled
[        ]   Caching not enabled.
[        ] Caching disabled for ExternalDependencyInstrumentingArtifactTransform: /root/.gradle/caches/modules-2/files-2.1/net.java.dev.jna/jna-platform/5.6.0/d18424ffb8bbfd036d71bcaab9b546858f2ef986/jna-platform-5.6.0.jar because:
[        ]   Build cache is disabled
[        ]   Caching not enabled.
[        ] Caching disabled for MergeInstrumentationAnalysisTransform: /root/.gradle/caches/8.14/transforms/617ef37ad16b012eb8c48e988c6f42af/transformed/analysis/instrumentation-hierarchy.bin because:
[        ]   Build cache is disabled
[        ]   Caching not enabled.
[        ] Caching disabled for MergeInstrumentationAnalysisTransform: /root/.gradle/caches/8.14/transforms/617ef37ad16b012eb8c48e988c6f42af/transformed/analysis/instrumentation-dependencies.bin because:
[        ]   Build cache is disabled
[        ]   Caching not enabled.
[        ] Caching disabled for MergeInstrumentationAnalysisTransform: /root/.gradle/caches/8.14/transforms/f51ccf8076d57690ada9d88dd133c67d/transformed/analysis/instrumentation-hierarchy.bin because:
[        ]   Build cache is disabled
[        ]   Caching not enabled.
[        ] Caching disabled for ExternalDependencyInstrumentingArtifactTransform: /root/.gradle/caches/8.14/transforms/3bf6f8d8a3ae76e54172792c6b5a8168/transformed/merge/instrumentation-dependencies.bin because:
[        ]   Build cache is disabled
[        ]   Caching not enabled.
[        ] Caching disabled for MergeInstrumentationAnalysisTransform: /root/.gradle/caches/8.14/transforms/0539fa9ce4a552e6547543e3cb637c3a/transformed/analysis/instrumentation-hierarchy.bin because:
[        ]   Build cache is disabled
[        ]   Caching not enabled.
[        ] Caching disabled for MergeInstrumentationAnalysisTransform: /root/.gradle/caches/8.14/transforms/0539fa9ce4a552e6547543e3cb637c3a/transformed/analysis/instrumentation-dependencies.bin because:
[        ]   Build cache is disabled
[        ]   Caching not enabled.
[        ] Caching disabled for MergeInstrumentationAnalysisTransform: /root/.gradle/caches/8.14/transforms/f51ccf8076d57690ada9d88dd133c67d/transformed/analysis/instrumentation-dependencies.bin because:
[        ]   Build cache is disabled
[        ]   Caching not enabled.
[        ] Caching disabled for MergeInstrumentationAnalysisTransform: /root/.gradle/caches/modules-2/files-2.1/io.netty/netty-handler/4.1.110.Final/168db749c22652ee7fed1ebf7ec46ce856d75e51/netty-handler-4.1.110.Final.jar because:
[        ]   Build cache is disabled
[        ]   Caching not enabled.
[        ] Caching disabled for MergeInstrumentationAnalysisTransform: /root/.gradle/caches/modules-2/files-2.1/io.netty/netty-codec-http/4.1.110.Final/9d05cd927209ea25bbf342962c00b8e5a828c2a4/netty-codec-http-4.1.110.Final.jar because:
[        ]   Build cache is disabled
[        ]   Caching not enabled.
[        ] Caching disabled for ExternalDependencyInstrumentingArtifactTransform: /root/.gradle/caches/8.14/transforms/5ff6e7868750eb616de6f851f2a80ace/transformed/merge/instrumentation-dependencies.bin because:
[        ]   Build cache is disabled
[        ]   Caching not enabled.
[        ] Caching disabled for ExternalDependencyInstrumentingArtifactTransform: /root/.gradle/caches/8.14/transforms/4ee592a1d1bf4630cffa639e1353a851/transformed/merge/instrumentation-dependencies.bin because:
[        ]   Build cache is disabled
[        ]   Caching not enabled.
[        ] Caching disabled for ExternalDependencyInstrumentingArtifactTransform: /root/.gradle/caches/8.14/transforms/1400a7753a3c84dcd7c07c8489f37938/transformed/merge/instrumentation-dependencies.bin because:
[        ]   Build cache is disabled
[        ]   Caching not enabled.
[        ] Caching disabled for ExternalDependencyInstrumentingArtifactTransform: /root/.gradle/caches/modules-2/files-2.1/com.android.tools.build/bundletool/1.18.1/76bb1aa21a19495ca070bfb6abd194daf91dccd1/bundletool-1.18.1.jar because:
[        ]   Build cache is disabled
[        ]   Caching not enabled.
[        ] Caching disabled for MergeInstrumentationAnalysisTransform: /root/.gradle/caches/8.14/transforms/9b0e98629bc06f5b01cc526ebfdfc3c3/transformed/analysis/instrumentation-dependencies.bin because:
[        ]   Build cache is disabled
[        ]   Caching not enabled.
[        ] Caching disabled for MergeInstrumentationAnalysisTransform: /root/.gradle/caches/modules-2/files-2.1/io.perfmark/perfmark-api/0.27.0/f86f575a41b091786a4b027cd9c0c1d2e3fc1c01/perfmark-api-0.27.0.jar because:
[        ]   Build cache is disabled
[        ]   Caching not enabled.
[        ] Caching disabled for MergeInstrumentationAnalysisTransform: /root/.gradle/caches/modules-2/files-2.1/io.netty/netty-handler-proxy/4.1.110.Final/b7fb401dd47c79e6b99f2319ac3b561c50c31c30/netty-handler-proxy-4.1.110.Final.jar because:
[        ]   Build cache is disabled
[        ]   Caching not enabled.
[        ] Caching disabled for ExternalDependencyInstrumentingArtifactTransform: /root/.gradle/caches/8.14/transforms/d92c88c563068b79a69f0f8bc27a5553/transformed/merge/instrumentation-dependencies.bin because:
[        ]   Build cache is disabled
[        ]   Caching not enabled.
[        ] Caching disabled for MergeInstrumentationAnalysisTransform: /root/.gradle/caches/8.14/transforms/78583f17d4edeeba34d50f9204b52fbe/transformed/analysis/instrumentation-hierarchy.bin because:
[        ]   Build cache is disabled
[        ]   Caching not enabled.
[        ] Caching disabled for ExternalDependencyInstrumentingArtifactTransform: /root/.gradle/caches/8.14/transforms/eb84f2a1bd35d7969f16455a4e5a6be9/transformed/merge/instrumentation-dependencies.bin because:
[        ]   Build cache is disabled
[        ]   Caching not enabled.
[        ] Caching disabled for MergeInstrumentationAnalysisTransform: /root/.gradle/caches/8.14/transforms/78583f17d4edeeba34d50f9204b52fbe/transformed/analysis/instrumentation-dependencies.bin because:
[        ]   Build cache is disabled
[        ]   Caching not enabled.
[        ] Caching disabled for ExternalDependencyInstrumentingArtifactTransform: /root/.gradle/caches/modules-2/files-2.1/io.perfmark/perfmark-api/0.27.0/f86f575a41b091786a4b027cd9c0c1d2e3fc1c01/perfmark-api-0.27.0.jar because:
[        ]   Build cache is disabled
[        ]   Caching not enabled.
[        ] Caching disabled for MergeInstrumentationAnalysisTransform: /root/.gradle/caches/modules-2/files-2.1/net.sf.kxml/kxml2/2.3.0/ccbc77a5fd907ef863c29f3596c6f54ffa4e9442/kxml2-2.3.0.jar because:
[        ]   Build cache is disabled
[        ]   Caching not enabled.
[        ] Caching disabled for MergeInstrumentationAnalysisTransform: /root/.gradle/caches/modules-2/files-2.1/io.netty/netty-transport-native-unix-common/4.1.110.Final/a7096e7c0a25a983647909d7513f5d4943d589c0/netty-transport-native-unix-common-4.1.110.Final.jar because:
[        ]   Build cache is disabled
[        ]   Caching not enabled.
[        ] Caching disabled for ExternalDependencyInstrumentingArtifactTransform: /root/.gradle/caches/modules-2/files-2.1/io.netty/netty-handler-proxy/4.1.110.Final/b7fb401dd47c79e6b99f2319ac3b561c50c31c30/netty-handler-proxy-4.1.110.Final.jar because:
[        ]   Build cache is disabled
[        ]   Caching not enabled.
[        ] Caching disabled for ExternalDependencyInstrumentingArtifactTransform: /root/.gradle/caches/8.14/transforms/57c5096690ba4711dc0e027fdab9d048/transformed/merge/instrumentation-dependencies.bin because:
[        ]   Build cache is disabled
[        ]   Caching not enabled.
[        ] Caching disabled for MergeInstrumentationAnalysisTransform: /root/.gradle/caches/8.14/transforms/6133e5f6d0c97db3ac5bdf0126bb4bfe/transformed/analysis/instrumentation-dependencies.bin because:
[        ]   Build cache is disabled
[        ]   Caching not enabled.
[        ] Caching disabled for ExternalDependencyInstrumentingArtifactTransform: /root/.gradle/caches/8.14/transforms/1a040ec749f6a654d227db823c81a5bc/transformed/merge/instrumentation-dependencies.bin because:
[        ]   Build cache is disabled
[        ]   Caching not enabled.
[        ] Caching disabled for ExternalDependencyInstrumentingArtifactTransform: /root/.gradle/caches/modules-2/files-2.1/io.netty/netty-codec-http2/4.1.110.Final/e0849843eb5b1c036b12551baca98a9f7ff847a0/netty-codec-http2-4.1.110.Final.jar because:
[        ]   Build cache is disabled
[        ]   Caching not enabled.
[        ] Caching disabled for MergeInstrumentationAnalysisTransform: /root/.gradle/caches/8.14/transforms/5823a3e56b0d1281b618f8c4187c5d71/transformed/analysis/instrumentation-hierarchy.bin because:
[        ]   Build cache is disabled
[        ]   Caching not enabled.
[        ] Caching disabled for MergeInstrumentationAnalysisTransform: /root/.gradle/caches/8.14/transforms/5823a3e56b0d1281b618f8c4187c5d71/transformed/analysis/instrumentation-dependencies.bin because:
[        ]   Build cache is disabled
[        ]   Caching not enabled.
[        ] Caching disabled for MergeInstrumentationAnalysisTransform: /root/.gradle/caches/8.14/transforms/2d6ad7057afe351af184d49f5efa7fa0/transformed/analysis/instrumentation-hierarchy.bin because:
[        ]   Build cache is disabled
[        ]   Caching not enabled.
[        ] Caching disabled for ExternalDependencyInstrumentingArtifactTransform: /root/.gradle/caches/modules-2/files-2.1/io.netty/netty-transport-native-unix-common/4.1.110.Final/a7096e7c0a25a983647909d7513f5d4943d589c0/netty-transport-native-unix-common-4.1.110.Final.jar because:
[        ]   Build cache is disabled
[        ]   Caching not enabled.
[        ] Caching disabled for MergeInstrumentationAnalysisTransform: /root/.gradle/caches/8.14/transforms/2d6ad7057afe351af184d49f5efa7fa0/transformed/analysis/instrumentation-dependencies.bin because:
[        ]   Build cache is disabled
[        ]   Caching not enabled.
[        ] Caching disabled for ExternalDependencyInstrumentingArtifactTransform: /root/.gradle/caches/modules-2/files-2.1/org.jdom/jdom2/2.0.6/6f14738ec2e9dd0011e343717fa624a10f8aab64/jdom2-2.0.6.jar because:
[        ]   Build cache is disabled
[        ]   Caching not enabled.
[        ] Caching disabled for ExternalDependencyInstrumentingArtifactTransform: /root/.gradle/caches/modules-2/files-2.1/net.sf.kxml/kxml2/2.3.0/ccbc77a5fd907ef863c29f3596c6f54ffa4e9442/kxml2-2.3.0.jar because:
[        ]   Build cache is disabled
[        ]   Caching not enabled.
[        ] Caching disabled for MergeInstrumentationAnalysisTransform: /root/.gradle/caches/modules-2/files-2.1/com.android.tools.build/apksig/8.11.1/f005788487574c7d6ba23dea63bf8cb3a4f164a6/apksig-8.11.1.jar because:
[        ]   Build cache is disabled
[        ]   Caching not enabled.
[        ] Caching disabled for MergeInstrumentationAnalysisTransform: /root/.gradle/caches/modules-2/files-2.1/org.checkerframework/checker-qual/3.43.0/9425eee39e56b116d2b998b7c2cebcbd11a3c98b/checker-qual-3.43.0.jar because:
[        ]   Build cache is disabled
[        ]   Caching not enabled.
[        ] Caching disabled for MergeInstrumentationAnalysisTransform: /root/.gradle/caches/modules-2/files-2.1/com.squareup/javawriter/2.5.0/81241ff7078ef14f42ea2a8995fa09c096256e6b/javawriter-2.5.0.jar because:
[        ]   Build cache is disabled
[        ]   Caching not enabled.
[        ] Caching disabled for MergeInstrumentationAnalysisTransform: /root/.gradle/caches/8.14/transforms/9a9c0feccb1bcc97fcabb45bf188537f/transformed/analysis/instrumentation-hierarchy.bin because:
[        ]   Build cache is disabled
[        ]   Caching not enabled.
[        ] Caching disabled for MergeInstrumentationAnalysisTransform: /root/.gradle/caches/8.14/transforms/aefc368a93e52b1bac93920cb90c8b48/transformed/analysis/instrumentation-dependencies.bin because:
[        ]   Build cache is disabled
[        ]   Caching not enabled.
[        ] Caching disabled for ExternalDependencyInstrumentingArtifactTransform: /root/.gradle/caches/8.14/transforms/2d35a80e8836a6749540add402e36384/transformed/merge/instrumentation-dependencies.bin because:
[        ]   Build cache is disabled
[        ]   Caching not enabled.
[        ] Caching disabled for MergeInstrumentationAnalysisTransform: /root/.gradle/caches/8.14/transforms/9af7bbfb241ddadd833cac2fd6839dcf/transformed/analysis/instrumentation-hierarchy.bin because:
[   +2 ms]   Build cache is disabled
[        ]   Caching not enabled.
[        ] Caching disabled for ExternalDependencyInstrumentingArtifactTransform: /root/.gradle/caches/8.14/transforms/381fe201279c849bc9650e38f8e5e064/transformed/merge/instrumentation-dependencies.bin because:
[        ]   Build cache is disabled
[        ]   Caching not enabled.
[        ] Caching disabled for ExternalDependencyInstrumentingArtifactTransform: /root/.gradle/caches/modules-2/files-2.1/io.netty/netty-handler/4.1.110.Final/168db749c22652ee7fed1ebf7ec46ce856d75e51/netty-handler-4.1.110.Final.jar because:
[        ]   Build cache is disabled
[        ]   Caching not enabled.
[        ] Caching disabled for MergeInstrumentationAnalysisTransform: /root/.gradle/caches/8.14/transforms/9a9c0feccb1bcc97fcabb45bf188537f/transformed/analysis/instrumentation-dependencies.bin because:
[        ]   Build cache is disabled
[        ]   Caching not enabled.
[        ] Caching disabled for ExternalDependencyInstrumentingArtifactTransform: /root/.gradle/caches/8.14/transforms/c8361dd567e8126887f523d4445afa9c/transformed/merge/instrumentation-dependencies.bin because:
[        ]   Build cache is disabled
[        ]   Caching not enabled.
[        ] Caching disabled for MergeInstrumentationAnalysisTransform: /root/.gradle/caches/modules-2/files-2.1/org.jetbrains.kotlin/kotlin-gradle-plugin-annotations/2.2.20/cb3940a092ab27344aa290973ebb6c14fb344ac9/kotlin-gradle-plugin-annotations-2.2.20.jar because:
[        ]   Build cache is disabled
[        ]   Caching not enabled.
[        ] Caching disabled for MergeInstrumentationAnalysisTransform: /root/.gradle/caches/8.14/transforms/9af7bbfb241ddadd833cac2fd6839dcf/transformed/analysis/instrumentation-dependencies.bin because:
[        ]   Build cache is disabled
[        ]   Caching not enabled.
[        ] Caching disabled for ExternalDependencyInstrumentingArtifactTransform: /root/.gradle/caches/modules-2/files-2.1/com.squareup/javawriter/2.5.0/81241ff7078ef14f42ea2a8995fa09c096256e6b/javawriter-2.5.0.jar because:
[        ]   Build cache is disabled
[        ]   Caching not enabled.
[        ] Caching disabled for MergeInstrumentationAnalysisTransform: /root/.gradle/caches/modules-2/files-2.1/org.jetbrains.kotlin/kotlin-tooling-core/2.2.20/685151c03e638207a3b5045002411fbef78fdeb/kotlin-tooling-core-2.2.20.jar because:
[        ]   Build cache is disabled
[        ]   Caching not enabled.
[        ] Caching disabled for MergeInstrumentationAnalysisTransform: /root/.gradle/caches/8.14/transforms/9dad9b5fb77ecff9fde40c92e6a29219/transformed/analysis/instrumentation-hierarchy.bin because:
[        ]   Build cache is disabled
[        ]   Caching not enabled.
[        ] Caching disabled for ExternalDependencyInstrumentingArtifactTransform: /root/.gradle/caches/8.14/transforms/8a77ef400b436f27b47b641ec4200bf4/transformed/merge/instrumentation-dependencies.bin because:
[        ]   Build cache is disabled
[        ]   Caching not enabled.
[        ] Caching disabled for MergeInstrumentationAnalysisTransform: /root/.gradle/caches/8.14/transforms/580e65b52f76f0c7b6f7c7b8c21a3700/transformed/analysis/instrumentation-hierarchy.bin because:
[        ]   Build cache is disabled
[        ]   Caching not enabled.
[        ] Caching disabled for MergeInstrumentationAnalysisTransform: /root/.gradle/caches/8.14/transforms/9dad9b5fb77ecff9fde40c92e6a29219/transformed/analysis/instrumentation-dependencies.bin because:
[        ]   Build cache is disabled
[        ]   Caching not enabled.
[        ] Caching disabled for MergeInstrumentationAnalysisTransform: /root/.gradle/caches/modules-2/files-2.1/org.jetbrains.kotlin/kotlin-native-utils/2.2.20/d0758b001901331bdc5e3860dcc72dc889a1c632/kotlin-native-utils-2.2.20.jar because:
[        ]   Build cache is disabled
[        ]   Caching not enabled.
[  +78 ms] Caching disabled for ExternalDependencyInstrumentingArtifactTransform: /root/.gradle/caches/8.14/transforms/2c01d014f296c8d6300028a214fb7e24/transformed/merge/instrumentation-dependencies.bin because:
[        ]   Build cache is disabled
[        ]   Caching not enabled.
[        ] Caching disabled for MergeInstrumentationAnalysisTransform: /root/.gradle/caches/8.14/transforms/580e65b52f76f0c7b6f7c7b8c21a3700/transformed/analysis/instrumentation-dependencies.bin because:
[        ]   Build cache is disabled
[        ]   Caching not enabled.
[        ] Caching disabled for MergeInstrumentationAnalysisTransform: /root/.gradle/caches/modules-2/files-2.1/org.jetbrains.kotlin/kotlin-build-tools-api/2.2.20/d5517ea764cf72042e5fadbcd48152998d151082/kotlin-build-tools-api-2.2.20.jar because:
[        ]   Build cache is disabled
[        ]   Caching not enabled.
[        ] Caching disabled for ExternalDependencyInstrumentingArtifactTransform: /root/.gradle/caches/modules-2/files-2.1/org.jetbrains.kotlin/kotlin-gradle-plugin-annotations/2.2.20/cb3940a092ab27344aa290973ebb6c14fb344ac9/kotlin-gradle-plugin-annotations-2.2.20.jar because:
[        ]   Build cache is disabled
[        ]   Caching not enabled.
[        ] Caching disabled for ExternalDependencyInstrumentingArtifactTransform: /root/.gradle/caches/8.14/transforms/692344c82460d24c519e2914f3b63bb0/transformed/merge/instrumentation-dependencies.bin because:
[        ]   Build cache is disabled
[        ]   Caching not enabled.
[        ] Caching disabled for ExternalDependencyInstrumentingArtifactTransform: /root/.gradle/caches/8.14/transforms/43a1ef477eda349f8e13584f44de341f/transformed/merge/instrumentation-dependencies.bin because:
[        ]   Build cache is disabled
[        ]   Caching not enabled.
[        ] Caching disabled for ExternalDependencyInstrumentingArtifactTransform: /root/.gradle/caches/modules-2/files-2.1/io.netty/netty-codec-http/4.1.110.Final/9d05cd927209ea25bbf342962c00b8e5a828c2a4/netty-codec-http-4.1.110.Final.jar because:
[        ]   Build cache is disabled
[        ]   Caching not enabled.
[        ] Caching disabled for MergeInstrumentationAnalysisTransform: /root/.gradle/caches/modules-2/files-2.1/org.jetbrains.kotlin/kotlin-util-klib/2.2.20/d2530c797582f1f3b4c22d4b8a3ee134b16489ee/kotlin-util-klib-2.2.20.jar because:
[        ]   Build cache is disabled
[        ]   Caching not enabled.
[        ] Caching disabled for ExternalDependencyInstrumentingArtifactTransform: /root/.gradle/caches/modules-2/files-2.1/org.checkerframework/checker-qual/3.43.0/9425eee39e56b116d2b998b7c2cebcbd11a3c98b/checker-qual-3.43.0.jar because:
[        ]   Build cache is disabled
[        ]   Caching not enabled.
[        ] Caching disabled for MergeInstrumentationAnalysisTransform: /root/.gradle/caches/8.14/transforms/9959672e80692bcb4c4f8705bde2440a/transformed/analysis/instrumentation-hierarchy.bin because:
[        ]   Build cache is disabled
[        ]   Caching not enabled.
[        ] Caching disabled for MergeInstrumentationAnalysisTransform: /root/.gradle/caches/8.14/transforms/a44c5e075807c9b3926df6dec7cdca61/transformed/analysis/instrumentation-hierarchy.bin because:
[        ]   Build cache is disabled
[        ]   Caching not enabled.
[        ] Caching disabled for ExternalDependencyInstrumentingArtifactTransform: /root/.gradle/caches/8.14/transforms/b17a588208cae2bbfe4e847f5a231e7c/transformed/merge/instrumentation-dependencies.bin because:
[        ]   Build cache is disabled
[        ]   Caching not enabled.
[        ] Caching disabled for MergeInstrumentationAnalysisTransform: /root/.gradle/caches/8.14/transforms/2d8d35d1bad59becb3d269f4fab6ba87/transformed/analysis/instrumentation-hierarchy.bin because:
[        ]   Build cache is disabled
[        ]   Caching not enabled.
[        ] Caching disabled for ExternalDependencyInstrumentingArtifactTransform: /root/.gradle/caches/modules-2/files-2.1/org.jetbrains.kotlin/kotlin-build-tools-api/2.2.20/d5517ea764cf72042e5fadbcd48152998d151082/kotlin-build-tools-api-2.2.20.jar because:
[        ]   Build cache is disabled
[        ]   Caching not enabled.
[        ] Caching disabled for MergeInstrumentationAnalysisTransform: /root/.gradle/caches/8.14/transforms/9959672e80692bcb4c4f8705bde2440a/transformed/analysis/instrumentation-dependencies.bin because:
[        ]   Build cache is disabled
[        ]   Caching not enabled.
[        ] Caching disabled for MergeInstrumentationAnalysisTransform: /root/.gradle/caches/8.14/transforms/2d8d35d1bad59becb3d269f4fab6ba87/transformed/analysis/instrumentation-dependencies.bin because:
[        ]   Build cache is disabled
[        ]   Caching not enabled.
[        ] Caching disabled for MergeInstrumentationAnalysisTransform: /root/.gradle/caches/8.14/transforms/a44c5e075807c9b3926df6dec7cdca61/transformed/analysis/instrumentation-dependencies.bin because:
[        ]   Build cache is disabled
[        ]   Caching not enabled.
[        ] Caching disabled for ExternalDependencyInstrumentingArtifactTransform: /root/.gradle/caches/modules-2/files-2.1/org.jetbrains.kotlin/kotlin-tooling-core/2.2.20/685151c03e638207a3b5045002411fbef78fdeb/kotlin-tooling-core-2.2.20.jar because:
[        ]   Build cache is disabled
[        ]   Caching not enabled.
[        ] Caching disabled for MergeInstrumentationAnalysisTransform: /root/.gradle/caches/8.14/transforms/686bf4cfe7f84bbadfff8cfc881e76ad/transformed/analysis/instrumentation-dependencies.bin because:
[        ]   Build cache is disabled
[        ]   Caching not enabled.
[        ] Caching disabled for MergeInstrumentationAnalysisTransform: /root/.gradle/caches/8.14/transforms/b4e207aa96e8d470c5c1c936134d8f4c/transformed/analysis/instrumentation-dependencies.bin because:
[        ]   Build cache is disabled
[        ]   Caching not enabled.
[        ] Caching disabled for MergeInstrumentationAnalysisTransform: /root/.gradle/caches/modules-2/files-2.1/com.google.guava/failureaccess/1.0.2/c4a06a64e650562f30b7bf9aaec1bfed43aca12b/failureaccess-1.0.2.jar because:
[        ]   Build cache is disabled
[        ]   Caching not enabled.
[        ] Caching disabled for MergeInstrumentationAnalysisTransform: /root/.gradle/caches/modules-2/files-2.1/com.google.guava/listenablefuture/9999.0-empty-to-avoid-conflict-with-guava/b421526c5f297295adef1c886e5246c39d4ac629/listenablefuture-9999.0-empty-to-avoid-conflict-with-guava.jar because:
[        ]   Build cache is disabled
[        ]   Caching not enabled.
[        ] Caching disabled for MergeInstrumentationAnalysisTransform: /root/.gradle/caches/modules-2/files-2.1/org.jetbrains.kotlin/kotlin-util-io/2.2.20/6c10468e852a6bceb4fbdeadf607ed92ad9f2d8e/kotlin-util-io-2.2.20.jar because:
[        ]   Build cache is disabled
[        ]   Caching not enabled.
[        ] Caching disabled for MergeInstrumentationAnalysisTransform: /root/.gradle/caches/modules-2/files-2.1/org.jetbrains.kotlin/kotlin-daemon-client/2.2.20/1a5198f177c695bba2473b60d08f86471f4542cf/kotlin-daemon-client-2.2.20.jar because:
[        ]   Build cache is disabled
[        ]   Caching not enabled.
[        ] Caching disabled for ExternalDependencyInstrumentingArtifactTransform: /root/.gradle/caches/8.14/transforms/5fec17562a72b19c28d932e16561bb8b/transformed/merge/instrumentation-dependencies.bin because:
[        ]   Build cache is disabled
[        ]   Caching not enabled.
[        ] Caching disabled for ExternalDependencyInstrumentingArtifactTransform: /root/.gradle/caches/8.14/transforms/73c585f257c408a50aa6608e16e642f2/transformed/merge/instrumentation-dependencies.bin because:
[        ]   Build cache is disabled
[        ]   Caching not enabled.
[        ] Caching disabled for ExternalDependencyInstrumentingArtifactTransform: /root/.gradle/caches/8.14/transforms/be0d83d71ab62108705a09c1196d89d7/transformed/merge/instrumentation-dependencies.bin because:
[        ]   Build cache is disabled
[        ]   Caching not enabled.
[        ] Caching disabled for ExternalDependencyInstrumentingArtifactTransform: /root/.gradle/caches/8.14/transforms/8363133923e37aa98a0385ba300b8055/transformed/merge/instrumentation-dependencies.bin because:
[        ]   Build cache is disabled
[        ]   Caching not enabled.
[        ] Caching disabled for MergeInstrumentationAnalysisTransform: /root/.gradle/caches/modules-2/files-2.1/org.jetbrains.kotlinx/kotlinx-coroutines-core-jvm/1.8.0/ac1dc37a30a93150b704022f8d895ee1bd3a36b3/kotlinx-coroutines-core-jvm-1.8.0.jar because:
[        ]   Build cache is disabled
[        ]   Caching not enabled.
[        ] Caching disabled for ExternalDependencyInstrumentingArtifactTransform: /root/.gradle/caches/modules-2/files-2.1/com.google.guava/failureaccess/1.0.2/c4a06a64e650562f30b7bf9aaec1bfed43aca12b/failureaccess-1.0.2.jar because:
[        ]   Build cache is disabled
[        ]   Caching not enabled.
[   +3 ms] Caching disabled for ExternalDependencyInstrumentingArtifactTransform: /root/.gradle/caches/8.14/transforms/64323c0fa4daf9617384a5af1a3f7ebe/transformed/merge/instrumentation-dependencies.bin because:
[        ]   Build cache is disabled
[        ]   Caching not enabled.
[        ] Caching disabled for ExternalDependencyInstrumentingArtifactTransform: /root/.gradle/caches/modules-2/files-2.1/com.android.tools.build/apksig/8.11.1/f005788487574c7d6ba23dea63bf8cb3a4f164a6/apksig-8.11.1.jar because:
[        ]   Build cache is disabled
[        ]   Caching not enabled.
[        ] Caching disabled for ExternalDependencyInstrumentingArtifactTransform: /root/.gradle/caches/modules-2/files-2.1/org.jetbrains.kotlin/kotlin-native-utils/2.2.20/d0758b001901331bdc5e3860dcc72dc889a1c632/kotlin-native-utils-2.2.20.jar because:
[        ]   Build cache is disabled
[        ]   Caching not enabled.
[        ] Caching disabled for ExternalDependencyInstrumentingArtifactTransform: /root/.gradle/caches/modules-2/files-2.1/com.google.guava/listenablefuture/9999.0-empty-to-avoid-conflict-with-guava/b421526c5f297295adef1c886e5246c39d4ac629/listenablefuture-9999.0-empty-to-avoid-conflict-with-guava.jar because:
[        ]   Build cache is disabled
[        ]   Caching not enabled.
[        ] Caching disabled for MergeInstrumentationAnalysisTransform: /root/.gradle/caches/8.14/transforms/8e362c5f3c362fbc630f6643bca41639/transformed/analysis/instrumentation-hierarchy.bin because:
[        ]   Build cache is disabled
[        ]   Caching not enabled.
[        ] Caching disabled for MergeInstrumentationAnalysisTransform: /root/.gradle/caches/8.14/transforms/059495c8615bae36d0fc93a846ab4920/transformed/analysis/instrumentation-hierarchy.bin because:
[        ]   Build cache is disabled
[        ]   Caching not enabled.
[        ] Caching disabled for MergeInstrumentationAnalysisTransform: /root/.gradle/caches/8.14/transforms/b61fb44fc1d8321fadf92de7a61bc6d5/transformed/analysis/instrumentation-hierarchy.bin because:
[        ]   Build cache is disabled
[        ]   Caching not enabled.
[        ] Caching disabled for MergeInstrumentationAnalysisTransform: /root/.gradle/caches/8.14/transforms/dd8a2aee7e449ddba7026d5522c99b95/transformed/analysis/instrumentation-hierarchy.bin because:
[        ]   Build cache is disabled
[        ]   Caching not enabled.
[        ] Caching disabled for MergeInstrumentationAnalysisTransform: /root/.gradle/caches/8.14/transforms/8e362c5f3c362fbc630f6643bca41639/transformed/analysis/instrumentation-dependencies.bin because:
[        ]   Build cache is disabled
[        ]   Caching not enabled.
[        ] Caching disabled for MergeInstrumentationAnalysisTransform: /root/.gradle/caches/8.14/transforms/059495c8615bae36d0fc93a846ab4920/transformed/analysis/instrumentation-dependencies.bin because:
[        ]   Build cache is disabled
[        ]   Caching not enabled.
[        ] Caching disabled for MergeInstrumentationAnalysisTransform: /root/.gradle/caches/8.14/transforms/b61fb44fc1d8321fadf92de7a61bc6d5/transformed/analysis/instrumentation-dependencies.bin because:
[   +1 ms]   Build cache is disabled
[        ]   Caching not enabled.
[        ] Caching disabled for ExternalDependencyInstrumentingArtifactTransform: /root/.gradle/caches/modules-2/files-2.1/org.jetbrains.kotlin/kotlin-util-io/2.2.20/6c10468e852a6bceb4fbdeadf607ed92ad9f2d8e/kotlin-util-io-2.2.20.jar because:
[        ]   Build cache is disabled
[        ]   Caching not enabled.
[        ] Caching disabled for MergeInstrumentationAnalysisTransform: /root/.gradle/caches/8.14/transforms/dd8a2aee7e449ddba7026d5522c99b95/transformed/analysis/instrumentation-dependencies.bin because:
[        ]   Build cache is disabled
[        ]   Caching not enabled.
[        ] Caching disabled for MergeInstrumentationAnalysisTransform: /root/.gradle/caches/modules-2/files-2.1/net.java.dev.jna/jna/5.6.0/330f2244e9030119ab3030fc3fededc86713d9cc/jna-5.6.0.jar because:
[        ]   Build cache is disabled
[        ]   Caching not enabled.
[        ] Caching disabled for MergeInstrumentationAnalysisTransform: /root/.gradle/caches/modules-2/files-2.1/commons-logging/commons-logging/1.2/4bfc12adfe4842bf07b657f0369c4cb522955686/commons-logging-1.2.jar because:
[        ]   Build cache is disabled
[        ]   Caching not enabled.
[        ] Caching disabled for MergeInstrumentationAnalysisTransform: /root/.gradle/caches/modules-2/files-2.1/commons-codec/commons-codec/1.11/3acb4705652e16236558f0f4f2192cc33c3bd189/commons-codec-1.11.jar because:
[        ]   Build cache is disabled
[        ]   Caching not enabled.
[        ] Caching disabled for MergeInstrumentationAnalysisTransform: /root/.gradle/caches/8.14/transforms/cc26bb6f1faed16f0f96d3d35df77724/transformed/analysis/instrumentation-hierarchy.bin because:
[        ]   Build cache is disabled
[        ]   Caching not enabled.
[        ] Caching disabled for ExternalDependencyInstrumentingArtifactTransform: /root/.gradle/caches/8.14/transforms/0ee4d8913b32485f3f181f0f161c2f31/transformed/merge/instrumentation-dependencies.bin because:
[        ]   Build cache is disabled
[        ]   Caching not enabled.
[        ] Caching disabled for MergeInstrumentationAnalysisTransform: /root/.gradle/caches/modules-2/files-2.1/io.netty/netty-codec-socks/4.1.110.Final/4d54c8d5b95b14756043efb59b8c3e62ec67aa43/netty-codec-socks-4.1.110.Final.jar because:
[        ]   Build cache is disabled
[        ]   Caching not enabled.
[        ] Caching disabled for ExternalDependencyInstrumentingArtifactTransform: /root/.gradle/caches/8.14/transforms/528d7de0a58e0faf4c5e980a1e348dde/transformed/merge/instrumentation-dependencies.bin because:
[        ]   Build cache is disabled
[        ]   Caching not enabled.
[        ] Caching disabled for MergeInstrumentationAnalysisTransform: /root/.gradle/caches/8.14/transforms/cc26bb6f1faed16f0f96d3d35df77724/transformed/analysis/instrumentation-dependencies.bin because:
[        ]   Build cache is disabled
[        ]   Caching not enabled.
[        ] Caching disabled for ExternalDependencyInstrumentingArtifactTransform: /root/.gradle/caches/8.14/transforms/c97c4a73a2197f1d4c300d16439cfb3e/transformed/merge/instrumentation-dependencies.bin because:
[        ]   Build cache is disabled
[        ]   Caching not enabled.
[        ] Caching disabled for ExternalDependencyInstrumentingArtifactTransform: /root/.gradle/caches/8.14/transforms/98ad07572cab12f56419c5da67065d66/transformed/merge/instrumentation-dependencies.bin because:
[        ]   Build cache is disabled
[        ]   Caching not enabled.
[        ] Caching disabled for MergeInstrumentationAnalysisTransform: /root/.gradle/caches/modules-2/files-2.1/io.netty/netty-codec/4.1.110.Final/f1fa43b03e93ab88e805b6a4e3e83780c80b47d2/netty-codec-4.1.110.Final.jar because:
[        ]   Build cache is disabled
[        ]   Caching not enabled.
[        ] Caching disabled for ExternalDependencyInstrumentingArtifactTransform: /root/.gradle/caches/modules-2/files-2.1/org.jetbrains.kotlin/kotlin-daemon-client/2.2.20/1a5198f177c695bba2473b60d08f86471f4542cf/kotlin-daemon-client-2.2.20.jar because:
[        ]   Build cache is disabled
[        ]   Caching not enabled.
[        ] Caching disabled for ExternalDependencyInstrumentingArtifactTransform: /root/.gradle/caches/8.14/transforms/d11d35b595c355fae784d85bd78c03d1/transformed/merge/instrumentation-dependencies.bin because:
[        ]   Build cache is disabled
[        ]   Caching not enabled.
[        ] Caching disabled for ExternalDependencyInstrumentingArtifactTransform: /root/.gradle/caches/modules-2/files-2.1/commons-logging/commons-logging/1.2/4bfc12adfe4842bf07b657f0369c4cb522955686/commons-logging-1.2.jar because:
[        ]   Build cache is disabled
[        ]   Caching not enabled.
[        ] Caching disabled for ExternalDependencyInstrumentingArtifactTransform: /root/.gradle/caches/modules-2/files-2.1/io.netty/netty-codec-socks/4.1.110.Final/4d54c8d5b95b14756043efb59b8c3e62ec67aa43/netty-codec-socks-4.1.110.Final.jar because:
[        ]   Build cache is disabled
[        ]   Caching not enabled.
[        ] Caching disabled for MergeInstrumentationAnalysisTransform: /root/.gradle/caches/8.14/transforms/0351b43ad8fd7f1c9e3d26f252940e1b/transformed/analysis/instrumentation-hierarchy.bin because:
[        ]   Build cache is disabled
[        ]   Caching not enabled.
[        ] Caching disabled for MergeInstrumentationAnalysisTransform: /root/.gradle/caches/8.14/transforms/ec41b8f9404b13e8f716ddadd79bd47c/transformed/analysis/instrumentation-hierarchy.bin because:
[        ]   Build cache is disabled
[        ]   Caching not enabled.
[        ] Caching disabled for MergeInstrumentationAnalysisTransform: /root/.gradle/caches/8.14/transforms/677a1829d77c1f5248ce88c9e300d627/transformed/analysis/instrumentation-hierarchy.bin because:
[        ]   Build cache is disabled
[        ]   Caching not enabled.
[        ] Caching disabled for MergeInstrumentationAnalysisTransform: /root/.gradle/caches/8.14/transforms/0351b43ad8fd7f1c9e3d26f252940e1b/transformed/analysis/instrumentation-dependencies.bin because:
[        ]   Build cache is disabled
[        ]   Caching not enabled.
[        ] Caching disabled for MergeInstrumentationAnalysisTransform: /root/.gradle/caches/8.14/transforms/677a1829d77c1f5248ce88c9e300d627/transformed/analysis/instrumentation-dependencies.bin because:
[        ]   Build cache is disabled
[        ]   Caching not enabled.
[        ] Caching disabled for MergeInstrumentationAnalysisTransform: /root/.gradle/caches/8.14/transforms/ec41b8f9404b13e8f716ddadd79bd47c/transformed/analysis/instrumentation-dependencies.bin because:
[        ]   Build cache is disabled
[        ]   Caching not enabled.
[        ] Caching disabled for ExternalDependencyInstrumentingArtifactTransform: /root/.gradle/caches/modules-2/files-2.1/commons-codec/commons-codec/1.11/3acb4705652e16236558f0f4f2192cc33c3bd189/commons-codec-1.11.jar because:
[        ]   Build cache is disabled
[        ]   Caching not enabled.
[        ] Caching disabled for MergeInstrumentationAnalysisTransform: /root/.gradle/caches/8.14/transforms/4eda740bb6ccf2909ae408fcc443d9fd/transformed/analysis/instrumentation-hierarchy.bin because:
[        ]   Build cache is disabled
[        ]   Caching not enabled.
[        ] Caching disabled for MergeInstrumentationAnalysisTransform: /root/.gradle/caches/modules-2/files-2.1/io.netty/netty-transport/4.1.110.Final/b91f04c39ac14d6a29d07184ef305953ee6e0348/netty-transport-4.1.110.Final.jar because:
[        ]   Build cache is disabled
[        ]   Caching not enabled.
[  +74 ms] Caching disabled for ExternalDependencyInstrumentingArtifactTransform: /root/.gradle/caches/modules-2/files-2.1/net.java.dev.jna/jna/5.6.0/330f2244e9030119ab3030fc3fededc86713d9cc/jna-5.6.0.jar because:
[        ]   Build cache is disabled
[        ]   Caching not enabled.
[        ] Caching disabled for MergeInstrumentationAnalysisTransform: /root/.gradle/caches/modules-2/files-2.1/io.netty/netty-resolver/4.1.110.Final/66c15921104cda0159b34e316541bc765dfaf3c0/netty-resolver-4.1.110.Final.jar because:
[        ]   Build cache is disabled
[        ]   Caching not enabled.
[        ] Caching disabled for MergeInstrumentationAnalysisTransform: /root/.gradle/caches/modules-2/files-2.1/io.netty/netty-buffer/4.1.110.Final/3d918a9ee057d995c362902b54634fc307132aac/netty-buffer-4.1.110.Final.jar because:
[        ]   Build cache is disabled
[        ]   Caching not enabled.
[        ] Caching disabled for MergeInstrumentationAnalysisTransform: /root/.gradle/caches/8.14/transforms/4eda740bb6ccf2909ae408fcc443d9fd/transformed/analysis/instrumentation-dependencies.bin because:
[        ]   Build cache is disabled
[        ]   Caching not enabled.
[        ] Caching disabled for ExternalDependencyInstrumentingArtifactTransform: /root/.gradle/caches/8.14/transforms/9817fcd8522b179b7e956b588ed287f8/transformed/merge/instrumentation-dependencies.bin because:
[        ]   Build cache is disabled
[        ]   Caching not enabled.
[        ] Caching disabled for ExternalDependencyInstrumentingArtifactTransform: /root/.gradle/caches/8.14/transforms/5e85477c7e4369e9b725f3e279230c22/transformed/merge/instrumentation-dependencies.bin because:
[        ]   Build cache is disabled
[        ]   Caching not enabled.
[        ] Caching disabled for ExternalDependencyInstrumentingArtifactTransform: /root/.gradle/caches/8.14/transforms/8460591d47baf47c6cfcdb6559bcc003/transformed/merge/instrumentation-dependencies.bin because:
[        ]   Build cache is disabled
[        ]   Caching not enabled.
[        ] Caching disabled for MergeInstrumentationAnalysisTransform: /root/.gradle/caches/modules-2/files-2.1/io.netty/netty-common/4.1.110.Final/ec361e7e025c029be50c55c8480080cabcbc01e7/netty-common-4.1.110.Final.jar because:
[        ]   Build cache is disabled
[        ]   Caching not enabled.
[        ] Caching disabled for ExternalDependencyInstrumentingArtifactTransform: /root/.gradle/caches/modules-2/files-2.1/org.jetbrains.kotlin/kotlin-util-klib/2.2.20/d2530c797582f1f3b4c22d4b8a3ee134b16489ee/kotlin-util-klib-2.2.20.jar because:
[        ]   Build cache is disabled
[        ]   Caching not enabled.
[        ] Caching disabled for ExternalDependencyInstrumentingArtifactTransform: /root/.gradle/caches/8.14/transforms/16b92d0333ed2e21906d83f880cccb8e/transformed/merge/instrumentation-dependencies.bin because:
[        ]   Build cache is disabled
[        ]   Caching not enabled.
[        ] Caching disabled for ExternalDependencyInstrumentingArtifactTransform: /root/.gradle/caches/modules-2/files-2.1/io.netty/netty-resolver/4.1.110.Final/66c15921104cda0159b34e316541bc765dfaf3c0/netty-resolver-4.1.110.Final.jar because:
[        ]   Build cache is disabled
[        ]   Caching not enabled.
[        ] Caching disabled for ExternalDependencyInstrumentingArtifactTransform: /root/.gradle/caches/modules-2/files-2.1/io.netty/netty-codec/4.1.110.Final/f1fa43b03e93ab88e805b6a4e3e83780c80b47d2/netty-codec-4.1.110.Final.jar because:
[        ]   Build cache is disabled
[        ]   Caching not enabled.
[        ] Caching disabled for ExternalDependencyInstrumentingArtifactTransform: /root/.gradle/caches/modules-2/files-2.1/io.netty/netty-buffer/4.1.110.Final/3d918a9ee057d995c362902b54634fc307132aac/netty-buffer-4.1.110.Final.jar because:
[        ]   Build cache is disabled
[        ]   Caching not enabled.
[        ] Caching disabled for ExternalDependencyInstrumentingArtifactTransform: /root/.gradle/caches/modules-2/files-2.1/io.netty/netty-transport/4.1.110.Final/b91f04c39ac14d6a29d07184ef305953ee6e0348/netty-transport-4.1.110.Final.jar because:
[        ]   Build cache is disabled
[        ]   Caching not enabled.
[        ] Caching disabled for ExternalDependencyInstrumentingArtifactTransform: /root/.gradle/caches/modules-2/files-2.1/io.netty/netty-common/4.1.110.Final/ec361e7e025c029be50c55c8480080cabcbc01e7/netty-common-4.1.110.Final.jar because:
[        ]   Build cache is disabled
[        ]   Caching not enabled.
[        ] Caching disabled for ExternalDependencyInstrumentingArtifactTransform: /root/.gradle/caches/modules-2/files-2.1/org.jetbrains.kotlinx/kotlinx-coroutines-core-jvm/1.8.0/ac1dc37a30a93150b704022f8d895ee1bd3a36b3/kotlinx-coroutines-core-jvm-1.8.0.jar because:
[        ]   Build cache is disabled
[        ]   Caching not enabled.
[ +197 ms] Caching disabled for ExternalDependencyInstrumentingArtifactTransform: /root/.gradle/caches/modules-2/files-2.1/org.bouncycastle/bcprov-jdk18on/1.79/4d8e2732bcee15f1db93df266c3f5b70ce5cac21/bcprov-jdk18on-1.79.jar because:
[        ]   Build cache is disabled
[        ]   Caching not enabled.
[ +199 ms] Caching disabled for ExternalDependencyInstrumentingArtifactTransform: /root/.gradle/caches/modules-2/files-2.1/org.jetbrains.kotlin/kotlin-gradle-plugin-idea-proto/2.2.20/ccea68faf3074b47b2d1549d971d5438aae0adba/kotlin-gradle-plugin-idea-proto-2.2.20.jar because:
[        ]   Build cache is disabled
[        ]   Caching not enabled.
[        ] Caching disabled for ExternalDependencyInstrumentingArtifactTransform: /root/.gradle/caches/modules-2/files-2.1/org.jetbrains.kotlin/kotlin-gradle-plugin/2.2.20/9c5953786765b9373d172097da74efe77ac90481/kotlin-gradle-plugin-2.2.20-gradle813.jar because:
[        ]   Build cache is disabled
[        ]   Caching not enabled.
[        ] Caching disabled for MergeInstrumentationAnalysisTransform: /root/.gradle/caches/modules-2/files-2.1/commons-io/commons-io/2.16.1/377d592e740dc77124e0901291dbfaa6810a200e/commons-io-2.16.1.jar because:
[        ]   Build cache is disabled
[        ]   Caching not enabled.
[        ] Caching disabled for ExternalDependencyInstrumentingArtifactTransform: /root/.gradle/caches/8.14/transforms/479ee142e158eb920ab57c40614ca8e3/transformed/merge/instrumentation-dependencies.bin because:
[        ]   Build cache is disabled
[        ]   Caching not enabled.
[  +99 ms] Caching disabled for ExternalDependencyInstrumentingArtifactTransform: /root/.gradle/caches/modules-2/files-2.1/commons-io/commons-io/2.16.1/377d592e740dc77124e0901291dbfaa6810a200e/commons-io-2.16.1.jar because:
[        ]   Build cache is disabled
[        ]   Caching not enabled.
[        ] Caching disabled for ProjectDependencyInstrumentingArtifactTransform: /opt/flutter/packages/flutter_tools/gradle/build/libs/gradle-1.0.0.jar because:
[        ]   Build cache is disabled
[        ]   Caching not enabled.
[+1399 ms] Caching disabled for Kotlin DSL script compilation (Settings/ScriptPlugin/stage1) because:
[        ]   Build cache is disabled
[ +899 ms] Caching disabled for Kotlin DSL accessors for settings 'android' because:
[        ]   Build cache is disabled
[ +300 ms] Cannot use Kotlin build script compile avoidance with /root/.gradle/caches/modules-2/files-2.1/org.jetbrains.kotlinx/kotlinx-serialization-json-jvm/1.4.0/cfa3e57d044a20e5c9e4561a997df823e2f1c81a/kotlinx-serialization-json-jvm-1.4.0.jar: class kotlinx/serialization/json/JsonKt: inline fun decodeFromJsonElement(): compile avoidance is not supported with public inline functions
[ +499 ms] Cannot use Kotlin build script compile avoidance with /root/.gradle/caches/modules-2/files-2.1/org.jetbrains.kotlinx/kotlinx-serialization-core-jvm/1.4.0/9b00d574374ae0201a505ab54c7744586866dc27/kotlinx-serialization-core-jvm-1.4.0.jar: class kotlinx/serialization/SerializersKt__SerializersKt: inline fun serializer(): compile avoidance is not supported with public inline functions
[ +200 ms] Cannot use Kotlin build script compile avoidance with /root/.gradle/caches/modules-2/files-2.1/org.jetbrains.kotlin/kotlin-gradle-plugin/2.2.20/9c5953786765b9373d172097da74efe77ac90481/kotlin-gradle-plugin-2.2.20-gradle813.jar: class org/jetbrains/kotlin/gradle/dsl/PlatformSourceSetConventionsChecker: inline fun CheckedPlatformInfo(): compile avoidance is not supported with public inline functions
[ +399 ms] Cannot use Kotlin build script compile avoidance with /root/.gradle/caches/modules-2/files-2.1/com.android.tools.build/bundletool/1.18.1/76bb1aa21a19495ca070bfb6abd194daf91dccd1/bundletool-1.18.1.jar: class shadow/bundletool/com/android/utils/NodeCollectionHelperKt: inline fun forEach(): compile avoidance is not supported with public inline functions
[ +800 ms] Cannot use Kotlin build script compile avoidance with /root/.gradle/caches/modules-2/files-2.1/org.jetbrains.kotlin/kotlin-gradle-plugin-idea-proto/2.2.20/ccea68faf3074b47b2d1549d971d5438aae0adba/kotlin-gradle-plugin-idea-proto-2.2.20.jar: class org/jetbrains/kotlin/gradle/idea/proto/generated/IdeaExtrasProtoKt$Dsl: inline fun setValues(): compile avoidance is not supported with public inline functions
[  +99 ms] Cannot use Kotlin build script compile avoidance with /root/.gradle/caches/modules-2/files-2.1/org.jetbrains.kotlin/kotlin-gradle-plugin-idea/2.2.20/a07b350797aa4fe6d4bc6e1be2feecb638e94b13/kotlin-gradle-plugin-idea-2.2.20.jar: class org/jetbrains/kotlin/gradle/idea/serialize/IdeaKotlinExtrasSerializer$Companion: inline fun javaIoSerializable(): compile avoidance is not supported with public inline functions
[ +499 ms] Cannot use Kotlin build script compile avoidance with /root/.gradle/caches/modules-2/files-2.1/org.jetbrains.kotlin/kotlin-tooling-core/2.2.20/685151c03e638207a3b5045002411fbef78fdeb/kotlin-tooling-core-2.2.20.jar: class org/jetbrains/kotlin/tooling/core/ClosureKt: inline fun closure(): compile avoidance is not supported with public inline functions
[        ] Cannot use Kotlin build script compile avoidance with /root/.gradle/caches/modules-2/files-2.1/org.jetbrains.kotlin/kotlin-util-io/2.2.20/6c10468e852a6bceb4fbdeadf607ed92ad9f2d8e/kotlin-util-io-2.2.20.jar: class org/jetbrains/kotlin/konan/file/FileKt: inline fun use(): compile avoidance is not supported with public inline functions
[  +99 ms] Caching disabled for Kotlin DSL script compilation (Settings/TopLevel/stage2) because:
[        ]   Build cache is disabled
[ +299 ms] Settings evaluated using settings file '/workspace/app/android/settings.gradle.kts'.
[        ] Projects loaded. Root project using build file '/workspace/app/android/build.gradle.kts'.
[        ] Included projects: [root project 'android', project ':app', project ':audioplayers_android', project ':connectivity_plus', project ':device_info_plus', project ':file_picker', project ':firebase_core', project ':firebase_messaging', project ':flutter_plugin_android_lifecycle', project ':flutter_secure_storage', project ':flutter_sound', project ':flutter_webrtc', project ':geolocator_android', project ':image_picker_android', project ':livekit_client', project ':path_provider_android', project ':permission_handler_android', project ':sqflite_android', project ':url_launcher_android']
[+2000 ms] > Configure project :
[        ] Evaluating root project 'android' using build file '/workspace/app/android/build.gradle.kts'.
[        ] Caching disabled for Kotlin DSL plugin specs accessors for classpath 'b8dba007103c70cce813bc2c627e5a0a' because:
[        ]   Build cache is disabled
[        ] Caching disabled for Kotlin DSL script compilation (Project/TopLevel/stage1) because:
[        ]   Build cache is disabled
[        ] Caching disabled for Kotlin DSL accessors for root project 'android' because:
[        ]   Build cache is disabled
[        ] Caching disabled for Kotlin DSL script compilation (Project/TopLevel/stage2) because:
[        ]   Build cache is disabled
[+2199 ms] > Configure project :app
[        ] Evaluating project ':app' using build file '/workspace/app/android/app/build.gradle.kts'.
[        ] Caching disabled for Kotlin DSL script compilation (Project/TopLevel/stage1) because:
[        ]   Build cache is disabled
[        ] Resolved plugin [id: 'com.android.application']
[        ] Resolved plugin [id: 'kotlin-android']
[        ] Resolved plugin [id: 'dev.flutter.flutter-gradle-plugin']
[        ] Using default execution profile
[        ] Build 5d4f5c99-c675-4d8c-8b5d-5a929d0f5c24 is started
[        ] Using Kotlin Gradle Plugin gradle813 variant
[        ] Caching disabled for Kotlin DSL script compilation (Project/ScriptPlugin/stage1) because:
[        ]   Build cache is disabled
[        ] Caching disabled for Kotlin DSL accessors for project ':app' because:
[        ]   Build cache is disabled
[        ] Caching disabled for Kotlin DSL script compilation (Project/TopLevel/stage2) because:
[        ]   Build cache is disabled
[        ] w: file:///workspace/app/android/app/build.gradle.kts:19:9: 'jvmTarget: String' is deprecated. Please migrate to the compilerOptions DSL. More details are here: https://kotl.in/u1r8ln
[        ] C/C++: android.ndkVersion from module build.gradle is [28.2.13676358]
[        ] C/C++: android.ndkPath from module build.gradle is not set
[        ] C/C++: ndk.dir in local.properties is not set
[        ] C/C++: Not considering ANDROID_NDK_HOME because support was removed after deprecation period.
[        ] C/C++: sdkFolder is /opt/android-sdk
[        ] C/C++: android.ndkVersion from module build.gradle is [28.2.13676358]
[        ] C/C++: android.ndkPath from module build.gradle is not set
[        ] C/C++: ndk.dir in local.properties is not set
[        ] C/C++: Not considering ANDROID_NDK_HOME because support was removed after deprecation period.
[        ] C/C++: sdkFolder is /opt/android-sdk
[        ] C/C++: android.ndkVersion from module build.gradle is [28.2.13676358]
[        ] C/C++: android.ndkPath from module build.gradle is not set
[        ] C/C++: ndk.dir in local.properties is not set
[        ] C/C++: Not considering ANDROID_NDK_HOME because support was removed after deprecation period.
[        ] C/C++: sdkFolder is /opt/android-sdk
[        ] C/C++: android.ndkVersion from module build.gradle is [28.2.13676358]
[        ] C/C++: android.ndkPath from module build.gradle is not set
[        ] C/C++: ndk.dir in local.properties is not set
[        ] C/C++: Not considering ANDROID_NDK_HOME because support was removed after deprecation period.
[        ] C/C++: sdkFolder is /opt/android-sdk
[        ] C/C++: android.ndkVersion from module build.gradle is [28.2.13676358]
[        ] C/C++: android.ndkPath from module build.gradle is not set
[        ] C/C++: ndk.dir in local.properties is not set
[        ] C/C++: Not considering ANDROID_NDK_HOME because support was removed after deprecation period.
[        ] C/C++: sdkFolder is /opt/android-sdk
[        ] C/C++: android.ndkVersion from module build.gradle is [28.2.13676358]
[        ] C/C++: android.ndkPath from module build.gradle is not set
[        ] C/C++: ndk.dir in local.properties is not set
[        ] C/C++: Not considering ANDROID_NDK_HOME because support was removed after deprecation period.
[        ] C/C++: sdkFolder is /opt/android-sdk
[        ] C/C++: android.ndkVersion from module build.gradle is [28.2.13676358]
[        ] C/C++: android.ndkPath from module build.gradle is not set
[        ] C/C++: ndk.dir in local.properties is not set
[        ] C/C++: Not considering ANDROID_NDK_HOME because support was removed after deprecation period.
[        ] C/C++: sdkFolder is /opt/android-sdk
[        ] C/C++: android.ndkVersion from module build.gradle is [28.2.13676358]
[        ] C/C++: android.ndkPath from module build.gradle is not set
[        ] C/C++: ndk.dir in local.properties is not set
[        ] C/C++: Not considering ANDROID_NDK_HOME because support was removed after deprecation period.
[        ] C/C++: sdkFolder is /opt/android-sdk
[        ] C/C++: android.ndkVersion from module build.gradle is [28.2.13676358]
[        ] C/C++: android.ndkPath from module build.gradle is not set
[        ] C/C++: ndk.dir in local.properties is not set
[        ] C/C++: Not considering ANDROID_NDK_HOME because support was removed after deprecation period.
[        ] C/C++: sdkFolder is /opt/android-sdk
[        ] C/C++: android.ndkVersion from module build.gradle is [28.2.13676358]
[        ] C/C++: android.ndkPath from module build.gradle is not set
[        ] C/C++: ndk.dir in local.properties is not set
[        ] C/C++: Not considering ANDROID_NDK_HOME because support was removed after deprecation period.
[        ] C/C++: sdkFolder is /opt/android-sdk
[        ] C/C++: android.ndkVersion from module build.gradle is [28.2.13676358]
[        ] C/C++: android.ndkPath from module build.gradle is not set
[        ] C/C++: ndk.dir in local.properties is not set
[        ] C/C++: Not considering ANDROID_NDK_HOME because support was removed after deprecation period.
[        ] C/C++: sdkFolder is /opt/android-sdk
[        ] C/C++: android.ndkVersion from module build.gradle is [28.2.13676358]
[        ] C/C++: android.ndkPath from module build.gradle is not set
[        ] C/C++: ndk.dir in local.properties is not set
[        ] C/C++: Not considering ANDROID_NDK_HOME because support was removed after deprecation period.
[        ] C/C++: sdkFolder is /opt/android-sdk
[        ] C/C++: android.ndkVersion from module build.gradle is [28.2.13676358]
[        ] C/C++: android.ndkPath from module build.gradle is not set
[        ] C/C++: ndk.dir in local.properties is not set
[        ] C/C++: Not considering ANDROID_NDK_HOME because support was removed after deprecation period.
[        ] C/C++: sdkFolder is /opt/android-sdk
[        ] C/C++: android.ndkVersion from module build.gradle is [28.2.13676358]
[        ] C/C++: android.ndkPath from module build.gradle is not set
[        ] C/C++: ndk.dir in local.properties is not set
[        ] C/C++: Not considering ANDROID_NDK_HOME because support was removed after deprecation period.
[        ] C/C++: sdkFolder is /opt/android-sdk
[        ] C/C++: android.ndkVersion from module build.gradle is [28.2.13676358]
[        ] C/C++: android.ndkPath from module build.gradle is not set
[        ] C/C++: ndk.dir in local.properties is not set
[        ] C/C++: Not considering ANDROID_NDK_HOME because support was removed after deprecation period.
[        ] C/C++: sdkFolder is /opt/android-sdk
[        ] C/C++: android.ndkVersion from module build.gradle is [28.2.13676358]
[        ] C/C++: android.ndkPath from module build.gradle is not set
[        ] C/C++: ndk.dir in local.properties is not set
[        ] C/C++: Not considering ANDROID_NDK_HOME because support was removed after deprecation period.
[        ] C/C++: sdkFolder is /opt/android-sdk
[        ] C/C++: android.ndkVersion from module build.gradle is [28.2.13676358]
[        ] C/C++: android.ndkPath from module build.gradle is not set
[        ] C/C++: ndk.dir in local.properties is not set
[        ] C/C++: Not considering ANDROID_NDK_HOME because support was removed after deprecation period.
[        ] C/C++: sdkFolder is /opt/android-sdk
[        ] C/C++: android.ndkVersion from module build.gradle is [28.2.13676358]
[        ] C/C++: android.ndkPath from module build.gradle is not set
[        ] C/C++: ndk.dir in local.properties is not set
[        ] C/C++: Not considering ANDROID_NDK_HOME because support was removed after deprecation period.
[        ] C/C++: sdkFolder is /opt/android-sdk
[        ] C/C++: android.ndkVersion from module build.gradle is [28.2.13676358]
[        ] C/C++: android.ndkPath from module build.gradle is not set
[        ] C/C++: ndk.dir in local.properties is not set
[        ] C/C++: Not considering ANDROID_NDK_HOME because support was removed after deprecation period.
[        ] C/C++: sdkFolder is /opt/android-sdk
[+1995 ms] > Configure project :audioplayers_android
[        ] Evaluating project ':audioplayers_android' using build file '/root/.pub-cache/hosted/pub.dev/audioplayers_android-4.0.3/android/build.gradle'.
[        ] Caching disabled for Groovy DSL script compilation (cp_proj) because:
[        ]   Build cache is disabled
[        ]   Not worth caching.
[        ] Compiling build file '/root/.pub-cache/hosted/pub.dev/audioplayers_android-4.0.3/android/build.gradle' using SubsetScriptTransformer.
[        ] Resource missing. [HTTP GET: https://dl.google.com/dl/android/maven2/de/mannodermaus/gradle/plugins/android-junit5/1.7.1.1/android-junit5-1.7.1.1.pom]
[        ] Resource missing. [HTTP GET: https://dl.google.com/dl/android/maven2/org/jetbrains/kotlin/kotlin-gradle-plugin/1.7.10/kotlin-gradle-plugin-1.7.10.pom]
[        ] Downloading https://dl.google.com/dl/android/maven2/com/android/tools/build/gradle/7.3.1/gradle-7.3.1.pom to /root/.gradle/.tmp/gradle_download8712116719789307804bin
[        ] Downloading https://repo.maven.apache.org/maven2/org/jetbrains/kotlin/kotlin-gradle-plugin/1.7.10/kotlin-gradle-plugin-1.7.10.pom to /root/.gradle/.tmp/gradle_download16583831920848938470bin
[        ] Downloading https://repo.maven.apache.org/maven2/de/mannodermaus/gradle/plugins/android-junit5/1.7.1.1/android-junit5-1.7.1.1.pom to /root/.gradle/.tmp/gradle_download17703048127504885499bin
[        ] Downloading https://repo.maven.apache.org/maven2/org/jetbrains/kotlin/kotlin-gradle-plugin/1.7.10/kotlin-gradle-plugin-1.7.10.module to /root/.gradle/.tmp/gradle_download18215048491252970418bin
[        ] Downloading https://dl.google.com/dl/android/maven2/com/android/tools/build/gradle/7.3.1/gradle-7.3.1.module to /root/.gradle/.tmp/gradle_download9255072295232933085bin
[        ] Downloading https://dl.google.com/dl/android/maven2/com/android/tools/sdklib/30.3.1/sdklib-30.3.1.pom to /root/.gradle/.tmp/gradle_download8053997962196068988bin
[        ] Downloading https://dl.google.com/dl/android/maven2/com/android/tools/analytics-library/crash/30.3.1/crash-30.3.1.pom to /root/.gradle/.tmp/gradle_download16835627387287994046bin
[        ] Downloading https://dl.google.com/dl/android/maven2/com/android/tools/ddms/ddmlib/30.3.1/ddmlib-30.3.1.pom to /root/.gradle/.tmp/gradle_download11992657165488312105bin
[        ] Downloading https://dl.google.com/dl/android/maven2/com/android/tools/build/aapt2-proto/7.3.1-8691043/aapt2-proto-7.3.1-8691043.pom to /root/.gradle/.tmp/gradle_download10518173798559655362bin
[        ] Downloading https://dl.google.com/dl/android/maven2/com/android/tools/lint/lint-model/30.3.1/lint-model-30.3.1.pom to /root/.gradle/.tmp/gradle_download5033267886231246081bin
[        ] Downloading https://dl.google.com/dl/android/maven2/com/android/tools/repository/30.3.1/repository-30.3.1.pom to /root/.gradle/.tmp/gradle_download13858113343125845389bin
[        ] Downloading https://dl.google.com/dl/android/maven2/com/android/tools/lint/lint-typedef-remover/30.3.1/lint-typedef-remover-30.3.1.pom to /root/.gradle/.tmp/gradle_download12635489955126882208bin
[        ] Downloading https://dl.google.com/dl/android/maven2/com/android/tools/analytics-library/shared/30.3.1/shared-30.3.1.pom to /root/.gradle/.tmp/gradle_download11519896530882545637bin
[        ] Downloading https://dl.google.com/dl/android/maven2/com/android/tools/build/aaptcompiler/7.3.1/aaptcompiler-7.3.1.pom to /root/.gradle/.tmp/gradle_download6623547838290092381bin
[        ] Downloading https://dl.google.com/dl/android/maven2/androidx/databinding/databinding-common/7.3.1/databinding-common-7.3.1.pom to /root/.gradle/.tmp/gradle_download16061747840645935593bin
[        ] Downloading https://dl.google.com/dl/android/maven2/com/android/tools/sdk-common/30.3.1/sdk-common-30.3.1.pom to /root/.gradle/.tmp/gradle_download10934654398254562542bin
[        ] Downloading https://dl.google.com/dl/android/maven2/androidx/databinding/databinding-compiler-common/7.3.1/databinding-compiler-common-7.3.1.pom to /root/.gradle/.tmp/gradle_download5155248018384721119bin
[ +398 ms] Downloading https://dl.google.com/dl/android/maven2/com/android/tools/layoutlib/layoutlib-api/30.3.1/layoutlib-api-30.3.1.pom to /root/.gradle/.tmp/gradle_download18389836436280560538bin
[        ] Downloading https://dl.google.com/dl/android/maven2/com/android/databinding/baseLibrary/7.3.1/baseLibrary-7.3.1.pom to /root/.gradle/.tmp/gradle_download11348598608488532479bin
[  +99 ms] Downloading https://dl.google.com/dl/android/maven2/com/android/tools/build/builder-test-api/7.3.1/builder-test-api-7.3.1.pom to /root/.gradle/.tmp/gradle_download5574732169324016859bin
[        ] Resource missing. [HTTP GET: https://dl.google.com/dl/android/maven2/org/jetbrains/kotlin/kotlin-stdlib-jdk8/1.5.31/kotlin-stdlib-jdk8-1.5.31.pom]
[        ] Downloading https://dl.google.com/dl/android/maven2/com/android/tools/utp/android-test-plugin-host-retention-proto/30.3.1/android-test-plugin-host-retention-proto-30.3.1.pom to /root/.gradle/.tmp/gradle_download14041002570311337493bin
[  +99 ms] Downloading https://dl.google.com/dl/android/maven2/com/android/tools/utp/android-test-plugin-host-additional-test-output-proto/30.3.1/android-test-plugin-host-additional-test-output-proto-30.3.1.pom to /root/.gradle/.tmp/gradle_download875401577052417006bin
[        ] Downloading https://dl.google.com/dl/android/maven2/com/android/tools/utp/android-device-provider-gradle-proto/30.3.1/android-device-provider-gradle-proto-30.3.1.pom to /root/.gradle/.tmp/gradle_download12441450555589959036bin
[        ] Downloading https://dl.google.com/dl/android/maven2/com/android/tools/utp/android-test-plugin-result-listener-gradle-proto/30.3.1/android-test-plugin-result-listener-gradle-proto-30.3.1.pom to /root/.gradle/.tmp/gradle_download5912038671712357948bin
[        ] Downloading https://repo.maven.apache.org/maven2/org/jetbrains/kotlin/kotlin-stdlib-jdk8/1.5.31/kotlin-stdlib-jdk8-1.5.31.pom to /root/.gradle/.tmp/gradle_download2013863493987760694bin
[        ] Downloading https://dl.google.com/dl/android/maven2/com/android/tools/utp/android-device-provider-ddmlib-proto/30.3.1/android-device-provider-ddmlib-proto-30.3.1.pom to /root/.gradle/.tmp/gradle_download10676817202710875150bin
[        ] Downloading https://dl.google.com/dl/android/maven2/com/android/tools/build/aapt2-proto/7.3.1-8691043/aapt2-proto-7.3.1-8691043.module to /root/.gradle/.tmp/gradle_download11849502591430135398bin
[        ] Downloading https://dl.google.com/dl/android/maven2/com/android/tools/build/aaptcompiler/7.3.1/aaptcompiler-7.3.1.module to /root/.gradle/.tmp/gradle_download8454326125478597237bin
[        ] Downloading https://dl.google.com/dl/android/maven2/com/android/tools/utp/android-test-plugin-host-coverage-proto/30.3.1/android-test-plugin-host-coverage-proto-30.3.1.pom to /root/.gradle/.tmp/gradle_download15517640934402152829bin
[        ] Downloading https://dl.google.com/dl/android/maven2/com/android/tools/build/builder-test-api/7.3.1/builder-test-api-7.3.1.module to /root/.gradle/.tmp/gradle_download14762711887067026939bin
[  +99 ms] Resource missing. [HTTP GET: https://dl.google.com/dl/android/maven2/org/ow2/asm/asm/9.1/asm-9.1.pom]
[        ] Downloading https://repo.maven.apache.org/maven2/org/ow2/asm/asm/9.1/asm-9.1.pom to /root/.gradle/.tmp/gradle_download12277645366387682108bin
[        ] Resource missing. [HTTP GET: https://dl.google.com/dl/android/maven2/org/ow2/asm/asm-util/9.1/asm-util-9.1.pom]
[        ] Resource missing. [HTTP GET: https://dl.google.com/dl/android/maven2/commons-io/commons-io/2.4/commons-io-2.4.pom]
[        ] Resource missing. [HTTP GET: https://dl.google.com/dl/android/maven2/org/ow2/asm/asm-analysis/9.1/asm-analysis-9.1.pom]
[        ] Downloading https://repo.maven.apache.org/maven2/org/ow2/asm/asm-util/9.1/asm-util-9.1.pom to /root/.gradle/.tmp/gradle_download15376980502907291141bin
[        ] Downloading https://repo.maven.apache.org/maven2/commons-io/commons-io/2.4/commons-io-2.4.pom to /root/.gradle/.tmp/gradle_download911513874596034971bin
[        ] Resource missing. [HTTP GET: https://dl.google.com/dl/android/maven2/com/google/protobuf/protobuf-java/3.17.2/protobuf-java-3.17.2.pom]
[        ] Resource missing. [HTTP GET: https://dl.google.com/dl/android/maven2/com/google/protobuf/protobuf-java-util/3.17.2/protobuf-java-util-3.17.2.pom]
[        ] Resource missing. [HTTP GET: https://dl.google.com/dl/android/maven2/com/google/code/gson/gson/2.8.6/gson-2.8.6.pom]
[        ] Downloading https://repo.maven.apache.org/maven2/org/ow2/asm/asm-analysis/9.1/asm-analysis-9.1.pom to /root/.gradle/.tmp/gradle_download2330805773702886794bin
[        ] Resource missing. [HTTP GET: https://dl.google.com/dl/android/maven2/org/bouncycastle/bcpkix-jdk15on/1.67/bcpkix-jdk15on-1.67.pom]
[        ] Downloading https://repo.maven.apache.org/maven2/com/google/protobuf/protobuf-java/3.17.2/protobuf-java-3.17.2.pom to /root/.gradle/.tmp/gradle_download11160876874640506859bin
[        ] Downloading https://repo.maven.apache.org/maven2/com/google/protobuf/protobuf-java-util/3.17.2/protobuf-java-util-3.17.2.pom to /root/.gradle/.tmp/gradle_download9845282560478722796bin
[  +99 ms] Downloading https://repo.maven.apache.org/maven2/org/bouncycastle/bcpkix-jdk15on/1.67/bcpkix-jdk15on-1.67.pom to /root/.gradle/.tmp/gradle_download9282734891419608091bin
[        ] Resource missing. [HTTP GET: https://dl.google.com/dl/android/maven2/org/ow2/asm/asm-commons/9.1/asm-commons-9.1.pom]
[        ] Downloading https://repo.maven.apache.org/maven2/com/google/code/gson/gson/2.8.6/gson-2.8.6.pom to /root/.gradle/.tmp/gradle_download5549561075154372280bin
[        ] Resource missing. [HTTP GET: https://dl.google.com/dl/android/maven2/io/grpc/grpc-core/1.39.0/grpc-core-1.39.0.pom]
[        ] Downloading https://dl.google.com/dl/android/maven2/com/android/tools/build/bundletool/1.9.0/bundletool-1.9.0.pom to /root/.gradle/.tmp/gradle_download14112283917922560964bin
[        ] Downloading https://repo.maven.apache.org/maven2/org/ow2/asm/asm-commons/9.1/asm-commons-9.1.pom to /root/.gradle/.tmp/gradle_download9182138758388078570bin
[        ] Downloading https://repo.maven.apache.org/maven2/io/grpc/grpc-core/1.39.0/grpc-core-1.39.0.pom to /root/.gradle/.tmp/gradle_download12091003885255620146bin
[ +399 ms] Resource missing. [HTTP GET: https://dl.google.com/dl/android/maven2/org/ow2/ow2/1.5/ow2-1.5.pom]
[        ] Resource missing. [HTTP GET: https://dl.google.com/dl/android/maven2/io/grpc/grpc-netty/1.39.0/grpc-netty-1.39.0.pom]
[        ] Resource missing. [HTTP GET: https://dl.google.com/dl/android/maven2/io/grpc/grpc-protobuf/1.39.0/grpc-protobuf-1.39.0.pom]
[  +99 ms] Downloading https://repo.maven.apache.org/maven2/io/grpc/grpc-netty/1.39.0/grpc-netty-1.39.0.pom to /root/.gradle/.tmp/gradle_download12072181521104502391bin
[        ] Downloading https://repo.maven.apache.org/maven2/org/ow2/ow2/1.5/ow2-1.5.pom to /root/.gradle/.tmp/gradle_download7613365684788015788bin
[        ] Downloading https://repo.maven.apache.org/maven2/io/grpc/grpc-protobuf/1.39.0/grpc-protobuf-1.39.0.pom to /root/.gradle/.tmp/gradle_download17839855554493053278bin
[        ] Resource missing. [HTTP GET: https://dl.google.com/dl/android/maven2/com/google/protobuf/protobuf-parent/3.17.2/protobuf-parent-3.17.2.pom]
[        ] Downloading https://repo.maven.apache.org/maven2/com/google/protobuf/protobuf-parent/3.17.2/protobuf-parent-3.17.2.pom to /root/.gradle/.tmp/gradle_download4576367161104396843bin
[        ] Resource missing. [HTTP GET: https://dl.google.com/dl/android/maven2/io/grpc/grpc-stub/1.39.0/grpc-stub-1.39.0.pom]
[        ] Resource missing. [HTTP GET: https://dl.google.com/dl/android/maven2/org/apache/commons/commons-parent/25/commons-parent-25.pom]
[        ] Downloading https://repo.maven.apache.org/maven2/io/grpc/grpc-stub/1.39.0/grpc-stub-1.39.0.pom to /root/.gradle/.tmp/gradle_download8132135372489745270bin
[        ] Resource missing. [HTTP GET: https://dl.google.com/dl/android/maven2/com/google/code/gson/gson-parent/2.8.6/gson-parent-2.8.6.pom]
[        ] Downloading https://repo.maven.apache.org/maven2/org/apache/commons/commons-parent/25/commons-parent-25.pom to /root/.gradle/.tmp/gradle_download14508406103024443603bin
[        ] Downloading https://repo.maven.apache.org/maven2/com/google/code/gson/gson-parent/2.8.6/gson-parent-2.8.6.pom to /root/.gradle/.tmp/gradle_download7090543354255526079bin
[  +99 ms] Resource missing. [HTTP GET: https://dl.google.com/dl/android/maven2/com/google/crypto/tink/tink/1.3.0-rc2/tink-1.3.0-rc2.pom]
[        ] Downloading https://repo.maven.apache.org/maven2/com/google/crypto/tink/tink/1.3.0-rc2/tink-1.3.0-rc2.pom to /root/.gradle/.tmp/gradle_download12403403842483082401bin
[        ] Downloading https://dl.google.com/dl/android/maven2/com/android/tools/build/builder-model/7.3.1/builder-model-7.3.1.pom to /root/.gradle/.tmp/gradle_download14356772077781613097bin
[        ] Resource missing. [HTTP GET: https://dl.google.com/dl/android/maven2/org/tensorflow/tensorflow-lite-metadata/0.1.0-rc2/tensorflow-lite-metadata-0.1.0-rc2.pom]
[        ] Downloading https://repo.maven.apache.org/maven2/org/tensorflow/tensorflow-lite-metadata/0.1.0-rc2/tensorflow-lite-metadata-0.1.0-rc2.pom to /root/.gradle/.tmp/gradle_download3163628793505965095bin
[        ] Downloading https://dl.google.com/dl/android/maven2/com/android/tools/build/builder/7.3.1/builder-7.3.1.pom to /root/.gradle/.tmp/gradle_download6797372010178522021bin
[        ] Downloading https://dl.google.com/dl/android/maven2/com/android/tools/build/gradle-api/7.3.1/gradle-api-7.3.1.pom to /root/.gradle/.tmp/gradle_download15459516573018296941bin
[  +99 ms] Resource missing. [HTTP GET: https://dl.google.com/dl/android/maven2/org/apache/apache/9/apache-9.pom]
[        ] Downloading https://dl.google.com/dl/android/maven2/com/google/testing/platform/core-proto/0.0.8-alpha07/core-proto-0.0.8-alpha07.pom to /root/.gradle/.tmp/gradle_download319224962001805504bin
[        ] Downloading https://repo.maven.apache.org/maven2/org/apache/apache/9/apache-9.pom to /root/.gradle/.tmp/gradle_download2386822824668842055bin
[        ] Resource missing. [HTTP GET: https://dl.google.com/dl/android/maven2/com/google/protobuf/protobuf-bom/3.17.2/protobuf-bom-3.17.2.pom]
[        ] Downloading https://repo.maven.apache.org/maven2/com/google/protobuf/protobuf-bom/3.17.2/protobuf-bom-3.17.2.pom to /root/.gradle/.tmp/gradle_download3336889862332294130bin
[ +499 ms] Downloading https://dl.google.com/dl/android/maven2/com/android/tools/build/builder/7.3.1/builder-7.3.1.module to /root/.gradle/.tmp/gradle_download15867678092311694580bin
[        ] Downloading https://dl.google.com/dl/android/maven2/com/android/tools/build/gradle-api/7.3.1/gradle-api-7.3.1.module to /root/.gradle/.tmp/gradle_download4754840936575843879bin
[        ] Downloading https://dl.google.com/dl/android/maven2/com/android/tools/build/builder-model/7.3.1/builder-model-7.3.1.module to /root/.gradle/.tmp/gradle_download3434139641265993369bin
[ +199 ms] Resource missing. [HTTP HEAD: https://dl.google.com/dl/android/maven2/com/google/code/gson/gson/2.8.9/gson-2.8.9.pom]
[        ] Found locally available resource with matching checksum: [https://repo.maven.apache.org/maven2/com/google/code/gson/gson/2.8.9/gson-2.8.9.pom, /root/.gradle/caches/modules-2/files-2.1/com.google.code.gson/gson/2.8.9/e40b03e4cc2b52efb19af75c07596e9d15a52d82/gson-2.8.9.pom]
[ +499 ms] Resource missing. [HTTP HEAD: https://dl.google.com/dl/android/maven2/com/google/code/gson/gson-parent/2.8.9/gson-parent-2.8.9.pom]
[        ] Found locally available resource with matching checksum: [https://repo.maven.apache.org/maven2/com/google/code/gson/gson-parent/2.8.9/gson-parent-2.8.9.pom, /root/.gradle/caches/modules-2/files-2.1/com.google.code.gson/gson-parent/2.8.9/c3fdad2fa3239f928ad9c77a9f9c9379f6bde7a/gson-parent-2.8.9.pom]
[ +199 ms] Resource missing. [HTTP GET: https://dl.google.com/dl/android/maven2/org/jetbrains/kotlin/kotlin-gradle-plugin-model/1.7.10/kotlin-gradle-plugin-model-1.7.10.pom]
[        ] Resource missing. [HTTP GET: https://dl.google.com/dl/android/maven2/com/google/guava/guava/29.0-jre/guava-29.0-jre.pom]
[        ] Resource missing. [HTTP GET: https://dl.google.com/dl/android/maven2/de/undercouch/gradle-download-task/4.1.1/gradle-download-task-4.1.1.pom]
[        ] Resource missing. [HTTP GET: https://dl.google.com/dl/android/maven2/org/jetbrains/kotlin/kotlin-klib-commonizer-api/1.7.10/kotlin-klib-commonizer-api-1.7.10.pom]
[        ] Resource missing. [HTTP GET: https://dl.google.com/dl/android/maven2/com/github/gundy/semver4j/0.16.4/semver4j-0.16.4.pom]
[        ] Downloading https://repo.maven.apache.org/maven2/org/jetbrains/kotlin/kotlin-gradle-plugin-model/1.7.10/kotlin-gradle-plugin-model-1.7.10.pom to /root/.gradle/.tmp/gradle_download5558909593187776778bin
[        ] Downloading https://repo.maven.apache.org/maven2/de/undercouch/gradle-download-task/4.1.1/gradle-download-task-4.1.1.pom to /root/.gradle/.tmp/gradle_download13777314606333226020bin
[        ] Downloading https://repo.maven.apache.org/maven2/com/google/guava/guava/29.0-jre/guava-29.0-jre.pom to /root/.gradle/.tmp/gradle_download537754482892775342bin
[        ] Downloading https://repo.maven.apache.org/maven2/org/jetbrains/kotlin/kotlin-klib-commonizer-api/1.7.10/kotlin-klib-commonizer-api-1.7.10.pom to /root/.gradle/.tmp/gradle_download8075410955729500316bin
[        ] Downloading https://repo.maven.apache.org/maven2/org/jetbrains/kotlin/kotlin-gradle-plugin-model/1.7.10/kotlin-gradle-plugin-model-1.7.10.module to /root/.gradle/.tmp/gradle_download762005004002949944bin
[        ] Resource missing. [HTTP GET: https://dl.google.com/dl/android/maven2/org/jetbrains/kotlin/kotlin-tooling-core/1.7.10/kotlin-tooling-core-1.7.10.pom]
[        ] Resource missing. [HTTP GET: https://dl.google.com/dl/android/maven2/org/jetbrains/kotlin/kotlin-util-klib/1.7.10/kotlin-util-klib-1.7.10.pom]
[        ] Resource missing. [HTTP GET: https://dl.google.com/dl/android/maven2/org/jetbrains/kotlin/kotlin-project-model/1.7.10/kotlin-project-model-1.7.10.pom]
[        ] Downloading https://repo.maven.apache.org/maven2/com/github/gundy/semver4j/0.16.4/semver4j-0.16.4.pom to /root/.gradle/.tmp/gradle_download13183744794313261647bin
[        ] Resource missing. [HTTP GET: https://dl.google.com/dl/android/maven2/org/jetbrains/kotlin/kotlin-gradle-plugin-api/1.7.10/kotlin-gradle-plugin-api-1.7.10.pom]
[        ] Downloading https://repo.maven.apache.org/maven2/org/jetbrains/kotlin/kotlin-util-klib/1.7.10/kotlin-util-klib-1.7.10.pom to /root/.gradle/.tmp/gradle_download13461643946330465281bin
[        ] Downloading https://repo.maven.apache.org/maven2/org/jetbrains/kotlin/kotlin-tooling-core/1.7.10/kotlin-tooling-core-1.7.10.pom to /root/.gradle/.tmp/gradle_download5400362472519713115bin
[        ] Downloading https://repo.maven.apache.org/maven2/org/jetbrains/kotlin/kotlin-project-model/1.7.10/kotlin-project-model-1.7.10.pom to /root/.gradle/.tmp/gradle_download13381025936451445619bin
[        ] Downloading https://repo.maven.apache.org/maven2/org/jetbrains/kotlin/kotlin-gradle-plugin-api/1.7.10/kotlin-gradle-plugin-api-1.7.10.pom to /root/.gradle/.tmp/gradle_download12489906832956055036bin
[        ] Downloading https://repo.maven.apache.org/maven2/org/jetbrains/kotlin/kotlin-gradle-plugin-api/1.7.10/kotlin-gradle-plugin-api-1.7.10.module to /root/.gradle/.tmp/gradle_download9818934334992916368bin
[        ] Resource missing. [HTTP GET: https://dl.google.com/dl/android/maven2/org/jetbrains/kotlin/kotlin-gradle-plugin-idea/1.7.10/kotlin-gradle-plugin-idea-1.7.10.pom]
[  +98 ms] Downloading https://repo.maven.apache.org/maven2/org/jetbrains/kotlin/kotlin-gradle-plugin-idea/1.7.10/kotlin-gradle-plugin-idea-1.7.10.pom to /root/.gradle/.tmp/gradle_download3998293810581069336bin
[  +99 ms] Resource missing. [HTTP GET: https://dl.google.com/dl/android/maven2/org/jetbrains/kotlin/kotlin-tooling-metadata/1.7.10/kotlin-tooling-metadata-1.7.10.pom]
[        ] Downloading https://repo.maven.apache.org/maven2/org/jetbrains/kotlin/kotlin-tooling-metadata/1.7.10/kotlin-tooling-metadata-1.7.10.pom to /root/.gradle/.tmp/gradle_download11571460950527730408bin
[ +300 ms] Resource missing. [HTTP GET: https://dl.google.com/dl/android/maven2/org/jetbrains/kotlin/kotlin-android-extensions/1.7.10/kotlin-android-extensions-1.7.10.pom]
[  +99 ms] Resource missing. [HTTP GET: https://dl.google.com/dl/android/maven2/com/google/guava/guava-parent/29.0-jre/guava-parent-29.0-jre.pom]
[        ] Downloading https://repo.maven.apache.org/maven2/org/jetbrains/kotlin/kotlin-android-extensions/1.7.10/kotlin-android-extensions-1.7.10.pom to /root/.gradle/.tmp/gradle_download9342068202438285676bin
[        ] Resource missing. [HTTP GET: https://dl.google.com/dl/android/maven2/org/jetbrains/kotlin/kotlin-annotation-processing-gradle/1.7.10/kotlin-annotation-processing-gradle-1.7.10.pom]
[        ] Resource missing. [HTTP GET: https://dl.google.com/dl/android/maven2/org/jetbrains/kotlin/kotlin-scripting-compiler-impl-embeddable/1.7.10/kotlin-scripting-compiler-impl-embeddable-1.7.10.pom]
[        ] Downloading https://repo.maven.apache.org/maven2/com/google/guava/guava-parent/29.0-jre/guava-parent-29.0-jre.pom to /root/.gradle/.tmp/gradle_download11131947042344078152bin
[        ] Downloading https://repo.maven.apache.org/maven2/org/jetbrains/kotlin/kotlin-annotation-processing-gradle/1.7.10/kotlin-annotation-processing-gradle-1.7.10.pom to /root/.gradle/.tmp/gradle_download7962704289042662930bin
[        ] Resource missing. [HTTP GET: https://dl.google.com/dl/android/maven2/org/jetbrains/kotlin/kotlin-compiler-runner/1.7.10/kotlin-compiler-runner-1.7.10.pom]
[        ] Resource missing. [HTTP GET: https://dl.google.com/dl/android/maven2/org/jetbrains/kotlin/kotlin-compiler-embeddable/1.7.10/kotlin-compiler-embeddable-1.7.10.pom]
[        ] Downloading https://repo.maven.apache.org/maven2/org/jetbrains/kotlin/kotlin-scripting-compiler-impl-embeddable/1.7.10/kotlin-scripting-compiler-impl-embeddable-1.7.10.pom to /root/.gradle/.tmp/gradle_download5454746284460881430bin
[        ] Downloading https://repo.maven.apache.org/maven2/org/jetbrains/kotlin/kotlin-compiler-runner/1.7.10/kotlin-compiler-runner-1.7.10.pom to /root/.gradle/.tmp/gradle_download14908345066626590042bin
[        ] Resource missing. [HTTP GET: https://dl.google.com/dl/android/maven2/org/jetbrains/kotlin/kotlin-scripting-compiler-embeddable/1.7.10/kotlin-scripting-compiler-embeddable-1.7.10.pom]
[        ] Downloading https://repo.maven.apache.org/maven2/org/jetbrains/kotlin/kotlin-compiler-embeddable/1.7.10/kotlin-compiler-embeddable-1.7.10.pom to /root/.gradle/.tmp/gradle_download5732028639755581396bin
[        ] Downloading https://repo.maven.apache.org/maven2/org/jetbrains/kotlin/kotlin-scripting-compiler-embeddable/1.7.10/kotlin-scripting-compiler-embeddable-1.7.10.pom to /root/.gradle/.tmp/gradle_download15903228428095337592bin
[ +198 ms] Resource missing. [HTTP GET: https://dl.google.com/dl/android/maven2/com/annimon/stream/1.2.1/stream-1.2.1.pom]
[        ] Downloading https://repo.maven.apache.org/maven2/com/annimon/stream/1.2.1/stream-1.2.1.pom to /root/.gradle/.tmp/gradle_download1035207091344336217bin
[        ] Resource missing. [HTTP GET: https://dl.google.com/dl/android/maven2/com/github/zafarkhaja/java-semver/0.9.0/java-semver-0.9.0.pom]
[        ] Resource missing. [HTTP GET: https://dl.google.com/dl/android/maven2/org/junit/platform/junit-platform-commons/1.7.1/junit-platform-commons-1.7.1.pom]
[        ] Downloading https://repo.maven.apache.org/maven2/com/github/zafarkhaja/java-semver/0.9.0/java-semver-0.9.0.pom to /root/.gradle/.tmp/gradle_download12806289455372192624bin
[        ] Downloading https://repo.maven.apache.org/maven2/org/junit/platform/junit-platform-commons/1.7.1/junit-platform-commons-1.7.1.pom to /root/.gradle/.tmp/gradle_download10150330718714255807bin
[ +599 ms] Resource missing. [HTTP GET: https://dl.google.com/dl/android/maven2/org/junit/junit-bom/5.7.1/junit-bom-5.7.1.pom]
[        ] Downloading https://repo.maven.apache.org/maven2/org/junit/junit-bom/5.7.1/junit-bom-5.7.1.pom to /root/.gradle/.tmp/gradle_download14998333918757038563bin
[  +99 ms] Downloading https://repo.maven.apache.org/maven2/org/junit/junit-bom/5.7.1/junit-bom-5.7.1.module to /root/.gradle/.tmp/gradle_download12797146892712105309bin
[        ] Downloading https://repo.maven.apache.org/maven2/org/junit/platform/junit-platform-commons/1.7.1/junit-platform-commons-1.7.1.module to /root/.gradle/.tmp/gradle_download5396183690553287088bin
[ +199 ms] Resource missing. [HTTP GET: https://dl.google.com/dl/android/maven2/com/google/guava/guava/30.1-jre/guava-30.1-jre.pom]
[        ] Downloading https://repo.maven.apache.org/maven2/com/google/guava/guava/30.1-jre/guava-30.1-jre.pom to /root/.gradle/.tmp/gradle_download15355213854139314061bin
[ +499 ms] Resource missing. [HTTP GET: https://dl.google.com/dl/android/maven2/com/google/guava/guava-parent/30.1-jre/guava-parent-30.1-jre.pom]
[        ] Downloading https://repo.maven.apache.org/maven2/com/google/guava/guava-parent/30.1-jre/guava-parent-30.1-jre.pom to /root/.gradle/.tmp/gradle_download6281605456942954107bin
[ +199 ms] Downloading https://dl.google.com/dl/android/maven2/com/android/tools/common/30.3.1/common-30.3.1.pom to /root/.gradle/.tmp/gradle_download13934552000662649004bin
[        ] Resource missing. [HTTP GET: https://dl.google.com/dl/android/maven2/xerces/xercesImpl/2.12.0/xercesImpl-2.12.0.pom]
[        ] Resource missing. [HTTP GET: https://dl.google.com/dl/android/maven2/org/jetbrains/intellij/deps/trove4j/1.0.20181211/trove4j-1.0.20181211.pom]
[        ] Downloading https://repo.maven.apache.org/maven2/xerces/xercesImpl/2.12.0/xercesImpl-2.12.0.pom to /root/.gradle/.tmp/gradle_download12666394363636929619bin
[        ] Downloading https://repo.maven.apache.org/maven2/org/jetbrains/intellij/deps/trove4j/1.0.20181211/trove4j-1.0.20181211.pom to /root/.gradle/.tmp/gradle_download14341463551247563438bin
[        ] Resource missing. [HTTP GET: https://dl.google.com/dl/android/maven2/org/jetbrains/kotlin/kotlin-reflect/1.5.31/kotlin-reflect-1.5.31.pom]
[        ] Downloading https://repo.maven.apache.org/maven2/org/jetbrains/kotlin/kotlin-reflect/1.5.31/kotlin-reflect-1.5.31.pom to /root/.gradle/.tmp/gradle_download6250061784047252876bin
[        ] Resource missing. [HTTP GET: https://dl.google.com/dl/android/maven2/org/bouncycastle/bcprov-jdk15on/1.67/bcprov-jdk15on-1.67.pom]
[  +99 ms] Downloading https://repo.maven.apache.org/maven2/org/bouncycastle/bcprov-jdk15on/1.67/bcprov-jdk15on-1.67.pom to /root/.gradle/.tmp/gradle_download4700915343571316574bin
[ +399 ms] Resource missing. [HTTP GET: https://dl.google.com/dl/android/maven2/org/apache/httpcomponents/httpcore/4.4.13/httpcore-4.4.13.pom]
[        ] Resource missing. [HTTP GET: https://dl.google.com/dl/android/maven2/org/apache/commons/commons-compress/1.20/commons-compress-1.20.pom]
[        ] Downloading https://repo.maven.apache.org/maven2/org/apache/httpcomponents/httpcore/4.4.13/httpcore-4.4.13.pom to /root/.gradle/.tmp/gradle_download3968140196248932529bin
[        ] Downloading https://repo.maven.apache.org/maven2/org/apache/commons/commons-compress/1.20/commons-compress-1.20.pom to /root/.gradle/.tmp/gradle_download11667191516596429699bin
[  +99 ms] Downloading https://dl.google.com/dl/android/maven2/com/android/tools/dvlib/30.3.1/dvlib-30.3.1.pom to /root/.gradle/.tmp/gradle_download9423661654920061013bin
[ +200 ms] Resource missing. [HTTP GET: https://dl.google.com/dl/android/maven2/org/apache/commons/commons-parent/48/commons-parent-48.pom]
[        ] Downloading https://repo.maven.apache.org/maven2/org/apache/commons/commons-parent/48/commons-parent-48.pom to /root/.gradle/.tmp/gradle_download17411720440255263773bin
[        ] Resource missing. [HTTP GET: https://dl.google.com/dl/android/maven2/org/apache/httpcomponents/httpcomponents-core/4.4.13/httpcomponents-core-4.4.13.pom]
[        ] Downloading https://repo.maven.apache.org/maven2/org/apache/httpcomponents/httpcomponents-core/4.4.13/httpcomponents-core-4.4.13.pom to /root/.gradle/.tmp/gradle_download7254101825000968697bin
[ +499 ms] Downloading https://dl.google.com/dl/android/maven2/com/android/tools/annotations/30.3.1/annotations-30.3.1.pom to /root/.gradle/.tmp/gradle_download8121062069038614533bin
[        ] Resource missing. [HTTP GET: https://dl.google.com/dl/android/maven2/org/apache/httpcomponents/httpclient/4.5.13/httpclient-4.5.13.pom]
[        ] Downloading https://repo.maven.apache.org/maven2/org/apache/httpcomponents/httpclient/4.5.13/httpclient-4.5.13.pom to /root/.gradle/.tmp/gradle_download7958043217866744701bin
[ +199 ms] Resource missing. [HTTP GET: https://dl.google.com/dl/android/maven2/org/apache/httpcomponents/httpcomponents-client/4.5.13/httpcomponents-client-4.5.13.pom]
[  +99 ms] Downloading https://repo.maven.apache.org/maven2/org/apache/httpcomponents/httpcomponents-client/4.5.13/httpcomponents-client-4.5.13.pom to /root/.gradle/.tmp/gradle_download10221380129605506292bin
[ +399 ms] Downloading https://dl.google.com/dl/android/maven2/com/android/tools/analytics-library/protos/30.3.1/protos-30.3.1.pom to /root/.gradle/.tmp/gradle_download1592859697022184442bin
[ +200 ms] Resource missing. [HTTP GET: https://dl.google.com/dl/android/maven2/org/jetbrains/kotlin/kotlin-stdlib/1.5.31/kotlin-stdlib-1.5.31.pom]
[  +99 ms] Downloading https://repo.maven.apache.org/maven2/org/jetbrains/kotlin/kotlin-stdlib/1.5.31/kotlin-stdlib-1.5.31.pom to /root/.gradle/.tmp/gradle_download4517814119177129875bin
[        ] Resource missing. [HTTP GET: https://dl.google.com/dl/android/maven2/org/jetbrains/kotlin/kotlin-stdlib-jdk7/1.5.31/kotlin-stdlib-jdk7-1.5.31.pom]
[        ] Downloading https://repo.maven.apache.org/maven2/org/jetbrains/kotlin/kotlin-stdlib-jdk7/1.5.31/kotlin-stdlib-jdk7-1.5.31.pom to /root/.gradle/.tmp/gradle_download1979071829111051226bin
[ +499 ms] Resource missing. [HTTP GET: https://dl.google.com/dl/android/maven2/org/ow2/asm/asm-tree/9.1/asm-tree-9.1.pom]
[        ] Downloading https://repo.maven.apache.org/maven2/org/ow2/asm/asm-tree/9.1/asm-tree-9.1.pom to /root/.gradle/.tmp/gradle_download3995894230994960397bin
[ +199 ms] Resource missing. [HTTP GET: https://dl.google.com/dl/android/maven2/org/bitbucket/b_c/jose4j/0.7.0/jose4j-0.7.0.pom]
[        ] Downloading https://repo.maven.apache.org/maven2/org/bitbucket/b_c/jose4j/0.7.0/jose4j-0.7.0.pom to /root/.gradle/.tmp/gradle_download9403163574720516220bin
[ +699 ms] Resource missing. [HTTP GET: https://dl.google.com/dl/android/maven2/com/google/errorprone/error_prone_annotations/2.3.4/error_prone_annotations-2.3.4.pom]
[        ] Downloading https://repo.maven.apache.org/maven2/com/google/errorprone/error_prone_annotations/2.3.4/error_prone_annotations-2.3.4.pom to /root/.gradle/.tmp/gradle_download8405256254414730284bin
[ +200 ms] Resource missing. [HTTP GET: https://dl.google.com/dl/android/maven2/com/google/errorprone/error_prone_parent/2.3.4/error_prone_parent-2.3.4.pom]
[        ] Downloading https://repo.maven.apache.org/maven2/com/google/errorprone/error_prone_parent/2.3.4/error_prone_parent-2.3.4.pom to /root/.gradle/.tmp/gradle_download6220101504808612698bin
[ +499 ms] Resource missing. [HTTP GET: https://dl.google.com/dl/android/maven2/com/google/errorprone/error_prone_annotations/2.4.0/error_prone_annotations-2.4.0.pom]
[ +100 ms] Downloading https://repo.maven.apache.org/maven2/com/google/errorprone/error_prone_annotations/2.4.0/error_prone_annotations-2.4.0.pom to /root/.gradle/.tmp/gradle_download13334852561867749771bin
[ +100 ms] Resource missing. [HTTP GET: https://dl.google.com/dl/android/maven2/com/google/errorprone/error_prone_parent/2.4.0/error_prone_parent-2.4.0.pom]
[        ] Downloading https://repo.maven.apache.org/maven2/com/google/errorprone/error_prone_parent/2.4.0/error_prone_parent-2.4.0.pom to /root/.gradle/.tmp/gradle_download4937696740850475419bin
[ +199 ms] Resource missing. [HTTP GET: https://dl.google.com/dl/android/maven2/org/codehaus/mojo/animal-sniffer-annotations/1.19/animal-sniffer-annotations-1.19.pom]
[        ] Resource missing. [HTTP GET: https://dl.google.com/dl/android/maven2/io/perfmark/perfmark-api/0.23.0/perfmark-api-0.23.0.pom]
[        ] Downloading https://repo.maven.apache.org/maven2/org/codehaus/mojo/animal-sniffer-annotations/1.19/animal-sniffer-annotations-1.19.pom to /root/.gradle/.tmp/gradle_download1429356305498832863bin
[        ] Downloading https://repo.maven.apache.org/maven2/io/perfmark/perfmark-api/0.23.0/perfmark-api-0.23.0.pom to /root/.gradle/.tmp/gradle_download10882838590233958357bin
[        ] Downloading https://repo.maven.apache.org/maven2/io/perfmark/perfmark-api/0.23.0/perfmark-api-0.23.0.module to /root/.gradle/.tmp/gradle_download6200239559545857309bin
[ +399 ms] Resource missing. [HTTP GET: https://dl.google.com/dl/android/maven2/io/grpc/grpc-api/1.39.0/grpc-api-1.39.0.pom]
[        ] Downloading https://repo.maven.apache.org/maven2/io/grpc/grpc-api/1.39.0/grpc-api-1.39.0.pom to /root/.gradle/.tmp/gradle_download2090278828193146644bin
[  +99 ms] Resource missing. [HTTP GET: https://dl.google.com/dl/android/maven2/org/codehaus/mojo/animal-sniffer-parent/1.19/animal-sniffer-parent-1.19.pom]
[        ] Downloading https://repo.maven.apache.org/maven2/org/codehaus/mojo/animal-sniffer-parent/1.19/animal-sniffer-parent-1.19.pom to /root/.gradle/.tmp/gradle_download7419764699805521851bin
[ +300 ms] Resource missing. [HTTP GET: https://dl.google.com/dl/android/maven2/org/codehaus/mojo/mojo-parent/50/mojo-parent-50.pom]
[        ] Downloading https://repo.maven.apache.org/maven2/org/codehaus/mojo/mojo-parent/50/mojo-parent-50.pom to /root/.gradle/.tmp/gradle_download7359456209050191022bin
[  +99 ms] Resource missing. [HTTP GET: https://dl.google.com/dl/android/maven2/io/netty/netty-codec-http2/4.1.52.Final/netty-codec-http2-4.1.52.Final.pom]
[  +99 ms] Downloading https://repo.maven.apache.org/maven2/io/netty/netty-codec-http2/4.1.52.Final/netty-codec-http2-4.1.52.Final.pom to /root/.gradle/.tmp/gradle_download3593127816497207208bin
[ +200 ms] Resource missing. [HTTP GET: https://dl.google.com/dl/android/maven2/io/netty/netty-handler-proxy/4.1.52.Final/netty-handler-proxy-4.1.52.Final.pom]
[  +99 ms] Downloading https://repo.maven.apache.org/maven2/io/netty/netty-handler-proxy/4.1.52.Final/netty-handler-proxy-4.1.52.Final.pom to /root/.gradle/.tmp/gradle_download11103839243315091085bin
[ +200 ms] Resource missing. [HTTP GET: https://dl.google.com/dl/android/maven2/io/netty/netty-parent/4.1.52.Final/netty-parent-4.1.52.Final.pom]
[        ] Downloading https://repo.maven.apache.org/maven2/io/netty/netty-parent/4.1.52.Final/netty-parent-4.1.52.Final.pom to /root/.gradle/.tmp/gradle_download3215011697157715628bin
[  +99 ms] Resource missing. [HTTP GET: https://dl.google.com/dl/android/maven2/com/google/api/grpc/proto-google-common-protos/2.0.1/proto-google-common-protos-2.0.1.pom]
[  +99 ms] Resource missing. [HTTP GET: https://dl.google.com/dl/android/maven2/io/grpc/grpc-protobuf-lite/1.39.0/grpc-protobuf-lite-1.39.0.pom]
[        ] Downloading https://repo.maven.apache.org/maven2/com/google/api/grpc/proto-google-common-protos/2.0.1/proto-google-common-protos-2.0.1.pom to /root/.gradle/.tmp/gradle_download2121782410341159546bin
[        ] Downloading https://repo.maven.apache.org/maven2/io/grpc/grpc-protobuf-lite/1.39.0/grpc-protobuf-lite-1.39.0.pom to /root/.gradle/.tmp/gradle_download14382784500558306710bin
[ +599 ms] Resource missing. [HTTP GET: https://dl.google.com/dl/android/maven2/org/json/json/20180813/json-20180813.pom]
[        ] Downloading https://repo.maven.apache.org/maven2/org/json/json/20180813/json-20180813.pom to /root/.gradle/.tmp/gradle_download10149814957132980921bin
[ +200 ms] Resource missing. [HTTP GET: https://dl.google.com/dl/android/maven2/commons-codec/commons-codec/1.10/commons-codec-1.10.pom]
[        ] Resource missing. [HTTP GET: https://dl.google.com/dl/android/maven2/it/unimi/dsi/fastutil/8.4.0/fastutil-8.4.0.pom]
[        ] Resource missing. [HTTP GET: https://dl.google.com/dl/android/maven2/com/googlecode/json-simple/json-simple/1.1/json-simple-1.1.pom]
[        ] Downloading https://dl.google.com/dl/android/maven2/com/android/tools/analytics-library/tracker/30.3.1/tracker-30.3.1.pom to /root/.gradle/.tmp/gradle_download1153176392332640617bin
[        ] Downloading https://dl.google.com/dl/android/maven2/com/android/tools/build/apksig/7.3.1/apksig-7.3.1.pom to /root/.gradle/.tmp/gradle_download10864262384230303912bin
[        ] Downloading https://dl.google.com/dl/android/maven2/com/android/tools/build/manifest-merger/30.3.1/manifest-merger-30.3.1.pom to /root/.gradle/.tmp/gradle_download8676319504861150806bin
[        ] Downloading https://dl.google.com/dl/android/maven2/com/android/tools/build/apkzlib/7.3.1/apkzlib-7.3.1.pom to /root/.gradle/.tmp/gradle_download32666421833514724bin
[        ] Downloading https://dl.google.com/dl/android/maven2/com/android/zipflinger/7.3.1/zipflinger-7.3.1.pom to /root/.gradle/.tmp/gradle_download14443520267755230714bin
[        ] Downloading https://repo.maven.apache.org/maven2/it/unimi/dsi/fastutil/8.4.0/fastutil-8.4.0.pom to /root/.gradle/.tmp/gradle_download2393036841112989078bin
[        ] Downloading https://repo.maven.apache.org/maven2/commons-codec/commons-codec/1.10/commons-codec-1.10.pom to /root/.gradle/.tmp/gradle_download3607710670005357546bin
[        ] Downloading https://repo.maven.apache.org/maven2/com/googlecode/json-simple/json-simple/1.1/json-simple-1.1.pom to /root/.gradle/.tmp/gradle_download5332970689936567635bin
[  +99 ms] Downloading https://dl.google.com/dl/android/maven2/com/android/signflinger/7.3.1/signflinger-7.3.1.pom to /root/.gradle/.tmp/gradle_download14997663767557240084bin
[ +399 ms] Downloading https://dl.google.com/dl/android/maven2/com/android/tools/build/manifest-merger/30.3.1/manifest-merger-30.3.1.module to /root/.gradle/.tmp/gradle_download17006090701266588841bin
[        ] Resource missing. [HTTP GET: https://dl.google.com/dl/android/maven2/org/apache/commons/commons-parent/35/commons-parent-35.pom]
[ +100 ms] Downloading https://repo.maven.apache.org/maven2/org/apache/commons/commons-parent/35/commons-parent-35.pom to /root/.gradle/.tmp/gradle_download252914003814729974bin
[  +99 ms] Resource missing. [HTTP GET: https://dl.google.com/dl/android/maven2/org/apache/apache/15/apache-15.pom]
[        ] Downloading https://repo.maven.apache.org/maven2/org/apache/apache/15/apache-15.pom to /root/.gradle/.tmp/gradle_download8210091988867242419bin
[ +599 ms] Resource missing. [HTTP GET: https://dl.google.com/dl/android/maven2/org/jetbrains/kotlin/kotlin-native-utils/1.7.10/kotlin-native-utils-1.7.10.pom]
[        ] Downloading https://repo.maven.apache.org/maven2/org/jetbrains/kotlin/kotlin-native-utils/1.7.10/kotlin-native-utils-1.7.10.pom to /root/.gradle/.tmp/gradle_download15494460786017966734bin
[ +199 ms] Resource missing. [HTTP GET: https://dl.google.com/dl/android/maven2/org/jetbrains/kotlin/kotlin-util-io/1.7.10/kotlin-util-io-1.7.10.pom]
[  +99 ms] Downloading https://repo.maven.apache.org/maven2/org/jetbrains/kotlin/kotlin-util-io/1.7.10/kotlin-util-io-1.7.10.pom to /root/.gradle/.tmp/gradle_download1313094801242042976bin
[ +500 ms] Resource missing. [HTTP GET: https://dl.google.com/dl/android/maven2/org/jetbrains/kotlin/kotlin-daemon-embeddable/1.7.10/kotlin-daemon-embeddable-1.7.10.pom]
[        ] Downloading https://repo.maven.apache.org/maven2/org/jetbrains/kotlin/kotlin-daemon-embeddable/1.7.10/kotlin-daemon-embeddable-1.7.10.pom to /root/.gradle/.tmp/gradle_download18310422312638142456bin
[  +99 ms] Resource missing. [HTTP GET: https://dl.google.com/dl/android/maven2/org/jetbrains/kotlinx/kotlinx-coroutines-core-jvm/1.5.0/kotlinx-coroutines-core-jvm-1.5.0.pom]
[        ] Downloading https://repo.maven.apache.org/maven2/org/jetbrains/kotlinx/kotlinx-coroutines-core-jvm/1.5.0/kotlinx-coroutines-core-jvm-1.5.0.pom to /root/.gradle/.tmp/gradle_download3367981675140310483bin
[        ] Downloading https://repo.maven.apache.org/maven2/org/jetbrains/kotlinx/kotlinx-coroutines-core-jvm/1.5.0/kotlinx-coroutines-core-jvm-1.5.0.module to /root/.gradle/.tmp/gradle_download9974549500967345221bin
[ +100 ms] Resource missing. [HTTP GET: https://dl.google.com/dl/android/maven2/org/jetbrains/kotlin/kotlin-daemon-client/1.7.10/kotlin-daemon-client-1.7.10.pom]
[        ] Downloading https://repo.maven.apache.org/maven2/org/jetbrains/kotlin/kotlin-daemon-client/1.7.10/kotlin-daemon-client-1.7.10.pom to /root/.gradle/.tmp/gradle_download5598422852185689362bin
[ +199 ms] Resource missing. [HTTP GET: https://dl.google.com/dl/android/maven2/org/jetbrains/kotlin/kotlin-build-common/1.7.10/kotlin-build-common-1.7.10.pom]
[        ] Downloading https://repo.maven.apache.org/maven2/org/jetbrains/kotlin/kotlin-build-common/1.7.10/kotlin-build-common-1.7.10.pom to /root/.gradle/.tmp/gradle_download2501406463527914725bin
[ +399 ms] Resource missing. [HTTP GET: https://dl.google.com/dl/android/maven2/org/jetbrains/kotlin/kotlin-scripting-common/1.7.10/kotlin-scripting-common-1.7.10.pom]
[        ] Resource missing. [HTTP GET: https://dl.google.com/dl/android/maven2/org/jetbrains/kotlin/kotlin-scripting-jvm/1.7.10/kotlin-scripting-jvm-1.7.10.pom]
[        ] Downloading https://repo.maven.apache.org/maven2/org/jetbrains/kotlin/kotlin-scripting-jvm/1.7.10/kotlin-scripting-jvm-1.7.10.pom to /root/.gradle/.tmp/gradle_download4782894131253027377bin
[        ] Downloading https://repo.maven.apache.org/maven2/org/jetbrains/kotlin/kotlin-scripting-common/1.7.10/kotlin-scripting-common-1.7.10.pom to /root/.gradle/.tmp/gradle_download9037320679666238992bin
[ +399 ms] Resource missing. [HTTP GET: https://dl.google.com/dl/android/maven2/org/apiguardian/apiguardian-api/1.1.0/apiguardian-api-1.1.0.pom]
[        ] Downloading https://repo.maven.apache.org/maven2/org/apiguardian/apiguardian-api/1.1.0/apiguardian-api-1.1.0.pom to /root/.gradle/.tmp/gradle_download5185467853973583474bin
[ +299 ms] Resource missing. [HTTP GET: https://dl.google.com/dl/android/maven2/org/checkerframework/checker-qual/3.5.0/checker-qual-3.5.0.pom]
[        ] Downloading https://repo.maven.apache.org/maven2/org/checkerframework/checker-qual/3.5.0/checker-qual-3.5.0.pom to /root/.gradle/.tmp/gradle_download10228103055249747005bin
[ +199 ms] Resource missing. [HTTP GET: https://dl.google.com/dl/android/maven2/com/google/j2objc/j2objc-annotations/1.3/j2objc-annotations-1.3.pom]
[        ] Downloading https://repo.maven.apache.org/maven2/com/google/j2objc/j2objc-annotations/1.3/j2objc-annotations-1.3.pom to /root/.gradle/.tmp/gradle_download7740535365620875264bin
[ +299 ms] Resource missing. [HTTP GET: https://dl.google.com/dl/android/maven2/com/google/guava/failureaccess/1.0.1/failureaccess-1.0.1.pom]
[        ] Downloading https://repo.maven.apache.org/maven2/com/google/guava/failureaccess/1.0.1/failureaccess-1.0.1.pom to /root/.gradle/.tmp/gradle_download2007134198338712373bin
[ +300 ms] Resource missing. [HTTP GET: https://dl.google.com/dl/android/maven2/xml-apis/xml-apis/1.4.01/xml-apis-1.4.01.pom]
[        ] Downloading https://repo.maven.apache.org/maven2/xml-apis/xml-apis/1.4.01/xml-apis-1.4.01.pom to /root/.gradle/.tmp/gradle_download6798148080427677245bin
[ +499 ms] Resource missing. [HTTP GET: https://dl.google.com/dl/android/maven2/org/jetbrains/kotlin/kotlin-stdlib-common/1.5.31/kotlin-stdlib-common-1.5.31.pom]
[        ] Downloading https://repo.maven.apache.org/maven2/org/jetbrains/kotlin/kotlin-stdlib-common/1.5.31/kotlin-stdlib-common-1.5.31.pom to /root/.gradle/.tmp/gradle_download9821983272456545826bin
[ +299 ms] Resource missing. [HTTP GET: https://dl.google.com/dl/android/maven2/io/grpc/grpc-context/1.39.0/grpc-context-1.39.0.pom]
[        ] Downloading https://repo.maven.apache.org/maven2/io/grpc/grpc-context/1.39.0/grpc-context-1.39.0.pom to /root/.gradle/.tmp/gradle_download1226864704353544163bin
[ +199 ms] Resource missing. [HTTP GET: https://dl.google.com/dl/android/maven2/io/netty/netty-common/4.1.52.Final/netty-common-4.1.52.Final.pom]
[        ] Resource missing. [HTTP GET: https://dl.google.com/dl/android/maven2/io/netty/netty-codec-http/4.1.52.Final/netty-codec-http-4.1.52.Final.pom]
[        ] Resource missing. [HTTP GET: https://dl.google.com/dl/android/maven2/io/netty/netty-transport/4.1.52.Final/netty-transport-4.1.52.Final.pom]
[        ] Downloading https://repo.maven.apache.org/maven2/io/netty/netty-common/4.1.52.Final/netty-common-4.1.52.Final.pom to /root/.gradle/.tmp/gradle_download14907599039183829283bin
[        ] Downloading https://repo.maven.apache.org/maven2/io/netty/netty-codec-http/4.1.52.Final/netty-codec-http-4.1.52.Final.pom to /root/.gradle/.tmp/gradle_download1269437626169456121bin
[        ] Downloading https://repo.maven.apache.org/maven2/io/netty/netty-transport/4.1.52.Final/netty-transport-4.1.52.Final.pom to /root/.gradle/.tmp/gradle_download11280689441470549223bin
[        ] Resource missing. [HTTP GET: https://dl.google.com/dl/android/maven2/io/netty/netty-codec/4.1.52.Final/netty-codec-4.1.52.Final.pom]
[        ] Downloading https://repo.maven.apache.org/maven2/io/netty/netty-codec/4.1.52.Final/netty-codec-4.1.52.Final.pom to /root/.gradle/.tmp/gradle_download7175506625993695476bin
[ +199 ms] Resource missing. [HTTP GET: https://dl.google.com/dl/android/maven2/io/netty/netty-handler/4.1.52.Final/netty-handler-4.1.52.Final.pom]
[  +99 ms] Downloading https://repo.maven.apache.org/maven2/io/netty/netty-handler/4.1.52.Final/netty-handler-4.1.52.Final.pom to /root/.gradle/.tmp/gradle_download17774923862404003650bin
[        ] Resource missing. [HTTP GET: https://dl.google.com/dl/android/maven2/io/netty/netty-buffer/4.1.52.Final/netty-buffer-4.1.52.Final.pom]
[        ] Downloading https://repo.maven.apache.org/maven2/io/netty/netty-buffer/4.1.52.Final/netty-buffer-4.1.52.Final.pom to /root/.gradle/.tmp/gradle_download13780547062194250688bin
[ +199 ms] Resource missing. [HTTP GET: https://dl.google.com/dl/android/maven2/io/netty/netty-codec-socks/4.1.52.Final/netty-codec-socks-4.1.52.Final.pom]
[  +99 ms] Downloading https://repo.maven.apache.org/maven2/io/netty/netty-codec-socks/4.1.52.Final/netty-codec-socks-4.1.52.Final.pom to /root/.gradle/.tmp/gradle_download2655015376620899943bin
[ +400 ms] Resource missing. [HTTP GET: https://dl.google.com/dl/android/maven2/io/netty/netty-resolver/4.1.52.Final/netty-resolver-4.1.52.Final.pom]
[  +99 ms] Downloading https://repo.maven.apache.org/maven2/io/netty/netty-resolver/4.1.52.Final/netty-resolver-4.1.52.Final.pom to /root/.gradle/.tmp/gradle_download14698197635617461752bin
[        ] Downloading https://repo.maven.apache.org/maven2/de/mannodermaus/gradle/plugins/android-junit5/1.7.1.1/android-junit5-1.7.1.1.jar to /root/.gradle/.tmp/gradle_download17680018331425115432bin
[        ] Downloading https://repo.maven.apache.org/maven2/org/jetbrains/kotlin/kotlin-gradle-plugin/1.7.10/kotlin-gradle-plugin-1.7.10-gradle70.jar to /root/.gradle/.tmp/gradle_download16447753945553432614bin
[  +99 ms] Downloading https://dl.google.com/dl/android/maven2/com/android/tools/build/manifest-merger/30.3.1/manifest-merger-30.3.1.jar to /root/.gradle/.tmp/gradle_download16834050648164987159bin
[        ] Downloading https://dl.google.com/dl/android/maven2/com/android/tools/sdk-common/30.3.1/sdk-common-30.3.1.jar to /root/.gradle/.tmp/gradle_download14083161255246046161bin
[        ] Downloading https://dl.google.com/dl/android/maven2/com/android/tools/build/gradle-api/7.3.1/gradle-api-7.3.1.jar to /root/.gradle/.tmp/gradle_download14134741892903672683bin
[        ] Downloading https://dl.google.com/dl/android/maven2/com/android/tools/build/builder-test-api/7.3.1/builder-test-api-7.3.1.jar to /root/.gradle/.tmp/gradle_download6805461208256347233bin
[        ] Downloading https://dl.google.com/dl/android/maven2/com/android/tools/repository/30.3.1/repository-30.3.1.jar to /root/.gradle/.tmp/gradle_download2438902525937138032bin
[        ] Downloading https://dl.google.com/dl/android/maven2/com/android/tools/build/gradle/7.3.1/gradle-7.3.1.jar to /root/.gradle/.tmp/gradle_download11389556008813012059bin
[        ] Downloading https://dl.google.com/dl/android/maven2/com/android/tools/ddms/ddmlib/30.3.1/ddmlib-30.3.1.jar to /root/.gradle/.tmp/gradle_download13587799415317807592bin
[  +99 ms] Downloading https://dl.google.com/dl/android/maven2/com/android/tools/build/aaptcompiler/7.3.1/aaptcompiler-7.3.1.jar to /root/.gradle/.tmp/gradle_download16068355072296283819bin
[        ] Downloading https://dl.google.com/dl/android/maven2/com/android/tools/build/builder/7.3.1/builder-7.3.1.jar to /root/.gradle/.tmp/gradle_download14380580517949820291bin
[        ] Downloading https://dl.google.com/dl/android/maven2/com/android/tools/sdklib/30.3.1/sdklib-30.3.1.jar to /root/.gradle/.tmp/gradle_download17341571074581464424bin
[        ] Downloading https://dl.google.com/dl/android/maven2/com/android/tools/lint/lint-model/30.3.1/lint-model-30.3.1.jar to /root/.gradle/.tmp/gradle_download4898650231941543033bin
[ +300 ms] Downloading https://dl.google.com/dl/android/maven2/com/android/tools/lint/lint-typedef-remover/30.3.1/lint-typedef-remover-30.3.1.jar to /root/.gradle/.tmp/gradle_download4048503205849622855bin
[ +199 ms] Downloading https://dl.google.com/dl/android/maven2/com/android/tools/analytics-library/crash/30.3.1/crash-30.3.1.jar to /root/.gradle/.tmp/gradle_download15944004732518367806bin
[        ] Downloading https://dl.google.com/dl/android/maven2/com/android/databinding/baseLibrary/7.3.1/baseLibrary-7.3.1.jar to /root/.gradle/.tmp/gradle_download4761050800929392436bin
[        ] Downloading https://dl.google.com/dl/android/maven2/com/android/tools/analytics-library/shared/30.3.1/shared-30.3.1.jar to /root/.gradle/.tmp/gradle_download11416951402449379663bin
[        ] Downloading https://dl.google.com/dl/android/maven2/com/android/tools/build/bundletool/1.9.0/bundletool-1.9.0.jar to /root/.gradle/.tmp/gradle_download4549971366051718933bin
[        ] Downloading https://dl.google.com/dl/android/maven2/com/android/tools/build/aapt2-proto/7.3.1-8691043/aapt2-proto-7.3.1-8691043.jar to /root/.gradle/.tmp/gradle_download13520713337421183301bin
[        ] Downloading https://dl.google.com/dl/android/maven2/androidx/databinding/databinding-compiler-common/7.3.1/databinding-compiler-common-7.3.1.jar to /root/.gradle/.tmp/gradle_download11888683149776709099bin
[        ] Downloading https://dl.google.com/dl/android/maven2/com/android/tools/analytics-library/tracker/30.3.1/tracker-30.3.1.jar to /root/.gradle/.tmp/gradle_download405283099557534932bin
[  +99 ms] Downloading https://dl.google.com/dl/android/maven2/com/android/tools/utp/android-device-provider-ddmlib-proto/30.3.1/android-device-provider-ddmlib-proto-30.3.1.jar to /root/.gradle/.tmp/gradle_download11870278661815446138bin
[        ] Downloading https://dl.google.com/dl/android/maven2/androidx/databinding/databinding-common/7.3.1/databinding-common-7.3.1.jar to /root/.gradle/.tmp/gradle_download17187287335101200065bin
[        ] Downloading https://dl.google.com/dl/android/maven2/com/android/tools/utp/android-device-provider-gradle-proto/30.3.1/android-device-provider-gradle-proto-30.3.1.jar to /root/.gradle/.tmp/gradle_download1788773240875303052bin
[        ] Downloading https://repo.maven.apache.org/maven2/org/jetbrains/kotlin/kotlin-stdlib-jdk8/1.5.31/kotlin-stdlib-jdk8-1.5.31.jar to /root/.gradle/.tmp/gradle_download8384074211860469942bin
[        ] Downloading https://repo.maven.apache.org/maven2/commons-io/commons-io/2.4/commons-io-2.4.jar to /root/.gradle/.tmp/gradle_download7675999774249166845bin
[        ] Downloading https://repo.maven.apache.org/maven2/org/ow2/asm/asm-commons/9.1/asm-commons-9.1.jar to /root/.gradle/.tmp/gradle_download3829763820859446113bin
[  +99 ms] Downloading https://dl.google.com/dl/android/maven2/com/android/tools/utp/android-test-plugin-result-listener-gradle-proto/30.3.1/android-test-plugin-result-listener-gradle-proto-30.3.1.jar to /root/.gradle/.tmp/gradle_download13582392774262446021bin
[        ] Downloading https://repo.maven.apache.org/maven2/org/ow2/asm/asm-util/9.1/asm-util-9.1.jar to /root/.gradle/.tmp/gradle_download5819205109609173543bin
[        ] Downloading https://repo.maven.apache.org/maven2/org/ow2/asm/asm-analysis/9.1/asm-analysis-9.1.jar to /root/.gradle/.tmp/gradle_download13688646014402906584bin
[        ] Downloading https://repo.maven.apache.org/maven2/org/ow2/asm/asm/9.1/asm-9.1.jar to /root/.gradle/.tmp/gradle_download8682950493168248662bin
[        ] Downloading https://repo.maven.apache.org/maven2/org/ow2/asm/asm-tree/9.1/asm-tree-9.1.jar to /root/.gradle/.tmp/gradle_download13459516384541949549bin
[        ] Downloading https://repo.maven.apache.org/maven2/org/bouncycastle/bcpkix-jdk15on/1.67/bcpkix-jdk15on-1.67.jar to /root/.gradle/.tmp/gradle_download2552142161017721887bin
[  +99 ms] Downloading https://repo.maven.apache.org/maven2/com/google/protobuf/protobuf-java-util/3.17.2/protobuf-java-util-3.17.2.jar to /root/.gradle/.tmp/gradle_download17288374617150185205bin
[        ] Downloading https://repo.maven.apache.org/maven2/io/grpc/grpc-protobuf/1.39.0/grpc-protobuf-1.39.0.jar to /root/.gradle/.tmp/gradle_download11434958358040681571bin
[        ] Downloading https://dl.google.com/dl/android/maven2/com/android/tools/utp/android-test-plugin-host-additional-test-output-proto/30.3.1/android-test-plugin-host-additional-test-output-proto-30.3.1.jar to /root/.gradle/.tmp/gradle_download11256454342417828084bin
[        ] Downloading https://dl.google.com/dl/android/maven2/com/android/tools/layoutlib/layoutlib-api/30.3.1/layoutlib-api-30.3.1.jar to /root/.gradle/.tmp/gradle_download13678279091058491793bin
[        ] Downloading https://repo.maven.apache.org/maven2/com/google/crypto/tink/tink/1.3.0-rc2/tink-1.3.0-rc2.jar to /root/.gradle/.tmp/gradle_download9109625273913447575bin
[        ] Downloading https://repo.maven.apache.org/maven2/com/google/api/grpc/proto-google-common-protos/2.0.1/proto-google-common-protos-2.0.1.jar to /root/.gradle/.tmp/gradle_download8948467075300859775bin
[        ] Downloading https://dl.google.com/dl/android/maven2/com/android/tools/utp/android-test-plugin-host-coverage-proto/30.3.1/android-test-plugin-host-coverage-proto-30.3.1.jar to /root/.gradle/.tmp/gradle_download5979986821047257898bin
[        ] Downloading https://repo.maven.apache.org/maven2/com/google/protobuf/protobuf-java/3.17.2/protobuf-java-3.17.2.jar to /root/.gradle/.tmp/gradle_download1920105269993189400bin
[  +99 ms] Downloading https://dl.google.com/dl/android/maven2/com/android/tools/utp/android-test-plugin-host-retention-proto/30.3.1/android-test-plugin-host-retention-proto-30.3.1.jar to /root/.gradle/.tmp/gradle_download15774339128323091579bin
[        ] Downloading https://dl.google.com/dl/android/maven2/com/android/tools/common/30.3.1/common-30.3.1.jar to /root/.gradle/.tmp/gradle_download3784872609068864179bin
[        ] Downloading https://dl.google.com/dl/android/maven2/com/android/tools/dvlib/30.3.1/dvlib-30.3.1.jar to /root/.gradle/.tmp/gradle_download767169983179061863bin
[        ] Downloading https://repo.maven.apache.org/maven2/io/grpc/grpc-netty/1.39.0/grpc-netty-1.39.0.jar to /root/.gradle/.tmp/gradle_download10857800192221726805bin
[        ] Downloading https://dl.google.com/dl/android/maven2/com/android/tools/build/builder-model/7.3.1/builder-model-7.3.1.jar to /root/.gradle/.tmp/gradle_download1628114022838762318bin
[        ] Downloading https://repo.maven.apache.org/maven2/io/grpc/grpc-core/1.39.0/grpc-core-1.39.0.jar to /root/.gradle/.tmp/gradle_download11118375059394673871bin
[        ] Downloading https://repo.maven.apache.org/maven2/org/jetbrains/kotlin/kotlin-tooling-metadata/1.7.10/kotlin-tooling-metadata-1.7.10.jar to /root/.gradle/.tmp/gradle_download7131166926518503465bin
[        ] Downloading https://repo.maven.apache.org/maven2/org/tensorflow/tensorflow-lite-metadata/0.1.0-rc2/tensorflow-lite-metadata-0.1.0-rc2.jar to /root/.gradle/.tmp/gradle_download5225714698107077036bin
[  +99 ms] Downloading https://repo.maven.apache.org/maven2/org/jetbrains/kotlin/kotlin-gradle-plugin-api/1.7.10/kotlin-gradle-plugin-api-1.7.10-gradle70.jar to /root/.gradle/.tmp/gradle_download18078531248135676387bin
[        ] Downloading https://repo.maven.apache.org/maven2/org/jetbrains/kotlin/kotlin-tooling-core/1.7.10/kotlin-tooling-core-1.7.10.jar to /root/.gradle/.tmp/gradle_download16106711491506953372bin
[        ] Downloading https://repo.maven.apache.org/maven2/org/jetbrains/kotlin/kotlin-gradle-plugin-api/1.7.10/kotlin-gradle-plugin-api-1.7.10.jar to /root/.gradle/.tmp/gradle_download4823040728913118196bin
[        ] Downloading https://repo.maven.apache.org/maven2/org/jetbrains/kotlin/kotlin-project-model/1.7.10/kotlin-project-model-1.7.10.jar to /root/.gradle/.tmp/gradle_download11993307059686804408bin
[        ] Downloading https://repo.maven.apache.org/maven2/io/grpc/grpc-stub/1.39.0/grpc-stub-1.39.0.jar to /root/.gradle/.tmp/gradle_download8910402273781464936bin
[        ] Found locally available resource with matching checksum: [https://repo.maven.apache.org/maven2/com/google/code/gson/gson/2.8.9/gson-2.8.9.jar, /root/.gradle/caches/modules-2/files-2.1/com.google.code.gson/gson/2.8.9/8a432c1d6825781e21a02db2e2c33c5fde2833b9/gson-2.8.9.jar]
[        ] Downloading https://repo.maven.apache.org/maven2/org/jetbrains/kotlin/kotlin-gradle-plugin-model/1.7.10/kotlin-gradle-plugin-model-1.7.10.jar to /root/.gradle/.tmp/gradle_download11795780817485027847bin
[        ] Downloading https://repo.maven.apache.org/maven2/org/jetbrains/kotlin/kotlin-gradle-plugin-idea/1.7.10/kotlin-gradle-plugin-idea-1.7.10.jar to /root/.gradle/.tmp/gradle_download8989907866499218662bin
[        ] Downloading https://repo.maven.apache.org/maven2/io/grpc/grpc-protobuf-lite/1.39.0/grpc-protobuf-lite-1.39.0.jar to /root/.gradle/.tmp/gradle_download3295614402991500782bin
[        ] Downloading https://repo.maven.apache.org/maven2/org/jetbrains/kotlin/kotlin-klib-commonizer-api/1.7.10/kotlin-klib-commonizer-api-1.7.10.jar to /root/.gradle/.tmp/gradle_download7693834031794710188bin
[        ] Downloading https://dl.google.com/dl/android/maven2/com/android/tools/analytics-library/protos/30.3.1/protos-30.3.1.jar to /root/.gradle/.tmp/gradle_download13809199815236613916bin
[        ] Downloading https://repo.maven.apache.org/maven2/com/github/gundy/semver4j/0.16.4/semver4j-0.16.4-nodeps.jar to /root/.gradle/.tmp/gradle_download12063175574250368859bin
[        ] Downloading https://repo.maven.apache.org/maven2/org/jetbrains/kotlin/kotlin-annotation-processing-gradle/1.7.10/kotlin-annotation-processing-gradle-1.7.10.jar to /root/.gradle/.tmp/gradle_download5579355903354060494bin
[        ] Downloading https://repo.maven.apache.org/maven2/io/grpc/grpc-api/1.39.0/grpc-api-1.39.0.jar to /root/.gradle/.tmp/gradle_download6331829557781891901bin
[        ] Downloading https://repo.maven.apache.org/maven2/com/google/guava/guava/30.1-jre/guava-30.1-jre.jar to /root/.gradle/.tmp/gradle_download18112214342584858227bin
[        ] Downloading https://repo.maven.apache.org/maven2/de/undercouch/gradle-download-task/4.1.1/gradle-download-task-4.1.1.jar to /root/.gradle/.tmp/gradle_download11514575382883875487bin
[        ] Downloading https://repo.maven.apache.org/maven2/org/jetbrains/kotlin/kotlin-util-klib/1.7.10/kotlin-util-klib-1.7.10.jar to /root/.gradle/.tmp/gradle_download7164361706884257648bin
[        ] Downloading https://repo.maven.apache.org/maven2/org/jetbrains/kotlin/kotlin-compiler-runner/1.7.10/kotlin-compiler-runner-1.7.10.jar to /root/.gradle/.tmp/gradle_download10368188444659620773bin
[        ] Downloading https://repo.maven.apache.org/maven2/org/jetbrains/kotlin/kotlin-android-extensions/1.7.10/kotlin-android-extensions-1.7.10.jar to /root/.gradle/.tmp/gradle_download8071267100085136541bin
[        ] Downloading https://repo.maven.apache.org/maven2/org/jetbrains/kotlin/kotlin-compiler-embeddable/1.7.10/kotlin-compiler-embeddable-1.7.10.jar to /root/.gradle/.tmp/gradle_download843459617153792136bin
[  +99 ms] Downloading https://repo.maven.apache.org/maven2/org/jetbrains/kotlin/kotlin-scripting-compiler-impl-embeddable/1.7.10/kotlin-scripting-compiler-impl-embeddable-1.7.10.jar to /root/.gradle/.tmp/gradle_download5890707813020416318bin
[        ] Downloading https://repo.maven.apache.org/maven2/org/jetbrains/kotlin/kotlin-scripting-compiler-embeddable/1.7.10/kotlin-scripting-compiler-embeddable-1.7.10.jar to /root/.gradle/.tmp/gradle_download6030948594805531016bin
[        ] Downloading https://repo.maven.apache.org/maven2/com/github/zafarkhaja/java-semver/0.9.0/java-semver-0.9.0.jar to /root/.gradle/.tmp/gradle_download7670633854126583805bin
[        ] Downloading https://repo.maven.apache.org/maven2/com/annimon/stream/1.2.1/stream-1.2.1.jar to /root/.gradle/.tmp/gradle_download18275860886274285712bin
[  +99 ms] Downloading https://repo.maven.apache.org/maven2/org/jetbrains/kotlin/kotlin-reflect/1.5.31/kotlin-reflect-1.5.31.jar to /root/.gradle/.tmp/gradle_download11623806014778147277bin
[        ] Downloading https://repo.maven.apache.org/maven2/org/junit/platform/junit-platform-commons/1.7.1/junit-platform-commons-1.7.1.jar to /root/.gradle/.tmp/gradle_download5426240973408560926bin
[        ] Downloading https://repo.maven.apache.org/maven2/org/bouncycastle/bcprov-jdk15on/1.67/bcprov-jdk15on-1.67.jar to /root/.gradle/.tmp/gradle_download17595839902754415938bin
[        ] Downloading https://repo.maven.apache.org/maven2/xerces/xercesImpl/2.12.0/xercesImpl-2.12.0.jar to /root/.gradle/.tmp/gradle_download12884143028946803696bin
[        ] Downloading https://repo.maven.apache.org/maven2/org/apache/commons/commons-compress/1.20/commons-compress-1.20.jar to /root/.gradle/.tmp/gradle_download2851579964198647766bin
[        ] Downloading https://dl.google.com/dl/android/maven2/com/android/tools/build/apkzlib/7.3.1/apkzlib-7.3.1.jar to /root/.gradle/.tmp/gradle_download6327858686141952798bin
[  +99 ms] Downloading https://repo.maven.apache.org/maven2/org/apache/httpcomponents/httpcore/4.4.13/httpcore-4.4.13.jar to /root/.gradle/.tmp/gradle_download15636158380837111331bin
[        ] Downloading https://dl.google.com/dl/android/maven2/com/google/testing/platform/core-proto/0.0.8-alpha07/core-proto-0.0.8-alpha07.jar to /root/.gradle/.tmp/gradle_download1992791052908096676bin
[  +99 ms] Downloading https://repo.maven.apache.org/maven2/org/apache/httpcomponents/httpclient/4.5.13/httpclient-4.5.13.jar to /root/.gradle/.tmp/gradle_download630087233276705486bin
[        ] Downloading https://repo.maven.apache.org/maven2/org/jetbrains/kotlin/kotlin-stdlib-jdk7/1.5.31/kotlin-stdlib-jdk7-1.5.31.jar to /root/.gradle/.tmp/gradle_download11143484578458068559bin
[        ] Downloading https://dl.google.com/dl/android/maven2/com/android/zipflinger/7.3.1/zipflinger-7.3.1.jar to /root/.gradle/.tmp/gradle_download12042569581960447450bin
[        ] Downloading https://dl.google.com/dl/android/maven2/com/android/tools/annotations/30.3.1/annotations-30.3.1.jar to /root/.gradle/.tmp/gradle_download6256632933306333214bin
[        ] Downloading https://repo.maven.apache.org/maven2/org/jetbrains/kotlin/kotlin-stdlib/1.5.31/kotlin-stdlib-1.5.31.jar to /root/.gradle/.tmp/gradle_download17444457661823686043bin
[  +99 ms] Downloading https://repo.maven.apache.org/maven2/com/google/errorprone/error_prone_annotations/2.4.0/error_prone_annotations-2.4.0.jar to /root/.gradle/.tmp/gradle_download10723511898234413109bin
[        ] Downloading https://repo.maven.apache.org/maven2/org/bitbucket/b_c/jose4j/0.7.0/jose4j-0.7.0.jar to /root/.gradle/.tmp/gradle_download108947731078723543bin
[        ] Downloading https://repo.maven.apache.org/maven2/io/perfmark/perfmark-api/0.23.0/perfmark-api-0.23.0.jar to /root/.gradle/.tmp/gradle_download5847535101690114988bin
[        ] Downloading https://repo.maven.apache.org/maven2/org/codehaus/mojo/animal-sniffer-annotations/1.19/animal-sniffer-annotations-1.19.jar to /root/.gradle/.tmp/gradle_download5304116199581660953bin
[        ] Downloading https://repo.maven.apache.org/maven2/io/netty/netty-codec-http2/4.1.52.Final/netty-codec-http2-4.1.52.Final.jar to /root/.gradle/.tmp/gradle_download6833268404773297066bin
[        ] Downloading https://dl.google.com/dl/android/maven2/com/android/signflinger/7.3.1/signflinger-7.3.1.jar to /root/.gradle/.tmp/gradle_download2083397954729818568bin
[        ] Downloading https://repo.maven.apache.org/maven2/org/json/json/20180813/json-20180813.jar to /root/.gradle/.tmp/gradle_download6703502949882322639bin
[        ] Downloading https://repo.maven.apache.org/maven2/org/checkerframework/checker-qual/3.5.0/checker-qual-3.5.0.jar to /root/.gradle/.tmp/gradle_download10668032326383106794bin
[  +99 ms] Downloading https://repo.maven.apache.org/maven2/it/unimi/dsi/fastutil/8.4.0/fastutil-8.4.0.jar to /root/.gradle/.tmp/gradle_download3554103767207435368bin
[        ] Downloading https://repo.maven.apache.org/maven2/io/netty/netty-handler-proxy/4.1.52.Final/netty-handler-proxy-4.1.52.Final.jar to /root/.gradle/.tmp/gradle_download11247083614578253605bin
[        ] Downloading https://repo.maven.apache.org/maven2/com/googlecode/json-simple/json-simple/1.1/json-simple-1.1.jar to /root/.gradle/.tmp/gradle_download17108339339177577024bin
[        ] Downloading https://repo.maven.apache.org/maven2/org/jetbrains/kotlin/kotlin-native-utils/1.7.10/kotlin-native-utils-1.7.10.jar to /root/.gradle/.tmp/gradle_download7070928296798094623bin
[        ] Downloading https://repo.maven.apache.org/maven2/org/jetbrains/kotlin/kotlin-util-io/1.7.10/kotlin-util-io-1.7.10.jar to /root/.gradle/.tmp/gradle_download13360710770255681253bin
[        ] Downloading https://repo.maven.apache.org/maven2/org/jetbrains/kotlin/kotlin-daemon-embeddable/1.7.10/kotlin-daemon-embeddable-1.7.10.jar to /root/.gradle/.tmp/gradle_download2080018821577970962bin
[        ] Downloading https://repo.maven.apache.org/maven2/org/jetbrains/kotlin/kotlin-build-common/1.7.10/kotlin-build-common-1.7.10.jar to /root/.gradle/.tmp/gradle_download5708327655069059360bin
[        ] Downloading https://repo.maven.apache.org/maven2/org/jetbrains/kotlinx/kotlinx-coroutines-core-jvm/1.5.0/kotlinx-coroutines-core-jvm-1.5.0.jar to /root/.gradle/.tmp/gradle_download6631655434437329194bin
[        ] Downloading https://repo.maven.apache.org/maven2/org/jetbrains/kotlin/kotlin-daemon-client/1.7.10/kotlin-daemon-client-1.7.10.jar to /root/.gradle/.tmp/gradle_download190303787860673875bin
[        ] Downloading https://repo.maven.apache.org/maven2/org/jetbrains/kotlin/kotlin-scripting-common/1.7.10/kotlin-scripting-common-1.7.10.jar to /root/.gradle/.tmp/gradle_download67237676569201410bin
[        ] Downloading https://repo.maven.apache.org/maven2/org/jetbrains/kotlin/kotlin-scripting-jvm/1.7.10/kotlin-scripting-jvm-1.7.10.jar to /root/.gradle/.tmp/gradle_download1022605927645511455bin
[  +99 ms] Downloading https://repo.maven.apache.org/maven2/org/apiguardian/apiguardian-api/1.1.0/apiguardian-api-1.1.0.jar to /root/.gradle/.tmp/gradle_download15540373879498630327bin
[        ] Downloading https://repo.maven.apache.org/maven2/com/google/guava/failureaccess/1.0.1/failureaccess-1.0.1.jar to /root/.gradle/.tmp/gradle_download3541412591595048063bin
[        ] Downloading https://repo.maven.apache.org/maven2/com/google/j2objc/j2objc-annotations/1.3/j2objc-annotations-1.3.jar to /root/.gradle/.tmp/gradle_download9124885435724642594bin
[        ] Downloading https://repo.maven.apache.org/maven2/xml-apis/xml-apis/1.4.01/xml-apis-1.4.01.jar to /root/.gradle/.tmp/gradle_download6110655360603363051bin
[        ] Downloading https://repo.maven.apache.org/maven2/org/jetbrains/kotlin/kotlin-stdlib-common/1.5.31/kotlin-stdlib-common-1.5.31.jar to /root/.gradle/.tmp/gradle_download12982563284893515456bin
[  +99 ms] Downloading https://repo.maven.apache.org/maven2/io/grpc/grpc-context/1.39.0/grpc-context-1.39.0.jar to /root/.gradle/.tmp/gradle_download1093900553496065522bin
[        ] Downloading https://repo.maven.apache.org/maven2/io/netty/netty-codec-http/4.1.52.Final/netty-codec-http-4.1.52.Final.jar to /root/.gradle/.tmp/gradle_download13520451598054599108bin
[        ] Downloading https://repo.maven.apache.org/maven2/io/netty/netty-handler/4.1.52.Final/netty-handler-4.1.52.Final.jar to /root/.gradle/.tmp/gradle_download14838889435249749436bin
[        ] Downloading https://repo.maven.apache.org/maven2/io/netty/netty-codec-socks/4.1.52.Final/netty-codec-socks-4.1.52.Final.jar to /root/.gradle/.tmp/gradle_download12882219995617959886bin
[  +99 ms] Downloading https://repo.maven.apache.org/maven2/io/netty/netty-resolver/4.1.52.Final/netty-resolver-4.1.52.Final.jar to /root/.gradle/.tmp/gradle_download5557728097218045497bin
[        ] Downloading https://repo.maven.apache.org/maven2/io/netty/netty-transport/4.1.52.Final/netty-transport-4.1.52.Final.jar to /root/.gradle/.tmp/gradle_download17092861298460053365bin
[        ] Downloading https://repo.maven.apache.org/maven2/io/netty/netty-codec/4.1.52.Final/netty-codec-4.1.52.Final.jar to /root/.gradle/.tmp/gradle_download90098103821545063bin
[        ] Downloading https://repo.maven.apache.org/maven2/io/netty/netty-buffer/4.1.52.Final/netty-buffer-4.1.52.Final.jar to /root/.gradle/.tmp/gradle_download16243762503837198759bin
[        ] Downloading https://repo.maven.apache.org/maven2/io/netty/netty-common/4.1.52.Final/netty-common-4.1.52.Final.jar to /root/.gradle/.tmp/gradle_download9039901275679447673bin
[  +99 ms] Downloading https://dl.google.com/dl/android/maven2/com/android/tools/build/apksig/7.3.1/apksig-7.3.1.jar to /root/.gradle/.tmp/gradle_download14096583255649856679bin
[ +900 ms] Caching disabled for InstrumentationAnalysisTransform: /root/.gradle/caches/modules-2/files-2.1/com.android.tools.build/gradle/7.3.1/e05fdef1532d40d90ef6d2f80f76dfc78d098bb9/gradle-7.3.1.jar because:
[        ]   Build cache is disabled
[        ]   Caching not enabled.
[        ] Caching disabled for InstrumentationAnalysisTransform: /root/.gradle/caches/modules-2/files-2.1/de.mannodermaus.gradle.plugins/android-junit5/1.7.1.1/25738878a79c97031b9eb2f0ecc4ac08fa580eb6/android-junit5-1.7.1.1.jar because:
[        ]   Build cache is disabled
[        ]   Caching not enabled.
[        ] Caching disabled for InstrumentationAnalysisTransform: /root/.gradle/caches/modules-2/files-2.1/org.jetbrains.kotlin/kotlin-gradle-plugin/1.7.10/52d0e04736f3783285b0fc868874f58c05af8bd8/kotlin-gradle-plugin-1.7.10-gradle70.jar because:
[        ]   Build cache is disabled
[        ]   Caching not enabled.
[        ] Caching disabled for InstrumentationAnalysisTransform: /root/.gradle/caches/modules-2/files-2.1/com.android.tools.lint/lint-model/30.3.1/99d568ce7c22b37aeae3568889364a33a540db76/lint-model-30.3.1.jar because:
[        ]   Build cache is disabled
[        ]   Caching not enabled.
[        ] Caching disabled for InstrumentationAnalysisTransform: /root/.gradle/caches/modules-2/files-2.1/com.android.tools.build/builder/7.3.1/3e23401ece1637cecbae6be5c02cc18ab7e452e5/builder-7.3.1.jar because:
[        ]   Build cache is disabled
[        ]   Caching not enabled.
[        ] Caching disabled for InstrumentationAnalysisTransform: /root/.gradle/caches/modules-2/files-2.1/com.android.tools.build/manifest-merger/30.3.1/71f4364c86bbe1ff328c6e5eac880d07c8c92943/manifest-merger-30.3.1.jar because:
[        ]   Build cache is disabled
[        ]   Caching not enabled.
[        ] Caching disabled for InstrumentationAnalysisTransform: /root/.gradle/caches/modules-2/files-2.1/com.android.tools/sdk-common/30.3.1/10deeec417af159c070f839d6eb4dae29a293593/sdk-common-30.3.1.jar because:
[        ]   Build cache is disabled
[        ]   Caching not enabled.
[        ] Caching disabled for InstrumentationAnalysisTransform: /root/.gradle/caches/modules-2/files-2.1/com.android.tools/sdklib/30.3.1/c7d208823ca1a0b5c11c1b94329f517d9582b346/sdklib-30.3.1.jar because:
[        ]   Build cache is disabled
[        ]   Caching not enabled.
[        ] Caching disabled for InstrumentationAnalysisTransform: /root/.gradle/caches/modules-2/files-2.1/com.android.tools/repository/30.3.1/87b80c1a37843e2db9a3356d2bb5b6f59e4feb0f/repository-30.3.1.jar because:
[        ]   Build cache is disabled
[        ]   Caching not enabled.
[        ] Caching disabled for InstrumentationAnalysisTransform: /root/.gradle/caches/modules-2/files-2.1/com.android.tools.build/gradle-api/7.3.1/a2723750277a10ca522477752d98f996653ebf14/gradle-api-7.3.1.jar because:
[        ]   Build cache is disabled
[        ]   Caching not enabled.
[        ] Caching disabled for InstrumentationAnalysisTransform: /root/.gradle/caches/modules-2/files-2.1/com.android.tools.build/builder-test-api/7.3.1/5f4b0978a05b1ff995ca255da73fdc76f5b99949/builder-test-api-7.3.1.jar because:
[        ]   Build cache is disabled
[        ]   Caching not enabled.
[        ] Caching disabled for InstrumentationAnalysisTransform: /root/.gradle/caches/modules-2/files-2.1/com.android.tools.build/aaptcompiler/7.3.1/de743c148d7ecd5b896c0911a98f7d3eb41d1b1e/aaptcompiler-7.3.1.jar because:
[        ]   Build cache is disabled
[        ]   Caching not enabled.
[        ] Caching disabled for InstrumentationAnalysisTransform: /root/.gradle/caches/modules-2/files-2.1/com.android.tools.ddms/ddmlib/30.3.1/f271cb990dc62f580b608a75c87c509683c75da9/ddmlib-30.3.1.jar because:
[        ]   Build cache is disabled
[        ]   Caching not enabled.
[  +99 ms] Caching disabled for InstrumentationAnalysisTransform: /root/.gradle/caches/modules-2/files-2.1/com.android.tools.build/bundletool/1.9.0/e144fc87490d12ee601c79dbcb60798a23d1b702/bundletool-1.9.0.jar because:
[   +1 ms]   Build cache is disabled
[        ]   Caching not enabled.
[        ] Caching disabled for InstrumentationAnalysisTransform: /root/.gradle/caches/modules-2/files-2.1/com.android.tools.build/aapt2-proto/7.3.1-8691043/c5ced5de396317a62df687ed0ba4404898bdc266/aapt2-proto-7.3.1-8691043.jar because:
[        ]   Build cache is disabled
[        ]   Caching not enabled.
[        ] Caching disabled for InstrumentationAnalysisTransform: /root/.gradle/caches/modules-2/files-2.1/com.android.tools.analytics-library/crash/30.3.1/528046bc127bdb59fec52d3ca3997bee71151bcc/crash-30.3.1.jar because:
[        ]   Build cache is disabled
[        ]   Caching not enabled.
[        ] Caching disabled for InstrumentationAnalysisTransform: /root/.gradle/caches/modules-2/files-2.1/com.android.tools.analytics-library/tracker/30.3.1/5e65e94c9dcd4a9e3b88e6d022c3db8a52248bc9/tracker-30.3.1.jar because:
[        ]   Build cache is disabled
[        ]   Caching not enabled.
[        ] Caching disabled for InstrumentationAnalysisTransform: /root/.gradle/caches/modules-2/files-2.1/com.android.tools.analytics-library/shared/30.3.1/e1c363b7347d680e674c12eb21ecdafbb49b2fe6/shared-30.3.1.jar because:
[        ]   Build cache is disabled
[        ]   Caching not enabled.
[        ] Caching disabled for InstrumentationAnalysisTransform: /root/.gradle/caches/modules-2/files-2.1/com.android.tools.lint/lint-typedef-remover/30.3.1/2c7bb3fcd0052f8311973c915913fb1979979f40/lint-typedef-remover-30.3.1.jar because:
[        ]   Build cache is disabled
[        ]   Caching not enabled.
[        ] Caching disabled for InstrumentationAnalysisTransform: /root/.gradle/caches/modules-2/files-2.1/androidx.databinding/databinding-compiler-common/7.3.1/7d9048591c2f0932195a8f9019cf7f7f86afd043/databinding-compiler-common-7.3.1.jar because:
[        ]   Build cache is disabled
[        ]   Caching not enabled.
[        ] Caching disabled for InstrumentationAnalysisTransform: /root/.gradle/caches/modules-2/files-2.1/androidx.databinding/databinding-common/7.3.1/9ce4d7d086454caee5620765f7aa39115aeffb47/databinding-common-7.3.1.jar because:
[   +1 ms]   Build cache is disabled
[        ]   Caching not enabled.
[        ] Caching disabled for InstrumentationAnalysisTransform: /root/.gradle/caches/modules-2/files-2.1/com.android.databinding/baseLibrary/7.3.1/d8866960f7a5beb7cda6c6c53a770f00bbcf4496/baseLibrary-7.3.1.jar because:
[        ]   Build cache is disabled
[        ]   Caching not enabled.
[        ] Caching disabled for InstrumentationAnalysisTransform: /root/.gradle/caches/modules-2/files-2.1/com.android.tools.layoutlib/layoutlib-api/30.3.1/5f0a18661da3c0f524b42fddb0d801d224e19a84/layoutlib-api-30.3.1.jar because:
[        ]   Build cache is disabled
[        ]   Caching not enabled.
[        ] Caching disabled for InstrumentationAnalysisTransform: /root/.gradle/caches/modules-2/files-2.1/com.android.tools.utp/android-device-provider-ddmlib-proto/30.3.1/bb5d5b14533aad60deca6766fa403f9e335a9cf9/android-device-provider-ddmlib-proto-30.3.1.jar because:
[        ]   Build cache is disabled
[        ]   Caching not enabled.
[        ] Caching disabled for InstrumentationAnalysisTransform: /root/.gradle/caches/modules-2/files-2.1/com.android.tools.utp/android-device-provider-gradle-proto/30.3.1/e1427d46551936e6d3c2a0d6be7e4469bbe257ae/android-device-provider-gradle-proto-30.3.1.jar because:
[        ]   Build cache is disabled
[        ]   Caching not enabled.
[        ] Caching disabled for InstrumentationAnalysisTransform: /root/.gradle/caches/modules-2/files-2.1/com.android.tools.utp/android-test-plugin-host-additional-test-output-proto/30.3.1/f970263cd7f02e515393506fe846bdda43fd718c/android-test-plugin-host-additional-test-output-proto-30.3.1.jar because:
[        ]   Build cache is disabled
[        ]   Caching not enabled.
[        ] Caching disabled for InstrumentationAnalysisTransform: /root/.gradle/caches/modules-2/files-2.1/com.android.tools.utp/android-test-plugin-host-coverage-proto/30.3.1/e9fdeb8417e35e6528fa3e352e4677c8e898639c/android-test-plugin-host-coverage-proto-30.3.1.jar because:
[   +2 ms]   Build cache is disabled
[        ]   Caching not enabled.
[        ] Caching disabled for InstrumentationAnalysisTransform: /root/.gradle/caches/modules-2/files-2.1/com.android.tools.utp/android-test-plugin-host-retention-proto/30.3.1/8ee698bf4845058318330a48d13950f2d9c56430/android-test-plugin-host-retention-proto-30.3.1.jar because:
[        ]   Build cache is disabled
[        ]   Caching not enabled.
[        ] Caching disabled for InstrumentationAnalysisTransform: /root/.gradle/caches/modules-2/files-2.1/com.android.tools.utp/android-test-plugin-result-listener-gradle-proto/30.3.1/262cca037fd00f58dd5ca7dd7a32a6a837b4b993/android-test-plugin-result-listener-gradle-proto-30.3.1.jar because:
[        ]   Build cache is disabled
[        ]   Caching not enabled.
[        ] Caching disabled for InstrumentationAnalysisTransform: /root/.gradle/caches/modules-2/files-2.1/com.android.tools/dvlib/30.3.1/2053a677dd70d49240d711929ba11f5955ecba7e/dvlib-30.3.1.jar because:
[        ]   Build cache is disabled
[        ]   Caching not enabled.
[        ] Caching disabled for InstrumentationAnalysisTransform: /root/.gradle/caches/modules-2/files-2.1/com.android.tools.build/builder-model/7.3.1/fddc6058293b89467794f8fcd6bfb35e37739c48/builder-model-7.3.1.jar because:
[        ]   Build cache is disabled
[        ]   Caching not enabled.
[        ] Caching disabled for InstrumentationAnalysisTransform: /root/.gradle/caches/modules-2/files-2.1/commons-io/commons-io/2.4/b1b6ea3b7e4aa4f492509a4952029cd8e48019ad/commons-io-2.4.jar because:
[        ]   Build cache is disabled
[        ]   Caching not enabled.
[        ] Caching disabled for InstrumentationAnalysisTransform: /root/.gradle/caches/modules-2/files-2.1/org.jetbrains.kotlin/kotlin-stdlib-jdk8/1.5.31/ff5d99aecd328872494e8921b72bf6e3af97af3e/kotlin-stdlib-jdk8-1.5.31.jar because:
[        ]   Build cache is disabled
[        ]   Caching not enabled.
[        ] Caching disabled for InstrumentationAnalysisTransform: /root/.gradle/caches/modules-2/files-2.1/com.android.tools/common/30.3.1/6d00d4eaf6e80712b579a71e50f574483e6aef31/common-30.3.1.jar because:
[        ]   Build cache is disabled
[        ]   Caching not enabled.
[        ] Caching disabled for InstrumentationAnalysisTransform: /root/.gradle/caches/modules-2/files-2.1/org.ow2.asm/asm-commons/9.1/8b971b182eb5cf100b9e8d4119152d83e00e0fdd/asm-commons-9.1.jar because:
[        ]   Build cache is disabled
[        ]   Caching not enabled.
[        ] Caching disabled for InstrumentationAnalysisTransform: /root/.gradle/caches/modules-2/files-2.1/org.ow2.asm/asm-util/9.1/36464a45d871779f3383a8a9aba2b26562a86729/asm-util-9.1.jar because:
[        ]   Build cache is disabled
[        ]   Caching not enabled.
[        ] Caching disabled for InstrumentationAnalysisTransform: /root/.gradle/caches/modules-2/files-2.1/org.ow2.asm/asm-analysis/9.1/4f61b83b81d8b659958f4bcc48907e93ecea55a0/asm-analysis-9.1.jar because:
[        ]   Build cache is disabled
[        ]   Caching not enabled.
[        ] Caching disabled for InstrumentationAnalysisTransform: /root/.gradle/caches/modules-2/files-2.1/org.ow2.asm/asm-tree/9.1/c333f2a855069cb8eb17a40a3eb8b1b67755d0eb/asm-tree-9.1.jar because:
[        ]   Build cache is disabled
[        ]   Caching not enabled.
[        ] Caching disabled for InstrumentationAnalysisTransform: /root/.gradle/caches/modules-2/files-2.1/org.ow2.asm/asm/9.1/a99500cf6eea30535eeac6be73899d048f8d12a8/asm-9.1.jar because:
[        ]   Build cache is disabled
[        ]   Caching not enabled.
[        ] Caching disabled for InstrumentationAnalysisTransform: /root/.gradle/caches/modules-2/files-2.1/com.android.tools.build/apkzlib/7.3.1/5b1abe37db589a8c57e1023c0c709d41424d87dd/apkzlib-7.3.1.jar because:
[        ]   Build cache is disabled
[        ]   Caching not enabled.
[        ] Caching disabled for InstrumentationAnalysisTransform: /root/.gradle/caches/modules-2/files-2.1/org.bouncycastle/bcpkix-jdk15on/1.67/5f48020a2a60a8d6bcbecceca23529d225b28efb/bcpkix-jdk15on-1.67.jar because:
[        ]   Build cache is disabled
[        ]   Caching not enabled.
[        ] Caching disabled for InstrumentationAnalysisTransform: /root/.gradle/caches/modules-2/files-2.1/com.google.protobuf/protobuf-java-util/3.17.2/88801cfefba20827bf5cd9f2cc4866bd8c766242/protobuf-java-util-3.17.2.jar because:
[        ]   Build cache is disabled
[        ]   Caching not enabled.
[        ] Caching disabled for InstrumentationAnalysisTransform: /root/.gradle/caches/modules-2/files-2.1/io.grpc/grpc-protobuf/1.39.0/b7789ed9dd819a4fb9f5e3cf44d02f16fa49031e/grpc-protobuf-1.39.0.jar because:
[        ]   Build cache is disabled
[        ]   Caching not enabled.
[        ] Caching disabled for InstrumentationAnalysisTransform: /root/.gradle/caches/modules-2/files-2.1/com.google.crypto.tink/tink/1.3.0-rc2/c7efb1ecc3b667b8a0789a1b019b06269037e19b/tink-1.3.0-rc2.jar because:
[        ]   Build cache is disabled
[        ]   Caching not enabled.
[        ] Caching disabled for InstrumentationAnalysisTransform: /root/.gradle/caches/modules-2/files-2.1/com.android.tools.analytics-library/protos/30.3.1/4078d8e29f3868ef54788d45269c51cb533755ca/protos-30.3.1.jar because:
[        ]   Build cache is disabled
[        ]   Caching not enabled.
[        ] Caching disabled for InstrumentationAnalysisTransform: /root/.gradle/caches/modules-2/files-2.1/com.google.api.grpc/proto-google-common-protos/2.0.1/20827628ea2b9f69ae22987b2aedb0050e9c470d/proto-google-common-protos-2.0.1.jar because:
[   +3 ms]   Build cache is disabled
[        ]   Caching not enabled.
[        ] Caching disabled for InstrumentationAnalysisTransform: /root/.gradle/caches/modules-2/files-2.1/com.google.protobuf/protobuf-java/3.17.2/d7eec2ad499b605f24d07f49bdcb41c801aafbfc/protobuf-java-3.17.2.jar because:
[        ]   Build cache is disabled
[        ]   Caching not enabled.
[        ] Caching disabled for InstrumentationAnalysisTransform: /root/.gradle/caches/modules-2/files-2.1/io.grpc/grpc-netty/1.39.0/d161bd637e2174cd6a73178117ff1774604fd2e0/grpc-netty-1.39.0.jar because:
[        ]   Build cache is disabled
[        ]   Caching not enabled.
[        ] Caching disabled for InstrumentationAnalysisTransform: /root/.gradle/caches/modules-2/files-2.1/io.grpc/grpc-core/1.39.0/df5bbb97602a059eee86e22e09f6524901a62cfa/grpc-core-1.39.0.jar because:
[        ]   Build cache is disabled
[        ]   Caching not enabled.
[        ] Caching disabled for InstrumentationAnalysisTransform: /root/.gradle/caches/modules-2/files-2.1/org.jetbrains.kotlin/kotlin-tooling-metadata/1.7.10/91aa35099dfb667b61968b221fea16b372cda9bf/kotlin-tooling-metadata-1.7.10.jar because:
[        ]   Build cache is disabled
[        ]   Caching not enabled.
[        ] Caching disabled for InstrumentationAnalysisTransform: /root/.gradle/caches/modules-2/files-2.1/io.grpc/grpc-stub/1.39.0/598232e1142fb0d09067e1fd1fc524580ee9425/grpc-stub-1.39.0.jar because:
[        ]   Build cache is disabled
[        ]   Caching not enabled.
[  +80 ms] Caching disabled for InstrumentationAnalysisTransform: /root/.gradle/caches/modules-2/files-2.1/com.google.testing.platform/core-proto/0.0.8-alpha07/901b629a7684aa0cae060a7f23f385297add1e26/core-proto-0.0.8-alpha07.jar because:
[        ]   Build cache is disabled
[        ]   Caching not enabled.
[        ] Caching disabled for InstrumentationAnalysisTransform: /root/.gradle/caches/modules-2/files-2.1/org.tensorflow/tensorflow-lite-metadata/0.1.0-rc2/7aa9b3e16d85c2aae5eff741265315a37c9f731a/tensorflow-lite-metadata-0.1.0-rc2.jar because:
[        ]   Build cache is disabled
[        ]   Caching not enabled.
[        ] Caching disabled for InstrumentationAnalysisTransform: /root/.gradle/caches/modules-2/files-2.1/org.jetbrains.kotlin/kotlin-gradle-plugin-model/1.7.10/762b2bb7063c74bb564ed7a7523446a4e7252682/kotlin-gradle-plugin-model-1.7.10.jar because:
[        ]   Build cache is disabled
[        ]   Caching not enabled.
[        ] Caching disabled for InstrumentationAnalysisTransform: /root/.gradle/caches/modules-2/files-2.1/org.jetbrains.kotlin/kotlin-gradle-plugin-api/1.7.10/3b38be7ed8f8c678b13991d5b3ec99c4908d3313/kotlin-gradle-plugin-api-1.7.10-gradle70.jar because:
[        ]   Build cache is disabled
[        ]   Caching not enabled.
[        ] Caching disabled for InstrumentationAnalysisTransform: /root/.gradle/caches/modules-2/files-2.1/org.jetbrains.kotlin/kotlin-gradle-plugin-api/1.7.10/3b38be7ed8f8c678b13991d5b3ec99c4908d3313/kotlin-gradle-plugin-api-1.7.10.jar because:
[        ]   Build cache is disabled
[        ]   Caching not enabled.
[        ] Caching disabled for InstrumentationAnalysisTransform: /root/.gradle/caches/modules-2/files-2.1/org.jetbrains.kotlin/kotlin-project-model/1.7.10/a393b70222ebad45abb2e0eb273a7cac9deb4df9/kotlin-project-model-1.7.10.jar because:
[        ]   Build cache is disabled
[        ]   Caching not enabled.
[        ] Caching disabled for InstrumentationAnalysisTransform: /root/.gradle/caches/modules-2/files-2.1/org.jetbrains.kotlin/kotlin-tooling-core/1.7.10/8fc54e880cf9ea73396f2844a2d3aa76bdcbcfbb/kotlin-tooling-core-1.7.10.jar because:
[        ]   Build cache is disabled
[        ]   Caching not enabled.
[        ] Caching disabled for InstrumentationAnalysisTransform: /root/.gradle/caches/modules-2/files-2.1/org.jetbrains.kotlin/kotlin-gradle-plugin-idea/1.7.10/9b37a1ebe7a7e1886e48eba7ebacf49d72121fd3/kotlin-gradle-plugin-idea-1.7.10.jar because:
[        ]   Build cache is disabled
[        ]   Caching not enabled.
[        ] Caching disabled for InstrumentationAnalysisTransform: /root/.gradle/caches/modules-2/files-2.1/org.jetbrains.kotlin/kotlin-util-klib/1.7.10/962b03365699d66b08bbb397a50bbf6a2a6050e1/kotlin-util-klib-1.7.10.jar because:
[        ]   Build cache is disabled
[        ]   Caching not enabled.
[        ] Caching disabled for InstrumentationAnalysisTransform: /root/.gradle/caches/modules-2/files-2.1/org.jetbrains.kotlin/kotlin-klib-commonizer-api/1.7.10/fb033cc9bbe497f445f25b6f2a667c13828787c2/kotlin-klib-commonizer-api-1.7.10.jar because:
[        ]   Build cache is disabled
[        ]   Caching not enabled.
[        ] Caching disabled for InstrumentationAnalysisTransform: /root/.gradle/caches/modules-2/files-2.1/io.grpc/grpc-protobuf-lite/1.39.0/64ccdfc8a5a7c545247381f0ac42a5b8fc936e56/grpc-protobuf-lite-1.39.0.jar because:
[        ]   Build cache is disabled
[        ]   Caching not enabled.
[        ] Caching disabled for InstrumentationAnalysisTransform: /root/.gradle/caches/modules-2/files-2.1/com.google.guava/guava/30.1-jre/d0c3ce2311c9e36e73228da25a6e99b2ab826f/guava-30.1-jre.jar because:
[        ]   Build cache is disabled
[        ]   Caching not enabled.
[        ] Caching disabled for InstrumentationAnalysisTransform: /root/.gradle/caches/modules-2/files-2.1/de.undercouch/gradle-download-task/4.1.1/7a57e30e285bd972cd73e91c0ad16155e29b18ee/gradle-download-task-4.1.1.jar because:
[        ]   Build cache is disabled
[        ]   Caching not enabled.
[        ] Caching disabled for InstrumentationAnalysisTransform: /root/.gradle/caches/modules-2/files-2.1/io.grpc/grpc-api/1.39.0/706f68087b8fae59f8949b4302ac9807131c0112/grpc-api-1.39.0.jar because:
[        ]   Build cache is disabled
[        ]   Caching not enabled.
[        ] Caching disabled for InstrumentationAnalysisTransform: /root/.gradle/caches/modules-2/files-2.1/com.github.gundy/semver4j/0.16.4/273cc1869ddf7ebbac8176402e29f41b1c83d7df/semver4j-0.16.4-nodeps.jar because:
[        ]   Build cache is disabled
[        ]   Caching not enabled.
[        ] Caching disabled for InstrumentationAnalysisTransform: /root/.gradle/caches/modules-2/files-2.1/org.jetbrains.kotlin/kotlin-annotation-processing-gradle/1.7.10/e1d645a739463b61ce1980f67068d8ab9b16fef5/kotlin-annotation-processing-gradle-1.7.10.jar because:
[        ]   Build cache is disabled
[        ]   Caching not enabled.
[        ] Caching disabled for InstrumentationAnalysisTransform: /root/.gradle/caches/modules-2/files-2.1/org.jetbrains.kotlin/kotlin-android-extensions/1.7.10/6f72eaede229ab1f700f8a3583f7bef832b56f48/kotlin-android-extensions-1.7.10.jar because:
[        ]   Build cache is disabled
[        ]   Caching not enabled.
[        ] Caching disabled for InstrumentationAnalysisTransform: /root/.gradle/caches/modules-2/files-2.1/org.jetbrains.kotlin/kotlin-compiler-runner/1.7.10/19b6254d2b5059986115cd1f7b32ce3dadf277/kotlin-compiler-runner-1.7.10.jar because:
[        ]   Build cache is disabled
[        ]   Caching not enabled.
[  +98 ms] Caching disabled for InstrumentationAnalysisTransform: /root/.gradle/caches/modules-2/files-2.1/org.jetbrains.kotlin/kotlin-compiler-embeddable/1.7.10/909803167c98606fcf22b4c848647c68e351d48d/kotlin-compiler-embeddable-1.7.10.jar because:
[        ]   Build cache is disabled
[        ]   Caching not enabled.
[        ] Caching disabled for InstrumentationAnalysisTransform: /root/.gradle/caches/modules-2/files-2.1/org.jetbrains.kotlin/kotlin-scripting-compiler-embeddable/1.7.10/a72ad70dab380867376418e72dfbe290e6dcd63d/kotlin-scripting-compiler-embeddable-1.7.10.jar because:
[        ]   Build cache is disabled
[        ]   Caching not enabled.
[        ] Caching disabled for InstrumentationAnalysisTransform: /root/.gradle/caches/modules-2/files-2.1/org.jetbrains.kotlin/kotlin-scripting-compiler-impl-embeddable/1.7.10/e8d55cf4b9d9bbcd403e4d860846549f3b4d6dde/kotlin-scripting-compiler-impl-embeddable-1.7.10.jar because:
[        ]   Build cache is disabled
[        ]   Caching not enabled.
[        ] Caching disabled for InstrumentationAnalysisTransform: /root/.gradle/caches/modules-2/files-2.1/com.github.zafarkhaja/java-semver/0.9.0/59a83ca73c72a5e25b3f0b1bb305230a11000329/java-semver-0.9.0.jar because:
[        ]   Build cache is disabled
[        ]   Caching not enabled.
[        ] Caching disabled for InstrumentationAnalysisTransform: /root/.gradle/caches/modules-2/files-2.1/com.annimon/stream/1.2.1/b57f75f4ab6d01067ac19b4fe872c530cc218103/stream-1.2.1.jar because:
[        ]   Build cache is disabled
[        ]   Caching not enabled.
[        ] Caching disabled for InstrumentationAnalysisTransform: /root/.gradle/caches/modules-2/files-2.1/org.junit.platform/junit-platform-commons/1.7.1/7c49f0074842d07f4335de2389d624a7437d1407/junit-platform-commons-1.7.1.jar because:
[        ]   Build cache is disabled
[        ]   Caching not enabled.
[        ] Caching disabled for InstrumentationAnalysisTransform: /root/.gradle/caches/modules-2/files-2.1/org.bouncycastle/bcprov-jdk15on/1.67/8c0998045da87dbc2f1d4b6480458ed811ca7b82/bcprov-jdk15on-1.67.jar because:
[        ]   Build cache is disabled
[        ]   Caching not enabled.
[        ] Caching disabled for InstrumentationAnalysisTransform: /root/.gradle/caches/modules-2/files-2.1/org.jetbrains.kotlin/kotlin-reflect/1.5.31/1523fcd842a47da0820cea772b19c51056fec8a9/kotlin-reflect-1.5.31.jar because:
[        ]   Build cache is disabled
[        ]   Caching not enabled.
[        ] Caching disabled for InstrumentationAnalysisTransform: /root/.gradle/caches/modules-2/files-2.1/xerces/xercesImpl/2.12.0/f02c844149fd306601f20e0b34853a670bef7fa2/xercesImpl-2.12.0.jar because:
[        ]   Build cache is disabled
[        ]   Caching not enabled.
[        ] Caching disabled for InstrumentationAnalysisTransform: /root/.gradle/caches/modules-2/files-2.1/org.apache.commons/commons-compress/1.20/b8df472b31e1f17c232d2ad78ceb1c84e00c641b/commons-compress-1.20.jar because:
[        ]   Build cache is disabled
[        ]   Caching not enabled.
[        ] Caching disabled for InstrumentationAnalysisTransform: /root/.gradle/caches/modules-2/files-2.1/org.apache.httpcomponents/httpclient/4.5.13/e5f6cae5ca7ecaac1ec2827a9e2d65ae2869cada/httpclient-4.5.13.jar because:
[        ]   Build cache is disabled
[        ]   Caching not enabled.
[        ] Caching disabled for InstrumentationAnalysisTransform: /root/.gradle/caches/modules-2/files-2.1/org.apache.httpcomponents/httpcore/4.4.13/853b96d3afbb7bf8cc303fe27ee96836a10c1834/httpcore-4.4.13.jar because:
[        ]   Build cache is disabled
[        ]   Caching not enabled.
[        ] Caching disabled for InstrumentationAnalysisTransform: /root/.gradle/caches/modules-2/files-2.1/com.android/signflinger/7.3.1/d8982f3c1b697c0b6b03340152cb9711bccd6de5/signflinger-7.3.1.jar because:
[        ]   Build cache is disabled
[        ]   Caching not enabled.
[        ] Caching disabled for InstrumentationAnalysisTransform: /root/.gradle/caches/modules-2/files-2.1/com.android/zipflinger/7.3.1/16999dcec6ec960f9dc53c76081936bd545b4dc9/zipflinger-7.3.1.jar because:
[        ]   Build cache is disabled
[        ]   Caching not enabled.
[        ] Caching disabled for InstrumentationAnalysisTransform: /root/.gradle/caches/modules-2/files-2.1/com.android.tools/annotations/30.3.1/bf7c0de4844ebdce4eec08b202d24d8f1f7ac520/annotations-30.3.1.jar because:
[        ]   Build cache is disabled
[        ]   Caching not enabled.
[        ] Caching disabled for InstrumentationAnalysisTransform: /root/.gradle/caches/modules-2/files-2.1/org.jetbrains.kotlin/kotlin-stdlib-jdk7/1.5.31/77e0f2568912e45d26c31fd417a332458508acdf/kotlin-stdlib-jdk7-1.5.31.jar because:
[        ]   Build cache is disabled
[        ]   Caching not enabled.
[        ] Caching disabled for InstrumentationAnalysisTransform: /root/.gradle/caches/modules-2/files-2.1/org.jetbrains.kotlin/kotlin-stdlib/1.5.31/6628d61d0f5603568e72d2d5915d2c034b4f1c55/kotlin-stdlib-1.5.31.jar because:
[        ]   Build cache is disabled
[        ]   Caching not enabled.
[        ] Caching disabled for InstrumentationAnalysisTransform: /root/.gradle/caches/modules-2/files-2.1/org.bitbucket.b_c/jose4j/0.7.0/478ee8518687f9b01f20912fc7edd9d7b46d06da/jose4j-0.7.0.jar because:
[        ]   Build cache is disabled
[        ]   Caching not enabled.
[   +4 ms] Caching disabled for InstrumentationAnalysisTransform: /root/.gradle/caches/modules-2/files-2.1/org.codehaus.mojo/animal-sniffer-annotations/1.19/1536e1a8fd552dc05f12b5f0827fbb2ee3d5a89b/animal-sniffer-annotations-1.19.jar because:
[        ]   Build cache is disabled
[        ]   Caching not enabled.
[        ] Caching disabled for InstrumentationAnalysisTransform: /root/.gradle/caches/modules-2/files-2.1/io.perfmark/perfmark-api/0.23.0/b813b7539fae6550541da8caafd6add86d4e22f/perfmark-api-0.23.0.jar because:
[        ]   Build cache is disabled
[   +2 ms]   Caching not enabled.
[  +87 ms] Caching disabled for InstrumentationAnalysisTransform: /root/.gradle/caches/modules-2/files-2.1/com.google.errorprone/error_prone_annotations/2.4.0/32ecccc595e4e4d813a80ee9e3ab5813d65874eb/error_prone_annotations-2.4.0.jar because:
[        ]   Build cache is disabled
[        ]   Caching not enabled.
[        ] Caching disabled for InstrumentationAnalysisTransform: /root/.gradle/caches/modules-2/files-2.1/io.netty/netty-codec-http2/4.1.52.Final/1e06a41e2b67cd6f91bf97935f4729c843ac1a57/netty-codec-http2-4.1.52.Final.jar because:
[        ]   Build cache is disabled
[        ]   Caching not enabled.
[        ] Caching disabled for InstrumentationAnalysisTransform: /root/.gradle/caches/modules-2/files-2.1/io.netty/netty-handler-proxy/4.1.52.Final/e5701741e851d83b5ef15738f84c825ba2c0688e/netty-handler-proxy-4.1.52.Final.jar because:
[        ]   Build cache is disabled
[        ]   Caching not enabled.
[        ] Caching disabled for InstrumentationAnalysisTransform: /root/.gradle/caches/modules-2/files-2.1/org.json/json/20180813/8566b2b0391d9d4479ea225645c6ed47ef17fe41/json-20180813.jar because:
[        ]   Build cache is disabled
[        ]   Caching not enabled.
[        ] Caching disabled for InstrumentationAnalysisTransform: /root/.gradle/caches/modules-2/files-2.1/org.checkerframework/checker-qual/3.5.0/2f50520c8abea66fbd8d26e481d3aef5c673b510/checker-qual-3.5.0.jar because:
[        ]   Build cache is disabled
[        ]   Caching not enabled.
[        ] Caching disabled for InstrumentationAnalysisTransform: /root/.gradle/caches/modules-2/files-2.1/it.unimi.dsi/fastutil/8.4.0/60fbeaa50799581f6244fcff1cebba0353ec0141/fastutil-8.4.0.jar because:
[        ]   Build cache is disabled
[        ]   Caching not enabled.
[        ] Caching disabled for InstrumentationAnalysisTransform: /root/.gradle/caches/modules-2/files-2.1/com.googlecode.json-simple/json-simple/1.1/5e303a03d04e6788dddfa3655272580ae0fc13bb/json-simple-1.1.jar because:
[        ]   Build cache is disabled
[        ]   Caching not enabled.
[        ] Caching disabled for InstrumentationAnalysisTransform: /root/.gradle/caches/modules-2/files-2.1/com.android.tools.build/apksig/7.3.1/46b1d756b1dd2f41714f24c84b611306d39ec065/apksig-7.3.1.jar because:
[        ]   Build cache is disabled
[        ]   Caching not enabled.
[        ] Caching disabled for InstrumentationAnalysisTransform: /root/.gradle/caches/modules-2/files-2.1/org.jetbrains.kotlin/kotlin-native-utils/1.7.10/2f0fbe380f54a395d99e75558c21924ef262cc8e/kotlin-native-utils-1.7.10.jar because:
[        ]   Build cache is disabled
[        ]   Caching not enabled.
[        ] Caching disabled for InstrumentationAnalysisTransform: /root/.gradle/caches/modules-2/files-2.1/org.jetbrains.kotlin/kotlin-util-io/1.7.10/fdcfe10a398c931a5770ca45cffdd245112ca949/kotlin-util-io-1.7.10.jar because:
[        ]   Build cache is disabled
[        ]   Caching not enabled.
[        ] Caching disabled for InstrumentationAnalysisTransform: /root/.gradle/caches/modules-2/files-2.1/org.jetbrains.kotlin/kotlin-daemon-embeddable/1.7.10/3a9f7aef7080d3ae63126cbba4f827ed664f32fa/kotlin-daemon-embeddable-1.7.10.jar because:
[        ]   Build cache is disabled
[        ]   Caching not enabled.
[        ] Caching disabled for InstrumentationAnalysisTransform: /root/.gradle/caches/modules-2/files-2.1/org.jetbrains.kotlin/kotlin-build-common/1.7.10/ac8d44a03072ec9563d3cdda87929b24920c097f/kotlin-build-common-1.7.10.jar because:
[        ]   Build cache is disabled
[        ]   Caching not enabled.
[        ] Caching disabled for InstrumentationAnalysisTransform: /root/.gradle/caches/modules-2/files-2.1/org.jetbrains.kotlin/kotlin-daemon-client/1.7.10/f10e62104d02f7f2a25a41675453fc1258155945/kotlin-daemon-client-1.7.10.jar because:
[        ]   Build cache is disabled
[        ]   Caching not enabled.
[        ] Caching disabled for InstrumentationAnalysisTransform: /root/.gradle/caches/modules-2/files-2.1/org.jetbrains.kotlinx/kotlinx-coroutines-core-jvm/1.5.0/d8cebccdcddd029022aa8646a5a953ff88b13ac8/kotlinx-coroutines-core-jvm-1.5.0.jar because:
[        ]   Build cache is disabled
[        ]   Caching not enabled.
[        ] Caching disabled for InstrumentationAnalysisTransform: /root/.gradle/caches/modules-2/files-2.1/org.jetbrains.kotlin/kotlin-scripting-jvm/1.7.10/c1e3bade3e9795023867dce31404736995037e4f/kotlin-scripting-jvm-1.7.10.jar because:
[        ]   Build cache is disabled
[        ]   Caching not enabled.
[        ] Caching disabled for InstrumentationAnalysisTransform: /root/.gradle/caches/modules-2/files-2.1/org.jetbrains.kotlin/kotlin-scripting-common/1.7.10/bddf009658701ba5fb98e40e7877dcce7d8695ee/kotlin-scripting-common-1.7.10.jar because:
[        ]   Build cache is disabled
[        ]   Caching not enabled.
[        ] Caching disabled for InstrumentationAnalysisTransform: /root/.gradle/caches/modules-2/files-2.1/org.apiguardian/apiguardian-api/1.1.0/fc9dff4bb36d627bdc553de77e1f17efd790876c/apiguardian-api-1.1.0.jar because:
[        ]   Build cache is disabled
[        ]   Caching not enabled.
[        ] Caching disabled for InstrumentationAnalysisTransform: /root/.gradle/caches/modules-2/files-2.1/com.google.guava/failureaccess/1.0.1/1dcf1de382a0bf95a3d8b0849546c88bac1292c9/failureaccess-1.0.1.jar because:
[        ]   Build cache is disabled
[        ]   Caching not enabled.
[        ] Caching disabled for InstrumentationAnalysisTransform: /root/.gradle/caches/modules-2/files-2.1/com.google.j2objc/j2objc-annotations/1.3/ba035118bc8bac37d7eff77700720999acd9986d/j2objc-annotations-1.3.jar because:
[        ]   Build cache is disabled
[        ]   Caching not enabled.
[        ] Caching disabled for InstrumentationAnalysisTransform: /root/.gradle/caches/modules-2/files-2.1/xml-apis/xml-apis/1.4.01/3789d9fada2d3d458c4ba2de349d48780f381ee3/xml-apis-1.4.01.jar because:
[        ]   Build cache is disabled
[        ]   Caching not enabled.
[        ] Caching disabled for InstrumentationAnalysisTransform: /root/.gradle/caches/modules-2/files-2.1/org.jetbrains.kotlin/kotlin-stdlib-common/1.5.31/43331609c7de811fed085e0dfd150874b157c32/kotlin-stdlib-common-1.5.31.jar because:
[        ]   Build cache is disabled
[        ]   Caching not enabled.
[        ] Caching disabled for InstrumentationAnalysisTransform: /root/.gradle/caches/modules-2/files-2.1/io.grpc/grpc-context/1.39.0/637f453f3654aa29bf085ae7ddc86f9f80c937dd/grpc-context-1.39.0.jar because:
[        ]   Build cache is disabled
[        ]   Caching not enabled.
[        ] Caching disabled for InstrumentationAnalysisTransform: /root/.gradle/caches/modules-2/files-2.1/io.netty/netty-codec-http/4.1.52.Final/e0d75d03edf6e4d0682c85e8b26762bcde34697d/netty-codec-http-4.1.52.Final.jar because:
[        ]   Build cache is disabled
[        ]   Caching not enabled.
[        ] Caching disabled for InstrumentationAnalysisTransform: /root/.gradle/caches/modules-2/files-2.1/io.netty/netty-handler/4.1.52.Final/eb7d4fa554f4fdc8dacb80dce7e3f806fd1dc2db/netty-handler-4.1.52.Final.jar because:
[        ]   Build cache is disabled
[        ]   Caching not enabled.
[        ] Caching disabled for InstrumentationAnalysisTransform: /root/.gradle/caches/modules-2/files-2.1/io.netty/netty-codec-socks/4.1.52.Final/93170f664ae83ec70c35752b91cb733f9b80bf90/netty-codec-socks-4.1.52.Final.jar because:
[        ]   Build cache is disabled
[        ]   Caching not enabled.
[        ] Caching disabled for InstrumentationAnalysisTransform: /root/.gradle/caches/modules-2/files-2.1/io.netty/netty-codec/4.1.52.Final/d98ad5bb86707c3c1a7105a346119dac332bdf23/netty-codec-4.1.52.Final.jar because:
[        ]   Build cache is disabled
[        ]   Caching not enabled.
[        ] Caching disabled for InstrumentationAnalysisTransform: /root/.gradle/caches/modules-2/files-2.1/io.netty/netty-transport/4.1.52.Final/970ee3790f504452bd32692f6b208a590c51f0ee/netty-transport-4.1.52.Final.jar because:
[        ]   Build cache is disabled
[        ]   Caching not enabled.
[        ] Caching disabled for InstrumentationAnalysisTransform: /root/.gradle/caches/modules-2/files-2.1/io.netty/netty-buffer/4.1.52.Final/fdf681985f50d84fac625df52f34b6d6cb699bda/netty-buffer-4.1.52.Final.jar because:
[        ]   Build cache is disabled
[        ]   Caching not enabled.
[        ] Caching disabled for InstrumentationAnalysisTransform: /root/.gradle/caches/modules-2/files-2.1/io.netty/netty-resolver/4.1.52.Final/1fd5a58ff5df4dc9bb3027a6fbf114767d9278d5/netty-resolver-4.1.52.Final.jar because:
[        ]   Build cache is disabled
[        ]   Caching not enabled.
[        ] Caching disabled for InstrumentationAnalysisTransform: /root/.gradle/caches/modules-2/files-2.1/io.netty/netty-common/4.1.52.Final/715bfadb9f3bf86da38fa12b97b4aaa9828b4789/netty-common-4.1.52.Final.jar because:
[        ]   Build cache is disabled
[        ]   Caching not enabled.
[ +696 ms] Caching disabled for MergeInstrumentationAnalysisTransform: /root/.gradle/caches/8.14/transforms/259872a397ddd49410f38fb17c3fc701/transformed/.gradle-instrumented-classpath.marker because:
[        ]   Build cache is disabled
[        ]   Caching not enabled.
[        ] Caching disabled for MergeInstrumentationAnalysisTransform: /root/.gradle/caches/8.14/transforms/1cabda8f736b227ba67860fee9267c3f/transformed/analysis/instrumentation-hierarchy.bin because:
[        ]   Build cache is disabled
[        ]   Caching not enabled.
[        ] Caching disabled for MergeInstrumentationAnalysisTransform: /root/.gradle/caches/8.14/transforms/01525440298630b14048e33a0d81d7e5/transformed/analysis/instrumentation-hierarchy.bin because:
[        ]   Build cache is disabled
[        ]   Caching not enabled.
[        ] Caching disabled for MergeInstrumentationAnalysisTransform: /root/.gradle/caches/8.14/transforms/259872a397ddd49410f38fb17c3fc701/transformed/analysis/instrumentation-hierarchy.bin because:
[        ]   Build cache is disabled
[        ]   Caching not enabled.
[        ] Caching disabled for MergeInstrumentationAnalysisTransform: /root/.gradle/caches/8.14/transforms/4a0400dc61dd573d146cf940848e09e8/transformed/analysis/instrumentation-hierarchy.bin because:
[        ]   Build cache is disabled
[        ]   Caching not enabled.
[        ] Caching disabled for MergeInstrumentationAnalysisTransform: /root/.gradle/caches/8.14/transforms/9a19c796bd628545c857855b947f01c4/transformed/analysis/instrumentation-hierarchy.bin because:
[        ]   Build cache is disabled
[        ]   Caching not enabled.
[        ] Caching disabled for MergeInstrumentationAnalysisTransform: /root/.gradle/caches/8.14/transforms/6948ecfe7bf233eb4cef8efd031caced/transformed/analysis/instrumentation-hierarchy.bin because:
[        ]   Build cache is disabled
[        ]   Caching not enabled.
[        ] Caching disabled for MergeInstrumentationAnalysisTransform: /root/.gradle/caches/8.14/transforms/32194d5a8fbdddaf255465c1f4a9bda4/transformed/analysis/instrumentation-hierarchy.bin because:
[        ]   Build cache is disabled
[        ]   Caching not enabled.
[        ] Caching disabled for MergeInstrumentationAnalysisTransform: /root/.gradle/caches/8.14/transforms/3170ab89a70060f4fb21396afa92879f/transformed/analysis/instrumentation-hierarchy.bin because:
[        ]   Build cache is disabled
[        ]   Caching not enabled.
[        ] Caching disabled for MergeInstrumentationAnalysisTransform: /root/.gradle/caches/8.14/transforms/6ba89f2043f0aa83d5fe875a55529ddc/transformed/analysis/instrumentation-hierarchy.bin because:
[        ]   Build cache is disabled
[        ]   Caching not enabled.
[        ] Caching disabled for MergeInstrumentationAnalysisTransform: /root/.gradle/caches/8.14/transforms/75430f3cc0be974998c6702b7b158cce/transformed/analysis/instrumentation-hierarchy.bin because:
[        ]   Build cache is disabled
[        ]   Caching not enabled.
[        ] Caching disabled for MergeInstrumentationAnalysisTransform: /root/.gradle/caches/8.14/transforms/afcd88af0d297e24c1bebe15ef206ac0/transformed/analysis/instrumentation-hierarchy.bin because:
[        ]   Build cache is disabled
[        ]   Caching not enabled.
[        ] Caching disabled for MergeInstrumentationAnalysisTransform: /root/.gradle/caches/8.14/transforms/0136cfb3ed5d34e711ecbaf1dd93744a/transformed/analysis/instrumentation-hierarchy.bin because:
[        ]   Build cache is disabled
[        ]   Caching not enabled.
[        ] Caching disabled for MergeInstrumentationAnalysisTransform: /root/.gradle/caches/8.14/transforms/4a0400dc61dd573d146cf940848e09e8/transformed/analysis/instrumentation-dependencies.bin because:
[        ]   Build cache is disabled
[        ]   Caching not enabled.
[        ] Caching disabled for MergeInstrumentationAnalysisTransform: /root/.gradle/caches/8.14/transforms/6ba89f2043f0aa83d5fe875a55529ddc/transformed/analysis/instrumentation-dependencies.bin because:
[        ]   Build cache is disabled
[        ]   Caching not enabled.
[        ] Caching disabled for MergeInstrumentationAnalysisTransform: /root/.gradle/caches/8.14/transforms/259872a397ddd49410f38fb17c3fc701/transformed/analysis/instrumentation-dependencies.bin because:
[        ]   Build cache is disabled
[        ]   Caching not enabled.
[        ] Caching disabled for MergeInstrumentationAnalysisTransform: /root/.gradle/caches/8.14/transforms/9a19c796bd628545c857855b947f01c4/transformed/analysis/instrumentation-dependencies.bin because:
[        ]   Build cache is disabled
[        ]   Caching not enabled.
[        ] Caching disabled for MergeInstrumentationAnalysisTransform: /root/.gradle/caches/8.14/transforms/6948ecfe7bf233eb4cef8efd031caced/transformed/analysis/instrumentation-dependencies.bin because:
[        ]   Build cache is disabled
[        ]   Caching not enabled.
[        ] Caching disabled for MergeInstrumentationAnalysisTransform: /root/.gradle/caches/8.14/transforms/1cabda8f736b227ba67860fee9267c3f/transformed/analysis/instrumentation-dependencies.bin because:
[        ]   Build cache is disabled
[        ]   Caching not enabled.
[        ] Caching disabled for MergeInstrumentationAnalysisTransform: /root/.gradle/caches/8.14/transforms/75430f3cc0be974998c6702b7b158cce/transformed/analysis/instrumentation-dependencies.bin because:
[        ]   Build cache is disabled
[        ]   Caching not enabled.
[        ] Caching disabled for MergeInstrumentationAnalysisTransform: /root/.gradle/caches/8.14/transforms/01525440298630b14048e33a0d81d7e5/transformed/analysis/instrumentation-dependencies.bin because:
[        ]   Build cache is disabled
[        ]   Caching not enabled.
[  +97 ms] Caching disabled for MergeInstrumentationAnalysisTransform: /root/.gradle/caches/8.14/transforms/afcd88af0d297e24c1bebe15ef206ac0/transformed/analysis/instrumentation-dependencies.bin because:
[        ]   Build cache is disabled
[        ]   Caching not enabled.
[        ] Caching disabled for MergeInstrumentationAnalysisTransform: /root/.gradle/caches/8.14/transforms/32194d5a8fbdddaf255465c1f4a9bda4/transformed/analysis/instrumentation-dependencies.bin because:
[        ]   Build cache is disabled
[        ]   Caching not enabled.
[        ] Caching disabled for MergeInstrumentationAnalysisTransform: /root/.gradle/caches/8.14/transforms/3170ab89a70060f4fb21396afa92879f/transformed/analysis/instrumentation-dependencies.bin because:
[        ]   Build cache is disabled
[        ]   Caching not enabled.
[        ] Caching disabled for MergeInstrumentationAnalysisTransform: /root/.gradle/caches/8.14/transforms/0136cfb3ed5d34e711ecbaf1dd93744a/transformed/analysis/instrumentation-dependencies.bin because:
[        ]   Build cache is disabled
[        ]   Caching not enabled.
[ +101 ms] Caching disabled for MergeInstrumentationAnalysisTransform: /root/.gradle/caches/modules-2/files-2.1/com.android.tools.build/manifest-merger/30.3.1/71f4364c86bbe1ff328c6e5eac880d07c8c92943/manifest-merger-30.3.1.jar because:
[        ]   Build cache is disabled
[        ]   Caching not enabled.
[        ] Caching disabled for MergeInstrumentationAnalysisTransform: /root/.gradle/caches/modules-2/files-2.1/com.android.tools.build/builder-test-api/7.3.1/5f4b0978a05b1ff995ca255da73fdc76f5b99949/builder-test-api-7.3.1.jar because:
[        ]   Build cache is disabled
[        ]   Caching not enabled.
[        ] Caching disabled for ExternalDependencyInstrumentingArtifactTransform: /root/.gradle/caches/8.14/transforms/64d38b11ca0a8b906504c19d97119000/transformed/merge/instrumentation-dependencies.bin because:
[        ]   Build cache is disabled
[        ]   Caching not enabled.
[        ] Caching disabled for MergeInstrumentationAnalysisTransform: /root/.gradle/caches/modules-2/files-2.1/de.mannodermaus.gradle.plugins/android-junit5/1.7.1.1/25738878a79c97031b9eb2f0ecc4ac08fa580eb6/android-junit5-1.7.1.1.jar because:
[        ]   Build cache is disabled
[        ]   Caching not enabled.
[        ] Caching disabled for MergeInstrumentationAnalysisTransform: /root/.gradle/caches/modules-2/files-2.1/com.android.tools.build/gradle-api/7.3.1/a2723750277a10ca522477752d98f996653ebf14/gradle-api-7.3.1.jar because:
[        ]   Build cache is disabled
[        ]   Caching not enabled.
[        ] Caching disabled for ExternalDependencyInstrumentingArtifactTransform: /root/.gradle/caches/8.14/transforms/2e66e443b4b1804c64506d338cd57fd6/transformed/merge/instrumentation-dependencies.bin because:
[        ]   Build cache is disabled
[        ]   Caching not enabled.
[        ] Caching disabled for MergeInstrumentationAnalysisTransform: /root/.gradle/caches/modules-2/files-2.1/com.android.tools.ddms/ddmlib/30.3.1/f271cb990dc62f580b608a75c87c509683c75da9/ddmlib-30.3.1.jar because:
[        ]   Build cache is disabled
[        ]   Caching not enabled.
[        ] Caching disabled for MergeInstrumentationAnalysisTransform: /root/.gradle/caches/modules-2/files-2.1/com.android.tools/sdklib/30.3.1/c7d208823ca1a0b5c11c1b94329f517d9582b346/sdklib-30.3.1.jar because:
[        ]   Build cache is disabled
[        ]   Caching not enabled.
[        ] Caching disabled for MergeInstrumentationAnalysisTransform: /root/.gradle/caches/modules-2/files-2.1/com.android.tools/repository/30.3.1/87b80c1a37843e2db9a3356d2bb5b6f59e4feb0f/repository-30.3.1.jar because:
[        ]   Build cache is disabled
[        ]   Caching not enabled.
[        ] Caching disabled for MergeInstrumentationAnalysisTransform: /root/.gradle/caches/modules-2/files-2.1/com.android.tools.lint/lint-model/30.3.1/99d568ce7c22b37aeae3568889364a33a540db76/lint-model-30.3.1.jar because:
[        ]   Build cache is disabled
[        ]   Caching not enabled.
[        ] Caching disabled for ExternalDependencyInstrumentingArtifactTransform: /root/.gradle/caches/8.14/transforms/5706a475d4900818f14a7e6ed8e582f5/transformed/merge/instrumentation-dependencies.bin because:
[        ]   Build cache is disabled
[        ]   Caching not enabled.
[        ] Caching disabled for ExternalDependencyInstrumentingArtifactTransform: /root/.gradle/caches/8.14/transforms/0118c1f8ede047c444cf55e89e4e70cd/transformed/merge/instrumentation-dependencies.bin because:
[        ]   Build cache is disabled
[        ]   Caching not enabled.
[        ] Caching disabled for ExternalDependencyInstrumentingArtifactTransform: /root/.gradle/caches/8.14/transforms/9997c7039777aa4f7a1706e2be4c6e86/transformed/merge/instrumentation-dependencies.bin because:
[        ]   Build cache is disabled
[        ]   Caching not enabled.
[        ] Caching disabled for ExternalDependencyInstrumentingArtifactTransform: /root/.gradle/caches/8.14/transforms/a61ec93cacdd9217f5d55f2173a62aa3/transformed/merge/instrumentation-dependencies.bin because:
[        ]   Build cache is disabled
[   +3 ms]   Caching not enabled.
[        ] Caching disabled for ExternalDependencyInstrumentingArtifactTransform: /root/.gradle/caches/8.14/transforms/49b06b588ac91848a8c930b292d6b0a3/transformed/merge/instrumentation-dependencies.bin because:
[        ]   Build cache is disabled
[        ]   Caching not enabled.
[        ] Caching disabled for MergeInstrumentationAnalysisTransform: /root/.gradle/caches/modules-2/files-2.1/com.android.tools/sdk-common/30.3.1/10deeec417af159c070f839d6eb4dae29a293593/sdk-common-30.3.1.jar because:
[   +5 ms]   Build cache is disabled
[        ]   Caching not enabled.
[        ] Caching disabled for ExternalDependencyInstrumentingArtifactTransform: /root/.gradle/caches/8.14/transforms/0f89305ba226bb94582a7634e428ab7d/transformed/merge/instrumentation-dependencies.bin because:
[        ]   Build cache is disabled
[        ]   Caching not enabled.
[        ] Caching disabled for ExternalDependencyInstrumentingArtifactTransform: /root/.gradle/caches/8.14/transforms/116774f6a319e11c5af084303d634127/transformed/merge/instrumentation-dependencies.bin because:
[        ]   Build cache is disabled
[        ]   Caching not enabled.
[        ] Caching disabled for ExternalDependencyInstrumentingArtifactTransform: /root/.gradle/caches/modules-2/files-2.1/com.android.tools.build/builder-test-api/7.3.1/5f4b0978a05b1ff995ca255da73fdc76f5b99949/builder-test-api-7.3.1.jar because:
[        ]   Build cache is disabled
[        ]   Caching not enabled.
[        ] Caching disabled for MergeInstrumentationAnalysisTransform: /root/.gradle/caches/8.14/transforms/d60f0f4594c178e72a1d4bdadc115d75/transformed/analysis/instrumentation-hierarchy.bin because:
[        ]   Build cache is disabled
[        ]   Caching not enabled.
[        ] Caching disabled for MergeInstrumentationAnalysisTransform: /root/.gradle/caches/modules-2/files-2.1/com.android.tools.build/builder/7.3.1/3e23401ece1637cecbae6be5c02cc18ab7e452e5/builder-7.3.1.jar because:
[        ]   Build cache is disabled
[        ]   Caching not enabled.
[        ] Caching disabled for ExternalDependencyInstrumentingArtifactTransform: /root/.gradle/caches/8.14/transforms/d034efd738338c2e48e470f26556ecf5/transformed/merge/instrumentation-dependencies.bin because:
[        ]   Build cache is disabled
[        ]   Caching not enabled.
[        ] Caching disabled for MergeInstrumentationAnalysisTransform: /root/.gradle/caches/8.14/transforms/d60f0f4594c178e72a1d4bdadc115d75/transformed/analysis/instrumentation-dependencies.bin because:
[        ]   Build cache is disabled
[        ]   Caching not enabled.
[        ] Caching disabled for ExternalDependencyInstrumentingArtifactTransform: /root/.gradle/caches/modules-2/files-2.1/com.android.tools.build/gradle-api/7.3.1/a2723750277a10ca522477752d98f996653ebf14/gradle-api-7.3.1.jar because:
[        ]   Build cache is disabled
[        ]   Caching not enabled.
[        ] Caching disabled for ExternalDependencyInstrumentingArtifactTransform: /root/.gradle/caches/modules-2/files-2.1/de.mannodermaus.gradle.plugins/android-junit5/1.7.1.1/25738878a79c97031b9eb2f0ecc4ac08fa580eb6/android-junit5-1.7.1.1.jar because:
[        ]   Build cache is disabled
[        ]   Caching not enabled.
[        ] Caching disabled for ExternalDependencyInstrumentingArtifactTransform: /root/.gradle/caches/modules-2/files-2.1/com.android.tools.build/manifest-merger/30.3.1/71f4364c86bbe1ff328c6e5eac880d07c8c92943/manifest-merger-30.3.1.jar because:
[        ]   Build cache is disabled
[        ]   Caching not enabled.
[        ] Caching disabled for MergeInstrumentationAnalysisTransform: /root/.gradle/caches/modules-2/files-2.1/com.android.tools.build/aaptcompiler/7.3.1/de743c148d7ecd5b896c0911a98f7d3eb41d1b1e/aaptcompiler-7.3.1.jar because:
[        ]   Build cache is disabled
[        ]   Caching not enabled.
[        ] Caching disabled for MergeInstrumentationAnalysisTransform: /root/.gradle/caches/modules-2/files-2.1/org.jetbrains.kotlin/kotlin-gradle-plugin/1.7.10/52d0e04736f3783285b0fc868874f58c05af8bd8/kotlin-gradle-plugin-1.7.10-gradle70.jar because:
[        ]   Build cache is disabled
[        ]   Caching not enabled.
[        ] Caching disabled for MergeInstrumentationAnalysisTransform: /root/.gradle/caches/8.14/transforms/35f6e5d82dbadb372791d54b84e47f25/transformed/analysis/instrumentation-hierarchy.bin because:
[        ]   Build cache is disabled
[        ]   Caching not enabled.
[        ] Caching disabled for ExternalDependencyInstrumentingArtifactTransform: /root/.gradle/caches/8.14/transforms/a22b33795f2d438bc480de3b3285a94d/transformed/merge/instrumentation-dependencies.bin because:
[        ]   Build cache is disabled
[        ]   Caching not enabled.
[        ] Caching disabled for MergeInstrumentationAnalysisTransform: /root/.gradle/caches/modules-2/files-2.1/com.android.tools.build/gradle/7.3.1/e05fdef1532d40d90ef6d2f80f76dfc78d098bb9/gradle-7.3.1.jar because:
[        ]   Build cache is disabled
[        ]   Caching not enabled.
[        ] Caching disabled for MergeInstrumentationAnalysisTransform: /root/.gradle/caches/8.14/transforms/d652176063f3c390ed8e970bddcd68dd/transformed/analysis/instrumentation-hierarchy.bin because:
[        ]   Build cache is disabled
[        ]   Caching not enabled.
[        ] Caching disabled for MergeInstrumentationAnalysisTransform: /root/.gradle/caches/8.14/transforms/56289e13992b768d3b4f20ba2c42361f/transformed/analysis/instrumentation-hierarchy.bin because:
[        ]   Build cache is disabled
[        ]   Caching not enabled.
[        ] Caching disabled for ExternalDependencyInstrumentingArtifactTransform: /root/.gradle/caches/8.14/transforms/4cdeb3b390d30ee8a94461d00a775a6b/transformed/merge/instrumentation-dependencies.bin because:
[        ]   Build cache is disabled
[        ]   Caching not enabled.
[        ] Caching disabled for ExternalDependencyInstrumentingArtifactTransform: /root/.gradle/caches/modules-2/files-2.1/com.android.tools.lint/lint-model/30.3.1/99d568ce7c22b37aeae3568889364a33a540db76/lint-model-30.3.1.jar because:
[        ]   Build cache is disabled
[        ]   Caching not enabled.
[        ] Caching disabled for MergeInstrumentationAnalysisTransform: /root/.gradle/caches/8.14/transforms/d652176063f3c390ed8e970bddcd68dd/transformed/analysis/instrumentation-dependencies.bin because:
[        ]   Build cache is disabled
[        ]   Caching not enabled.
[        ] Caching disabled for ExternalDependencyInstrumentingArtifactTransform: /root/.gradle/caches/8.14/transforms/952a5774a3ea8d2d81bd36398f439604/transformed/merge/instrumentation-dependencies.bin because:
[        ]   Build cache is disabled
[        ]   Caching not enabled.
[        ] Caching disabled for MergeInstrumentationAnalysisTransform: /root/.gradle/caches/8.14/transforms/35f6e5d82dbadb372791d54b84e47f25/transformed/analysis/instrumentation-dependencies.bin because:
[        ]   Build cache is disabled
[        ]   Caching not enabled.
[        ] Caching disabled for ExternalDependencyInstrumentingArtifactTransform: /root/.gradle/caches/modules-2/files-2.1/com.android.tools/repository/30.3.1/87b80c1a37843e2db9a3356d2bb5b6f59e4feb0f/repository-30.3.1.jar because:
[        ]   Build cache is disabled
[        ]   Caching not enabled.
[        ] Caching disabled for MergeInstrumentationAnalysisTransform: /root/.gradle/caches/8.14/transforms/56289e13992b768d3b4f20ba2c42361f/transformed/analysis/instrumentation-dependencies.bin because:
[        ]   Build cache is disabled
[        ]   Caching not enabled.
[        ] Caching disabled for MergeInstrumentationAnalysisTransform: /root/.gradle/caches/8.14/transforms/f483d0aa4c8c67bf1b387ce25c94f885/transformed/analysis/instrumentation-hierarchy.bin because:
[        ]   Build cache is disabled
[        ]   Caching not enabled.
[        ] Caching disabled for MergeInstrumentationAnalysisTransform: /root/.gradle/caches/modules-2/files-2.1/com.android.tools.analytics-library/crash/30.3.1/528046bc127bdb59fec52d3ca3997bee71151bcc/crash-30.3.1.jar because:
[        ]   Build cache is disabled
[        ]   Caching not enabled.
[        ] Caching disabled for MergeInstrumentationAnalysisTransform: /root/.gradle/caches/modules-2/files-2.1/com.android.tools.build/aapt2-proto/7.3.1-8691043/c5ced5de396317a62df687ed0ba4404898bdc266/aapt2-proto-7.3.1-8691043.jar because:
[        ]   Build cache is disabled
[        ]   Caching not enabled.
[        ] Caching disabled for MergeInstrumentationAnalysisTransform: /root/.gradle/caches/8.14/transforms/d28e73e8f6db0d8b82cde7910e808047/transformed/analysis/instrumentation-hierarchy.bin because:
[        ]   Build cache is disabled
[        ]   Caching not enabled.
[        ] Caching disabled for MergeInstrumentationAnalysisTransform: /root/.gradle/caches/8.14/transforms/f483d0aa4c8c67bf1b387ce25c94f885/transformed/analysis/instrumentation-dependencies.bin because:
[        ]   Build cache is disabled
[        ]   Caching not enabled.
[        ] Caching disabled for MergeInstrumentationAnalysisTransform: /root/.gradle/caches/8.14/transforms/d28e73e8f6db0d8b82cde7910e808047/transformed/analysis/instrumentation-dependencies.bin because:
[        ]   Build cache is disabled
[        ]   Caching not enabled.
[        ] Caching disabled for ExternalDependencyInstrumentingArtifactTransform: /root/.gradle/caches/8.14/transforms/5ef0ac5581815be9339e2355d397716a/transformed/merge/instrumentation-dependencies.bin because:
[        ]   Build cache is disabled
[        ]   Caching not enabled.
[        ] Caching disabled for ExternalDependencyInstrumentingArtifactTransform: /root/.gradle/caches/8.14/transforms/57bf842d78ff995f7a2f82e17ee6e6c2/transformed/merge/instrumentation-dependencies.bin because:
[        ]   Build cache is disabled
[        ]   Caching not enabled.
[        ] Caching disabled for MergeInstrumentationAnalysisTransform: /root/.gradle/caches/modules-2/files-2.1/com.android.tools.analytics-library/tracker/30.3.1/5e65e94c9dcd4a9e3b88e6d022c3db8a52248bc9/tracker-30.3.1.jar because:
[        ]   Build cache is disabled
[        ]   Caching not enabled.
[  +82 ms] Caching disabled for MergeInstrumentationAnalysisTransform: /root/.gradle/caches/modules-2/files-2.1/com.android.tools.analytics-library/shared/30.3.1/e1c363b7347d680e674c12eb21ecdafbb49b2fe6/shared-30.3.1.jar because:
[        ]   Build cache is disabled
[        ]   Caching not enabled.
[        ] Caching disabled for ExternalDependencyInstrumentingArtifactTransform: /root/.gradle/caches/modules-2/files-2.1/com.android.tools/sdklib/30.3.1/c7d208823ca1a0b5c11c1b94329f517d9582b346/sdklib-30.3.1.jar because:
[        ]   Build cache is disabled
[        ]   Caching not enabled.
[        ] Caching disabled for ExternalDependencyInstrumentingArtifactTransform: /root/.gradle/caches/modules-2/files-2.1/com.android.tools.analytics-library/crash/30.3.1/528046bc127bdb59fec52d3ca3997bee71151bcc/crash-30.3.1.jar because:
[        ]   Build cache is disabled
[        ]   Caching not enabled.
[        ] Caching disabled for ExternalDependencyInstrumentingArtifactTransform: /root/.gradle/caches/8.14/transforms/3d4179c019fe83c82dedf9174f5782a1/transformed/merge/instrumentation-dependencies.bin because:
[        ]   Build cache is disabled
[        ]   Caching not enabled.
[        ] Caching disabled for ExternalDependencyInstrumentingArtifactTransform: /root/.gradle/caches/8.14/transforms/6719f3fad9e805afbeef38da2391a049/transformed/merge/instrumentation-dependencies.bin because:
[        ]   Build cache is disabled
[        ]   Caching not enabled.
[        ] Caching disabled for MergeInstrumentationAnalysisTransform: /root/.gradle/caches/8.14/transforms/dbe60c2dcd194672366985f38ff5f7a8/transformed/analysis/instrumentation-hierarchy.bin because:
[        ]   Build cache is disabled
[        ]   Caching not enabled.
[        ] Caching disabled for ExternalDependencyInstrumentingArtifactTransform: /root/.gradle/caches/modules-2/files-2.1/com.android.tools.ddms/ddmlib/30.3.1/f271cb990dc62f580b608a75c87c509683c75da9/ddmlib-30.3.1.jar because:
[        ]   Build cache is disabled
[        ]   Caching not enabled.
[        ] Caching disabled for MergeInstrumentationAnalysisTransform: /root/.gradle/caches/8.14/transforms/c78c557234f738cd449f731bbb05eecc/transformed/analysis/instrumentation-hierarchy.bin because:
[        ]   Build cache is disabled
[        ]   Caching not enabled.
[        ] Caching disabled for MergeInstrumentationAnalysisTransform: /root/.gradle/caches/modules-2/files-2.1/com.android.tools.build/bundletool/1.9.0/e144fc87490d12ee601c79dbcb60798a23d1b702/bundletool-1.9.0.jar because:
[        ]   Build cache is disabled
[        ]   Caching not enabled.
[        ] Caching disabled for MergeInstrumentationAnalysisTransform: /root/.gradle/caches/8.14/transforms/dbe60c2dcd194672366985f38ff5f7a8/transformed/analysis/instrumentation-dependencies.bin because:
[        ]   Build cache is disabled
[        ]   Caching not enabled.
[        ] Caching disabled for MergeInstrumentationAnalysisTransform: /root/.gradle/caches/8.14/transforms/76ddba3519b4db44290460030104731c/transformed/analysis/instrumentation-hierarchy.bin because:
[        ]   Build cache is disabled
[        ]   Caching not enabled.
[        ] Caching disabled for MergeInstrumentationAnalysisTransform: /root/.gradle/caches/8.14/transforms/c78c557234f738cd449f731bbb05eecc/transformed/analysis/instrumentation-dependencies.bin because:
[        ]   Build cache is disabled
[        ]   Caching not enabled.
[        ] Caching disabled for ExternalDependencyInstrumentingArtifactTransform: /root/.gradle/caches/8.14/transforms/c025fb90d6ff72690851aa1fa90c85f4/transformed/merge/instrumentation-dependencies.bin because:
[        ]   Build cache is disabled
[        ]   Caching not enabled.
[        ] Caching disabled for ExternalDependencyInstrumentingArtifactTransform: /root/.gradle/caches/modules-2/files-2.1/com.android.tools.analytics-library/tracker/30.3.1/5e65e94c9dcd4a9e3b88e6d022c3db8a52248bc9/tracker-30.3.1.jar because:
[        ]   Build cache is disabled
[        ]   Caching not enabled.
[        ] Caching disabled for MergeInstrumentationAnalysisTransform: /root/.gradle/caches/modules-2/files-2.1/com.android.tools.lint/lint-typedef-remover/30.3.1/2c7bb3fcd0052f8311973c915913fb1979979f40/lint-typedef-remover-30.3.1.jar because:
[        ]   Build cache is disabled
[        ]   Caching not enabled.
[        ] Caching disabled for ExternalDependencyInstrumentingArtifactTransform: /root/.gradle/caches/8.14/transforms/030d202b5145be5f3190d99686f15791/transformed/merge/instrumentation-dependencies.bin because:
[        ]   Build cache is disabled
[        ]   Caching not enabled.
[        ] Caching disabled for MergeInstrumentationAnalysisTransform: /root/.gradle/caches/modules-2/files-2.1/androidx.databinding/databinding-compiler-common/7.3.1/7d9048591c2f0932195a8f9019cf7f7f86afd043/databinding-compiler-common-7.3.1.jar because:
[        ]   Build cache is disabled
[        ]   Caching not enabled.
[        ] Caching disabled for ExternalDependencyInstrumentingArtifactTransform: /root/.gradle/caches/modules-2/files-2.1/com.android.tools.analytics-library/shared/30.3.1/e1c363b7347d680e674c12eb21ecdafbb49b2fe6/shared-30.3.1.jar because:
[        ]   Build cache is disabled
[        ]   Caching not enabled.
[        ] Caching disabled for MergeInstrumentationAnalysisTransform: /root/.gradle/caches/8.14/transforms/76ddba3519b4db44290460030104731c/transformed/analysis/instrumentation-dependencies.bin because:
[        ]   Build cache is disabled
[        ]   Caching not enabled.
[        ] Caching disabled for MergeInstrumentationAnalysisTransform: /root/.gradle/caches/8.14/transforms/8c147ac4463cc9552fb8d334266b90ad/transformed/analysis/instrumentation-hierarchy.bin because:
[        ]   Build cache is disabled
[        ]   Caching not enabled.
[        ] Caching disabled for ExternalDependencyInstrumentingArtifactTransform: /root/.gradle/caches/8.14/transforms/438dab02b8d45de63b286c76c725308e/transformed/merge/instrumentation-dependencies.bin because:
[        ]   Build cache is disabled
[        ]   Caching not enabled.
[        ] Caching disabled for ExternalDependencyInstrumentingArtifactTransform: /root/.gradle/caches/modules-2/files-2.1/com.android.tools.build/aaptcompiler/7.3.1/de743c148d7ecd5b896c0911a98f7d3eb41d1b1e/aaptcompiler-7.3.1.jar because:
[        ]   Build cache is disabled
[        ]   Caching not enabled.
[        ] Caching disabled for MergeInstrumentationAnalysisTransform: /root/.gradle/caches/8.14/transforms/8c147ac4463cc9552fb8d334266b90ad/transformed/analysis/instrumentation-dependencies.bin because:
[        ]   Build cache is disabled
[        ]   Caching not enabled.
[        ] Caching disabled for MergeInstrumentationAnalysisTransform: /root/.gradle/caches/8.14/transforms/4044e864a89d18af8fc0ffd99d749fe7/transformed/analysis/instrumentation-hierarchy.bin because:
[        ]   Build cache is disabled
[        ]   Caching not enabled.
[        ] Caching disabled for MergeInstrumentationAnalysisTransform: /root/.gradle/caches/8.14/transforms/a74b76e7e1ef05f561f817d6536018a5/transformed/analysis/instrumentation-hierarchy.bin because:
[        ]   Build cache is disabled
[        ]   Caching not enabled.
[        ] Caching disabled for MergeInstrumentationAnalysisTransform: /root/.gradle/caches/modules-2/files-2.1/androidx.databinding/databinding-common/7.3.1/9ce4d7d086454caee5620765f7aa39115aeffb47/databinding-common-7.3.1.jar because:
[        ]   Build cache is disabled
[        ]   Caching not enabled.
[        ] Caching disabled for MergeInstrumentationAnalysisTransform: /root/.gradle/caches/8.14/transforms/4044e864a89d18af8fc0ffd99d749fe7/transformed/analysis/instrumentation-dependencies.bin because:
[        ]   Build cache is disabled
[        ]   Caching not enabled.
[        ] Caching disabled for ExternalDependencyInstrumentingArtifactTransform: /root/.gradle/caches/modules-2/files-2.1/com.android.tools.lint/lint-typedef-remover/30.3.1/2c7bb3fcd0052f8311973c915913fb1979979f40/lint-typedef-remover-30.3.1.jar because:
[        ]   Build cache is disabled
[        ]   Caching not enabled.
[        ] Caching disabled for MergeInstrumentationAnalysisTransform: /root/.gradle/caches/8.14/transforms/a74b76e7e1ef05f561f817d6536018a5/transformed/analysis/instrumentation-dependencies.bin because:
[        ]   Build cache is disabled
[        ]   Caching not enabled.
[        ] Caching disabled for ExternalDependencyInstrumentingArtifactTransform: /root/.gradle/caches/8.14/transforms/d9064c0e08b8013cc7b9cfb8c84e549d/transformed/merge/instrumentation-dependencies.bin because:
[        ]   Build cache is disabled
[        ]   Caching not enabled.
[        ] Caching disabled for MergeInstrumentationAnalysisTransform: /root/.gradle/caches/8.14/transforms/4c074a6c3d7df17fa67113e1aa287f98/transformed/analysis/instrumentation-hierarchy.bin because:
[        ]   Build cache is disabled
[        ]   Caching not enabled.
[        ] Caching disabled for MergeInstrumentationAnalysisTransform: /root/.gradle/caches/modules-2/files-2.1/com.android.databinding/baseLibrary/7.3.1/d8866960f7a5beb7cda6c6c53a770f00bbcf4496/baseLibrary-7.3.1.jar because:
[        ]   Build cache is disabled
[        ]   Caching not enabled.
[        ] Caching disabled for MergeInstrumentationAnalysisTransform: /root/.gradle/caches/modules-2/files-2.1/com.android.tools.utp/android-device-provider-ddmlib-proto/30.3.1/bb5d5b14533aad60deca6766fa403f9e335a9cf9/android-device-provider-ddmlib-proto-30.3.1.jar because:
[        ]   Build cache is disabled
[        ]   Caching not enabled.
[        ] Caching disabled for MergeInstrumentationAnalysisTransform: /root/.gradle/caches/modules-2/files-2.1/com.android.tools.layoutlib/layoutlib-api/30.3.1/5f0a18661da3c0f524b42fddb0d801d224e19a84/layoutlib-api-30.3.1.jar because:
[        ]   Build cache is disabled
[        ]   Caching not enabled.
[        ] Caching disabled for MergeInstrumentationAnalysisTransform: /root/.gradle/caches/8.14/transforms/4c074a6c3d7df17fa67113e1aa287f98/transformed/analysis/instrumentation-dependencies.bin because:
[        ]   Build cache is disabled
[        ]   Caching not enabled.
[        ] Caching disabled for ExternalDependencyInstrumentingArtifactTransform: /root/.gradle/caches/modules-2/files-2.1/androidx.databinding/databinding-common/7.3.1/9ce4d7d086454caee5620765f7aa39115aeffb47/databinding-common-7.3.1.jar because:
[        ]   Build cache is disabled
[        ]   Caching not enabled.
[  +95 ms] Caching disabled for ExternalDependencyInstrumentingArtifactTransform: /root/.gradle/caches/8.14/transforms/7dca07bca8db4ef214100034cdfe122d/transformed/merge/instrumentation-dependencies.bin because:
[        ]   Build cache is disabled
[        ]   Caching not enabled.
[        ] Caching disabled for ExternalDependencyInstrumentingArtifactTransform: /root/.gradle/caches/8.14/transforms/20c41dd1b7ae517e674723cbc7a4076b/transformed/merge/instrumentation-dependencies.bin because:
[        ]   Build cache is disabled
[        ]   Caching not enabled.
[        ] Caching disabled for ExternalDependencyInstrumentingArtifactTransform: /root/.gradle/caches/8.14/transforms/6a21792439e0a89af80f63354970789a/transformed/merge/instrumentation-dependencies.bin because:
[        ]   Build cache is disabled
[        ]   Caching not enabled.
[        ] Caching disabled for MergeInstrumentationAnalysisTransform: /root/.gradle/caches/8.14/transforms/719caeb6c02767bc0d1e707466c3bcf3/transformed/analysis/instrumentation-hierarchy.bin because:
[        ]   Build cache is disabled
[        ]   Caching not enabled.
[        ] Caching disabled for MergeInstrumentationAnalysisTransform: /root/.gradle/caches/modules-2/files-2.1/com.android.tools.utp/android-device-provider-gradle-proto/30.3.1/e1427d46551936e6d3c2a0d6be7e4469bbe257ae/android-device-provider-gradle-proto-30.3.1.jar because:
[        ]   Build cache is disabled
[        ]   Caching not enabled.
[        ] Caching disabled for MergeInstrumentationAnalysisTransform: /root/.gradle/caches/8.14/transforms/719caeb6c02767bc0d1e707466c3bcf3/transformed/analysis/instrumentation-dependencies.bin because:
[        ]   Build cache is disabled
[        ]   Caching not enabled.
[        ] Caching disabled for ExternalDependencyInstrumentingArtifactTransform: /root/.gradle/caches/modules-2/files-2.1/com.android.tools.utp/android-device-provider-ddmlib-proto/30.3.1/bb5d5b14533aad60deca6766fa403f9e335a9cf9/android-device-provider-ddmlib-proto-30.3.1.jar because:
[        ]   Build cache is disabled
[        ]   Caching not enabled.
[        ] Caching disabled for ExternalDependencyInstrumentingArtifactTransform: /root/.gradle/caches/modules-2/files-2.1/com.android.tools.build/aapt2-proto/7.3.1-8691043/c5ced5de396317a62df687ed0ba4404898bdc266/aapt2-proto-7.3.1-8691043.jar because:
[        ]   Build cache is disabled
[        ]   Caching not enabled.
[        ] Caching disabled for ExternalDependencyInstrumentingArtifactTransform: /root/.gradle/caches/modules-2/files-2.1/com.android.databinding/baseLibrary/7.3.1/d8866960f7a5beb7cda6c6c53a770f00bbcf4496/baseLibrary-7.3.1.jar because:
[        ]   Build cache is disabled
[        ]   Caching not enabled.
[        ] Caching disabled for ExternalDependencyInstrumentingArtifactTransform: /root/.gradle/caches/8.14/transforms/9002fc9073d4dc2e6a132d982eda69e7/transformed/merge/instrumentation-dependencies.bin because:
[        ]   Build cache is disabled
[        ]   Caching not enabled.
[        ] Caching disabled for MergeInstrumentationAnalysisTransform: /root/.gradle/caches/8.14/transforms/2f0ecbafc456088fc9fd33d865a9ff94/transformed/analysis/instrumentation-hierarchy.bin because:
[        ]   Build cache is disabled
[        ]   Caching not enabled.
[        ] Caching disabled for MergeInstrumentationAnalysisTransform: /root/.gradle/caches/modules-2/files-2.1/com.android.tools.utp/android-test-plugin-host-additional-test-output-proto/30.3.1/f970263cd7f02e515393506fe846bdda43fd718c/android-test-plugin-host-additional-test-output-proto-30.3.1.jar because:
[        ]   Build cache is disabled
[        ]   Caching not enabled.
[        ] Caching disabled for MergeInstrumentationAnalysisTransform: /root/.gradle/caches/8.14/transforms/2f0ecbafc456088fc9fd33d865a9ff94/transformed/analysis/instrumentation-dependencies.bin because:
[        ]   Build cache is disabled
[        ]   Caching not enabled.
[        ] Caching disabled for ExternalDependencyInstrumentingArtifactTransform: /root/.gradle/caches/modules-2/files-2.1/com.android.tools.layoutlib/layoutlib-api/30.3.1/5f0a18661da3c0f524b42fddb0d801d224e19a84/layoutlib-api-30.3.1.jar because:
[        ]   Build cache is disabled
[        ]   Caching not enabled.
[        ] Caching disabled for MergeInstrumentationAnalysisTransform: /root/.gradle/caches/8.14/transforms/3a2df53899b5457c2eb8d848b799507a/transformed/analysis/instrumentation-hierarchy.bin because:
[        ]   Build cache is disabled
[        ]   Caching not enabled.
[        ] Caching disabled for ExternalDependencyInstrumentingArtifactTransform: /root/.gradle/caches/modules-2/files-2.1/com.android.tools.utp/android-device-provider-gradle-proto/30.3.1/e1427d46551936e6d3c2a0d6be7e4469bbe257ae/android-device-provider-gradle-proto-30.3.1.jar because:
[        ]   Build cache is disabled
[        ]   Caching not enabled.
[        ] Caching disabled for ExternalDependencyInstrumentingArtifactTransform: /root/.gradle/caches/8.14/transforms/39e16145053888623983ba53fd1cdea6/transformed/merge/instrumentation-dependencies.bin because:
[        ]   Build cache is disabled
[        ]   Caching not enabled.
[        ] Caching disabled for MergeInstrumentationAnalysisTransform: /root/.gradle/caches/8.14/transforms/ea4f870d7abf82f478a1e1bb28a13c1f/transformed/analysis/instrumentation-hierarchy.bin because:
[        ]   Build cache is disabled
[        ]   Caching not enabled.
[        ] Caching disabled for MergeInstrumentationAnalysisTransform: /root/.gradle/caches/8.14/transforms/3a2df53899b5457c2eb8d848b799507a/transformed/analysis/instrumentation-dependencies.bin because:
[   +3 ms]   Build cache is disabled
[        ]   Caching not enabled.
[        ] Caching disabled for MergeInstrumentationAnalysisTransform: /root/.gradle/caches/8.14/transforms/2c77feaa8849fabd7fab09730f34c8b6/transformed/analysis/instrumentation-hierarchy.bin because:
[        ]   Build cache is disabled
[        ]   Caching not enabled.
[        ] Caching disabled for MergeInstrumentationAnalysisTransform: /root/.gradle/caches/modules-2/files-2.1/com.android.tools.utp/android-test-plugin-host-coverage-proto/30.3.1/e9fdeb8417e35e6528fa3e352e4677c8e898639c/android-test-plugin-host-coverage-proto-30.3.1.jar because:
[        ]   Build cache is disabled
[        ]   Caching not enabled.
[        ] Caching disabled for ExternalDependencyInstrumentingArtifactTransform: /root/.gradle/caches/modules-2/files-2.1/com.android.tools.utp/android-test-plugin-host-additional-test-output-proto/30.3.1/f970263cd7f02e515393506fe846bdda43fd718c/android-test-plugin-host-additional-test-output-proto-30.3.1.jar because:
[        ]   Build cache is disabled
[        ]   Caching not enabled.
[        ] Caching disabled for ExternalDependencyInstrumentingArtifactTransform: /root/.gradle/caches/modules-2/files-2.1/com.android.tools/sdk-common/30.3.1/10deeec417af159c070f839d6eb4dae29a293593/sdk-common-30.3.1.jar because:
[        ]   Build cache is disabled
[        ]   Caching not enabled.
[        ] Caching disabled for MergeInstrumentationAnalysisTransform: /root/.gradle/caches/8.14/transforms/ea4f870d7abf82f478a1e1bb28a13c1f/transformed/analysis/instrumentation-dependencies.bin because:
[        ]   Build cache is disabled
[        ]   Caching not enabled.
[        ] Caching disabled for MergeInstrumentationAnalysisTransform: /root/.gradle/caches/8.14/transforms/74173abd3707b9cfb2424a21b0ef542e/transformed/analysis/instrumentation-hierarchy.bin because:
[        ]   Build cache is disabled
[        ]   Caching not enabled.
[        ] Caching disabled for MergeInstrumentationAnalysisTransform: /root/.gradle/caches/8.14/transforms/2c77feaa8849fabd7fab09730f34c8b6/transformed/analysis/instrumentation-dependencies.bin because:
[        ]   Build cache is disabled
[        ]   Caching not enabled.
[        ] Caching disabled for ExternalDependencyInstrumentingArtifactTransform: /root/.gradle/caches/8.14/transforms/3ba879a3ec5d273047bf7005df23e754/transformed/merge/instrumentation-dependencies.bin because:
[        ]   Build cache is disabled
[        ]   Caching not enabled.
[        ] Caching disabled for MergeInstrumentationAnalysisTransform: /root/.gradle/caches/modules-2/files-2.1/com.android.tools.utp/android-test-plugin-host-retention-proto/30.3.1/8ee698bf4845058318330a48d13950f2d9c56430/android-test-plugin-host-retention-proto-30.3.1.jar because:
[        ]   Build cache is disabled
[        ]   Caching not enabled.
[        ] Caching disabled for MergeInstrumentationAnalysisTransform: /root/.gradle/caches/8.14/transforms/74173abd3707b9cfb2424a21b0ef542e/transformed/analysis/instrumentation-dependencies.bin because:
[        ]   Build cache is disabled
[        ]   Caching not enabled.
[        ] Caching disabled for ExternalDependencyInstrumentingArtifactTransform: /root/.gradle/caches/modules-2/files-2.1/androidx.databinding/databinding-compiler-common/7.3.1/7d9048591c2f0932195a8f9019cf7f7f86afd043/databinding-compiler-common-7.3.1.jar because:
[        ]   Build cache is disabled
[        ]   Caching not enabled.
[        ] Caching disabled for MergeInstrumentationAnalysisTransform: /root/.gradle/caches/modules-2/files-2.1/com.android.tools.build/builder-model/7.3.1/fddc6058293b89467794f8fcd6bfb35e37739c48/builder-model-7.3.1.jar because:
[        ]   Build cache is disabled
[        ]   Caching not enabled.
[        ] Caching disabled for ExternalDependencyInstrumentingArtifactTransform: /root/.gradle/caches/modules-2/files-2.1/com.android.tools.utp/android-test-plugin-host-coverage-proto/30.3.1/e9fdeb8417e35e6528fa3e352e4677c8e898639c/android-test-plugin-host-coverage-proto-30.3.1.jar because:
[        ]   Build cache is disabled
[        ]   Caching not enabled.
[        ] Caching disabled for MergeInstrumentationAnalysisTransform: /root/.gradle/caches/modules-2/files-2.1/com.android.tools.utp/android-test-plugin-result-listener-gradle-proto/30.3.1/262cca037fd00f58dd5ca7dd7a32a6a837b4b993/android-test-plugin-result-listener-gradle-proto-30.3.1.jar because:
[        ]   Build cache is disabled
[        ]   Caching not enabled.
[        ] Caching disabled for MergeInstrumentationAnalysisTransform: /root/.gradle/caches/8.14/transforms/6128a36d6c5d81f189d6adbffa731ac0/transformed/analysis/instrumentation-hierarchy.bin because:
[        ]   Build cache is disabled
[        ]   Caching not enabled.
[        ] Caching disabled for MergeInstrumentationAnalysisTransform: /root/.gradle/caches/8.14/transforms/fef07540726bf8854ba7527bf6270647/transformed/analysis/instrumentation-hierarchy.bin because:
[        ]   Build cache is disabled
[        ]   Caching not enabled.
[        ] Caching disabled for MergeInstrumentationAnalysisTransform: /root/.gradle/caches/8.14/transforms/87d3eb8aaa87c75fd804fbbb34496c54/transformed/analysis/instrumentation-hierarchy.bin because:
[        ]   Build cache is disabled
[        ]   Caching not enabled.
[        ] Caching disabled for ExternalDependencyInstrumentingArtifactTransform: /root/.gradle/caches/8.14/transforms/a81f62e77b111452d550294f459638ae/transformed/merge/instrumentation-dependencies.bin because:
[        ]   Build cache is disabled
[        ]   Caching not enabled.
[        ] Caching disabled for ExternalDependencyInstrumentingArtifactTransform: /root/.gradle/caches/8.14/transforms/3e20b7fc5d9e083fcbb3625002fefa50/transformed/merge/instrumentation-dependencies.bin because:
[        ]   Build cache is disabled
[        ]   Caching not enabled.
[        ] Caching disabled for MergeInstrumentationAnalysisTransform: /root/.gradle/caches/modules-2/files-2.1/com.android.tools/dvlib/30.3.1/2053a677dd70d49240d711929ba11f5955ecba7e/dvlib-30.3.1.jar because:
[        ]   Build cache is disabled
[        ]   Caching not enabled.
[        ] Caching disabled for ExternalDependencyInstrumentingArtifactTransform: /root/.gradle/caches/8.14/transforms/85939a8d4c58840d6fdea410a73de421/transformed/merge/instrumentation-dependencies.bin because:
[        ]   Build cache is disabled
[        ]   Caching not enabled.
[        ] Caching disabled for MergeInstrumentationAnalysisTransform: /root/.gradle/caches/8.14/transforms/6128a36d6c5d81f189d6adbffa731ac0/transformed/analysis/instrumentation-dependencies.bin because:
[        ]   Build cache is disabled
[        ]   Caching not enabled.
[        ] Caching disabled for MergeInstrumentationAnalysisTransform: /root/.gradle/caches/8.14/transforms/fef07540726bf8854ba7527bf6270647/transformed/analysis/instrumentation-dependencies.bin because:
[        ]   Build cache is disabled
[        ]   Caching not enabled.
[        ] Caching disabled for MergeInstrumentationAnalysisTransform: /root/.gradle/caches/8.14/transforms/8371811cf358d3aa8e15dfc29a0fb8e7/transformed/analysis/instrumentation-hierarchy.bin because:
[        ]   Build cache is disabled
[        ]   Caching not enabled.
[        ] Caching disabled for MergeInstrumentationAnalysisTransform: /root/.gradle/caches/8.14/transforms/87d3eb8aaa87c75fd804fbbb34496c54/transformed/analysis/instrumentation-dependencies.bin because:
[        ]   Build cache is disabled
[        ]   Caching not enabled.
[        ] Caching disabled for ExternalDependencyInstrumentingArtifactTransform: /root/.gradle/caches/8.14/transforms/1d3aa77dc752a742c79280da0510941d/transformed/merge/instrumentation-dependencies.bin because:
[        ]   Build cache is disabled
[        ]   Caching not enabled.
[        ] Caching disabled for MergeInstrumentationAnalysisTransform: /root/.gradle/caches/modules-2/files-2.1/com.android.tools.build/transform-api/2.0.0-deprecated-use-gradle-api/47f6c56527c42425742fa9b56ffd3fd80763fe03/transform-api-2.0.0-deprecated-use-gradle-api.jar because:
[        ]   Build cache is disabled
[        ]   Caching not enabled.
[        ] Caching disabled for MergeInstrumentationAnalysisTransform: /root/.gradle/caches/modules-2/files-2.1/org.jetbrains.kotlin/kotlin-stdlib-jdk8/1.5.31/ff5d99aecd328872494e8921b72bf6e3af97af3e/kotlin-stdlib-jdk8-1.5.31.jar because:
[        ]   Build cache is disabled
[        ]   Caching not enabled.
[        ] Caching disabled for MergeInstrumentationAnalysisTransform: /root/.gradle/caches/8.14/transforms/8371811cf358d3aa8e15dfc29a0fb8e7/transformed/analysis/instrumentation-dependencies.bin because:
[        ]   Build cache is disabled
[        ]   Caching not enabled.
[        ] Caching disabled for MergeInstrumentationAnalysisTransform: /root/.gradle/caches/8.14/transforms/e9244e186eb1c3470adaa77098f26554/transformed/analysis/instrumentation-hierarchy.bin because:
[        ]   Build cache is disabled
[        ]   Caching not enabled.
[        ] Caching disabled for MergeInstrumentationAnalysisTransform: /root/.gradle/caches/modules-2/files-2.1/com.android.tools/common/30.3.1/6d00d4eaf6e80712b579a71e50f574483e6aef31/common-30.3.1.jar because:
[        ]   Build cache is disabled
[        ]   Caching not enabled.
[        ] Caching disabled for ExternalDependencyInstrumentingArtifactTransform: /root/.gradle/caches/8.14/transforms/949c544069aca6d025c5300b7f51751a/transformed/merge/instrumentation-dependencies.bin because:
[        ]   Build cache is disabled
[        ]   Caching not enabled.
[        ] Caching disabled for ExternalDependencyInstrumentingArtifactTransform: /root/.gradle/caches/modules-2/files-2.1/com.android.tools.utp/android-test-plugin-host-retention-proto/30.3.1/8ee698bf4845058318330a48d13950f2d9c56430/android-test-plugin-host-retention-proto-30.3.1.jar because:
[        ]   Build cache is disabled
[        ]   Caching not enabled.
[        ] Caching disabled for MergeInstrumentationAnalysisTransform: /root/.gradle/caches/modules-2/files-2.1/org.apache.httpcomponents/httpmime/4.5.6/164343da11db817e81e24e0d9869527e069850c9/httpmime-4.5.6.jar because:
[        ]   Build cache is disabled
[        ]   Caching not enabled.
[        ] Caching disabled for ExternalDependencyInstrumentingArtifactTransform: /root/.gradle/caches/modules-2/files-2.1/com.android.tools/dvlib/30.3.1/2053a677dd70d49240d711929ba11f5955ecba7e/dvlib-30.3.1.jar because:
[        ]   Build cache is disabled
[        ]   Caching not enabled.
[        ] Caching disabled for MergeInstrumentationAnalysisTransform: /root/.gradle/caches/8.14/transforms/e9244e186eb1c3470adaa77098f26554/transformed/analysis/instrumentation-dependencies.bin because:
[        ]   Build cache is disabled
[        ]   Caching not enabled.
[        ] Caching disabled for ExternalDependencyInstrumentingArtifactTransform: /root/.gradle/caches/modules-2/files-2.1/com.android.tools.build/builder-model/7.3.1/fddc6058293b89467794f8fcd6bfb35e37739c48/builder-model-7.3.1.jar because:
[        ]   Build cache is disabled
[        ]   Caching not enabled.
[        ] Caching disabled for ExternalDependencyInstrumentingArtifactTransform: /root/.gradle/caches/8.14/transforms/8d3e78817e31179f29b2f3088e859bd2/transformed/merge/instrumentation-dependencies.bin because:
[        ]   Build cache is disabled
[        ]   Caching not enabled.
[        ] Caching disabled for MergeInstrumentationAnalysisTransform: /root/.gradle/caches/8.14/transforms/8fc5c3035a16d1db96c9d750b4008169/transformed/analysis/instrumentation-hierarchy.bin because:
[        ]   Build cache is disabled
[        ]   Caching not enabled.
[        ] Caching disabled for MergeInstrumentationAnalysisTransform: /root/.gradle/caches/8.14/transforms/fcfea6f17972da807d58f6aebb12b1f7/transformed/analysis/instrumentation-hierarchy.bin because:
[        ]   Build cache is disabled
[   +5 ms]   Caching not enabled.
[        ] Caching disabled for MergeInstrumentationAnalysisTransform: /root/.gradle/caches/8.14/transforms/651977a47269bb70670f0eb7116e3ee1/transformed/analysis/instrumentation-hierarchy.bin because:
[        ]   Build cache is disabled
[        ]   Caching not enabled.
[        ] Caching disabled for MergeInstrumentationAnalysisTransform: /root/.gradle/caches/8.14/transforms/8fc5c3035a16d1db96c9d750b4008169/transformed/analysis/instrumentation-dependencies.bin because:
[        ]   Build cache is disabled
[        ]   Caching not enabled.
[        ] Caching disabled for MergeInstrumentationAnalysisTransform: /root/.gradle/caches/8.14/transforms/3b8f922445e9a1b56d68be389aac27a0/transformed/analysis/instrumentation-hierarchy.bin because:
[        ]   Build cache is disabled
[        ]   Caching not enabled.
[        ] Caching disabled for ExternalDependencyInstrumentingArtifactTransform: /root/.gradle/caches/modules-2/files-2.1/org.jetbrains.kotlin/kotlin-stdlib-jdk8/1.5.31/ff5d99aecd328872494e8921b72bf6e3af97af3e/kotlin-stdlib-jdk8-1.5.31.jar because:
[        ]   Build cache is disabled
[        ]   Caching not enabled.
[        ] Caching disabled for MergeInstrumentationAnalysisTransform: /root/.gradle/caches/modules-2/files-2.1/commons-io/commons-io/2.4/b1b6ea3b7e4aa4f492509a4952029cd8e48019ad/commons-io-2.4.jar because:
[        ]   Build cache is disabled
[        ]   Caching not enabled.
[        ] Caching disabled for ExternalDependencyInstrumentingArtifactTransform: /root/.gradle/caches/modules-2/files-2.1/com.android.tools.utp/android-test-plugin-result-listener-gradle-proto/30.3.1/262cca037fd00f58dd5ca7dd7a32a6a837b4b993/android-test-plugin-result-listener-gradle-proto-30.3.1.jar because:
[        ]   Build cache is disabled
[        ]   Caching not enabled.
[        ] Caching disabled for MergeInstrumentationAnalysisTransform: /root/.gradle/caches/8.14/transforms/651977a47269bb70670f0eb7116e3ee1/transformed/analysis/instrumentation-dependencies.bin because:
[        ]   Build cache is disabled
[        ]   Caching not enabled.
[        ] Caching disabled for MergeInstrumentationAnalysisTransform: /root/.gradle/caches/8.14/transforms/fcfea6f17972da807d58f6aebb12b1f7/transformed/analysis/instrumentation-dependencies.bin because:
[        ]   Build cache is disabled
[        ]   Caching not enabled.
[        ] Caching disabled for MergeInstrumentationAnalysisTransform: /root/.gradle/caches/8.14/transforms/bba26ce9d4929ee6f0a1b57416514b2e/transformed/analysis/instrumentation-hierarchy.bin because:
[        ]   Build cache is disabled
[        ]   Caching not enabled.
[        ] Caching disabled for ExternalDependencyInstrumentingArtifactTransform: /root/.gradle/caches/8.14/transforms/a0d680d5ee3dd8401b15ac1a9ea6d98f/transformed/merge/instrumentation-dependencies.bin because:
[        ]   Build cache is disabled
[        ]   Caching not enabled.
[        ] Caching disabled for MergeInstrumentationAnalysisTransform: /root/.gradle/caches/8.14/transforms/3b8f922445e9a1b56d68be389aac27a0/transformed/analysis/instrumentation-dependencies.bin because:
[        ]   Build cache is disabled
[        ]   Caching not enabled.
[        ] Caching disabled for MergeInstrumentationAnalysisTransform: /root/.gradle/caches/8.14/transforms/94e13879a5a5c7de37f139831c6350f2/transformed/analysis/instrumentation-hierarchy.bin because:
[        ]   Build cache is disabled
[        ]   Caching not enabled.
[        ] Caching disabled for MergeInstrumentationAnalysisTransform: /root/.gradle/caches/modules-2/files-2.1/com.android.tools.build.jetifier/jetifier-processor/1.0.0-beta10/946c39eb0c052ff4f60a8939648a8b99af20d604/jetifier-processor-1.0.0-beta10.jar because:
[        ]   Build cache is disabled
[        ]   Caching not enabled.
[        ] Caching disabled for MergeInstrumentationAnalysisTransform: /root/.gradle/caches/8.14/transforms/bba26ce9d4929ee6f0a1b57416514b2e/transformed/analysis/instrumentation-dependencies.bin because:
[        ]   Build cache is disabled
[        ]   Caching not enabled.
[        ] Caching disabled for MergeInstrumentationAnalysisTransform: /root/.gradle/caches/modules-2/files-2.1/org.ow2.asm/asm-util/9.1/36464a45d871779f3383a8a9aba2b26562a86729/asm-util-9.1.jar because:
[        ]   Build cache is disabled
[        ]   Caching not enabled.
[        ] Caching disabled for MergeInstrumentationAnalysisTransform: /root/.gradle/caches/8.14/transforms/94e13879a5a5c7de37f139831c6350f2/transformed/analysis/instrumentation-dependencies.bin because:
[        ]   Build cache is disabled
[        ]   Caching not enabled.
[        ] Caching disabled for MergeInstrumentationAnalysisTransform: /root/.gradle/caches/modules-2/files-2.1/org.ow2.asm/asm-analysis/9.1/4f61b83b81d8b659958f4bcc48907e93ecea55a0/asm-analysis-9.1.jar because:
[        ]   Build cache is disabled
[        ]   Caching not enabled.
[        ] Caching disabled for ExternalDependencyInstrumentingArtifactTransform: /root/.gradle/caches/8.14/transforms/5a3f24509710656a25fbe26334dbb439/transformed/merge/instrumentation-dependencies.bin because:
[        ]   Build cache is disabled
[        ]   Caching not enabled.
[        ] Caching disabled for MergeInstrumentationAnalysisTransform: /root/.gradle/caches/modules-2/files-2.1/org.ow2.asm/asm-commons/9.1/8b971b182eb5cf100b9e8d4119152d83e00e0fdd/asm-commons-9.1.jar because:
[        ]   Build cache is disabled
[        ]   Caching not enabled.
[        ] Caching disabled for MergeInstrumentationAnalysisTransform: /root/.gradle/caches/8.14/transforms/3bcbbbed316afe72b70cffb11ceb07b9/transformed/analysis/instrumentation-hierarchy.bin because:
[        ]   Build cache is disabled
[        ]   Caching not enabled.
[        ] Caching disabled for ExternalDependencyInstrumentingArtifactTransform: /root/.gradle/caches/8.14/transforms/853d45d2ee65f19d5d21c0f987a2057b/transformed/merge/instrumentation-dependencies.bin because:
[        ]   Build cache is disabled
[        ]   Caching not enabled.
[        ] Caching disabled for ExternalDependencyInstrumentingArtifactTransform: /root/.gradle/caches/8.14/transforms/734d727599dce662affa812f8452b36a/transformed/merge/instrumentation-dependencies.bin because:
[        ]   Build cache is disabled
[        ]   Caching not enabled.
[        ] Caching disabled for MergeInstrumentationAnalysisTransform: /root/.gradle/caches/modules-2/files-2.1/org.ow2.asm/asm-tree/9.1/c333f2a855069cb8eb17a40a3eb8b1b67755d0eb/asm-tree-9.1.jar because:
[        ]   Build cache is disabled
[        ]   Caching not enabled.
[        ] Caching disabled for MergeInstrumentationAnalysisTransform: /root/.gradle/caches/8.14/transforms/3bcbbbed316afe72b70cffb11ceb07b9/transformed/analysis/instrumentation-dependencies.bin because:
[        ]   Build cache is disabled
[        ]   Caching not enabled.
[  +73 ms] Caching disabled for ExternalDependencyInstrumentingArtifactTransform: /root/.gradle/caches/8.14/transforms/749cf81c3308eec4ea205c28a9ea95c0/transformed/merge/instrumentation-dependencies.bin because:
[        ]   Build cache is disabled
[        ]   Caching not enabled.
[        ] Caching disabled for MergeInstrumentationAnalysisTransform: /root/.gradle/caches/modules-2/files-2.1/org.ow2.asm/asm/9.1/a99500cf6eea30535eeac6be73899d048f8d12a8/asm-9.1.jar because:
[   +3 ms]   Build cache is disabled
[        ]   Caching not enabled.
[        ] Caching disabled for ExternalDependencyInstrumentingArtifactTransform: /root/.gradle/caches/8.14/transforms/c22e859f52d362352b085faaf4301ae5/transformed/merge/instrumentation-dependencies.bin because:
[        ]   Build cache is disabled
[        ]   Caching not enabled.
[        ] Caching disabled for ExternalDependencyInstrumentingArtifactTransform: /root/.gradle/caches/modules-2/files-2.1/org.ow2.asm/asm-util/9.1/36464a45d871779f3383a8a9aba2b26562a86729/asm-util-9.1.jar because:
[        ]   Build cache is disabled
[        ]   Caching not enabled.
[        ] Caching disabled for ExternalDependencyInstrumentingArtifactTransform: /root/.gradle/caches/modules-2/files-2.1/org.ow2.asm/asm-analysis/9.1/4f61b83b81d8b659958f4bcc48907e93ecea55a0/asm-analysis-9.1.jar because:
[        ]   Build cache is disabled
[        ]   Caching not enabled.
[        ] Caching disabled for MergeInstrumentationAnalysisTransform: /root/.gradle/caches/modules-2/files-2.1/com.android.tools.build/apkzlib/7.3.1/5b1abe37db589a8c57e1023c0c709d41424d87dd/apkzlib-7.3.1.jar because:
[        ]   Build cache is disabled
[        ]   Caching not enabled.
[        ] Caching disabled for ExternalDependencyInstrumentingArtifactTransform: /root/.gradle/caches/modules-2/files-2.1/commons-io/commons-io/2.4/b1b6ea3b7e4aa4f492509a4952029cd8e48019ad/commons-io-2.4.jar because:
[        ]   Build cache is disabled
[        ]   Caching not enabled.
[        ] Caching disabled for ExternalDependencyInstrumentingArtifactTransform: /root/.gradle/caches/8.14/transforms/c0fdf4da5f289b5431e3167758f328a4/transformed/merge/instrumentation-dependencies.bin because:
[        ]   Build cache is disabled
[        ]   Caching not enabled.
[        ] Caching disabled for MergeInstrumentationAnalysisTransform: /root/.gradle/caches/8.14/transforms/aefa1cef986932ae3e12e922552e8f69/transformed/analysis/instrumentation-hierarchy.bin because:
[        ]   Build cache is disabled
[        ]   Caching not enabled.
[        ] Caching disabled for MergeInstrumentationAnalysisTransform: /root/.gradle/caches/8.14/transforms/7d0b495da3e94b9513f7899aa4fc052a/transformed/analysis/instrumentation-hierarchy.bin because:
[        ]   Build cache is disabled
[        ]   Caching not enabled.
[        ] Caching disabled for MergeInstrumentationAnalysisTransform: /root/.gradle/caches/8.14/transforms/38718154af92971d236fd5af51511df9/transformed/analysis/instrumentation-hierarchy.bin because:
[        ]   Build cache is disabled
[        ]   Caching not enabled.
[        ] Caching disabled for ExternalDependencyInstrumentingArtifactTransform: /root/.gradle/caches/modules-2/files-2.1/org.ow2.asm/asm-commons/9.1/8b971b182eb5cf100b9e8d4119152d83e00e0fdd/asm-commons-9.1.jar because:
[        ]   Build cache is disabled
[        ]   Caching not enabled.
[        ] Caching disabled for MergeInstrumentationAnalysisTransform: /root/.gradle/caches/8.14/transforms/aefa1cef986932ae3e12e922552e8f69/transformed/analysis/instrumentation-dependencies.bin because:
[        ]   Build cache is disabled
[        ]   Caching not enabled.
[        ] Caching disabled for ExternalDependencyInstrumentingArtifactTransform: /root/.gradle/caches/modules-2/files-2.1/org.ow2.asm/asm-tree/9.1/c333f2a855069cb8eb17a40a3eb8b1b67755d0eb/asm-tree-9.1.jar because:
[        ]   Build cache is disabled
[        ]   Caching not enabled.
[        ] Caching disabled for MergeInstrumentationAnalysisTransform: /root/.gradle/caches/8.14/transforms/38718154af92971d236fd5af51511df9/transformed/analysis/instrumentation-dependencies.bin because:
[        ]   Build cache is disabled
[        ]   Caching not enabled.
[        ] Caching disabled for MergeInstrumentationAnalysisTransform: /root/.gradle/caches/8.14/transforms/7d0b495da3e94b9513f7899aa4fc052a/transformed/analysis/instrumentation-dependencies.bin because:
[        ]   Build cache is disabled
[        ]   Caching not enabled.
[        ] Caching disabled for MergeInstrumentationAnalysisTransform: /root/.gradle/caches/8.14/transforms/45f515a74421b5d14c88fcb72eeba950/transformed/analysis/instrumentation-hierarchy.bin because:
[        ]   Build cache is disabled
[   +2 ms]   Caching not enabled.
[        ] Caching disabled for ExternalDependencyInstrumentingArtifactTransform: /root/.gradle/caches/modules-2/files-2.1/com.android.tools/common/30.3.1/6d00d4eaf6e80712b579a71e50f574483e6aef31/common-30.3.1.jar because:
[        ]   Build cache is disabled
[        ]   Caching not enabled.
[        ] Caching disabled for MergeInstrumentationAnalysisTransform: /root/.gradle/caches/8.14/transforms/214e8f2365bd43e4a8ccb1573a478784/transformed/analysis/instrumentation-hierarchy.bin because:
[        ]   Build cache is disabled
[        ]   Caching not enabled.
[        ] Caching disabled for MergeInstrumentationAnalysisTransform: /root/.gradle/caches/8.14/transforms/45f515a74421b5d14c88fcb72eeba950/transformed/analysis/instrumentation-dependencies.bin because:
[        ]   Build cache is disabled
[        ]   Caching not enabled.
[        ] Caching disabled for MergeInstrumentationAnalysisTransform: /root/.gradle/caches/modules-2/files-2.1/net.sf.jopt-simple/jopt-simple/4.9/ee9e9eaa0a35360dcfeac129ff4923215fd65904/jopt-simple-4.9.jar because:
[        ]   Build cache is disabled
[        ]   Caching not enabled.
[        ] Caching disabled for ExternalDependencyInstrumentingArtifactTransform: /root/.gradle/caches/modules-2/files-2.1/org.ow2.asm/asm/9.1/a99500cf6eea30535eeac6be73899d048f8d12a8/asm-9.1.jar because:
[        ]   Build cache is disabled
[        ]   Caching not enabled.
[        ] Caching disabled for MergeInstrumentationAnalysisTransform: /root/.gradle/caches/8.14/transforms/6a4012001dfc1059b2cb165a11926f16/transformed/analysis/instrumentation-hierarchy.bin because:
[        ]   Build cache is disabled
[        ]   Caching not enabled.
[        ] Caching disabled for MergeInstrumentationAnalysisTransform: /root/.gradle/caches/8.14/transforms/214e8f2365bd43e4a8ccb1573a478784/transformed/analysis/instrumentation-dependencies.bin because:
[        ]   Build cache is disabled
[        ]   Caching not enabled.
[        ] Caching disabled for MergeInstrumentationAnalysisTransform: /root/.gradle/caches/modules-2/files-2.1/org.bouncycastle/bcpkix-jdk15on/1.67/5f48020a2a60a8d6bcbecceca23529d225b28efb/bcpkix-jdk15on-1.67.jar because:
[        ]   Build cache is disabled
[        ]   Caching not enabled.
[        ] Caching disabled for MergeInstrumentationAnalysisTransform: /root/.gradle/caches/modules-2/files-2.1/org.glassfish.jaxb/jaxb-runtime/2.3.2/5528bc882ea499a09d720b42af11785c4fc6be2a/jaxb-runtime-2.3.2.jar because:
[        ]   Build cache is disabled
[        ]   Caching not enabled.
[        ] Caching disabled for MergeInstrumentationAnalysisTransform: /root/.gradle/caches/8.14/transforms/6a4012001dfc1059b2cb165a11926f16/transformed/analysis/instrumentation-dependencies.bin because:
[        ]   Build cache is disabled
[        ]   Caching not enabled.
[        ] Caching disabled for ExternalDependencyInstrumentingArtifactTransform: /root/.gradle/caches/modules-2/files-2.1/com.android.tools.build/apkzlib/7.3.1/5b1abe37db589a8c57e1023c0c709d41424d87dd/apkzlib-7.3.1.jar because:
[        ]   Build cache is disabled
[        ]   Caching not enabled.
[        ] Caching disabled for MergeInstrumentationAnalysisTransform: /root/.gradle/caches/modules-2/files-2.1/com.android.tools.build.jetifier/jetifier-core/1.0.0-beta10/6e621022a9c95af12a7004d6b55805bbd1126837/jetifier-core-1.0.0-beta10.jar because:
[        ]   Build cache is disabled
[        ]   Caching not enabled.
[        ] Caching disabled for MergeInstrumentationAnalysisTransform: /root/.gradle/caches/8.14/transforms/678dd80b98229bef2b37b7b34a1e0b93/transformed/analysis/instrumentation-hierarchy.bin because:
[        ]   Build cache is disabled
[        ]   Caching not enabled.
[        ] Caching disabled for MergeInstrumentationAnalysisTransform: /root/.gradle/caches/modules-2/files-2.1/com.squareup/javapoet/1.10.0/712c178d35185d8261295913c9f2a7d6867a6007/javapoet-1.10.0.jar because:
[        ]   Build cache is disabled
[        ]   Caching not enabled.
[        ] Caching disabled for MergeInstrumentationAnalysisTransform: /root/.gradle/caches/8.14/transforms/ba19182bbadb15511df0cad1a3f6baed/transformed/analysis/instrumentation-hierarchy.bin because:
[        ]   Build cache is disabled
[        ]   Caching not enabled.
[        ] Caching disabled for ExternalDependencyInstrumentingArtifactTransform: /root/.gradle/caches/8.14/transforms/1ceadcbe9ceed6acc38df30c9ddf60c9/transformed/merge/instrumentation-dependencies.bin because:
[        ]   Build cache is disabled
[        ]   Caching not enabled.
[        ] Caching disabled for MergeInstrumentationAnalysisTransform: /root/.gradle/caches/8.14/transforms/678dd80b98229bef2b37b7b34a1e0b93/transformed/analysis/instrumentation-dependencies.bin because:
[        ]   Build cache is disabled
[        ]   Caching not enabled.
[        ] Caching disabled for MergeInstrumentationAnalysisTransform: /root/.gradle/caches/8.14/transforms/6369afb837854acdec296e8998928644/transformed/analysis/instrumentation-hierarchy.bin because:
[        ]   Build cache is disabled
[        ]   Caching not enabled.
[        ] Caching disabled for MergeInstrumentationAnalysisTransform: /root/.gradle/caches/8.14/transforms/792cb9c7b77094b2979a89e0f6813390/transformed/analysis/instrumentation-hierarchy.bin because:
[        ]   Build cache is disabled
[        ]   Caching not enabled.
[  +11 ms] Caching disabled for MergeInstrumentationAnalysisTransform: /root/.gradle/caches/8.14/transforms/ba19182bbadb15511df0cad1a3f6baed/transformed/analysis/instrumentation-dependencies.bin because:
[        ]   Build cache is disabled
[        ]   Caching not enabled.
[        ] Caching disabled for MergeInstrumentationAnalysisTransform: /root/.gradle/caches/modules-2/files-2.1/com.google.protobuf/protobuf-java-util/3.17.2/88801cfefba20827bf5cd9f2cc4866bd8c766242/protobuf-java-util-3.17.2.jar because:
[        ]   Build cache is disabled
[        ]   Caching not enabled.
[        ] Caching disabled for MergeInstrumentationAnalysisTransform: /root/.gradle/caches/8.14/transforms/1a0570b6c6284e12cafde82e22a240d2/transformed/analysis/instrumentation-hierarchy.bin because:
[        ]   Build cache is disabled
[        ]   Caching not enabled.
[        ] Caching disabled for MergeInstrumentationAnalysisTransform: /root/.gradle/caches/8.14/transforms/6369afb837854acdec296e8998928644/transformed/analysis/instrumentation-dependencies.bin because:
[        ]   Build cache is disabled
[        ]   Caching not enabled.
[        ] Caching disabled for MergeInstrumentationAnalysisTransform: /root/.gradle/caches/8.14/transforms/232bd56acdbcb0ba6496ef5e2e69323b/transformed/analysis/instrumentation-hierarchy.bin because:
[        ]   Build cache is disabled
[        ]   Caching not enabled.
[        ] Caching disabled for MergeInstrumentationAnalysisTransform: /root/.gradle/caches/8.14/transforms/792cb9c7b77094b2979a89e0f6813390/transformed/analysis/instrumentation-dependencies.bin because:
[        ]   Build cache is disabled
[        ]   Caching not enabled.
[        ] Caching disabled for ExternalDependencyInstrumentingArtifactTransform: /root/.gradle/caches/8.14/transforms/1eebdbf02f49355667261d9f5910d0a6/transformed/merge/instrumentation-dependencies.bin because:
[        ]   Build cache is disabled
[        ]   Caching not enabled.
[        ] Caching disabled for MergeInstrumentationAnalysisTransform: /root/.gradle/caches/8.14/transforms/1a0570b6c6284e12cafde82e22a240d2/transformed/analysis/instrumentation-dependencies.bin because:
[        ]   Build cache is disabled
[        ]   Caching not enabled.
[        ] Caching disabled for MergeInstrumentationAnalysisTransform: /root/.gradle/caches/modules-2/files-2.1/io.grpc/grpc-protobuf/1.39.0/b7789ed9dd819a4fb9f5e3cf44d02f16fa49031e/grpc-protobuf-1.39.0.jar because:
[        ]   Build cache is disabled
[        ]   Caching not enabled.
[        ] Caching disabled for MergeInstrumentationAnalysisTransform: /root/.gradle/caches/8.14/transforms/232bd56acdbcb0ba6496ef5e2e69323b/transformed/analysis/instrumentation-dependencies.bin because:
[        ]   Build cache is disabled
[        ]   Caching not enabled.
[        ] Caching disabled for MergeInstrumentationAnalysisTransform: /root/.gradle/caches/modules-2/files-2.1/com.google.api.grpc/proto-google-common-protos/2.0.1/20827628ea2b9f69ae22987b2aedb0050e9c470d/proto-google-common-protos-2.0.1.jar because:
[        ]   Build cache is disabled
[        ]   Caching not enabled.
[        ] Caching disabled for MergeInstrumentationAnalysisTransform: /root/.gradle/caches/modules-2/files-2.1/com.google.crypto.tink/tink/1.3.0-rc2/c7efb1ecc3b667b8a0789a1b019b06269037e19b/tink-1.3.0-rc2.jar because:
[        ]   Build cache is disabled
[        ]   Caching not enabled.
[        ] Caching disabled for ExternalDependencyInstrumentingArtifactTransform: /root/.gradle/caches/8.14/transforms/75a08de7750f24f42b126cffbc08d047/transformed/merge/instrumentation-dependencies.bin because:
[        ]   Build cache is disabled
[        ]   Caching not enabled.
[        ] Caching disabled for MergeInstrumentationAnalysisTransform: /root/.gradle/caches/modules-2/files-2.1/com.google.protobuf/protobuf-java/3.17.2/d7eec2ad499b605f24d07f49bdcb41c801aafbfc/protobuf-java-3.17.2.jar because:
[        ]   Build cache is disabled
[        ]   Caching not enabled.
[        ] Caching disabled for MergeInstrumentationAnalysisTransform: /root/.gradle/caches/modules-2/files-2.1/io.grpc/grpc-netty/1.39.0/d161bd637e2174cd6a73178117ff1774604fd2e0/grpc-netty-1.39.0.jar because:
[        ]   Build cache is disabled
[        ]   Caching not enabled.
[        ] Caching disabled for ExternalDependencyInstrumentingArtifactTransform: /root/.gradle/caches/8.14/transforms/d872aa568f4f49179f1819ff4cb6bf3d/transformed/merge/instrumentation-dependencies.bin because:
[        ]   Build cache is disabled
[        ]   Caching not enabled.
[        ] Caching disabled for ExternalDependencyInstrumentingArtifactTransform: /root/.gradle/caches/8.14/transforms/1d71f7b5637e04155195d8805ec7c967/transformed/merge/instrumentation-dependencies.bin because:
[        ]   Build cache is disabled
[        ]   Caching not enabled.
[        ] Caching disabled for MergeInstrumentationAnalysisTransform: /root/.gradle/caches/modules-2/files-2.1/com.android.tools.analytics-library/protos/30.3.1/4078d8e29f3868ef54788d45269c51cb533755ca/protos-30.3.1.jar because:
[   +2 ms]   Build cache is disabled
[        ]   Caching not enabled.
[        ] Caching disabled for ExternalDependencyInstrumentingArtifactTransform: /root/.gradle/caches/modules-2/files-2.1/com.google.protobuf/protobuf-java-util/3.17.2/88801cfefba20827bf5cd9f2cc4866bd8c766242/protobuf-java-util-3.17.2.jar because:
[        ]   Build cache is disabled
[        ]   Caching not enabled.
[        ] Caching disabled for ExternalDependencyInstrumentingArtifactTransform: /root/.gradle/caches/8.14/transforms/4c3595c5299e57bea572be46ac9cfe48/transformed/merge/instrumentation-dependencies.bin because:
[        ]   Build cache is disabled
[        ]   Caching not enabled.
[        ] Caching disabled for ExternalDependencyInstrumentingArtifactTransform: /root/.gradle/caches/modules-2/files-2.1/io.grpc/grpc-protobuf/1.39.0/b7789ed9dd819a4fb9f5e3cf44d02f16fa49031e/grpc-protobuf-1.39.0.jar because:
[        ]   Build cache is disabled
[        ]   Caching not enabled.
[        ] Caching disabled for ExternalDependencyInstrumentingArtifactTransform: /root/.gradle/caches/8.14/transforms/52f4b0738e1fac2986514bea846076b8/transformed/merge/instrumentation-dependencies.bin because:
[        ]   Build cache is disabled
[        ]   Caching not enabled.
[        ] Caching disabled for MergeInstrumentationAnalysisTransform: /root/.gradle/caches/8.14/transforms/6a69763eb6934c46c961dce51c8153a5/transformed/analysis/instrumentation-hierarchy.bin because:
[        ]   Build cache is disabled
[        ]   Caching not enabled.
[        ] Caching disabled for ExternalDependencyInstrumentingArtifactTransform: /root/.gradle/caches/8.14/transforms/54c8c267bb095889f4b27c7bec81a2cf/transformed/merge/instrumentation-dependencies.bin because:
[        ]   Build cache is disabled
[        ]   Caching not enabled.
[        ] Caching disabled for MergeInstrumentationAnalysisTransform: /root/.gradle/caches/8.14/transforms/5750c989499fccf41e68ab20dc9312f3/transformed/analysis/instrumentation-hierarchy.bin because:
[        ]   Build cache is disabled
[        ]   Caching not enabled.
[  +71 ms] Caching disabled for MergeInstrumentationAnalysisTransform: /root/.gradle/caches/8.14/transforms/6a69763eb6934c46c961dce51c8153a5/transformed/analysis/instrumentation-dependencies.bin because:
[        ]   Build cache is disabled
[        ]   Caching not enabled.
[        ] Caching disabled for MergeInstrumentationAnalysisTransform: /root/.gradle/caches/8.14/transforms/5750c989499fccf41e68ab20dc9312f3/transformed/analysis/instrumentation-dependencies.bin because:
[        ]   Build cache is disabled
[        ]   Caching not enabled.
[        ] Caching disabled for MergeInstrumentationAnalysisTransform: /root/.gradle/caches/modules-2/files-2.1/org.jetbrains.kotlin/kotlin-tooling-metadata/1.7.10/91aa35099dfb667b61968b221fea16b372cda9bf/kotlin-tooling-metadata-1.7.10.jar because:
[        ]   Build cache is disabled
[        ]   Caching not enabled.
[        ] Caching disabled for MergeInstrumentationAnalysisTransform: /root/.gradle/caches/modules-2/files-2.1/io.grpc/grpc-core/1.39.0/df5bbb97602a059eee86e22e09f6524901a62cfa/grpc-core-1.39.0.jar because:
[        ]   Build cache is disabled
[        ]   Caching not enabled.
[        ] Caching disabled for ExternalDependencyInstrumentingArtifactTransform: /root/.gradle/caches/8.14/transforms/b21d5c67e56c3e1463f5fda2046ac1f2/transformed/merge/instrumentation-dependencies.bin because:
[        ]   Build cache is disabled
[        ]   Caching not enabled.
[        ] Caching disabled for ExternalDependencyInstrumentingArtifactTransform: /root/.gradle/caches/8.14/transforms/121446c4d83c819e0ed477c81920b70f/transformed/merge/instrumentation-dependencies.bin because:
[        ]   Build cache is disabled
[        ]   Caching not enabled.
[        ] Caching disabled for ExternalDependencyInstrumentingArtifactTransform: /root/.gradle/caches/modules-2/files-2.1/org.bouncycastle/bcpkix-jdk15on/1.67/5f48020a2a60a8d6bcbecceca23529d225b28efb/bcpkix-jdk15on-1.67.jar because:
[        ]   Build cache is disabled
[        ]   Caching not enabled.
[        ] Caching disabled for ExternalDependencyInstrumentingArtifactTransform: /root/.gradle/caches/modules-2/files-2.1/org.jetbrains.kotlin/kotlin-tooling-metadata/1.7.10/91aa35099dfb667b61968b221fea16b372cda9bf/kotlin-tooling-metadata-1.7.10.jar because:
[        ]   Build cache is disabled
[        ]   Caching not enabled.
[        ] Caching disabled for MergeInstrumentationAnalysisTransform: /root/.gradle/caches/8.14/transforms/1e65a939a84c50dc5637f10e635ac0e8/transformed/analysis/instrumentation-hierarchy.bin because:
[        ]   Build cache is disabled
[        ]   Caching not enabled.
[        ] Caching disabled for MergeInstrumentationAnalysisTransform: /root/.gradle/caches/8.14/transforms/0d819fe9f9c42c40b2150d68a0e03321/transformed/analysis/instrumentation-hierarchy.bin because:
[        ]   Build cache is disabled
[        ]   Caching not enabled.
[        ] Caching disabled for MergeInstrumentationAnalysisTransform: /root/.gradle/caches/8.14/transforms/1e65a939a84c50dc5637f10e635ac0e8/transformed/analysis/instrumentation-dependencies.bin because:
[        ]   Build cache is disabled
[        ]   Caching not enabled.
[        ] Caching disabled for MergeInstrumentationAnalysisTransform: /root/.gradle/caches/8.14/transforms/0d819fe9f9c42c40b2150d68a0e03321/transformed/analysis/instrumentation-dependencies.bin because:
[        ]   Build cache is disabled
[        ]   Caching not enabled.
[        ] Caching disabled for MergeInstrumentationAnalysisTransform: /root/.gradle/caches/modules-2/files-2.1/com.google.code.gson/gson/2.8.9/8a432c1d6825781e21a02db2e2c33c5fde2833b9/gson-2.8.9.jar because:
[        ]   Build cache is disabled
[        ]   Caching not enabled.
[        ] Caching disabled for MergeInstrumentationAnalysisTransform: /root/.gradle/caches/modules-2/files-2.1/io.grpc/grpc-stub/1.39.0/598232e1142fb0d09067e1fd1fc524580ee9425/grpc-stub-1.39.0.jar because:
[        ]   Build cache is disabled
[        ]   Caching not enabled.
[        ] Caching disabled for ExternalDependencyInstrumentingArtifactTransform: /root/.gradle/caches/8.14/transforms/f094a2ab2dd165db8d0b801457152e59/transformed/merge/instrumentation-dependencies.bin because:
[        ]   Build cache is disabled
[        ]   Caching not enabled.
[        ] Caching disabled for MergeInstrumentationAnalysisTransform: /root/.gradle/caches/8.14/transforms/c0b595e3e9d61ac7a292f8061405097a/transformed/analysis/instrumentation-hierarchy.bin because:
[        ]   Build cache is disabled
[        ]   Caching not enabled.
[        ] Caching disabled for MergeInstrumentationAnalysisTransform: /root/.gradle/caches/8.14/transforms/c0b595e3e9d61ac7a292f8061405097a/transformed/analysis/instrumentation-dependencies.bin because:
[        ]   Build cache is disabled
[        ]   Caching not enabled.
[        ] Caching disabled for MergeInstrumentationAnalysisTransform: /root/.gradle/caches/modules-2/files-2.1/com.google.testing.platform/core-proto/0.0.8-alpha07/901b629a7684aa0cae060a7f23f385297add1e26/core-proto-0.0.8-alpha07.jar because:
[        ]   Build cache is disabled
[        ]   Caching not enabled.
[        ] Caching disabled for ExternalDependencyInstrumentingArtifactTransform: /root/.gradle/caches/modules-2/files-2.1/io.grpc/grpc-netty/1.39.0/d161bd637e2174cd6a73178117ff1774604fd2e0/grpc-netty-1.39.0.jar because:
[        ]   Build cache is disabled
[        ]   Caching not enabled.
[        ] Caching disabled for ExternalDependencyInstrumentingArtifactTransform: /root/.gradle/caches/8.14/transforms/2b8f3b10b44f966661b60c7155b3810b/transformed/merge/instrumentation-dependencies.bin because:
[        ]   Build cache is disabled
[        ]   Caching not enabled.
[        ] Caching disabled for ExternalDependencyInstrumentingArtifactTransform: /root/.gradle/caches/modules-2/files-2.1/io.grpc/grpc-stub/1.39.0/598232e1142fb0d09067e1fd1fc524580ee9425/grpc-stub-1.39.0.jar because:
[        ]   Build cache is disabled
[        ]   Caching not enabled.
[        ] Caching disabled for MergeInstrumentationAnalysisTransform: /root/.gradle/caches/8.14/transforms/29652b12d54e1ca59c7fe2266799493b/transformed/analysis/instrumentation-hierarchy.bin because:
[        ]   Build cache is disabled
[        ]   Caching not enabled.
[        ] Caching disabled for ExternalDependencyInstrumentingArtifactTransform: /root/.gradle/caches/modules-2/files-2.1/com.google.crypto.tink/tink/1.3.0-rc2/c7efb1ecc3b667b8a0789a1b019b06269037e19b/tink-1.3.0-rc2.jar because:
[        ]   Build cache is disabled
[        ]   Caching not enabled.
[        ] Caching disabled for MergeInstrumentationAnalysisTransform: /root/.gradle/caches/8.14/transforms/e1af31b6f6841aeef4f866f19498c6b7/transformed/analysis/instrumentation-hierarchy.bin because:
[        ]   Build cache is disabled
[        ]   Caching not enabled.
[        ] Caching disabled for MergeInstrumentationAnalysisTransform: /root/.gradle/caches/8.14/transforms/29652b12d54e1ca59c7fe2266799493b/transformed/analysis/instrumentation-dependencies.bin because:
[        ]   Build cache is disabled
[        ]   Caching not enabled.
[        ] Caching disabled for MergeInstrumentationAnalysisTransform: /root/.gradle/caches/8.14/transforms/e1af31b6f6841aeef4f866f19498c6b7/transformed/analysis/instrumentation-dependencies.bin because:
[        ]   Build cache is disabled
[        ]   Caching not enabled.
[        ] Caching disabled for MergeInstrumentationAnalysisTransform: /root/.gradle/caches/8.14/transforms/74fe40b572465ca7b4d5176c20ef6ffe/transformed/analysis/instrumentation-dependencies.bin because:
[        ]   Build cache is disabled
[        ]   Caching not enabled.
[        ] Caching disabled for MergeInstrumentationAnalysisTransform: /root/.gradle/caches/modules-2/files-2.1/org.tensorflow/tensorflow-lite-metadata/0.1.0-rc2/7aa9b3e16d85c2aae5eff741265315a37c9f731a/tensorflow-lite-metadata-0.1.0-rc2.jar because:
[        ]   Build cache is disabled
[        ]   Caching not enabled.
[   +7 ms] Caching disabled for MergeInstrumentationAnalysisTransform: /root/.gradle/caches/modules-2/files-2.1/com.google.flatbuffers/flatbuffers-java/1.12.0/8201cc7b511177a37071249e891f2f2fea4b32e9/flatbuffers-java-1.12.0.jar because:
[        ]   Build cache is disabled
[        ]   Caching not enabled.
[  +84 ms] Caching disabled for MergeInstrumentationAnalysisTransform: /root/.gradle/caches/8.14/transforms/5e758738bbe899f426ba487cd5c29009/transformed/analysis/instrumentation-hierarchy.bin because:
[        ]   Build cache is disabled
[        ]   Caching not enabled.
[        ] Caching disabled for ExternalDependencyInstrumentingArtifactTransform: /root/.gradle/caches/8.14/transforms/2c5b00b93f399ca9c5e20cce686f60c3/transformed/merge/instrumentation-dependencies.bin because:
[        ]   Build cache is disabled
[        ]   Caching not enabled.
[        ] Caching disabled for MergeInstrumentationAnalysisTransform: /root/.gradle/caches/modules-2/files-2.1/org.jetbrains.kotlin/kotlin-gradle-plugin-model/1.7.10/762b2bb7063c74bb564ed7a7523446a4e7252682/kotlin-gradle-plugin-model-1.7.10.jar because:
[        ]   Build cache is disabled
[        ]   Caching not enabled.
[        ] Caching disabled for MergeInstrumentationAnalysisTransform: /root/.gradle/caches/8.14/transforms/5e758738bbe899f426ba487cd5c29009/transformed/analysis/instrumentation-dependencies.bin because:
[        ]   Build cache is disabled
[        ]   Caching not enabled.
[        ] Caching disabled for ExternalDependencyInstrumentingArtifactTransform: /root/.gradle/caches/8.14/transforms/4a694f5039f55d0bfe256c0ae50ba9d8/transformed/merge/instrumentation-dependencies.bin because:
[        ]   Build cache is disabled
[        ]   Caching not enabled.
[        ] Caching disabled for MergeInstrumentationAnalysisTransform: /root/.gradle/caches/modules-2/files-2.1/org.jetbrains.kotlin/kotlin-gradle-plugin-api/1.7.10/3b38be7ed8f8c678b13991d5b3ec99c4908d3313/kotlin-gradle-plugin-api-1.7.10-gradle70.jar because:
[        ]   Build cache is disabled
[        ]   Caching not enabled.
[        ] Caching disabled for ExternalDependencyInstrumentingArtifactTransform: /root/.gradle/caches/modules-2/files-2.1/org.jetbrains.kotlin/kotlin-gradle-plugin-model/1.7.10/762b2bb7063c74bb564ed7a7523446a4e7252682/kotlin-gradle-plugin-model-1.7.10.jar because:
[        ]   Build cache is disabled
[        ]   Caching not enabled.
[        ] Caching disabled for ExternalDependencyInstrumentingArtifactTransform: /root/.gradle/caches/8.14/transforms/dd7c5b74b45a1d739231a2fd139ff057/transformed/merge/instrumentation-dependencies.bin because:
[        ]   Build cache is disabled
[        ]   Caching not enabled.
[        ] Caching disabled for ExternalDependencyInstrumentingArtifactTransform: /root/.gradle/caches/modules-2/files-2.1/io.grpc/grpc-core/1.39.0/df5bbb97602a059eee86e22e09f6524901a62cfa/grpc-core-1.39.0.jar because:
[        ]   Build cache is disabled
[        ]   Caching not enabled.
[        ] Caching disabled for MergeInstrumentationAnalysisTransform: /root/.gradle/caches/8.14/transforms/74fb84653ff95ab17fef956a02ef055b/transformed/analysis/instrumentation-dependencies.bin because:
[        ]   Build cache is disabled
[        ]   Caching not enabled.
[        ] Caching disabled for MergeInstrumentationAnalysisTransform: /root/.gradle/caches/8.14/transforms/496df5e1809666cd5795abf6d192595b/transformed/analysis/instrumentation-hierarchy.bin because:
[        ]   Build cache is disabled
[        ]   Caching not enabled.
[        ] Caching disabled for MergeInstrumentationAnalysisTransform: /root/.gradle/caches/8.14/transforms/496df5e1809666cd5795abf6d192595b/transformed/analysis/instrumentation-dependencies.bin because:
[        ]   Build cache is disabled
[        ]   Caching not enabled.
[        ] Caching disabled for MergeInstrumentationAnalysisTransform: /root/.gradle/caches/modules-2/files-2.1/org.jetbrains.kotlin/kotlin-gradle-plugin-api/1.7.10/3b38be7ed8f8c678b13991d5b3ec99c4908d3313/kotlin-gradle-plugin-api-1.7.10.jar because:
[        ]   Build cache is disabled
[        ]   Caching not enabled.
[        ] Caching disabled for MergeInstrumentationAnalysisTransform: /root/.gradle/caches/modules-2/files-2.1/org.jetbrains.kotlin/kotlin-project-model/1.7.10/a393b70222ebad45abb2e0eb273a7cac9deb4df9/kotlin-project-model-1.7.10.jar because:
[        ]   Build cache is disabled
[        ]   Caching not enabled.
[        ] Caching disabled for ExternalDependencyInstrumentingArtifactTransform: /root/.gradle/caches/8.14/transforms/e0bf8da04ac2e11875b8078195d01736/transformed/merge/instrumentation-dependencies.bin because:
[        ]   Build cache is disabled
[        ]   Caching not enabled.
[        ] Caching disabled for ExternalDependencyInstrumentingArtifactTransform: /root/.gradle/caches/8.14/transforms/f8e943ca515f2df3ac4a3e5bb6f7f71a/transformed/merge/instrumentation-dependencies.bin because:
[        ]   Build cache is disabled
[        ]   Caching not enabled.
[        ] Caching disabled for ExternalDependencyInstrumentingArtifactTransform: /root/.gradle/caches/modules-2/files-2.1/org.tensorflow/tensorflow-lite-metadata/0.1.0-rc2/7aa9b3e16d85c2aae5eff741265315a37c9f731a/tensorflow-lite-metadata-0.1.0-rc2.jar because:
[        ]   Build cache is disabled
[        ]   Caching not enabled.
[        ] Caching disabled for ExternalDependencyInstrumentingArtifactTransform: /root/.gradle/caches/modules-2/files-2.1/org.jetbrains.kotlin/kotlin-project-model/1.7.10/a393b70222ebad45abb2e0eb273a7cac9deb4df9/kotlin-project-model-1.7.10.jar because:
[        ]   Build cache is disabled
[        ]   Caching not enabled.
[        ] Caching disabled for MergeInstrumentationAnalysisTransform: /root/.gradle/caches/8.14/transforms/b5038efb9b53d2774a958f7317ac7601/transformed/analysis/instrumentation-hierarchy.bin because:
[        ]   Build cache is disabled
[        ]   Caching not enabled.
[        ] Caching disabled for MergeInstrumentationAnalysisTransform: /root/.gradle/caches/8.14/transforms/b5038efb9b53d2774a958f7317ac7601/transformed/analysis/instrumentation-dependencies.bin because:
[        ]   Build cache is disabled
[        ]   Caching not enabled.
[  +98 ms] Caching disabled for ExternalDependencyInstrumentingArtifactTransform: /root/.gradle/caches/modules-2/files-2.1/com.google.api.grpc/proto-google-common-protos/2.0.1/20827628ea2b9f69ae22987b2aedb0050e9c470d/proto-google-common-protos-2.0.1.jar because:
[        ]   Build cache is disabled
[        ]   Caching not enabled.
[        ] Caching disabled for MergeInstrumentationAnalysisTransform: /root/.gradle/caches/modules-2/files-2.1/org.jetbrains.kotlin/kotlin-tooling-core/1.7.10/8fc54e880cf9ea73396f2844a2d3aa76bdcbcfbb/kotlin-tooling-core-1.7.10.jar because:
[        ]   Build cache is disabled
[        ]   Caching not enabled.
[        ] Caching disabled for ExternalDependencyInstrumentingArtifactTransform: /root/.gradle/caches/modules-2/files-2.1/org.jetbrains.kotlin/kotlin-gradle-plugin-api/1.7.10/3b38be7ed8f8c678b13991d5b3ec99c4908d3313/kotlin-gradle-plugin-api-1.7.10-gradle70.jar because:
[        ]   Build cache is disabled
[        ]   Caching not enabled.
[        ] Caching disabled for MergeInstrumentationAnalysisTransform: /root/.gradle/caches/8.14/transforms/2f5d693a5e75ae27f8058bda1d695d49/transformed/analysis/instrumentation-hierarchy.bin because:
[        ]   Build cache is disabled
[        ]   Caching not enabled.
[        ] Caching disabled for MergeInstrumentationAnalysisTransform: /root/.gradle/caches/8.14/transforms/8860592d9e1022e1975f52cd478acc2c/transformed/analysis/instrumentation-hierarchy.bin because:
[        ]   Build cache is disabled
[        ]   Caching not enabled.
[        ] Caching disabled for ExternalDependencyInstrumentingArtifactTransform: /root/.gradle/caches/8.14/transforms/09c7ed750a35916e0956d5638b4386ef/transformed/merge/instrumentation-dependencies.bin because:
[        ]   Build cache is disabled
[        ]   Caching not enabled.
[        ] Caching disabled for MergeInstrumentationAnalysisTransform: /root/.gradle/caches/8.14/transforms/b4edbddd854d79df0d248e538a3e53e1/transformed/analysis/instrumentation-hierarchy.bin because:
[        ]   Build cache is disabled
[        ]   Caching not enabled.
[        ] Caching disabled for ExternalDependencyInstrumentingArtifactTransform: /root/.gradle/caches/modules-2/files-2.1/org.jetbrains.kotlin/kotlin-gradle-plugin-api/1.7.10/3b38be7ed8f8c678b13991d5b3ec99c4908d3313/kotlin-gradle-plugin-api-1.7.10.jar because:
[        ]   Build cache is disabled
[        ]   Caching not enabled.
[        ] Caching disabled for MergeInstrumentationAnalysisTransform: /root/.gradle/caches/8.14/transforms/2f5d693a5e75ae27f8058bda1d695d49/transformed/analysis/instrumentation-dependencies.bin because:
[        ]   Build cache is disabled
[        ]   Caching not enabled.
[        ] Caching disabled for MergeInstrumentationAnalysisTransform: /root/.gradle/caches/8.14/transforms/8860592d9e1022e1975f52cd478acc2c/transformed/analysis/instrumentation-dependencies.bin because:
[        ]   Build cache is disabled
[        ]   Caching not enabled.
[        ] Caching disabled for MergeInstrumentationAnalysisTransform: /root/.gradle/caches/8.14/transforms/b4edbddd854d79df0d248e538a3e53e1/transformed/analysis/instrumentation-dependencies.bin because:
[        ]   Build cache is disabled
[        ]   Caching not enabled.
[        ] Caching disabled for MergeInstrumentationAnalysisTransform: /root/.gradle/caches/8.14/transforms/3ae60b3840f76fbc495a453c70c97bf0/transformed/analysis/instrumentation-hierarchy.bin because:
[        ]   Build cache is disabled
[        ]   Caching not enabled.
[        ] Caching disabled for MergeInstrumentationAnalysisTransform: /root/.gradle/caches/modules-2/files-2.1/org.jetbrains.kotlin/kotlin-util-klib/1.7.10/962b03365699d66b08bbb397a50bbf6a2a6050e1/kotlin-util-klib-1.7.10.jar because:
[        ]   Build cache is disabled
[        ]   Caching not enabled.
[        ] Caching disabled for MergeInstrumentationAnalysisTransform: /root/.gradle/caches/8.14/transforms/3ae60b3840f76fbc495a453c70c97bf0/transformed/analysis/instrumentation-dependencies.bin because:
[        ]   Build cache is disabled
[        ]   Caching not enabled.
[        ] Caching disabled for ExternalDependencyInstrumentingArtifactTransform: /root/.gradle/caches/modules-2/files-2.1/com.google.protobuf/protobuf-java/3.17.2/d7eec2ad499b605f24d07f49bdcb41c801aafbfc/protobuf-java-3.17.2.jar because:
[        ]   Build cache is disabled
[        ]   Caching not enabled.
[        ] Caching disabled for MergeInstrumentationAnalysisTransform: /root/.gradle/caches/modules-2/files-2.1/org.jetbrains.kotlin/kotlin-gradle-plugin-idea/1.7.10/9b37a1ebe7a7e1886e48eba7ebacf49d72121fd3/kotlin-gradle-plugin-idea-1.7.10.jar because:
[        ]   Build cache is disabled
[        ]   Caching not enabled.
[        ] Caching disabled for ExternalDependencyInstrumentingArtifactTransform: /root/.gradle/caches/modules-2/files-2.1/org.jetbrains.kotlin/kotlin-tooling-core/1.7.10/8fc54e880cf9ea73396f2844a2d3aa76bdcbcfbb/kotlin-tooling-core-1.7.10.jar because:
[        ]   Build cache is disabled
[        ]   Caching not enabled.
[        ] Caching disabled for MergeInstrumentationAnalysisTransform: /root/.gradle/caches/modules-2/files-2.1/org.jetbrains.kotlin/kotlin-klib-commonizer-api/1.7.10/fb033cc9bbe497f445f25b6f2a667c13828787c2/kotlin-klib-commonizer-api-1.7.10.jar because:
[        ]   Build cache is disabled
[        ]   Caching not enabled.
[   +2 ms] Caching disabled for ExternalDependencyInstrumentingArtifactTransform: /root/.gradle/caches/8.14/transforms/b67d553db8dbcd5143b0217beccdfd3e/transformed/merge/instrumentation-dependencies.bin because:
[        ]   Build cache is disabled
[        ]   Caching not enabled.
[        ] Caching disabled for MergeInstrumentationAnalysisTransform: /root/.gradle/caches/8.14/transforms/255a4cfc248e58087c0938fa64d29bba/transformed/analysis/instrumentation-hierarchy.bin because:
[        ]   Build cache is disabled
[        ]   Caching not enabled.
[        ] Caching disabled for MergeInstrumentationAnalysisTransform: /root/.gradle/caches/8.14/transforms/8332094714e67c31039f61f97ef178c5/transformed/analysis/instrumentation-hierarchy.bin because:
[        ]   Build cache is disabled
[        ]   Caching not enabled.
[        ] Caching disabled for ExternalDependencyInstrumentingArtifactTransform: /root/.gradle/caches/8.14/transforms/cc9096536fae2cd399115945bcc9763e/transformed/merge/instrumentation-dependencies.bin because:
[        ]   Build cache is disabled
[        ]   Caching not enabled.
[        ] Caching disabled for ExternalDependencyInstrumentingArtifactTransform: /root/.gradle/caches/8.14/transforms/39b7cc10f1eeed1f553c3a1d384c67a0/transformed/merge/instrumentation-dependencies.bin because:
[        ]   Build cache is disabled
[        ]   Caching not enabled.
[        ] Caching disabled for MergeInstrumentationAnalysisTransform: /root/.gradle/caches/8.14/transforms/255a4cfc248e58087c0938fa64d29bba/transformed/analysis/instrumentation-dependencies.bin because:
[        ]   Build cache is disabled
[        ]   Caching not enabled.
[        ] Caching disabled for MergeInstrumentationAnalysisTransform: /root/.gradle/caches/modules-2/files-2.1/com.google.jimfs/jimfs/1.1/8fbd0579dc68aba6186935cc1bee21d2f3e7ec1c/jimfs-1.1.jar because:
[        ]   Build cache is disabled
[        ]   Caching not enabled.
[        ] Caching disabled for MergeInstrumentationAnalysisTransform: /root/.gradle/caches/8.14/transforms/8332094714e67c31039f61f97ef178c5/transformed/analysis/instrumentation-dependencies.bin because:
[        ]   Build cache is disabled
[        ]   Caching not enabled.
[        ] Caching disabled for MergeInstrumentationAnalysisTransform: /root/.gradle/caches/8.14/transforms/d5fd20e75605ecea7e6c5461c41660f7/transformed/analysis/instrumentation-hierarchy.bin because:
[        ]   Build cache is disabled
[        ]   Caching not enabled.
[        ] Caching disabled for MergeInstrumentationAnalysisTransform: /root/.gradle/caches/modules-2/files-2.1/io.grpc/grpc-protobuf-lite/1.39.0/64ccdfc8a5a7c545247381f0ac42a5b8fc936e56/grpc-protobuf-lite-1.39.0.jar because:
[        ]   Build cache is disabled
[        ]   Caching not enabled.
[        ] Caching disabled for MergeInstrumentationAnalysisTransform: /root/.gradle/caches/8.14/transforms/d5fd20e75605ecea7e6c5461c41660f7/transformed/analysis/instrumentation-dependencies.bin because:
[        ]   Build cache is disabled
[        ]   Caching not enabled.
[        ] Caching disabled for ExternalDependencyInstrumentingArtifactTransform: /root/.gradle/caches/modules-2/files-2.1/org.jetbrains.kotlin/kotlin-klib-commonizer-api/1.7.10/fb033cc9bbe497f445f25b6f2a667c13828787c2/kotlin-klib-commonizer-api-1.7.10.jar because:
[        ]   Build cache is disabled
[        ]   Caching not enabled.
[        ] Caching disabled for ExternalDependencyInstrumentingArtifactTransform: /root/.gradle/caches/8.14/transforms/4012be5ec0851659aac68f6070a97c5c/transformed/merge/instrumentation-dependencies.bin because:
[        ]   Build cache is disabled
[        ]   Caching not enabled.
[        ] Caching disabled for MergeInstrumentationAnalysisTransform: /root/.gradle/caches/modules-2/files-2.1/io.grpc/grpc-api/1.39.0/706f68087b8fae59f8949b4302ac9807131c0112/grpc-api-1.39.0.jar because:
[        ]   Build cache is disabled
[        ]   Caching not enabled.
[        ] Caching disabled for ExternalDependencyInstrumentingArtifactTransform: /root/.gradle/caches/modules-2/files-2.1/org.jetbrains.kotlin/kotlin-gradle-plugin-idea/1.7.10/9b37a1ebe7a7e1886e48eba7ebacf49d72121fd3/kotlin-gradle-plugin-idea-1.7.10.jar because:
[        ]   Build cache is disabled
[        ]   Caching not enabled.
[        ] Caching disabled for ExternalDependencyInstrumentingArtifactTransform: /root/.gradle/caches/8.14/transforms/a7e435af728cf6eea8b6c36d5817c620/transformed/merge/instrumentation-dependencies.bin because:
[        ]   Build cache is disabled
[        ]   Caching not enabled.
[        ] Caching disabled for MergeInstrumentationAnalysisTransform: /root/.gradle/caches/8.14/transforms/cdcfc7660df1633393a13a72dc24c840/transformed/analysis/instrumentation-hierarchy.bin because:
[        ]   Build cache is disabled
[        ]   Caching not enabled.
[        ] Caching disabled for ExternalDependencyInstrumentingArtifactTransform: /root/.gradle/caches/modules-2/files-2.1/io.grpc/grpc-protobuf-lite/1.39.0/64ccdfc8a5a7c545247381f0ac42a5b8fc936e56/grpc-protobuf-lite-1.39.0.jar because:
[        ]   Build cache is disabled
[        ]   Caching not enabled.
[        ] Caching disabled for MergeInstrumentationAnalysisTransform: /root/.gradle/caches/8.14/transforms/f71084baa94829e7ccfa1d4a7b57fb7e/transformed/analysis/instrumentation-hierarchy.bin because:
[        ]   Build cache is disabled
[        ]   Caching not enabled.
[        ] Caching disabled for ExternalDependencyInstrumentingArtifactTransform: /root/.gradle/caches/modules-2/files-2.1/org.jetbrains.kotlin/kotlin-util-klib/1.7.10/962b03365699d66b08bbb397a50bbf6a2a6050e1/kotlin-util-klib-1.7.10.jar because:
[        ]   Build cache is disabled
[        ]   Caching not enabled.
[        ] Caching disabled for MergeInstrumentationAnalysisTransform: /root/.gradle/caches/8.14/transforms/cdcfc7660df1633393a13a72dc24c840/transformed/analysis/instrumentation-dependencies.bin because:
[        ]   Build cache is disabled
[   +4 ms]   Caching not enabled.
[        ] Caching disabled for MergeInstrumentationAnalysisTransform: /root/.gradle/caches/8.14/transforms/f71084baa94829e7ccfa1d4a7b57fb7e/transformed/analysis/instrumentation-dependencies.bin because:
[        ]   Build cache is disabled
[        ]   Caching not enabled.
[        ] Caching disabled for MergeInstrumentationAnalysisTransform: /root/.gradle/caches/modules-2/files-2.1/com.google.guava/guava/30.1-jre/d0c3ce2311c9e36e73228da25a6e99b2ab826f/guava-30.1-jre.jar because:
[        ]   Build cache is disabled
[        ]   Caching not enabled.
[        ] Caching disabled for MergeInstrumentationAnalysisTransform: /root/.gradle/caches/8.14/transforms/fe83a8e52185676fdd3a9515f31da62c/transformed/analysis/instrumentation-hierarchy.bin because:
[        ]   Build cache is disabled
[        ]   Caching not enabled.
[        ] Caching disabled for ExternalDependencyInstrumentingArtifactTransform: /root/.gradle/caches/8.14/transforms/42c3d3dc53d7904671d132fe3bcd489c/transformed/merge/instrumentation-dependencies.bin because:
[        ]   Build cache is disabled
[        ]   Caching not enabled.
[        ] Caching disabled for ExternalDependencyInstrumentingArtifactTransform: /root/.gradle/caches/modules-2/files-2.1/com.google.testing.platform/core-proto/0.0.8-alpha07/901b629a7684aa0cae060a7f23f385297add1e26/core-proto-0.0.8-alpha07.jar because:
[        ]   Build cache is disabled
[        ]   Caching not enabled.
[        ] Caching disabled for MergeInstrumentationAnalysisTransform: /root/.gradle/caches/8.14/transforms/d3f7f7b55f44d63f6c2b1c86a6de1973/transformed/analysis/instrumentation-hierarchy.bin because:
[        ]   Build cache is disabled
[        ]   Caching not enabled.
[        ] Caching disabled for MergeInstrumentationAnalysisTransform: /root/.gradle/caches/modules-2/files-2.1/de.undercouch/gradle-download-task/4.1.1/7a57e30e285bd972cd73e91c0ad16155e29b18ee/gradle-download-task-4.1.1.jar because:
[        ]   Build cache is disabled
[        ]   Caching not enabled.
[   +2 ms] Caching disabled for MergeInstrumentationAnalysisTransform: /root/.gradle/caches/modules-2/files-2.1/com.github.gundy/semver4j/0.16.4/273cc1869ddf7ebbac8176402e29f41b1c83d7df/semver4j-0.16.4-nodeps.jar because:
[        ]   Build cache is disabled
[        ]   Caching not enabled.
[        ] Caching disabled for MergeInstrumentationAnalysisTransform: /root/.gradle/caches/8.14/transforms/d3f7f7b55f44d63f6c2b1c86a6de1973/transformed/analysis/instrumentation-dependencies.bin because:
[        ]   Build cache is disabled
[        ]   Caching not enabled.
[        ] Caching disabled for MergeInstrumentationAnalysisTransform: /root/.gradle/caches/8.14/transforms/dfc6a3312e3b15ebcef9597c541f38fd/transformed/analysis/instrumentation-hierarchy.bin because:
[        ]   Build cache is disabled
[        ]   Caching not enabled.
[        ] Caching disabled for MergeInstrumentationAnalysisTransform: /root/.gradle/caches/8.14/transforms/fe83a8e52185676fdd3a9515f31da62c/transformed/analysis/instrumentation-dependencies.bin because:
[        ]   Build cache is disabled
[        ]   Caching not enabled.
[        ] Caching disabled for ExternalDependencyInstrumentingArtifactTransform: /root/.gradle/caches/8.14/transforms/349096196b66378e950ad2ea8813a7ea/transformed/merge/instrumentation-dependencies.bin because:
[        ]   Build cache is disabled
[        ]   Caching not enabled.
[        ] Caching disabled for ExternalDependencyInstrumentingArtifactTransform: /root/.gradle/caches/8.14/transforms/10ac13584d4ce76857348d5b767a4b03/transformed/merge/instrumentation-dependencies.bin because:
[        ]   Build cache is disabled
[        ]   Caching not enabled.
[        ] Caching disabled for ExternalDependencyInstrumentingArtifactTransform: /root/.gradle/caches/modules-2/files-2.1/io.grpc/grpc-api/1.39.0/706f68087b8fae59f8949b4302ac9807131c0112/grpc-api-1.39.0.jar because:
[        ]   Build cache is disabled
[        ]   Caching not enabled.
[        ] Caching disabled for MergeInstrumentationAnalysisTransform: /root/.gradle/caches/8.14/transforms/dfc6a3312e3b15ebcef9597c541f38fd/transformed/analysis/instrumentation-dependencies.bin because:
[        ]   Build cache is disabled
[        ]   Caching not enabled.
[        ] Caching disabled for MergeInstrumentationAnalysisTransform: /root/.gradle/caches/modules-2/files-2.1/org.jetbrains.kotlin/kotlin-android-extensions/1.7.10/6f72eaede229ab1f700f8a3583f7bef832b56f48/kotlin-android-extensions-1.7.10.jar because:
[        ]   Build cache is disabled
[        ]   Caching not enabled.
[        ] Caching disabled for MergeInstrumentationAnalysisTransform: /root/.gradle/caches/8.14/transforms/233d7725e57fd488a75cf82d9b6f37da/transformed/analysis/instrumentation-hierarchy.bin because:
[        ]   Build cache is disabled
[        ]   Caching not enabled.
[        ] Caching disabled for ExternalDependencyInstrumentingArtifactTransform: /root/.gradle/caches/8.14/transforms/12e57c95cd8f782c13514adbcb55f603/transformed/merge/instrumentation-dependencies.bin because:
[        ]   Build cache is disabled
[        ]   Caching not enabled.
[   +3 ms] Caching disabled for MergeInstrumentationAnalysisTransform: /root/.gradle/caches/8.14/transforms/233d7725e57fd488a75cf82d9b6f37da/transformed/analysis/instrumentation-dependencies.bin because:
[        ]   Build cache is disabled
[        ]   Caching not enabled.
[        ] Caching disabled for MergeInstrumentationAnalysisTransform: /root/.gradle/caches/modules-2/files-2.1/org.jetbrains.kotlin/kotlin-compiler-runner/1.7.10/19b6254d2b5059986115cd1f7b32ce3dadf277/kotlin-compiler-runner-1.7.10.jar because:
[        ]   Build cache is disabled
[        ]   Caching not enabled.
[        ] Caching disabled for MergeInstrumentationAnalysisTransform: /root/.gradle/caches/modules-2/files-2.1/org.jetbrains.kotlin/kotlin-annotation-processing-gradle/1.7.10/e1d645a739463b61ce1980f67068d8ab9b16fef5/kotlin-annotation-processing-gradle-1.7.10.jar because:
[        ]   Build cache is disabled
[        ]   Caching not enabled.
[  +74 ms] Caching disabled for ExternalDependencyInstrumentingArtifactTransform: /root/.gradle/caches/8.14/transforms/177ebff090705eefd3e4d8e54742a9c1/transformed/merge/instrumentation-dependencies.bin because:
[        ]   Build cache is disabled
[        ]   Caching not enabled.
[        ] Caching disabled for ExternalDependencyInstrumentingArtifactTransform: /root/.gradle/caches/8.14/transforms/99b6f42e5ae63a3da25eb429cc4f8d6c/transformed/merge/instrumentation-dependencies.bin because:
[        ]   Build cache is disabled
[        ]   Caching not enabled.
[        ] Caching disabled for ExternalDependencyInstrumentingArtifactTransform: /root/.gradle/caches/modules-2/files-2.1/org.jetbrains.kotlin/kotlin-compiler-runner/1.7.10/19b6254d2b5059986115cd1f7b32ce3dadf277/kotlin-compiler-runner-1.7.10.jar because:
[        ]   Build cache is disabled
[        ]   Caching not enabled.
[        ] Caching disabled for MergeInstrumentationAnalysisTransform: /root/.gradle/caches/8.14/transforms/2d85f00d77669c25a0d59eb07331ae7f/transformed/analysis/instrumentation-hierarchy.bin because:
[        ]   Build cache is disabled
[        ]   Caching not enabled.
[        ] Caching disabled for MergeInstrumentationAnalysisTransform: /root/.gradle/caches/8.14/transforms/2d85f00d77669c25a0d59eb07331ae7f/transformed/analysis/instrumentation-dependencies.bin because:
[        ]   Build cache is disabled
[        ]   Caching not enabled.
[        ] Caching disabled for ExternalDependencyInstrumentingArtifactTransform: /root/.gradle/caches/modules-2/files-2.1/org.jetbrains.kotlin/kotlin-android-extensions/1.7.10/6f72eaede229ab1f700f8a3583f7bef832b56f48/kotlin-android-extensions-1.7.10.jar because:
[        ]   Build cache is disabled
[        ]   Caching not enabled.
[        ] Caching disabled for MergeInstrumentationAnalysisTransform: /root/.gradle/caches/modules-2/files-2.1/org.jetbrains.kotlin/kotlin-scripting-compiler-embeddable/1.7.10/a72ad70dab380867376418e72dfbe290e6dcd63d/kotlin-scripting-compiler-embeddable-1.7.10.jar because:
[        ]   Build cache is disabled
[        ]   Caching not enabled.
[        ] Caching disabled for ExternalDependencyInstrumentingArtifactTransform: /root/.gradle/caches/8.14/transforms/4234e32fd2a7911a09b305622b6ec960/transformed/merge/instrumentation-dependencies.bin because:
[        ]   Build cache is disabled
[        ]   Caching not enabled.
[        ] Caching disabled for MergeInstrumentationAnalysisTransform: /root/.gradle/caches/8.14/transforms/52053b1f33e72113ad604feeb84636cf/transformed/analysis/instrumentation-hierarchy.bin because:
[        ]   Build cache is disabled
[        ]   Caching not enabled.
[        ] Caching disabled for ExternalDependencyInstrumentingArtifactTransform: /root/.gradle/caches/modules-2/files-2.1/com.github.gundy/semver4j/0.16.4/273cc1869ddf7ebbac8176402e29f41b1c83d7df/semver4j-0.16.4-nodeps.jar because:
[        ]   Build cache is disabled
[        ]   Caching not enabled.
[        ] Caching disabled for ExternalDependencyInstrumentingArtifactTransform: /root/.gradle/caches/modules-2/files-2.1/org.jetbrains.kotlin/kotlin-annotation-processing-gradle/1.7.10/e1d645a739463b61ce1980f67068d8ab9b16fef5/kotlin-annotation-processing-gradle-1.7.10.jar because:
[        ]   Build cache is disabled
[        ]   Caching not enabled.
[        ] Caching disabled for ExternalDependencyInstrumentingArtifactTransform: /root/.gradle/caches/modules-2/files-2.1/org.jetbrains.kotlin/kotlin-scripting-compiler-embeddable/1.7.10/a72ad70dab380867376418e72dfbe290e6dcd63d/kotlin-scripting-compiler-embeddable-1.7.10.jar because:
[        ]   Build cache is disabled
[        ]   Caching not enabled.
[ +197 ms] Caching disabled for ExternalDependencyInstrumentingArtifactTransform: /root/.gradle/caches/modules-2/files-2.1/com.google.guava/guava/30.1-jre/d0c3ce2311c9e36e73228da25a6e99b2ab826f/guava-30.1-jre.jar because:
[        ]   Build cache is disabled
[        ]   Caching not enabled.
[        ] Caching disabled for MergeInstrumentationAnalysisTransform: /root/.gradle/caches/8.14/transforms/52053b1f33e72113ad604feeb84636cf/transformed/analysis/instrumentation-dependencies.bin because:
[        ]   Build cache is disabled
[        ]   Caching not enabled.
[        ] Caching disabled for MergeInstrumentationAnalysisTransform: /root/.gradle/caches/8.14/transforms/84dc950dd01208460403060a1ba95f62/transformed/analysis/instrumentation-hierarchy.bin because:
[        ]   Build cache is disabled
[        ]   Caching not enabled.
[        ] Caching disabled for MergeInstrumentationAnalysisTransform: /root/.gradle/caches/8.14/transforms/84dc950dd01208460403060a1ba95f62/transformed/analysis/instrumentation-dependencies.bin because:
[        ]   Build cache is disabled
[        ]   Caching not enabled.
[        ] Caching disabled for MergeInstrumentationAnalysisTransform: /root/.gradle/caches/modules-2/files-2.1/org.jetbrains.kotlin/kotlin-scripting-compiler-impl-embeddable/1.7.10/e8d55cf4b9d9bbcd403e4d860846549f3b4d6dde/kotlin-scripting-compiler-impl-embeddable-1.7.10.jar because:
[        ]   Build cache is disabled
[        ]   Caching not enabled.
[        ] Caching disabled for ExternalDependencyInstrumentingArtifactTransform: /root/.gradle/caches/8.14/transforms/2657a5f264911f6807820e2649d45cb4/transformed/merge/instrumentation-dependencies.bin because:
[        ]   Build cache is disabled
[        ]   Caching not enabled.
[        ] Caching disabled for MergeInstrumentationAnalysisTransform: /root/.gradle/caches/modules-2/files-2.1/org.junit.platform/junit-platform-commons/1.7.1/7c49f0074842d07f4335de2389d624a7437d1407/junit-platform-commons-1.7.1.jar because:
[        ]   Build cache is disabled
[        ]   Caching not enabled.
[        ] Caching disabled for ExternalDependencyInstrumentingArtifactTransform: /root/.gradle/caches/8.14/transforms/7af2430fc998c810d80334dab1c75164/transformed/merge/instrumentation-dependencies.bin because:
[        ]   Build cache is disabled
[        ]   Caching not enabled.
[        ] Caching disabled for MergeInstrumentationAnalysisTransform: /root/.gradle/caches/8.14/transforms/dc4902ada609dfa4f54da604307d269e/transformed/analysis/instrumentation-hierarchy.bin because:
[        ]   Build cache is disabled
[        ]   Caching not enabled.
[        ] Caching disabled for ExternalDependencyInstrumentingArtifactTransform: /root/.gradle/caches/modules-2/files-2.1/com.android.tools.build/builder/7.3.1/3e23401ece1637cecbae6be5c02cc18ab7e452e5/builder-7.3.1.jar because:
[        ]   Build cache is disabled
[        ]   Caching not enabled.
[        ] Caching disabled for ExternalDependencyInstrumentingArtifactTransform: /root/.gradle/caches/modules-2/files-2.1/com.android.tools.build/gradle/7.3.1/e05fdef1532d40d90ef6d2f80f76dfc78d098bb9/gradle-7.3.1.jar because:
[        ]   Build cache is disabled
[        ]   Caching not enabled.
[        ] Caching disabled for ExternalDependencyInstrumentingArtifactTransform: /root/.gradle/caches/modules-2/files-2.1/de.undercouch/gradle-download-task/4.1.1/7a57e30e285bd972cd73e91c0ad16155e29b18ee/gradle-download-task-4.1.1.jar because:
[        ]   Build cache is disabled
[        ]   Caching not enabled.
[        ] Caching disabled for ExternalDependencyInstrumentingArtifactTransform: /root/.gradle/caches/modules-2/files-2.1/org.junit.platform/junit-platform-commons/1.7.1/7c49f0074842d07f4335de2389d624a7437d1407/junit-platform-commons-1.7.1.jar because:
[        ]   Build cache is disabled
[        ]   Caching not enabled.
[        ] Caching disabled for MergeInstrumentationAnalysisTransform: /root/.gradle/caches/8.14/transforms/ba603a8e5cd50a7c88cc1c83cedbafe1/transformed/analysis/instrumentation-hierarchy.bin because:
[        ]   Build cache is disabled
[        ]   Caching not enabled.
[        ] Caching disabled for MergeInstrumentationAnalysisTransform: /root/.gradle/caches/8.14/transforms/1f33ebe59883eca7cf0b19e5fe8de863/transformed/analysis/instrumentation-dependencies.bin because:
[        ]   Build cache is disabled
[        ]   Caching not enabled.
[   +1 ms] Caching disabled for MergeInstrumentationAnalysisTransform: /root/.gradle/caches/8.14/transforms/9b0e98629bc06f5b01cc526ebfdfc3c3/transformed/analysis/instrumentation-hierarchy.bin because:
[        ]   Build cache is disabled
[        ]   Caching not enabled.
[        ] Caching disabled for MergeInstrumentationAnalysisTransform: /root/.gradle/caches/8.14/transforms/ba603a8e5cd50a7c88cc1c83cedbafe1/transformed/analysis/instrumentation-dependencies.bin because:
[        ]   Build cache is disabled
[        ]   Caching not enabled.
[        ] Caching disabled for MergeInstrumentationAnalysisTransform: /root/.gradle/caches/8.14/transforms/f805d7e08d3fd67d4774c3e86f99ef63/transformed/analysis/instrumentation-hierarchy.bin because:
[        ]   Build cache is disabled
[        ]   Caching not enabled.
[        ] Caching disabled for MergeInstrumentationAnalysisTransform: /root/.gradle/caches/8.14/transforms/dc4902ada609dfa4f54da604307d269e/transformed/analysis/instrumentation-dependencies.bin because:
[        ]   Build cache is disabled
[        ]   Caching not enabled.
[        ] Caching disabled for MergeInstrumentationAnalysisTransform: /root/.gradle/caches/8.14/transforms/9b0e98629bc06f5b01cc526ebfdfc3c3/transformed/analysis/instrumentation-dependencies.bin because:
[        ]   Build cache is disabled
[        ]   Caching not enabled.
[        ] Caching disabled for MergeInstrumentationAnalysisTransform: /root/.gradle/caches/8.14/transforms/f805d7e08d3fd67d4774c3e86f99ef63/transformed/analysis/instrumentation-dependencies.bin because:
[        ]   Build cache is disabled
[        ]   Caching not enabled.
[        ] Caching disabled for MergeInstrumentationAnalysisTransform: /root/.gradle/caches/modules-2/files-2.1/com.google.dagger/dagger/2.28.3/10d83810ef9e19714116ed518896c90c6606d633/dagger-2.28.3.jar because:
[        ]   Build cache is disabled
[        ]   Caching not enabled.
[        ] Caching disabled for MergeInstrumentationAnalysisTransform: /root/.gradle/caches/modules-2/files-2.1/javax.inject/javax.inject/1/6975da39a7040257bd51d21a231b76c915872d38/javax.inject-1.jar because:
[        ]   Build cache is disabled
[        ]   Caching not enabled.
[        ] Caching disabled for MergeInstrumentationAnalysisTransform: /root/.gradle/caches/modules-2/files-2.1/com.github.zafarkhaja/java-semver/0.9.0/59a83ca73c72a5e25b3f0b1bb305230a11000329/java-semver-0.9.0.jar because:
[        ]   Build cache is disabled
[        ]   Caching not enabled.
[        ] Caching disabled for MergeInstrumentationAnalysisTransform: /root/.gradle/caches/modules-2/files-2.1/net.sf.kxml/kxml2/2.3.0/ccbc77a5fd907ef863c29f3596c6f54ffa4e9442/kxml2-2.3.0.jar because:
[        ]   Build cache is disabled
[        ]   Caching not enabled.
[        ] Caching disabled for MergeInstrumentationAnalysisTransform: /root/.gradle/caches/8.14/transforms/3c31e71a7838345b49ffab5674d8ff5e/transformed/analysis/instrumentation-hierarchy.bin because:
[        ]   Build cache is disabled
[        ]   Caching not enabled.
[        ] Caching disabled for MergeInstrumentationAnalysisTransform: /root/.gradle/caches/8.14/transforms/be760ad6636708cca778b096f7a7db76/transformed/analysis/instrumentation-hierarchy.bin because:
[        ]   Build cache is disabled
[        ]   Caching not enabled.
[        ] Caching disabled for ExternalDependencyInstrumentingArtifactTransform: /root/.gradle/caches/8.14/transforms/d9e1210206a4f8b16846fa0be809679a/transformed/merge/instrumentation-dependencies.bin because:
[        ]   Build cache is disabled
[        ]   Caching not enabled.
[        ] Caching disabled for MergeInstrumentationAnalysisTransform: /root/.gradle/caches/8.14/transforms/3c31e71a7838345b49ffab5674d8ff5e/transformed/analysis/instrumentation-dependencies.bin because:
[        ]   Build cache is disabled
[        ]   Caching not enabled.
[        ] Caching disabled for MergeInstrumentationAnalysisTransform: /root/.gradle/caches/8.14/transforms/be760ad6636708cca778b096f7a7db76/transformed/analysis/instrumentation-dependencies.bin because:
[        ]   Build cache is disabled
[        ]   Caching not enabled.
[        ] Caching disabled for ExternalDependencyInstrumentingArtifactTransform: /root/.gradle/caches/modules-2/files-2.1/org.jetbrains.kotlin/kotlin-scripting-compiler-impl-embeddable/1.7.10/e8d55cf4b9d9bbcd403e4d860846549f3b4d6dde/kotlin-scripting-compiler-impl-embeddable-1.7.10.jar because:
[        ]   Build cache is disabled
[        ]   Caching not enabled.
[        ] Caching disabled for MergeInstrumentationAnalysisTransform: /root/.gradle/caches/8.14/transforms/23e095634903846b1e4d36d18c569164/transformed/analysis/instrumentation-hierarchy.bin because:
[        ]   Build cache is disabled
[        ]   Caching not enabled.
[        ] Caching disabled for MergeInstrumentationAnalysisTransform: /root/.gradle/caches/8.14/transforms/a4fed51b1a8b098ceba69849a357f8be/transformed/analysis/instrumentation-hierarchy.bin because:
[        ]   Build cache is disabled
[        ]   Caching not enabled.
[        ] Caching disabled for MergeInstrumentationAnalysisTransform: /root/.gradle/caches/8.14/transforms/23e095634903846b1e4d36d18c569164/transformed/analysis/instrumentation-dependencies.bin because:
[        ]   Build cache is disabled
[        ]   Caching not enabled.
[        ] Caching disabled for MergeInstrumentationAnalysisTransform: /root/.gradle/caches/modules-2/files-2.1/org.bouncycastle/bcprov-jdk15on/1.67/8c0998045da87dbc2f1d4b6480458ed811ca7b82/bcprov-jdk15on-1.67.jar because:
[        ]   Build cache is disabled
[        ]   Caching not enabled.
[        ] Caching disabled for ExternalDependencyInstrumentingArtifactTransform: /root/.gradle/caches/8.14/transforms/8ccf3eb14133b755b079ef97450c9db9/transformed/merge/instrumentation-dependencies.bin because:
[        ]   Build cache is disabled
[        ]   Caching not enabled.
[        ] Caching disabled for MergeInstrumentationAnalysisTransform: /root/.gradle/caches/8.14/transforms/a4fed51b1a8b098ceba69849a357f8be/transformed/analysis/instrumentation-dependencies.bin because:
[        ]   Build cache is disabled
[        ]   Caching not enabled.
[        ] Caching disabled for ExternalDependencyInstrumentingArtifactTransform: /root/.gradle/caches/modules-2/files-2.1/com.github.zafarkhaja/java-semver/0.9.0/59a83ca73c72a5e25b3f0b1bb305230a11000329/java-semver-0.9.0.jar because:
[        ]   Build cache is disabled
[        ]   Caching not enabled.
[        ] Caching disabled for MergeInstrumentationAnalysisTransform: /root/.gradle/caches/modules-2/files-2.1/org.jetbrains.intellij.deps/trove4j/1.0.20200330/3afb14d5f9ceb459d724e907a21145e8ff394f02/trove4j-1.0.20200330.jar because:
[        ]   Build cache is disabled
[        ]   Caching not enabled.
[        ] Caching disabled for MergeInstrumentationAnalysisTransform: /root/.gradle/caches/8.14/transforms/a0c26581fa6656fe0cc9cbbf4cebacc3/transformed/analysis/instrumentation-hierarchy.bin because:
[        ]   Build cache is disabled
[        ]   Caching not enabled.
[        ] Caching disabled for MergeInstrumentationAnalysisTransform: /root/.gradle/caches/8.14/transforms/a0d4a13ef6eaaedcebe144d7c572c6ef/transformed/analysis/instrumentation-hierarchy.bin because:
[        ]   Build cache is disabled
[        ]   Caching not enabled.
[        ] Caching disabled for MergeInstrumentationAnalysisTransform: /root/.gradle/caches/8.14/transforms/a0c26581fa6656fe0cc9cbbf4cebacc3/transformed/analysis/instrumentation-dependencies.bin because:
[        ]   Build cache is disabled
[        ]   Caching not enabled.
[        ] Caching disabled for MergeInstrumentationAnalysisTransform: /root/.gradle/caches/modules-2/files-2.1/xerces/xercesImpl/2.12.0/f02c844149fd306601f20e0b34853a670bef7fa2/xercesImpl-2.12.0.jar because:
[        ]   Build cache is disabled
[        ]   Caching not enabled.
[        ] Caching disabled for MergeInstrumentationAnalysisTransform: /root/.gradle/caches/8.14/transforms/a0d4a13ef6eaaedcebe144d7c572c6ef/transformed/analysis/instrumentation-dependencies.bin because:
[        ]   Build cache is disabled
[        ]   Caching not enabled.
[        ] Caching disabled for ExternalDependencyInstrumentingArtifactTransform: /root/.gradle/caches/8.14/transforms/ebacd9ea993a7bac24c81918e8de1d3d/transformed/merge/instrumentation-dependencies.bin because:
[        ]   Build cache is disabled
[        ]   Caching not enabled.
[        ] Caching disabled for MergeInstrumentationAnalysisTransform: /root/.gradle/caches/modules-2/files-2.1/org.apache.commons/commons-compress/1.20/b8df472b31e1f17c232d2ad78ceb1c84e00c641b/commons-compress-1.20.jar because:
[        ]   Build cache is disabled
[        ]   Caching not enabled.
[        ] Caching disabled for MergeInstrumentationAnalysisTransform: /root/.gradle/caches/modules-2/files-2.1/org.apache.httpcomponents/httpclient/4.5.13/e5f6cae5ca7ecaac1ec2827a9e2d65ae2869cada/httpclient-4.5.13.jar because:
[        ]   Build cache is disabled
[        ]   Caching not enabled.
[        ] Caching disabled for MergeInstrumentationAnalysisTransform: /root/.gradle/caches/modules-2/files-2.1/org.jetbrains.kotlin/kotlin-reflect/1.5.31/1523fcd842a47da0820cea772b19c51056fec8a9/kotlin-reflect-1.5.31.jar because:
[        ]   Build cache is disabled
[        ]   Caching not enabled.
[        ] Caching disabled for MergeInstrumentationAnalysisTransform: /root/.gradle/caches/modules-2/files-2.1/org.apache.httpcomponents/httpcore/4.4.13/853b96d3afbb7bf8cc303fe27ee96836a10c1834/httpcore-4.4.13.jar because:
[        ]   Build cache is disabled
[        ]   Caching not enabled.
[        ] Caching disabled for ExternalDependencyInstrumentingArtifactTransform: /root/.gradle/caches/8.14/transforms/f9331a594743cdfc44d2b7e3cf1128b9/transformed/merge/instrumentation-dependencies.bin because:
[        ]   Build cache is disabled
[        ]   Caching not enabled.
[        ] Caching disabled for ExternalDependencyInstrumentingArtifactTransform: /root/.gradle/caches/8.14/transforms/200b0ea93270260409f662498cbd9ab3/transformed/merge/instrumentation-dependencies.bin because:
[        ]   Build cache is disabled
[        ]   Caching not enabled.
[        ] Caching disabled for ExternalDependencyInstrumentingArtifactTransform: /root/.gradle/caches/8.14/transforms/d10f1d533046757af843129dbc74081c/transformed/merge/instrumentation-dependencies.bin because:
[        ]   Build cache is disabled
[        ]   Caching not enabled.
[        ] Caching disabled for ExternalDependencyInstrumentingArtifactTransform: /root/.gradle/caches/8.14/transforms/dc3ac95f34ee76e71a2e75242e8a56e1/transformed/merge/instrumentation-dependencies.bin because:
[        ]   Build cache is disabled
[        ]   Caching not enabled.
[        ] Caching disabled for ExternalDependencyInstrumentingArtifactTransform: /root/.gradle/caches/modules-2/files-2.1/org.jetbrains.kotlin/kotlin-gradle-plugin/1.7.10/52d0e04736f3783285b0fc868874f58c05af8bd8/kotlin-gradle-plugin-1.7.10-gradle70.jar because:
[        ]   Build cache is disabled
[        ]   Caching not enabled.
[  +91 ms] Caching disabled for MergeInstrumentationAnalysisTransform: /root/.gradle/caches/8.14/transforms/507eb57c4f4b0b3261b7813dfeae9a3f/transformed/analysis/instrumentation-hierarchy.bin because:
[        ]   Build cache is disabled
[        ]   Caching not enabled.
[   +1 ms] Caching disabled for MergeInstrumentationAnalysisTransform: /root/.gradle/caches/8.14/transforms/1a1d3b61d5a868318f8594a976389b2b/transformed/analysis/instrumentation-hierarchy.bin because:
[        ]   Build cache is disabled
[        ]   Caching not enabled.
[        ] Caching disabled for MergeInstrumentationAnalysisTransform: /root/.gradle/caches/8.14/transforms/1a1d3b61d5a868318f8594a976389b2b/transformed/analysis/instrumentation-dependencies.bin because:
[        ]   Build cache is disabled
[        ]   Caching not enabled.
[        ] Caching disabled for MergeInstrumentationAnalysisTransform: /root/.gradle/caches/8.14/transforms/507eb57c4f4b0b3261b7813dfeae9a3f/transformed/analysis/instrumentation-dependencies.bin because:
[        ]   Build cache is disabled
[        ]   Caching not enabled.
[        ] Caching disabled for MergeInstrumentationAnalysisTransform: /root/.gradle/caches/modules-2/files-2.1/com.sun.activation/javax.activation/1.2.0/bf744c1e2776ed1de3c55c8dac1057ec331ef744/javax.activation-1.2.0.jar because:
[        ]   Build cache is disabled
[        ]   Caching not enabled.
[        ] Caching disabled for MergeInstrumentationAnalysisTransform: /root/.gradle/caches/modules-2/files-2.1/com.annimon/stream/1.2.1/b57f75f4ab6d01067ac19b4fe872c530cc218103/stream-1.2.1.jar because:
[        ]   Build cache is disabled
[        ]   Caching not enabled.
[        ] Caching disabled for MergeInstrumentationAnalysisTransform: /root/.gradle/caches/8.14/transforms/df2bc9e43b8e4d10a74daf8544c1ff23/transformed/analysis/instrumentation-hierarchy.bin because:
[        ]   Build cache is disabled
[        ]   Caching not enabled.
[        ] Caching disabled for ExternalDependencyInstrumentingArtifactTransform: /root/.gradle/caches/8.14/transforms/c19cceb5047adc87ad41af4b187ddfc1/transformed/merge/instrumentation-dependencies.bin because:
[        ]   Build cache is disabled
[        ]   Caching not enabled.
[        ] Caching disabled for ExternalDependencyInstrumentingArtifactTransform: /root/.gradle/caches/modules-2/files-2.1/org.apache.httpcomponents/httpcore/4.4.13/853b96d3afbb7bf8cc303fe27ee96836a10c1834/httpcore-4.4.13.jar because:
[        ]   Build cache is disabled
[        ]   Caching not enabled.
[        ] Caching disabled for MergeInstrumentationAnalysisTransform: /root/.gradle/caches/8.14/transforms/df2bc9e43b8e4d10a74daf8544c1ff23/transformed/analysis/instrumentation-dependencies.bin because:
[        ]   Build cache is disabled
[        ]   Caching not enabled.
[        ] Caching disabled for MergeInstrumentationAnalysisTransform: /root/.gradle/caches/8.14/transforms/310f85201ba49dc7ae684fc64daca997/transformed/analysis/instrumentation-hierarchy.bin because:
[        ]   Build cache is disabled
[        ]   Caching not enabled.
[        ] Caching disabled for MergeInstrumentationAnalysisTransform: /root/.gradle/caches/8.14/transforms/310f85201ba49dc7ae684fc64daca997/transformed/analysis/instrumentation-dependencies.bin because:
[        ]   Build cache is disabled
[        ]   Caching not enabled.
[        ] Caching disabled for MergeInstrumentationAnalysisTransform: /root/.gradle/caches/modules-2/files-2.1/com.android/signflinger/7.3.1/d8982f3c1b697c0b6b03340152cb9711bccd6de5/signflinger-7.3.1.jar because:
[        ]   Build cache is disabled
[        ]   Caching not enabled.
[        ] Caching disabled for ExternalDependencyInstrumentingArtifactTransform: /root/.gradle/caches/modules-2/files-2.1/org.apache.commons/commons-compress/1.20/b8df472b31e1f17c232d2ad78ceb1c84e00c641b/commons-compress-1.20.jar because:
[        ]   Build cache is disabled
[        ]   Caching not enabled.
[        ] Caching disabled for ExternalDependencyInstrumentingArtifactTransform: /root/.gradle/caches/8.14/transforms/9ab72bec5c8b8cf3d3e76bc03085d123/transformed/merge/instrumentation-dependencies.bin because:
[        ]   Build cache is disabled
[        ]   Caching not enabled.
[        ] Caching disabled for MergeInstrumentationAnalysisTransform: /root/.gradle/caches/8.14/transforms/5ac4b45148a24547f2b8f667d10aac02/transformed/analysis/instrumentation-dependencies.bin because:
[        ]   Build cache is disabled
[        ]   Caching not enabled.
[        ] Caching disabled for MergeInstrumentationAnalysisTransform: /root/.gradle/caches/modules-2/files-2.1/com.android/zipflinger/7.3.1/16999dcec6ec960f9dc53c76081936bd545b4dc9/zipflinger-7.3.1.jar because:
[        ]   Build cache is disabled
[        ]   Caching not enabled.
[        ] Caching disabled for ExternalDependencyInstrumentingArtifactTransform: /root/.gradle/caches/modules-2/files-2.1/org.apache.httpcomponents/httpclient/4.5.13/e5f6cae5ca7ecaac1ec2827a9e2d65ae2869cada/httpclient-4.5.13.jar because:
[        ]   Build cache is disabled
[        ]   Caching not enabled.
[        ] Caching disabled for MergeInstrumentationAnalysisTransform: /root/.gradle/caches/modules-2/files-2.1/com.android.tools/annotations/30.3.1/bf7c0de4844ebdce4eec08b202d24d8f1f7ac520/annotations-30.3.1.jar because:
[        ]   Build cache is disabled
[        ]   Caching not enabled.
[        ] Caching disabled for ExternalDependencyInstrumentingArtifactTransform: /root/.gradle/caches/8.14/transforms/ab8d4c75b48a70d4981b7e3f1eb0b5ed/transformed/merge/instrumentation-dependencies.bin because:
[        ]   Build cache is disabled
[        ]   Caching not enabled.
[        ] Caching disabled for MergeInstrumentationAnalysisTransform: /root/.gradle/caches/8.14/transforms/f62290c4265fae9fb0cf357d49462801/transformed/analysis/instrumentation-hierarchy.bin because:
[        ]   Build cache is disabled
[        ]   Caching not enabled.
[        ] Caching disabled for ExternalDependencyInstrumentingArtifactTransform: /root/.gradle/caches/8.14/transforms/a4ee2171c6abf37f5fd9e150d52cef07/transformed/merge/instrumentation-dependencies.bin because:
[        ]   Build cache is disabled
[        ]   Caching not enabled.
[        ] Caching disabled for ExternalDependencyInstrumentingArtifactTransform: /root/.gradle/caches/modules-2/files-2.1/com.android/signflinger/7.3.1/d8982f3c1b697c0b6b03340152cb9711bccd6de5/signflinger-7.3.1.jar because:
[        ]   Build cache is disabled
[        ]   Caching not enabled.
[        ] Caching disabled for ExternalDependencyInstrumentingArtifactTransform: /root/.gradle/caches/modules-2/files-2.1/com.annimon/stream/1.2.1/b57f75f4ab6d01067ac19b4fe872c530cc218103/stream-1.2.1.jar because:
[        ]   Build cache is disabled
[        ]   Caching not enabled.
[        ] Caching disabled for MergeInstrumentationAnalysisTransform: /root/.gradle/caches/8.14/transforms/f62290c4265fae9fb0cf357d49462801/transformed/analysis/instrumentation-dependencies.bin because:
[        ]   Build cache is disabled
[        ]   Caching not enabled.
[        ] Caching disabled for MergeInstrumentationAnalysisTransform: /root/.gradle/caches/8.14/transforms/63e0a1f75d91cde9ecfd6e29ce3f4dc8/transformed/analysis/instrumentation-hierarchy.bin because:
[        ]   Build cache is disabled
[        ]   Caching not enabled.
[        ] Caching disabled for ExternalDependencyInstrumentingArtifactTransform: /root/.gradle/caches/modules-2/files-2.1/com.android.tools/annotations/30.3.1/bf7c0de4844ebdce4eec08b202d24d8f1f7ac520/annotations-30.3.1.jar because:
[        ]   Build cache is disabled
[        ]   Caching not enabled.
[        ] Caching disabled for MergeInstrumentationAnalysisTransform: /root/.gradle/caches/8.14/transforms/63e0a1f75d91cde9ecfd6e29ce3f4dc8/transformed/analysis/instrumentation-dependencies.bin because:
[        ]   Build cache is disabled
[        ]   Caching not enabled.
[        ] Caching disabled for MergeInstrumentationAnalysisTransform: /root/.gradle/caches/8.14/transforms/77f5407b281275328cf60ddb18ae4cea/transformed/analysis/instrumentation-hierarchy.bin because:
[        ]   Build cache is disabled
[        ]   Caching not enabled.
[        ] Caching disabled for ExternalDependencyInstrumentingArtifactTransform: /root/.gradle/caches/modules-2/files-2.1/com.android/zipflinger/7.3.1/16999dcec6ec960f9dc53c76081936bd545b4dc9/zipflinger-7.3.1.jar because:
[        ]   Build cache is disabled
[        ]   Caching not enabled.
[  +88 ms] Caching disabled for MergeInstrumentationAnalysisTransform: /root/.gradle/caches/8.14/transforms/77f5407b281275328cf60ddb18ae4cea/transformed/analysis/instrumentation-dependencies.bin because:
[   +1 ms]   Build cache is disabled
[        ]   Caching not enabled.
[        ] Caching disabled for MergeInstrumentationAnalysisTransform: /root/.gradle/caches/modules-2/files-2.1/net.java.dev.jna/jna-platform/5.6.0/d18424ffb8bbfd036d71bcaab9b546858f2ef986/jna-platform-5.6.0.jar because:
[        ]   Build cache is disabled
[        ]   Caching not enabled.
[        ] Caching disabled for MergeInstrumentationAnalysisTransform: /root/.gradle/caches/modules-2/files-2.1/com.googlecode.juniversalchardet/juniversalchardet/1.0.3/cd49678784c46aa8789c060538e0154013bb421b/juniversalchardet-1.0.3.jar because:
[        ]   Build cache is disabled
[        ]   Caching not enabled.
[        ] Caching disabled for MergeInstrumentationAnalysisTransform: /root/.gradle/caches/8.14/transforms/01be598aea010826f3476e50de347ae9/transformed/analysis/instrumentation-hierarchy.bin because:
[        ]   Build cache is disabled
[        ]   Caching not enabled.
[        ] Caching disabled for MergeInstrumentationAnalysisTransform: /root/.gradle/caches/modules-2/files-2.1/org.jetbrains.kotlin/kotlin-stdlib-jdk7/1.5.31/77e0f2568912e45d26c31fd417a332458508acdf/kotlin-stdlib-jdk7-1.5.31.jar because:
[        ]   Build cache is disabled
[        ]   Caching not enabled.
[        ] Caching disabled for MergeInstrumentationAnalysisTransform: /root/.gradle/caches/8.14/transforms/fe297a5a19d5a52b75d06ba229378ac0/transformed/analysis/instrumentation-dependencies.bin because:
[        ]   Build cache is disabled
[        ]   Caching not enabled.
[        ] Caching disabled for MergeInstrumentationAnalysisTransform: /root/.gradle/caches/8.14/transforms/01be598aea010826f3476e50de347ae9/transformed/analysis/instrumentation-dependencies.bin because:
[        ]   Build cache is disabled
[        ]   Caching not enabled.
[        ] Caching disabled for MergeInstrumentationAnalysisTransform: /root/.gradle/caches/modules-2/files-2.1/org.jetbrains/annotations/13.0/919f0dfe192fb4e063e7dacadee7f8bb9a2672a9/annotations-13.0.jar because:
[        ]   Build cache is disabled
[        ]   Caching not enabled.
[        ] Caching disabled for ExternalDependencyInstrumentingArtifactTransform: /root/.gradle/caches/8.14/transforms/e808e2c45ed1f8147cb4cf54cfba7194/transformed/merge/instrumentation-dependencies.bin because:
[        ]   Build cache is disabled
[        ]   Caching not enabled.
[        ] Caching disabled for MergeInstrumentationAnalysisTransform: /root/.gradle/caches/8.14/transforms/e0226a994236d7bf90152c665abe60df/transformed/analysis/instrumentation-dependencies.bin because:
[        ]   Build cache is disabled
[        ]   Caching not enabled.
[        ] Caching disabled for MergeInstrumentationAnalysisTransform: /root/.gradle/caches/modules-2/files-2.1/org.jetbrains.kotlin/kotlin-compiler-embeddable/1.7.10/909803167c98606fcf22b4c848647c68e351d48d/kotlin-compiler-embeddable-1.7.10.jar because:
[        ]   Build cache is disabled
[        ]   Caching not enabled.
[        ] Caching disabled for ExternalDependencyInstrumentingArtifactTransform: /root/.gradle/caches/modules-2/files-2.1/com.android.tools.build/bundletool/1.9.0/e144fc87490d12ee601c79dbcb60798a23d1b702/bundletool-1.9.0.jar because:
[        ]   Build cache is disabled
[        ]   Caching not enabled.
[        ] Caching disabled for MergeInstrumentationAnalysisTransform: /root/.gradle/caches/8.14/transforms/8c12647086c0a3ca5d593c8e6e97b7eb/transformed/analysis/instrumentation-hierarchy.bin because:
[        ]   Build cache is disabled
[        ]   Caching not enabled.
[        ] Caching disabled for MergeInstrumentationAnalysisTransform: /root/.gradle/caches/8.14/transforms/a9bb419057f2ec78198df5a5329559ea/transformed/analysis/instrumentation-hierarchy.bin because:
[        ]   Build cache is disabled
[        ]   Caching not enabled.
[        ] Caching disabled for ExternalDependencyInstrumentingArtifactTransform: /root/.gradle/caches/8.14/transforms/702571db73e15c4026d12d25320b5a85/transformed/merge/instrumentation-dependencies.bin because:
[        ]   Build cache is disabled
[        ]   Caching not enabled.
[        ] Caching disabled for MergeInstrumentationAnalysisTransform: /root/.gradle/caches/modules-2/files-2.1/org.jetbrains.kotlin/kotlin-stdlib/1.5.31/6628d61d0f5603568e72d2d5915d2c034b4f1c55/kotlin-stdlib-1.5.31.jar because:
[        ]   Build cache is disabled
[        ]   Caching not enabled.
[        ] Caching disabled for MergeInstrumentationAnalysisTransform: /root/.gradle/caches/8.14/transforms/a9bb419057f2ec78198df5a5329559ea/transformed/analysis/instrumentation-dependencies.bin because:
[        ]   Build cache is disabled
[        ]   Caching not enabled.
[        ] Caching disabled for ExternalDependencyInstrumentingArtifactTransform: /root/.gradle/caches/modules-2/files-2.1/org.jetbrains.kotlin/kotlin-stdlib-jdk7/1.5.31/77e0f2568912e45d26c31fd417a332458508acdf/kotlin-stdlib-jdk7-1.5.31.jar because:
[        ]   Build cache is disabled
[        ]   Caching not enabled.
[        ] Caching disabled for MergeInstrumentationAnalysisTransform: /root/.gradle/caches/8.14/transforms/8c12647086c0a3ca5d593c8e6e97b7eb/transformed/analysis/instrumentation-dependencies.bin because:
[        ]   Build cache is disabled
[        ]   Caching not enabled.
[        ] Caching disabled for MergeInstrumentationAnalysisTransform: /root/.gradle/caches/8.14/transforms/9a9891476629ac44014c62adfce6452d/transformed/analysis/instrumentation-hierarchy.bin because:
[        ]   Build cache is disabled
[        ]   Caching not enabled.
[        ] Caching disabled for ExternalDependencyInstrumentingArtifactTransform: /root/.gradle/caches/8.14/transforms/378473ffa25ccac2f04f3b9f53a695d1/transformed/merge/instrumentation-dependencies.bin because:
[        ]   Build cache is disabled
[        ]   Caching not enabled.
[        ] Caching disabled for MergeInstrumentationAnalysisTransform: /root/.gradle/caches/modules-2/files-2.1/javax.annotation/javax.annotation-api/1.3.2/934c04d3cfef185a8008e7bf34331b79730a9d43/javax.annotation-api-1.3.2.jar because:
[        ]   Build cache is disabled
[        ]   Caching not enabled.
[        ] Caching disabled for MergeInstrumentationAnalysisTransform: /root/.gradle/caches/8.14/transforms/0e4888efffc5b1de0f2cc5286369299e/transformed/analysis/instrumentation-hierarchy.bin because:
[        ]   Build cache is disabled
[        ]   Caching not enabled.
[        ] Caching disabled for MergeInstrumentationAnalysisTransform: /root/.gradle/caches/modules-2/files-2.1/jakarta.xml.bind/jakarta.xml.bind-api/2.3.2/8d49996a4338670764d7ca4b85a1c4ccf7fe665d/jakarta.xml.bind-api-2.3.2.jar because:
[        ]   Build cache is disabled
[        ]   Caching not enabled.
[        ] Caching disabled for MergeInstrumentationAnalysisTransform: /root/.gradle/caches/modules-2/files-2.1/org.jvnet.staxex/stax-ex/1.8.1/78011e483a21102fb4858f3e8f269a677e50aa23/stax-ex-1.8.1.jar because:
[        ]   Build cache is disabled
[        ]   Caching not enabled.
[        ] Caching disabled for MergeInstrumentationAnalysisTransform: /root/.gradle/caches/8.14/transforms/0e4888efffc5b1de0f2cc5286369299e/transformed/analysis/instrumentation-dependencies.bin because:
[        ]   Build cache is disabled
[        ]   Caching not enabled.
[        ] Caching disabled for MergeInstrumentationAnalysisTransform: /root/.gradle/caches/8.14/transforms/9a9891476629ac44014c62adfce6452d/transformed/analysis/instrumentation-dependencies.bin because:
[        ]   Build cache is disabled
[        ]   Caching not enabled.
[        ] Caching disabled for MergeInstrumentationAnalysisTransform: /root/.gradle/caches/8.14/transforms/fefff9ef1ad0af2b4d20e97600842cb4/transformed/analysis/instrumentation-hierarchy.bin because:
[        ]   Build cache is disabled
[        ]   Caching not enabled.
[        ] Caching disabled for MergeInstrumentationAnalysisTransform: /root/.gradle/caches/8.14/transforms/c491d8608f57b6bb06428abd12a909c3/transformed/analysis/instrumentation-hierarchy.bin because:
[        ]   Build cache is disabled
[        ]   Caching not enabled.
[        ] Caching disabled for MergeInstrumentationAnalysisTransform: /root/.gradle/caches/modules-2/files-2.1/org.glassfish.jaxb/txw2/2.3.2/ce5be7da2e442c25ec14c766cb60cb802741727b/txw2-2.3.2.jar because:
[        ]   Build cache is disabled
[        ]   Caching not enabled.
[        ] Caching disabled for MergeInstrumentationAnalysisTransform: /root/.gradle/caches/modules-2/files-2.1/com.sun.istack/istack-commons-runtime/3.0.8/d6a97364045aa6b99bf2d3c566a3f98599c2d296/istack-commons-runtime-3.0.8.jar because:
[        ]   Build cache is disabled
[        ]   Caching not enabled.
[        ] Caching disabled for MergeInstrumentationAnalysisTransform: /root/.gradle/caches/8.14/transforms/fefff9ef1ad0af2b4d20e97600842cb4/transformed/analysis/instrumentation-dependencies.bin because:
[        ]   Build cache is disabled
[        ]   Caching not enabled.
[        ] Caching disabled for MergeInstrumentationAnalysisTransform: /root/.gradle/caches/8.14/transforms/c491d8608f57b6bb06428abd12a909c3/transformed/analysis/instrumentation-dependencies.bin because:
[        ]   Build cache is disabled
[        ]   Caching not enabled.
[        ] Caching disabled for MergeInstrumentationAnalysisTransform: /root/.gradle/caches/8.14/transforms/9f7bf5a533b6fa8b7c91c970eaa2b8a2/transformed/analysis/instrumentation-dependencies.bin because:
[        ]   Build cache is disabled
[        ]   Caching not enabled.
[        ] Caching disabled for MergeInstrumentationAnalysisTransform: /root/.gradle/caches/8.14/transforms/696efd854397fede416d9b3d5fa7f38b/transformed/analysis/instrumentation-dependencies.bin because:
[        ]   Build cache is disabled
[        ]   Caching not enabled.
[        ] Caching disabled for MergeInstrumentationAnalysisTransform: /root/.gradle/caches/modules-2/files-2.1/com.sun.xml.fastinfoset/FastInfoset/1.2.16/4eb6a0adad553bf759ffe86927df6f3b848c8bea/FastInfoset-1.2.16.jar because:
[        ]   Build cache is disabled
[        ]   Caching not enabled.
[        ] Caching disabled for MergeInstrumentationAnalysisTransform: /root/.gradle/caches/modules-2/files-2.1/com.google.auto.value/auto-value-annotations/1.6.2/ed193d86e0af90cc2342aedbe73c5d86b03fa09b/auto-value-annotations-1.6.2.jar because:
[        ]   Build cache is disabled
[        ]   Caching not enabled.
[        ] Caching disabled for MergeInstrumentationAnalysisTransform: /root/.gradle/caches/modules-2/files-2.1/jakarta.activation/jakarta.activation-api/1.2.1/562a587face36ec7eff2db7f2fc95425c6602bc1/jakarta.activation-api-1.2.1.jar because:
[        ]   Build cache is disabled
[        ]   Caching not enabled.
[        ] Caching disabled for MergeInstrumentationAnalysisTransform: /root/.gradle/caches/modules-2/files-2.1/com.google.errorprone/error_prone_annotations/2.4.0/32ecccc595e4e4d813a80ee9e3ab5813d65874eb/error_prone_annotations-2.4.0.jar because:
[        ]   Build cache is disabled
[        ]   Caching not enabled.
[        ] Caching disabled for MergeInstrumentationAnalysisTransform: /root/.gradle/caches/8.14/transforms/02afc11b8ec1264570aeb56b58c49aa9/transformed/analysis/instrumentation-hierarchy.bin because:
[        ]   Build cache is disabled
[        ]   Caching not enabled.
[        ] Caching disabled for ExternalDependencyInstrumentingArtifactTransform: /root/.gradle/caches/8.14/transforms/7d649c3d06bdfe3e1cd831f1b6b1f18a/transformed/merge/instrumentation-dependencies.bin because:
[        ]   Build cache is disabled
[        ]   Caching not enabled.
[        ] Caching disabled for MergeInstrumentationAnalysisTransform: /root/.gradle/caches/8.14/transforms/6f8bdd5d75a2382fcea921634ccf18cb/transformed/analysis/instrumentation-hierarchy.bin because:
[        ]   Build cache is disabled
[        ]   Caching not enabled.
[        ] Caching disabled for MergeInstrumentationAnalysisTransform: /root/.gradle/caches/8.14/transforms/58004fb02668d400301539bc7fd0023b/transformed/analysis/instrumentation-hierarchy.bin because:
[        ]   Build cache is disabled
[        ]   Caching not enabled.
[        ] Caching disabled for MergeInstrumentationAnalysisTransform: /root/.gradle/caches/8.14/transforms/6f8bdd5d75a2382fcea921634ccf18cb/transformed/analysis/instrumentation-dependencies.bin because:
[        ]   Build cache is disabled
[        ]   Caching not enabled.
[        ] Caching disabled for ExternalDependencyInstrumentingArtifactTransform: /root/.gradle/caches/modules-2/files-2.1/com.android.tools.analytics-library/protos/30.3.1/4078d8e29f3868ef54788d45269c51cb533755ca/protos-30.3.1.jar because:
[        ]   Build cache is disabled
[        ]   Caching not enabled.
[        ] Caching disabled for MergeInstrumentationAnalysisTransform: /root/.gradle/caches/8.14/transforms/02afc11b8ec1264570aeb56b58c49aa9/transformed/analysis/instrumentation-dependencies.bin because:
[        ]   Build cache is disabled
[        ]   Caching not enabled.
[        ] Caching disabled for MergeInstrumentationAnalysisTransform: /root/.gradle/caches/8.14/transforms/085ab5d22c0c73b805b5ceab6a9ea7ff/transformed/analysis/instrumentation-dependencies.bin because:
[        ]   Build cache is disabled
[        ]   Caching not enabled.
[        ] Caching disabled for MergeInstrumentationAnalysisTransform: /root/.gradle/caches/8.14/transforms/6b4896d50078fc41c74f8e4a72b63e60/transformed/analysis/instrumentation-dependencies.bin because:
[        ]   Build cache is disabled
[        ]   Caching not enabled.
[        ] Caching disabled for MergeInstrumentationAnalysisTransform: /root/.gradle/caches/8.14/transforms/58004fb02668d400301539bc7fd0023b/transformed/analysis/instrumentation-dependencies.bin because:
[        ]   Build cache is disabled
[        ]   Caching not enabled.
[        ] Caching disabled for ExternalDependencyInstrumentingArtifactTransform: /root/.gradle/caches/modules-2/files-2.1/com.google.errorprone/error_prone_annotations/2.4.0/32ecccc595e4e4d813a80ee9e3ab5813d65874eb/error_prone_annotations-2.4.0.jar because:
[        ]   Build cache is disabled
[        ]   Caching not enabled.
[        ] Caching disabled for MergeInstrumentationAnalysisTransform: /root/.gradle/caches/modules-2/files-2.1/org.slf4j/slf4j-api/1.7.30/b5a4b6d16ab13e34a88fae84c35cd5d68cac922c/slf4j-api-1.7.30.jar because:
[        ]   Build cache is disabled
[        ]   Caching not enabled.
[        ] Caching disabled for MergeInstrumentationAnalysisTransform: /root/.gradle/caches/8.14/transforms/61eabbdd592209c866189e9368efd599/transformed/analysis/instrumentation-hierarchy.bin because:
[        ]   Build cache is disabled
[        ]   Caching not enabled.
[        ] Caching disabled for MergeInstrumentationAnalysisTransform: /root/.gradle/caches/8.14/transforms/64a4175e748a358b70284e25f54ad229/transformed/analysis/instrumentation-hierarchy.bin because:
[        ]   Build cache is disabled
[        ]   Caching not enabled.
[        ] Caching disabled for MergeInstrumentationAnalysisTransform: /root/.gradle/caches/modules-2/files-2.1/com.google.android/annotations/4.1.1.4/a1678ba907bf92691d879fef34e1a187038f9259/annotations-4.1.1.4.jar because:
[        ]   Build cache is disabled
[        ]   Caching not enabled.
[        ] Caching disabled for ExternalDependencyInstrumentingArtifactTransform: /root/.gradle/caches/modules-2/files-2.1/xerces/xercesImpl/2.12.0/f02c844149fd306601f20e0b34853a670bef7fa2/xercesImpl-2.12.0.jar because:
[        ]   Build cache is disabled
[        ]   Caching not enabled.
[        ] Caching disabled for MergeInstrumentationAnalysisTransform: /root/.gradle/caches/modules-2/files-2.1/org.bitbucket.b_c/jose4j/0.7.0/478ee8518687f9b01f20912fc7edd9d7b46d06da/jose4j-0.7.0.jar because:
[        ]   Build cache is disabled
[        ]   Caching not enabled.
[        ] Caching disabled for MergeInstrumentationAnalysisTransform: /root/.gradle/caches/modules-2/files-2.1/org.jdom/jdom2/2.0.6/6f14738ec2e9dd0011e343717fa624a10f8aab64/jdom2-2.0.6.jar because:
[        ]   Build cache is disabled
[        ]   Caching not enabled.
[        ] Caching disabled for MergeInstrumentationAnalysisTransform: /root/.gradle/caches/8.14/transforms/61eabbdd592209c866189e9368efd599/transformed/analysis/instrumentation-dependencies.bin because:
[        ]   Build cache is disabled
[        ]   Caching not enabled.
[        ] Caching disabled for MergeInstrumentationAnalysisTransform: /root/.gradle/caches/8.14/transforms/0354ec8c57501409ce92f5af134a857f/transformed/analysis/instrumentation-hierarchy.bin because:
[        ]   Build cache is disabled
[        ]   Caching not enabled.
[        ] Caching disabled for MergeInstrumentationAnalysisTransform: /root/.gradle/caches/modules-2/files-2.1/org.codehaus.mojo/animal-sniffer-annotations/1.19/1536e1a8fd552dc05f12b5f0827fbb2ee3d5a89b/animal-sniffer-annotations-1.19.jar because:
[        ]   Build cache is disabled
[        ]   Caching not enabled.
[        ] Caching disabled for MergeInstrumentationAnalysisTransform: /root/.gradle/caches/8.14/transforms/64a4175e748a358b70284e25f54ad229/transformed/analysis/instrumentation-dependencies.bin because:
[        ]   Build cache is disabled
[        ]   Caching not enabled.
[        ] Caching disabled for ExternalDependencyInstrumentingArtifactTransform: /root/.gradle/caches/8.14/transforms/f26f096687d2dfb40bbca8e3a3321df0/transformed/merge/instrumentation-dependencies.bin because:
[        ]   Build cache is disabled
[        ]   Caching not enabled.
[        ] Caching disabled for MergeInstrumentationAnalysisTransform: /root/.gradle/caches/8.14/transforms/761bb3eed1c702fd47170b0531a74362/transformed/analysis/instrumentation-hierarchy.bin because:
[        ]   Build cache is disabled
[        ]   Caching not enabled.
[        ] Caching disabled for MergeInstrumentationAnalysisTransform: /root/.gradle/caches/8.14/transforms/d8695b060e50975c4594c2fcb6098560/transformed/analysis/instrumentation-hierarchy.bin because:
[        ]   Build cache is disabled
[        ]   Caching not enabled.
[        ] Caching disabled for ExternalDependencyInstrumentingArtifactTransform: /root/.gradle/caches/8.14/transforms/9d7544883048e9493bb35981c4f2809b/transformed/merge/instrumentation-dependencies.bin because:
[        ]   Build cache is disabled
[        ]   Caching not enabled.
[        ] Caching disabled for MergeInstrumentationAnalysisTransform: /root/.gradle/caches/8.14/transforms/e201c0cf51eed97888ab0bb875f7cb6f/transformed/analysis/instrumentation-hierarchy.bin because:
[        ]   Build cache is disabled
[        ]   Caching not enabled.
[        ] Caching disabled for MergeInstrumentationAnalysisTransform: /root/.gradle/caches/8.14/transforms/0354ec8c57501409ce92f5af134a857f/transformed/analysis/instrumentation-dependencies.bin because:
[        ]   Build cache is disabled
[        ]   Caching not enabled.
[        ] Caching disabled for MergeInstrumentationAnalysisTransform: /root/.gradle/caches/8.14/transforms/761bb3eed1c702fd47170b0531a74362/transformed/analysis/instrumentation-dependencies.bin because:
[        ]   Build cache is disabled
[        ]   Caching not enabled.
[        ] Caching disabled for MergeInstrumentationAnalysisTransform: /root/.gradle/caches/modules-2/files-2.1/io.netty/netty-codec-http2/4.1.52.Final/1e06a41e2b67cd6f91bf97935f4729c843ac1a57/netty-codec-http2-4.1.52.Final.jar because:
[        ]   Build cache is disabled
[        ]   Caching not enabled.
[        ] Caching disabled for MergeInstrumentationAnalysisTransform: /root/.gradle/caches/modules-2/files-2.1/io.perfmark/perfmark-api/0.23.0/b813b7539fae6550541da8caafd6add86d4e22f/perfmark-api-0.23.0.jar because:
[        ]   Build cache is disabled
[        ]   Caching not enabled.
[        ] Caching disabled for MergeInstrumentationAnalysisTransform: /root/.gradle/caches/8.14/transforms/d8695b060e50975c4594c2fcb6098560/transformed/analysis/instrumentation-dependencies.bin because:
[        ]   Build cache is disabled
[        ]   Caching not enabled.
[        ] Caching disabled for ExternalDependencyInstrumentingArtifactTransform: /root/.gradle/caches/8.14/transforms/a9ac2cee8001d3e82a9cb5c5b51cd750/transformed/merge/instrumentation-dependencies.bin because:
[        ]   Build cache is disabled
[        ]   Caching not enabled.
[        ] Caching disabled for MergeInstrumentationAnalysisTransform: /root/.gradle/caches/8.14/transforms/e201c0cf51eed97888ab0bb875f7cb6f/transformed/analysis/instrumentation-dependencies.bin because:
[        ]   Build cache is disabled
[        ]   Caching not enabled.
[        ] Caching disabled for ExternalDependencyInstrumentingArtifactTransform: /root/.gradle/caches/modules-2/files-2.1/org.codehaus.mojo/animal-sniffer-annotations/1.19/1536e1a8fd552dc05f12b5f0827fbb2ee3d5a89b/animal-sniffer-annotations-1.19.jar because:
[        ]   Build cache is disabled
[        ]   Caching not enabled.
[        ] Caching disabled for MergeInstrumentationAnalysisTransform: /root/.gradle/caches/modules-2/files-2.1/io.netty/netty-handler-proxy/4.1.52.Final/e5701741e851d83b5ef15738f84c825ba2c0688e/netty-handler-proxy-4.1.52.Final.jar because:
[        ]   Build cache is disabled
[        ]   Caching not enabled.
[        ] Caching disabled for ExternalDependencyInstrumentingArtifactTransform: /root/.gradle/caches/8.14/transforms/616966f0784d350fd2aee5571643673d/transformed/merge/instrumentation-dependencies.bin because:
[        ]   Build cache is disabled
[        ]   Caching not enabled.
[        ] Caching disabled for MergeInstrumentationAnalysisTransform: /root/.gradle/caches/modules-2/files-2.1/org.json/json/20180813/8566b2b0391d9d4479ea225645c6ed47ef17fe41/json-20180813.jar because:
[        ]   Build cache is disabled
[        ]   Caching not enabled.
[        ] Caching disabled for ExternalDependencyInstrumentingArtifactTransform: /root/.gradle/caches/modules-2/files-2.1/io.perfmark/perfmark-api/0.23.0/b813b7539fae6550541da8caafd6add86d4e22f/perfmark-api-0.23.0.jar because:
[        ]   Build cache is disabled
[        ]   Caching not enabled.
[        ] Caching disabled for ExternalDependencyInstrumentingArtifactTransform: /root/.gradle/caches/8.14/transforms/bfb9bb57c6472a990bf202b731159da4/transformed/merge/instrumentation-dependencies.bin because:
[        ]   Build cache is disabled
[        ]   Caching not enabled.
[        ] Caching disabled for MergeInstrumentationAnalysisTransform: /root/.gradle/caches/modules-2/files-2.1/org.checkerframework/checker-qual/3.5.0/2f50520c8abea66fbd8d26e481d3aef5c673b510/checker-qual-3.5.0.jar because:
[        ]   Build cache is disabled
[        ]   Caching not enabled.
[        ] Caching disabled for MergeInstrumentationAnalysisTransform: /root/.gradle/caches/modules-2/files-2.1/com.google.code.findbugs/jsr305/3.0.2/25ea2e8b0c338a877313bd4672d3fe056ea78f0d/jsr305-3.0.2.jar because:
[        ]   Build cache is disabled
[        ]   Caching not enabled.
[        ] Caching disabled for MergeInstrumentationAnalysisTransform: /root/.gradle/caches/8.14/transforms/059495c8615bae36d0fc93a846ab4920/transformed/analysis/instrumentation-hierarchy.bin because:
[        ]   Build cache is disabled
[        ]   Caching not enabled.
[        ] Caching disabled for ExternalDependencyInstrumentingArtifactTransform: /root/.gradle/caches/8.14/transforms/463bff17ac5f85a6b4d3f880e19b2dac/transformed/merge/instrumentation-dependencies.bin because:
[        ]   Build cache is disabled
[        ]   Caching not enabled.
[        ] Caching disabled for MergeInstrumentationAnalysisTransform: /root/.gradle/caches/8.14/transforms/3af4b0d915314dad8e25e6cfc258b672/transformed/analysis/instrumentation-hierarchy.bin because:
[        ]   Build cache is disabled
[        ]   Caching not enabled.
[        ] Caching disabled for ExternalDependencyInstrumentingArtifactTransform: /root/.gradle/caches/modules-2/files-2.1/org.bitbucket.b_c/jose4j/0.7.0/478ee8518687f9b01f20912fc7edd9d7b46d06da/jose4j-0.7.0.jar because:
[        ]   Build cache is disabled
[        ]   Caching not enabled.
[        ] Caching disabled for ExternalDependencyInstrumentingArtifactTransform: /root/.gradle/caches/8.14/transforms/a328d091fda33df8a4514b9f882652f6/transformed/merge/instrumentation-dependencies.bin because:
[        ]   Build cache is disabled
[        ]   Caching not enabled.
[        ] Caching disabled for MergeInstrumentationAnalysisTransform: /root/.gradle/caches/8.14/transforms/fda2b745c1dd9dc4ecf43a8b6b539847/transformed/analysis/instrumentation-hierarchy.bin because:
[        ]   Build cache is disabled
[        ]   Caching not enabled.
[        ] Caching disabled for ExternalDependencyInstrumentingArtifactTransform: /root/.gradle/caches/modules-2/files-2.1/io.netty/netty-handler-proxy/4.1.52.Final/e5701741e851d83b5ef15738f84c825ba2c0688e/netty-handler-proxy-4.1.52.Final.jar because:
[        ]   Build cache is disabled
[        ]   Caching not enabled.
[        ] Caching disabled for MergeInstrumentationAnalysisTransform: /root/.gradle/caches/8.14/transforms/059495c8615bae36d0fc93a846ab4920/transformed/analysis/instrumentation-dependencies.bin because:
[        ]   Build cache is disabled
[        ]   Caching not enabled.
[        ] Caching disabled for MergeInstrumentationAnalysisTransform: /root/.gradle/caches/8.14/transforms/fda2b745c1dd9dc4ecf43a8b6b539847/transformed/analysis/instrumentation-dependencies.bin because:
[        ]   Build cache is disabled
[        ]   Caching not enabled.
[        ] Caching disabled for MergeInstrumentationAnalysisTransform: /root/.gradle/caches/8.14/transforms/f922c1a468ea3eb6a46da7e99d5a9a18/transformed/analysis/instrumentation-hierarchy.bin because:
[        ]   Build cache is disabled
[        ]   Caching not enabled.
[        ] Caching disabled for MergeInstrumentationAnalysisTransform: /root/.gradle/caches/8.14/transforms/3af4b0d915314dad8e25e6cfc258b672/transformed/analysis/instrumentation-dependencies.bin because:
[        ]   Build cache is disabled
[        ]   Caching not enabled.
[  +82 ms] Caching disabled for MergeInstrumentationAnalysisTransform: /root/.gradle/caches/modules-2/files-2.1/commons-codec/commons-codec/1.11/3acb4705652e16236558f0f4f2192cc33c3bd189/commons-codec-1.11.jar because:
[   +1 ms]   Build cache is disabled
[        ]   Caching not enabled.
[        ] Caching disabled for MergeInstrumentationAnalysisTransform: /root/.gradle/caches/8.14/transforms/f922c1a468ea3eb6a46da7e99d5a9a18/transformed/analysis/instrumentation-dependencies.bin because:
[        ]   Build cache is disabled
[        ]   Caching not enabled.
[        ] Caching disabled for MergeInstrumentationAnalysisTransform: /root/.gradle/caches/8.14/transforms/2d6ad7057afe351af184d49f5efa7fa0/transformed/analysis/instrumentation-hierarchy.bin because:
[        ]   Build cache is disabled
[        ]   Caching not enabled.
[        ] Caching disabled for MergeInstrumentationAnalysisTransform: /root/.gradle/caches/modules-2/files-2.1/com.googlecode.json-simple/json-simple/1.1/5e303a03d04e6788dddfa3655272580ae0fc13bb/json-simple-1.1.jar because:
[        ]   Build cache is disabled
[        ]   Caching not enabled.
[        ] Caching disabled for ExternalDependencyInstrumentingArtifactTransform: /root/.gradle/caches/modules-2/files-2.1/org.json/json/20180813/8566b2b0391d9d4479ea225645c6ed47ef17fe41/json-20180813.jar because:
[        ]   Build cache is disabled
[        ]   Caching not enabled.
[        ] Caching disabled for MergeInstrumentationAnalysisTransform: /root/.gradle/caches/8.14/transforms/f3213e3558040820086ebc2d445b4839/transformed/analysis/instrumentation-hierarchy.bin because:
[        ]   Build cache is disabled
[        ]   Caching not enabled.
[        ] Caching disabled for MergeInstrumentationAnalysisTransform: /root/.gradle/caches/8.14/transforms/2d6ad7057afe351af184d49f5efa7fa0/transformed/analysis/instrumentation-dependencies.bin because:
[        ]   Build cache is disabled
[        ]   Caching not enabled.
[        ] Caching disabled for ExternalDependencyInstrumentingArtifactTransform: /root/.gradle/caches/8.14/transforms/b83d5023de2047995edf99ed0fb52b84/transformed/merge/instrumentation-dependencies.bin because:
[        ]   Build cache is disabled
[        ]   Caching not enabled.
[        ] Caching disabled for MergeInstrumentationAnalysisTransform: /root/.gradle/caches/8.14/transforms/ab3b5b091f655146769e8562cd1e0c9d/transformed/analysis/instrumentation-hierarchy.bin because:
[        ]   Build cache is disabled
[        ]   Caching not enabled.
[        ] Caching disabled for MergeInstrumentationAnalysisTransform: /root/.gradle/caches/modules-2/files-2.1/com.android.tools.build/apksig/7.3.1/46b1d756b1dd2f41714f24c84b611306d39ec065/apksig-7.3.1.jar because:
[        ]   Build cache is disabled
[        ]   Caching not enabled.
[        ] Caching disabled for MergeInstrumentationAnalysisTransform: /root/.gradle/caches/8.14/transforms/f3213e3558040820086ebc2d445b4839/transformed/analysis/instrumentation-dependencies.bin because:
[        ]   Build cache is disabled
[        ]   Caching not enabled.
[        ] Caching disabled for ExternalDependencyInstrumentingArtifactTransform: /root/.gradle/caches/8.14/transforms/9be6b559eccf5668148861b8bbaa5fa0/transformed/merge/instrumentation-dependencies.bin because:
[        ]   Build cache is disabled
[        ]   Caching not enabled.
[        ] Caching disabled for MergeInstrumentationAnalysisTransform: /root/.gradle/caches/8.14/transforms/ab3b5b091f655146769e8562cd1e0c9d/transformed/analysis/instrumentation-dependencies.bin because:
[        ]   Build cache is disabled
[        ]   Caching not enabled.
[        ] Caching disabled for MergeInstrumentationAnalysisTransform: /root/.gradle/caches/modules-2/files-2.1/com.squareup/javawriter/2.5.0/81241ff7078ef14f42ea2a8995fa09c096256e6b/javawriter-2.5.0.jar because:
[        ]   Build cache is disabled
[        ]   Caching not enabled.
[        ] Caching disabled for ExternalDependencyInstrumentingArtifactTransform: /root/.gradle/caches/modules-2/files-2.1/org.checkerframework/checker-qual/3.5.0/2f50520c8abea66fbd8d26e481d3aef5c673b510/checker-qual-3.5.0.jar because:
[        ]   Build cache is disabled
[        ]   Caching not enabled.
[        ] Caching disabled for ExternalDependencyInstrumentingArtifactTransform: /root/.gradle/caches/modules-2/files-2.1/io.netty/netty-codec-http2/4.1.52.Final/1e06a41e2b67cd6f91bf97935f4729c843ac1a57/netty-codec-http2-4.1.52.Final.jar because:
[        ]   Build cache is disabled
[        ]   Caching not enabled.
[        ] Caching disabled for MergeInstrumentationAnalysisTransform: /root/.gradle/caches/8.14/transforms/8ca1ccb431084ae6abdb08ebac2e92fe/transformed/analysis/instrumentation-hierarchy.bin because:
[        ]   Build cache is disabled
[        ]   Caching not enabled.
[        ] Caching disabled for MergeInstrumentationAnalysisTransform: /root/.gradle/caches/modules-2/files-2.1/org.jetbrains.kotlin/kotlin-native-utils/1.7.10/2f0fbe380f54a395d99e75558c21924ef262cc8e/kotlin-native-utils-1.7.10.jar because:
[        ]   Build cache is disabled
[        ]   Caching not enabled.
[        ] Caching disabled for ExternalDependencyInstrumentingArtifactTransform: /root/.gradle/caches/modules-2/files-2.1/com.googlecode.json-simple/json-simple/1.1/5e303a03d04e6788dddfa3655272580ae0fc13bb/json-simple-1.1.jar because:
[        ]   Build cache is disabled
[        ]   Caching not enabled.
[        ] Caching disabled for MergeInstrumentationAnalysisTransform: /root/.gradle/caches/8.14/transforms/8ca1ccb431084ae6abdb08ebac2e92fe/transformed/analysis/instrumentation-dependencies.bin because:
[        ]   Build cache is disabled
[        ]   Caching not enabled.
[        ] Caching disabled for MergeInstrumentationAnalysisTransform: /root/.gradle/caches/8.14/transforms/b61fb44fc1d8321fadf92de7a61bc6d5/transformed/analysis/instrumentation-hierarchy.bin because:
[        ]   Build cache is disabled
[        ]   Caching not enabled.
[        ] Caching disabled for MergeInstrumentationAnalysisTransform: /root/.gradle/caches/modules-2/files-2.1/org.jetbrains.kotlin/kotlin-util-io/1.7.10/fdcfe10a398c931a5770ca45cffdd245112ca949/kotlin-util-io-1.7.10.jar because:
[        ]   Build cache is disabled
[        ]   Caching not enabled.
[        ] Caching disabled for MergeInstrumentationAnalysisTransform: /root/.gradle/caches/8.14/transforms/1e6802209ebecd13dac664089ed32ff8/transformed/analysis/instrumentation-hierarchy.bin because:
[        ]   Build cache is disabled
[        ]   Caching not enabled.
[        ] Caching disabled for ExternalDependencyInstrumentingArtifactTransform: /root/.gradle/caches/8.14/transforms/1519b0464a2243db42f8301927db8b9b/transformed/merge/instrumentation-dependencies.bin because:
[        ]   Build cache is disabled
[        ]   Caching not enabled.
[        ] Caching disabled for MergeInstrumentationAnalysisTransform: /root/.gradle/caches/8.14/transforms/1e6802209ebecd13dac664089ed32ff8/transformed/analysis/instrumentation-dependencies.bin because:
[        ]   Build cache is disabled
[        ]   Caching not enabled.
[        ] Caching disabled for MergeInstrumentationAnalysisTransform: /root/.gradle/caches/8.14/transforms/b61fb44fc1d8321fadf92de7a61bc6d5/transformed/analysis/instrumentation-dependencies.bin because:
[        ]   Build cache is disabled
[        ]   Caching not enabled.
[        ] Caching disabled for MergeInstrumentationAnalysisTransform: /root/.gradle/caches/8.14/transforms/7481ef785db59b9b3fabf201c897033d/transformed/analysis/instrumentation-hierarchy.bin because:
[        ]   Build cache is disabled
[        ]   Caching not enabled.
[        ] Caching disabled for ExternalDependencyInstrumentingArtifactTransform: /root/.gradle/caches/8.14/transforms/7509b88441b55cbb8ac0cd81cc1a140c/transformed/merge/instrumentation-dependencies.bin because:
[        ]   Build cache is disabled
[        ]   Caching not enabled.
[        ] Caching disabled for MergeInstrumentationAnalysisTransform: /root/.gradle/caches/modules-2/files-2.1/org.jetbrains.kotlin/kotlin-daemon-embeddable/1.7.10/3a9f7aef7080d3ae63126cbba4f827ed664f32fa/kotlin-daemon-embeddable-1.7.10.jar because:
[        ]   Build cache is disabled
[        ]   Caching not enabled.
[        ] Caching disabled for MergeInstrumentationAnalysisTransform: /root/.gradle/caches/8.14/transforms/7481ef785db59b9b3fabf201c897033d/transformed/analysis/instrumentation-dependencies.bin because:
[        ]   Build cache is disabled
[        ]   Caching not enabled.
[        ] Caching disabled for ExternalDependencyInstrumentingArtifactTransform: /root/.gradle/caches/modules-2/files-2.1/org.jetbrains.kotlin/kotlin-native-utils/1.7.10/2f0fbe380f54a395d99e75558c21924ef262cc8e/kotlin-native-utils-1.7.10.jar because:
[        ]   Build cache is disabled
[        ]   Caching not enabled.
[        ] Caching disabled for MergeInstrumentationAnalysisTransform: /root/.gradle/caches/modules-2/files-2.1/net.java.dev.jna/jna/5.6.0/330f2244e9030119ab3030fc3fededc86713d9cc/jna-5.6.0.jar because:
[        ]   Build cache is disabled
[        ]   Caching not enabled.
[        ] Caching disabled for MergeInstrumentationAnalysisTransform: /root/.gradle/caches/modules-2/files-2.1/org.jetbrains.kotlin/kotlin-build-common/1.7.10/ac8d44a03072ec9563d3cdda87929b24920c097f/kotlin-build-common-1.7.10.jar because:
[        ]   Build cache is disabled
[        ]   Caching not enabled.
[        ] Caching disabled for ExternalDependencyInstrumentingArtifactTransform: /root/.gradle/caches/8.14/transforms/94998ee24d9a3d7333d8dbabadf767ae/transformed/merge/instrumentation-dependencies.bin because:
[        ]   Build cache is disabled
[        ]   Caching not enabled.
[        ] Caching disabled for MergeInstrumentationAnalysisTransform: /root/.gradle/caches/8.14/transforms/266258840c87d77d7e6964a7b00a8de5/transformed/analysis/instrumentation-hierarchy.bin because:
[        ]   Build cache is disabled
[        ]   Caching not enabled.
[        ] Caching disabled for MergeInstrumentationAnalysisTransform: /root/.gradle/caches/8.14/transforms/f816b4c8c45eac3c5bfb3b7873c710ef/transformed/analysis/instrumentation-hierarchy.bin because:
[        ]   Build cache is disabled
[        ]   Caching not enabled.
[        ] Caching disabled for MergeInstrumentationAnalysisTransform: /root/.gradle/caches/modules-2/files-2.1/it.unimi.dsi/fastutil/8.4.0/60fbeaa50799581f6244fcff1cebba0353ec0141/fastutil-8.4.0.jar because:
[        ]   Build cache is disabled
[        ]   Caching not enabled.
[        ] Caching disabled for MergeInstrumentationAnalysisTransform: /root/.gradle/caches/modules-2/files-2.1/org.jetbrains.kotlin/kotlin-daemon-client/1.7.10/f10e62104d02f7f2a25a41675453fc1258155945/kotlin-daemon-client-1.7.10.jar because:
[        ]   Build cache is disabled
[        ]   Caching not enabled.
[        ] Caching disabled for ExternalDependencyInstrumentingArtifactTransform: /root/.gradle/caches/8.14/transforms/b2af629538bd7df9fadff8c590c33982/transformed/merge/instrumentation-dependencies.bin because:
[        ]   Build cache is disabled
[        ]   Caching not enabled.
[        ] Caching disabled for ExternalDependencyInstrumentingArtifactTransform: /root/.gradle/caches/8.14/transforms/0656859fc09440b01efe22ff9fdb1a9d/transformed/merge/instrumentation-dependencies.bin because:
[        ]   Build cache is disabled
[        ]   Caching not enabled.
[        ] Caching disabled for MergeInstrumentationAnalysisTransform: /root/.gradle/caches/8.14/transforms/266258840c87d77d7e6964a7b00a8de5/transformed/analysis/instrumentation-dependencies.bin because:
[        ]   Build cache is disabled
[   +1 ms]   Caching not enabled.
[        ] Caching disabled for ExternalDependencyInstrumentingArtifactTransform: /root/.gradle/caches/modules-2/files-2.1/com.android.tools.build/apksig/7.3.1/46b1d756b1dd2f41714f24c84b611306d39ec065/apksig-7.3.1.jar because:
[        ]   Build cache is disabled
[        ]   Caching not enabled.
[        ] Caching disabled for ExternalDependencyInstrumentingArtifactTransform: /root/.gradle/caches/modules-2/files-2.1/org.jetbrains.kotlin/kotlin-util-io/1.7.10/fdcfe10a398c931a5770ca45cffdd245112ca949/kotlin-util-io-1.7.10.jar because:
[        ]   Build cache is disabled
[        ]   Caching not enabled.
[        ] Caching disabled for ExternalDependencyInstrumentingArtifactTransform: /root/.gradle/caches/8.14/transforms/4c0cc8ca488664104706b7db40abe97c/transformed/merge/instrumentation-dependencies.bin because:
[        ]   Build cache is disabled
[        ]   Caching not enabled.
[        ] Caching disabled for MergeInstrumentationAnalysisTransform: /root/.gradle/caches/8.14/transforms/f816b4c8c45eac3c5bfb3b7873c710ef/transformed/analysis/instrumentation-dependencies.bin because:
[        ]   Build cache is disabled
[        ]   Caching not enabled.
[        ] Caching disabled for MergeInstrumentationAnalysisTransform: /root/.gradle/caches/8.14/transforms/e01202faef30e7a509f18e5d9e4e79ff/transformed/analysis/instrumentation-hierarchy.bin because:
[        ]   Build cache is disabled
[        ]   Caching not enabled.
[        ] Caching disabled for MergeInstrumentationAnalysisTransform: /root/.gradle/caches/8.14/transforms/2eada3cafc41ccb8b07c5810f4882cef/transformed/analysis/instrumentation-dependencies.bin because:
[        ]   Build cache is disabled
[        ]   Caching not enabled.
[        ] Caching disabled for MergeInstrumentationAnalysisTransform: /root/.gradle/caches/modules-2/files-2.1/org.jetbrains.kotlinx/kotlinx-coroutines-core-jvm/1.5.0/d8cebccdcddd029022aa8646a5a953ff88b13ac8/kotlinx-coroutines-core-jvm-1.5.0.jar because:
[        ]   Build cache is disabled
[        ]   Caching not enabled.
[        ] Caching disabled for MergeInstrumentationAnalysisTransform: /root/.gradle/caches/modules-2/files-2.1/org.jetbrains.kotlin/kotlin-scripting-jvm/1.7.10/c1e3bade3e9795023867dce31404736995037e4f/kotlin-scripting-jvm-1.7.10.jar because:
[        ]   Build cache is disabled
[        ]   Caching not enabled.
[        ] Caching disabled for MergeInstrumentationAnalysisTransform: /root/.gradle/caches/modules-2/files-2.1/org.apiguardian/apiguardian-api/1.1.0/fc9dff4bb36d627bdc553de77e1f17efd790876c/apiguardian-api-1.1.0.jar because:
[        ]   Build cache is disabled
[        ]   Caching not enabled.
[        ] Caching disabled for ExternalDependencyInstrumentingArtifactTransform: /root/.gradle/caches/8.14/transforms/7dc6799b99c31a19668da359ba6591d2/transformed/merge/instrumentation-dependencies.bin because:
[        ]   Build cache is disabled
[        ]   Caching not enabled.
[        ] Caching disabled for MergeInstrumentationAnalysisTransform: /root/.gradle/caches/8.14/transforms/e01202faef30e7a509f18e5d9e4e79ff/transformed/analysis/instrumentation-dependencies.bin because:
[        ]   Build cache is disabled
[        ]   Caching not enabled.
[        ] Caching disabled for ExternalDependencyInstrumentingArtifactTransform: /root/.gradle/caches/8.14/transforms/fcb6c4c409d8a11198b2137430800119/transformed/merge/instrumentation-dependencies.bin because:
[        ]   Build cache is disabled
[        ]   Caching not enabled.
[        ] Caching disabled for ExternalDependencyInstrumentingArtifactTransform: /root/.gradle/caches/8.14/transforms/d6a9425dd966f60aec86abb14d6565c6/transformed/merge/instrumentation-dependencies.bin because:
[        ]   Build cache is disabled
[        ]   Caching not enabled.
[        ] Caching disabled for MergeInstrumentationAnalysisTransform: /root/.gradle/caches/modules-2/files-2.1/org.jetbrains.kotlin/kotlin-scripting-common/1.7.10/bddf009658701ba5fb98e40e7877dcce7d8695ee/kotlin-scripting-common-1.7.10.jar because:
[        ]   Build cache is disabled
[        ]   Caching not enabled.
[        ] Caching disabled for ExternalDependencyInstrumentingArtifactTransform: /root/.gradle/caches/8.14/transforms/4eb3824c9688b0889ad1609627c59a09/transformed/merge/instrumentation-dependencies.bin because:
[        ]   Build cache is disabled
[        ]   Caching not enabled.
[        ] Caching disabled for ExternalDependencyInstrumentingArtifactTransform: /root/.gradle/caches/modules-2/files-2.1/org.apiguardian/apiguardian-api/1.1.0/fc9dff4bb36d627bdc553de77e1f17efd790876c/apiguardian-api-1.1.0.jar because:
[        ]   Build cache is disabled
[        ]   Caching not enabled.
[        ] Caching disabled for MergeInstrumentationAnalysisTransform: /root/.gradle/caches/8.14/transforms/2d952aba5eede5fb4e1f256b2006639a/transformed/analysis/instrumentation-dependencies.bin because:
[        ]   Build cache is disabled
[        ]   Caching not enabled.
[  +86 ms] Caching disabled for ExternalDependencyInstrumentingArtifactTransform: /root/.gradle/caches/modules-2/files-2.1/org.jetbrains.kotlin/kotlin-build-common/1.7.10/ac8d44a03072ec9563d3cdda87929b24920c097f/kotlin-build-common-1.7.10.jar because:
[        ]   Build cache is disabled
[        ]   Caching not enabled.
[        ] Caching disabled for ExternalDependencyInstrumentingArtifactTransform: /root/.gradle/caches/modules-2/files-2.1/org.jetbrains.kotlin/kotlin-scripting-jvm/1.7.10/c1e3bade3e9795023867dce31404736995037e4f/kotlin-scripting-jvm-1.7.10.jar because:
[   +5 ms]   Build cache is disabled
[   +1 ms]   Caching not enabled.
[        ] Caching disabled for MergeInstrumentationAnalysisTransform: /root/.gradle/caches/8.14/transforms/b4e207aa96e8d470c5c1c936134d8f4c/transformed/analysis/instrumentation-dependencies.bin because:
[        ]   Build cache is disabled
[        ]   Caching not enabled.
[        ] Caching disabled for MergeInstrumentationAnalysisTransform: /root/.gradle/caches/modules-2/files-2.1/com.google.guava/failureaccess/1.0.1/1dcf1de382a0bf95a3d8b0849546c88bac1292c9/failureaccess-1.0.1.jar because:
[        ]   Build cache is disabled
[        ]   Caching not enabled.
[        ] Caching disabled for ExternalDependencyInstrumentingArtifactTransform: /root/.gradle/caches/modules-2/files-2.1/org.jetbrains.kotlin/kotlin-reflect/1.5.31/1523fcd842a47da0820cea772b19c51056fec8a9/kotlin-reflect-1.5.31.jar because:
[        ]   Build cache is disabled
[        ]   Caching not enabled.
[        ] Caching disabled for ExternalDependencyInstrumentingArtifactTransform: /root/.gradle/caches/modules-2/files-2.1/org.jetbrains.kotlin/kotlin-stdlib/1.5.31/6628d61d0f5603568e72d2d5915d2c034b4f1c55/kotlin-stdlib-1.5.31.jar because:
[        ]   Build cache is disabled
[        ]   Caching not enabled.
[        ] Caching disabled for MergeInstrumentationAnalysisTransform: /root/.gradle/caches/8.14/transforms/c04565228a40c2a592032fe842819095/transformed/analysis/instrumentation-dependencies.bin because:
[   +1 ms]   Build cache is disabled
[        ]   Caching not enabled.
[        ] Caching disabled for ExternalDependencyInstrumentingArtifactTransform: /root/.gradle/caches/modules-2/files-2.1/org.jetbrains.kotlin/kotlin-scripting-common/1.7.10/bddf009658701ba5fb98e40e7877dcce7d8695ee/kotlin-scripting-common-1.7.10.jar because:
[        ]   Build cache is disabled
[        ]   Caching not enabled.
[        ] Caching disabled for ExternalDependencyInstrumentingArtifactTransform: /root/.gradle/caches/modules-2/files-2.1/org.jetbrains.kotlin/kotlin-daemon-client/1.7.10/f10e62104d02f7f2a25a41675453fc1258155945/kotlin-daemon-client-1.7.10.jar because:
[        ]   Build cache is disabled
[        ]   Caching not enabled.
[        ] Caching disabled for MergeInstrumentationAnalysisTransform: /root/.gradle/caches/8.14/transforms/e9f9892790f994b7f50c4e7e25403e05/transformed/analysis/instrumentation-hierarchy.bin because:
[        ]   Build cache is disabled
[        ]   Caching not enabled.
[        ] Caching disabled for MergeInstrumentationAnalysisTransform: /root/.gradle/caches/modules-2/files-2.1/com.google.guava/listenablefuture/9999.0-empty-to-avoid-conflict-with-guava/b421526c5f297295adef1c886e5246c39d4ac629/listenablefuture-9999.0-empty-to-avoid-conflict-with-guava.jar because:
[        ]   Build cache is disabled
[        ]   Caching not enabled.
[        ] Caching disabled for ExternalDependencyInstrumentingArtifactTransform: /root/.gradle/caches/8.14/transforms/a091d0a830124f88a5886b6e37dd5303/transformed/merge/instrumentation-dependencies.bin because:
[        ]   Build cache is disabled
[        ]   Caching not enabled.
[        ] Caching disabled for MergeInstrumentationAnalysisTransform: /root/.gradle/caches/8.14/transforms/e9f9892790f994b7f50c4e7e25403e05/transformed/analysis/instrumentation-dependencies.bin because:
[        ]   Build cache is disabled
[        ]   Caching not enabled.
[        ] Caching disabled for MergeInstrumentationAnalysisTransform: /root/.gradle/caches/8.14/transforms/8e362c5f3c362fbc630f6643bca41639/transformed/analysis/instrumentation-hierarchy.bin because:
[        ]   Build cache is disabled
[        ]   Caching not enabled.
[        ] Caching disabled for MergeInstrumentationAnalysisTransform: /root/.gradle/caches/8.14/transforms/f968dd881b02e8ff152d42879299559b/transformed/analysis/instrumentation-dependencies.bin because:
[        ]   Build cache is disabled
[        ]   Caching not enabled.
[        ] Caching disabled for MergeInstrumentationAnalysisTransform: /root/.gradle/caches/8.14/transforms/273d14597717fb8154d318e68da14f06/transformed/analysis/instrumentation-hierarchy.bin because:
[        ]   Build cache is disabled
[        ]   Caching not enabled.
[        ] Caching disabled for MergeInstrumentationAnalysisTransform: /root/.gradle/caches/modules-2/files-2.1/com.google.j2objc/j2objc-annotations/1.3/ba035118bc8bac37d7eff77700720999acd9986d/j2objc-annotations-1.3.jar because:
[        ]   Build cache is disabled
[        ]   Caching not enabled.
[        ] Caching disabled for MergeInstrumentationAnalysisTransform: /root/.gradle/caches/8.14/transforms/8e362c5f3c362fbc630f6643bca41639/transformed/analysis/instrumentation-dependencies.bin because:
[        ]   Build cache is disabled
[        ]   Caching not enabled.
[        ] Caching disabled for MergeInstrumentationAnalysisTransform: /root/.gradle/caches/8.14/transforms/8247bd14f4f09b024016023767c653bd/transformed/analysis/instrumentation-hierarchy.bin because:
[        ]   Build cache is disabled
[        ]   Caching not enabled.
[        ] Caching disabled for MergeInstrumentationAnalysisTransform: /root/.gradle/caches/modules-2/files-2.1/org.jetbrains.kotlin/kotlin-stdlib-common/1.5.31/43331609c7de811fed085e0dfd150874b157c32/kotlin-stdlib-common-1.5.31.jar because:
[        ]   Build cache is disabled
[        ]   Caching not enabled.
[        ] Caching disabled for MergeInstrumentationAnalysisTransform: /root/.gradle/caches/modules-2/files-2.1/xml-apis/xml-apis/1.4.01/3789d9fada2d3d458c4ba2de349d48780f381ee3/xml-apis-1.4.01.jar because:
[        ]   Build cache is disabled
[        ]   Caching not enabled.
[        ] Caching disabled for MergeInstrumentationAnalysisTransform: /root/.gradle/caches/8.14/transforms/273d14597717fb8154d318e68da14f06/transformed/analysis/instrumentation-dependencies.bin because:
[        ]   Build cache is disabled
[        ]   Caching not enabled.
[        ] Caching disabled for MergeInstrumentationAnalysisTransform: /root/.gradle/caches/8.14/transforms/8247bd14f4f09b024016023767c653bd/transformed/analysis/instrumentation-dependencies.bin because:
[        ]   Build cache is disabled
[        ]   Caching not enabled.
[        ] Caching disabled for ExternalDependencyInstrumentingArtifactTransform: /root/.gradle/caches/modules-2/files-2.1/com.google.guava/failureaccess/1.0.1/1dcf1de382a0bf95a3d8b0849546c88bac1292c9/failureaccess-1.0.1.jar because:
[        ]   Build cache is disabled
[        ]   Caching not enabled.
[        ] Caching disabled for ExternalDependencyInstrumentingArtifactTransform: /root/.gradle/caches/8.14/transforms/691e2d4f13e16d60c0ae1c83294bc4d1/transformed/merge/instrumentation-dependencies.bin because:
[        ]   Build cache is disabled
[        ]   Caching not enabled.
[        ] Caching disabled for ExternalDependencyInstrumentingArtifactTransform: /root/.gradle/caches/8.14/transforms/8092f71ae7f88305bf84268d5ba0988a/transformed/merge/instrumentation-dependencies.bin because:
[        ]   Build cache is disabled
[        ]   Caching not enabled.
[        ] Caching disabled for MergeInstrumentationAnalysisTransform: /root/.gradle/caches/8.14/transforms/0849d1bacc1e746f6f8f1a455b92974d/transformed/analysis/instrumentation-hierarchy.bin because:
[        ]   Build cache is disabled
[        ]   Caching not enabled.
[        ] Caching disabled for ExternalDependencyInstrumentingArtifactTransform: /root/.gradle/caches/8.14/transforms/9923821af669d6adb2b35e964e1c5fc7/transformed/merge/instrumentation-dependencies.bin because:
[        ]   Build cache is disabled
[        ]   Caching not enabled.
[        ] Caching disabled for ExternalDependencyInstrumentingArtifactTransform: /root/.gradle/caches/modules-2/files-2.1/org.jetbrains.kotlin/kotlin-daemon-embeddable/1.7.10/3a9f7aef7080d3ae63126cbba4f827ed664f32fa/kotlin-daemon-embeddable-1.7.10.jar because:
[        ]   Build cache is disabled
[        ]   Caching not enabled.
[        ] Caching disabled for MergeInstrumentationAnalysisTransform: /root/.gradle/caches/modules-2/files-2.1/io.netty/netty-codec-http/4.1.52.Final/e0d75d03edf6e4d0682c85e8b26762bcde34697d/netty-codec-http-4.1.52.Final.jar because:
[        ]   Build cache is disabled
[        ]   Caching not enabled.
[        ] Caching disabled for MergeInstrumentationAnalysisTransform: /root/.gradle/caches/modules-2/files-2.1/commons-logging/commons-logging/1.2/4bfc12adfe4842bf07b657f0369c4cb522955686/commons-logging-1.2.jar because:
[        ]   Build cache is disabled
[        ]   Caching not enabled.
[        ] Caching disabled for MergeInstrumentationAnalysisTransform: /root/.gradle/caches/modules-2/files-2.1/io.grpc/grpc-context/1.39.0/637f453f3654aa29bf085ae7ddc86f9f80c937dd/grpc-context-1.39.0.jar because:
[        ]   Build cache is disabled
[        ]   Caching not enabled.
[        ] Caching disabled for MergeInstrumentationAnalysisTransform: /root/.gradle/caches/8.14/transforms/0849d1bacc1e746f6f8f1a455b92974d/transformed/analysis/instrumentation-dependencies.bin because:
[        ]   Build cache is disabled
[        ]   Caching not enabled.
[        ] Caching disabled for ExternalDependencyInstrumentingArtifactTransform: /root/.gradle/caches/8.14/transforms/d0f3aceed82e14fecd7f7492bcf86d68/transformed/merge/instrumentation-dependencies.bin because:
[        ]   Build cache is disabled
[        ]   Caching not enabled.
[        ] Caching disabled for MergeInstrumentationAnalysisTransform: /root/.gradle/caches/8.14/transforms/316bb239f4bd46b3c00970587e80b2dd/transformed/analysis/instrumentation-hierarchy.bin because:
[        ]   Build cache is disabled
[        ]   Caching not enabled.
[        ] Caching disabled for ExternalDependencyInstrumentingArtifactTransform: /root/.gradle/caches/8.14/transforms/255156fc8d568dd0e0abad98afe35823/transformed/merge/instrumentation-dependencies.bin because:
[        ]   Build cache is disabled
[        ]   Caching not enabled.
[        ] Caching disabled for MergeInstrumentationAnalysisTransform: /root/.gradle/caches/8.14/transforms/3b6712b1481a7984edc6fd9e26bf5fff/transformed/analysis/instrumentation-hierarchy.bin because:
[        ]   Build cache is disabled
[        ]   Caching not enabled.
[        ] Caching disabled for MergeInstrumentationAnalysisTransform: /root/.gradle/caches/8.14/transforms/316bb239f4bd46b3c00970587e80b2dd/transformed/analysis/instrumentation-dependencies.bin because:
[        ]   Build cache is disabled
[        ]   Caching not enabled.
[        ] Caching disabled for MergeInstrumentationAnalysisTransform: /root/.gradle/caches/modules-2/files-2.1/io.netty/netty-handler/4.1.52.Final/eb7d4fa554f4fdc8dacb80dce7e3f806fd1dc2db/netty-handler-4.1.52.Final.jar because:
[        ]   Build cache is disabled
[        ]   Caching not enabled.
[        ] Caching disabled for ExternalDependencyInstrumentingArtifactTransform: /root/.gradle/caches/modules-2/files-2.1/com.google.j2objc/j2objc-annotations/1.3/ba035118bc8bac37d7eff77700720999acd9986d/j2objc-annotations-1.3.jar because:
[        ]   Build cache is disabled
[        ]   Caching not enabled.
[        ] Caching disabled for ExternalDependencyInstrumentingArtifactTransform: /root/.gradle/caches/modules-2/files-2.1/org.jetbrains.kotlin/kotlin-stdlib-common/1.5.31/43331609c7de811fed085e0dfd150874b157c32/kotlin-stdlib-common-1.5.31.jar because:
[        ]   Build cache is disabled
[        ]   Caching not enabled.
[        ] Caching disabled for ExternalDependencyInstrumentingArtifactTransform: /root/.gradle/caches/8.14/transforms/b67972aadf37a4be3cee362b3d5a79d1/transformed/merge/instrumentation-dependencies.bin because:
[        ]   Build cache is disabled
[        ]   Caching not enabled.
[        ] Caching disabled for MergeInstrumentationAnalysisTransform: /root/.gradle/caches/8.14/transforms/3b6712b1481a7984edc6fd9e26bf5fff/transformed/analysis/instrumentation-dependencies.bin because:
[        ]   Build cache is disabled
[        ]   Caching not enabled.
[        ] Caching disabled for MergeInstrumentationAnalysisTransform: /root/.gradle/caches/modules-2/files-2.1/io.netty/netty-codec-socks/4.1.52.Final/93170f664ae83ec70c35752b91cb733f9b80bf90/netty-codec-socks-4.1.52.Final.jar because:
[        ]   Build cache is disabled
[        ]   Caching not enabled.
[        ] Caching disabled for MergeInstrumentationAnalysisTransform: /root/.gradle/caches/8.14/transforms/61b6133d8da21ffe0c945d082d22ab4d/transformed/analysis/instrumentation-hierarchy.bin because:
[        ]   Build cache is disabled
[        ]   Caching not enabled.
[        ] Caching disabled for MergeInstrumentationAnalysisTransform: /root/.gradle/caches/8.14/transforms/a55ed78867e24f86e006996e216e6235/transformed/analysis/instrumentation-hierarchy.bin because:
[        ]   Build cache is disabled
[        ]   Caching not enabled.
[        ] Caching disabled for ExternalDependencyInstrumentingArtifactTransform: /root/.gradle/caches/modules-2/files-2.1/xml-apis/xml-apis/1.4.01/3789d9fada2d3d458c4ba2de349d48780f381ee3/xml-apis-1.4.01.jar because:
[        ]   Build cache is disabled
[        ]   Caching not enabled.
[        ] Caching disabled for ExternalDependencyInstrumentingArtifactTransform: /root/.gradle/caches/modules-2/files-2.1/io.grpc/grpc-context/1.39.0/637f453f3654aa29bf085ae7ddc86f9f80c937dd/grpc-context-1.39.0.jar because:
[        ]   Build cache is disabled
[        ]   Caching not enabled.
[        ] Caching disabled for MergeInstrumentationAnalysisTransform: /root/.gradle/caches/modules-2/files-2.1/io.netty/netty-codec/4.1.52.Final/d98ad5bb86707c3c1a7105a346119dac332bdf23/netty-codec-4.1.52.Final.jar because:
[        ]   Build cache is disabled
[        ]   Caching not enabled.
[        ] Caching disabled for MergeInstrumentationAnalysisTransform: /root/.gradle/caches/8.14/transforms/61b6133d8da21ffe0c945d082d22ab4d/transformed/analysis/instrumentation-dependencies.bin because:
[        ]   Build cache is disabled
[        ]   Caching not enabled.
[        ] Caching disabled for ExternalDependencyInstrumentingArtifactTransform: /root/.gradle/caches/8.14/transforms/6343b68884f6ee4264a89f4cbd5cc656/transformed/merge/instrumentation-dependencies.bin because:
[        ]   Build cache is disabled
[        ]   Caching not enabled.
[        ] Caching disabled for MergeInstrumentationAnalysisTransform: /root/.gradle/caches/8.14/transforms/a55ed78867e24f86e006996e216e6235/transformed/analysis/instrumentation-dependencies.bin because:
[        ]   Build cache is disabled
[        ]   Caching not enabled.
[  +70 ms] Caching disabled for ExternalDependencyInstrumentingArtifactTransform: /root/.gradle/caches/modules-2/files-2.1/org.jetbrains.kotlinx/kotlinx-coroutines-core-jvm/1.5.0/d8cebccdcddd029022aa8646a5a953ff88b13ac8/kotlinx-coroutines-core-jvm-1.5.0.jar because:
[        ]   Build cache is disabled
[        ]   Caching not enabled.
[        ] Caching disabled for ExternalDependencyInstrumentingArtifactTransform: /root/.gradle/caches/8.14/transforms/32e9a974505a32ff2d493acd1c8899af/transformed/merge/instrumentation-dependencies.bin because:
[        ]   Build cache is disabled
[        ]   Caching not enabled.
[        ] Caching disabled for MergeInstrumentationAnalysisTransform: /root/.gradle/caches/8.14/transforms/47d61a12ad0dba628e07969b32cc6253/transformed/analysis/instrumentation-hierarchy.bin because:
[        ]   Build cache is disabled
[        ]   Caching not enabled.
[        ] Caching disabled for MergeInstrumentationAnalysisTransform: /root/.gradle/caches/modules-2/files-2.1/io.netty/netty-transport/4.1.52.Final/970ee3790f504452bd32692f6b208a590c51f0ee/netty-transport-4.1.52.Final.jar because:
[        ]   Build cache is disabled
[        ]   Caching not enabled.
[        ] Caching disabled for MergeInstrumentationAnalysisTransform: /root/.gradle/caches/8.14/transforms/3196ca1e70a5513e5bbf41693917c3fc/transformed/analysis/instrumentation-hierarchy.bin because:
[        ]   Build cache is disabled
[        ]   Caching not enabled.
[        ] Caching disabled for MergeInstrumentationAnalysisTransform: /root/.gradle/caches/modules-2/files-2.1/io.netty/netty-buffer/4.1.52.Final/fdf681985f50d84fac625df52f34b6d6cb699bda/netty-buffer-4.1.52.Final.jar because:
[        ]   Build cache is disabled
[        ]   Caching not enabled.
[        ] Caching disabled for MergeInstrumentationAnalysisTransform: /root/.gradle/caches/8.14/transforms/47d61a12ad0dba628e07969b32cc6253/transformed/analysis/instrumentation-dependencies.bin because:
[        ]   Build cache is disabled
[        ]   Caching not enabled.
[        ] Caching disabled for MergeInstrumentationAnalysisTransform: /root/.gradle/caches/8.14/transforms/3196ca1e70a5513e5bbf41693917c3fc/transformed/analysis/instrumentation-dependencies.bin because:
[        ]   Build cache is disabled
[        ]   Caching not enabled.
[        ] Caching disabled for ExternalDependencyInstrumentingArtifactTransform: /root/.gradle/caches/8.14/transforms/dd8d717ddcbadd5a429ccdb8af4fd0a9/transformed/merge/instrumentation-dependencies.bin because:
[        ]   Build cache is disabled
[        ]   Caching not enabled.
[        ] Caching disabled for ExternalDependencyInstrumentingArtifactTransform: /root/.gradle/caches/8.14/transforms/bf8cebc5d6301fd6bd119ff08c2203eb/transformed/merge/instrumentation-dependencies.bin because:
[        ]   Build cache is disabled
[        ]   Caching not enabled.
[        ] Caching disabled for ExternalDependencyInstrumentingArtifactTransform: /root/.gradle/caches/modules-2/files-2.1/io.netty/netty-codec-http/4.1.52.Final/e0d75d03edf6e4d0682c85e8b26762bcde34697d/netty-codec-http-4.1.52.Final.jar because:
[        ]   Build cache is disabled
[        ]   Caching not enabled.
[        ] Caching disabled for MergeInstrumentationAnalysisTransform: /root/.gradle/caches/modules-2/files-2.1/io.netty/netty-resolver/4.1.52.Final/1fd5a58ff5df4dc9bb3027a6fbf114767d9278d5/netty-resolver-4.1.52.Final.jar because:
[        ]   Build cache is disabled
[        ]   Caching not enabled.
[        ] Caching disabled for MergeInstrumentationAnalysisTransform: /root/.gradle/caches/modules-2/files-2.1/io.netty/netty-common/4.1.52.Final/715bfadb9f3bf86da38fa12b97b4aaa9828b4789/netty-common-4.1.52.Final.jar because:
[        ]   Build cache is disabled
[        ]   Caching not enabled.
[        ] Caching disabled for ExternalDependencyInstrumentingArtifactTransform: /root/.gradle/caches/8.14/transforms/71ecd50f403b2a89a62c1b19c5e58c06/transformed/merge/instrumentation-dependencies.bin because:
[        ]   Build cache is disabled
[        ]   Caching not enabled.
[        ] Caching disabled for ExternalDependencyInstrumentingArtifactTransform: /root/.gradle/caches/modules-2/files-2.1/io.netty/netty-codec-socks/4.1.52.Final/93170f664ae83ec70c35752b91cb733f9b80bf90/netty-codec-socks-4.1.52.Final.jar because:
[        ]   Build cache is disabled
[        ]   Caching not enabled.
[        ] Caching disabled for ExternalDependencyInstrumentingArtifactTransform: /root/.gradle/caches/8.14/transforms/d1020cfe4777ef37b346f8d889b94df9/transformed/merge/instrumentation-dependencies.bin because:
[        ]   Build cache is disabled
[        ]   Caching not enabled.
[        ] Caching disabled for ExternalDependencyInstrumentingArtifactTransform: /root/.gradle/caches/modules-2/files-2.1/io.netty/netty-codec/4.1.52.Final/d98ad5bb86707c3c1a7105a346119dac332bdf23/netty-codec-4.1.52.Final.jar because:
[        ]   Build cache is disabled
[        ]   Caching not enabled.
[        ] Caching disabled for ExternalDependencyInstrumentingArtifactTransform: /root/.gradle/caches/modules-2/files-2.1/io.netty/netty-resolver/4.1.52.Final/1fd5a58ff5df4dc9bb3027a6fbf114767d9278d5/netty-resolver-4.1.52.Final.jar because:
[        ]   Build cache is disabled
[        ]   Caching not enabled.
[        ] Caching disabled for ExternalDependencyInstrumentingArtifactTransform: /root/.gradle/caches/modules-2/files-2.1/io.netty/netty-handler/4.1.52.Final/eb7d4fa554f4fdc8dacb80dce7e3f806fd1dc2db/netty-handler-4.1.52.Final.jar because:
[        ]   Build cache is disabled
[        ]   Caching not enabled.
[        ] Caching disabled for ExternalDependencyInstrumentingArtifactTransform: /root/.gradle/caches/modules-2/files-2.1/io.netty/netty-transport/4.1.52.Final/970ee3790f504452bd32692f6b208a590c51f0ee/netty-transport-4.1.52.Final.jar because:
[        ]   Build cache is disabled
[        ]   Caching not enabled.
[        ] Caching disabled for ExternalDependencyInstrumentingArtifactTransform: /root/.gradle/caches/modules-2/files-2.1/io.netty/netty-buffer/4.1.52.Final/fdf681985f50d84fac625df52f34b6d6cb699bda/netty-buffer-4.1.52.Final.jar because:
[        ]   Build cache is disabled
[        ]   Caching not enabled.
[        ] Caching disabled for ExternalDependencyInstrumentingArtifactTransform: /root/.gradle/caches/modules-2/files-2.1/org.bouncycastle/bcprov-jdk15on/1.67/8c0998045da87dbc2f1d4b6480458ed811ca7b82/bcprov-jdk15on-1.67.jar because:
[        ]   Build cache is disabled
[        ]   Caching not enabled.
[  +97 ms] Caching disabled for ExternalDependencyInstrumentingArtifactTransform: /root/.gradle/caches/modules-2/files-2.1/io.netty/netty-common/4.1.52.Final/715bfadb9f3bf86da38fa12b97b4aaa9828b4789/netty-common-4.1.52.Final.jar because:
[        ]   Build cache is disabled
[        ]   Caching not enabled.
[ +999 ms] Caching disabled for ExternalDependencyInstrumentingArtifactTransform: /root/.gradle/caches/modules-2/files-2.1/it.unimi.dsi/fastutil/8.4.0/60fbeaa50799581f6244fcff1cebba0353ec0141/fastutil-8.4.0.jar because:
[        ]   Build cache is disabled
[        ]   Caching not enabled.
[+1599 ms] Caching disabled for ExternalDependencyInstrumentingArtifactTransform: /root/.gradle/caches/modules-2/files-2.1/org.jetbrains.kotlin/kotlin-compiler-embeddable/1.7.10/909803167c98606fcf22b4c848647c68e351d48d/kotlin-compiler-embeddable-1.7.10.jar because:
[        ]   Build cache is disabled
[        ]   Caching not enabled.
[+2399 ms] Caching disabled for Groovy DSL script compilation (proj) because:
[        ]   Build cache is disabled
[        ]   Not worth caching.
[        ] Compiling build file '/root/.pub-cache/hosted/pub.dev/audioplayers_android-4.0.3/android/build.gradle' using BuildScriptTransformer.
[ +300 ms] Using default execution profile
[  +99 ms] Using Kotlin Gradle Plugin gradle813 variant
[+2300 ms] > Configure project :connectivity_plus
[        ] Evaluating project ':connectivity_plus' using build file '/root/.pub-cache/hosted/pub.dev/connectivity_plus-7.0.0/android/build.gradle'.
[        ] Caching disabled for Groovy DSL script compilation (cp_proj) because:
[        ]   Build cache is disabled
[        ]   Not worth caching.
[        ] Compiling build file '/root/.pub-cache/hosted/pub.dev/connectivity_plus-7.0.0/android/build.gradle' using SubsetScriptTransformer.
[        ] Downloading https://dl.google.com/dl/android/maven2/com/android/tools/build/gradle/8.12.1/gradle-8.12.1.pom to /root/.gradle/.tmp/gradle_download3590389317410338068bin
[        ] Downloading https://dl.google.com/dl/android/maven2/com/android/tools/build/gradle/8.12.1/gradle-8.12.1.module to /root/.gradle/.tmp/gradle_download14829943357874155272bin
[        ] Downloading https://dl.google.com/dl/android/maven2/com/android/tools/build/gradle-settings-api/8.12.1/gradle-settings-api-8.12.1.pom to /root/.gradle/.tmp/gradle_download4694584966427331614bin
[        ] Downloading https://dl.google.com/dl/android/maven2/com/android/tools/repository/31.12.1/repository-31.12.1.pom to /root/.gradle/.tmp/gradle_download2146160015869854678bin
[        ] Downloading https://dl.google.com/dl/android/maven2/com/android/tools/sdk-common/31.12.1/sdk-common-31.12.1.pom to /root/.gradle/.tmp/gradle_download8192794474449708705bin
[        ] Downloading https://dl.google.com/dl/android/maven2/com/android/tools/ddms/ddmlib/31.12.1/ddmlib-31.12.1.pom to /root/.gradle/.tmp/gradle_download9340190302593066039bin
[        ] Downloading https://dl.google.com/dl/android/maven2/com/android/tools/sdklib/31.12.1/sdklib-31.12.1.pom to /root/.gradle/.tmp/gradle_download14348529716945362018bin
[        ] Downloading https://dl.google.com/dl/android/maven2/com/android/tools/build/aapt2-proto/8.12.1-13700139/aapt2-proto-8.12.1-13700139.pom to /root/.gradle/.tmp/gradle_download429354698552498293bin
[        ] Downloading https://dl.google.com/dl/android/maven2/com/android/tools/build/aaptcompiler/8.12.1/aaptcompiler-8.12.1.pom to /root/.gradle/.tmp/gradle_download16243314175374109007bin
[        ] Downloading https://dl.google.com/dl/android/maven2/androidx/databinding/databinding-compiler-common/8.12.1/databinding-compiler-common-8.12.1.pom to /root/.gradle/.tmp/gradle_download14285638718678657301bin
[        ] Downloading https://dl.google.com/dl/android/maven2/com/android/tools/lint/lint-typedef-remover/31.12.1/lint-typedef-remover-31.12.1.pom to /root/.gradle/.tmp/gradle_download1963155364638975857bin
[        ] Downloading https://dl.google.com/dl/android/maven2/com/android/tools/analytics-library/crash/31.12.1/crash-31.12.1.pom to /root/.gradle/.tmp/gradle_download2133024367305645848bin
[        ] Downloading https://dl.google.com/dl/android/maven2/com/android/tools/lint/lint-model/31.12.1/lint-model-31.12.1.pom to /root/.gradle/.tmp/gradle_download15897785437748490047bin
[        ] Downloading https://dl.google.com/dl/android/maven2/com/android/tools/analytics-library/shared/31.12.1/shared-31.12.1.pom to /root/.gradle/.tmp/gradle_download13539141554587378631bin
[        ] Downloading https://dl.google.com/dl/android/maven2/com/android/tools/build/gradle-settings-api/8.12.1/gradle-settings-api-8.12.1.module to /root/.gradle/.tmp/gradle_download13409579649154650874bin
[        ] Downloading https://dl.google.com/dl/android/maven2/com/android/databinding/baseLibrary/8.12.1/baseLibrary-8.12.1.pom to /root/.gradle/.tmp/gradle_download14380705630380651750bin
[        ] Downloading https://dl.google.com/dl/android/maven2/com/android/tools/utp/android-device-provider-profile-proto/31.12.1/android-device-provider-profile-proto-31.12.1.pom to /root/.gradle/.tmp/gradle_download5766231697518709051bin
[        ] Downloading https://dl.google.com/dl/android/maven2/com/android/tools/utp/android-test-plugin-host-coverage-proto/31.12.1/android-test-plugin-host-coverage-proto-31.12.1.pom to /root/.gradle/.tmp/gradle_download2422481455098468783bin
[        ] Downloading https://dl.google.com/dl/android/maven2/com/android/tools/utp/android-test-plugin-host-additional-test-output-proto/31.12.1/android-test-plugin-host-additional-test-output-proto-31.12.1.pom to /root/.gradle/.tmp/gradle_download12166889300643384211bin
[        ] Downloading https://dl.google.com/dl/android/maven2/com/android/tools/build/builder-test-api/8.12.1/builder-test-api-8.12.1.pom to /root/.gradle/.tmp/gradle_download5540322502696738956bin
[        ] Downloading https://dl.google.com/dl/android/maven2/com/android/tools/build/aaptcompiler/8.12.1/aaptcompiler-8.12.1.module to /root/.gradle/.tmp/gradle_download4309188952797658550bin
[        ] Downloading https://dl.google.com/dl/android/maven2/com/android/tools/utp/android-device-provider-gradle-proto/31.12.1/android-device-provider-gradle-proto-31.12.1.pom to /root/.gradle/.tmp/gradle_download13948344327396914445bin
[        ] Downloading https://dl.google.com/dl/android/maven2/com/android/tools/layoutlib/layoutlib-api/31.12.1/layoutlib-api-31.12.1.pom to /root/.gradle/.tmp/gradle_download9949711086100177878bin
[        ] Downloading https://dl.google.com/dl/android/maven2/com/android/tools/utp/android-test-plugin-host-emulator-control-proto/31.12.1/android-test-plugin-host-emulator-control-proto-31.12.1.pom to /root/.gradle/.tmp/gradle_download1537305583368881625bin
[        ] Downloading https://dl.google.com/dl/android/maven2/com/android/tools/utp/android-device-provider-ddmlib-proto/31.12.1/android-device-provider-ddmlib-proto-31.12.1.pom to /root/.gradle/.tmp/gradle_download13781662859585302133bin
[        ] Downloading https://dl.google.com/dl/android/maven2/androidx/databinding/databinding-common/8.12.1/databinding-common-8.12.1.pom to /root/.gradle/.tmp/gradle_download16349379691643324573bin
[  +98 ms] Downloading https://dl.google.com/dl/android/maven2/com/android/tools/build/aapt2-proto/8.12.1-13700139/aapt2-proto-8.12.1-13700139.module to /root/.gradle/.tmp/gradle_download17230399253185162685bin
[ +100 ms] Downloading https://dl.google.com/dl/android/maven2/com/android/tools/build/builder-test-api/8.12.1/builder-test-api-8.12.1.module to /root/.gradle/.tmp/gradle_download15358115720673005481bin
[        ] Resource missing. [HTTP GET: https://dl.google.com/dl/android/maven2/org/jetbrains/kotlin/kotlin-stdlib/2.1.20/kotlin-stdlib-2.1.20.pom]
[        ] Downloading https://dl.google.com/dl/android/maven2/com/android/tools/build/builder/8.12.1/builder-8.12.1.pom to /root/.gradle/.tmp/gradle_download1614835489838878152bin
[        ] Downloading https://dl.google.com/dl/android/maven2/com/android/tools/utp/android-test-plugin-result-listener-gradle-proto/31.12.1/android-test-plugin-result-listener-gradle-proto-31.12.1.pom to /root/.gradle/.tmp/gradle_download12953431640762789641bin
[        ] Downloading https://repo.maven.apache.org/maven2/org/jetbrains/kotlin/kotlin-stdlib/2.1.20/kotlin-stdlib-2.1.20.pom to /root/.gradle/.tmp/gradle_download9428244430239930303bin
[        ] Downloading https://dl.google.com/dl/android/maven2/com/android/tools/utp/android-test-plugin-host-apk-installer-proto/31.12.1/android-test-plugin-host-apk-installer-proto-31.12.1.pom to /root/.gradle/.tmp/gradle_download9037512467241707256bin
[        ] Downloading https://repo.maven.apache.org/maven2/org/jetbrains/kotlin/kotlin-stdlib/2.1.20/kotlin-stdlib-2.1.20.module to /root/.gradle/.tmp/gradle_download2625408593116143105bin
[        ] Downloading https://dl.google.com/dl/android/maven2/com/android/tools/utp/android-test-plugin-host-logcat-proto/31.12.1/android-test-plugin-host-logcat-proto-31.12.1.pom to /root/.gradle/.tmp/gradle_download9382837994479853741bin
[  +99 ms] Downloading https://dl.google.com/dl/android/maven2/com/android/tools/build/gradle-api/8.12.1/gradle-api-8.12.1.pom to /root/.gradle/.tmp/gradle_download10521095280770134615bin
[ +199 ms] Downloading https://dl.google.com/dl/android/maven2/com/android/tools/build/builder-model/8.12.1/builder-model-8.12.1.pom to /root/.gradle/.tmp/gradle_download5380918814226262990bin
[ +299 ms] Downloading https://dl.google.com/dl/android/maven2/com/android/tools/build/gradle-api/8.12.1/gradle-api-8.12.1.module to /root/.gradle/.tmp/gradle_download15818513967198981341bin
[        ] Downloading https://dl.google.com/dl/android/maven2/com/android/tools/build/builder/8.12.1/builder-8.12.1.module to /root/.gradle/.tmp/gradle_download8314958690850098059bin
[        ] Downloading https://dl.google.com/dl/android/maven2/com/android/tools/build/builder-model/8.12.1/builder-model-8.12.1.module to /root/.gradle/.tmp/gradle_download9024769764226516499bin
[ +200 ms] Downloading https://dl.google.com/dl/android/maven2/com/android/tools/common/31.12.1/common-31.12.1.pom to /root/.gradle/.tmp/gradle_download3828187993315748157bin
[ +299 ms] Resource missing. [HTTP GET: https://dl.google.com/dl/android/maven2/org/jetbrains/kotlin/kotlin-reflect/2.1.20/kotlin-reflect-2.1.20.pom]
[        ] Downloading https://repo.maven.apache.org/maven2/org/jetbrains/kotlin/kotlin-reflect/2.1.20/kotlin-reflect-2.1.20.pom to /root/.gradle/.tmp/gradle_download5648329251311424677bin
[ +399 ms] Downloading https://dl.google.com/dl/android/maven2/com/android/tools/dvlib/31.12.1/dvlib-31.12.1.pom to /root/.gradle/.tmp/gradle_download2237117485274481174bin
[ +400 ms] Resource missing. [HTTP GET: https://dl.google.com/dl/android/maven2/org/jetbrains/kotlinx/kotlinx-coroutines-core/1.9.0/kotlinx-coroutines-core-1.9.0.pom]
[        ] Downloading https://repo.maven.apache.org/maven2/org/jetbrains/kotlinx/kotlinx-coroutines-core/1.9.0/kotlinx-coroutines-core-1.9.0.pom to /root/.gradle/.tmp/gradle_download9562450896930039125bin
[ +299 ms] Resource missing. [HTTP GET: https://dl.google.com/dl/android/maven2/org/jetbrains/kotlinx/kotlinx-coroutines-bom/1.9.0/kotlinx-coroutines-bom-1.9.0.pom]
[  +99 ms] Downloading https://repo.maven.apache.org/maven2/org/jetbrains/kotlinx/kotlinx-coroutines-bom/1.9.0/kotlinx-coroutines-bom-1.9.0.pom to /root/.gradle/.tmp/gradle_download17616831093216608422bin
[        ] Downloading https://repo.maven.apache.org/maven2/org/jetbrains/kotlinx/kotlinx-coroutines-core/1.9.0/kotlinx-coroutines-core-1.9.0.module to /root/.gradle/.tmp/gradle_download1811368395600581649bin
[ +399 ms] Resource missing. [HTTP GET: https://dl.google.com/dl/android/maven2/org/jetbrains/annotations/23.0.0/annotations-23.0.0.pom]
[ +100 ms] Downloading https://repo.maven.apache.org/maven2/org/jetbrains/annotations/23.0.0/annotations-23.0.0.pom to /root/.gradle/.tmp/gradle_download13538191811490004129bin
[ +200 ms] Downloading https://dl.google.com/dl/android/maven2/com/android/tools/annotations/31.12.1/annotations-31.12.1.pom to /root/.gradle/.tmp/gradle_download14555986362741578116bin
[ +600 ms] Downloading https://dl.google.com/dl/android/maven2/com/android/tools/analytics-library/protos/31.12.1/protos-31.12.1.pom to /root/.gradle/.tmp/gradle_download15912538536255890146bin
[ +199 ms] Downloading https://dl.google.com/dl/android/maven2/com/android/tools/build/manifest-merger/31.12.1/manifest-merger-31.12.1.pom to /root/.gradle/.tmp/gradle_download982982929724221876bin
[        ] Downloading https://dl.google.com/dl/android/maven2/com/android/tools/analytics-library/tracker/31.12.1/tracker-31.12.1.pom to /root/.gradle/.tmp/gradle_download9521320869137364825bin
[        ] Downloading https://dl.google.com/dl/android/maven2/com/android/tools/build/apksig/8.12.1/apksig-8.12.1.pom to /root/.gradle/.tmp/gradle_download52898625382075643bin
[        ] Downloading https://dl.google.com/dl/android/maven2/com/android/signflinger/8.12.1/signflinger-8.12.1.pom to /root/.gradle/.tmp/gradle_download6498932102123719618bin
[        ] Downloading https://dl.google.com/dl/android/maven2/com/android/zipflinger/8.12.1/zipflinger-8.12.1.pom to /root/.gradle/.tmp/gradle_download15353029391326949476bin
[        ] Downloading https://dl.google.com/dl/android/maven2/com/android/tools/build/apkzlib/8.12.1/apkzlib-8.12.1.pom to /root/.gradle/.tmp/gradle_download1980795517693738655bin
[ +599 ms] Downloading https://dl.google.com/dl/android/maven2/com/android/tools/build/manifest-merger/31.12.1/manifest-merger-31.12.1.module to /root/.gradle/.tmp/gradle_download2761819631597589557bin
[  +99 ms] Resource missing. [HTTP GET: https://dl.google.com/dl/android/maven2/org/jetbrains/kotlinx/kotlinx-coroutines-core-jvm/1.9.0/kotlinx-coroutines-core-jvm-1.9.0.pom]
[ +100 ms] Downloading https://repo.maven.apache.org/maven2/org/jetbrains/kotlinx/kotlinx-coroutines-core-jvm/1.9.0/kotlinx-coroutines-core-jvm-1.9.0.pom to /root/.gradle/.tmp/gradle_download7980969108885086070bin
[        ] Downloading https://repo.maven.apache.org/maven2/org/jetbrains/kotlinx/kotlinx-coroutines-core-jvm/1.9.0/kotlinx-coroutines-core-jvm-1.9.0.module to /root/.gradle/.tmp/gradle_download7681592743248804754bin
[  +99 ms] Downloading https://dl.google.com/dl/android/maven2/com/android/tools/build/builder-test-api/8.12.1/builder-test-api-8.12.1.jar to /root/.gradle/.tmp/gradle_download6486369290268567307bin
[        ] Downloading https://dl.google.com/dl/android/maven2/com/android/tools/build/gradle-settings-api/8.12.1/gradle-settings-api-8.12.1.jar to /root/.gradle/.tmp/gradle_download15861307325182846556bin
[        ] Downloading https://dl.google.com/dl/android/maven2/com/android/tools/sdk-common/31.12.1/sdk-common-31.12.1.jar to /root/.gradle/.tmp/gradle_download8701312739285300640bin
[        ] Downloading https://dl.google.com/dl/android/maven2/com/android/tools/build/builder/8.12.1/builder-8.12.1.jar to /root/.gradle/.tmp/gradle_download16407483511863821360bin
[        ] Downloading https://dl.google.com/dl/android/maven2/com/android/tools/ddms/ddmlib/31.12.1/ddmlib-31.12.1.jar to /root/.gradle/.tmp/gradle_download10431740893995358011bin
[        ] Downloading https://dl.google.com/dl/android/maven2/com/android/tools/build/aaptcompiler/8.12.1/aaptcompiler-8.12.1.jar to /root/.gradle/.tmp/gradle_download3458474291318713457bin
[        ] Downloading https://dl.google.com/dl/android/maven2/com/android/tools/repository/31.12.1/repository-31.12.1.jar to /root/.gradle/.tmp/gradle_download16841304563273056623bin
[        ] Downloading https://dl.google.com/dl/android/maven2/com/android/tools/sdklib/31.12.1/sdklib-31.12.1.jar to /root/.gradle/.tmp/gradle_download7448399401346308184bin
[  +99 ms] Downloading https://dl.google.com/dl/android/maven2/com/android/tools/build/gradle-api/8.12.1/gradle-api-8.12.1.jar to /root/.gradle/.tmp/gradle_download13461852620236422250bin
[        ] Downloading https://dl.google.com/dl/android/maven2/com/android/tools/build/manifest-merger/31.12.1/manifest-merger-31.12.1.jar to /root/.gradle/.tmp/gradle_download13080296613940842892bin
[        ] Downloading https://dl.google.com/dl/android/maven2/com/android/tools/lint/lint-model/31.12.1/lint-model-31.12.1.jar to /root/.gradle/.tmp/gradle_download10773907565206935449bin
[ +300 ms] Downloading https://dl.google.com/dl/android/maven2/com/android/tools/build/gradle/8.12.1/gradle-8.12.1.jar to /root/.gradle/.tmp/gradle_download6978649371119043564bin
[ +200 ms] Downloading https://dl.google.com/dl/android/maven2/com/android/databinding/baseLibrary/8.12.1/baseLibrary-8.12.1.jar to /root/.gradle/.tmp/gradle_download9132118719008997319bin
[        ] Downloading https://dl.google.com/dl/android/maven2/com/android/tools/analytics-library/tracker/31.12.1/tracker-31.12.1.jar to /root/.gradle/.tmp/gradle_download16264331726166449148bin
[        ] Downloading https://dl.google.com/dl/android/maven2/androidx/databinding/databinding-compiler-common/8.12.1/databinding-compiler-common-8.12.1.jar to /root/.gradle/.tmp/gradle_download17248839106842504993bin
[        ] Downloading https://dl.google.com/dl/android/maven2/com/android/tools/layoutlib/layoutlib-api/31.12.1/layoutlib-api-31.12.1.jar to /root/.gradle/.tmp/gradle_download10602747174000014915bin
[        ] Downloading https://dl.google.com/dl/android/maven2/androidx/databinding/databinding-common/8.12.1/databinding-common-8.12.1.jar to /root/.gradle/.tmp/gradle_download16566124011123431466bin
[        ] Downloading https://dl.google.com/dl/android/maven2/com/android/tools/lint/lint-typedef-remover/31.12.1/lint-typedef-remover-31.12.1.jar to /root/.gradle/.tmp/gradle_download1567982240428464238bin
[  +98 ms] Downloading https://dl.google.com/dl/android/maven2/com/android/tools/analytics-library/crash/31.12.1/crash-31.12.1.jar to /root/.gradle/.tmp/gradle_download2869452174281029749bin
[        ] Downloading https://dl.google.com/dl/android/maven2/com/android/tools/utp/android-device-provider-ddmlib-proto/31.12.1/android-device-provider-ddmlib-proto-31.12.1.jar to /root/.gradle/.tmp/gradle_download8817145623700390594bin
[        ] Downloading https://dl.google.com/dl/android/maven2/com/android/tools/build/aapt2-proto/8.12.1-13700139/aapt2-proto-8.12.1-13700139.jar to /root/.gradle/.tmp/gradle_download512954381201833592bin
[        ] Downloading https://dl.google.com/dl/android/maven2/com/android/tools/analytics-library/shared/31.12.1/shared-31.12.1.jar to /root/.gradle/.tmp/gradle_download4253515092169469923bin
[        ] Downloading https://dl.google.com/dl/android/maven2/com/android/tools/utp/android-device-provider-gradle-proto/31.12.1/android-device-provider-gradle-proto-31.12.1.jar to /root/.gradle/.tmp/gradle_download8314293372651318585bin
[        ] Downloading https://repo.maven.apache.org/maven2/org/jetbrains/kotlin/kotlin-reflect/2.1.20/kotlin-reflect-2.1.20.jar to /root/.gradle/.tmp/gradle_download9626918193232399557bin
[  +99 ms] Downloading https://dl.google.com/dl/android/maven2/com/android/tools/utp/android-test-plugin-host-apk-installer-proto/31.12.1/android-test-plugin-host-apk-installer-proto-31.12.1.jar to /root/.gradle/.tmp/gradle_download1885400334844308932bin
[        ] Downloading https://dl.google.com/dl/android/maven2/com/android/tools/utp/android-test-plugin-host-additional-test-output-proto/31.12.1/android-test-plugin-host-additional-test-output-proto-31.12.1.jar to /root/.gradle/.tmp/gradle_download1290669794090061724bin
[  +99 ms] Downloading https://dl.google.com/dl/android/maven2/com/android/tools/build/builder-model/8.12.1/builder-model-8.12.1.jar to /root/.gradle/.tmp/gradle_download14704234266461947486bin
[        ] Downloading https://dl.google.com/dl/android/maven2/com/android/tools/utp/android-test-plugin-result-listener-gradle-proto/31.12.1/android-test-plugin-result-listener-gradle-proto-31.12.1.jar to /root/.gradle/.tmp/gradle_download15149166025841174475bin
[        ] Downloading https://repo.maven.apache.org/maven2/org/jetbrains/kotlinx/kotlinx-coroutines-core-jvm/1.9.0/kotlinx-coroutines-core-jvm-1.9.0.jar to /root/.gradle/.tmp/gradle_download11846650814819577128bin
[        ] Downloading https://dl.google.com/dl/android/maven2/com/android/tools/utp/android-device-provider-profile-proto/31.12.1/android-device-provider-profile-proto-31.12.1.jar to /root/.gradle/.tmp/gradle_download6322508177883067977bin
[        ] Downloading https://dl.google.com/dl/android/maven2/com/android/tools/utp/android-test-plugin-host-coverage-proto/31.12.1/android-test-plugin-host-coverage-proto-31.12.1.jar to /root/.gradle/.tmp/gradle_download15107537066366787250bin
[        ] Downloading https://dl.google.com/dl/android/maven2/com/android/tools/utp/android-test-plugin-host-logcat-proto/31.12.1/android-test-plugin-host-logcat-proto-31.12.1.jar to /root/.gradle/.tmp/gradle_download1269728078511928264bin
[        ] Downloading https://repo.maven.apache.org/maven2/org/jetbrains/kotlin/kotlin-stdlib/2.1.20/kotlin-stdlib-2.1.20.jar to /root/.gradle/.tmp/gradle_download16787840502084613253bin
[        ] Downloading https://repo.maven.apache.org/maven2/org/jetbrains/annotations/23.0.0/annotations-23.0.0.jar to /root/.gradle/.tmp/gradle_download11177473713206856735bin
[  +99 ms] Downloading https://dl.google.com/dl/android/maven2/com/android/tools/common/31.12.1/common-31.12.1.jar to /root/.gradle/.tmp/gradle_download11001459967865686052bin
[  +99 ms] Downloading https://dl.google.com/dl/android/maven2/com/android/tools/build/apksig/8.12.1/apksig-8.12.1.jar to /root/.gradle/.tmp/gradle_download9339141548711077074bin
[ +100 ms] Downloading https://dl.google.com/dl/android/maven2/com/android/tools/utp/android-test-plugin-host-emulator-control-proto/31.12.1/android-test-plugin-host-emulator-control-proto-31.12.1.jar to /root/.gradle/.tmp/gradle_download13529211860600368297bin
[ +100 ms] Downloading https://dl.google.com/dl/android/maven2/com/android/tools/dvlib/31.12.1/dvlib-31.12.1.jar to /root/.gradle/.tmp/gradle_download11664378540140278186bin
[        ] Downloading https://dl.google.com/dl/android/maven2/com/android/tools/analytics-library/protos/31.12.1/protos-31.12.1.jar to /root/.gradle/.tmp/gradle_download15844476746898398437bin
[ +100 ms] Downloading https://dl.google.com/dl/android/maven2/com/android/tools/annotations/31.12.1/annotations-31.12.1.jar to /root/.gradle/.tmp/gradle_download2428470835092596120bin
[        ] Downloading https://dl.google.com/dl/android/maven2/com/android/zipflinger/8.12.1/zipflinger-8.12.1.jar to /root/.gradle/.tmp/gradle_download15315637455270487912bin
[        ] Downloading https://dl.google.com/dl/android/maven2/com/android/tools/build/apkzlib/8.12.1/apkzlib-8.12.1.jar to /root/.gradle/.tmp/gradle_download582682972107417094bin
[  +99 ms] Downloading https://dl.google.com/dl/android/maven2/com/android/signflinger/8.12.1/signflinger-8.12.1.jar to /root/.gradle/.tmp/gradle_download15184779080748840564bin
[ +200 ms] Caching disabled for InstrumentationAnalysisTransform: /root/.gradle/caches/modules-2/files-2.1/com.android.tools.build/gradle/8.12.1/d921b8904dab9d29a383b9e12879faedf9d928cb/gradle-8.12.1.jar because:
[        ]   Build cache is disabled
[        ]   Caching not enabled.
[        ] Caching disabled for InstrumentationAnalysisTransform: /root/.gradle/caches/modules-2/files-2.1/com.android.tools.build/gradle-settings-api/8.12.1/683f65c63517b7f2fff89073409bc58830d34b2a/gradle-settings-api-8.12.1.jar because:
[        ]   Build cache is disabled
[        ]   Caching not enabled.
[        ] Caching disabled for InstrumentationAnalysisTransform: /root/.gradle/caches/modules-2/files-2.1/com.android.tools.lint/lint-model/31.12.1/71fcb4e666dc6658680083dcd0b326336c7848fe/lint-model-31.12.1.jar because:
[        ]   Build cache is disabled
[        ]   Caching not enabled.
[        ] Caching disabled for InstrumentationAnalysisTransform: /root/.gradle/caches/modules-2/files-2.1/com.android.tools.build/builder/8.12.1/bd1cd41590f7e2f8259cbd452ee60e9066a3e2c0/builder-8.12.1.jar because:
[        ]   Build cache is disabled
[        ]   Caching not enabled.
[        ] Caching disabled for InstrumentationAnalysisTransform: /root/.gradle/caches/modules-2/files-2.1/com.android.tools.build/manifest-merger/31.12.1/74266e00e01424f8b419d5563679496685c8d763/manifest-merger-31.12.1.jar because:
[        ]   Build cache is disabled
[        ]   Caching not enabled.
[        ] Caching disabled for InstrumentationAnalysisTransform: /root/.gradle/caches/modules-2/files-2.1/com.android.tools/sdk-common/31.12.1/70fbbdbe7c1c2c9b41e05f10d165ccc9250079c7/sdk-common-31.12.1.jar because:
[        ]   Build cache is disabled
[        ]   Caching not enabled.
[        ] Caching disabled for InstrumentationAnalysisTransform: /root/.gradle/caches/modules-2/files-2.1/com.android.tools/sdklib/31.12.1/7a3d88a695f9caf399357cc48326171cc5e53de1/sdklib-31.12.1.jar because:
[        ]   Build cache is disabled
[        ]   Caching not enabled.
[        ] Caching disabled for InstrumentationAnalysisTransform: /root/.gradle/caches/modules-2/files-2.1/com.android.tools/repository/31.12.1/43f06a3ed7ff978c327c5af716273a90a27d6969/repository-31.12.1.jar because:
[        ]   Build cache is disabled
[        ]   Caching not enabled.
[        ] Caching disabled for InstrumentationAnalysisTransform: /root/.gradle/caches/modules-2/files-2.1/com.android.tools.build/gradle-api/8.12.1/8366350534c8fdfdb03dc28a5b5a4b206152379d/gradle-api-8.12.1.jar because:
[        ]   Build cache is disabled
[        ]   Caching not enabled.
[        ] Caching disabled for InstrumentationAnalysisTransform: /root/.gradle/caches/modules-2/files-2.1/com.android.tools.build/builder-test-api/8.12.1/e7bfe1b108eeb0ac32f55d3153f1261aa7e88893/builder-test-api-8.12.1.jar because:
[        ]   Build cache is disabled
[        ]   Caching not enabled.
[        ] Caching disabled for InstrumentationAnalysisTransform: /root/.gradle/caches/modules-2/files-2.1/com.android.tools.ddms/ddmlib/31.12.1/772f1af975b6cbb75b0e69727e1c2d3d58f89f3f/ddmlib-31.12.1.jar because:
[   +2 ms]   Build cache is disabled
[        ]   Caching not enabled.
[        ] Caching disabled for InstrumentationAnalysisTransform: /root/.gradle/caches/modules-2/files-2.1/com.android.tools.build/aaptcompiler/8.12.1/a981743757d9eac5289c65fe458059be8a9fa1d/aaptcompiler-8.12.1.jar because:
[        ]   Build cache is disabled
[        ]   Caching not enabled.
[        ] Caching disabled for InstrumentationAnalysisTransform: /root/.gradle/caches/modules-2/files-2.1/com.android.tools.build/aapt2-proto/8.12.1-13700139/619bf0ef438a4d80fada1a35affe2d2f0ad015bb/aapt2-proto-8.12.1-13700139.jar because:
[        ]   Build cache is disabled
[        ]   Caching not enabled.
[        ] Caching disabled for InstrumentationAnalysisTransform: /root/.gradle/caches/modules-2/files-2.1/com.android.tools.analytics-library/crash/31.12.1/80c9f1f06e8d48d60fa91f4db811cf863e13c67f/crash-31.12.1.jar because:
[        ]   Build cache is disabled
[        ]   Caching not enabled.
[        ] Caching disabled for InstrumentationAnalysisTransform: /root/.gradle/caches/modules-2/files-2.1/com.android.tools.analytics-library/tracker/31.12.1/9c2c0e33148176901008ac5d81c93238413b5b46/tracker-31.12.1.jar because:
[        ]   Build cache is disabled
[        ]   Caching not enabled.
[        ] Caching disabled for InstrumentationAnalysisTransform: /root/.gradle/caches/modules-2/files-2.1/com.android.tools.analytics-library/shared/31.12.1/874640ccd1099a8f8316611b36efbe1c7617616d/shared-31.12.1.jar because:
[        ]   Build cache is disabled
[        ]   Caching not enabled.
[        ] Caching disabled for InstrumentationAnalysisTransform: /root/.gradle/caches/modules-2/files-2.1/com.android.tools.lint/lint-typedef-remover/31.12.1/bc9756d95080ee30b518adf2c02d70dea0930feb/lint-typedef-remover-31.12.1.jar because:
[        ]   Build cache is disabled
[        ]   Caching not enabled.
[        ] Caching disabled for InstrumentationAnalysisTransform: /root/.gradle/caches/modules-2/files-2.1/androidx.databinding/databinding-common/8.12.1/2be3530b78477835e69dce953b17adc1dbc5c6fa/databinding-common-8.12.1.jar because:
[        ]   Build cache is disabled
[        ]   Caching not enabled.
[        ] Caching disabled for InstrumentationAnalysisTransform: /root/.gradle/caches/modules-2/files-2.1/androidx.databinding/databinding-compiler-common/8.12.1/875948867a13200506af1bca91d796b2fb1808fe/databinding-compiler-common-8.12.1.jar because:
[        ]   Build cache is disabled
[        ]   Caching not enabled.
[        ] Caching disabled for InstrumentationAnalysisTransform: /root/.gradle/caches/modules-2/files-2.1/com.android.databinding/baseLibrary/8.12.1/7e7399239e52d4069896277615e005add7ae8e5a/baseLibrary-8.12.1.jar because:
[        ]   Build cache is disabled
[        ]   Caching not enabled.
[        ] Caching disabled for InstrumentationAnalysisTransform: /root/.gradle/caches/modules-2/files-2.1/com.android.tools.layoutlib/layoutlib-api/31.12.1/3b7f1fe9c54d6fd684a3fd3b8feffeedfe546fd4/layoutlib-api-31.12.1.jar because:
[        ]   Build cache is disabled
[        ]   Caching not enabled.
[  +94 ms] Caching disabled for InstrumentationAnalysisTransform: /root/.gradle/caches/modules-2/files-2.1/com.android.tools.utp/android-device-provider-profile-proto/31.12.1/7823ffdbacbe3e46ce243d459f946467b7126135/android-device-provider-profile-proto-31.12.1.jar because:
[        ]   Build cache is disabled
[        ]   Caching not enabled.
[        ] Caching disabled for InstrumentationAnalysisTransform: /root/.gradle/caches/modules-2/files-2.1/com.android.tools.utp/android-device-provider-ddmlib-proto/31.12.1/9f96225642b573079e5544a619b18b815b3dc70f/android-device-provider-ddmlib-proto-31.12.1.jar because:
[        ]   Build cache is disabled
[        ]   Caching not enabled.
[        ] Caching disabled for InstrumentationAnalysisTransform: /root/.gradle/caches/modules-2/files-2.1/com.android.tools.utp/android-test-plugin-host-coverage-proto/31.12.1/1ee63a78550acb6f922531668f4eb83dddf45e/android-test-plugin-host-coverage-proto-31.12.1.jar because:
[        ]   Build cache is disabled
[        ]   Caching not enabled.
[        ] Caching disabled for InstrumentationAnalysisTransform: /root/.gradle/caches/modules-2/files-2.1/com.android.tools.utp/android-test-plugin-host-additional-test-output-proto/31.12.1/fe467239b47e0709ba9bf1e2e9fccaabc6cabc22/android-test-plugin-host-additional-test-output-proto-31.12.1.jar because:
[        ]   Build cache is disabled
[        ]   Caching not enabled.
[        ] Caching disabled for InstrumentationAnalysisTransform: /root/.gradle/caches/modules-2/files-2.1/com.android.tools.utp/android-device-provider-gradle-proto/31.12.1/4df62b23d15680598277666a1a60676f1402397c/android-device-provider-gradle-proto-31.12.1.jar because:
[        ]   Build cache is disabled
[        ]   Caching not enabled.
[        ] Caching disabled for InstrumentationAnalysisTransform: /root/.gradle/caches/modules-2/files-2.1/com.android.tools.utp/android-test-plugin-host-logcat-proto/31.12.1/2b1de9f172f374f9d8a0f60d0d7d556df7c30d14/android-test-plugin-host-logcat-proto-31.12.1.jar because:
[        ]   Build cache is disabled
[        ]   Caching not enabled.
[        ] Caching disabled for InstrumentationAnalysisTransform: /root/.gradle/caches/modules-2/files-2.1/com.android.tools.utp/android-test-plugin-host-apk-installer-proto/31.12.1/915dc4efd7db61b0c2bb16f88dcf640e824a232d/android-test-plugin-host-apk-installer-proto-31.12.1.jar because:
[        ]   Build cache is disabled
[        ]   Caching not enabled.
[        ] Caching disabled for InstrumentationAnalysisTransform: /root/.gradle/caches/modules-2/files-2.1/com.android.tools.utp/android-test-plugin-host-emulator-control-proto/31.12.1/9ad66b4b96af8d226c9d899030d9acdd101d03ed/android-test-plugin-host-emulator-control-proto-31.12.1.jar because:
[        ]   Build cache is disabled
[        ]   Caching not enabled.
[        ] Caching disabled for InstrumentationAnalysisTransform: /root/.gradle/caches/modules-2/files-2.1/com.android.tools.utp/android-test-plugin-result-listener-gradle-proto/31.12.1/dbbef067ddf95379b587f6aa2baa93d3eb3342eb/android-test-plugin-result-listener-gradle-proto-31.12.1.jar because:
[        ]   Build cache is disabled
[        ]   Caching not enabled.
[        ] Caching disabled for InstrumentationAnalysisTransform: /root/.gradle/caches/modules-2/files-2.1/com.android.tools.build/builder-model/8.12.1/e9317355096bb1cad682475c302aa3195ee050c5/builder-model-8.12.1.jar because:
[        ]   Build cache is disabled
[        ]   Caching not enabled.
[        ] Caching disabled for InstrumentationAnalysisTransform: /root/.gradle/caches/modules-2/files-2.1/com.android.tools/dvlib/31.12.1/6079cc9f2fa5f5104b20779ca98faa1c495bb7f1/dvlib-31.12.1.jar because:
[        ]   Build cache is disabled
[        ]   Caching not enabled.
[        ] Caching disabled for InstrumentationAnalysisTransform: /root/.gradle/caches/modules-2/files-2.1/org.jetbrains.kotlin/kotlin-reflect/2.1.20/3c1003045c4f2a72f987a147abac8e7058be1183/kotlin-reflect-2.1.20.jar because:
[        ]   Build cache is disabled
[        ]   Caching not enabled.
[        ] Caching disabled for InstrumentationAnalysisTransform: /root/.gradle/caches/modules-2/files-2.1/org.jetbrains.kotlin/kotlin-stdlib/2.1.20/aa8ca79cd50578314f6d1180c47cbe14c0fee567/kotlin-stdlib-2.1.20.jar because:
[        ]   Build cache is disabled
[        ]   Caching not enabled.
[        ] Caching disabled for InstrumentationAnalysisTransform: /root/.gradle/caches/modules-2/files-2.1/org.jetbrains.kotlinx/kotlinx-coroutines-core-jvm/1.9.0/9beade4c1c1569e4f36cbd2c37e02e3e41502601/kotlinx-coroutines-core-jvm-1.9.0.jar because:
[        ]   Build cache is disabled
[        ]   Caching not enabled.
[        ] Caching disabled for InstrumentationAnalysisTransform: /root/.gradle/caches/modules-2/files-2.1/com.android.tools/common/31.12.1/9153a7107d912f20d31ab3095606c6c291ec9617/common-31.12.1.jar because:
[        ]   Build cache is disabled
[        ]   Caching not enabled.
[        ] Caching disabled for InstrumentationAnalysisTransform: /root/.gradle/caches/modules-2/files-2.1/com.android.tools.build/apkzlib/8.12.1/ea2327cd7a67c0fc9a4d26f035b922dff11c7219/apkzlib-8.12.1.jar because:
[        ]   Build cache is disabled
[        ]   Caching not enabled.
[        ] Caching disabled for InstrumentationAnalysisTransform: /root/.gradle/caches/modules-2/files-2.1/com.android.tools.analytics-library/protos/31.12.1/46635092b33a3a78a955f23185f0e924855e18a0/protos-31.12.1.jar because:
[        ]   Build cache is disabled
[        ]   Caching not enabled.
[        ] Caching disabled for InstrumentationAnalysisTransform: /root/.gradle/caches/modules-2/files-2.1/org.jetbrains/annotations/23.0.0/8cc20c07506ec18e0834947b84a864bfc094484e/annotations-23.0.0.jar because:
[        ]   Build cache is disabled
[        ]   Caching not enabled.
[        ] Caching disabled for InstrumentationAnalysisTransform: /root/.gradle/caches/modules-2/files-2.1/com.android/signflinger/8.12.1/13f035dd8e7e470ff8f3216a0b46333187f26df5/signflinger-8.12.1.jar because:
[        ]   Build cache is disabled
[        ]   Caching not enabled.
[        ] Caching disabled for InstrumentationAnalysisTransform: /root/.gradle/caches/modules-2/files-2.1/com.android/zipflinger/8.12.1/3a3b1786c331db72b9610eb1f68f0ec1ec9a1f/zipflinger-8.12.1.jar because:
[        ]   Build cache is disabled
[        ]   Caching not enabled.
[        ] Caching disabled for InstrumentationAnalysisTransform: /root/.gradle/caches/modules-2/files-2.1/com.android.tools.build/apksig/8.12.1/f005788487574c7d6ba23dea63bf8cb3a4f164a6/apksig-8.12.1.jar because:
[        ]   Build cache is disabled
[        ]   Caching not enabled.
[        ] Caching disabled for InstrumentationAnalysisTransform: /root/.gradle/caches/modules-2/files-2.1/com.android.tools/annotations/31.12.1/a9a04a78f42fdb0276a0fc7fd538890f856a9753/annotations-31.12.1.jar because:
[        ]   Build cache is disabled
[        ]   Caching not enabled.
[ +196 ms] Caching disabled for MergeInstrumentationAnalysisTransform: /root/.gradle/caches/8.14/transforms/9d9305898b55438d821e0192dca08dee/transformed/.gradle-instrumented-classpath.marker because:
[        ]   Build cache is disabled
[        ]   Caching not enabled.
[        ] Caching disabled for MergeInstrumentationAnalysisTransform: /root/.gradle/caches/8.14/transforms/9d9305898b55438d821e0192dca08dee/transformed/analysis/instrumentation-hierarchy.bin because:
[        ]   Build cache is disabled
[        ]   Caching not enabled.
[        ] Caching disabled for MergeInstrumentationAnalysisTransform: /root/.gradle/caches/8.14/transforms/a90c9251fdd5457bc50ed57143cf441f/transformed/analysis/instrumentation-hierarchy.bin because:
[        ]   Build cache is disabled
[        ]   Caching not enabled.
[        ] Caching disabled for MergeInstrumentationAnalysisTransform: /root/.gradle/caches/8.14/transforms/4f2e4ef644fca9d8bac81655e8dddd35/transformed/analysis/instrumentation-hierarchy.bin because:
[        ]   Build cache is disabled
[        ]   Caching not enabled.
[        ] Caching disabled for MergeInstrumentationAnalysisTransform: /root/.gradle/caches/8.14/transforms/45e9f4c16effcd0e97eee418322e1ee8/transformed/analysis/instrumentation-hierarchy.bin because:
[        ]   Build cache is disabled
[        ]   Caching not enabled.
[        ] Caching disabled for MergeInstrumentationAnalysisTransform: /root/.gradle/caches/8.14/transforms/2ca2d868e3d9b452d2a5002e8369b8a7/transformed/analysis/instrumentation-hierarchy.bin because:
[        ]   Build cache is disabled
[        ]   Caching not enabled.
[        ] Caching disabled for MergeInstrumentationAnalysisTransform: /root/.gradle/caches/8.14/transforms/faa4aae1f31592b3e1f5546305e0386f/transformed/analysis/instrumentation-hierarchy.bin because:
[        ]   Build cache is disabled
[        ]   Caching not enabled.
[        ] Caching disabled for MergeInstrumentationAnalysisTransform: /root/.gradle/caches/8.14/transforms/f67a27eb539a526287c5da29d6f2e94d/transformed/analysis/instrumentation-hierarchy.bin because:
[        ]   Build cache is disabled
[        ]   Caching not enabled.
[        ] Caching disabled for MergeInstrumentationAnalysisTransform: /root/.gradle/caches/8.14/transforms/79a46c122d33478fd085423ea477af7a/transformed/analysis/instrumentation-hierarchy.bin because:
[        ]   Build cache is disabled
[        ]   Caching not enabled.
[        ] Caching disabled for MergeInstrumentationAnalysisTransform: /root/.gradle/caches/8.14/transforms/bfb5d7ed9da36e6ea0395feb42cd342d/transformed/analysis/instrumentation-hierarchy.bin because:
[        ]   Build cache is disabled
[        ]   Caching not enabled.
[        ] Caching disabled for MergeInstrumentationAnalysisTransform: /root/.gradle/caches/8.14/transforms/67e10daa777380fd5b46ee90a3e60303/transformed/analysis/instrumentation-hierarchy.bin because:
[        ]   Build cache is disabled
[        ]   Caching not enabled.
[        ] Caching disabled for MergeInstrumentationAnalysisTransform: /root/.gradle/caches/8.14/transforms/fc714e82188b899e8d8f9fb422b630a6/transformed/analysis/instrumentation-hierarchy.bin because:
[        ]   Build cache is disabled
[        ]   Caching not enabled.
[        ] Caching disabled for MergeInstrumentationAnalysisTransform: /root/.gradle/caches/8.14/transforms/58f5e188ab9fb29eb8e64f8f57dc3aaf/transformed/analysis/instrumentation-hierarchy.bin because:
[        ]   Build cache is disabled
[        ]   Caching not enabled.
[        ] Caching disabled for MergeInstrumentationAnalysisTransform: /root/.gradle/caches/8.14/transforms/faa4aae1f31592b3e1f5546305e0386f/transformed/analysis/instrumentation-dependencies.bin because:
[        ]   Build cache is disabled
[        ]   Caching not enabled.
[        ] Caching disabled for MergeInstrumentationAnalysisTransform: /root/.gradle/caches/8.14/transforms/9d9305898b55438d821e0192dca08dee/transformed/analysis/instrumentation-dependencies.bin because:
[        ]   Build cache is disabled
[        ]   Caching not enabled.
[        ] Caching disabled for MergeInstrumentationAnalysisTransform: /root/.gradle/caches/8.14/transforms/45e9f4c16effcd0e97eee418322e1ee8/transformed/analysis/instrumentation-dependencies.bin because:
[        ]   Build cache is disabled
[        ]   Caching not enabled.
[        ] Caching disabled for MergeInstrumentationAnalysisTransform: /root/.gradle/caches/8.14/transforms/67e10daa777380fd5b46ee90a3e60303/transformed/analysis/instrumentation-dependencies.bin because:
[        ]   Build cache is disabled
[        ]   Caching not enabled.
[        ] Caching disabled for MergeInstrumentationAnalysisTransform: /root/.gradle/caches/8.14/transforms/fc714e82188b899e8d8f9fb422b630a6/transformed/analysis/instrumentation-dependencies.bin because:
[        ]   Build cache is disabled
[        ]   Caching not enabled.
[        ] Caching disabled for MergeInstrumentationAnalysisTransform: /root/.gradle/caches/8.14/transforms/4f2e4ef644fca9d8bac81655e8dddd35/transformed/analysis/instrumentation-dependencies.bin because:
[        ]   Build cache is disabled
[        ]   Caching not enabled.
[        ] Caching disabled for MergeInstrumentationAnalysisTransform: /root/.gradle/caches/8.14/transforms/a90c9251fdd5457bc50ed57143cf441f/transformed/analysis/instrumentation-dependencies.bin because:
[        ]   Build cache is disabled
[        ]   Caching not enabled.
[        ] Caching disabled for MergeInstrumentationAnalysisTransform: /root/.gradle/caches/8.14/transforms/bfb5d7ed9da36e6ea0395feb42cd342d/transformed/analysis/instrumentation-dependencies.bin because:
[        ]   Build cache is disabled
[        ]   Caching not enabled.
[        ] Caching disabled for MergeInstrumentationAnalysisTransform: /root/.gradle/caches/8.14/transforms/2ca2d868e3d9b452d2a5002e8369b8a7/transformed/analysis/instrumentation-dependencies.bin because:
[        ]   Build cache is disabled
[        ]   Caching not enabled.
[        ] Caching disabled for MergeInstrumentationAnalysisTransform: /root/.gradle/caches/8.14/transforms/f67a27eb539a526287c5da29d6f2e94d/transformed/analysis/instrumentation-dependencies.bin because:
[        ]   Build cache is disabled
[        ]   Caching not enabled.
[        ] Caching disabled for MergeInstrumentationAnalysisTransform: /root/.gradle/caches/8.14/transforms/58f5e188ab9fb29eb8e64f8f57dc3aaf/transformed/analysis/instrumentation-dependencies.bin because:
[        ]   Build cache is disabled
[        ]   Caching not enabled.
[        ] Caching disabled for MergeInstrumentationAnalysisTransform: /root/.gradle/caches/8.14/transforms/79a46c122d33478fd085423ea477af7a/transformed/analysis/instrumentation-dependencies.bin because:
[        ]   Build cache is disabled
[        ]   Caching not enabled.
[        ] Caching disabled for MergeInstrumentationAnalysisTransform: /root/.gradle/caches/modules-2/files-2.1/com.android.tools.build/builder-test-api/8.12.1/e7bfe1b108eeb0ac32f55d3153f1261aa7e88893/builder-test-api-8.12.1.jar because:
[        ]   Build cache is disabled
[        ]   Caching not enabled.
[        ] Caching disabled for MergeInstrumentationAnalysisTransform: /root/.gradle/caches/modules-2/files-2.1/com.android.tools.build/manifest-merger/31.12.1/74266e00e01424f8b419d5563679496685c8d763/manifest-merger-31.12.1.jar because:
[        ]   Build cache is disabled
[        ]   Caching not enabled.
[        ] Caching disabled for MergeInstrumentationAnalysisTransform: /root/.gradle/caches/modules-2/files-2.1/com.android.tools.ddms/ddmlib/31.12.1/772f1af975b6cbb75b0e69727e1c2d3d58f89f3f/ddmlib-31.12.1.jar because:
[        ]   Build cache is disabled
[        ]   Caching not enabled.
[        ] Caching disabled for MergeInstrumentationAnalysisTransform: /root/.gradle/caches/modules-2/files-2.1/com.android.tools.build/gradle-api/8.12.1/8366350534c8fdfdb03dc28a5b5a4b206152379d/gradle-api-8.12.1.jar because:
[        ]   Build cache is disabled
[        ]   Caching not enabled.
[        ] Caching disabled for MergeInstrumentationAnalysisTransform: /root/.gradle/caches/modules-2/files-2.1/com.android.tools.build/aaptcompiler/8.12.1/a981743757d9eac5289c65fe458059be8a9fa1d/aaptcompiler-8.12.1.jar because:
[        ]   Build cache is disabled
[        ]   Caching not enabled.
[        ] Caching disabled for MergeInstrumentationAnalysisTransform: /root/.gradle/caches/modules-2/files-2.1/com.android.tools/repository/31.12.1/43f06a3ed7ff978c327c5af716273a90a27d6969/repository-31.12.1.jar because:
[        ]   Build cache is disabled
[        ]   Caching not enabled.
[        ] Caching disabled for MergeInstrumentationAnalysisTransform: /root/.gradle/caches/modules-2/files-2.1/com.android.tools/sdklib/31.12.1/7a3d88a695f9caf399357cc48326171cc5e53de1/sdklib-31.12.1.jar because:
[        ]   Build cache is disabled
[        ]   Caching not enabled.
[        ] Caching disabled for MergeInstrumentationAnalysisTransform: /root/.gradle/caches/modules-2/files-2.1/com.android.tools.lint/lint-model/31.12.1/71fcb4e666dc6658680083dcd0b326336c7848fe/lint-model-31.12.1.jar because:
[        ]   Build cache is disabled
[        ]   Caching not enabled.
[        ] Caching disabled for MergeInstrumentationAnalysisTransform: /root/.gradle/caches/modules-2/files-2.1/com.android.tools/sdk-common/31.12.1/70fbbdbe7c1c2c9b41e05f10d165ccc9250079c7/sdk-common-31.12.1.jar because:
[        ]   Build cache is disabled
[        ]   Caching not enabled.
[        ] Caching disabled for ExternalDependencyInstrumentingArtifactTransform: /root/.gradle/caches/8.14/transforms/e3ae4a1d8509a4c64446c5919ebf9344/transformed/merge/instrumentation-dependencies.bin because:
[        ]   Build cache is disabled
[        ]   Caching not enabled.
[        ] Caching disabled for MergeInstrumentationAnalysisTransform: /root/.gradle/caches/modules-2/files-2.1/com.android.tools.build/gradle-settings-api/8.12.1/683f65c63517b7f2fff89073409bc58830d34b2a/gradle-settings-api-8.12.1.jar because:
[        ]   Build cache is disabled
[        ]   Caching not enabled.
[        ] Caching disabled for ExternalDependencyInstrumentingArtifactTransform: /root/.gradle/caches/8.14/transforms/038282f6cea13ef32d3781b76f65c811/transformed/merge/instrumentation-dependencies.bin because:
[        ]   Build cache is disabled
[        ]   Caching not enabled.
[        ] Caching disabled for ExternalDependencyInstrumentingArtifactTransform: /root/.gradle/caches/8.14/transforms/0f006098ff78262c2d42f82d606f62b7/transformed/merge/instrumentation-dependencies.bin because:
[        ]   Build cache is disabled
[        ]   Caching not enabled.
[        ] Caching disabled for ExternalDependencyInstrumentingArtifactTransform: /root/.gradle/caches/8.14/transforms/a98227a475aa872ffce9c5e48cb3156b/transformed/merge/instrumentation-dependencies.bin because:
[        ]   Build cache is disabled
[        ]   Caching not enabled.
[        ] Caching disabled for ExternalDependencyInstrumentingArtifactTransform: /root/.gradle/caches/8.14/transforms/1c5c0dc976199630b3a9600682c4e4f2/transformed/merge/instrumentation-dependencies.bin because:
[        ]   Build cache is disabled
[        ]   Caching not enabled.
[        ] Caching disabled for ExternalDependencyInstrumentingArtifactTransform: /root/.gradle/caches/8.14/transforms/53e7b35af96b024f223ac59a9f16b94d/transformed/merge/instrumentation-dependencies.bin because:
[        ]   Build cache is disabled
[        ]   Caching not enabled.
[        ] Caching disabled for ExternalDependencyInstrumentingArtifactTransform: /root/.gradle/caches/8.14/transforms/5cec0ed6f4b8834f685cc91e9665ef6d/transformed/merge/instrumentation-dependencies.bin because:
[        ]   Build cache is disabled
[        ]   Caching not enabled.
[        ] Caching disabled for ExternalDependencyInstrumentingArtifactTransform: /root/.gradle/caches/8.14/transforms/ece91ebdb87588e7ea195cdaf236943d/transformed/merge/instrumentation-dependencies.bin because:
[        ]   Build cache is disabled
[        ]   Caching not enabled.
[        ] Caching disabled for ExternalDependencyInstrumentingArtifactTransform: /root/.gradle/caches/8.14/transforms/3ca028ff1837e06f285668b973d21f44/transformed/merge/instrumentation-dependencies.bin because:
[        ]   Build cache is disabled
[        ]   Caching not enabled.
[        ] Caching disabled for ExternalDependencyInstrumentingArtifactTransform: /root/.gradle/caches/8.14/transforms/5c15a9ea23690b39cacbdb82a7208e93/transformed/merge/instrumentation-dependencies.bin because:
[        ]   Build cache is disabled
[        ]   Caching not enabled.
[        ] Caching disabled for MergeInstrumentationAnalysisTransform: /root/.gradle/caches/modules-2/files-2.1/com.android.tools.build/builder/8.12.1/bd1cd41590f7e2f8259cbd452ee60e9066a3e2c0/builder-8.12.1.jar because:
[        ]   Build cache is disabled
[        ]   Caching not enabled.
[        ] Caching disabled for ExternalDependencyInstrumentingArtifactTransform: /root/.gradle/caches/8.14/transforms/4a9719b26ee38f918f2ed2c01fb8353e/transformed/merge/instrumentation-dependencies.bin because:
[        ]   Build cache is disabled
[        ]   Caching not enabled.
[        ] Caching disabled for ExternalDependencyInstrumentingArtifactTransform: /root/.gradle/caches/modules-2/files-2.1/com.android.tools.build/gradle-settings-api/8.12.1/683f65c63517b7f2fff89073409bc58830d34b2a/gradle-settings-api-8.12.1.jar because:
[        ]   Build cache is disabled
[        ]   Caching not enabled.
[        ] Caching disabled for ExternalDependencyInstrumentingArtifactTransform: /root/.gradle/caches/modules-2/files-2.1/com.android.tools.build/builder-test-api/8.12.1/e7bfe1b108eeb0ac32f55d3153f1261aa7e88893/builder-test-api-8.12.1.jar because:
[        ]   Build cache is disabled
[        ]   Caching not enabled.
[        ] Caching disabled for MergeInstrumentationAnalysisTransform: /root/.gradle/caches/8.14/transforms/9e6ae9d5de9725116f2aa12afd2d2af7/transformed/analysis/instrumentation-hierarchy.bin because:
[        ]   Build cache is disabled
[        ]   Caching not enabled.
[        ] Caching disabled for MergeInstrumentationAnalysisTransform: /root/.gradle/caches/8.14/transforms/9e6ae9d5de9725116f2aa12afd2d2af7/transformed/analysis/instrumentation-dependencies.bin because:
[        ]   Build cache is disabled
[        ]   Caching not enabled.
[        ] Caching disabled for MergeInstrumentationAnalysisTransform: /root/.gradle/caches/8.14/transforms/c23ad3a28191a559db8083c6c5d672d2/transformed/analysis/instrumentation-hierarchy.bin because:
[        ]   Build cache is disabled
[        ]   Caching not enabled.
[        ] Caching disabled for ExternalDependencyInstrumentingArtifactTransform: /root/.gradle/caches/modules-2/files-2.1/com.android.tools.build/manifest-merger/31.12.1/74266e00e01424f8b419d5563679496685c8d763/manifest-merger-31.12.1.jar because:
[        ]   Build cache is disabled
[        ]   Caching not enabled.
[  +91 ms] Caching disabled for MergeInstrumentationAnalysisTransform: /root/.gradle/caches/8.14/transforms/c23ad3a28191a559db8083c6c5d672d2/transformed/analysis/instrumentation-dependencies.bin because:
[        ]   Build cache is disabled
[        ]   Caching not enabled.
[        ] Caching disabled for MergeInstrumentationAnalysisTransform: /root/.gradle/caches/modules-2/files-2.1/com.android.tools.build/gradle/8.12.1/d921b8904dab9d29a383b9e12879faedf9d928cb/gradle-8.12.1.jar because:
[        ]   Build cache is disabled
[        ]   Caching not enabled.
[        ] Caching disabled for MergeInstrumentationAnalysisTransform: /root/.gradle/caches/8.14/transforms/0a7b0fcead3982616672eee288e13d10/transformed/analysis/instrumentation-hierarchy.bin because:
[        ]   Build cache is disabled
[        ]   Caching not enabled.
[        ] Caching disabled for ExternalDependencyInstrumentingArtifactTransform: /root/.gradle/caches/modules-2/files-2.1/com.android.tools.lint/lint-model/31.12.1/71fcb4e666dc6658680083dcd0b326336c7848fe/lint-model-31.12.1.jar because:
[        ]   Build cache is disabled
[        ]   Caching not enabled.
[        ] Caching disabled for ExternalDependencyInstrumentingArtifactTransform: /root/.gradle/caches/8.14/transforms/29ff492a1e41569b35dda8ff9b71d514/transformed/merge/instrumentation-dependencies.bin because:
[        ]   Build cache is disabled
[        ]   Caching not enabled.
[        ] Caching disabled for MergeInstrumentationAnalysisTransform: /root/.gradle/caches/modules-2/files-2.1/com.android.tools.build/aapt2-proto/8.12.1-13700139/619bf0ef438a4d80fada1a35affe2d2f0ad015bb/aapt2-proto-8.12.1-13700139.jar because:
[        ]   Build cache is disabled
[        ]   Caching not enabled.
[        ] Caching disabled for MergeInstrumentationAnalysisTransform: /root/.gradle/caches/8.14/transforms/0a7b0fcead3982616672eee288e13d10/transformed/analysis/instrumentation-dependencies.bin because:
[        ]   Build cache is disabled
[        ]   Caching not enabled.
[        ] Caching disabled for MergeInstrumentationAnalysisTransform: /root/.gradle/caches/8.14/transforms/af6d85523b1bf10b64f3ea4a1a7af7d5/transformed/analysis/instrumentation-hierarchy.bin because:
[        ]   Build cache is disabled
[        ]   Caching not enabled.
[        ] Caching disabled for ExternalDependencyInstrumentingArtifactTransform: /root/.gradle/caches/modules-2/files-2.1/com.android.tools.build/gradle-api/8.12.1/8366350534c8fdfdb03dc28a5b5a4b206152379d/gradle-api-8.12.1.jar because:
[        ]   Build cache is disabled
[        ]   Caching not enabled.
[        ] Caching disabled for ExternalDependencyInstrumentingArtifactTransform: /root/.gradle/caches/8.14/transforms/b8c80acb0e7154615fa3b88cfeef2a19/transformed/merge/instrumentation-dependencies.bin because:
[        ]   Build cache is disabled
[        ]   Caching not enabled.
[        ] Caching disabled for MergeInstrumentationAnalysisTransform: /root/.gradle/caches/modules-2/files-2.1/com.android.tools.analytics-library/crash/31.12.1/80c9f1f06e8d48d60fa91f4db811cf863e13c67f/crash-31.12.1.jar because:
[        ]   Build cache is disabled
[        ]   Caching not enabled.
[        ] Caching disabled for MergeInstrumentationAnalysisTransform: /root/.gradle/caches/8.14/transforms/af6d85523b1bf10b64f3ea4a1a7af7d5/transformed/analysis/instrumentation-dependencies.bin because:
[        ]   Build cache is disabled
[        ]   Caching not enabled.
[        ] Caching disabled for MergeInstrumentationAnalysisTransform: /root/.gradle/caches/modules-2/files-2.1/com.android.tools.build/bundletool/1.18.1/76bb1aa21a19495ca070bfb6abd194daf91dccd1/bundletool-1.18.1.jar because:
[        ]   Build cache is disabled
[        ]   Caching not enabled.
[        ] Caching disabled for ExternalDependencyInstrumentingArtifactTransform: /root/.gradle/caches/8.14/transforms/7a50a87e6d98978bd5a6d10f2d97a213/transformed/merge/instrumentation-dependencies.bin because:
[        ]   Build cache is disabled
[        ]   Caching not enabled.
[        ] Caching disabled for ExternalDependencyInstrumentingArtifactTransform: /root/.gradle/caches/modules-2/files-2.1/com.android.tools/repository/31.12.1/43f06a3ed7ff978c327c5af716273a90a27d6969/repository-31.12.1.jar because:
[        ]   Build cache is disabled
[        ]   Caching not enabled.
[        ] Caching disabled for MergeInstrumentationAnalysisTransform: /root/.gradle/caches/modules-2/files-2.1/com.android.tools.analytics-library/tracker/31.12.1/9c2c0e33148176901008ac5d81c93238413b5b46/tracker-31.12.1.jar because:
[        ]   Build cache is disabled
[        ]   Caching not enabled.
[        ] Caching disabled for MergeInstrumentationAnalysisTransform: /root/.gradle/caches/8.14/transforms/3a95e745553980719b6872951118f943/transformed/analysis/instrumentation-hierarchy.bin because:
[        ]   Build cache is disabled
[        ]   Caching not enabled.
[        ] Caching disabled for MergeInstrumentationAnalysisTransform: /root/.gradle/caches/8.14/transforms/971bfbdaa482a273a6926c349d72631d/transformed/analysis/instrumentation-hierarchy.bin because:
[        ]   Build cache is disabled
[        ]   Caching not enabled.
[        ] Caching disabled for MergeInstrumentationAnalysisTransform: /root/.gradle/caches/8.14/transforms/3a95e745553980719b6872951118f943/transformed/analysis/instrumentation-dependencies.bin because:
[        ]   Build cache is disabled
[   +1 ms]   Caching not enabled.
[        ] Caching disabled for ExternalDependencyInstrumentingArtifactTransform: /root/.gradle/caches/modules-2/files-2.1/com.android.tools.build/aaptcompiler/8.12.1/a981743757d9eac5289c65fe458059be8a9fa1d/aaptcompiler-8.12.1.jar because:
[        ]   Build cache is disabled
[        ]   Caching not enabled.
[        ] Caching disabled for ExternalDependencyInstrumentingArtifactTransform: /root/.gradle/caches/8.14/transforms/91f441e1af1821407ab1d0bde89fdbb5/transformed/merge/instrumentation-dependencies.bin because:
[        ]   Build cache is disabled
[        ]   Caching not enabled.
[        ] Caching disabled for MergeInstrumentationAnalysisTransform: /root/.gradle/caches/8.14/transforms/f0028e3acadd90306ff0aa3cdccd6176/transformed/analysis/instrumentation-hierarchy.bin because:
[        ]   Build cache is disabled
[        ]   Caching not enabled.
[        ] Caching disabled for MergeInstrumentationAnalysisTransform: /root/.gradle/caches/8.14/transforms/971bfbdaa482a273a6926c349d72631d/transformed/analysis/instrumentation-dependencies.bin because:
[        ]   Build cache is disabled
[        ]   Caching not enabled.
[        ] Caching disabled for ExternalDependencyInstrumentingArtifactTransform: /root/.gradle/caches/modules-2/files-2.1/com.android.tools.analytics-library/crash/31.12.1/80c9f1f06e8d48d60fa91f4db811cf863e13c67f/crash-31.12.1.jar because:
[        ]   Build cache is disabled
[        ]   Caching not enabled.
[        ] Caching disabled for MergeInstrumentationAnalysisTransform: /root/.gradle/caches/8.14/transforms/c2216e41827fdfbc12a1331069d8af37/transformed/analysis/instrumentation-hierarchy.bin because:
[        ]   Build cache is disabled
[        ]   Caching not enabled.
[        ] Caching disabled for MergeInstrumentationAnalysisTransform: /root/.gradle/caches/8.14/transforms/f0028e3acadd90306ff0aa3cdccd6176/transformed/analysis/instrumentation-dependencies.bin because:
[        ]   Build cache is disabled
[        ]   Caching not enabled.
[        ] Caching disabled for MergeInstrumentationAnalysisTransform: /root/.gradle/caches/modules-2/files-2.1/com.android.tools.lint/lint-typedef-remover/31.12.1/bc9756d95080ee30b518adf2c02d70dea0930feb/lint-typedef-remover-31.12.1.jar because:
[        ]   Build cache is disabled
[        ]   Caching not enabled.
[        ] Caching disabled for MergeInstrumentationAnalysisTransform: /root/.gradle/caches/modules-2/files-2.1/com.android.tools.analytics-library/shared/31.12.1/874640ccd1099a8f8316611b36efbe1c7617616d/shared-31.12.1.jar because:
[        ]   Build cache is disabled
[        ]   Caching not enabled.
[        ] Caching disabled for MergeInstrumentationAnalysisTransform: /root/.gradle/caches/8.14/transforms/e338d4bfea109ab8705de1c976a76071/transformed/analysis/instrumentation-hierarchy.bin because:
[        ]   Build cache is disabled
[        ]   Caching not enabled.
[        ] Caching disabled for ExternalDependencyInstrumentingArtifactTransform: /root/.gradle/caches/modules-2/files-2.1/com.android.tools.analytics-library/tracker/31.12.1/9c2c0e33148176901008ac5d81c93238413b5b46/tracker-31.12.1.jar because:
[        ]   Build cache is disabled
[        ]   Caching not enabled.
[        ] Caching disabled for MergeInstrumentationAnalysisTransform: /root/.gradle/caches/8.14/transforms/c2216e41827fdfbc12a1331069d8af37/transformed/analysis/instrumentation-dependencies.bin because:
[        ]   Build cache is disabled
[        ]   Caching not enabled.
[        ] Caching disabled for ExternalDependencyInstrumentingArtifactTransform: /root/.gradle/caches/8.14/transforms/63e0e6dfafe2adce81e7cfc25cfc6b66/transformed/merge/instrumentation-dependencies.bin because:
[        ]   Build cache is disabled
[        ]   Caching not enabled.
[        ] Caching disabled for MergeInstrumentationAnalysisTransform: /root/.gradle/caches/8.14/transforms/e338d4bfea109ab8705de1c976a76071/transformed/analysis/instrumentation-dependencies.bin because:
[        ]   Build cache is disabled
[        ]   Caching not enabled.
[        ] Caching disabled for ExternalDependencyInstrumentingArtifactTransform: /root/.gradle/caches/8.14/transforms/63dec15b6d2dada833e8fb325d927a72/transformed/merge/instrumentation-dependencies.bin because:
[        ]   Build cache is disabled
[        ]   Caching not enabled.
[        ] Caching disabled for MergeInstrumentationAnalysisTransform: /root/.gradle/caches/8.14/transforms/504b3cde4d1ccf0d11afc91b8f6983a9/transformed/analysis/instrumentation-hierarchy.bin because:
[        ]   Build cache is disabled
[        ]   Caching not enabled.
[        ] Caching disabled for ExternalDependencyInstrumentingArtifactTransform: /root/.gradle/caches/modules-2/files-2.1/com.android.tools.lint/lint-typedef-remover/31.12.1/bc9756d95080ee30b518adf2c02d70dea0930feb/lint-typedef-remover-31.12.1.jar because:
[        ]   Build cache is disabled
[        ]   Caching not enabled.
[        ] Caching disabled for MergeInstrumentationAnalysisTransform: /root/.gradle/caches/8.14/transforms/504b3cde4d1ccf0d11afc91b8f6983a9/transformed/analysis/instrumentation-dependencies.bin because:
[        ]   Build cache is disabled
[        ]   Caching not enabled.
[        ] Caching disabled for MergeInstrumentationAnalysisTransform: /root/.gradle/caches/modules-2/files-2.1/com.android.databinding/baseLibrary/8.12.1/7e7399239e52d4069896277615e005add7ae8e5a/baseLibrary-8.12.1.jar because:
[        ]   Build cache is disabled
[        ]   Caching not enabled.
[        ] Caching disabled for MergeInstrumentationAnalysisTransform: /root/.gradle/caches/modules-2/files-2.1/androidx.databinding/databinding-common/8.12.1/2be3530b78477835e69dce953b17adc1dbc5c6fa/databinding-common-8.12.1.jar because:
[        ]   Build cache is disabled
[        ]   Caching not enabled.
[        ] Caching disabled for MergeInstrumentationAnalysisTransform: /root/.gradle/caches/8.14/transforms/692956382231b4cef01e396539d4d147/transformed/analysis/instrumentation-hierarchy.bin because:
[        ]   Build cache is disabled
[        ]   Caching not enabled.
[        ] Caching disabled for MergeInstrumentationAnalysisTransform: /root/.gradle/caches/8.14/transforms/692956382231b4cef01e396539d4d147/transformed/analysis/instrumentation-dependencies.bin because:
[        ]   Build cache is disabled
[        ]   Caching not enabled.
[        ] Caching disabled for ExternalDependencyInstrumentingArtifactTransform: /root/.gradle/caches/8.14/transforms/f230f13d64bae53da85e48ef08d90a7f/transformed/merge/instrumentation-dependencies.bin because:
[        ]   Build cache is disabled
[        ]   Caching not enabled.
[        ] Caching disabled for MergeInstrumentationAnalysisTransform: /root/.gradle/caches/modules-2/files-2.1/androidx.databinding/databinding-compiler-common/8.12.1/875948867a13200506af1bca91d796b2fb1808fe/databinding-compiler-common-8.12.1.jar because:
[        ]   Build cache is disabled
[        ]   Caching not enabled.
[        ] Caching disabled for MergeInstrumentationAnalysisTransform: /root/.gradle/caches/modules-2/files-2.1/com.android.tools.layoutlib/layoutlib-api/31.12.1/3b7f1fe9c54d6fd684a3fd3b8feffeedfe546fd4/layoutlib-api-31.12.1.jar because:
[        ]   Build cache is disabled
[        ]   Caching not enabled.
[        ] Caching disabled for MergeInstrumentationAnalysisTransform: /root/.gradle/caches/modules-2/files-2.1/com.android.tools.utp/android-device-provider-ddmlib-proto/31.12.1/9f96225642b573079e5544a619b18b815b3dc70f/android-device-provider-ddmlib-proto-31.12.1.jar because:
[        ]   Build cache is disabled
[        ]   Caching not enabled.
[        ] Caching disabled for ExternalDependencyInstrumentingArtifactTransform: /root/.gradle/caches/8.14/transforms/b6fc912baeb3be80e33f7c8aaecca2b0/transformed/merge/instrumentation-dependencies.bin because:
[        ]   Build cache is disabled
[        ]   Caching not enabled.
[        ] Caching disabled for ExternalDependencyInstrumentingArtifactTransform: /root/.gradle/caches/modules-2/files-2.1/com.android.tools.analytics-library/shared/31.12.1/874640ccd1099a8f8316611b36efbe1c7617616d/shared-31.12.1.jar because:
[        ]   Build cache is disabled
[        ]   Caching not enabled.
[        ] Caching disabled for ExternalDependencyInstrumentingArtifactTransform: /root/.gradle/caches/8.14/transforms/8a9f4452e679fc4eff66092b4904c97a/transformed/merge/instrumentation-dependencies.bin because:
[        ]   Build cache is disabled
[        ]   Caching not enabled.
[        ] Caching disabled for ExternalDependencyInstrumentingArtifactTransform: /root/.gradle/caches/modules-2/files-2.1/com.android.tools/sdklib/31.12.1/7a3d88a695f9caf399357cc48326171cc5e53de1/sdklib-31.12.1.jar because:
[        ]   Build cache is disabled
[        ]   Caching not enabled.
[        ] Caching disabled for ExternalDependencyInstrumentingArtifactTransform: /root/.gradle/caches/modules-2/files-2.1/androidx.databinding/databinding-common/8.12.1/2be3530b78477835e69dce953b17adc1dbc5c6fa/databinding-common-8.12.1.jar because:
[        ]   Build cache is disabled
[        ]   Caching not enabled.
[        ] Caching disabled for ExternalDependencyInstrumentingArtifactTransform: /root/.gradle/caches/8.14/transforms/7cf82ead1ac63a236e2511f4036d0671/transformed/merge/instrumentation-dependencies.bin because:
[        ]   Build cache is disabled
[        ]   Caching not enabled.
[        ] Caching disabled for ExternalDependencyInstrumentingArtifactTransform: /root/.gradle/caches/modules-2/files-2.1/com.android.tools.ddms/ddmlib/31.12.1/772f1af975b6cbb75b0e69727e1c2d3d58f89f3f/ddmlib-31.12.1.jar because:
[        ]   Build cache is disabled
[        ]   Caching not enabled.
[        ] Caching disabled for ExternalDependencyInstrumentingArtifactTransform: /root/.gradle/caches/8.14/transforms/3e53c8003769bed368de146e0c8981ff/transformed/merge/instrumentation-dependencies.bin because:
[        ]   Build cache is disabled
[        ]   Caching not enabled.
[        ] Caching disabled for MergeInstrumentationAnalysisTransform: /root/.gradle/caches/8.14/transforms/d545f86e020bcf447b83604a81154e68/transformed/analysis/instrumentation-hierarchy.bin because:
[        ]   Build cache is disabled
[        ]   Caching not enabled.
[        ] Caching disabled for MergeInstrumentationAnalysisTransform: /root/.gradle/caches/8.14/transforms/63349ae05229a1398e2de95e1d6b3427/transformed/analysis/instrumentation-hierarchy.bin because:
[        ]   Build cache is disabled
[        ]   Caching not enabled.
[        ] Caching disabled for MergeInstrumentationAnalysisTransform: /root/.gradle/caches/8.14/transforms/c64ee1ed1916019d1e3dab408ebc28e0/transformed/analysis/instrumentation-hierarchy.bin because:
[        ]   Build cache is disabled
[        ]   Caching not enabled.
[        ] Caching disabled for MergeInstrumentationAnalysisTransform: /root/.gradle/caches/8.14/transforms/7e8d167ad39ac55fc9b0c502d887e281/transformed/analysis/instrumentation-hierarchy.bin because:
[        ]   Build cache is disabled
[        ]   Caching not enabled.
[        ] Caching disabled for MergeInstrumentationAnalysisTransform: /root/.gradle/caches/8.14/transforms/63349ae05229a1398e2de95e1d6b3427/transformed/analysis/instrumentation-dependencies.bin because:
[        ]   Build cache is disabled
[        ]   Caching not enabled.
[        ] Caching disabled for MergeInstrumentationAnalysisTransform: /root/.gradle/caches/8.14/transforms/d545f86e020bcf447b83604a81154e68/transformed/analysis/instrumentation-dependencies.bin because:
[        ]   Build cache is disabled
[        ]   Caching not enabled.
[        ] Caching disabled for MergeInstrumentationAnalysisTransform: /root/.gradle/caches/8.14/transforms/c64ee1ed1916019d1e3dab408ebc28e0/transformed/analysis/instrumentation-dependencies.bin because:
[        ]   Build cache is disabled
[        ]   Caching not enabled.
[        ] Caching disabled for ExternalDependencyInstrumentingArtifactTransform: /root/.gradle/caches/modules-2/files-2.1/com.android.databinding/baseLibrary/8.12.1/7e7399239e52d4069896277615e005add7ae8e5a/baseLibrary-8.12.1.jar because:
[        ]   Build cache is disabled
[        ]   Caching not enabled.
[        ] Caching disabled for ExternalDependencyInstrumentingArtifactTransform: /root/.gradle/caches/modules-2/files-2.1/com.android.tools.utp/android-device-provider-ddmlib-proto/31.12.1/9f96225642b573079e5544a619b18b815b3dc70f/android-device-provider-ddmlib-proto-31.12.1.jar because:
[        ]   Build cache is disabled
[        ]   Caching not enabled.
[        ] Caching disabled for MergeInstrumentationAnalysisTransform: /root/.gradle/caches/8.14/transforms/7e8d167ad39ac55fc9b0c502d887e281/transformed/analysis/instrumentation-dependencies.bin because:
[        ]   Build cache is disabled
[        ]   Caching not enabled.
[        ] Caching disabled for MergeInstrumentationAnalysisTransform: /root/.gradle/caches/modules-2/files-2.1/com.android.tools.utp/android-device-provider-gradle-proto/31.12.1/4df62b23d15680598277666a1a60676f1402397c/android-device-provider-gradle-proto-31.12.1.jar because:
[        ]   Build cache is disabled
[        ]   Caching not enabled.
[        ] Caching disabled for MergeInstrumentationAnalysisTransform: /root/.gradle/caches/modules-2/files-2.1/com.android.tools.utp/android-test-plugin-host-additional-test-output-proto/31.12.1/fe467239b47e0709ba9bf1e2e9fccaabc6cabc22/android-test-plugin-host-additional-test-output-proto-31.12.1.jar because:
[        ]   Build cache is disabled
[        ]   Caching not enabled.
[        ] Caching disabled for ExternalDependencyInstrumentingArtifactTransform: /root/.gradle/caches/modules-2/files-2.1/com.android.tools.layoutlib/layoutlib-api/31.12.1/3b7f1fe9c54d6fd684a3fd3b8feffeedfe546fd4/layoutlib-api-31.12.1.jar because:
[        ]   Build cache is disabled
[        ]   Caching not enabled.
[        ] Caching disabled for MergeInstrumentationAnalysisTransform: /root/.gradle/caches/modules-2/files-2.1/com.android.tools.utp/android-device-provider-profile-proto/31.12.1/7823ffdbacbe3e46ce243d459f946467b7126135/android-device-provider-profile-proto-31.12.1.jar because:
[        ]   Build cache is disabled
[        ]   Caching not enabled.
[        ] Caching disabled for MergeInstrumentationAnalysisTransform: /root/.gradle/caches/8.14/transforms/930635bf9946d94b366e2000e44561e3/transformed/analysis/instrumentation-hierarchy.bin because:
[        ]   Build cache is disabled
[        ]   Caching not enabled.
[        ] Caching disabled for MergeInstrumentationAnalysisTransform: /root/.gradle/caches/8.14/transforms/2ab364cd0ae4942eddae45e129a4c2e0/transformed/analysis/instrumentation-hierarchy.bin because:
[        ]   Build cache is disabled
[        ]   Caching not enabled.
[        ] Caching disabled for ExternalDependencyInstrumentingArtifactTransform: /root/.gradle/caches/8.14/transforms/c55e8c49af2f9c581e8bbe5120f319ff/transformed/merge/instrumentation-dependencies.bin because:
[        ]   Build cache is disabled
[        ]   Caching not enabled.
[        ] Caching disabled for ExternalDependencyInstrumentingArtifactTransform: /root/.gradle/caches/8.14/transforms/4b52905d445b4f7c75702bebca76f75b/transformed/merge/instrumentation-dependencies.bin because:
[        ]   Build cache is disabled
[        ]   Caching not enabled.
[        ] Caching disabled for MergeInstrumentationAnalysisTransform: /root/.gradle/caches/8.14/transforms/930635bf9946d94b366e2000e44561e3/transformed/analysis/instrumentation-dependencies.bin because:
[        ]   Build cache is disabled
[        ]   Caching not enabled.
[        ] Caching disabled for MergeInstrumentationAnalysisTransform: /root/.gradle/caches/8.14/transforms/2ab364cd0ae4942eddae45e129a4c2e0/transformed/analysis/instrumentation-dependencies.bin because:
[        ]   Build cache is disabled
[        ]   Caching not enabled.
[        ] Caching disabled for MergeInstrumentationAnalysisTransform: /root/.gradle/caches/modules-2/files-2.1/com.android.tools.utp/android-test-plugin-host-coverage-proto/31.12.1/1ee63a78550acb6f922531668f4eb83dddf45e/android-test-plugin-host-coverage-proto-31.12.1.jar because:
[        ]   Build cache is disabled
[        ]   Caching not enabled.
[        ] Caching disabled for MergeInstrumentationAnalysisTransform: /root/.gradle/caches/8.14/transforms/caaa0319e60ff24ab34050727acc9aa0/transformed/analysis/instrumentation-hierarchy.bin because:
[        ]   Build cache is disabled
[        ]   Caching not enabled.
[        ] Caching disabled for ExternalDependencyInstrumentingArtifactTransform: /root/.gradle/caches/8.14/transforms/dad09c4c94295ab62c6bacd8aee51cbc/transformed/merge/instrumentation-dependencies.bin because:
[        ]   Build cache is disabled
[        ]   Caching not enabled.
[        ] Caching disabled for MergeInstrumentationAnalysisTransform: /root/.gradle/caches/8.14/transforms/caaa0319e60ff24ab34050727acc9aa0/transformed/analysis/instrumentation-dependencies.bin because:
[        ]   Build cache is disabled
[        ]   Caching not enabled.
[        ] Caching disabled for ExternalDependencyInstrumentingArtifactTransform: /root/.gradle/caches/modules-2/files-2.1/com.android.tools.utp/android-test-plugin-host-additional-test-output-proto/31.12.1/fe467239b47e0709ba9bf1e2e9fccaabc6cabc22/android-test-plugin-host-additional-test-output-proto-31.12.1.jar because:
[        ]   Build cache is disabled
[        ]   Caching not enabled.
[        ] Caching disabled for ExternalDependencyInstrumentingArtifactTransform: /root/.gradle/caches/8.14/transforms/517fe4b5d20f9fd144b2a0a40f007ddc/transformed/merge/instrumentation-dependencies.bin because:
[        ]   Build cache is disabled
[        ]   Caching not enabled.
[   +2 ms] Caching disabled for MergeInstrumentationAnalysisTransform: /root/.gradle/caches/modules-2/files-2.1/com.android.tools.utp/android-test-plugin-host-logcat-proto/31.12.1/2b1de9f172f374f9d8a0f60d0d7d556df7c30d14/android-test-plugin-host-logcat-proto-31.12.1.jar because:
[        ]   Build cache is disabled
[        ]   Caching not enabled.
[        ] Caching disabled for MergeInstrumentationAnalysisTransform: /root/.gradle/caches/modules-2/files-2.1/com.android.tools.utp/android-test-plugin-host-emulator-control-proto/31.12.1/9ad66b4b96af8d226c9d899030d9acdd101d03ed/android-test-plugin-host-emulator-control-proto-31.12.1.jar because:
[        ]   Build cache is disabled
[        ]   Caching not enabled.
[        ] Caching disabled for MergeInstrumentationAnalysisTransform: /root/.gradle/caches/8.14/transforms/0d64163eba7cf543496aa79156dfea33/transformed/analysis/instrumentation-hierarchy.bin because:
[        ]   Build cache is disabled
[        ]   Caching not enabled.
[        ] Caching disabled for ExternalDependencyInstrumentingArtifactTransform: /root/.gradle/caches/8.14/transforms/44e5e50c6d97b481b734ed01b197f746/transformed/merge/instrumentation-dependencies.bin because:
[        ]   Build cache is disabled
[        ]   Caching not enabled.
[        ] Caching disabled for MergeInstrumentationAnalysisTransform: /root/.gradle/caches/8.14/transforms/0d64163eba7cf543496aa79156dfea33/transformed/analysis/instrumentation-dependencies.bin because:
[        ]   Build cache is disabled
[        ]   Caching not enabled.
[        ] Caching disabled for MergeInstrumentationAnalysisTransform: /root/.gradle/caches/modules-2/files-2.1/com.android.tools.utp/android-test-plugin-host-apk-installer-proto/31.12.1/915dc4efd7db61b0c2bb16f88dcf640e824a232d/android-test-plugin-host-apk-installer-proto-31.12.1.jar because:
[        ]   Build cache is disabled
[        ]   Caching not enabled.
[        ] Caching disabled for ExternalDependencyInstrumentingArtifactTransform: /root/.gradle/caches/modules-2/files-2.1/com.android.tools.utp/android-device-provider-gradle-proto/31.12.1/4df62b23d15680598277666a1a60676f1402397c/android-device-provider-gradle-proto-31.12.1.jar because:
[        ]   Build cache is disabled
[        ]   Caching not enabled.
[        ] Caching disabled for ExternalDependencyInstrumentingArtifactTransform: /root/.gradle/caches/8.14/transforms/39805100791dff2dc5e4a3eb9a72d42b/transformed/merge/instrumentation-dependencies.bin because:
[        ]   Build cache is disabled
[        ]   Caching not enabled.
[        ] Caching disabled for ExternalDependencyInstrumentingArtifactTransform: /root/.gradle/caches/modules-2/files-2.1/com.android.tools.utp/android-test-plugin-host-coverage-proto/31.12.1/1ee63a78550acb6f922531668f4eb83dddf45e/android-test-plugin-host-coverage-proto-31.12.1.jar because:
[        ]   Build cache is disabled
[        ]   Caching not enabled.
[        ] Caching disabled for MergeInstrumentationAnalysisTransform: /root/.gradle/caches/modules-2/files-2.1/com.android.tools.utp/android-test-plugin-result-listener-gradle-proto/31.12.1/dbbef067ddf95379b587f6aa2baa93d3eb3342eb/android-test-plugin-result-listener-gradle-proto-31.12.1.jar because:
[        ]   Build cache is disabled
[        ]   Caching not enabled.
[        ] Caching disabled for ExternalDependencyInstrumentingArtifactTransform: /root/.gradle/caches/modules-2/files-2.1/com.android.tools.utp/android-test-plugin-host-emulator-control-proto/31.12.1/9ad66b4b96af8d226c9d899030d9acdd101d03ed/android-test-plugin-host-emulator-control-proto-31.12.1.jar because:
[        ]   Build cache is disabled
[        ]   Caching not enabled.
[  +75 ms] Caching disabled for ExternalDependencyInstrumentingArtifactTransform: /root/.gradle/caches/8.14/transforms/88edf502ea079e6ab6b78fef44e7dcf4/transformed/merge/instrumentation-dependencies.bin because:
[   +1 ms]   Build cache is disabled
[        ]   Caching not enabled.
[   +2 ms] Caching disabled for MergeInstrumentationAnalysisTransform: /root/.gradle/caches/8.14/transforms/8fc5c3035a16d1db96c9d750b4008169/transformed/analysis/instrumentation-hierarchy.bin because:
[        ]   Build cache is disabled
[        ]   Caching not enabled.
[        ] Caching disabled for ExternalDependencyInstrumentingArtifactTransform: /root/.gradle/caches/modules-2/files-2.1/com.android.tools.utp/android-device-provider-profile-proto/31.12.1/7823ffdbacbe3e46ce243d459f946467b7126135/android-device-provider-profile-proto-31.12.1.jar because:
[        ]   Build cache is disabled
[        ]   Caching not enabled.
[        ] Caching disabled for ExternalDependencyInstrumentingArtifactTransform: /root/.gradle/caches/modules-2/files-2.1/com.android.tools/sdk-common/31.12.1/70fbbdbe7c1c2c9b41e05f10d165ccc9250079c7/sdk-common-31.12.1.jar because:
[        ]   Build cache is disabled
[        ]   Caching not enabled.
[        ] Caching disabled for MergeInstrumentationAnalysisTransform: /root/.gradle/caches/8.14/transforms/45f515a74421b5d14c88fcb72eeba950/transformed/analysis/instrumentation-hierarchy.bin because:
[        ]   Build cache is disabled
[        ]   Caching not enabled.
[        ] Caching disabled for MergeInstrumentationAnalysisTransform: /root/.gradle/caches/8.14/transforms/32e5e41a46dd17125b3ae34ea107a845/transformed/analysis/instrumentation-hierarchy.bin because:
[        ]   Build cache is disabled
[        ]   Caching not enabled.
[        ] Caching disabled for ExternalDependencyInstrumentingArtifactTransform: /root/.gradle/caches/8.14/transforms/fbbf22beac5f2f3e23ad6fbb15e20e22/transformed/merge/instrumentation-dependencies.bin because:
[        ]   Build cache is disabled
[        ]   Caching not enabled.
[        ] Caching disabled for ExternalDependencyInstrumentingArtifactTransform: /root/.gradle/caches/modules-2/files-2.1/com.android.tools.utp/android-test-plugin-host-logcat-proto/31.12.1/2b1de9f172f374f9d8a0f60d0d7d556df7c30d14/android-test-plugin-host-logcat-proto-31.12.1.jar because:
[   +2 ms]   Build cache is disabled
[        ]   Caching not enabled.
[        ] Caching disabled for MergeInstrumentationAnalysisTransform: /root/.gradle/caches/8.14/transforms/8fc5c3035a16d1db96c9d750b4008169/transformed/analysis/instrumentation-dependencies.bin because:
[        ]   Build cache is disabled
[        ]   Caching not enabled.
[        ] Caching disabled for MergeInstrumentationAnalysisTransform: /root/.gradle/caches/8.14/transforms/58bcf817d4642d801aec630214d0dbb4/transformed/analysis/instrumentation-hierarchy.bin because:
[        ]   Build cache is disabled
[        ]   Caching not enabled.
[        ] Caching disabled for ExternalDependencyInstrumentingArtifactTransform: /root/.gradle/caches/modules-2/files-2.1/com.android.tools.build/aapt2-proto/8.12.1-13700139/619bf0ef438a4d80fada1a35affe2d2f0ad015bb/aapt2-proto-8.12.1-13700139.jar because:
[        ]   Build cache is disabled
[        ]   Caching not enabled.
[        ] Caching disabled for MergeInstrumentationAnalysisTransform: /root/.gradle/caches/8.14/transforms/45f515a74421b5d14c88fcb72eeba950/transformed/analysis/instrumentation-dependencies.bin because:
[        ]   Build cache is disabled
[        ]   Caching not enabled.
[        ] Caching disabled for MergeInstrumentationAnalysisTransform: /root/.gradle/caches/8.14/transforms/335317b36f1a68692bb6bb713b134340/transformed/analysis/instrumentation-hierarchy.bin because:
[        ]   Build cache is disabled
[        ]   Caching not enabled.
[        ] Caching disabled for MergeInstrumentationAnalysisTransform: /root/.gradle/caches/8.14/transforms/37349d0a6f60a3126abdeaddd8e7ae60/transformed/analysis/instrumentation-hierarchy.bin because:
[        ]   Build cache is disabled
[        ]   Caching not enabled.
[        ] Caching disabled for MergeInstrumentationAnalysisTransform: /root/.gradle/caches/8.14/transforms/32e5e41a46dd17125b3ae34ea107a845/transformed/analysis/instrumentation-dependencies.bin because:
[        ]   Build cache is disabled
[        ]   Caching not enabled.
[        ] Caching disabled for MergeInstrumentationAnalysisTransform: /root/.gradle/caches/8.14/transforms/ae4dab1e6e6b548b4fc29763588058b9/transformed/analysis/instrumentation-hierarchy.bin because:
[        ]   Build cache is disabled
[        ]   Caching not enabled.
[        ] Caching disabled for MergeInstrumentationAnalysisTransform: /root/.gradle/caches/8.14/transforms/37349d0a6f60a3126abdeaddd8e7ae60/transformed/analysis/instrumentation-dependencies.bin because:
[        ]   Build cache is disabled
[        ]   Caching not enabled.
[        ] Caching disabled for MergeInstrumentationAnalysisTransform: /root/.gradle/caches/8.14/transforms/58bcf817d4642d801aec630214d0dbb4/transformed/analysis/instrumentation-dependencies.bin because:
[        ]   Build cache is disabled
[        ]   Caching not enabled.
[        ] Caching disabled for MergeInstrumentationAnalysisTransform: /root/.gradle/caches/modules-2/files-2.1/com.android.tools.build.jetifier/jetifier-core/1.0.0-beta10/6e621022a9c95af12a7004d6b55805bbd1126837/jetifier-core-1.0.0-beta10.jar because:
[        ]   Build cache is disabled
[        ]   Caching not enabled.
[        ] Caching disabled for MergeInstrumentationAnalysisTransform: /root/.gradle/caches/8.14/transforms/335317b36f1a68692bb6bb713b134340/transformed/analysis/instrumentation-dependencies.bin because:
[        ]   Build cache is disabled
[        ]   Caching not enabled.
[        ] Caching disabled for ExternalDependencyInstrumentingArtifactTransform: /root/.gradle/caches/modules-2/files-2.1/com.android.tools.utp/android-test-plugin-host-apk-installer-proto/31.12.1/915dc4efd7db61b0c2bb16f88dcf640e824a232d/android-test-plugin-host-apk-installer-proto-31.12.1.jar because:
[        ]   Build cache is disabled
[        ]   Caching not enabled.
[        ] Caching disabled for MergeInstrumentationAnalysisTransform: /root/.gradle/caches/8.14/transforms/ae4dab1e6e6b548b4fc29763588058b9/transformed/analysis/instrumentation-dependencies.bin because:
[        ]   Build cache is disabled
[        ]   Caching not enabled.
[        ] Caching disabled for MergeInstrumentationAnalysisTransform: /root/.gradle/caches/modules-2/files-2.1/com.android.tools.build.jetifier/jetifier-processor/1.0.0-beta10/946c39eb0c052ff4f60a8939648a8b99af20d604/jetifier-processor-1.0.0-beta10.jar because:
[        ]   Build cache is disabled
[        ]   Caching not enabled.
[        ] Caching disabled for MergeInstrumentationAnalysisTransform: /root/.gradle/caches/modules-2/files-2.1/com.android.tools.build/builder-model/8.12.1/e9317355096bb1cad682475c302aa3195ee050c5/builder-model-8.12.1.jar because:
[        ]   Build cache is disabled
[        ]   Caching not enabled.
[        ] Caching disabled for MergeInstrumentationAnalysisTransform: /root/.gradle/caches/8.14/transforms/caca8852a21cb2ca2332ad1d42bcf1ab/transformed/analysis/instrumentation-hierarchy.bin because:
[        ]   Build cache is disabled
[        ]   Caching not enabled.
[        ] Caching disabled for MergeInstrumentationAnalysisTransform: /root/.gradle/caches/modules-2/files-2.1/com.android.tools/common/31.12.1/9153a7107d912f20d31ab3095606c6c291ec9617/common-31.12.1.jar because:
[        ]   Build cache is disabled
[        ]   Caching not enabled.
[        ] Caching disabled for ExternalDependencyInstrumentingArtifactTransform: /root/.gradle/caches/8.14/transforms/f850f75269866d259643b7019961dbe9/transformed/merge/instrumentation-dependencies.bin because:
[        ]   Build cache is disabled
[        ]   Caching not enabled.
[        ] Caching disabled for MergeInstrumentationAnalysisTransform: /root/.gradle/caches/8.14/transforms/caca8852a21cb2ca2332ad1d42bcf1ab/transformed/analysis/instrumentation-dependencies.bin because:
[        ]   Build cache is disabled
[        ]   Caching not enabled.
[   +4 ms] Caching disabled for MergeInstrumentationAnalysisTransform: /root/.gradle/caches/8.14/transforms/59b12d9a0d87469da1ea867079696e46/transformed/analysis/instrumentation-dependencies.bin because:
[        ]   Build cache is disabled
[        ]   Caching not enabled.
[        ] Caching disabled for MergeInstrumentationAnalysisTransform: /root/.gradle/caches/modules-2/files-2.1/com.android.tools/dvlib/31.12.1/6079cc9f2fa5f5104b20779ca98faa1c495bb7f1/dvlib-31.12.1.jar because:
[        ]   Build cache is disabled
[        ]   Caching not enabled.
[        ] Caching disabled for ExternalDependencyInstrumentingArtifactTransform: /root/.gradle/caches/8.14/transforms/f72b786e11e90c7fb2b0e64f98972faf/transformed/merge/instrumentation-dependencies.bin because:
[        ]   Build cache is disabled
[        ]   Caching not enabled.
[        ] Caching disabled for ExternalDependencyInstrumentingArtifactTransform: /root/.gradle/caches/modules-2/files-2.1/com.android.tools.utp/android-test-plugin-result-listener-gradle-proto/31.12.1/dbbef067ddf95379b587f6aa2baa93d3eb3342eb/android-test-plugin-result-listener-gradle-proto-31.12.1.jar because:
[        ]   Build cache is disabled
[        ]   Caching not enabled.
[        ] Caching disabled for MergeInstrumentationAnalysisTransform: /root/.gradle/caches/8.14/transforms/b1d5fccad86bf3cda30f1553027d3ba1/transformed/analysis/instrumentation-hierarchy.bin because:
[        ]   Build cache is disabled
[        ]   Caching not enabled.
[        ] Caching disabled for MergeInstrumentationAnalysisTransform: /root/.gradle/caches/modules-2/files-2.1/org.jetbrains.kotlin/kotlin-stdlib-jdk8/2.1.20/1372ceab395defca310ff460dc219364d9df0a2e/kotlin-stdlib-jdk8-2.1.20.jar because:
[        ]   Build cache is disabled
[        ]   Caching not enabled.
[        ] Caching disabled for MergeInstrumentationAnalysisTransform: /root/.gradle/caches/8.14/transforms/b1d5fccad86bf3cda30f1553027d3ba1/transformed/analysis/instrumentation-dependencies.bin because:
[        ]   Build cache is disabled
[        ]   Caching not enabled.
[        ] Caching disabled for MergeInstrumentationAnalysisTransform: /root/.gradle/caches/modules-2/files-2.1/org.jetbrains.kotlin/kotlin-stdlib-jdk7/2.1.20/72672df5e83231744c00550955b10acb71ed49d6/kotlin-stdlib-jdk7-2.1.20.jar because:
[        ]   Build cache is disabled
[  +15 ms]   Caching not enabled.
[        ] Caching disabled for MergeInstrumentationAnalysisTransform: /root/.gradle/caches/8.14/transforms/6128a36d6c5d81f189d6adbffa731ac0/transformed/analysis/instrumentation-dependencies.bin because:
[        ]   Build cache is disabled
[        ]   Caching not enabled.
[        ] Caching disabled for MergeInstrumentationAnalysisTransform: /root/.gradle/caches/8.14/transforms/8371811cf358d3aa8e15dfc29a0fb8e7/transformed/analysis/instrumentation-hierarchy.bin because:
[        ]   Build cache is disabled
[        ]   Caching not enabled.
[        ] Caching disabled for ExternalDependencyInstrumentingArtifactTransform: /root/.gradle/caches/8.14/transforms/a5ce9e8500d1ac2ddce4793330debfe3/transformed/merge/instrumentation-dependencies.bin because:
[        ]   Build cache is disabled
[        ]   Caching not enabled.
[        ] Caching disabled for ExternalDependencyInstrumentingArtifactTransform: /root/.gradle/caches/modules-2/files-2.1/androidx.databinding/databinding-compiler-common/8.12.1/875948867a13200506af1bca91d796b2fb1808fe/databinding-compiler-common-8.12.1.jar because:
[        ]   Build cache is disabled
[        ]   Caching not enabled.
[        ] Caching disabled for MergeInstrumentationAnalysisTransform: /root/.gradle/caches/modules-2/files-2.1/org.jetbrains.kotlin/kotlin-reflect/2.1.20/3c1003045c4f2a72f987a147abac8e7058be1183/kotlin-reflect-2.1.20.jar because:
[        ]   Build cache is disabled
[        ]   Caching not enabled.
[        ] Caching disabled for MergeInstrumentationAnalysisTransform: /root/.gradle/caches/modules-2/files-2.1/org.jetbrains.kotlinx/kotlinx-coroutines-core-jvm/1.9.0/9beade4c1c1569e4f36cbd2c37e02e3e41502601/kotlinx-coroutines-core-jvm-1.9.0.jar because:
[        ]   Build cache is disabled
[        ]   Caching not enabled.
[        ] Caching disabled for MergeInstrumentationAnalysisTransform: /root/.gradle/caches/8.14/transforms/b096fc7109c25d36431d39de75626a74/transformed/analysis/instrumentation-hierarchy.bin because:
[        ]   Build cache is disabled
[        ]   Caching not enabled.
[        ] Caching disabled for MergeInstrumentationAnalysisTransform: /root/.gradle/caches/8.14/transforms/8371811cf358d3aa8e15dfc29a0fb8e7/transformed/analysis/instrumentation-dependencies.bin because:
[        ]   Build cache is disabled
[        ]   Caching not enabled.
[        ] Caching disabled for MergeInstrumentationAnalysisTransform: /root/.gradle/caches/8.14/transforms/d54aae73957e8e3dcc42e41947ed5367/transformed/analysis/instrumentation-hierarchy.bin because:
[        ]   Build cache is disabled
[        ]   Caching not enabled.
[        ] Caching disabled for ExternalDependencyInstrumentingArtifactTransform: /root/.gradle/caches/8.14/transforms/22a956a147207d950aa25bdebe912433/transformed/merge/instrumentation-dependencies.bin because:
[        ]   Build cache is disabled
[        ]   Caching not enabled.
[        ] Caching disabled for MergeInstrumentationAnalysisTransform: /root/.gradle/caches/modules-2/files-2.1/org.jetbrains.kotlin/kotlin-stdlib/2.1.20/aa8ca79cd50578314f6d1180c47cbe14c0fee567/kotlin-stdlib-2.1.20.jar because:
[        ]   Build cache is disabled
[        ]   Caching not enabled.
[        ] Caching disabled for ExternalDependencyInstrumentingArtifactTransform: /root/.gradle/caches/8.14/transforms/b921620c71d0cb8ccc8110ebcd1c2cd4/transformed/merge/instrumentation-dependencies.bin because:
[        ]   Build cache is disabled
[        ]   Caching not enabled.
[        ] Caching disabled for MergeInstrumentationAnalysisTransform: /root/.gradle/caches/modules-2/files-2.1/com.android.tools.build/transform-api/2.0.0-deprecated-use-gradle-api/47f6c56527c42425742fa9b56ffd3fd80763fe03/transform-api-2.0.0-deprecated-use-gradle-api.jar because:
[        ]   Build cache is disabled
[        ]   Caching not enabled.
[        ] Caching disabled for MergeInstrumentationAnalysisTransform: /root/.gradle/caches/8.14/transforms/b096fc7109c25d36431d39de75626a74/transformed/analysis/instrumentation-dependencies.bin because:
[        ]   Build cache is disabled
[        ]   Caching not enabled.
[        ] Caching disabled for ExternalDependencyInstrumentingArtifactTransform: /root/.gradle/caches/modules-2/files-2.1/com.android.tools/dvlib/31.12.1/6079cc9f2fa5f5104b20779ca98faa1c495bb7f1/dvlib-31.12.1.jar because:
[        ]   Build cache is disabled
[        ]   Caching not enabled.
[        ] Caching disabled for MergeInstrumentationAnalysisTransform: /root/.gradle/caches/8.14/transforms/d54aae73957e8e3dcc42e41947ed5367/transformed/analysis/instrumentation-dependencies.bin because:
[        ]   Build cache is disabled
[        ]   Caching not enabled.
[        ] Caching disabled for MergeInstrumentationAnalysisTransform: /root/.gradle/caches/modules-2/files-2.1/org.apache.httpcomponents/httpmime/4.5.6/164343da11db817e81e24e0d9869527e069850c9/httpmime-4.5.6.jar because:
[        ]   Build cache is disabled
[        ]   Caching not enabled.
[        ] Caching disabled for ExternalDependencyInstrumentingArtifactTransform: /root/.gradle/caches/8.14/transforms/27b33d04a00903e05442cb6e4f502b64/transformed/merge/instrumentation-dependencies.bin because:
[        ]   Build cache is disabled
[        ]   Caching not enabled.
[        ] Caching disabled for MergeInstrumentationAnalysisTransform: /root/.gradle/caches/8.14/transforms/60e4c9332b5d4baa5c7ef1de04b0a385/transformed/analysis/instrumentation-hierarchy.bin because:
[        ]   Build cache is disabled
[        ]   Caching not enabled.
[        ] Caching disabled for ExternalDependencyInstrumentingArtifactTransform: /root/.gradle/caches/modules-2/files-2.1/com.android.tools.build/builder-model/8.12.1/e9317355096bb1cad682475c302aa3195ee050c5/builder-model-8.12.1.jar because:
[   +3 ms]   Build cache is disabled
[        ]   Caching not enabled.
[        ] Caching disabled for MergeInstrumentationAnalysisTransform: /root/.gradle/caches/8.14/transforms/60e14e6b6f94b7ce78b4051acd7ef277/transformed/analysis/instrumentation-hierarchy.bin because:
[        ]   Build cache is disabled
[        ]   Caching not enabled.
[        ] Caching disabled for MergeInstrumentationAnalysisTransform: /root/.gradle/caches/modules-2/files-2.1/commons-io/commons-io/2.16.1/377d592e740dc77124e0901291dbfaa6810a200e/commons-io-2.16.1.jar because:
[        ]   Build cache is disabled
[        ]   Caching not enabled.
[        ] Caching disabled for MergeInstrumentationAnalysisTransform: /root/.gradle/caches/8.14/transforms/a332b93caa052e7c3810d26d589ffdd4/transformed/analysis/instrumentation-hierarchy.bin because:
[        ]   Build cache is disabled
[        ]   Caching not enabled.
[        ] Caching disabled for MergeInstrumentationAnalysisTransform: /root/.gradle/caches/8.14/transforms/60e4c9332b5d4baa5c7ef1de04b0a385/transformed/analysis/instrumentation-dependencies.bin because:
[        ]   Build cache is disabled
[        ]   Caching not enabled.
[        ] Caching disabled for MergeInstrumentationAnalysisTransform: /root/.gradle/caches/8.14/transforms/60e14e6b6f94b7ce78b4051acd7ef277/transformed/analysis/instrumentation-dependencies.bin because:
[        ]   Build cache is disabled
[        ]   Caching not enabled.
[        ] Caching disabled for MergeInstrumentationAnalysisTransform: /root/.gradle/caches/8.14/transforms/652e44a95df93df3ff56055ba2df941c/transformed/analysis/instrumentation-hierarchy.bin because:
[        ]   Build cache is disabled
[        ]   Caching not enabled.
[        ] Caching disabled for MergeInstrumentationAnalysisTransform: /root/.gradle/caches/modules-2/files-2.1/org.ow2.asm/asm-commons/9.7.1/406c6a2225cfe1819f102a161e54cc16a5c24f75/asm-commons-9.7.1.jar because:
[        ]   Build cache is disabled
[        ]   Caching not enabled.
[        ] Caching disabled for MergeInstrumentationAnalysisTransform: /root/.gradle/caches/8.14/transforms/9ca69ff6ef95003fb57ad005c9dd67a5/transformed/analysis/instrumentation-hierarchy.bin because:
[        ]   Build cache is disabled
[        ]   Caching not enabled.
[        ] Caching disabled for MergeInstrumentationAnalysisTransform: /root/.gradle/caches/8.14/transforms/a332b93caa052e7c3810d26d589ffdd4/transformed/analysis/instrumentation-dependencies.bin because:
[        ]   Build cache is disabled
[        ]   Caching not enabled.
[        ] Caching disabled for MergeInstrumentationAnalysisTransform: /root/.gradle/caches/8.14/transforms/95af8942e3b7b715993b1dddfb5c6b74/transformed/analysis/instrumentation-hierarchy.bin because:
[        ]   Build cache is disabled
[        ]   Caching not enabled.
[        ] Caching disabled for MergeInstrumentationAnalysisTransform: /root/.gradle/caches/8.14/transforms/9ca69ff6ef95003fb57ad005c9dd67a5/transformed/analysis/instrumentation-dependencies.bin because:
[        ]   Build cache is disabled
[        ]   Caching not enabled.
[        ] Caching disabled for MergeInstrumentationAnalysisTransform: /root/.gradle/caches/8.14/transforms/652e44a95df93df3ff56055ba2df941c/transformed/analysis/instrumentation-dependencies.bin because:
[        ]   Build cache is disabled
[        ]   Caching not enabled.
[        ] Caching disabled for MergeInstrumentationAnalysisTransform: /root/.gradle/caches/8.14/transforms/95af8942e3b7b715993b1dddfb5c6b74/transformed/analysis/instrumentation-dependencies.bin because:
[        ]   Build cache is disabled
[        ]   Caching not enabled.
[        ] Caching disabled for MergeInstrumentationAnalysisTransform: /root/.gradle/caches/modules-2/files-2.1/org.ow2.asm/asm-util/9.7.1/9e23359b598ec6b74b23e53110dd5c577adf2243/asm-util-9.7.1.jar because:
[        ]   Build cache is disabled
[        ]   Caching not enabled.
[        ] Caching disabled for MergeInstrumentationAnalysisTransform: /root/.gradle/caches/modules-2/files-2.1/org.ow2.asm/asm-analysis/9.7.1/f97a3b319f0ed6a8cd944dc79060d3912a28985f/asm-analysis-9.7.1.jar because:
[        ]   Build cache is disabled
[        ]   Caching not enabled.
[        ] Caching disabled for MergeInstrumentationAnalysisTransform: /root/.gradle/caches/modules-2/files-2.1/com.android.tools.build/apkzlib/8.12.1/ea2327cd7a67c0fc9a4d26f035b922dff11c7219/apkzlib-8.12.1.jar because:
[        ]   Build cache is disabled
[        ]   Caching not enabled.
[        ] Caching disabled for MergeInstrumentationAnalysisTransform: /root/.gradle/caches/modules-2/files-2.1/org.ow2.asm/asm-tree/9.7.1/3a53139787663b139de76b627fca0084ab60d32c/asm-tree-9.7.1.jar because:
[        ]   Build cache is disabled
[        ]   Caching not enabled.
[        ] Caching disabled for MergeInstrumentationAnalysisTransform: /root/.gradle/caches/modules-2/files-2.1/org.ow2.asm/asm/9.7.1/f0ed132a49244b042cd0e15702ab9f2ce3cc8436/asm-9.7.1.jar because:
[        ]   Build cache is disabled
[        ]   Caching not enabled.
[        ] Caching disabled for MergeInstrumentationAnalysisTransform: /root/.gradle/caches/8.14/transforms/7d0b495da3e94b9513f7899aa4fc052a/transformed/analysis/instrumentation-hierarchy.bin because:
[        ]   Build cache is disabled
[        ]   Caching not enabled.
[        ] Caching disabled for ExternalDependencyInstrumentingArtifactTransform: /root/.gradle/caches/8.14/transforms/930fed6bf8af380eccdc36ad4cbfff19/transformed/merge/instrumentation-dependencies.bin because:
[        ]   Build cache is disabled
[        ]   Caching not enabled.
[        ] Caching disabled for MergeInstrumentationAnalysisTransform: /root/.gradle/caches/modules-2/files-2.1/org.bouncycastle/bcpkix-jdk18on/1.79/7693cec3b8779b74b35466dcaeeaac7409872954/bcpkix-jdk18on-1.79.jar because:
[        ]   Build cache is disabled
[        ]   Caching not enabled.
[        ] Caching disabled for MergeInstrumentationAnalysisTransform: /root/.gradle/caches/8.14/transforms/38718154af92971d236fd5af51511df9/transformed/analysis/instrumentation-hierarchy.bin because:
[        ]   Build cache is disabled
[        ]   Caching not enabled.
[        ] Caching disabled for MergeInstrumentationAnalysisTransform: /root/.gradle/caches/8.14/transforms/214e8f2365bd43e4a8ccb1573a478784/transformed/analysis/instrumentation-hierarchy.bin because:
[        ]   Build cache is disabled
[        ]   Caching not enabled.
[        ] Caching disabled for MergeInstrumentationAnalysisTransform: /root/.gradle/caches/8.14/transforms/7d0b495da3e94b9513f7899aa4fc052a/transformed/analysis/instrumentation-dependencies.bin because:
[        ]   Build cache is disabled
[        ]   Caching not enabled.
[        ] Caching disabled for MergeInstrumentationAnalysisTransform: /root/.gradle/caches/8.14/transforms/a8013ca544e4357839c5918e8813c817/transformed/analysis/instrumentation-hierarchy.bin because:
[        ]   Build cache is disabled
[        ]   Caching not enabled.
[        ] Caching disabled for MergeInstrumentationAnalysisTransform: /root/.gradle/caches/8.14/transforms/e47308a1c31576f483bab1a9b244d512/transformed/analysis/instrumentation-hierarchy.bin because:
[        ]   Build cache is disabled
[        ]   Caching not enabled.
[        ] Caching disabled for MergeInstrumentationAnalysisTransform: /root/.gradle/caches/8.14/transforms/38718154af92971d236fd5af51511df9/transformed/analysis/instrumentation-dependencies.bin because:
[        ]   Build cache is disabled
[        ]   Caching not enabled.
[        ] Caching disabled for MergeInstrumentationAnalysisTransform: /root/.gradle/caches/8.14/transforms/a8013ca544e4357839c5918e8813c817/transformed/analysis/instrumentation-dependencies.bin because:
[        ]   Build cache is disabled
[        ]   Caching not enabled.
[        ] Caching disabled for MergeInstrumentationAnalysisTransform: /root/.gradle/caches/8.14/transforms/214e8f2365bd43e4a8ccb1573a478784/transformed/analysis/instrumentation-dependencies.bin because:
[        ]   Build cache is disabled
[        ]   Caching not enabled.
[        ] Caching disabled for MergeInstrumentationAnalysisTransform: /root/.gradle/caches/8.14/transforms/e47308a1c31576f483bab1a9b244d512/transformed/analysis/instrumentation-dependencies.bin because:
[        ]   Build cache is disabled
[        ]   Caching not enabled.
[        ] Caching disabled for MergeInstrumentationAnalysisTransform: /root/.gradle/caches/modules-2/files-2.1/org.glassfish.jaxb/jaxb-runtime/2.3.2/5528bc882ea499a09d720b42af11785c4fc6be2a/jaxb-runtime-2.3.2.jar because:
[        ]   Build cache is disabled
[        ]   Caching not enabled.
[        ] Caching disabled for MergeInstrumentationAnalysisTransform: /root/.gradle/caches/modules-2/files-2.1/com.squareup/javapoet/1.10.0/712c178d35185d8261295913c9f2a7d6867a6007/javapoet-1.10.0.jar because:
[        ]   Build cache is disabled
[        ]   Caching not enabled.
[        ] Caching disabled for MergeInstrumentationAnalysisTransform: /root/.gradle/caches/modules-2/files-2.1/com.google.protobuf/protobuf-java-util/3.25.5/38cc5ce479603e36466feda2a9f1dfdb2210ef00/protobuf-java-util-3.25.5.jar because:
[        ]   Build cache is disabled
[        ]   Caching not enabled.
[        ] Caching disabled for MergeInstrumentationAnalysisTransform: /root/.gradle/caches/modules-2/files-2.1/io.grpc/grpc-protobuf/1.69.1/433b61f31e1dce6adf6c43ea3ca510f8d8d7ea70/grpc-protobuf-1.69.1.jar because:
[        ]   Build cache is disabled
[        ]   Caching not enabled.
[        ] Caching disabled for ExternalDependencyInstrumentingArtifactTransform: /root/.gradle/caches/modules-2/files-2.1/com.android.tools/common/31.12.1/9153a7107d912f20d31ab3095606c6c291ec9617/common-31.12.1.jar because:
[        ]   Build cache is disabled
[        ]   Caching not enabled.
[        ] Caching disabled for MergeInstrumentationAnalysisTransform: /root/.gradle/caches/modules-2/files-2.1/net.sf.jopt-simple/jopt-simple/4.9/ee9e9eaa0a35360dcfeac129ff4923215fd65904/jopt-simple-4.9.jar because:
[        ]   Build cache is disabled
[        ]   Caching not enabled.
[        ] Caching disabled for MergeInstrumentationAnalysisTransform: /root/.gradle/caches/8.14/transforms/8f3c72fc33a299bf4168ea60a7d6dcbd/transformed/analysis/instrumentation-hierarchy.bin because:
[        ]   Build cache is disabled
[        ]   Caching not enabled.
[        ] Caching disabled for MergeInstrumentationAnalysisTransform: /root/.gradle/caches/8.14/transforms/aa0ff929b869a53e8bafd40561a92dbe/transformed/analysis/instrumentation-hierarchy.bin because:
[        ]   Build cache is disabled
[        ]   Caching not enabled.
[        ] Caching disabled for MergeInstrumentationAnalysisTransform: /root/.gradle/caches/8.14/transforms/448b77bc82599dc70acf59b64287ae6d/transformed/analysis/instrumentation-hierarchy.bin because:
[        ]   Build cache is disabled
[        ]   Caching not enabled.
[        ] Caching disabled for MergeInstrumentationAnalysisTransform: /root/.gradle/caches/8.14/transforms/03b12a1713674e47c4a3c04cb44acb39/transformed/analysis/instrumentation-hierarchy.bin because:
[        ]   Build cache is disabled
[        ]   Caching not enabled.
[        ] Caching disabled for MergeInstrumentationAnalysisTransform: /root/.gradle/caches/8.14/transforms/8f3c72fc33a299bf4168ea60a7d6dcbd/transformed/analysis/instrumentation-dependencies.bin because:
[        ]   Build cache is disabled
[        ]   Caching not enabled.
[        ] Caching disabled for MergeInstrumentationAnalysisTransform: /root/.gradle/caches/8.14/transforms/8d803f74bc08620adbcf3659e0dd8afb/transformed/analysis/instrumentation-hierarchy.bin because:
[        ]   Build cache is disabled
[        ]   Caching not enabled.
[        ] Caching disabled for MergeInstrumentationAnalysisTransform: /root/.gradle/caches/8.14/transforms/d26e4d12fc87d908d377ac641f35005f/transformed/analysis/instrumentation-hierarchy.bin because:
[        ]   Build cache is disabled
[        ]   Caching not enabled.
[        ] Caching disabled for MergeInstrumentationAnalysisTransform: /root/.gradle/caches/8.14/transforms/448b77bc82599dc70acf59b64287ae6d/transformed/analysis/instrumentation-dependencies.bin because:
[        ]   Build cache is disabled
[        ]   Caching not enabled.
[        ] Caching disabled for MergeInstrumentationAnalysisTransform: /root/.gradle/caches/8.14/transforms/aa0ff929b869a53e8bafd40561a92dbe/transformed/analysis/instrumentation-dependencies.bin because:
[        ]   Build cache is disabled
[        ]   Caching not enabled.
[        ] Caching disabled for MergeInstrumentationAnalysisTransform: /root/.gradle/caches/8.14/transforms/03b12a1713674e47c4a3c04cb44acb39/transformed/analysis/instrumentation-dependencies.bin because:
[        ]   Build cache is disabled
[        ]   Caching not enabled.
[        ] Caching disabled for MergeInstrumentationAnalysisTransform: /root/.gradle/caches/8.14/transforms/d26e4d12fc87d908d377ac641f35005f/transformed/analysis/instrumentation-dependencies.bin because:
[        ]   Build cache is disabled
[        ]   Caching not enabled.
[        ] Caching disabled for MergeInstrumentationAnalysisTransform: /root/.gradle/caches/8.14/transforms/8d803f74bc08620adbcf3659e0dd8afb/transformed/analysis/instrumentation-dependencies.bin because:
[        ]   Build cache is disabled
[        ]   Caching not enabled.
[        ] Caching disabled for MergeInstrumentationAnalysisTransform: /root/.gradle/caches/modules-2/files-2.1/com.google.crypto.tink/tink/1.7.0/668b57f109d32349b2870448f06ae6f202713edc/tink-1.7.0.jar because:
[        ]   Build cache is disabled
[        ]   Caching not enabled.
[        ] Caching disabled for MergeInstrumentationAnalysisTransform: /root/.gradle/caches/modules-2/files-2.1/com.google.testing.platform/core-proto/0.0.9-alpha03/a0de640d69d847081f087c45dda7e9b3754fe350/core-proto-0.0.9-alpha03.jar because:
[        ]   Build cache is disabled
[        ]   Caching not enabled.
[  +48 ms] Caching disabled for MergeInstrumentationAnalysisTransform: /root/.gradle/caches/modules-2/files-2.1/com.google.api.grpc/proto-google-common-protos/2.48.0/86b550469172d830d174d7434c318d7dff179910/proto-google-common-protos-2.48.0.jar because:
[        ]   Build cache is disabled
[        ]   Caching not enabled.
[        ] Caching disabled for MergeInstrumentationAnalysisTransform: /root/.gradle/caches/modules-2/files-2.1/io.grpc/grpc-netty/1.69.1/9235ab343b80acd957b4bb8bd740b8272735ddb8/grpc-netty-1.69.1.jar because:
[        ]   Build cache is disabled
[        ]   Caching not enabled.
[        ] Caching disabled for MergeInstrumentationAnalysisTransform: /root/.gradle/caches/8.14/transforms/40ce7926dfa4287e169508f69c0cf81a/transformed/analysis/instrumentation-hierarchy.bin because:
[        ]   Build cache is disabled
[        ]   Caching not enabled.
[        ] Caching disabled for MergeInstrumentationAnalysisTransform: /root/.gradle/caches/8.14/transforms/d3a1e58d1ec253efcd6e817eb23c0040/transformed/analysis/instrumentation-hierarchy.bin because:
[        ]   Build cache is disabled
[        ]   Caching not enabled.
[        ] Caching disabled for MergeInstrumentationAnalysisTransform: /root/.gradle/caches/modules-2/files-2.1/com.google.protobuf/protobuf-java/3.25.5/5ae5c9ec39930ae9b5a61b32b93288818ec05ec1/protobuf-java-3.25.5.jar because:
[        ]   Build cache is disabled
[        ]   Caching not enabled.
[        ] Caching disabled for ExternalDependencyInstrumentingArtifactTransform: /root/.gradle/caches/modules-2/files-2.1/com.android.tools.build/apkzlib/8.12.1/ea2327cd7a67c0fc9a4d26f035b922dff11c7219/apkzlib-8.12.1.jar because:
[        ]   Build cache is disabled
[        ]   Caching not enabled.
[   +1 ms] Caching disabled for MergeInstrumentationAnalysisTransform: /root/.gradle/caches/8.14/transforms/05c2ff59c0b7a34a09b0cbf4f09b6e8a/transformed/analysis/instrumentation-hierarchy.bin because:
[        ]   Build cache is disabled
[        ]   Caching not enabled.
[        ] Caching disabled for MergeInstrumentationAnalysisTransform: /root/.gradle/caches/8.14/transforms/40ce7926dfa4287e169508f69c0cf81a/transformed/analysis/instrumentation-dependencies.bin because:
[        ]   Build cache is disabled
[        ]   Caching not enabled.
[        ] Caching disabled for MergeInstrumentationAnalysisTransform: /root/.gradle/caches/8.14/transforms/24499ab9d12730a9faeafb1a60c2ccab/transformed/analysis/instrumentation-hierarchy.bin because:
[        ]   Build cache is disabled
[        ]   Caching not enabled.
[        ] Caching disabled for MergeInstrumentationAnalysisTransform: /root/.gradle/caches/modules-2/files-2.1/com.android.tools.analytics-library/protos/31.12.1/46635092b33a3a78a955f23185f0e924855e18a0/protos-31.12.1.jar because:
[        ]   Build cache is disabled
[        ]   Caching not enabled.
[        ] Caching disabled for MergeInstrumentationAnalysisTransform: /root/.gradle/caches/8.14/transforms/79a18a78701ab821785a6d5a90cfa143/transformed/analysis/instrumentation-hierarchy.bin because:
[        ]   Build cache is disabled
[        ]   Caching not enabled.
[        ] Caching disabled for MergeInstrumentationAnalysisTransform: /root/.gradle/caches/8.14/transforms/d3a1e58d1ec253efcd6e817eb23c0040/transformed/analysis/instrumentation-dependencies.bin because:
[   +1 ms]   Build cache is disabled
[        ]   Caching not enabled.
[        ] Caching disabled for MergeInstrumentationAnalysisTransform: /root/.gradle/caches/8.14/transforms/34d6463aef3309917188f109b16e68a3/transformed/analysis/instrumentation-hierarchy.bin because:
[        ]   Build cache is disabled
[        ]   Caching not enabled.
[   +1 ms] Caching disabled for MergeInstrumentationAnalysisTransform: /root/.gradle/caches/8.14/transforms/05c2ff59c0b7a34a09b0cbf4f09b6e8a/transformed/analysis/instrumentation-dependencies.bin because:
[        ]   Build cache is disabled
[        ]   Caching not enabled.
[        ] Caching disabled for MergeInstrumentationAnalysisTransform: /root/.gradle/caches/modules-2/files-2.1/io.grpc/grpc-util/1.69.1/8c3a9d835a78be9653e9ba92ceab430547924937/grpc-util-1.69.1.jar because:
[        ]   Build cache is disabled
[        ]   Caching not enabled.
[        ] Caching disabled for ExternalDependencyInstrumentingArtifactTransform: /root/.gradle/caches/8.14/transforms/b8300abe0c3a9db40bf2fe5d0812b83d/transformed/merge/instrumentation-dependencies.bin because:
[        ]   Build cache is disabled
[        ]   Caching not enabled.
[        ] Caching disabled for MergeInstrumentationAnalysisTransform: /root/.gradle/caches/8.14/transforms/79a18a78701ab821785a6d5a90cfa143/transformed/analysis/instrumentation-dependencies.bin because:
[   +1 ms]   Build cache is disabled
[        ]   Caching not enabled.
[        ] Caching disabled for MergeInstrumentationAnalysisTransform: /root/.gradle/caches/8.14/transforms/24499ab9d12730a9faeafb1a60c2ccab/transformed/analysis/instrumentation-dependencies.bin because:
[        ]   Build cache is disabled
[        ]   Caching not enabled.
[        ] Caching disabled for MergeInstrumentationAnalysisTransform: /root/.gradle/caches/modules-2/files-2.1/io.grpc/grpc-inprocess/1.69.1/8999d859ebf25f00e5a968b5e36e1294b109cb9e/grpc-inprocess-1.69.1.jar because:
[        ]   Build cache is disabled
[        ]   Caching not enabled.
[        ] Caching disabled for MergeInstrumentationAnalysisTransform: /root/.gradle/caches/8.14/transforms/34d6463aef3309917188f109b16e68a3/transformed/analysis/instrumentation-dependencies.bin because:
[        ]   Build cache is disabled
[        ]   Caching not enabled.
[        ] Caching disabled for MergeInstrumentationAnalysisTransform: /root/.gradle/caches/8.14/transforms/e1af31b6f6841aeef4f866f19498c6b7/transformed/analysis/instrumentation-hierarchy.bin because:
[        ]   Build cache is disabled
[        ]   Caching not enabled.
[        ] Caching disabled for MergeInstrumentationAnalysisTransform: /root/.gradle/caches/modules-2/files-2.1/io.grpc/grpc-core/1.69.1/d9f6383e1903af6e9502e7c1c8e4fbe28a236321/grpc-core-1.69.1.jar because:
[        ]   Build cache is disabled
[        ]   Caching not enabled.
[        ] Caching disabled for MergeInstrumentationAnalysisTransform: /root/.gradle/caches/modules-2/files-2.1/com.google.code.gson/gson/2.11.0/527175ca6d81050b53bdd4c457a6d6e017626b0e/gson-2.11.0.jar because:
[        ]   Build cache is disabled
[        ]   Caching not enabled.
[        ] Caching disabled for MergeInstrumentationAnalysisTransform: /root/.gradle/caches/modules-2/files-2.1/io.grpc/grpc-stub/1.69.1/685c974e6717e6c1bcadd1b7461167d27f64c524/grpc-stub-1.69.1.jar because:
[        ]   Build cache is disabled
[        ]   Caching not enabled.
[        ] Caching disabled for MergeInstrumentationAnalysisTransform: /root/.gradle/caches/8.14/transforms/3ae60b3840f76fbc495a453c70c97bf0/transformed/analysis/instrumentation-hierarchy.bin because:
[        ]   Build cache is disabled
[        ]   Caching not enabled.
[        ] Caching disabled for MergeInstrumentationAnalysisTransform: /root/.gradle/caches/modules-2/files-2.1/org.tensorflow/tensorflow-lite-metadata/0.2.0/7dbe8f75ae5c0ef7093c43c3ac8b560bbc7ea4b6/tensorflow-lite-metadata-0.2.0.jar because:
[        ]   Build cache is disabled
[        ]   Caching not enabled.
[        ] Caching disabled for MergeInstrumentationAnalysisTransform: /root/.gradle/caches/8.14/transforms/e1af31b6f6841aeef4f866f19498c6b7/transformed/analysis/instrumentation-dependencies.bin because:
[        ]   Build cache is disabled
[        ]   Caching not enabled.
[        ] Caching disabled for MergeInstrumentationAnalysisTransform: /root/.gradle/caches/8.14/transforms/601b51fa272b735ecc675e1b376e1482/transformed/analysis/instrumentation-dependencies.bin because:
[        ]   Build cache is disabled
[        ]   Caching not enabled.
[        ] Caching disabled for MergeInstrumentationAnalysisTransform: /root/.gradle/caches/8.14/transforms/0bab9ab604962ffad0d5c31fde221fcb/transformed/analysis/instrumentation-hierarchy.bin because:
[        ]   Build cache is disabled
[        ]   Caching not enabled.
[        ] Caching disabled for MergeInstrumentationAnalysisTransform: /root/.gradle/caches/8.14/transforms/0c8e03626dc28f5f9dc8448d5c34665e/transformed/analysis/instrumentation-hierarchy.bin because:
[        ]   Build cache is disabled
[        ]   Caching not enabled.
[        ] Caching disabled for MergeInstrumentationAnalysisTransform: /root/.gradle/caches/8.14/transforms/59d4469867e677d91f281a1e27259851/transformed/analysis/instrumentation-hierarchy.bin because:
[        ]   Build cache is disabled
[        ]   Caching not enabled.
[        ] Caching disabled for MergeInstrumentationAnalysisTransform: /root/.gradle/caches/modules-2/files-2.1/io.grpc/grpc-context/1.69.1/acec56668f9e67775cfe43fdb9edd046e9426a2d/grpc-context-1.69.1.jar because:
[        ]   Build cache is disabled
[        ]   Caching not enabled.
[        ] Caching disabled for MergeInstrumentationAnalysisTransform: /root/.gradle/caches/8.14/transforms/0bab9ab604962ffad0d5c31fde221fcb/transformed/analysis/instrumentation-dependencies.bin because:
[        ]   Build cache is disabled
[   +1 ms]   Caching not enabled.
[        ] Caching disabled for MergeInstrumentationAnalysisTransform: /root/.gradle/caches/modules-2/files-2.1/com.google.flatbuffers/flatbuffers-java/1.12.0/8201cc7b511177a37071249e891f2f2fea4b32e9/flatbuffers-java-1.12.0.jar because:
[        ]   Build cache is disabled
[        ]   Caching not enabled.
[        ] Caching disabled for MergeInstrumentationAnalysisTransform: /root/.gradle/caches/8.14/transforms/3ae60b3840f76fbc495a453c70c97bf0/transformed/analysis/instrumentation-dependencies.bin because:
[        ]   Build cache is disabled
[        ]   Caching not enabled.
[        ] Caching disabled for MergeInstrumentationAnalysisTransform: /root/.gradle/caches/8.14/transforms/0c8e03626dc28f5f9dc8448d5c34665e/transformed/analysis/instrumentation-dependencies.bin because:
[        ]   Build cache is disabled
[        ]   Caching not enabled.
[        ] Caching disabled for MergeInstrumentationAnalysisTransform: /root/.gradle/caches/8.14/transforms/59d4469867e677d91f281a1e27259851/transformed/analysis/instrumentation-dependencies.bin because:
[        ]   Build cache is disabled
[        ]   Caching not enabled.
[        ] Caching disabled for MergeInstrumentationAnalysisTransform: /root/.gradle/caches/8.14/transforms/ba603a8e5cd50a7c88cc1c83cedbafe1/transformed/analysis/instrumentation-hierarchy.bin because:
[        ]   Build cache is disabled
[        ]   Caching not enabled.
[        ] Caching disabled for MergeInstrumentationAnalysisTransform: /root/.gradle/caches/modules-2/files-2.1/io.grpc/grpc-api/1.69.1/e95c782de0217180c9b25c99e605c4513f3272f1/grpc-api-1.69.1.jar because:
[        ]   Build cache is disabled
[        ]   Caching not enabled.
[        ] Caching disabled for MergeInstrumentationAnalysisTransform: /root/.gradle/caches/8.14/transforms/1f33ebe59883eca7cf0b19e5fe8de863/transformed/analysis/instrumentation-dependencies.bin because:
[        ]   Build cache is disabled
[   +1 ms]   Caching not enabled.
[        ] Caching disabled for MergeInstrumentationAnalysisTransform: /root/.gradle/caches/8.14/transforms/ba603a8e5cd50a7c88cc1c83cedbafe1/transformed/analysis/instrumentation-dependencies.bin because:
[        ]   Build cache is disabled
[        ]   Caching not enabled.
[        ] Caching disabled for MergeInstrumentationAnalysisTransform: /root/.gradle/caches/modules-2/files-2.1/com.google.jimfs/jimfs/1.1/8fbd0579dc68aba6186935cc1bee21d2f3e7ec1c/jimfs-1.1.jar because:
[        ]   Build cache is disabled
[        ]   Caching not enabled.
[        ] Caching disabled for MergeInstrumentationAnalysisTransform: /root/.gradle/caches/modules-2/files-2.1/io.grpc/grpc-protobuf-lite/1.69.1/40cc0d2c62b22c7c22056e17c1141cb714993ea9/grpc-protobuf-lite-1.69.1.jar because:
[        ]   Build cache is disabled
[        ]   Caching not enabled.
[        ] Caching disabled for MergeInstrumentationAnalysisTransform: /root/.gradle/caches/modules-2/files-2.1/com.google.dagger/dagger/2.28.3/10d83810ef9e19714116ed518896c90c6606d633/dagger-2.28.3.jar because:
[        ]   Build cache is disabled
[        ]   Caching not enabled.
[        ] Caching disabled for MergeInstrumentationAnalysisTransform: /root/.gradle/caches/8.14/transforms/9b0e98629bc06f5b01cc526ebfdfc3c3/transformed/analysis/instrumentation-hierarchy.bin because:
[        ]   Build cache is disabled
[        ]   Caching not enabled.
[        ] Caching disabled for MergeInstrumentationAnalysisTransform: /root/.gradle/caches/8.14/transforms/8454090a5b20928e6b4b38efeaa490fe/transformed/analysis/instrumentation-hierarchy.bin because:
[        ]   Build cache is disabled
[        ]   Caching not enabled.
[        ] Caching disabled for MergeInstrumentationAnalysisTransform: /root/.gradle/caches/modules-2/files-2.1/com.google.guava/guava/33.3.1-jre/852f8b363da0111e819460021ca693cacca3e8db/guava-33.3.1-jre.jar because:
[        ]   Build cache is disabled
[        ]   Caching not enabled.
[        ] Caching disabled for MergeInstrumentationAnalysisTransform: /root/.gradle/caches/modules-2/files-2.1/javax.inject/javax.inject/1/6975da39a7040257bd51d21a231b76c915872d38/javax.inject-1.jar because:
[        ]   Build cache is disabled
[        ]   Caching not enabled.
[        ] Caching disabled for MergeInstrumentationAnalysisTransform: /root/.gradle/caches/8.14/transforms/9b0e98629bc06f5b01cc526ebfdfc3c3/transformed/analysis/instrumentation-dependencies.bin because:
[        ]   Build cache is disabled
[        ]   Caching not enabled.
[        ] Caching disabled for MergeInstrumentationAnalysisTransform: /root/.gradle/caches/8.14/transforms/9d04d315a102c441141d3be66524f20d/transformed/analysis/instrumentation-hierarchy.bin because:
[   +1 ms]   Build cache is disabled
[        ]   Caching not enabled.
[        ] Caching disabled for MergeInstrumentationAnalysisTransform: /root/.gradle/caches/8.14/transforms/b90d3ccdd27a09aadabddbd33719551c/transformed/analysis/instrumentation-hierarchy.bin because:
[        ]   Build cache is disabled
[        ]   Caching not enabled.
[        ] Caching disabled for MergeInstrumentationAnalysisTransform: /root/.gradle/caches/8.14/transforms/410b73183f139835f68024b4a9e6d4c0/transformed/analysis/instrumentation-hierarchy.bin because:
[        ]   Build cache is disabled
[        ]   Caching not enabled.
[        ] Caching disabled for MergeInstrumentationAnalysisTransform: /root/.gradle/caches/8.14/transforms/8454090a5b20928e6b4b38efeaa490fe/transformed/analysis/instrumentation-dependencies.bin because:
[        ]   Build cache is disabled
[        ]   Caching not enabled.
[        ] Caching disabled for ExternalDependencyInstrumentingArtifactTransform: /root/.gradle/caches/modules-2/files-2.1/org.jetbrains.kotlinx/kotlinx-coroutines-core-jvm/1.9.0/9beade4c1c1569e4f36cbd2c37e02e3e41502601/kotlinx-coroutines-core-jvm-1.9.0.jar because:
[        ]   Build cache is disabled
[        ]   Caching not enabled.
[        ] Caching disabled for MergeInstrumentationAnalysisTransform: /root/.gradle/caches/modules-2/files-2.1/net.sf.kxml/kxml2/2.3.0/ccbc77a5fd907ef863c29f3596c6f54ffa4e9442/kxml2-2.3.0.jar because:
[        ]   Build cache is disabled
[        ]   Caching not enabled.
[        ] Caching disabled for MergeInstrumentationAnalysisTransform: /root/.gradle/caches/8.14/transforms/b90d3ccdd27a09aadabddbd33719551c/transformed/analysis/instrumentation-dependencies.bin because:
[        ]   Build cache is disabled
[        ]   Caching not enabled.
[        ] Caching disabled for MergeInstrumentationAnalysisTransform: /root/.gradle/caches/8.14/transforms/4bb2857926d6bbf63c2a8489c429fa99/transformed/analysis/instrumentation-hierarchy.bin because:
[        ]   Build cache is disabled
[        ]   Caching not enabled.
[        ] Caching disabled for MergeInstrumentationAnalysisTransform: /root/.gradle/caches/8.14/transforms/9d04d315a102c441141d3be66524f20d/transformed/analysis/instrumentation-dependencies.bin because:
[        ]   Build cache is disabled
[        ]   Caching not enabled.
[  +71 ms] Caching disabled for MergeInstrumentationAnalysisTransform: /root/.gradle/caches/8.14/transforms/410b73183f139835f68024b4a9e6d4c0/transformed/analysis/instrumentation-dependencies.bin because:
[        ]   Build cache is disabled
[        ]   Caching not enabled.
[        ] Caching disabled for MergeInstrumentationAnalysisTransform: /root/.gradle/caches/8.14/transforms/4bb2857926d6bbf63c2a8489c429fa99/transformed/analysis/instrumentation-dependencies.bin because:
[        ]   Build cache is disabled
[        ]   Caching not enabled.
[        ] Caching disabled for MergeInstrumentationAnalysisTransform: /root/.gradle/caches/8.14/transforms/1a1d3b61d5a868318f8594a976389b2b/transformed/analysis/instrumentation-hierarchy.bin because:
[        ]   Build cache is disabled
[        ]   Caching not enabled.
[        ] Caching disabled for MergeInstrumentationAnalysisTransform: /root/.gradle/caches/8.14/transforms/1a1d3b61d5a868318f8594a976389b2b/transformed/analysis/instrumentation-dependencies.bin because:
[        ]   Build cache is disabled
[        ]   Caching not enabled.
[        ] Caching disabled for MergeInstrumentationAnalysisTransform: /root/.gradle/caches/8.14/transforms/f3a6428d10373325c1383925ba5e9024/transformed/analysis/instrumentation-dependencies.bin because:
[        ]   Build cache is disabled
[        ]   Caching not enabled.
[        ] Caching disabled for MergeInstrumentationAnalysisTransform: /root/.gradle/caches/modules-2/files-2.1/org.apache.commons/commons-compress/1.21/4ec95b60d4e86b5c95a0e919cb172a0af98011ef/commons-compress-1.21.jar because:
[        ]   Build cache is disabled
[        ]   Caching not enabled.
[        ] Caching disabled for MergeInstrumentationAnalysisTransform: /root/.gradle/caches/modules-2/files-2.1/org.apache.httpcomponents/httpclient/4.5.14/1194890e6f56ec29177673f2f12d0b8e627dec98/httpclient-4.5.14.jar because:
[        ]   Build cache is disabled
[        ]   Caching not enabled.
[        ] Caching disabled for MergeInstrumentationAnalysisTransform: /root/.gradle/caches/modules-2/files-2.1/org.apache.httpcomponents/httpcore/4.4.16/51cf043c87253c9f58b539c9f7e44c8894223850/httpcore-4.4.16.jar because:
[        ]   Build cache is disabled
[        ]   Caching not enabled.
[        ] Caching disabled for MergeInstrumentationAnalysisTransform: /root/.gradle/caches/modules-2/files-2.1/org.bouncycastle/bcutil-jdk18on/1.79/ecfc5aef97cc7676ea0de5c53c407b9f533f0ad5/bcutil-jdk18on-1.79.jar because:
[        ]   Build cache is disabled
[        ]   Caching not enabled.
[        ] Caching disabled for MergeInstrumentationAnalysisTransform: /root/.gradle/caches/modules-2/files-2.1/com.sun.activation/javax.activation/1.2.0/bf744c1e2776ed1de3c55c8dac1057ec331ef744/javax.activation-1.2.0.jar because:
[        ]   Build cache is disabled
[        ]   Caching not enabled.
[        ] Caching disabled for MergeInstrumentationAnalysisTransform: /root/.gradle/caches/modules-2/files-2.1/org.jetbrains/annotations/23.0.0/8cc20c07506ec18e0834947b84a864bfc094484e/annotations-23.0.0.jar because:
[        ]   Build cache is disabled
[        ]   Caching not enabled.
[        ] Caching disabled for MergeInstrumentationAnalysisTransform: /root/.gradle/caches/8.14/transforms/2645c05aeda7109119d53cdc6fd99d56/transformed/analysis/instrumentation-dependencies.bin because:
[        ]   Build cache is disabled
[        ]   Caching not enabled.
[        ] Caching disabled for MergeInstrumentationAnalysisTransform: /root/.gradle/caches/8.14/transforms/f62290c4265fae9fb0cf357d49462801/transformed/analysis/instrumentation-hierarchy.bin because:
[        ]   Build cache is disabled
[        ]   Caching not enabled.
[        ] Caching disabled for MergeInstrumentationAnalysisTransform: /root/.gradle/caches/8.14/transforms/124d318d2ffb5fe8d179d5fd16f49205/transformed/analysis/instrumentation-hierarchy.bin because:
[        ]   Build cache is disabled
[        ]   Caching not enabled.
[        ] Caching disabled for MergeInstrumentationAnalysisTransform: /root/.gradle/caches/8.14/transforms/6fada6fe056531e0cfb2bb09f64a7a94/transformed/analysis/instrumentation-hierarchy.bin because:
[        ]   Build cache is disabled
[        ]   Caching not enabled.
[        ] Caching disabled for MergeInstrumentationAnalysisTransform: /root/.gradle/caches/modules-2/files-2.1/org.bouncycastle/bcprov-jdk18on/1.79/4d8e2732bcee15f1db93df266c3f5b70ce5cac21/bcprov-jdk18on-1.79.jar because:
[        ]   Build cache is disabled
[        ]   Caching not enabled.
[        ] Caching disabled for ExternalDependencyInstrumentingArtifactTransform: /root/.gradle/caches/8.14/transforms/f2b4a422807047db67dc43d972326001/transformed/merge/instrumentation-dependencies.bin because:
[        ]   Build cache is disabled
[        ]   Caching not enabled.
[        ] Caching disabled for MergeInstrumentationAnalysisTransform: /root/.gradle/caches/8.14/transforms/f62290c4265fae9fb0cf357d49462801/transformed/analysis/instrumentation-dependencies.bin because:
[        ]   Build cache is disabled
[        ]   Caching not enabled.
[        ] Caching disabled for MergeInstrumentationAnalysisTransform: /root/.gradle/caches/8.14/transforms/124d318d2ffb5fe8d179d5fd16f49205/transformed/analysis/instrumentation-dependencies.bin because:
[        ]   Build cache is disabled
[        ]   Caching not enabled.
[        ] Caching disabled for MergeInstrumentationAnalysisTransform: /root/.gradle/caches/8.14/transforms/63e0a1f75d91cde9ecfd6e29ce3f4dc8/transformed/analysis/instrumentation-hierarchy.bin because:
[        ]   Build cache is disabled
[        ]   Caching not enabled.
[        ] Caching disabled for MergeInstrumentationAnalysisTransform: /root/.gradle/caches/8.14/transforms/6fada6fe056531e0cfb2bb09f64a7a94/transformed/analysis/instrumentation-dependencies.bin because:
[        ]   Build cache is disabled
[        ]   Caching not enabled.
[        ] Caching disabled for MergeInstrumentationAnalysisTransform: /root/.gradle/caches/8.14/transforms/e0226a994236d7bf90152c665abe60df/transformed/analysis/instrumentation-dependencies.bin because:
[        ]   Build cache is disabled
[        ]   Caching not enabled.
[        ] Caching disabled for MergeInstrumentationAnalysisTransform: /root/.gradle/caches/8.14/transforms/63e0a1f75d91cde9ecfd6e29ce3f4dc8/transformed/analysis/instrumentation-dependencies.bin because:
[        ]   Build cache is disabled
[        ]   Caching not enabled.
[        ] Caching disabled for MergeInstrumentationAnalysisTransform: /root/.gradle/caches/modules-2/files-2.1/com.android.tools/annotations/31.12.1/a9a04a78f42fdb0276a0fc7fd538890f856a9753/annotations-31.12.1.jar because:
[        ]   Build cache is disabled
[        ]   Caching not enabled.
[        ] Caching disabled for MergeInstrumentationAnalysisTransform: /root/.gradle/caches/modules-2/files-2.1/net.java.dev.jna/jna-platform/5.6.0/d18424ffb8bbfd036d71bcaab9b546858f2ef986/jna-platform-5.6.0.jar because:
[        ]   Build cache is disabled
[        ]   Caching not enabled.
[        ] Caching disabled for MergeInstrumentationAnalysisTransform: /root/.gradle/caches/modules-2/files-2.1/com.android/signflinger/8.12.1/13f035dd8e7e470ff8f3216a0b46333187f26df5/signflinger-8.12.1.jar because:
[        ]   Build cache is disabled
[        ]   Caching not enabled.
[        ] Caching disabled for ExternalDependencyInstrumentingArtifactTransform: /root/.gradle/caches/modules-2/files-2.1/org.jetbrains/annotations/23.0.0/8cc20c07506ec18e0834947b84a864bfc094484e/annotations-23.0.0.jar because:
[        ]   Build cache is disabled
[        ]   Caching not enabled.
[        ] Caching disabled for MergeInstrumentationAnalysisTransform: /root/.gradle/caches/modules-2/files-2.1/javax.annotation/javax.annotation-api/1.3.2/934c04d3cfef185a8008e7bf34331b79730a9d43/javax.annotation-api-1.3.2.jar because:
[        ]   Build cache is disabled
[        ]   Caching not enabled.
[        ] Caching disabled for ExternalDependencyInstrumentingArtifactTransform: /root/.gradle/caches/8.14/transforms/d15f512b16983615f6594052ea7f4c62/transformed/merge/instrumentation-dependencies.bin because:
[        ]   Build cache is disabled
[        ]   Caching not enabled.
[        ] Caching disabled for ExternalDependencyInstrumentingArtifactTransform: /root/.gradle/caches/8.14/transforms/483fb91c0286dd0ca0b420869cd864f1/transformed/merge/instrumentation-dependencies.bin because:
[        ]   Build cache is disabled
[        ]   Caching not enabled.
[        ] Caching disabled for MergeInstrumentationAnalysisTransform: /root/.gradle/caches/modules-2/files-2.1/com.googlecode.juniversalchardet/juniversalchardet/1.0.3/cd49678784c46aa8789c060538e0154013bb421b/juniversalchardet-1.0.3.jar because:
[        ]   Build cache is disabled
[        ]   Caching not enabled.
[        ] Caching disabled for MergeInstrumentationAnalysisTransform: /root/.gradle/caches/modules-2/files-2.1/com.android/zipflinger/8.12.1/3a3b1786c331db72b9610eb1f68f0ec1ec9a1f/zipflinger-8.12.1.jar because:
[        ]   Build cache is disabled
[        ]   Caching not enabled.
[        ] Caching disabled for MergeInstrumentationAnalysisTransform: /root/.gradle/caches/8.14/transforms/8c12647086c0a3ca5d593c8e6e97b7eb/transformed/analysis/instrumentation-hierarchy.bin because:
[        ]   Build cache is disabled
[        ]   Caching not enabled.
[        ] Caching disabled for MergeInstrumentationAnalysisTransform: /root/.gradle/caches/8.14/transforms/a9bb419057f2ec78198df5a5329559ea/transformed/analysis/instrumentation-hierarchy.bin because:
[        ]   Build cache is disabled
[        ]   Caching not enabled.
[        ] Caching disabled for MergeInstrumentationAnalysisTransform: /root/.gradle/caches/8.14/transforms/0e4888efffc5b1de0f2cc5286369299e/transformed/analysis/instrumentation-hierarchy.bin because:
[        ]   Build cache is disabled
[        ]   Caching not enabled.
[        ] Caching disabled for MergeInstrumentationAnalysisTransform: /root/.gradle/caches/8.14/transforms/9a9891476629ac44014c62adfce6452d/transformed/analysis/instrumentation-hierarchy.bin because:
[        ]   Build cache is disabled
[        ]   Caching not enabled.
[        ] Caching disabled for MergeInstrumentationAnalysisTransform: /root/.gradle/caches/8.14/transforms/8c12647086c0a3ca5d593c8e6e97b7eb/transformed/analysis/instrumentation-dependencies.bin because:
[        ]   Build cache is disabled
[        ]   Caching not enabled.
[        ] Caching disabled for ExternalDependencyInstrumentingArtifactTransform: /root/.gradle/caches/8.14/transforms/bca957075524ce34ecb9cf3a14b3ba5c/transformed/merge/instrumentation-dependencies.bin because:
[        ]   Build cache is disabled
[        ]   Caching not enabled.
[        ] Caching disabled for MergeInstrumentationAnalysisTransform: /root/.gradle/caches/8.14/transforms/a9bb419057f2ec78198df5a5329559ea/transformed/analysis/instrumentation-dependencies.bin because:
[        ]   Build cache is disabled
[        ]   Caching not enabled.
[        ] Caching disabled for ExternalDependencyInstrumentingArtifactTransform: /root/.gradle/caches/modules-2/files-2.1/com.android/signflinger/8.12.1/13f035dd8e7e470ff8f3216a0b46333187f26df5/signflinger-8.12.1.jar because:
[        ]   Build cache is disabled
[        ]   Caching not enabled.
[        ] Caching disabled for MergeInstrumentationAnalysisTransform: /root/.gradle/caches/8.14/transforms/0e4888efffc5b1de0f2cc5286369299e/transformed/analysis/instrumentation-dependencies.bin because:
[        ]   Build cache is disabled
[        ]   Caching not enabled.
[        ] Caching disabled for MergeInstrumentationAnalysisTransform: /root/.gradle/caches/8.14/transforms/9a9891476629ac44014c62adfce6452d/transformed/analysis/instrumentation-dependencies.bin because:
[        ]   Build cache is disabled
[        ]   Caching not enabled.
[        ] Caching disabled for MergeInstrumentationAnalysisTransform: /root/.gradle/caches/8.14/transforms/fefff9ef1ad0af2b4d20e97600842cb4/transformed/analysis/instrumentation-hierarchy.bin because:
[        ]   Build cache is disabled
[        ]   Caching not enabled.
[        ] Caching disabled for MergeInstrumentationAnalysisTransform: /root/.gradle/caches/modules-2/files-2.1/jakarta.xml.bind/jakarta.xml.bind-api/2.3.2/8d49996a4338670764d7ca4b85a1c4ccf7fe665d/jakarta.xml.bind-api-2.3.2.jar because:
[        ]   Build cache is disabled
[        ]   Caching not enabled.
[        ] Caching disabled for ExternalDependencyInstrumentingArtifactTransform: /root/.gradle/caches/modules-2/files-2.1/com.android.tools/annotations/31.12.1/a9a04a78f42fdb0276a0fc7fd538890f856a9753/annotations-31.12.1.jar because:
[        ]   Build cache is disabled
[        ]   Caching not enabled.
[        ] Caching disabled for MergeInstrumentationAnalysisTransform: /root/.gradle/caches/modules-2/files-2.1/org.jvnet.staxex/stax-ex/1.8.1/78011e483a21102fb4858f3e8f269a677e50aa23/stax-ex-1.8.1.jar because:
[        ]   Build cache is disabled
[        ]   Caching not enabled.
[        ] Caching disabled for MergeInstrumentationAnalysisTransform: /root/.gradle/caches/8.14/transforms/fefff9ef1ad0af2b4d20e97600842cb4/transformed/analysis/instrumentation-dependencies.bin because:
[        ]   Build cache is disabled
[        ]   Caching not enabled.
[        ] Caching disabled for MergeInstrumentationAnalysisTransform: /root/.gradle/caches/8.14/transforms/c491d8608f57b6bb06428abd12a909c3/transformed/analysis/instrumentation-hierarchy.bin because:
[        ]   Build cache is disabled
[        ]   Caching not enabled.
[        ] Caching disabled for MergeInstrumentationAnalysisTransform: /root/.gradle/caches/modules-2/files-2.1/org.glassfish.jaxb/txw2/2.3.2/ce5be7da2e442c25ec14c766cb60cb802741727b/txw2-2.3.2.jar because:
[        ]   Build cache is disabled
[        ]   Caching not enabled.
[        ] Caching disabled for MergeInstrumentationAnalysisTransform: /root/.gradle/caches/modules-2/files-2.1/com.sun.istack/istack-commons-runtime/3.0.8/d6a97364045aa6b99bf2d3c566a3f98599c2d296/istack-commons-runtime-3.0.8.jar because:
[        ]   Build cache is disabled
[        ]   Caching not enabled.
[        ] Caching disabled for MergeInstrumentationAnalysisTransform: /root/.gradle/caches/8.14/transforms/c491d8608f57b6bb06428abd12a909c3/transformed/analysis/instrumentation-dependencies.bin because:
[        ]   Build cache is disabled
[        ]   Caching not enabled.
[        ] Caching disabled for MergeInstrumentationAnalysisTransform: /root/.gradle/caches/8.14/transforms/9f7bf5a533b6fa8b7c91c970eaa2b8a2/transformed/analysis/instrumentation-dependencies.bin because:
[        ]   Build cache is disabled
[        ]   Caching not enabled.
[        ] Caching disabled for MergeInstrumentationAnalysisTransform: /root/.gradle/caches/8.14/transforms/cf0bc295990994c9b29b9073cba028df/transformed/analysis/instrumentation-dependencies.bin because:
[        ]   Build cache is disabled
[        ]   Caching not enabled.
[        ] Caching disabled for MergeInstrumentationAnalysisTransform: /root/.gradle/caches/8.14/transforms/b964b2a10de25da1ef0fd6f921058bc2/transformed/analysis/instrumentation-hierarchy.bin because:
[        ]   Build cache is disabled
[        ]   Caching not enabled.
[        ] Caching disabled for MergeInstrumentationAnalysisTransform: /root/.gradle/caches/modules-2/files-2.1/com.sun.xml.fastinfoset/FastInfoset/1.2.16/4eb6a0adad553bf759ffe86927df6f3b848c8bea/FastInfoset-1.2.16.jar because:
[        ]   Build cache is disabled
[        ]   Caching not enabled.
[        ] Caching disabled for MergeInstrumentationAnalysisTransform: /root/.gradle/caches/modules-2/files-2.1/com.google.auto.value/auto-value-annotations/1.6.2/ed193d86e0af90cc2342aedbe73c5d86b03fa09b/auto-value-annotations-1.6.2.jar because:
[        ]   Build cache is disabled
[        ]   Caching not enabled.
[        ] Caching disabled for MergeInstrumentationAnalysisTransform: /root/.gradle/caches/modules-2/files-2.1/jakarta.activation/jakarta.activation-api/1.2.1/562a587face36ec7eff2db7f2fc95425c6602bc1/jakarta.activation-api-1.2.1.jar because:
[        ]   Build cache is disabled
[        ]   Caching not enabled.
[        ] Caching disabled for ExternalDependencyInstrumentingArtifactTransform: /root/.gradle/caches/modules-2/files-2.1/org.jetbrains.kotlin/kotlin-stdlib/2.1.20/aa8ca79cd50578314f6d1180c47cbe14c0fee567/kotlin-stdlib-2.1.20.jar because:
[        ]   Build cache is disabled
[        ]   Caching not enabled.
[        ] Caching disabled for MergeInstrumentationAnalysisTransform: /root/.gradle/caches/8.14/transforms/6f8bdd5d75a2382fcea921634ccf18cb/transformed/analysis/instrumentation-hierarchy.bin because:
[        ]   Build cache is disabled
[        ]   Caching not enabled.
[        ] Caching disabled for MergeInstrumentationAnalysisTransform: /root/.gradle/caches/8.14/transforms/b964b2a10de25da1ef0fd6f921058bc2/transformed/analysis/instrumentation-dependencies.bin because:
[        ]   Build cache is disabled
[        ]   Caching not enabled.
[        ] Caching disabled for MergeInstrumentationAnalysisTransform: /root/.gradle/caches/modules-2/files-2.1/com.google.errorprone/error_prone_annotations/2.30.0/ff171acb7fb9cbe2b9f50b391e1d52459d30ee62/error_prone_annotations-2.30.0.jar because:
[        ]   Build cache is disabled
[        ]   Caching not enabled.
[        ] Caching disabled for MergeInstrumentationAnalysisTransform: /root/.gradle/caches/8.14/transforms/58004fb02668d400301539bc7fd0023b/transformed/analysis/instrumentation-hierarchy.bin because:
[        ]   Build cache is disabled
[        ]   Caching not enabled.
[        ] Caching disabled for MergeInstrumentationAnalysisTransform: /root/.gradle/caches/8.14/transforms/d8695b060e50975c4594c2fcb6098560/transformed/analysis/instrumentation-hierarchy.bin because:
[        ]   Build cache is disabled
[        ]   Caching not enabled.
[        ] Caching disabled for MergeInstrumentationAnalysisTransform: /root/.gradle/caches/8.14/transforms/4cd17ccd69a423c77b4cc921baa79a8e/transformed/analysis/instrumentation-dependencies.bin because:
[        ]   Build cache is disabled
[        ]   Caching not enabled.
[        ] Caching disabled for MergeInstrumentationAnalysisTransform: /root/.gradle/caches/8.14/transforms/6f8bdd5d75a2382fcea921634ccf18cb/transformed/analysis/instrumentation-dependencies.bin because:
[        ]   Build cache is disabled
[        ]   Caching not enabled.
[        ] Caching disabled for MergeInstrumentationAnalysisTransform: /root/.gradle/caches/8.14/transforms/085ab5d22c0c73b805b5ceab6a9ea7ff/transformed/analysis/instrumentation-dependencies.bin because:
[        ]   Build cache is disabled
[        ]   Caching not enabled.
[        ] Caching disabled for MergeInstrumentationAnalysisTransform: /root/.gradle/caches/8.14/transforms/3871849f067229dac404822e0cc10652/transformed/analysis/instrumentation-dependencies.bin because:
[        ]   Build cache is disabled
[        ]   Caching not enabled.
[        ] Caching disabled for ExternalDependencyInstrumentingArtifactTransform: /root/.gradle/caches/modules-2/files-2.1/com.android/zipflinger/8.12.1/3a3b1786c331db72b9610eb1f68f0ec1ec9a1f/zipflinger-8.12.1.jar because:
[        ]   Build cache is disabled
[        ]   Caching not enabled.
[        ] Caching disabled for MergeInstrumentationAnalysisTransform: /root/.gradle/caches/modules-2/files-2.1/org.slf4j/slf4j-api/1.7.30/b5a4b6d16ab13e34a88fae84c35cd5d68cac922c/slf4j-api-1.7.30.jar because:
[        ]   Build cache is disabled
[        ]   Caching not enabled.
[        ] Caching disabled for MergeInstrumentationAnalysisTransform: /root/.gradle/caches/8.14/transforms/58004fb02668d400301539bc7fd0023b/transformed/analysis/instrumentation-dependencies.bin because:
[        ]   Build cache is disabled
[        ]   Caching not enabled.
[        ] Caching disabled for MergeInstrumentationAnalysisTransform: /root/.gradle/caches/8.14/transforms/d8695b060e50975c4594c2fcb6098560/transformed/analysis/instrumentation-dependencies.bin because:
[        ]   Build cache is disabled
[        ]   Caching not enabled.
[        ] Caching disabled for MergeInstrumentationAnalysisTransform: /root/.gradle/caches/modules-2/files-2.1/org.bitbucket.b_c/jose4j/0.9.5/e4ca26802488e6f16e24558d74ac8775a955fdd3/jose4j-0.9.5.jar because:
[        ]   Build cache is disabled
[        ]   Caching not enabled.
[        ] Caching disabled for MergeInstrumentationAnalysisTransform: /root/.gradle/caches/modules-2/files-2.1/com.google.j2objc/j2objc-annotations/3.0.0/7399e65dd7e9ff3404f4535b2f017093bdb134c7/j2objc-annotations-3.0.0.jar because:
[        ]   Build cache is disabled
[        ]   Caching not enabled.
[        ] Caching disabled for MergeInstrumentationAnalysisTransform: /root/.gradle/caches/8.14/transforms/ccd4d5146633deeb32e056fb256bbedb/transformed/analysis/instrumentation-hierarchy.bin because:
[        ]   Build cache is disabled
[        ]   Caching not enabled.
[        ] Caching disabled for MergeInstrumentationAnalysisTransform: /root/.gradle/caches/modules-2/files-2.1/com.google.android/annotations/4.1.1.4/a1678ba907bf92691d879fef34e1a187038f9259/annotations-4.1.1.4.jar because:
[        ]   Build cache is disabled
[        ]   Caching not enabled.
[        ] Caching disabled for MergeInstrumentationAnalysisTransform: /root/.gradle/caches/8.14/transforms/83c733493e2ffb6ca81f2223bd181a35/transformed/analysis/instrumentation-hierarchy.bin because:
[        ]   Build cache is disabled
[        ]   Caching not enabled.
[        ] Caching disabled for MergeInstrumentationAnalysisTransform: /root/.gradle/caches/8.14/transforms/617ef37ad16b012eb8c48e988c6f42af/transformed/analysis/instrumentation-hierarchy.bin because:
[        ]   Build cache is disabled
[        ]   Caching not enabled.
[        ] Caching disabled for MergeInstrumentationAnalysisTransform: /root/.gradle/caches/modules-2/files-2.1/com.google.code.findbugs/jsr305/3.0.2/25ea2e8b0c338a877313bd4672d3fe056ea78f0d/jsr305-3.0.2.jar because:
[        ]   Build cache is disabled
[        ]   Caching not enabled.
[        ] Caching disabled for MergeInstrumentationAnalysisTransform: /root/.gradle/caches/modules-2/files-2.1/org.jdom/jdom2/2.0.6/6f14738ec2e9dd0011e343717fa624a10f8aab64/jdom2-2.0.6.jar because:
[        ]   Build cache is disabled
[        ]   Caching not enabled.
[        ] Caching disabled for MergeInstrumentationAnalysisTransform: /root/.gradle/caches/modules-2/files-2.1/org.codehaus.mojo/animal-sniffer-annotations/1.24/aa9ba58d30e0aad7f1808fce9c541ea3760678d8/animal-sniffer-annotations-1.24.jar because:
[        ]   Build cache is disabled
[        ]   Caching not enabled.
[        ] Caching disabled for MergeInstrumentationAnalysisTransform: /root/.gradle/caches/8.14/transforms/83c733493e2ffb6ca81f2223bd181a35/transformed/analysis/instrumentation-dependencies.bin because:
[        ]   Build cache is disabled
[        ]   Caching not enabled.
[        ] Caching disabled for MergeInstrumentationAnalysisTransform: /root/.gradle/caches/8.14/transforms/f51ccf8076d57690ada9d88dd133c67d/transformed/analysis/instrumentation-hierarchy.bin because:
[        ]   Build cache is disabled
[        ]   Caching not enabled.
[        ] Caching disabled for MergeInstrumentationAnalysisTransform: /root/.gradle/caches/8.14/transforms/ccd4d5146633deeb32e056fb256bbedb/transformed/analysis/instrumentation-dependencies.bin because:
[        ]   Build cache is disabled
[        ]   Caching not enabled.
[        ] Caching disabled for MergeInstrumentationAnalysisTransform: /root/.gradle/caches/8.14/transforms/0539fa9ce4a552e6547543e3cb637c3a/transformed/analysis/instrumentation-hierarchy.bin because:
[        ]   Build cache is disabled
[        ]   Caching not enabled.
[        ] Caching disabled for MergeInstrumentationAnalysisTransform: /root/.gradle/caches/8.14/transforms/6133e5f6d0c97db3ac5bdf0126bb4bfe/transformed/analysis/instrumentation-dependencies.bin because:
[        ]   Build cache is disabled
[        ]   Caching not enabled.
[        ] Caching disabled for MergeInstrumentationAnalysisTransform: /root/.gradle/caches/8.14/transforms/4a64bb08c97cd9af22d53813f1ddeb2d/transformed/analysis/instrumentation-hierarchy.bin because:
[        ]   Build cache is disabled
[        ]   Caching not enabled.
[        ] Caching disabled for MergeInstrumentationAnalysisTransform: /root/.gradle/caches/8.14/transforms/f51ccf8076d57690ada9d88dd133c67d/transformed/analysis/instrumentation-dependencies.bin because:
[        ]   Build cache is disabled
[        ]   Caching not enabled.
[        ] Caching disabled for MergeInstrumentationAnalysisTransform: /root/.gradle/caches/8.14/transforms/78583f17d4edeeba34d50f9204b52fbe/transformed/analysis/instrumentation-hierarchy.bin because:
[        ]   Build cache is disabled
[        ]   Caching not enabled.
[        ] Caching disabled for MergeInstrumentationAnalysisTransform: /root/.gradle/caches/8.14/transforms/617ef37ad16b012eb8c48e988c6f42af/transformed/analysis/instrumentation-dependencies.bin because:
[        ]   Build cache is disabled
[        ]   Caching not enabled.
[        ] Caching disabled for MergeInstrumentationAnalysisTransform: /root/.gradle/caches/modules-2/files-2.1/io.perfmark/perfmark-api/0.27.0/f86f575a41b091786a4b027cd9c0c1d2e3fc1c01/perfmark-api-0.27.0.jar because:
[        ]   Build cache is disabled
[        ]   Caching not enabled.
[        ] Caching disabled for MergeInstrumentationAnalysisTransform: /root/.gradle/caches/8.14/transforms/0539fa9ce4a552e6547543e3cb637c3a/transformed/analysis/instrumentation-dependencies.bin because:
[        ]   Build cache is disabled
[        ]   Caching not enabled.
[        ] Caching disabled for MergeInstrumentationAnalysisTransform: /root/.gradle/caches/modules-2/files-2.1/io.netty/netty-codec-http2/4.1.110.Final/e0849843eb5b1c036b12551baca98a9f7ff847a0/netty-codec-http2-4.1.110.Final.jar because:
[        ]   Build cache is disabled
[        ]   Caching not enabled.
[        ] Caching disabled for MergeInstrumentationAnalysisTransform: /root/.gradle/caches/8.14/transforms/78583f17d4edeeba34d50f9204b52fbe/transformed/analysis/instrumentation-dependencies.bin because:
[        ]   Build cache is disabled
[        ]   Caching not enabled.
[        ] Caching disabled for MergeInstrumentationAnalysisTransform: /root/.gradle/caches/8.14/transforms/4a64bb08c97cd9af22d53813f1ddeb2d/transformed/analysis/instrumentation-dependencies.bin because:
[        ]   Build cache is disabled
[        ]   Caching not enabled.
[        ] Caching disabled for MergeInstrumentationAnalysisTransform: /root/.gradle/caches/modules-2/files-2.1/org.checkerframework/checker-qual/3.43.0/9425eee39e56b116d2b998b7c2cebcbd11a3c98b/checker-qual-3.43.0.jar because:
[        ]   Build cache is disabled
[        ]   Caching not enabled.
[        ] Caching disabled for MergeInstrumentationAnalysisTransform: /root/.gradle/caches/modules-2/files-2.1/io.netty/netty-codec-http/4.1.110.Final/9d05cd927209ea25bbf342962c00b8e5a828c2a4/netty-codec-http-4.1.110.Final.jar because:
[        ]   Build cache is disabled
[        ]   Caching not enabled.
[        ] Caching disabled for MergeInstrumentationAnalysisTransform: /root/.gradle/caches/8.14/transforms/686bf4cfe7f84bbadfff8cfc881e76ad/transformed/analysis/instrumentation-dependencies.bin because:
[        ]   Build cache is disabled
[        ]   Caching not enabled.
[        ] Caching disabled for MergeInstrumentationAnalysisTransform: /root/.gradle/caches/modules-2/files-2.1/io.netty/netty-handler-proxy/4.1.110.Final/b7fb401dd47c79e6b99f2319ac3b561c50c31c30/netty-handler-proxy-4.1.110.Final.jar because:
[        ]   Build cache is disabled
[        ]   Caching not enabled.
[        ] Caching disabled for MergeInstrumentationAnalysisTransform: /root/.gradle/caches/8.14/transforms/2d6ad7057afe351af184d49f5efa7fa0/transformed/analysis/instrumentation-hierarchy.bin because:
[        ]   Build cache is disabled
[        ]   Caching not enabled.
[        ] Caching disabled for MergeInstrumentationAnalysisTransform: /root/.gradle/caches/modules-2/files-2.1/io.netty/netty-transport-native-unix-common/4.1.110.Final/a7096e7c0a25a983647909d7513f5d4943d589c0/netty-transport-native-unix-common-4.1.110.Final.jar because:
[        ]   Build cache is disabled
[        ]   Caching not enabled.
[        ] Caching disabled for MergeInstrumentationAnalysisTransform: /root/.gradle/caches/modules-2/files-2.1/com.android.tools.build/apksig/8.12.1/f005788487574c7d6ba23dea63bf8cb3a4f164a6/apksig-8.12.1.jar because:
[        ]   Build cache is disabled
[        ]   Caching not enabled.
[        ] Caching disabled for MergeInstrumentationAnalysisTransform: /root/.gradle/caches/modules-2/files-2.1/io.netty/netty-handler/4.1.110.Final/168db749c22652ee7fed1ebf7ec46ce856d75e51/netty-handler-4.1.110.Final.jar because:
[        ]   Build cache is disabled
[        ]   Caching not enabled.
[        ] Caching disabled for MergeInstrumentationAnalysisTransform: /root/.gradle/caches/8.14/transforms/b4e207aa96e8d470c5c1c936134d8f4c/transformed/analysis/instrumentation-dependencies.bin because:
[        ]   Build cache is disabled
[        ]   Caching not enabled.
[        ] Caching disabled for MergeInstrumentationAnalysisTransform: /root/.gradle/caches/8.14/transforms/8e362c5f3c362fbc630f6643bca41639/transformed/analysis/instrumentation-hierarchy.bin because:
[        ]   Build cache is disabled
[   +1 ms]   Caching not enabled.
[        ] Caching disabled for MergeInstrumentationAnalysisTransform: /root/.gradle/caches/8.14/transforms/2d6ad7057afe351af184d49f5efa7fa0/transformed/analysis/instrumentation-dependencies.bin because:
[   +2 ms]   Build cache is disabled
[        ]   Caching not enabled.
[        ] Caching disabled for MergeInstrumentationAnalysisTransform: /root/.gradle/caches/8.14/transforms/059495c8615bae36d0fc93a846ab4920/transformed/analysis/instrumentation-hierarchy.bin because:
[        ]   Build cache is disabled
[        ]   Caching not enabled.
[        ] Caching disabled for MergeInstrumentationAnalysisTransform: /root/.gradle/caches/8.14/transforms/dd8a2aee7e449ddba7026d5522c99b95/transformed/analysis/instrumentation-hierarchy.bin because:
[        ]   Build cache is disabled
[        ]   Caching not enabled.
[        ] Caching disabled for MergeInstrumentationAnalysisTransform: /root/.gradle/caches/8.14/transforms/b61fb44fc1d8321fadf92de7a61bc6d5/transformed/analysis/instrumentation-hierarchy.bin because:
[        ]   Build cache is disabled
[        ]   Caching not enabled.
[        ] Caching disabled for MergeInstrumentationAnalysisTransform: /root/.gradle/caches/modules-2/files-2.1/com.google.guava/failureaccess/1.0.2/c4a06a64e650562f30b7bf9aaec1bfed43aca12b/failureaccess-1.0.2.jar because:
[        ]   Build cache is disabled
[        ]   Caching not enabled.
[  +62 ms] Caching disabled for MergeInstrumentationAnalysisTransform: /root/.gradle/caches/8.14/transforms/8e362c5f3c362fbc630f6643bca41639/transformed/analysis/instrumentation-dependencies.bin because:
[        ]   Build cache is disabled
[        ]   Caching not enabled.
[        ] Caching disabled for ExternalDependencyInstrumentingArtifactTransform: /root/.gradle/caches/8.14/transforms/98a45b387dd35633fa978345cd3db8a1/transformed/merge/instrumentation-dependencies.bin because:
[        ]   Build cache is disabled
[        ]   Caching not enabled.
[        ] Caching disabled for MergeInstrumentationAnalysisTransform: /root/.gradle/caches/modules-2/files-2.1/com.google.guava/listenablefuture/9999.0-empty-to-avoid-conflict-with-guava/b421526c5f297295adef1c886e5246c39d4ac629/listenablefuture-9999.0-empty-to-avoid-conflict-with-guava.jar because:
[        ]   Build cache is disabled
[        ]   Caching not enabled.
[        ] Caching disabled for MergeInstrumentationAnalysisTransform: /root/.gradle/caches/8.14/transforms/059495c8615bae36d0fc93a846ab4920/transformed/analysis/instrumentation-dependencies.bin because:
[        ]   Build cache is disabled
[        ]   Caching not enabled.
[        ] Caching disabled for MergeInstrumentationAnalysisTransform: /root/.gradle/caches/modules-2/files-2.1/com.squareup/javawriter/2.5.0/81241ff7078ef14f42ea2a8995fa09c096256e6b/javawriter-2.5.0.jar because:
[        ]   Build cache is disabled
[        ]   Caching not enabled.
[        ] Caching disabled for MergeInstrumentationAnalysisTransform: /root/.gradle/caches/8.14/transforms/dd8a2aee7e449ddba7026d5522c99b95/transformed/analysis/instrumentation-dependencies.bin because:
[        ]   Build cache is disabled
[        ]   Caching not enabled.
[        ] Caching disabled for MergeInstrumentationAnalysisTransform: /root/.gradle/caches/8.14/transforms/cc26bb6f1faed16f0f96d3d35df77724/transformed/analysis/instrumentation-hierarchy.bin because:
[        ]   Build cache is disabled
[        ]   Caching not enabled.
[        ] Caching disabled for MergeInstrumentationAnalysisTransform: /root/.gradle/caches/8.14/transforms/b61fb44fc1d8321fadf92de7a61bc6d5/transformed/analysis/instrumentation-dependencies.bin because:
[        ]   Build cache is disabled
[        ]   Caching not enabled.
[        ] Caching disabled for MergeInstrumentationAnalysisTransform: /root/.gradle/caches/8.14/transforms/0351b43ad8fd7f1c9e3d26f252940e1b/transformed/analysis/instrumentation-hierarchy.bin because:
[        ]   Build cache is disabled
[        ]   Caching not enabled.
[        ] Caching disabled for MergeInstrumentationAnalysisTransform: /root/.gradle/caches/modules-2/files-2.1/commons-logging/commons-logging/1.2/4bfc12adfe4842bf07b657f0369c4cb522955686/commons-logging-1.2.jar because:
[        ]   Build cache is disabled
[        ]   Caching not enabled.
[        ] Caching disabled for MergeInstrumentationAnalysisTransform: /root/.gradle/caches/modules-2/files-2.1/commons-codec/commons-codec/1.11/3acb4705652e16236558f0f4f2192cc33c3bd189/commons-codec-1.11.jar because:
[        ]   Build cache is disabled
[        ]   Caching not enabled.
[        ] Caching disabled for MergeInstrumentationAnalysisTransform: /root/.gradle/caches/8.14/transforms/ec41b8f9404b13e8f716ddadd79bd47c/transformed/analysis/instrumentation-hierarchy.bin because:
[        ]   Build cache is disabled
[        ]   Caching not enabled.
[        ] Caching disabled for MergeInstrumentationAnalysisTransform: /root/.gradle/caches/modules-2/files-2.1/io.netty/netty-codec-socks/4.1.110.Final/4d54c8d5b95b14756043efb59b8c3e62ec67aa43/netty-codec-socks-4.1.110.Final.jar because:
[        ]   Build cache is disabled
[        ]   Caching not enabled.
[        ] Caching disabled for MergeInstrumentationAnalysisTransform: /root/.gradle/caches/8.14/transforms/677a1829d77c1f5248ce88c9e300d627/transformed/analysis/instrumentation-hierarchy.bin because:
[        ]   Build cache is disabled
[        ]   Caching not enabled.
[        ] Caching disabled for MergeInstrumentationAnalysisTransform: /root/.gradle/caches/8.14/transforms/cc26bb6f1faed16f0f96d3d35df77724/transformed/analysis/instrumentation-dependencies.bin because:
[        ]   Build cache is disabled
[        ]   Caching not enabled.
[        ] Caching disabled for MergeInstrumentationAnalysisTransform: /root/.gradle/caches/8.14/transforms/ec41b8f9404b13e8f716ddadd79bd47c/transformed/analysis/instrumentation-dependencies.bin because:
[        ]   Build cache is disabled
[        ]   Caching not enabled.
[        ] Caching disabled for MergeInstrumentationAnalysisTransform: /root/.gradle/caches/8.14/transforms/0351b43ad8fd7f1c9e3d26f252940e1b/transformed/analysis/instrumentation-dependencies.bin because:
[        ]   Build cache is disabled
[        ]   Caching not enabled.
[        ] Caching disabled for MergeInstrumentationAnalysisTransform: /root/.gradle/caches/modules-2/files-2.1/net.java.dev.jna/jna/5.6.0/330f2244e9030119ab3030fc3fededc86713d9cc/jna-5.6.0.jar because:
[        ]   Build cache is disabled
[        ]   Caching not enabled.
[        ] Caching disabled for MergeInstrumentationAnalysisTransform: /root/.gradle/caches/8.14/transforms/677a1829d77c1f5248ce88c9e300d627/transformed/analysis/instrumentation-dependencies.bin because:
[        ]   Build cache is disabled
[        ]   Caching not enabled.
[        ] Caching disabled for MergeInstrumentationAnalysisTransform: /root/.gradle/caches/8.14/transforms/4eda740bb6ccf2909ae408fcc443d9fd/transformed/analysis/instrumentation-hierarchy.bin because:
[        ]   Build cache is disabled
[        ]   Caching not enabled.
[        ] Caching disabled for MergeInstrumentationAnalysisTransform: /root/.gradle/caches/modules-2/files-2.1/io.netty/netty-buffer/4.1.110.Final/3d918a9ee057d995c362902b54634fc307132aac/netty-buffer-4.1.110.Final.jar because:
[        ]   Build cache is disabled
[        ]   Caching not enabled.
[        ] Caching disabled for MergeInstrumentationAnalysisTransform: /root/.gradle/caches/8.14/transforms/4eda740bb6ccf2909ae408fcc443d9fd/transformed/analysis/instrumentation-dependencies.bin because:
[        ]   Build cache is disabled
[        ]   Caching not enabled.
[        ] Caching disabled for MergeInstrumentationAnalysisTransform: /root/.gradle/caches/modules-2/files-2.1/io.netty/netty-resolver/4.1.110.Final/66c15921104cda0159b34e316541bc765dfaf3c0/netty-resolver-4.1.110.Final.jar because:
[        ]   Build cache is disabled
[        ]   Caching not enabled.
[        ] Caching disabled for MergeInstrumentationAnalysisTransform: /root/.gradle/caches/modules-2/files-2.1/io.netty/netty-codec/4.1.110.Final/f1fa43b03e93ab88e805b6a4e3e83780c80b47d2/netty-codec-4.1.110.Final.jar because:
[        ]   Build cache is disabled
[        ]   Caching not enabled.
[        ] Caching disabled for MergeInstrumentationAnalysisTransform: /root/.gradle/caches/modules-2/files-2.1/io.netty/netty-transport/4.1.110.Final/b91f04c39ac14d6a29d07184ef305953ee6e0348/netty-transport-4.1.110.Final.jar because:
[        ]   Build cache is disabled
[        ]   Caching not enabled.
[        ] Caching disabled for MergeInstrumentationAnalysisTransform: /root/.gradle/caches/modules-2/files-2.1/io.netty/netty-common/4.1.110.Final/ec361e7e025c029be50c55c8480080cabcbc01e7/netty-common-4.1.110.Final.jar because:
[        ]   Build cache is disabled
[        ]   Caching not enabled.
[        ] Caching disabled for ExternalDependencyInstrumentingArtifactTransform: /root/.gradle/caches/modules-2/files-2.1/org.jetbrains.kotlin/kotlin-reflect/2.1.20/3c1003045c4f2a72f987a147abac8e7058be1183/kotlin-reflect-2.1.20.jar because:
[        ]   Build cache is disabled
[        ]   Caching not enabled.
[        ] Caching disabled for ExternalDependencyInstrumentingArtifactTransform: /root/.gradle/caches/modules-2/files-2.1/com.android.tools.build/apksig/8.12.1/f005788487574c7d6ba23dea63bf8cb3a4f164a6/apksig-8.12.1.jar because:
[        ]   Build cache is disabled
[        ]   Caching not enabled.
[ +494 ms] Caching disabled for ExternalDependencyInstrumentingArtifactTransform: /root/.gradle/caches/modules-2/files-2.1/com.android.tools.analytics-library/protos/31.12.1/46635092b33a3a78a955f23185f0e924855e18a0/protos-31.12.1.jar because:
[        ]   Build cache is disabled
[        ]   Caching not enabled.
[ +199 ms] Caching disabled for ExternalDependencyInstrumentingArtifactTransform: /root/.gradle/caches/modules-2/files-2.1/com.android.tools.build/gradle/8.12.1/d921b8904dab9d29a383b9e12879faedf9d928cb/gradle-8.12.1.jar because:
[        ]   Build cache is disabled
[        ]   Caching not enabled.
[        ] Caching disabled for ExternalDependencyInstrumentingArtifactTransform: /root/.gradle/caches/modules-2/files-2.1/com.android.tools.build/builder/8.12.1/bd1cd41590f7e2f8259cbd452ee60e9066a3e2c0/builder-8.12.1.jar because:
[        ]   Build cache is disabled
[        ]   Caching not enabled.
[ +699 ms] Caching disabled for Groovy DSL script compilation (proj) because:
[        ]   Build cache is disabled
[        ]   Not worth caching.
[        ] Compiling build file '/root/.pub-cache/hosted/pub.dev/connectivity_plus-7.0.0/android/build.gradle' using BuildScriptTransformer.
[  +99 ms] Using default execution profile
[+2100 ms] > Configure project :device_info_plus
[        ] Evaluating project ':device_info_plus' using build file '/root/.pub-cache/hosted/pub.dev/device_info_plus-12.3.0/android/build.gradle'.
[        ] Caching disabled for Groovy DSL script compilation (cp_proj) because:
[        ]   Build cache is disabled
[        ]   Not worth caching.
[        ] Compiling build file '/root/.pub-cache/hosted/pub.dev/device_info_plus-12.3.0/android/build.gradle' using SubsetScriptTransformer.
[        ] Resource missing. [HTTP GET: https://dl.google.com/dl/android/maven2/org/jetbrains/kotlin/kotlin-gradle-plugin/2.2.0/kotlin-gradle-plugin-2.2.0.pom]
[        ] Downloading https://repo.maven.apache.org/maven2/org/jetbrains/kotlin/kotlin-gradle-plugin/2.2.0/kotlin-gradle-plugin-2.2.0.pom to /root/.gradle/.tmp/gradle_download13096048596556808047bin
[        ] Resource missing. [HTTP GET: https://dl.google.com/dl/android/maven2/org/jetbrains/kotlin/kotlin-gradle-plugins-bom/2.2.0/kotlin-gradle-plugins-bom-2.2.0.pom]
[        ] Downloading https://repo.maven.apache.org/maven2/org/jetbrains/kotlin/kotlin-gradle-plugins-bom/2.2.0/kotlin-gradle-plugins-bom-2.2.0.pom to /root/.gradle/.tmp/gradle_download7547690743035678544bin
[        ] Downloading https://repo.maven.apache.org/maven2/org/jetbrains/kotlin/kotlin-gradle-plugins-bom/2.2.0/kotlin-gradle-plugins-bom-2.2.0.module to /root/.gradle/.tmp/gradle_download9103746679333137218bin
[        ] Downloading https://repo.maven.apache.org/maven2/org/jetbrains/kotlin/kotlin-gradle-plugin/2.2.0/kotlin-gradle-plugin-2.2.0.module to /root/.gradle/.tmp/gradle_download16743696233210554112bin
[        ] Resource missing. [HTTP GET: https://dl.google.com/dl/android/maven2/org/jetbrains/kotlin/kotlin-gradle-plugin-idea/2.2.0/kotlin-gradle-plugin-idea-2.2.0.pom]
[        ] Downloading https://repo.maven.apache.org/maven2/org/jetbrains/kotlin/kotlin-gradle-plugin-idea/2.2.0/kotlin-gradle-plugin-idea-2.2.0.pom to /root/.gradle/.tmp/gradle_download6502608205549850960bin
[        ] Downloading https://repo.maven.apache.org/maven2/org/jetbrains/kotlin/kotlin-gradle-plugin-idea/2.2.0/kotlin-gradle-plugin-idea-2.2.0.module to /root/.gradle/.tmp/gradle_download8317638250537564031bin
[        ] Resource missing. [HTTP GET: https://dl.google.com/dl/android/maven2/org/jetbrains/kotlin/kotlin-compiler-runner/2.2.0/kotlin-compiler-runner-2.2.0.pom]
[        ] Resource missing. [HTTP GET: https://dl.google.com/dl/android/maven2/org/jetbrains/kotlin/kotlin-klib-commonizer-api/2.2.0/kotlin-klib-commonizer-api-2.2.0.pom]
[        ] Resource missing. [HTTP GET: https://dl.google.com/dl/android/maven2/org/jetbrains/kotlin/abi-tools-api/2.2.0/abi-tools-api-2.2.0.pom]
[        ] Downloading https://repo.maven.apache.org/maven2/org/jetbrains/kotlin/kotlin-compiler-runner/2.2.0/kotlin-compiler-runner-2.2.0.pom to /root/.gradle/.tmp/gradle_download13414644972799764968bin
[        ] Resource missing. [HTTP GET: https://dl.google.com/dl/android/maven2/org/jetbrains/kotlin/kotlin-build-statistics/2.2.0/kotlin-build-statistics-2.2.0.pom]
[        ] Downloading https://repo.maven.apache.org/maven2/org/jetbrains/kotlin/abi-tools-api/2.2.0/abi-tools-api-2.2.0.pom to /root/.gradle/.tmp/gradle_download5653883222950838099bin
[        ] Resource missing. [HTTP GET: https://dl.google.com/dl/android/maven2/org/jetbrains/kotlin/fus-statistics-gradle-plugin/2.2.0/fus-statistics-gradle-plugin-2.2.0.pom]
[        ] Resource missing. [HTTP GET: https://dl.google.com/dl/android/maven2/org/jetbrains/kotlin/kotlin-util-klib-metadata/2.2.0/kotlin-util-klib-metadata-2.2.0.pom]
[        ] Resource missing. [HTTP GET: https://dl.google.com/dl/android/maven2/org/jetbrains/kotlin/kotlin-gradle-plugin-idea-proto/2.2.0/kotlin-gradle-plugin-idea-proto-2.2.0.pom]
[        ] Resource missing. [HTTP GET: https://dl.google.com/dl/android/maven2/org/jetbrains/kotlin/kotlin-gradle-plugin-model/2.2.0/kotlin-gradle-plugin-model-2.2.0.pom]
[        ] Resource missing. [HTTP GET: https://dl.google.com/dl/android/maven2/org/jetbrains/kotlin/kotlin-gradle-plugin-api/2.2.0/kotlin-gradle-plugin-api-2.2.0.pom]
[        ] Downloading https://repo.maven.apache.org/maven2/org/jetbrains/kotlin/kotlin-klib-commonizer-api/2.2.0/kotlin-klib-commonizer-api-2.2.0.pom to /root/.gradle/.tmp/gradle_download5467549730083665380bin
[        ] Downloading https://repo.maven.apache.org/maven2/org/jetbrains/kotlin/kotlin-gradle-plugin-idea-proto/2.2.0/kotlin-gradle-plugin-idea-proto-2.2.0.pom to /root/.gradle/.tmp/gradle_download15806495215746242122bin
[        ] Downloading https://repo.maven.apache.org/maven2/org/jetbrains/kotlin/kotlin-build-statistics/2.2.0/kotlin-build-statistics-2.2.0.pom to /root/.gradle/.tmp/gradle_download11669485215204396540bin
[        ] Downloading https://repo.maven.apache.org/maven2/org/jetbrains/kotlin/kotlin-gradle-plugin-model/2.2.0/kotlin-gradle-plugin-model-2.2.0.pom to /root/.gradle/.tmp/gradle_download3530007762410028155bin
[        ] Downloading https://repo.maven.apache.org/maven2/org/jetbrains/kotlin/kotlin-util-klib-metadata/2.2.0/kotlin-util-klib-metadata-2.2.0.pom to /root/.gradle/.tmp/gradle_download7716917005009769867bin
[        ] Downloading https://repo.maven.apache.org/maven2/org/jetbrains/kotlin/fus-statistics-gradle-plugin/2.2.0/fus-statistics-gradle-plugin-2.2.0.pom to /root/.gradle/.tmp/gradle_download16668689472055467106bin
[        ] Downloading https://repo.maven.apache.org/maven2/org/jetbrains/kotlin/kotlin-gradle-plugin-api/2.2.0/kotlin-gradle-plugin-api-2.2.0.pom to /root/.gradle/.tmp/gradle_download8719129465300009840bin
[        ] Downloading https://repo.maven.apache.org/maven2/org/jetbrains/kotlin/kotlin-gradle-plugin-model/2.2.0/kotlin-gradle-plugin-model-2.2.0.module to /root/.gradle/.tmp/gradle_download3630783483105465038bin
[        ] Downloading https://repo.maven.apache.org/maven2/org/jetbrains/kotlin/kotlin-gradle-plugin-api/2.2.0/kotlin-gradle-plugin-api-2.2.0.module to /root/.gradle/.tmp/gradle_download15327381806219791566bin
[        ] Downloading https://repo.maven.apache.org/maven2/org/jetbrains/kotlin/fus-statistics-gradle-plugin/2.2.0/fus-statistics-gradle-plugin-2.2.0.module to /root/.gradle/.tmp/gradle_download16750208030629204358bin
[        ] Resource missing. [HTTP GET: https://dl.google.com/dl/android/maven2/org/jetbrains/kotlin/kotlin-tooling-core/2.2.0/kotlin-tooling-core-2.2.0.pom]
[        ] Resource missing. [HTTP GET: https://dl.google.com/dl/android/maven2/org/jetbrains/kotlin/kotlin-gradle-plugin-annotations/2.2.0/kotlin-gradle-plugin-annotations-2.2.0.pom]
[        ] Downloading https://repo.maven.apache.org/maven2/org/jetbrains/kotlin/kotlin-tooling-core/2.2.0/kotlin-tooling-core-2.2.0.pom to /root/.gradle/.tmp/gradle_download8850061103417947290bin
[        ] Downloading https://repo.maven.apache.org/maven2/org/jetbrains/kotlin/kotlin-gradle-plugin-annotations/2.2.0/kotlin-gradle-plugin-annotations-2.2.0.pom to /root/.gradle/.tmp/gradle_download3985561856766134604bin
[ +198 ms] Resource missing. [HTTP GET: https://dl.google.com/dl/android/maven2/org/jetbrains/kotlin/kotlin-native-utils/2.2.0/kotlin-native-utils-2.2.0.pom]
[        ] Downloading https://repo.maven.apache.org/maven2/org/jetbrains/kotlin/kotlin-native-utils/2.2.0/kotlin-native-utils-2.2.0.pom to /root/.gradle/.tmp/gradle_download8245960001829266206bin
[ +499 ms] Resource missing. [HTTP GET: https://dl.google.com/dl/android/maven2/org/jetbrains/kotlin/kotlin-build-tools-api/2.2.0/kotlin-build-tools-api-2.2.0.pom]
[        ] Downloading https://repo.maven.apache.org/maven2/org/jetbrains/kotlin/kotlin-build-tools-api/2.2.0/kotlin-build-tools-api-2.2.0.pom to /root/.gradle/.tmp/gradle_download10269007481920182420bin
[ +299 ms] Resource missing. [HTTP GET: https://dl.google.com/dl/android/maven2/org/jetbrains/kotlin/kotlin-util-io/2.2.0/kotlin-util-io-2.2.0.pom]
[        ] Resource missing. [HTTP GET: https://dl.google.com/dl/android/maven2/org/jetbrains/kotlin/kotlin-util-klib/2.2.0/kotlin-util-klib-2.2.0.pom]
[        ] Downloading https://repo.maven.apache.org/maven2/org/jetbrains/kotlin/kotlin-util-io/2.2.0/kotlin-util-io-2.2.0.pom to /root/.gradle/.tmp/gradle_download11538594493072137914bin
[        ] Downloading https://repo.maven.apache.org/maven2/org/jetbrains/kotlin/kotlin-util-klib/2.2.0/kotlin-util-klib-2.2.0.pom to /root/.gradle/.tmp/gradle_download3450092215025810627bin
[ +399 ms] Resource missing. [HTTP GET: https://dl.google.com/dl/android/maven2/org/jetbrains/kotlin/kotlin-daemon-client/2.2.0/kotlin-daemon-client-2.2.0.pom]
[        ] Downloading https://repo.maven.apache.org/maven2/org/jetbrains/kotlin/kotlin-daemon-client/2.2.0/kotlin-daemon-client-2.2.0.pom to /root/.gradle/.tmp/gradle_download8568386947208507260bin
[ +100 ms] Downloading https://repo.maven.apache.org/maven2/org/jetbrains/kotlin/kotlin-gradle-plugin-model/2.2.0/kotlin-gradle-plugin-model-2.2.0.jar to /root/.gradle/.tmp/gradle_download9161912108421851426bin
[        ] Downloading https://repo.maven.apache.org/maven2/org/jetbrains/kotlin/fus-statistics-gradle-plugin/2.2.0/fus-statistics-gradle-plugin-2.2.0-gradle813.jar to /root/.gradle/.tmp/gradle_download10166453837345176143bin
[        ] Downloading https://repo.maven.apache.org/maven2/org/jetbrains/kotlin/kotlin-gradle-plugin-idea-proto/2.2.0/kotlin-gradle-plugin-idea-proto-2.2.0.jar to /root/.gradle/.tmp/gradle_download1914014350621170417bin
[        ] Downloading https://repo.maven.apache.org/maven2/org/jetbrains/kotlin/kotlin-util-klib-metadata/2.2.0/kotlin-util-klib-metadata-2.2.0.jar to /root/.gradle/.tmp/gradle_download15687609550342729144bin
[        ] Downloading https://repo.maven.apache.org/maven2/org/jetbrains/kotlin/kotlin-gradle-plugin-api/2.2.0/kotlin-gradle-plugin-api-2.2.0-gradle813.jar to /root/.gradle/.tmp/gradle_download10303609712837197871bin
[        ] Downloading https://repo.maven.apache.org/maven2/org/jetbrains/kotlin/kotlin-klib-commonizer-api/2.2.0/kotlin-klib-commonizer-api-2.2.0.jar to /root/.gradle/.tmp/gradle_download14618795772633211235bin
[        ] Downloading https://repo.maven.apache.org/maven2/org/jetbrains/kotlin/kotlin-gradle-plugin-api/2.2.0/kotlin-gradle-plugin-api-2.2.0.jar to /root/.gradle/.tmp/gradle_download4487635509758763422bin
[        ] Downloading https://repo.maven.apache.org/maven2/org/jetbrains/kotlin/abi-tools-api/2.2.0/abi-tools-api-2.2.0.jar to /root/.gradle/.tmp/gradle_download4887043929014516711bin
[        ] Downloading https://repo.maven.apache.org/maven2/org/jetbrains/kotlin/kotlin-build-statistics/2.2.0/kotlin-build-statistics-2.2.0.jar to /root/.gradle/.tmp/gradle_download9566181610819598632bin
[        ] Downloading https://repo.maven.apache.org/maven2/org/jetbrains/kotlin/kotlin-gradle-plugin/2.2.0/kotlin-gradle-plugin-2.2.0-gradle813.jar to /root/.gradle/.tmp/gradle_download1567482903952232781bin
[        ] Downloading https://repo.maven.apache.org/maven2/org/jetbrains/kotlin/kotlin-gradle-plugin-idea/2.2.0/kotlin-gradle-plugin-idea-2.2.0.jar to /root/.gradle/.tmp/gradle_download3826209417329965075bin
[        ] Downloading https://repo.maven.apache.org/maven2/org/jetbrains/kotlin/kotlin-gradle-plugin-annotations/2.2.0/kotlin-gradle-plugin-annotations-2.2.0.jar to /root/.gradle/.tmp/gradle_download8152859880635529027bin
[        ] Downloading https://repo.maven.apache.org/maven2/org/jetbrains/kotlin/kotlin-compiler-runner/2.2.0/kotlin-compiler-runner-2.2.0.jar to /root/.gradle/.tmp/gradle_download17130561835636064697bin
[        ] Downloading https://repo.maven.apache.org/maven2/org/jetbrains/kotlin/kotlin-tooling-core/2.2.0/kotlin-tooling-core-2.2.0.jar to /root/.gradle/.tmp/gradle_download17648230382285161238bin
[        ] Downloading https://repo.maven.apache.org/maven2/org/jetbrains/kotlin/kotlin-native-utils/2.2.0/kotlin-native-utils-2.2.0.jar to /root/.gradle/.tmp/gradle_download18366578213042373605bin
[        ] Downloading https://repo.maven.apache.org/maven2/org/jetbrains/kotlin/kotlin-util-klib/2.2.0/kotlin-util-klib-2.2.0.jar to /root/.gradle/.tmp/gradle_download10234772825544927174bin
[        ] Downloading https://repo.maven.apache.org/maven2/org/jetbrains/kotlin/kotlin-build-tools-api/2.2.0/kotlin-build-tools-api-2.2.0.jar to /root/.gradle/.tmp/gradle_download14610420529025474837bin
[        ] Downloading https://repo.maven.apache.org/maven2/org/jetbrains/kotlin/kotlin-daemon-client/2.2.0/kotlin-daemon-client-2.2.0.jar to /root/.gradle/.tmp/gradle_download13073013488787851142bin
[        ] Downloading https://repo.maven.apache.org/maven2/org/jetbrains/kotlin/kotlin-util-io/2.2.0/kotlin-util-io-2.2.0.jar to /root/.gradle/.tmp/gradle_download3778645683086347691bin
[ +798 ms] Caching disabled for InstrumentationAnalysisTransform: /root/.gradle/caches/modules-2/files-2.1/org.jetbrains.kotlin/kotlin-gradle-plugin-model/2.2.0/6347196a99f9590036e421a89327784883a3ad3e/kotlin-gradle-plugin-model-2.2.0.jar because:
[        ]   Build cache is disabled
[        ]   Caching not enabled.
[        ] Caching disabled for InstrumentationAnalysisTransform: /root/.gradle/caches/modules-2/files-2.1/org.jetbrains.kotlin/fus-statistics-gradle-plugin/2.2.0/b278a6f702f07ca5c63d5268c1f723726fdb2511/fus-statistics-gradle-plugin-2.2.0-gradle813.jar because:
[        ]   Build cache is disabled
[        ]   Caching not enabled.
[        ] Caching disabled for InstrumentationAnalysisTransform: /root/.gradle/caches/modules-2/files-2.1/org.jetbrains.kotlin/kotlin-gradle-plugin-api/2.2.0/8befb10c80a6df018682102e628f3499c19d5f0c/kotlin-gradle-plugin-api-2.2.0.jar because:
[        ]   Build cache is disabled
[        ]   Caching not enabled.
[        ] Caching disabled for InstrumentationAnalysisTransform: /root/.gradle/caches/modules-2/files-2.1/org.jetbrains.kotlin/kotlin-gradle-plugin-api/2.2.0/8befb10c80a6df018682102e628f3499c19d5f0c/kotlin-gradle-plugin-api-2.2.0-gradle813.jar because:
[        ]   Build cache is disabled
[        ]   Caching not enabled.
[  +99 ms] Caching disabled for InstrumentationAnalysisTransform: /root/.gradle/caches/modules-2/files-2.1/org.jetbrains.kotlin/kotlin-gradle-plugin/2.2.0/ad5f7bcb67076dd92a7dcddf67262bf1008e1d3f/kotlin-gradle-plugin-2.2.0-gradle813.jar because:
[        ]   Build cache is disabled
[        ]   Caching not enabled.
[        ] Caching disabled for InstrumentationAnalysisTransform: /root/.gradle/caches/modules-2/files-2.1/org.jetbrains.kotlin/kotlin-compiler-runner/2.2.0/7b7121e510c20ddfc4004f47ad418b6e8375a534/kotlin-compiler-runner-2.2.0.jar because:
[        ]   Build cache is disabled
[        ]   Caching not enabled.
[        ] Caching disabled for InstrumentationAnalysisTransform: /root/.gradle/caches/modules-2/files-2.1/org.jetbrains.kotlin/kotlin-build-statistics/2.2.0/c47ed24d12588adb177456bdbab7149facd5c775/kotlin-build-statistics-2.2.0.jar because:
[        ]   Build cache is disabled
[        ]   Caching not enabled.
[        ] Caching disabled for InstrumentationAnalysisTransform: /root/.gradle/caches/modules-2/files-2.1/org.jetbrains.kotlin/kotlin-gradle-plugin-idea-proto/2.2.0/2decfc82debfebd1df11549cb43ef1d2a5b9ac35/kotlin-gradle-plugin-idea-proto-2.2.0.jar because:
[        ]   Build cache is disabled
[        ]   Caching not enabled.
[        ] Caching disabled for InstrumentationAnalysisTransform: /root/.gradle/caches/modules-2/files-2.1/org.jetbrains.kotlin/kotlin-gradle-plugin-idea/2.2.0/a07b350797aa4fe6d4bc6e1be2feecb638e94b13/kotlin-gradle-plugin-idea-2.2.0.jar because:
[        ]   Build cache is disabled
[        ]   Caching not enabled.
[        ] Caching disabled for InstrumentationAnalysisTransform: /root/.gradle/caches/modules-2/files-2.1/org.jetbrains.kotlin/kotlin-klib-commonizer-api/2.2.0/5e2d5b81d4fe98b13f6b17bed9af07870749b067/kotlin-klib-commonizer-api-2.2.0.jar because:
[        ]   Build cache is disabled
[        ]   Caching not enabled.
[        ] Caching disabled for InstrumentationAnalysisTransform: /root/.gradle/caches/modules-2/files-2.1/org.jetbrains.kotlin/kotlin-util-klib-metadata/2.2.0/f2e380c949d0621246ff2315c2ad4363f501a4ef/kotlin-util-klib-metadata-2.2.0.jar because:
[        ]   Build cache is disabled
[        ]   Caching not enabled.
[        ] Caching disabled for InstrumentationAnalysisTransform: /root/.gradle/caches/modules-2/files-2.1/org.jetbrains.kotlin/abi-tools-api/2.2.0/355f16ba483e7af704ed8336431c57f2f21a8389/abi-tools-api-2.2.0.jar because:
[        ]   Build cache is disabled
[        ]   Caching not enabled.
[        ] Caching disabled for InstrumentationAnalysisTransform: /root/.gradle/caches/modules-2/files-2.1/org.jetbrains.kotlin/kotlin-gradle-plugin-annotations/2.2.0/2ec7010e0d5e9da7a12813b716413e40f80b9cf5/kotlin-gradle-plugin-annotations-2.2.0.jar because:
[        ]   Build cache is disabled
[        ]   Caching not enabled.
[        ] Caching disabled for InstrumentationAnalysisTransform: /root/.gradle/caches/modules-2/files-2.1/org.jetbrains.kotlin/kotlin-native-utils/2.2.0/cda6e6343065a95050fb4dfcc75c55e88dcafde4/kotlin-native-utils-2.2.0.jar because:
[        ]   Build cache is disabled
[        ]   Caching not enabled.
[        ] Caching disabled for InstrumentationAnalysisTransform: /root/.gradle/caches/modules-2/files-2.1/org.jetbrains.kotlin/kotlin-tooling-core/2.2.0/685151c03e638207a3b5045002411fbef78fdeb/kotlin-tooling-core-2.2.0.jar because:
[        ]   Build cache is disabled
[        ]   Caching not enabled.
[        ] Caching disabled for InstrumentationAnalysisTransform: /root/.gradle/caches/modules-2/files-2.1/org.jetbrains.kotlin/kotlin-build-tools-api/2.2.0/ceaa386345f22c861908058ffcddbeb23bcde8f4/kotlin-build-tools-api-2.2.0.jar because:
[        ]   Build cache is disabled
[        ]   Caching not enabled.
[        ] Caching disabled for InstrumentationAnalysisTransform: /root/.gradle/caches/modules-2/files-2.1/org.jetbrains.kotlin/kotlin-util-klib/2.2.0/bc70e8cc9993792ad80dde7ea95924672db0acb1/kotlin-util-klib-2.2.0.jar because:
[        ]   Build cache is disabled
[        ]   Caching not enabled.
[        ] Caching disabled for InstrumentationAnalysisTransform: /root/.gradle/caches/modules-2/files-2.1/org.jetbrains.kotlin/kotlin-util-io/2.2.0/93bdfc96d045c60f65ae66656acd093f37ad1f5d/kotlin-util-io-2.2.0.jar because:
[        ]   Build cache is disabled
[        ]   Caching not enabled.
[        ] Caching disabled for InstrumentationAnalysisTransform: /root/.gradle/caches/modules-2/files-2.1/org.jetbrains.kotlin/kotlin-daemon-client/2.2.0/77ce7a4cac28c2be4423f2999ff0455ca36ea36f/kotlin-daemon-client-2.2.0.jar because:
[        ]   Build cache is disabled
[        ]   Caching not enabled.
[ +298 ms] Caching disabled for MergeInstrumentationAnalysisTransform: /root/.gradle/caches/8.14/transforms/a90c9251fdd5457bc50ed57143cf441f/transformed/.gradle-instrumented-classpath.marker because:
[        ]   Build cache is disabled
[        ]   Caching not enabled.
[        ] Caching disabled for MergeInstrumentationAnalysisTransform: /root/.gradle/caches/8.14/transforms/15c65e8a6a44a8cbcf66f5d6cc71f667/transformed/analysis/instrumentation-hierarchy.bin because:
[        ]   Build cache is disabled
[        ]   Caching not enabled.
[        ] Caching disabled for MergeInstrumentationAnalysisTransform: /root/.gradle/caches/8.14/transforms/a90c9251fdd5457bc50ed57143cf441f/transformed/analysis/instrumentation-hierarchy.bin because:
[        ]   Build cache is disabled
[        ]   Caching not enabled.
[        ] Caching disabled for MergeInstrumentationAnalysisTransform: /root/.gradle/caches/8.14/transforms/048c8412c6dcf4df891eb9bb807f5113/transformed/analysis/instrumentation-hierarchy.bin because:
[        ]   Build cache is disabled
[        ]   Caching not enabled.
[        ] Caching disabled for MergeInstrumentationAnalysisTransform: /root/.gradle/caches/8.14/transforms/3da5629b209681254e1a210529829872/transformed/analysis/instrumentation-hierarchy.bin because:
[        ]   Build cache is disabled
[        ]   Caching not enabled.
[        ] Caching disabled for MergeInstrumentationAnalysisTransform: /root/.gradle/caches/8.14/transforms/2c5fd8c442434665478db4dbe5fb073a/transformed/analysis/instrumentation-hierarchy.bin because:
[        ]   Build cache is disabled
[        ]   Caching not enabled.
[        ] Caching disabled for MergeInstrumentationAnalysisTransform: /root/.gradle/caches/8.14/transforms/9d9305898b55438d821e0192dca08dee/transformed/analysis/instrumentation-hierarchy.bin because:
[        ]   Build cache is disabled
[        ]   Caching not enabled.
[        ] Caching disabled for MergeInstrumentationAnalysisTransform: /root/.gradle/caches/8.14/transforms/fc714e82188b899e8d8f9fb422b630a6/transformed/analysis/instrumentation-hierarchy.bin because:
[        ]   Build cache is disabled
[        ]   Caching not enabled.
[        ] Caching disabled for MergeInstrumentationAnalysisTransform: /root/.gradle/caches/8.14/transforms/2ca2d868e3d9b452d2a5002e8369b8a7/transformed/analysis/instrumentation-hierarchy.bin because:
[        ]   Build cache is disabled
[        ]   Caching not enabled.
[        ] Caching disabled for MergeInstrumentationAnalysisTransform: /root/.gradle/caches/8.14/transforms/79a46c122d33478fd085423ea477af7a/transformed/analysis/instrumentation-hierarchy.bin because:
[        ]   Build cache is disabled
[        ]   Caching not enabled.
[        ] Caching disabled for MergeInstrumentationAnalysisTransform: /root/.gradle/caches/8.14/transforms/67e10daa777380fd5b46ee90a3e60303/transformed/analysis/instrumentation-hierarchy.bin because:
[        ]   Build cache is disabled
[        ]   Caching not enabled.
[        ] Caching disabled for MergeInstrumentationAnalysisTransform: /root/.gradle/caches/8.14/transforms/15c65e8a6a44a8cbcf66f5d6cc71f667/transformed/analysis/instrumentation-dependencies.bin because:
[        ]   Build cache is disabled
[        ]   Caching not enabled.
[        ] Caching disabled for MergeInstrumentationAnalysisTransform: /root/.gradle/caches/8.14/transforms/3da5629b209681254e1a210529829872/transformed/analysis/instrumentation-dependencies.bin because:
[        ]   Build cache is disabled
[        ]   Caching not enabled.
[        ] Caching disabled for MergeInstrumentationAnalysisTransform: /root/.gradle/caches/8.14/transforms/048c8412c6dcf4df891eb9bb807f5113/transformed/analysis/instrumentation-dependencies.bin because:
[        ]   Build cache is disabled
[        ]   Caching not enabled.
[        ] Caching disabled for MergeInstrumentationAnalysisTransform: /root/.gradle/caches/8.14/transforms/a90c9251fdd5457bc50ed57143cf441f/transformed/analysis/instrumentation-dependencies.bin because:
[        ]   Build cache is disabled
[        ]   Caching not enabled.
[        ] Caching disabled for MergeInstrumentationAnalysisTransform: /root/.gradle/caches/8.14/transforms/2c5fd8c442434665478db4dbe5fb073a/transformed/analysis/instrumentation-dependencies.bin because:
[        ]   Build cache is disabled
[        ]   Caching not enabled.
[        ] Caching disabled for MergeInstrumentationAnalysisTransform: /root/.gradle/caches/8.14/transforms/5df8aa17d150defd3ac18db36956f7f9/transformed/analysis/instrumentation-dependencies.bin because:
[        ]   Build cache is disabled
[        ]   Caching not enabled.
[        ] Caching disabled for MergeInstrumentationAnalysisTransform: /root/.gradle/caches/8.14/transforms/9d9305898b55438d821e0192dca08dee/transformed/analysis/instrumentation-dependencies.bin because:
[        ]   Build cache is disabled
[        ]   Caching not enabled.
[        ] Caching disabled for MergeInstrumentationAnalysisTransform: /root/.gradle/caches/8.14/transforms/fc714e82188b899e8d8f9fb422b630a6/transformed/analysis/instrumentation-dependencies.bin because:
[        ]   Build cache is disabled
[        ]   Caching not enabled.
[        ] Caching disabled for MergeInstrumentationAnalysisTransform: /root/.gradle/caches/8.14/transforms/2ca2d868e3d9b452d2a5002e8369b8a7/transformed/analysis/instrumentation-dependencies.bin because:
[        ]   Build cache is disabled
[        ]   Caching not enabled.
[        ] Caching disabled for MergeInstrumentationAnalysisTransform: /root/.gradle/caches/8.14/transforms/79a46c122d33478fd085423ea477af7a/transformed/analysis/instrumentation-dependencies.bin because:
[        ]   Build cache is disabled
[        ]   Caching not enabled.
[        ] Caching disabled for MergeInstrumentationAnalysisTransform: /root/.gradle/caches/8.14/transforms/67e10daa777380fd5b46ee90a3e60303/transformed/analysis/instrumentation-dependencies.bin because:
[        ]   Build cache is disabled
[        ]   Caching not enabled.
[        ] Caching disabled for MergeInstrumentationAnalysisTransform: /root/.gradle/caches/8.14/transforms/f67a27eb539a526287c5da29d6f2e94d/transformed/analysis/instrumentation-hierarchy.bin because:
[        ]   Build cache is disabled
[        ]   Caching not enabled.
[        ] Caching disabled for MergeInstrumentationAnalysisTransform: /root/.gradle/caches/8.14/transforms/f67a27eb539a526287c5da29d6f2e94d/transformed/analysis/instrumentation-dependencies.bin because:
[        ]   Build cache is disabled
[        ]   Caching not enabled.
[  +97 ms] Caching disabled for MergeInstrumentationAnalysisTransform: /root/.gradle/caches/modules-2/files-2.1/org.jetbrains.kotlin/kotlin-gradle-plugin-model/2.2.0/6347196a99f9590036e421a89327784883a3ad3e/kotlin-gradle-plugin-model-2.2.0.jar because:
[        ]   Build cache is disabled
[        ]   Caching not enabled.
[        ] Caching disabled for MergeInstrumentationAnalysisTransform: /root/.gradle/caches/modules-2/files-2.1/com.android.tools.build/manifest-merger/31.12.1/74266e00e01424f8b419d5563679496685c8d763/manifest-merger-31.12.1.jar because:
[        ]   Build cache is disabled
[        ]   Caching not enabled.
[        ] Caching disabled for MergeInstrumentationAnalysisTransform: /root/.gradle/caches/modules-2/files-2.1/com.android.tools.lint/lint-model/31.12.1/71fcb4e666dc6658680083dcd0b326336c7848fe/lint-model-31.12.1.jar because:
[        ]   Build cache is disabled
[        ]   Caching not enabled.
[        ] Caching disabled for MergeInstrumentationAnalysisTransform: /root/.gradle/caches/modules-2/files-2.1/com.android.tools.build/gradle-settings-api/8.12.1/683f65c63517b7f2fff89073409bc58830d34b2a/gradle-settings-api-8.12.1.jar because:
[        ]   Build cache is disabled
[        ]   Caching not enabled.
[        ] Caching disabled for MergeInstrumentationAnalysisTransform: /root/.gradle/caches/modules-2/files-2.1/org.jetbrains.kotlin/fus-statistics-gradle-plugin/2.2.0/b278a6f702f07ca5c63d5268c1f723726fdb2511/fus-statistics-gradle-plugin-2.2.0-gradle813.jar because:
[        ]   Build cache is disabled
[        ]   Caching not enabled.
[        ] Caching disabled for MergeInstrumentationAnalysisTransform: /root/.gradle/caches/modules-2/files-2.1/com.android.tools/sdklib/31.12.1/7a3d88a695f9caf399357cc48326171cc5e53de1/sdklib-31.12.1.jar because:
[        ]   Build cache is disabled
[        ]   Caching not enabled.
[        ] Caching disabled for MergeInstrumentationAnalysisTransform: /root/.gradle/caches/modules-2/files-2.1/org.jetbrains.kotlin/kotlin-gradle-plugin-api/2.2.0/8befb10c80a6df018682102e628f3499c19d5f0c/kotlin-gradle-plugin-api-2.2.0.jar because:
[        ]   Build cache is disabled
[        ]   Caching not enabled.
[        ] Caching disabled for ExternalDependencyInstrumentingArtifactTransform: /root/.gradle/caches/8.14/transforms/ca6228e5b1ec36fb0094c49e5e6ce1e3/transformed/merge/instrumentation-dependencies.bin because:
[        ]   Build cache is disabled
[        ]   Caching not enabled.
[        ] Caching disabled for MergeInstrumentationAnalysisTransform: /root/.gradle/caches/8.14/transforms/bfb5d7ed9da36e6ea0395feb42cd342d/transformed/analysis/instrumentation-hierarchy.bin because:
[        ]   Build cache is disabled
[        ]   Caching not enabled.
[        ] Caching disabled for ExternalDependencyInstrumentingArtifactTransform: /root/.gradle/caches/8.14/transforms/df612d9fd3b207aeea1cd1b7ff3312fa/transformed/merge/instrumentation-dependencies.bin because:
[        ]   Build cache is disabled
[        ]   Caching not enabled.
[        ] Caching disabled for MergeInstrumentationAnalysisTransform: /root/.gradle/caches/8.14/transforms/45e9f4c16effcd0e97eee418322e1ee8/transformed/analysis/instrumentation-hierarchy.bin because:
[        ]   Build cache is disabled
[        ]   Caching not enabled.
[        ] Caching disabled for MergeInstrumentationAnalysisTransform: /root/.gradle/caches/modules-2/files-2.1/com.android.tools/sdk-common/31.12.1/70fbbdbe7c1c2c9b41e05f10d165ccc9250079c7/sdk-common-31.12.1.jar because:
[        ]   Build cache is disabled
[        ]   Caching not enabled.
[        ] Caching disabled for MergeInstrumentationAnalysisTransform: /root/.gradle/caches/modules-2/files-2.1/org.jetbrains.kotlin/kotlin-gradle-plugin-api/2.2.0/8befb10c80a6df018682102e628f3499c19d5f0c/kotlin-gradle-plugin-api-2.2.0-gradle813.jar because:
[        ]   Build cache is disabled
[        ]   Caching not enabled.
[        ] Caching disabled for MergeInstrumentationAnalysisTransform: /root/.gradle/caches/8.14/transforms/faa4aae1f31592b3e1f5546305e0386f/transformed/analysis/instrumentation-hierarchy.bin because:
[        ]   Build cache is disabled
[        ]   Caching not enabled.
[        ] Caching disabled for ExternalDependencyInstrumentingArtifactTransform: /root/.gradle/caches/8.14/transforms/54ac09dc726222f24772d7c692f4e6ba/transformed/merge/instrumentation-dependencies.bin because:
[        ]   Build cache is disabled
[        ]   Caching not enabled.
[        ] Caching disabled for MergeInstrumentationAnalysisTransform: /root/.gradle/caches/8.14/transforms/4f2e4ef644fca9d8bac81655e8dddd35/transformed/analysis/instrumentation-hierarchy.bin because:
[        ]   Build cache is disabled
[        ]   Caching not enabled.
[        ] Caching disabled for MergeInstrumentationAnalysisTransform: /root/.gradle/caches/8.14/transforms/bfb5d7ed9da36e6ea0395feb42cd342d/transformed/analysis/instrumentation-dependencies.bin because:
[        ]   Build cache is disabled
[        ]   Caching not enabled.
[        ] Caching disabled for MergeInstrumentationAnalysisTransform: /root/.gradle/caches/8.14/transforms/45e9f4c16effcd0e97eee418322e1ee8/transformed/analysis/instrumentation-dependencies.bin because:
[        ]   Build cache is disabled
[        ]   Caching not enabled.
[        ] Caching disabled for ExternalDependencyInstrumentingArtifactTransform: /root/.gradle/caches/8.14/transforms/342a17615954eecf08d56d31a54ed5ff/transformed/merge/instrumentation-dependencies.bin because:
[        ]   Build cache is disabled
[        ]   Caching not enabled.
[        ] Caching disabled for MergeInstrumentationAnalysisTransform: /root/.gradle/caches/8.14/transforms/4f2e4ef644fca9d8bac81655e8dddd35/transformed/analysis/instrumentation-dependencies.bin because:
[        ]   Build cache is disabled
[        ]   Caching not enabled.
[        ] Caching disabled for MergeInstrumentationAnalysisTransform: /root/.gradle/caches/8.14/transforms/58f5e188ab9fb29eb8e64f8f57dc3aaf/transformed/analysis/instrumentation-hierarchy.bin because:
[        ]   Build cache is disabled
[        ]   Caching not enabled.
[        ] Caching disabled for MergeInstrumentationAnalysisTransform: /root/.gradle/caches/8.14/transforms/faa4aae1f31592b3e1f5546305e0386f/transformed/analysis/instrumentation-dependencies.bin because:
[        ]   Build cache is disabled
[        ]   Caching not enabled.
[        ] Caching disabled for MergeInstrumentationAnalysisTransform: /root/.gradle/caches/8.14/transforms/58f5e188ab9fb29eb8e64f8f57dc3aaf/transformed/analysis/instrumentation-dependencies.bin because:
[        ]   Build cache is disabled
[        ]   Caching not enabled.
[        ] Caching disabled for ExternalDependencyInstrumentingArtifactTransform: /root/.gradle/caches/modules-2/files-2.1/org.jetbrains.kotlin/kotlin-gradle-plugin-model/2.2.0/6347196a99f9590036e421a89327784883a3ad3e/kotlin-gradle-plugin-model-2.2.0.jar because:
[        ]   Build cache is disabled
[        ]   Caching not enabled.
[        ] Caching disabled for MergeInstrumentationAnalysisTransform: /root/.gradle/caches/modules-2/files-2.1/com.android.tools.build/builder-test-api/8.12.1/e7bfe1b108eeb0ac32f55d3153f1261aa7e88893/builder-test-api-8.12.1.jar because:
[        ]   Build cache is disabled
[        ]   Caching not enabled.
[        ] Caching disabled for MergeInstrumentationAnalysisTransform: /root/.gradle/caches/modules-2/files-2.1/com.android.tools.build/gradle-api/8.12.1/8366350534c8fdfdb03dc28a5b5a4b206152379d/gradle-api-8.12.1.jar because:
[        ]   Build cache is disabled
[        ]   Caching not enabled.
[        ] Caching disabled for MergeInstrumentationAnalysisTransform: /root/.gradle/caches/modules-2/files-2.1/com.android.tools/repository/31.12.1/43f06a3ed7ff978c327c5af716273a90a27d6969/repository-31.12.1.jar because:
[        ]   Build cache is disabled
[        ]   Caching not enabled.
[   +1 ms] Caching disabled for MergeInstrumentationAnalysisTransform: /root/.gradle/caches/8.14/transforms/9e6ae9d5de9725116f2aa12afd2d2af7/transformed/analysis/instrumentation-hierarchy.bin because:
[        ]   Build cache is disabled
[        ]   Caching not enabled.
[        ] Caching disabled for ExternalDependencyInstrumentingArtifactTransform: /root/.gradle/caches/8.14/transforms/89e4ea5a12a2cce66f95d0a7ec9fab76/transformed/merge/instrumentation-dependencies.bin because:
[        ]   Build cache is disabled
[        ]   Caching not enabled.
[        ] Caching disabled for MergeInstrumentationAnalysisTransform: /root/.gradle/caches/8.14/transforms/c23ad3a28191a559db8083c6c5d672d2/transformed/analysis/instrumentation-hierarchy.bin because:
[        ]   Build cache is disabled
[        ]   Caching not enabled.
[        ] Caching disabled for ExternalDependencyInstrumentingArtifactTransform: /root/.gradle/caches/modules-2/files-2.1/org.jetbrains.kotlin/fus-statistics-gradle-plugin/2.2.0/b278a6f702f07ca5c63d5268c1f723726fdb2511/fus-statistics-gradle-plugin-2.2.0-gradle813.jar because:
[        ]   Build cache is disabled
[        ]   Caching not enabled.
[        ] Caching disabled for MergeInstrumentationAnalysisTransform: /root/.gradle/caches/modules-2/files-2.1/com.android.tools.build/aaptcompiler/8.12.1/a981743757d9eac5289c65fe458059be8a9fa1d/aaptcompiler-8.12.1.jar because:
[        ]   Build cache is disabled
[        ]   Caching not enabled.
[        ] Caching disabled for MergeInstrumentationAnalysisTransform: /root/.gradle/caches/modules-2/files-2.1/com.android.tools.ddms/ddmlib/31.12.1/772f1af975b6cbb75b0e69727e1c2d3d58f89f3f/ddmlib-31.12.1.jar because:
[        ]   Build cache is disabled
[        ]   Caching not enabled.
[        ] Caching disabled for MergeInstrumentationAnalysisTransform: /root/.gradle/caches/8.14/transforms/0a7b0fcead3982616672eee288e13d10/transformed/analysis/instrumentation-hierarchy.bin because:
[        ]   Build cache is disabled
[        ]   Caching not enabled.
[        ] Caching disabled for MergeInstrumentationAnalysisTransform: /root/.gradle/caches/8.14/transforms/9e6ae9d5de9725116f2aa12afd2d2af7/transformed/analysis/instrumentation-dependencies.bin because:
[        ]   Build cache is disabled
[        ]   Caching not enabled.
[        ] Caching disabled for MergeInstrumentationAnalysisTransform: /root/.gradle/caches/8.14/transforms/c23ad3a28191a559db8083c6c5d672d2/transformed/analysis/instrumentation-dependencies.bin because:
[        ]   Build cache is disabled
[        ]   Caching not enabled.
[        ] Caching disabled for MergeInstrumentationAnalysisTransform: /root/.gradle/caches/8.14/transforms/af6d85523b1bf10b64f3ea4a1a7af7d5/transformed/analysis/instrumentation-hierarchy.bin because:
[        ]   Build cache is disabled
[        ]   Caching not enabled.
[        ] Caching disabled for MergeInstrumentationAnalysisTransform: /root/.gradle/caches/8.14/transforms/3a95e745553980719b6872951118f943/transformed/analysis/instrumentation-hierarchy.bin because:
[        ]   Build cache is disabled
[        ]   Caching not enabled.
[        ] Caching disabled for MergeInstrumentationAnalysisTransform: /root/.gradle/caches/modules-2/files-2.1/com.android.tools.build/builder/8.12.1/bd1cd41590f7e2f8259cbd452ee60e9066a3e2c0/builder-8.12.1.jar because:
[        ]   Build cache is disabled
[        ]   Caching not enabled.
[        ] Caching disabled for MergeInstrumentationAnalysisTransform: /root/.gradle/caches/8.14/transforms/971bfbdaa482a273a6926c349d72631d/transformed/analysis/instrumentation-hierarchy.bin because:
[        ]   Build cache is disabled
[        ]   Caching not enabled.
[        ] Caching disabled for MergeInstrumentationAnalysisTransform: /root/.gradle/caches/8.14/transforms/f0028e3acadd90306ff0aa3cdccd6176/transformed/analysis/instrumentation-hierarchy.bin because:
[        ]   Build cache is disabled
[        ]   Caching not enabled.
[        ] Caching disabled for MergeInstrumentationAnalysisTransform: /root/.gradle/caches/8.14/transforms/0a7b0fcead3982616672eee288e13d10/transformed/analysis/instrumentation-dependencies.bin because:
[        ]   Build cache is disabled
[        ]   Caching not enabled.
[        ] Caching disabled for MergeInstrumentationAnalysisTransform: /root/.gradle/caches/8.14/transforms/af6d85523b1bf10b64f3ea4a1a7af7d5/transformed/analysis/instrumentation-dependencies.bin because:
[        ]   Build cache is disabled
[        ]   Caching not enabled.
[        ] Caching disabled for MergeInstrumentationAnalysisTransform: /root/.gradle/caches/8.14/transforms/3a95e745553980719b6872951118f943/transformed/analysis/instrumentation-dependencies.bin because:
[        ]   Build cache is disabled
[        ]   Caching not enabled.
[        ] Caching disabled for MergeInstrumentationAnalysisTransform: /root/.gradle/caches/8.14/transforms/971bfbdaa482a273a6926c349d72631d/transformed/analysis/instrumentation-dependencies.bin because:
[        ]   Build cache is disabled
[        ]   Caching not enabled.
[        ] Caching disabled for MergeInstrumentationAnalysisTransform: /root/.gradle/caches/modules-2/files-2.1/com.android.tools.analytics-library/crash/31.12.1/80c9f1f06e8d48d60fa91f4db811cf863e13c67f/crash-31.12.1.jar because:
[        ]   Build cache is disabled
[        ]   Caching not enabled.
[        ] Caching disabled for MergeInstrumentationAnalysisTransform: /root/.gradle/caches/modules-2/files-2.1/com.android.tools.build/aapt2-proto/8.12.1-13700139/619bf0ef438a4d80fada1a35affe2d2f0ad015bb/aapt2-proto-8.12.1-13700139.jar because:
[        ]   Build cache is disabled
[        ]   Caching not enabled.
[        ] Caching disabled for MergeInstrumentationAnalysisTransform: /root/.gradle/caches/8.14/transforms/f0028e3acadd90306ff0aa3cdccd6176/transformed/analysis/instrumentation-dependencies.bin because:
[        ]   Build cache is disabled
[        ]   Caching not enabled.
[        ] Caching disabled for MergeInstrumentationAnalysisTransform: /root/.gradle/caches/modules-2/files-2.1/com.android.tools.build/gradle/8.12.1/d921b8904dab9d29a383b9e12879faedf9d928cb/gradle-8.12.1.jar because:
[        ]   Build cache is disabled
[        ]   Caching not enabled.
[        ] Caching disabled for MergeInstrumentationAnalysisTransform: /root/.gradle/caches/modules-2/files-2.1/com.android.tools.analytics-library/shared/31.12.1/874640ccd1099a8f8316611b36efbe1c7617616d/shared-31.12.1.jar because:
[        ]   Build cache is disabled
[        ]   Caching not enabled.
[        ] Caching disabled for MergeInstrumentationAnalysisTransform: /root/.gradle/caches/modules-2/files-2.1/com.android.tools.analytics-library/tracker/31.12.1/9c2c0e33148176901008ac5d81c93238413b5b46/tracker-31.12.1.jar because:
[        ]   Build cache is disabled
[        ]   Caching not enabled.
[        ] Caching disabled for MergeInstrumentationAnalysisTransform: /root/.gradle/caches/8.14/transforms/504b3cde4d1ccf0d11afc91b8f6983a9/transformed/analysis/instrumentation-hierarchy.bin because:
[        ]   Build cache is disabled
[        ]   Caching not enabled.
[        ] Caching disabled for ExternalDependencyInstrumentingArtifactTransform: /root/.gradle/caches/8.14/transforms/36328d18fe31372b4c2c8f0985c41b02/transformed/merge/instrumentation-dependencies.bin because:
[        ]   Build cache is disabled
[        ]   Caching not enabled.
[        ] Caching disabled for MergeInstrumentationAnalysisTransform: /root/.gradle/caches/8.14/transforms/c2216e41827fdfbc12a1331069d8af37/transformed/analysis/instrumentation-hierarchy.bin because:
[        ]   Build cache is disabled
[        ]   Caching not enabled.
[        ] Caching disabled for MergeInstrumentationAnalysisTransform: /root/.gradle/caches/8.14/transforms/692956382231b4cef01e396539d4d147/transformed/analysis/instrumentation-hierarchy.bin because:
[        ]   Build cache is disabled
[        ]   Caching not enabled.
[        ] Caching disabled for MergeInstrumentationAnalysisTransform: /root/.gradle/caches/8.14/transforms/e338d4bfea109ab8705de1c976a76071/transformed/analysis/instrumentation-hierarchy.bin because:
[        ]   Build cache is disabled
[        ]   Caching not enabled.
[        ] Caching disabled for MergeInstrumentationAnalysisTransform: /root/.gradle/caches/modules-2/files-2.1/com.android.tools.lint/lint-typedef-remover/31.12.1/bc9756d95080ee30b518adf2c02d70dea0930feb/lint-typedef-remover-31.12.1.jar because:
[        ]   Build cache is disabled
[        ]   Caching not enabled.
[        ] Caching disabled for MergeInstrumentationAnalysisTransform: /root/.gradle/caches/8.14/transforms/e338d4bfea109ab8705de1c976a76071/transformed/analysis/instrumentation-dependencies.bin because:
[        ]   Build cache is disabled
[        ]   Caching not enabled.
[        ] Caching disabled for MergeInstrumentationAnalysisTransform: /root/.gradle/caches/8.14/transforms/504b3cde4d1ccf0d11afc91b8f6983a9/transformed/analysis/instrumentation-dependencies.bin because:
[        ]   Build cache is disabled
[        ]   Caching not enabled.
[        ] Caching disabled for ExternalDependencyInstrumentingArtifactTransform: /root/.gradle/caches/modules-2/files-2.1/org.jetbrains.kotlin/kotlin-gradle-plugin-api/2.2.0/8befb10c80a6df018682102e628f3499c19d5f0c/kotlin-gradle-plugin-api-2.2.0.jar because:
[        ]   Build cache is disabled
[        ]   Caching not enabled.
[        ] Caching disabled for MergeInstrumentationAnalysisTransform: /root/.gradle/caches/8.14/transforms/692956382231b4cef01e396539d4d147/transformed/analysis/instrumentation-dependencies.bin because:
[        ]   Build cache is disabled
[        ]   Caching not enabled.
[        ] Caching disabled for MergeInstrumentationAnalysisTransform: /root/.gradle/caches/modules-2/files-2.1/androidx.databinding/databinding-compiler-common/8.12.1/875948867a13200506af1bca91d796b2fb1808fe/databinding-compiler-common-8.12.1.jar because:
[        ]   Build cache is disabled
[        ]   Caching not enabled.
[        ] Caching disabled for MergeInstrumentationAnalysisTransform: /root/.gradle/caches/8.14/transforms/c2216e41827fdfbc12a1331069d8af37/transformed/analysis/instrumentation-dependencies.bin because:
[        ]   Build cache is disabled
[        ]   Caching not enabled.
[        ] Caching disabled for MergeInstrumentationAnalysisTransform: /root/.gradle/caches/8.14/transforms/63349ae05229a1398e2de95e1d6b3427/transformed/analysis/instrumentation-hierarchy.bin because:
[        ]   Build cache is disabled
[        ]   Caching not enabled.
[        ] Caching disabled for ExternalDependencyInstrumentingArtifactTransform: /root/.gradle/caches/modules-2/files-2.1/org.jetbrains.kotlin/kotlin-gradle-plugin-api/2.2.0/8befb10c80a6df018682102e628f3499c19d5f0c/kotlin-gradle-plugin-api-2.2.0-gradle813.jar because:
[        ]   Build cache is disabled
[        ]   Caching not enabled.
[        ] Caching disabled for MergeInstrumentationAnalysisTransform: /root/.gradle/caches/8.14/transforms/d545f86e020bcf447b83604a81154e68/transformed/analysis/instrumentation-hierarchy.bin because:
[        ]   Build cache is disabled
[        ]   Caching not enabled.
[        ] Caching disabled for MergeInstrumentationAnalysisTransform: /root/.gradle/caches/modules-2/files-2.1/com.android.tools.layoutlib/layoutlib-api/31.12.1/3b7f1fe9c54d6fd684a3fd3b8feffeedfe546fd4/layoutlib-api-31.12.1.jar because:
[        ]   Build cache is disabled
[        ]   Caching not enabled.
[        ] Caching disabled for MergeInstrumentationAnalysisTransform: /root/.gradle/caches/modules-2/files-2.1/com.android.tools.build/bundletool/1.18.1/76bb1aa21a19495ca070bfb6abd194daf91dccd1/bundletool-1.18.1.jar because:
[        ]   Build cache is disabled
[        ]   Caching not enabled.
[        ] Caching disabled for MergeInstrumentationAnalysisTransform: /root/.gradle/caches/8.14/transforms/63349ae05229a1398e2de95e1d6b3427/transformed/analysis/instrumentation-dependencies.bin because:
[        ]   Build cache is disabled
[        ]   Caching not enabled.
[        ] Caching disabled for MergeInstrumentationAnalysisTransform: /root/.gradle/caches/8.14/transforms/c64ee1ed1916019d1e3dab408ebc28e0/transformed/analysis/instrumentation-hierarchy.bin because:
[        ]   Build cache is disabled
[        ]   Caching not enabled.
[        ] Caching disabled for MergeInstrumentationAnalysisTransform: /root/.gradle/caches/modules-2/files-2.1/com.android.databinding/baseLibrary/8.12.1/7e7399239e52d4069896277615e005add7ae8e5a/baseLibrary-8.12.1.jar because:
[        ]   Build cache is disabled
[        ]   Caching not enabled.
[        ] Caching disabled for MergeInstrumentationAnalysisTransform: /root/.gradle/caches/modules-2/files-2.1/androidx.databinding/databinding-common/8.12.1/2be3530b78477835e69dce953b17adc1dbc5c6fa/databinding-common-8.12.1.jar because:
[        ]   Build cache is disabled
[        ]   Caching not enabled.
[        ] Caching disabled for MergeInstrumentationAnalysisTransform: /root/.gradle/caches/8.14/transforms/d545f86e020bcf447b83604a81154e68/transformed/analysis/instrumentation-dependencies.bin because:
[        ]   Build cache is disabled
[        ]   Caching not enabled.
[        ] Caching disabled for MergeInstrumentationAnalysisTransform: /root/.gradle/caches/modules-2/files-2.1/com.android.tools.utp/android-device-provider-ddmlib-proto/31.12.1/9f96225642b573079e5544a619b18b815b3dc70f/android-device-provider-ddmlib-proto-31.12.1.jar because:
[        ]   Build cache is disabled
[        ]   Caching not enabled.
[        ] Caching disabled for MergeInstrumentationAnalysisTransform: /root/.gradle/caches/8.14/transforms/2ab364cd0ae4942eddae45e129a4c2e0/transformed/analysis/instrumentation-hierarchy.bin because:
[        ]   Build cache is disabled
[        ]   Caching not enabled.
[        ] Caching disabled for MergeInstrumentationAnalysisTransform: /root/.gradle/caches/8.14/transforms/c64ee1ed1916019d1e3dab408ebc28e0/transformed/analysis/instrumentation-dependencies.bin because:
[        ]   Build cache is disabled
[        ]   Caching not enabled.
[        ] Caching disabled for MergeInstrumentationAnalysisTransform: /root/.gradle/caches/8.14/transforms/7e8d167ad39ac55fc9b0c502d887e281/transformed/analysis/instrumentation-hierarchy.bin because:
[        ]   Build cache is disabled
[        ]   Caching not enabled.
[        ] Caching disabled for MergeInstrumentationAnalysisTransform: /root/.gradle/caches/8.14/transforms/caaa0319e60ff24ab34050727acc9aa0/transformed/analysis/instrumentation-hierarchy.bin because:
[        ]   Build cache is disabled
[        ]   Caching not enabled.
[        ] Caching disabled for MergeInstrumentationAnalysisTransform: /root/.gradle/caches/8.14/transforms/930635bf9946d94b366e2000e44561e3/transformed/analysis/instrumentation-hierarchy.bin because:
[        ]   Build cache is disabled
[        ]   Caching not enabled.
[        ] Caching disabled for MergeInstrumentationAnalysisTransform: /root/.gradle/caches/8.14/transforms/0d64163eba7cf543496aa79156dfea33/transformed/analysis/instrumentation-hierarchy.bin because:
[        ]   Build cache is disabled
[        ]   Caching not enabled.
[        ] Caching disabled for MergeInstrumentationAnalysisTransform: /root/.gradle/caches/modules-2/files-2.1/com.android.tools.utp/android-device-provider-gradle-proto/31.12.1/4df62b23d15680598277666a1a60676f1402397c/android-device-provider-gradle-proto-31.12.1.jar because:
[        ]   Build cache is disabled
[        ]   Caching not enabled.
[        ] Caching disabled for MergeInstrumentationAnalysisTransform: /root/.gradle/caches/8.14/transforms/8fc5c3035a16d1db96c9d750b4008169/transformed/analysis/instrumentation-hierarchy.bin because:
[        ]   Build cache is disabled
[        ]   Caching not enabled.
[        ] Caching disabled for MergeInstrumentationAnalysisTransform: /root/.gradle/caches/8.14/transforms/7e8d167ad39ac55fc9b0c502d887e281/transformed/analysis/instrumentation-dependencies.bin because:
[        ]   Build cache is disabled
[        ]   Caching not enabled.
[        ] Caching disabled for MergeInstrumentationAnalysisTransform: /root/.gradle/caches/8.14/transforms/2ab364cd0ae4942eddae45e129a4c2e0/transformed/analysis/instrumentation-dependencies.bin because:
[        ]   Build cache is disabled
[        ]   Caching not enabled.
[        ] Caching disabled for MergeInstrumentationAnalysisTransform: /root/.gradle/caches/8.14/transforms/930635bf9946d94b366e2000e44561e3/transformed/analysis/instrumentation-dependencies.bin because:
[        ]   Build cache is disabled
[        ]   Caching not enabled.
[        ] Caching disabled for MergeInstrumentationAnalysisTransform: /root/.gradle/caches/8.14/transforms/0d64163eba7cf543496aa79156dfea33/transformed/analysis/instrumentation-dependencies.bin because:
[        ]   Build cache is disabled
[        ]   Caching not enabled.
[        ] Caching disabled for MergeInstrumentationAnalysisTransform: /root/.gradle/caches/8.14/transforms/caaa0319e60ff24ab34050727acc9aa0/transformed/analysis/instrumentation-dependencies.bin because:
[        ]   Build cache is disabled
[        ]   Caching not enabled.
[        ] Caching disabled for MergeInstrumentationAnalysisTransform: /root/.gradle/caches/modules-2/files-2.1/com.android.tools.utp/android-test-plugin-host-additional-test-output-proto/31.12.1/fe467239b47e0709ba9bf1e2e9fccaabc6cabc22/android-test-plugin-host-additional-test-output-proto-31.12.1.jar because:
[        ]   Build cache is disabled
[        ]   Caching not enabled.
[        ] Caching disabled for MergeInstrumentationAnalysisTransform: /root/.gradle/caches/8.14/transforms/45f515a74421b5d14c88fcb72eeba950/transformed/analysis/instrumentation-hierarchy.bin because:
[        ]   Build cache is disabled
[        ]   Caching not enabled.
[        ] Caching disabled for MergeInstrumentationAnalysisTransform: /root/.gradle/caches/8.14/transforms/8fc5c3035a16d1db96c9d750b4008169/transformed/analysis/instrumentation-dependencies.bin because:
[        ]   Build cache is disabled
[        ]   Caching not enabled.
[        ] Caching disabled for MergeInstrumentationAnalysisTransform: /root/.gradle/caches/modules-2/files-2.1/com.android.tools.utp/android-device-provider-profile-proto/31.12.1/7823ffdbacbe3e46ce243d459f946467b7126135/android-device-provider-profile-proto-31.12.1.jar because:
[        ]   Build cache is disabled
[        ]   Caching not enabled.
[        ] Caching disabled for MergeInstrumentationAnalysisTransform: /root/.gradle/caches/8.14/transforms/32e5e41a46dd17125b3ae34ea107a845/transformed/analysis/instrumentation-hierarchy.bin because:
[        ]   Build cache is disabled
[        ]   Caching not enabled.
[        ] Caching disabled for MergeInstrumentationAnalysisTransform: /root/.gradle/caches/modules-2/files-2.1/com.android.tools.utp/android-test-plugin-host-coverage-proto/31.12.1/1ee63a78550acb6f922531668f4eb83dddf45e/android-test-plugin-host-coverage-proto-31.12.1.jar because:
[        ]   Build cache is disabled
[        ]   Caching not enabled.
[        ] Caching disabled for MergeInstrumentationAnalysisTransform: /root/.gradle/caches/modules-2/files-2.1/com.android.tools.utp/android-test-plugin-host-emulator-control-proto/31.12.1/9ad66b4b96af8d226c9d899030d9acdd101d03ed/android-test-plugin-host-emulator-control-proto-31.12.1.jar because:
[        ]   Build cache is disabled
[        ]   Caching not enabled.
[        ] Caching disabled for MergeInstrumentationAnalysisTransform: /root/.gradle/caches/modules-2/files-2.1/com.android.tools.utp/android-test-plugin-host-logcat-proto/31.12.1/2b1de9f172f374f9d8a0f60d0d7d556df7c30d14/android-test-plugin-host-logcat-proto-31.12.1.jar because:
[        ]   Build cache is disabled
[        ]   Caching not enabled.
[        ] Caching disabled for MergeInstrumentationAnalysisTransform: /root/.gradle/caches/modules-2/files-2.1/com.android.tools.utp/android-test-plugin-result-listener-gradle-proto/31.12.1/dbbef067ddf95379b587f6aa2baa93d3eb3342eb/android-test-plugin-result-listener-gradle-proto-31.12.1.jar because:
[        ]   Build cache is disabled
[        ]   Caching not enabled.
[        ] Caching disabled for MergeInstrumentationAnalysisTransform: /root/.gradle/caches/8.14/transforms/45f515a74421b5d14c88fcb72eeba950/transformed/analysis/instrumentation-dependencies.bin because:
[        ]   Build cache is disabled
[        ]   Caching not enabled.
[        ] Caching disabled for MergeInstrumentationAnalysisTransform: /root/.gradle/caches/8.14/transforms/32e5e41a46dd17125b3ae34ea107a845/transformed/analysis/instrumentation-dependencies.bin because:
[        ]   Build cache is disabled
[        ]   Caching not enabled.
[        ] Caching disabled for MergeInstrumentationAnalysisTransform: /root/.gradle/caches/8.14/transforms/58bcf817d4642d801aec630214d0dbb4/transformed/analysis/instrumentation-hierarchy.bin because:
[        ]   Build cache is disabled
[        ]   Caching not enabled.
[        ] Caching disabled for MergeInstrumentationAnalysisTransform: /root/.gradle/caches/modules-2/files-2.1/com.android.tools.utp/android-test-plugin-host-apk-installer-proto/31.12.1/915dc4efd7db61b0c2bb16f88dcf640e824a232d/android-test-plugin-host-apk-installer-proto-31.12.1.jar because:
[        ]   Build cache is disabled
[        ]   Caching not enabled.
[        ] Caching disabled for MergeInstrumentationAnalysisTransform: /root/.gradle/caches/8.14/transforms/335317b36f1a68692bb6bb713b134340/transformed/analysis/instrumentation-hierarchy.bin because:
[        ]   Build cache is disabled
[        ]   Caching not enabled.
[        ] Caching disabled for MergeInstrumentationAnalysisTransform: /root/.gradle/caches/8.14/transforms/37349d0a6f60a3126abdeaddd8e7ae60/transformed/analysis/instrumentation-hierarchy.bin because:
[        ]   Build cache is disabled
[        ]   Caching not enabled.
[        ] Caching disabled for MergeInstrumentationAnalysisTransform: /root/.gradle/caches/8.14/transforms/ae4dab1e6e6b548b4fc29763588058b9/transformed/analysis/instrumentation-dependencies.bin because:
[        ]   Build cache is disabled
[        ]   Caching not enabled.
[        ] Caching disabled for MergeInstrumentationAnalysisTransform: /root/.gradle/caches/8.14/transforms/865db289b7e949c6ec9db5746e95e9de/transformed/analysis/instrumentation-hierarchy.bin because:
[        ]   Build cache is disabled
[        ]   Caching not enabled.
[        ] Caching disabled for MergeInstrumentationAnalysisTransform: /root/.gradle/caches/8.14/transforms/caca8852a21cb2ca2332ad1d42bcf1ab/transformed/analysis/instrumentation-hierarchy.bin because:
[        ]   Build cache is disabled
[        ]   Caching not enabled.
[        ] Caching disabled for MergeInstrumentationAnalysisTransform: /root/.gradle/caches/modules-2/files-2.1/com.android.tools.build.jetifier/jetifier-core/1.0.0-beta10/6e621022a9c95af12a7004d6b55805bbd1126837/jetifier-core-1.0.0-beta10.jar because:
[        ]   Build cache is disabled
[        ]   Caching not enabled.
[        ] Caching disabled for MergeInstrumentationAnalysisTransform: /root/.gradle/caches/8.14/transforms/37349d0a6f60a3126abdeaddd8e7ae60/transformed/analysis/instrumentation-dependencies.bin because:
[        ]   Build cache is disabled
[        ]   Caching not enabled.
[        ] Caching disabled for MergeInstrumentationAnalysisTransform: /root/.gradle/caches/modules-2/files-2.1/com.android.tools.build.jetifier/jetifier-processor/1.0.0-beta10/946c39eb0c052ff4f60a8939648a8b99af20d604/jetifier-processor-1.0.0-beta10.jar because:
[        ]   Build cache is disabled
[        ]   Caching not enabled.
[        ] Caching disabled for MergeInstrumentationAnalysisTransform: /root/.gradle/caches/8.14/transforms/58bcf817d4642d801aec630214d0dbb4/transformed/analysis/instrumentation-dependencies.bin because:
[        ]   Build cache is disabled
[        ]   Caching not enabled.
[        ] Caching disabled for MergeInstrumentationAnalysisTransform: /root/.gradle/caches/8.14/transforms/335317b36f1a68692bb6bb713b134340/transformed/analysis/instrumentation-dependencies.bin because:
[        ]   Build cache is disabled
[        ]   Caching not enabled.
[        ] Caching disabled for MergeInstrumentationAnalysisTransform: /root/.gradle/caches/8.14/transforms/865db289b7e949c6ec9db5746e95e9de/transformed/analysis/instrumentation-dependencies.bin because:
[        ]   Build cache is disabled
[        ]   Caching not enabled.
[        ] Caching disabled for MergeInstrumentationAnalysisTransform: /root/.gradle/caches/8.14/transforms/caca8852a21cb2ca2332ad1d42bcf1ab/transformed/analysis/instrumentation-dependencies.bin because:
[        ]   Build cache is disabled
[        ]   Caching not enabled.
[        ] Caching disabled for MergeInstrumentationAnalysisTransform: /root/.gradle/caches/8.14/transforms/59b12d9a0d87469da1ea867079696e46/transformed/analysis/instrumentation-dependencies.bin because:
[        ]   Build cache is disabled
[        ]   Caching not enabled.
[        ] Caching disabled for MergeInstrumentationAnalysisTransform: /root/.gradle/caches/8.14/transforms/b1d5fccad86bf3cda30f1553027d3ba1/transformed/analysis/instrumentation-hierarchy.bin because:
[        ]   Build cache is disabled
[        ]   Caching not enabled.
[        ] Caching disabled for MergeInstrumentationAnalysisTransform: /root/.gradle/caches/modules-2/files-2.1/org.jetbrains.kotlin/kotlin-stdlib-jdk8/2.1.20/1372ceab395defca310ff460dc219364d9df0a2e/kotlin-stdlib-jdk8-2.1.20.jar because:
[        ]   Build cache is disabled
[        ]   Caching not enabled.
[        ] Caching disabled for MergeInstrumentationAnalysisTransform: /root/.gradle/caches/modules-2/files-2.1/com.android.tools.build/builder-model/8.12.1/e9317355096bb1cad682475c302aa3195ee050c5/builder-model-8.12.1.jar because:
[        ]   Build cache is disabled
[        ]   Caching not enabled.
[        ] Caching disabled for MergeInstrumentationAnalysisTransform: /root/.gradle/caches/modules-2/files-2.1/com.android.tools/common/31.12.1/9153a7107d912f20d31ab3095606c6c291ec9617/common-31.12.1.jar because:
[        ]   Build cache is disabled
[        ]   Caching not enabled.
[        ] Caching disabled for MergeInstrumentationAnalysisTransform: /root/.gradle/caches/8.14/transforms/8371811cf358d3aa8e15dfc29a0fb8e7/transformed/analysis/instrumentation-hierarchy.bin because:
[        ]   Build cache is disabled
[        ]   Caching not enabled.
[        ] Caching disabled for MergeInstrumentationAnalysisTransform: /root/.gradle/caches/8.14/transforms/6128a36d6c5d81f189d6adbffa731ac0/transformed/analysis/instrumentation-dependencies.bin because:
[        ]   Build cache is disabled
[        ]   Caching not enabled.
[        ] Caching disabled for MergeInstrumentationAnalysisTransform: /root/.gradle/caches/8.14/transforms/b1d5fccad86bf3cda30f1553027d3ba1/transformed/analysis/instrumentation-dependencies.bin because:
[        ]   Build cache is disabled
[        ]   Caching not enabled.
[        ] Caching disabled for MergeInstrumentationAnalysisTransform: /root/.gradle/caches/modules-2/files-2.1/com.android.tools/dvlib/31.12.1/6079cc9f2fa5f5104b20779ca98faa1c495bb7f1/dvlib-31.12.1.jar because:
[        ]   Build cache is disabled
[        ]   Caching not enabled.
[        ] Caching disabled for MergeInstrumentationAnalysisTransform: /root/.gradle/caches/modules-2/files-2.1/org.jetbrains.kotlin/kotlin-stdlib-jdk7/2.1.20/72672df5e83231744c00550955b10acb71ed49d6/kotlin-stdlib-jdk7-2.1.20.jar because:
[        ]   Build cache is disabled
[        ]   Caching not enabled.
[        ] Caching disabled for MergeInstrumentationAnalysisTransform: /root/.gradle/caches/8.14/transforms/b096fc7109c25d36431d39de75626a74/transformed/analysis/instrumentation-hierarchy.bin because:
[        ]   Build cache is disabled
[        ]   Caching not enabled.
[        ] Caching disabled for MergeInstrumentationAnalysisTransform: /root/.gradle/caches/modules-2/files-2.1/org.jetbrains.kotlin/kotlin-compiler-runner/2.2.0/7b7121e510c20ddfc4004f47ad418b6e8375a534/kotlin-compiler-runner-2.2.0.jar because:
[        ]   Build cache is disabled
[        ]   Caching not enabled.
[        ] Caching disabled for MergeInstrumentationAnalysisTransform: /root/.gradle/caches/8.14/transforms/d54aae73957e8e3dcc42e41947ed5367/transformed/analysis/instrumentation-hierarchy.bin because:
[        ]   Build cache is disabled
[        ]   Caching not enabled.
[        ] Caching disabled for MergeInstrumentationAnalysisTransform: /root/.gradle/caches/8.14/transforms/b096fc7109c25d36431d39de75626a74/transformed/analysis/instrumentation-dependencies.bin because:
[        ]   Build cache is disabled
[        ]   Caching not enabled.
[        ] Caching disabled for MergeInstrumentationAnalysisTransform: /root/.gradle/caches/8.14/transforms/8371811cf358d3aa8e15dfc29a0fb8e7/transformed/analysis/instrumentation-dependencies.bin because:
[        ]   Build cache is disabled
[        ]   Caching not enabled.
[        ] Caching disabled for MergeInstrumentationAnalysisTransform: /root/.gradle/caches/modules-2/files-2.1/org.jetbrains.kotlinx/kotlinx-coroutines-core-jvm/1.9.0/9beade4c1c1569e4f36cbd2c37e02e3e41502601/kotlinx-coroutines-core-jvm-1.9.0.jar because:
[        ]   Build cache is disabled
[        ]   Caching not enabled.
[        ] Caching disabled for MergeInstrumentationAnalysisTransform: /root/.gradle/caches/8.14/transforms/60e14e6b6f94b7ce78b4051acd7ef277/transformed/analysis/instrumentation-hierarchy.bin because:
[        ]   Build cache is disabled
[        ]   Caching not enabled.
[        ] Caching disabled for MergeInstrumentationAnalysisTransform: /root/.gradle/caches/8.14/transforms/60e4c9332b5d4baa5c7ef1de04b0a385/transformed/analysis/instrumentation-hierarchy.bin because:
[        ]   Build cache is disabled
[        ]   Caching not enabled.
[        ] Caching disabled for MergeInstrumentationAnalysisTransform: /root/.gradle/caches/modules-2/files-2.1/com.android.tools.build/transform-api/2.0.0-deprecated-use-gradle-api/47f6c56527c42425742fa9b56ffd3fd80763fe03/transform-api-2.0.0-deprecated-use-gradle-api.jar because:
[        ]   Build cache is disabled
[        ]   Caching not enabled.
[        ] Caching disabled for ExternalDependencyInstrumentingArtifactTransform: /root/.gradle/caches/8.14/transforms/76e0b92638e7b4b91d2937ba7773e5e3/transformed/merge/instrumentation-dependencies.bin because:
[        ]   Build cache is disabled
[        ]   Caching not enabled.
[        ] Caching disabled for MergeInstrumentationAnalysisTransform: /root/.gradle/caches/modules-2/files-2.1/org.jetbrains.kotlin/kotlin-stdlib/2.1.20/aa8ca79cd50578314f6d1180c47cbe14c0fee567/kotlin-stdlib-2.1.20.jar because:
[        ]   Build cache is disabled
[        ]   Caching not enabled.
[        ] Caching disabled for MergeInstrumentationAnalysisTransform: /root/.gradle/caches/8.14/transforms/60e14e6b6f94b7ce78b4051acd7ef277/transformed/analysis/instrumentation-dependencies.bin because:
[        ]   Build cache is disabled
[        ]   Caching not enabled.
[        ] Caching disabled for MergeInstrumentationAnalysisTransform: /root/.gradle/caches/modules-2/files-2.1/org.jetbrains.kotlin/kotlin-reflect/2.1.20/3c1003045c4f2a72f987a147abac8e7058be1183/kotlin-reflect-2.1.20.jar because:
[        ]   Build cache is disabled
[        ]   Caching not enabled.
[        ] Caching disabled for MergeInstrumentationAnalysisTransform: /root/.gradle/caches/8.14/transforms/d54aae73957e8e3dcc42e41947ed5367/transformed/analysis/instrumentation-dependencies.bin because:
[        ]   Build cache is disabled
[        ]   Caching not enabled.
[        ] Caching disabled for MergeInstrumentationAnalysisTransform: /root/.gradle/caches/8.14/transforms/a332b93caa052e7c3810d26d589ffdd4/transformed/analysis/instrumentation-hierarchy.bin because:
[        ]   Build cache is disabled
[        ]   Caching not enabled.
[        ] Caching disabled for MergeInstrumentationAnalysisTransform: /root/.gradle/caches/8.14/transforms/652e44a95df93df3ff56055ba2df941c/transformed/analysis/instrumentation-hierarchy.bin because:
[        ]   Build cache is disabled
[        ]   Caching not enabled.
[        ] Caching disabled for MergeInstrumentationAnalysisTransform: /root/.gradle/caches/8.14/transforms/60e4c9332b5d4baa5c7ef1de04b0a385/transformed/analysis/instrumentation-dependencies.bin because:
[        ]   Build cache is disabled
[        ]   Caching not enabled.
[        ] Caching disabled for MergeInstrumentationAnalysisTransform: /root/.gradle/caches/8.14/transforms/9ca69ff6ef95003fb57ad005c9dd67a5/transformed/analysis/instrumentation-hierarchy.bin because:
[        ]   Build cache is disabled
[        ]   Caching not enabled.
[        ] Caching disabled for MergeInstrumentationAnalysisTransform: /root/.gradle/caches/8.14/transforms/95af8942e3b7b715993b1dddfb5c6b74/transformed/analysis/instrumentation-hierarchy.bin because:
[        ]   Build cache is disabled
[        ]   Caching not enabled.
[        ] Caching disabled for MergeInstrumentationAnalysisTransform: /root/.gradle/caches/modules-2/files-2.1/org.apache.httpcomponents/httpmime/4.5.6/164343da11db817e81e24e0d9869527e069850c9/httpmime-4.5.6.jar because:
[        ]   Build cache is disabled
[        ]   Caching not enabled.
[        ] Caching disabled for MergeInstrumentationAnalysisTransform: /root/.gradle/caches/8.14/transforms/a332b93caa052e7c3810d26d589ffdd4/transformed/analysis/instrumentation-dependencies.bin because:
[        ]   Build cache is disabled
[        ]   Caching not enabled.
[        ] Caching disabled for MergeInstrumentationAnalysisTransform: /root/.gradle/caches/modules-2/files-2.1/commons-io/commons-io/2.16.1/377d592e740dc77124e0901291dbfaa6810a200e/commons-io-2.16.1.jar because:
[        ]   Build cache is disabled
[        ]   Caching not enabled.
[        ] Caching disabled for MergeInstrumentationAnalysisTransform: /root/.gradle/caches/8.14/transforms/652e44a95df93df3ff56055ba2df941c/transformed/analysis/instrumentation-dependencies.bin because:
[        ]   Build cache is disabled
[        ]   Caching not enabled.
[        ] Caching disabled for MergeInstrumentationAnalysisTransform: /root/.gradle/caches/8.14/transforms/9ca69ff6ef95003fb57ad005c9dd67a5/transformed/analysis/instrumentation-dependencies.bin because:
[        ]   Build cache is disabled
[        ]   Caching not enabled.
[        ] Caching disabled for MergeInstrumentationAnalysisTransform: /root/.gradle/caches/modules-2/files-2.1/org.ow2.asm/asm-analysis/9.7.1/f97a3b319f0ed6a8cd944dc79060d3912a28985f/asm-analysis-9.7.1.jar because:
[        ]   Build cache is disabled
[        ]   Caching not enabled.
[        ] Caching disabled for MergeInstrumentationAnalysisTransform: /root/.gradle/caches/8.14/transforms/95af8942e3b7b715993b1dddfb5c6b74/transformed/analysis/instrumentation-dependencies.bin because:
[        ]   Build cache is disabled
[        ]   Caching not enabled.
[        ] Caching disabled for MergeInstrumentationAnalysisTransform: /root/.gradle/caches/modules-2/files-2.1/org.ow2.asm/asm-commons/9.7.1/406c6a2225cfe1819f102a161e54cc16a5c24f75/asm-commons-9.7.1.jar because:
[        ]   Build cache is disabled
[        ]   Caching not enabled.
[        ] Caching disabled for MergeInstrumentationAnalysisTransform: /root/.gradle/caches/modules-2/files-2.1/org.ow2.asm/asm-util/9.7.1/9e23359b598ec6b74b23e53110dd5c577adf2243/asm-util-9.7.1.jar because:
[        ]   Build cache is disabled
[        ]   Caching not enabled.
[        ] Caching disabled for MergeInstrumentationAnalysisTransform: /root/.gradle/caches/8.14/transforms/7d0b495da3e94b9513f7899aa4fc052a/transformed/analysis/instrumentation-hierarchy.bin because:
[        ]   Build cache is disabled
[        ]   Caching not enabled.
[        ] Caching disabled for ExternalDependencyInstrumentingArtifactTransform: /root/.gradle/caches/modules-2/files-2.1/org.jetbrains.kotlin/kotlin-compiler-runner/2.2.0/7b7121e510c20ddfc4004f47ad418b6e8375a534/kotlin-compiler-runner-2.2.0.jar because:
[        ]   Build cache is disabled
[        ]   Caching not enabled.
[        ] Caching disabled for MergeInstrumentationAnalysisTransform: /root/.gradle/caches/8.14/transforms/38718154af92971d236fd5af51511df9/transformed/analysis/instrumentation-hierarchy.bin because:
[        ]   Build cache is disabled
[        ]   Caching not enabled.
[        ] Caching disabled for MergeInstrumentationAnalysisTransform: /root/.gradle/caches/8.14/transforms/a8013ca544e4357839c5918e8813c817/transformed/analysis/instrumentation-hierarchy.bin because:
[        ]   Build cache is disabled
[        ]   Caching not enabled.
[        ] Caching disabled for MergeInstrumentationAnalysisTransform: /root/.gradle/caches/8.14/transforms/e47308a1c31576f483bab1a9b244d512/transformed/analysis/instrumentation-hierarchy.bin because:
[        ]   Build cache is disabled
[        ]   Caching not enabled.
[        ] Caching disabled for MergeInstrumentationAnalysisTransform: /root/.gradle/caches/8.14/transforms/214e8f2365bd43e4a8ccb1573a478784/transformed/analysis/instrumentation-hierarchy.bin because:
[        ]   Build cache is disabled
[        ]   Caching not enabled.
[        ] Caching disabled for MergeInstrumentationAnalysisTransform: /root/.gradle/caches/8.14/transforms/7d0b495da3e94b9513f7899aa4fc052a/transformed/analysis/instrumentation-dependencies.bin because:
[        ]   Build cache is disabled
[        ]   Caching not enabled.
[        ] Caching disabled for MergeInstrumentationAnalysisTransform: /root/.gradle/caches/modules-2/files-2.1/org.ow2.asm/asm-tree/9.7.1/3a53139787663b139de76b627fca0084ab60d32c/asm-tree-9.7.1.jar because:
[        ]   Build cache is disabled
[        ]   Caching not enabled.
[        ] Caching disabled for MergeInstrumentationAnalysisTransform: /root/.gradle/caches/8.14/transforms/8f3c72fc33a299bf4168ea60a7d6dcbd/transformed/analysis/instrumentation-hierarchy.bin because:
[        ]   Build cache is disabled
[        ]   Caching not enabled.
[        ] Caching disabled for MergeInstrumentationAnalysisTransform: /root/.gradle/caches/modules-2/files-2.1/com.android.tools.build/apkzlib/8.12.1/ea2327cd7a67c0fc9a4d26f035b922dff11c7219/apkzlib-8.12.1.jar because:
[        ]   Build cache is disabled
[        ]   Caching not enabled.
[        ] Caching disabled for MergeInstrumentationAnalysisTransform: /root/.gradle/caches/modules-2/files-2.1/org.ow2.asm/asm/9.7.1/f0ed132a49244b042cd0e15702ab9f2ce3cc8436/asm-9.7.1.jar because:
[        ]   Build cache is disabled
[        ]   Caching not enabled.
[        ] Caching disabled for MergeInstrumentationAnalysisTransform: /root/.gradle/caches/modules-2/files-2.1/org.jetbrains.kotlin/kotlin-gradle-plugin/2.2.0/ad5f7bcb67076dd92a7dcddf67262bf1008e1d3f/kotlin-gradle-plugin-2.2.0-gradle813.jar because:
[        ]   Build cache is disabled
[        ]   Caching not enabled.
[        ] Caching disabled for MergeInstrumentationAnalysisTransform: /root/.gradle/caches/modules-2/files-2.1/org.bouncycastle/bcpkix-jdk18on/1.79/7693cec3b8779b74b35466dcaeeaac7409872954/bcpkix-jdk18on-1.79.jar because:
[        ]   Build cache is disabled
[        ]   Caching not enabled.
[        ] Caching disabled for MergeInstrumentationAnalysisTransform: /root/.gradle/caches/8.14/transforms/38718154af92971d236fd5af51511df9/transformed/analysis/instrumentation-dependencies.bin because:
[        ]   Build cache is disabled
[        ]   Caching not enabled.
[        ] Caching disabled for MergeInstrumentationAnalysisTransform: /root/.gradle/caches/8.14/transforms/214e8f2365bd43e4a8ccb1573a478784/transformed/analysis/instrumentation-dependencies.bin because:
[        ]   Build cache is disabled
[        ]   Caching not enabled.
[        ] Caching disabled for MergeInstrumentationAnalysisTransform: /root/.gradle/caches/8.14/transforms/a8013ca544e4357839c5918e8813c817/transformed/analysis/instrumentation-dependencies.bin because:
[        ]   Build cache is disabled
[        ]   Caching not enabled.
[        ] Caching disabled for ExternalDependencyInstrumentingArtifactTransform: /root/.gradle/caches/8.14/transforms/fd77e5018c5c0bb0b4813643b8ebda74/transformed/merge/instrumentation-dependencies.bin because:
[        ]   Build cache is disabled
[        ]   Caching not enabled.
[        ] Caching disabled for MergeInstrumentationAnalysisTransform: /root/.gradle/caches/8.14/transforms/8f3c72fc33a299bf4168ea60a7d6dcbd/transformed/analysis/instrumentation-dependencies.bin because:
[        ]   Build cache is disabled
[        ]   Caching not enabled.
[        ] Caching disabled for MergeInstrumentationAnalysisTransform: /root/.gradle/caches/8.14/transforms/e47308a1c31576f483bab1a9b244d512/transformed/analysis/instrumentation-dependencies.bin because:
[        ]   Build cache is disabled
[        ]   Caching not enabled.
[        ] Caching disabled for MergeInstrumentationAnalysisTransform: /root/.gradle/caches/8.14/transforms/aa0ff929b869a53e8bafd40561a92dbe/transformed/analysis/instrumentation-hierarchy.bin because:
[        ]   Build cache is disabled
[        ]   Caching not enabled.
[        ] Caching disabled for MergeInstrumentationAnalysisTransform: /root/.gradle/caches/8.14/transforms/448b77bc82599dc70acf59b64287ae6d/transformed/analysis/instrumentation-hierarchy.bin because:
[        ]   Build cache is disabled
[        ]   Caching not enabled.
[        ] Caching disabled for MergeInstrumentationAnalysisTransform: /root/.gradle/caches/8.14/transforms/03b12a1713674e47c4a3c04cb44acb39/transformed/analysis/instrumentation-hierarchy.bin because:
[        ]   Build cache is disabled
[        ]   Caching not enabled.
[        ] Caching disabled for MergeInstrumentationAnalysisTransform: /root/.gradle/caches/8.14/transforms/d26e4d12fc87d908d377ac641f35005f/transformed/analysis/instrumentation-hierarchy.bin because:
[        ]   Build cache is disabled
[        ]   Caching not enabled.
[        ] Caching disabled for MergeInstrumentationAnalysisTransform: /root/.gradle/caches/modules-2/files-2.1/org.glassfish.jaxb/jaxb-runtime/2.3.2/5528bc882ea499a09d720b42af11785c4fc6be2a/jaxb-runtime-2.3.2.jar because:
[        ]   Build cache is disabled
[        ]   Caching not enabled.
[        ] Caching disabled for MergeInstrumentationAnalysisTransform: /root/.gradle/caches/modules-2/files-2.1/com.squareup/javapoet/1.10.0/712c178d35185d8261295913c9f2a7d6867a6007/javapoet-1.10.0.jar because:
[        ]   Build cache is disabled
[        ]   Caching not enabled.
[        ] Caching disabled for MergeInstrumentationAnalysisTransform: /root/.gradle/caches/modules-2/files-2.1/net.sf.jopt-simple/jopt-simple/4.9/ee9e9eaa0a35360dcfeac129ff4923215fd65904/jopt-simple-4.9.jar because:
[        ]   Build cache is disabled
[        ]   Caching not enabled.
[        ] Caching disabled for MergeInstrumentationAnalysisTransform: /root/.gradle/caches/modules-2/files-2.1/com.google.protobuf/protobuf-java-util/3.25.5/38cc5ce479603e36466feda2a9f1dfdb2210ef00/protobuf-java-util-3.25.5.jar because:
[        ]   Build cache is disabled
[        ]   Caching not enabled.
[        ] Caching disabled for MergeInstrumentationAnalysisTransform: /root/.gradle/caches/8.14/transforms/448b77bc82599dc70acf59b64287ae6d/transformed/analysis/instrumentation-dependencies.bin because:
[        ]   Build cache is disabled
[        ]   Caching not enabled.
[        ] Caching disabled for MergeInstrumentationAnalysisTransform: /root/.gradle/caches/8.14/transforms/d26e4d12fc87d908d377ac641f35005f/transformed/analysis/instrumentation-dependencies.bin because:
[        ]   Build cache is disabled
[        ]   Caching not enabled.
[        ] Caching disabled for MergeInstrumentationAnalysisTransform: /root/.gradle/caches/8.14/transforms/03b12a1713674e47c4a3c04cb44acb39/transformed/analysis/instrumentation-dependencies.bin because:
[        ]   Build cache is disabled
[        ]   Caching not enabled.
[        ] Caching disabled for MergeInstrumentationAnalysisTransform: /root/.gradle/caches/8.14/transforms/aa0ff929b869a53e8bafd40561a92dbe/transformed/analysis/instrumentation-dependencies.bin because:
[        ]   Build cache is disabled
[        ]   Caching not enabled.
[        ] Caching disabled for MergeInstrumentationAnalysisTransform: /root/.gradle/caches/8.14/transforms/8d803f74bc08620adbcf3659e0dd8afb/transformed/analysis/instrumentation-hierarchy.bin because:
[        ]   Build cache is disabled
[        ]   Caching not enabled.
[        ] Caching disabled for MergeInstrumentationAnalysisTransform: /root/.gradle/caches/8.14/transforms/d3a1e58d1ec253efcd6e817eb23c0040/transformed/analysis/instrumentation-hierarchy.bin because:
[        ]   Build cache is disabled
[        ]   Caching not enabled.
[        ] Caching disabled for MergeInstrumentationAnalysisTransform: /root/.gradle/caches/modules-2/files-2.1/io.grpc/grpc-protobuf/1.69.1/433b61f31e1dce6adf6c43ea3ca510f8d8d7ea70/grpc-protobuf-1.69.1.jar because:
[        ]   Build cache is disabled
[        ]   Caching not enabled.
[        ] Caching disabled for MergeInstrumentationAnalysisTransform: /root/.gradle/caches/8.14/transforms/40ce7926dfa4287e169508f69c0cf81a/transformed/analysis/instrumentation-hierarchy.bin because:
[        ]   Build cache is disabled
[        ]   Caching not enabled.
[        ] Caching disabled for MergeInstrumentationAnalysisTransform: /root/.gradle/caches/8.14/transforms/05c2ff59c0b7a34a09b0cbf4f09b6e8a/transformed/analysis/instrumentation-hierarchy.bin because:
[        ]   Build cache is disabled
[        ]   Caching not enabled.
[        ] Caching disabled for MergeInstrumentationAnalysisTransform: /root/.gradle/caches/modules-2/files-2.1/com.google.testing.platform/core-proto/0.0.9-alpha03/a0de640d69d847081f087c45dda7e9b3754fe350/core-proto-0.0.9-alpha03.jar because:
[        ]   Build cache is disabled
[        ]   Caching not enabled.
[        ] Caching disabled for MergeInstrumentationAnalysisTransform: /root/.gradle/caches/8.14/transforms/d3a1e58d1ec253efcd6e817eb23c0040/transformed/analysis/instrumentation-dependencies.bin because:
[        ]   Build cache is disabled
[        ]   Caching not enabled.
[        ] Caching disabled for MergeInstrumentationAnalysisTransform: /root/.gradle/caches/8.14/transforms/ccb8e204c9a7f55d327a3c20fd1c05b7/transformed/analysis/instrumentation-hierarchy.bin because:
[        ]   Build cache is disabled
[        ]   Caching not enabled.
[  +69 ms] Caching disabled for MergeInstrumentationAnalysisTransform: /root/.gradle/caches/8.14/transforms/05c2ff59c0b7a34a09b0cbf4f09b6e8a/transformed/analysis/instrumentation-dependencies.bin because:
[        ]   Build cache is disabled
[        ]   Caching not enabled.
[        ] Caching disabled for MergeInstrumentationAnalysisTransform: /root/.gradle/caches/8.14/transforms/ccb8e204c9a7f55d327a3c20fd1c05b7/transformed/analysis/instrumentation-dependencies.bin because:
[        ]   Build cache is disabled
[        ]   Caching not enabled.
[        ] Caching disabled for MergeInstrumentationAnalysisTransform: /root/.gradle/caches/8.14/transforms/40ce7926dfa4287e169508f69c0cf81a/transformed/analysis/instrumentation-dependencies.bin because:
[        ]   Build cache is disabled
[        ]   Caching not enabled.
[        ] Caching disabled for MergeInstrumentationAnalysisTransform: /root/.gradle/caches/8.14/transforms/8d803f74bc08620adbcf3659e0dd8afb/transformed/analysis/instrumentation-dependencies.bin because:
[        ]   Build cache is disabled
[        ]   Caching not enabled.
[        ] Caching disabled for MergeInstrumentationAnalysisTransform: /root/.gradle/caches/modules-2/files-2.1/com.google.api.grpc/proto-google-common-protos/2.48.0/86b550469172d830d174d7434c318d7dff179910/proto-google-common-protos-2.48.0.jar because:
[        ]   Build cache is disabled
[        ]   Caching not enabled.
[        ] Caching disabled for MergeInstrumentationAnalysisTransform: /root/.gradle/caches/modules-2/files-2.1/com.google.crypto.tink/tink/1.7.0/668b57f109d32349b2870448f06ae6f202713edc/tink-1.7.0.jar because:
[        ]   Build cache is disabled
[        ]   Caching not enabled.
[        ] Caching disabled for MergeInstrumentationAnalysisTransform: /root/.gradle/caches/modules-2/files-2.1/io.grpc/grpc-inprocess/1.69.1/8999d859ebf25f00e5a968b5e36e1294b109cb9e/grpc-inprocess-1.69.1.jar because:
[        ]   Build cache is disabled
[        ]   Caching not enabled.
[        ] Caching disabled for MergeInstrumentationAnalysisTransform: /root/.gradle/caches/8.14/transforms/24499ab9d12730a9faeafb1a60c2ccab/transformed/analysis/instrumentation-hierarchy.bin because:
[        ]   Build cache is disabled
[        ]   Caching not enabled.
[        ] Caching disabled for MergeInstrumentationAnalysisTransform: /root/.gradle/caches/modules-2/files-2.1/com.google.protobuf/protobuf-java/3.25.5/5ae5c9ec39930ae9b5a61b32b93288818ec05ec1/protobuf-java-3.25.5.jar because:
[        ]   Build cache is disabled
[        ]   Caching not enabled.
[        ] Caching disabled for MergeInstrumentationAnalysisTransform: /root/.gradle/caches/modules-2/files-2.1/com.android.tools.analytics-library/protos/31.12.1/46635092b33a3a78a955f23185f0e924855e18a0/protos-31.12.1.jar because:
[        ]   Build cache is disabled
[        ]   Caching not enabled.
[        ] Caching disabled for MergeInstrumentationAnalysisTransform: /root/.gradle/caches/modules-2/files-2.1/org.jetbrains.kotlin/kotlin-build-statistics/2.2.0/c47ed24d12588adb177456bdbab7149facd5c775/kotlin-build-statistics-2.2.0.jar because:
[        ]   Build cache is disabled
[        ]   Caching not enabled.
[        ] Caching disabled for MergeInstrumentationAnalysisTransform: /root/.gradle/caches/8.14/transforms/79a18a78701ab821785a6d5a90cfa143/transformed/analysis/instrumentation-hierarchy.bin because:
[        ]   Build cache is disabled
[        ]   Caching not enabled.
[        ] Caching disabled for MergeInstrumentationAnalysisTransform: /root/.gradle/caches/modules-2/files-2.1/io.grpc/grpc-util/1.69.1/8c3a9d835a78be9653e9ba92ceab430547924937/grpc-util-1.69.1.jar because:
[        ]   Build cache is disabled
[        ]   Caching not enabled.
[        ] Caching disabled for MergeInstrumentationAnalysisTransform: /root/.gradle/caches/8.14/transforms/34d6463aef3309917188f109b16e68a3/transformed/analysis/instrumentation-hierarchy.bin because:
[        ]   Build cache is disabled
[        ]   Caching not enabled.
[        ] Caching disabled for MergeInstrumentationAnalysisTransform: /root/.gradle/caches/modules-2/files-2.1/io.grpc/grpc-core/1.69.1/d9f6383e1903af6e9502e7c1c8e4fbe28a236321/grpc-core-1.69.1.jar because:
[        ]   Build cache is disabled
[        ]   Caching not enabled.
[        ] Caching disabled for MergeInstrumentationAnalysisTransform: /root/.gradle/caches/8.14/transforms/24499ab9d12730a9faeafb1a60c2ccab/transformed/analysis/instrumentation-dependencies.bin because:
[        ]   Build cache is disabled
[        ]   Caching not enabled.
[        ] Caching disabled for MergeInstrumentationAnalysisTransform: /root/.gradle/caches/8.14/transforms/e1af31b6f6841aeef4f866f19498c6b7/transformed/analysis/instrumentation-hierarchy.bin because:
[        ]   Build cache is disabled
[        ]   Caching not enabled.
[        ] Caching disabled for MergeInstrumentationAnalysisTransform: /root/.gradle/caches/8.14/transforms/630e3e336f0829a1dee2e7d56a908a00/transformed/analysis/instrumentation-hierarchy.bin because:
[        ]   Build cache is disabled
[        ]   Caching not enabled.
[        ] Caching disabled for MergeInstrumentationAnalysisTransform: /root/.gradle/caches/8.14/transforms/34d6463aef3309917188f109b16e68a3/transformed/analysis/instrumentation-dependencies.bin because:
[        ]   Build cache is disabled
[        ]   Caching not enabled.
[        ] Caching disabled for MergeInstrumentationAnalysisTransform: /root/.gradle/caches/8.14/transforms/b6a197e47bb1eb105a4bb417ed9e7dce/transformed/analysis/instrumentation-hierarchy.bin because:
[        ]   Build cache is disabled
[        ]   Caching not enabled.
[        ] Caching disabled for MergeInstrumentationAnalysisTransform: /root/.gradle/caches/modules-2/files-2.1/io.grpc/grpc-netty/1.69.1/9235ab343b80acd957b4bb8bd740b8272735ddb8/grpc-netty-1.69.1.jar because:
[        ]   Build cache is disabled
[        ]   Caching not enabled.
[        ] Caching disabled for ExternalDependencyInstrumentingArtifactTransform: /root/.gradle/caches/8.14/transforms/7e8a5f529b71e81ccd07ffeef911d6b6/transformed/merge/instrumentation-dependencies.bin because:
[        ]   Build cache is disabled
[        ]   Caching not enabled.
[        ] Caching disabled for MergeInstrumentationAnalysisTransform: /root/.gradle/caches/8.14/transforms/79a18a78701ab821785a6d5a90cfa143/transformed/analysis/instrumentation-dependencies.bin because:
[        ]   Build cache is disabled
[        ]   Caching not enabled.
[        ] Caching disabled for MergeInstrumentationAnalysisTransform: /root/.gradle/caches/8.14/transforms/6141e7e5a301956d374260524e5d74fe/transformed/analysis/instrumentation-hierarchy.bin because:
[        ]   Build cache is disabled
[        ]   Caching not enabled.
[        ] Caching disabled for MergeInstrumentationAnalysisTransform: /root/.gradle/caches/8.14/transforms/760c51cdd0f5c293aa72609ff0b553d3/transformed/analysis/instrumentation-hierarchy.bin because:
[        ]   Build cache is disabled
[        ]   Caching not enabled.
[        ] Caching disabled for MergeInstrumentationAnalysisTransform: /root/.gradle/caches/8.14/transforms/e1af31b6f6841aeef4f866f19498c6b7/transformed/analysis/instrumentation-dependencies.bin because:
[        ]   Build cache is disabled
[        ]   Caching not enabled.
[        ] Caching disabled for MergeInstrumentationAnalysisTransform: /root/.gradle/caches/modules-2/files-2.1/com.google.code.gson/gson/2.11.0/527175ca6d81050b53bdd4c457a6d6e017626b0e/gson-2.11.0.jar because:
[        ]   Build cache is disabled
[        ]   Caching not enabled.
[        ] Caching disabled for MergeInstrumentationAnalysisTransform: /root/.gradle/caches/8.14/transforms/630e3e336f0829a1dee2e7d56a908a00/transformed/analysis/instrumentation-dependencies.bin because:
[        ]   Build cache is disabled
[        ]   Caching not enabled.
[        ] Caching disabled for MergeInstrumentationAnalysisTransform: /root/.gradle/caches/8.14/transforms/760c51cdd0f5c293aa72609ff0b553d3/transformed/analysis/instrumentation-dependencies.bin because:
[        ]   Build cache is disabled
[        ]   Caching not enabled.
[        ] Caching disabled for MergeInstrumentationAnalysisTransform: /root/.gradle/caches/8.14/transforms/6141e7e5a301956d374260524e5d74fe/transformed/analysis/instrumentation-dependencies.bin because:
[        ]   Build cache is disabled
[        ]   Caching not enabled.
[        ] Caching disabled for MergeInstrumentationAnalysisTransform: /root/.gradle/caches/8.14/transforms/22c922391b8441cc41527efb9d32a928/transformed/analysis/instrumentation-hierarchy.bin because:
[        ]   Build cache is disabled
[        ]   Caching not enabled.
[        ] Caching disabled for MergeInstrumentationAnalysisTransform: /root/.gradle/caches/8.14/transforms/b6a197e47bb1eb105a4bb417ed9e7dce/transformed/analysis/instrumentation-dependencies.bin because:
[        ]   Build cache is disabled
[        ]   Caching not enabled.
[        ] Caching disabled for MergeInstrumentationAnalysisTransform: /root/.gradle/caches/modules-2/files-2.1/org.tensorflow/tensorflow-lite-metadata/0.2.0/7dbe8f75ae5c0ef7093c43c3ac8b560bbc7ea4b6/tensorflow-lite-metadata-0.2.0.jar because:
[        ]   Build cache is disabled
[        ]   Caching not enabled.
[        ] Caching disabled for MergeInstrumentationAnalysisTransform: /root/.gradle/caches/8.14/transforms/3ae60b3840f76fbc495a453c70c97bf0/transformed/analysis/instrumentation-hierarchy.bin because:
[        ]   Build cache is disabled
[        ]   Caching not enabled.
[        ] Caching disabled for MergeInstrumentationAnalysisTransform: /root/.gradle/caches/modules-2/files-2.1/io.grpc/grpc-stub/1.69.1/685c974e6717e6c1bcadd1b7461167d27f64c524/grpc-stub-1.69.1.jar because:
[        ]   Build cache is disabled
[        ]   Caching not enabled.
[        ] Caching disabled for MergeInstrumentationAnalysisTransform: /root/.gradle/caches/8.14/transforms/22c922391b8441cc41527efb9d32a928/transformed/analysis/instrumentation-dependencies.bin because:
[        ]   Build cache is disabled
[        ]   Caching not enabled.
[        ] Caching disabled for MergeInstrumentationAnalysisTransform: /root/.gradle/caches/modules-2/files-2.1/org.jetbrains.kotlin/kotlin-klib-commonizer-api/2.2.0/5e2d5b81d4fe98b13f6b17bed9af07870749b067/kotlin-klib-commonizer-api-2.2.0.jar because:
[        ]   Build cache is disabled
[        ]   Caching not enabled.
[        ] Caching disabled for MergeInstrumentationAnalysisTransform: /root/.gradle/caches/modules-2/files-2.1/com.google.flatbuffers/flatbuffers-java/1.12.0/8201cc7b511177a37071249e891f2f2fea4b32e9/flatbuffers-java-1.12.0.jar because:
[        ]   Build cache is disabled
[        ]   Caching not enabled.
[        ] Caching disabled for MergeInstrumentationAnalysisTransform: /root/.gradle/caches/8.14/transforms/601b51fa272b735ecc675e1b376e1482/transformed/analysis/instrumentation-dependencies.bin because:
[        ]   Build cache is disabled
[        ]   Caching not enabled.
[        ] Caching disabled for MergeInstrumentationAnalysisTransform: /root/.gradle/caches/modules-2/files-2.1/org.jetbrains.kotlin/kotlin-gradle-plugin-idea/2.2.0/a07b350797aa4fe6d4bc6e1be2feecb638e94b13/kotlin-gradle-plugin-idea-2.2.0.jar because:
[        ]   Build cache is disabled
[        ]   Caching not enabled.
[        ] Caching disabled for MergeInstrumentationAnalysisTransform: /root/.gradle/caches/8.14/transforms/3ae60b3840f76fbc495a453c70c97bf0/transformed/analysis/instrumentation-dependencies.bin because:
[        ]   Build cache is disabled
[        ]   Caching not enabled.
[        ] Caching disabled for ExternalDependencyInstrumentingArtifactTransform: /root/.gradle/caches/8.14/transforms/d273f0be688ad79531812b37406128ab/transformed/merge/instrumentation-dependencies.bin because:
[        ]   Build cache is disabled
[        ]   Caching not enabled.
[        ] Caching disabled for MergeInstrumentationAnalysisTransform: /root/.gradle/caches/modules-2/files-2.1/org.jetbrains.kotlin/abi-tools-api/2.2.0/355f16ba483e7af704ed8336431c57f2f21a8389/abi-tools-api-2.2.0.jar because:
[        ]   Build cache is disabled
[        ]   Caching not enabled.
[        ] Caching disabled for MergeInstrumentationAnalysisTransform: /root/.gradle/caches/modules-2/files-2.1/org.jetbrains.kotlin/kotlin-util-klib-metadata/2.2.0/f2e380c949d0621246ff2315c2ad4363f501a4ef/kotlin-util-klib-metadata-2.2.0.jar because:
[        ]   Build cache is disabled
[        ]   Caching not enabled.
[        ] Caching disabled for MergeInstrumentationAnalysisTransform: /root/.gradle/caches/8.14/transforms/59d4469867e677d91f281a1e27259851/transformed/analysis/instrumentation-hierarchy.bin because:
[        ]   Build cache is disabled
[        ]   Caching not enabled.
[        ] Caching disabled for MergeInstrumentationAnalysisTransform: /root/.gradle/caches/8.14/transforms/0bab9ab604962ffad0d5c31fde221fcb/transformed/analysis/instrumentation-hierarchy.bin because:
[        ]   Build cache is disabled
[        ]   Caching not enabled.
[        ] Caching disabled for ExternalDependencyInstrumentingArtifactTransform: /root/.gradle/caches/8.14/transforms/63f43c990a6eaf616ebbb445a6f0abc9/transformed/merge/instrumentation-dependencies.bin because:
[        ]   Build cache is disabled
[        ]   Caching not enabled.
[        ] Caching disabled for MergeInstrumentationAnalysisTransform: /root/.gradle/caches/modules-2/files-2.1/org.jetbrains.kotlin/kotlin-gradle-plugin-idea-proto/2.2.0/2decfc82debfebd1df11549cb43ef1d2a5b9ac35/kotlin-gradle-plugin-idea-proto-2.2.0.jar because:
[        ]   Build cache is disabled
[        ]   Caching not enabled.
[        ] Caching disabled for ExternalDependencyInstrumentingArtifactTransform: /root/.gradle/caches/modules-2/files-2.1/org.jetbrains.kotlin/kotlin-build-statistics/2.2.0/c47ed24d12588adb177456bdbab7149facd5c775/kotlin-build-statistics-2.2.0.jar because:
[        ]   Build cache is disabled
[        ]   Caching not enabled.
[        ] Caching disabled for MergeInstrumentationAnalysisTransform: /root/.gradle/caches/modules-2/files-2.1/io.grpc/grpc-context/1.69.1/acec56668f9e67775cfe43fdb9edd046e9426a2d/grpc-context-1.69.1.jar because:
[        ]   Build cache is disabled
[        ]   Caching not enabled.
[        ] Caching disabled for MergeInstrumentationAnalysisTransform: /root/.gradle/caches/8.14/transforms/59d4469867e677d91f281a1e27259851/transformed/analysis/instrumentation-dependencies.bin because:
[        ]   Build cache is disabled
[        ]   Caching not enabled.
[        ] Caching disabled for MergeInstrumentationAnalysisTransform: /root/.gradle/caches/8.14/transforms/0bab9ab604962ffad0d5c31fde221fcb/transformed/analysis/instrumentation-dependencies.bin because:
[        ]   Build cache is disabled
[        ]   Caching not enabled.
[        ] Caching disabled for ExternalDependencyInstrumentingArtifactTransform: /root/.gradle/caches/8.14/transforms/5d420e07e9f4653b5c10c935f2509ea8/transformed/merge/instrumentation-dependencies.bin because:
[        ]   Build cache is disabled
[        ]   Caching not enabled.
[        ] Caching disabled for ExternalDependencyInstrumentingArtifactTransform: /root/.gradle/caches/8.14/transforms/8934b36f436433f4d62d366ce07e0f9a/transformed/merge/instrumentation-dependencies.bin because:
[        ]   Build cache is disabled
[        ]   Caching not enabled.
[        ] Caching disabled for MergeInstrumentationAnalysisTransform: /root/.gradle/caches/modules-2/files-2.1/com.google.jimfs/jimfs/1.1/8fbd0579dc68aba6186935cc1bee21d2f3e7ec1c/jimfs-1.1.jar because:
[        ]   Build cache is disabled
[        ]   Caching not enabled.
[        ] Caching disabled for MergeInstrumentationAnalysisTransform: /root/.gradle/caches/8.14/transforms/0c8e03626dc28f5f9dc8448d5c34665e/transformed/analysis/instrumentation-hierarchy.bin because:
[        ]   Build cache is disabled
[        ]   Caching not enabled.
[        ] Caching disabled for MergeInstrumentationAnalysisTransform: /root/.gradle/caches/8.14/transforms/ba603a8e5cd50a7c88cc1c83cedbafe1/transformed/analysis/instrumentation-hierarchy.bin because:
[        ]   Build cache is disabled
[        ]   Caching not enabled.
[        ] Caching disabled for ExternalDependencyInstrumentingArtifactTransform: /root/.gradle/caches/8.14/transforms/5c88d40828cd38434032aacf9f5e2a9d/transformed/merge/instrumentation-dependencies.bin because:
[        ]   Build cache is disabled
[        ]   Caching not enabled.
[        ] Caching disabled for MergeInstrumentationAnalysisTransform: /root/.gradle/caches/modules-2/files-2.1/io.grpc/grpc-protobuf-lite/1.69.1/40cc0d2c62b22c7c22056e17c1141cb714993ea9/grpc-protobuf-lite-1.69.1.jar because:
[        ]   Build cache is disabled
[        ]   Caching not enabled.
[        ] Caching disabled for MergeInstrumentationAnalysisTransform: /root/.gradle/caches/8.14/transforms/0c8e03626dc28f5f9dc8448d5c34665e/transformed/analysis/instrumentation-dependencies.bin because:
[        ]   Build cache is disabled
[        ]   Caching not enabled.
[        ] Caching disabled for MergeInstrumentationAnalysisTransform: /root/.gradle/caches/8.14/transforms/1f33ebe59883eca7cf0b19e5fe8de863/transformed/analysis/instrumentation-dependencies.bin because:
[        ]   Build cache is disabled
[        ]   Caching not enabled.
[        ] Caching disabled for MergeInstrumentationAnalysisTransform: /root/.gradle/caches/modules-2/files-2.1/io.grpc/grpc-api/1.69.1/e95c782de0217180c9b25c99e605c4513f3272f1/grpc-api-1.69.1.jar because:
[        ]   Build cache is disabled
[        ]   Caching not enabled.
[        ] Caching disabled for MergeInstrumentationAnalysisTransform: /root/.gradle/caches/8.14/transforms/ba603a8e5cd50a7c88cc1c83cedbafe1/transformed/analysis/instrumentation-dependencies.bin because:
[        ]   Build cache is disabled
[        ]   Caching not enabled.
[        ] Caching disabled for MergeInstrumentationAnalysisTransform: /root/.gradle/caches/8.14/transforms/9b0e98629bc06f5b01cc526ebfdfc3c3/transformed/analysis/instrumentation-hierarchy.bin because:
[        ]   Build cache is disabled
[        ]   Caching not enabled.
[        ] Caching disabled for MergeInstrumentationAnalysisTransform: /root/.gradle/caches/8.14/transforms/9d04d315a102c441141d3be66524f20d/transformed/analysis/instrumentation-hierarchy.bin because:
[        ]   Build cache is disabled
[        ]   Caching not enabled.
[        ] Caching disabled for MergeInstrumentationAnalysisTransform: /root/.gradle/caches/modules-2/files-2.1/javax.inject/javax.inject/1/6975da39a7040257bd51d21a231b76c915872d38/javax.inject-1.jar because:
[        ]   Build cache is disabled
[        ]   Caching not enabled.
[        ] Caching disabled for ExternalDependencyInstrumentingArtifactTransform: /root/.gradle/caches/modules-2/files-2.1/org.jetbrains.kotlin/abi-tools-api/2.2.0/355f16ba483e7af704ed8336431c57f2f21a8389/abi-tools-api-2.2.0.jar because:
[        ]   Build cache is disabled
[        ]   Caching not enabled.
[        ] Caching disabled for MergeInstrumentationAnalysisTransform: /root/.gradle/caches/modules-2/files-2.1/com.google.dagger/dagger/2.28.3/10d83810ef9e19714116ed518896c90c6606d633/dagger-2.28.3.jar because:
[        ]   Build cache is disabled
[        ]   Caching not enabled.
[        ] Caching disabled for ExternalDependencyInstrumentingArtifactTransform: /root/.gradle/caches/modules-2/files-2.1/org.jetbrains.kotlin/kotlin-klib-commonizer-api/2.2.0/5e2d5b81d4fe98b13f6b17bed9af07870749b067/kotlin-klib-commonizer-api-2.2.0.jar because:
[        ]   Build cache is disabled
[        ]   Caching not enabled.
[        ] Caching disabled for MergeInstrumentationAnalysisTransform: /root/.gradle/caches/modules-2/files-2.1/com.google.guava/guava/33.3.1-jre/852f8b363da0111e819460021ca693cacca3e8db/guava-33.3.1-jre.jar because:
[        ]   Build cache is disabled
[        ]   Caching not enabled.
[        ] Caching disabled for MergeInstrumentationAnalysisTransform: /root/.gradle/caches/8.14/transforms/9d04d315a102c441141d3be66524f20d/transformed/analysis/instrumentation-dependencies.bin because:
[        ]   Build cache is disabled
[        ]   Caching not enabled.
[        ] Caching disabled for MergeInstrumentationAnalysisTransform: /root/.gradle/caches/8.14/transforms/9b0e98629bc06f5b01cc526ebfdfc3c3/transformed/analysis/instrumentation-dependencies.bin because:
[        ]   Build cache is disabled
[        ]   Caching not enabled.
[        ] Caching disabled for ExternalDependencyInstrumentingArtifactTransform: /root/.gradle/caches/modules-2/files-2.1/org.jetbrains.kotlin/kotlin-util-klib-metadata/2.2.0/f2e380c949d0621246ff2315c2ad4363f501a4ef/kotlin-util-klib-metadata-2.2.0.jar because:
[        ]   Build cache is disabled
[        ]   Caching not enabled.
[        ] Caching disabled for MergeInstrumentationAnalysisTransform: /root/.gradle/caches/8.14/transforms/b90d3ccdd27a09aadabddbd33719551c/transformed/analysis/instrumentation-hierarchy.bin because:
[        ]   Build cache is disabled
[        ]   Caching not enabled.
[        ] Caching disabled for MergeInstrumentationAnalysisTransform: /root/.gradle/caches/8.14/transforms/8454090a5b20928e6b4b38efeaa490fe/transformed/analysis/instrumentation-hierarchy.bin because:
[        ]   Build cache is disabled
[        ]   Caching not enabled.
[        ] Caching disabled for MergeInstrumentationAnalysisTransform: /root/.gradle/caches/8.14/transforms/4bb2857926d6bbf63c2a8489c429fa99/transformed/analysis/instrumentation-hierarchy.bin because:
[        ]   Build cache is disabled
[        ]   Caching not enabled.
[        ] Caching disabled for MergeInstrumentationAnalysisTransform: /root/.gradle/caches/8.14/transforms/1a1d3b61d5a868318f8594a976389b2b/transformed/analysis/instrumentation-hierarchy.bin because:
[        ]   Build cache is disabled
[        ]   Caching not enabled.
[        ] Caching disabled for MergeInstrumentationAnalysisTransform: /root/.gradle/caches/8.14/transforms/410b73183f139835f68024b4a9e6d4c0/transformed/analysis/instrumentation-hierarchy.bin because:
[        ]   Build cache is disabled
[        ]   Caching not enabled.
[        ] Caching disabled for MergeInstrumentationAnalysisTransform: /root/.gradle/caches/8.14/transforms/f3a6428d10373325c1383925ba5e9024/transformed/analysis/instrumentation-dependencies.bin because:
[        ]   Build cache is disabled
[        ]   Caching not enabled.
[        ] Caching disabled for MergeInstrumentationAnalysisTransform: /root/.gradle/caches/8.14/transforms/1a1d3b61d5a868318f8594a976389b2b/transformed/analysis/instrumentation-dependencies.bin because:
[        ]   Build cache is disabled
[        ]   Caching not enabled.
[        ] Caching disabled for ExternalDependencyInstrumentingArtifactTransform: /root/.gradle/caches/modules-2/files-2.1/org.jetbrains.kotlin/kotlin-gradle-plugin-idea/2.2.0/a07b350797aa4fe6d4bc6e1be2feecb638e94b13/kotlin-gradle-plugin-idea-2.2.0.jar because:
[        ]   Build cache is disabled
[        ]   Caching not enabled.
[        ] Caching disabled for MergeInstrumentationAnalysisTransform: /root/.gradle/caches/modules-2/files-2.1/org.apache.commons/commons-compress/1.21/4ec95b60d4e86b5c95a0e919cb172a0af98011ef/commons-compress-1.21.jar because:
[        ]   Build cache is disabled
[        ]   Caching not enabled.
[        ] Caching disabled for MergeInstrumentationAnalysisTransform: /root/.gradle/caches/8.14/transforms/4bb2857926d6bbf63c2a8489c429fa99/transformed/analysis/instrumentation-dependencies.bin because:
[        ]   Build cache is disabled
[        ]   Caching not enabled.
[        ] Caching disabled for MergeInstrumentationAnalysisTransform: /root/.gradle/caches/8.14/transforms/8454090a5b20928e6b4b38efeaa490fe/transformed/analysis/instrumentation-dependencies.bin because:
[   +1 ms]   Build cache is disabled
[        ]   Caching not enabled.
[        ] Caching disabled for MergeInstrumentationAnalysisTransform: /root/.gradle/caches/8.14/transforms/b90d3ccdd27a09aadabddbd33719551c/transformed/analysis/instrumentation-dependencies.bin because:
[        ]   Build cache is disabled
[        ]   Caching not enabled.
[        ] Caching disabled for MergeInstrumentationAnalysisTransform: /root/.gradle/caches/modules-2/files-2.1/net.sf.kxml/kxml2/2.3.0/ccbc77a5fd907ef863c29f3596c6f54ffa4e9442/kxml2-2.3.0.jar because:
[        ]   Build cache is disabled
[        ]   Caching not enabled.
[        ] Caching disabled for MergeInstrumentationAnalysisTransform: /root/.gradle/caches/modules-2/files-2.1/com.sun.activation/javax.activation/1.2.0/bf744c1e2776ed1de3c55c8dac1057ec331ef744/javax.activation-1.2.0.jar because:
[        ]   Build cache is disabled
[        ]   Caching not enabled.
[        ] Caching disabled for MergeInstrumentationAnalysisTransform: /root/.gradle/caches/8.14/transforms/410b73183f139835f68024b4a9e6d4c0/transformed/analysis/instrumentation-dependencies.bin because:
[        ]   Build cache is disabled
[        ]   Caching not enabled.
[        ] Caching disabled for MergeInstrumentationAnalysisTransform: /root/.gradle/caches/8.14/transforms/124d318d2ffb5fe8d179d5fd16f49205/transformed/analysis/instrumentation-hierarchy.bin because:
[        ]   Build cache is disabled
[        ]   Caching not enabled.
[        ] Caching disabled for MergeInstrumentationAnalysisTransform: /root/.gradle/caches/8.14/transforms/6fada6fe056531e0cfb2bb09f64a7a94/transformed/analysis/instrumentation-hierarchy.bin because:
[        ]   Build cache is disabled
[        ]   Caching not enabled.
[        ] Caching disabled for MergeInstrumentationAnalysisTransform: /root/.gradle/caches/modules-2/files-2.1/org.bouncycastle/bcutil-jdk18on/1.79/ecfc5aef97cc7676ea0de5c53c407b9f533f0ad5/bcutil-jdk18on-1.79.jar because:
[        ]   Build cache is disabled
[        ]   Caching not enabled.
[        ] Caching disabled for MergeInstrumentationAnalysisTransform: /root/.gradle/caches/8.14/transforms/124d318d2ffb5fe8d179d5fd16f49205/transformed/analysis/instrumentation-dependencies.bin because:
[        ]   Build cache is disabled
[        ]   Caching not enabled.
[        ] Caching disabled for MergeInstrumentationAnalysisTransform: /root/.gradle/caches/8.14/transforms/f62290c4265fae9fb0cf357d49462801/transformed/analysis/instrumentation-hierarchy.bin because:
[        ]   Build cache is disabled
[        ]   Caching not enabled.
[        ] Caching disabled for MergeInstrumentationAnalysisTransform: /root/.gradle/caches/8.14/transforms/2645c05aeda7109119d53cdc6fd99d56/transformed/analysis/instrumentation-dependencies.bin because:
[        ]   Build cache is disabled
[        ]   Caching not enabled.
[        ] Caching disabled for MergeInstrumentationAnalysisTransform: /root/.gradle/caches/modules-2/files-2.1/org.jetbrains/annotations/23.0.0/8cc20c07506ec18e0834947b84a864bfc094484e/annotations-23.0.0.jar because:
[        ]   Build cache is disabled
[        ]   Caching not enabled.
[        ] Caching disabled for MergeInstrumentationAnalysisTransform: /root/.gradle/caches/modules-2/files-2.1/org.apache.httpcomponents/httpcore/4.4.16/51cf043c87253c9f58b539c9f7e44c8894223850/httpcore-4.4.16.jar because:
[        ]   Build cache is disabled
[        ]   Caching not enabled.
[        ] Caching disabled for MergeInstrumentationAnalysisTransform: /root/.gradle/caches/modules-2/files-2.1/org.apache.httpcomponents/httpclient/4.5.14/1194890e6f56ec29177673f2f12d0b8e627dec98/httpclient-4.5.14.jar because:
[        ]   Build cache is disabled
[        ]   Caching not enabled.
[        ] Caching disabled for MergeInstrumentationAnalysisTransform: /root/.gradle/caches/8.14/transforms/63e0a1f75d91cde9ecfd6e29ce3f4dc8/transformed/analysis/instrumentation-hierarchy.bin because:
[        ]   Build cache is disabled
[        ]   Caching not enabled.
[        ] Caching disabled for MergeInstrumentationAnalysisTransform: /root/.gradle/caches/8.14/transforms/6fada6fe056531e0cfb2bb09f64a7a94/transformed/analysis/instrumentation-dependencies.bin because:
[        ]   Build cache is disabled
[        ]   Caching not enabled.
[        ] Caching disabled for MergeInstrumentationAnalysisTransform: /root/.gradle/caches/8.14/transforms/e0226a994236d7bf90152c665abe60df/transformed/analysis/instrumentation-dependencies.bin because:
[        ]   Build cache is disabled
[        ]   Caching not enabled.
[        ] Caching disabled for MergeInstrumentationAnalysisTransform: /root/.gradle/caches/8.14/transforms/8c12647086c0a3ca5d593c8e6e97b7eb/transformed/analysis/instrumentation-hierarchy.bin because:
[        ]   Build cache is disabled
[        ]   Caching not enabled.
[        ] Caching disabled for MergeInstrumentationAnalysisTransform: /root/.gradle/caches/8.14/transforms/f62290c4265fae9fb0cf357d49462801/transformed/analysis/instrumentation-dependencies.bin because:
[        ]   Build cache is disabled
[        ]   Caching not enabled.
[        ] Caching disabled for MergeInstrumentationAnalysisTransform: /root/.gradle/caches/modules-2/files-2.1/com.android/signflinger/8.12.1/13f035dd8e7e470ff8f3216a0b46333187f26df5/signflinger-8.12.1.jar because:
[        ]   Build cache is disabled
[        ]   Caching not enabled.
[        ] Caching disabled for MergeInstrumentationAnalysisTransform: /root/.gradle/caches/8.14/transforms/63e0a1f75d91cde9ecfd6e29ce3f4dc8/transformed/analysis/instrumentation-dependencies.bin because:
[        ]   Build cache is disabled
[        ]   Caching not enabled.
[        ] Caching disabled for MergeInstrumentationAnalysisTransform: /root/.gradle/caches/8.14/transforms/8c12647086c0a3ca5d593c8e6e97b7eb/transformed/analysis/instrumentation-dependencies.bin because:
[        ]   Build cache is disabled
[        ]   Caching not enabled.
[        ] Caching disabled for MergeInstrumentationAnalysisTransform: /root/.gradle/caches/8.14/transforms/a9bb419057f2ec78198df5a5329559ea/transformed/analysis/instrumentation-hierarchy.bin because:
[        ]   Build cache is disabled
[        ]   Caching not enabled.
[        ] Caching disabled for MergeInstrumentationAnalysisTransform: /root/.gradle/caches/modules-2/files-2.1/com.android.tools/annotations/31.12.1/a9a04a78f42fdb0276a0fc7fd538890f856a9753/annotations-31.12.1.jar because:
[        ]   Build cache is disabled
[        ]   Caching not enabled.
[        ] Caching disabled for MergeInstrumentationAnalysisTransform: /root/.gradle/caches/modules-2/files-2.1/org.bouncycastle/bcprov-jdk18on/1.79/4d8e2732bcee15f1db93df266c3f5b70ce5cac21/bcprov-jdk18on-1.79.jar because:
[        ]   Build cache is disabled
[        ]   Caching not enabled.
[        ] Caching disabled for MergeInstrumentationAnalysisTransform: /root/.gradle/caches/modules-2/files-2.1/com.android/zipflinger/8.12.1/3a3b1786c331db72b9610eb1f68f0ec1ec9a1f/zipflinger-8.12.1.jar because:
[        ]   Build cache is disabled
[        ]   Caching not enabled.
[        ] Caching disabled for MergeInstrumentationAnalysisTransform: /root/.gradle/caches/modules-2/files-2.1/javax.annotation/javax.annotation-api/1.3.2/934c04d3cfef185a8008e7bf34331b79730a9d43/javax.annotation-api-1.3.2.jar because:
[        ]   Build cache is disabled
[        ]   Caching not enabled.
[        ] Caching disabled for MergeInstrumentationAnalysisTransform: /root/.gradle/caches/8.14/transforms/9a9891476629ac44014c62adfce6452d/transformed/analysis/instrumentation-hierarchy.bin because:
[        ]   Build cache is disabled
[        ]   Caching not enabled.
[        ] Caching disabled for MergeInstrumentationAnalysisTransform: /root/.gradle/caches/8.14/transforms/a9bb419057f2ec78198df5a5329559ea/transformed/analysis/instrumentation-dependencies.bin because:
[        ]   Build cache is disabled
[        ]   Caching not enabled.
[        ] Caching disabled for MergeInstrumentationAnalysisTransform: /root/.gradle/caches/8.14/transforms/0e4888efffc5b1de0f2cc5286369299e/transformed/analysis/instrumentation-hierarchy.bin because:
[        ]   Build cache is disabled
[        ]   Caching not enabled.
[        ] Caching disabled for MergeInstrumentationAnalysisTransform: /root/.gradle/caches/modules-2/files-2.1/com.googlecode.juniversalchardet/juniversalchardet/1.0.3/cd49678784c46aa8789c060538e0154013bb421b/juniversalchardet-1.0.3.jar because:
[        ]   Build cache is disabled
[        ]   Caching not enabled.
[        ] Caching disabled for MergeInstrumentationAnalysisTransform: /root/.gradle/caches/modules-2/files-2.1/net.java.dev.jna/jna-platform/5.6.0/d18424ffb8bbfd036d71bcaab9b546858f2ef986/jna-platform-5.6.0.jar because:
[        ]   Build cache is disabled
[        ]   Caching not enabled.
[        ] Caching disabled for MergeInstrumentationAnalysisTransform: /root/.gradle/caches/modules-2/files-2.1/org.jvnet.staxex/stax-ex/1.8.1/78011e483a21102fb4858f3e8f269a677e50aa23/stax-ex-1.8.1.jar because:
[        ]   Build cache is disabled
[        ]   Caching not enabled.
[        ] Caching disabled for MergeInstrumentationAnalysisTransform: /root/.gradle/caches/8.14/transforms/fefff9ef1ad0af2b4d20e97600842cb4/transformed/analysis/instrumentation-hierarchy.bin because:
[        ]   Build cache is disabled
[        ]   Caching not enabled.
[        ] Caching disabled for MergeInstrumentationAnalysisTransform: /root/.gradle/caches/8.14/transforms/c491d8608f57b6bb06428abd12a909c3/transformed/analysis/instrumentation-hierarchy.bin because:
[        ]   Build cache is disabled
[        ]   Caching not enabled.
[        ] Caching disabled for MergeInstrumentationAnalysisTransform: /root/.gradle/caches/8.14/transforms/9a9891476629ac44014c62adfce6452d/transformed/analysis/instrumentation-dependencies.bin because:
[        ]   Build cache is disabled
[        ]   Caching not enabled.
[        ] Caching disabled for MergeInstrumentationAnalysisTransform: /root/.gradle/caches/8.14/transforms/9f7bf5a533b6fa8b7c91c970eaa2b8a2/transformed/analysis/instrumentation-dependencies.bin because:
[        ]   Build cache is disabled
[        ]   Caching not enabled.
[        ] Caching disabled for MergeInstrumentationAnalysisTransform: /root/.gradle/caches/8.14/transforms/0e4888efffc5b1de0f2cc5286369299e/transformed/analysis/instrumentation-dependencies.bin because:
[        ]   Build cache is disabled
[        ]   Caching not enabled.
[        ] Caching disabled for MergeInstrumentationAnalysisTransform: /root/.gradle/caches/8.14/transforms/cf0bc295990994c9b29b9073cba028df/transformed/analysis/instrumentation-dependencies.bin because:
[        ]   Build cache is disabled
[        ]   Caching not enabled.
[        ] Caching disabled for MergeInstrumentationAnalysisTransform: /root/.gradle/caches/8.14/transforms/b964b2a10de25da1ef0fd6f921058bc2/transformed/analysis/instrumentation-hierarchy.bin because:
[        ]   Build cache is disabled
[        ]   Caching not enabled.
[        ] Caching disabled for MergeInstrumentationAnalysisTransform: /root/.gradle/caches/modules-2/files-2.1/jakarta.xml.bind/jakarta.xml.bind-api/2.3.2/8d49996a4338670764d7ca4b85a1c4ccf7fe665d/jakarta.xml.bind-api-2.3.2.jar because:
[        ]   Build cache is disabled
[        ]   Caching not enabled.
[        ] Caching disabled for MergeInstrumentationAnalysisTransform: /root/.gradle/caches/8.14/transforms/6f8bdd5d75a2382fcea921634ccf18cb/transformed/analysis/instrumentation-hierarchy.bin because:
[        ]   Build cache is disabled
[        ]   Caching not enabled.
[        ] Caching disabled for MergeInstrumentationAnalysisTransform: /root/.gradle/caches/8.14/transforms/fefff9ef1ad0af2b4d20e97600842cb4/transformed/analysis/instrumentation-dependencies.bin because:
[        ]   Build cache is disabled
[        ]   Caching not enabled.
[        ] Caching disabled for MergeInstrumentationAnalysisTransform: /root/.gradle/caches/8.14/transforms/58004fb02668d400301539bc7fd0023b/transformed/analysis/instrumentation-hierarchy.bin because:
[        ]   Build cache is disabled
[        ]   Caching not enabled.
[        ] Caching disabled for MergeInstrumentationAnalysisTransform: /root/.gradle/caches/8.14/transforms/b964b2a10de25da1ef0fd6f921058bc2/transformed/analysis/instrumentation-dependencies.bin because:
[        ]   Build cache is disabled
[        ]   Caching not enabled.
[        ] Caching disabled for MergeInstrumentationAnalysisTransform: /root/.gradle/caches/modules-2/files-2.1/org.glassfish.jaxb/txw2/2.3.2/ce5be7da2e442c25ec14c766cb60cb802741727b/txw2-2.3.2.jar because:
[        ]   Build cache is disabled
[        ]   Caching not enabled.
[        ] Caching disabled for MergeInstrumentationAnalysisTransform: /root/.gradle/caches/8.14/transforms/6f8bdd5d75a2382fcea921634ccf18cb/transformed/analysis/instrumentation-dependencies.bin because:
[        ]   Build cache is disabled
[        ]   Caching not enabled.
[        ] Caching disabled for MergeInstrumentationAnalysisTransform: /root/.gradle/caches/modules-2/files-2.1/com.google.auto.value/auto-value-annotations/1.6.2/ed193d86e0af90cc2342aedbe73c5d86b03fa09b/auto-value-annotations-1.6.2.jar because:
[        ]   Build cache is disabled
[        ]   Caching not enabled.
[        ] Caching disabled for MergeInstrumentationAnalysisTransform: /root/.gradle/caches/8.14/transforms/c491d8608f57b6bb06428abd12a909c3/transformed/analysis/instrumentation-dependencies.bin because:
[        ]   Build cache is disabled
[        ]   Caching not enabled.
[        ] Caching disabled for MergeInstrumentationAnalysisTransform: /root/.gradle/caches/modules-2/files-2.1/com.sun.istack/istack-commons-runtime/3.0.8/d6a97364045aa6b99bf2d3c566a3f98599c2d296/istack-commons-runtime-3.0.8.jar because:
[        ]   Build cache is disabled
[        ]   Caching not enabled.
[        ] Caching disabled for MergeInstrumentationAnalysisTransform: /root/.gradle/caches/modules-2/files-2.1/com.google.errorprone/error_prone_annotations/2.30.0/ff171acb7fb9cbe2b9f50b391e1d52459d30ee62/error_prone_annotations-2.30.0.jar because:
[        ]   Build cache is disabled
[        ]   Caching not enabled.
[        ] Caching disabled for MergeInstrumentationAnalysisTransform: /root/.gradle/caches/modules-2/files-2.1/com.sun.xml.fastinfoset/FastInfoset/1.2.16/4eb6a0adad553bf759ffe86927df6f3b848c8bea/FastInfoset-1.2.16.jar because:
[        ]   Build cache is disabled
[        ]   Caching not enabled.
[        ] Caching disabled for MergeInstrumentationAnalysisTransform: /root/.gradle/caches/8.14/transforms/58004fb02668d400301539bc7fd0023b/transformed/analysis/instrumentation-dependencies.bin because:
[        ]   Build cache is disabled
[        ]   Caching not enabled.
[        ] Caching disabled for MergeInstrumentationAnalysisTransform: /root/.gradle/caches/modules-2/files-2.1/org.slf4j/slf4j-api/1.7.30/b5a4b6d16ab13e34a88fae84c35cd5d68cac922c/slf4j-api-1.7.30.jar because:
[        ]   Build cache is disabled
[        ]   Caching not enabled.
[        ] Caching disabled for MergeInstrumentationAnalysisTransform: /root/.gradle/caches/8.14/transforms/d8695b060e50975c4594c2fcb6098560/transformed/analysis/instrumentation-hierarchy.bin because:
[        ]   Build cache is disabled
[        ]   Caching not enabled.
[        ] Caching disabled for MergeInstrumentationAnalysisTransform: /root/.gradle/caches/modules-2/files-2.1/org.bitbucket.b_c/jose4j/0.9.5/e4ca26802488e6f16e24558d74ac8775a955fdd3/jose4j-0.9.5.jar because:
[        ]   Build cache is disabled
[        ]   Caching not enabled.
[        ] Caching disabled for MergeInstrumentationAnalysisTransform: /root/.gradle/caches/8.14/transforms/085ab5d22c0c73b805b5ceab6a9ea7ff/transformed/analysis/instrumentation-dependencies.bin because:
[        ]   Build cache is disabled
[        ]   Caching not enabled.
[        ] Caching disabled for MergeInstrumentationAnalysisTransform: /root/.gradle/caches/modules-2/files-2.1/jakarta.activation/jakarta.activation-api/1.2.1/562a587face36ec7eff2db7f2fc95425c6602bc1/jakarta.activation-api-1.2.1.jar because:
[        ]   Build cache is disabled
[        ]   Caching not enabled.
[        ] Caching disabled for MergeInstrumentationAnalysisTransform: /root/.gradle/caches/8.14/transforms/4cd17ccd69a423c77b4cc921baa79a8e/transformed/analysis/instrumentation-dependencies.bin because:
[        ]   Build cache is disabled
[        ]   Caching not enabled.
[        ] Caching disabled for MergeInstrumentationAnalysisTransform: /root/.gradle/caches/8.14/transforms/3871849f067229dac404822e0cc10652/transformed/analysis/instrumentation-dependencies.bin because:
[        ]   Build cache is disabled
[        ]   Caching not enabled.
[        ] Caching disabled for MergeInstrumentationAnalysisTransform: /root/.gradle/caches/8.14/transforms/d8695b060e50975c4594c2fcb6098560/transformed/analysis/instrumentation-dependencies.bin because:
[        ]   Build cache is disabled
[        ]   Caching not enabled.
[        ] Caching disabled for MergeInstrumentationAnalysisTransform: /root/.gradle/caches/8.14/transforms/83c733493e2ffb6ca81f2223bd181a35/transformed/analysis/instrumentation-hierarchy.bin because:
[        ]   Build cache is disabled
[        ]   Caching not enabled.
[        ] Caching disabled for MergeInstrumentationAnalysisTransform: /root/.gradle/caches/8.14/transforms/ccd4d5146633deeb32e056fb256bbedb/transformed/analysis/instrumentation-hierarchy.bin because:
[        ]   Build cache is disabled
[        ]   Caching not enabled.
[        ] Caching disabled for MergeInstrumentationAnalysisTransform: /root/.gradle/caches/modules-2/files-2.1/org.jdom/jdom2/2.0.6/6f14738ec2e9dd0011e343717fa624a10f8aab64/jdom2-2.0.6.jar because:
[        ]   Build cache is disabled
[        ]   Caching not enabled.
[        ] Caching disabled for MergeInstrumentationAnalysisTransform: /root/.gradle/caches/modules-2/files-2.1/org.codehaus.mojo/animal-sniffer-annotations/1.24/aa9ba58d30e0aad7f1808fce9c541ea3760678d8/animal-sniffer-annotations-1.24.jar because:
[        ]   Build cache is disabled
[        ]   Caching not enabled.
[        ] Caching disabled for MergeInstrumentationAnalysisTransform: /root/.gradle/caches/8.14/transforms/617ef37ad16b012eb8c48e988c6f42af/transformed/analysis/instrumentation-hierarchy.bin because:
[        ]   Build cache is disabled
[        ]   Caching not enabled.
[        ] Caching disabled for MergeInstrumentationAnalysisTransform: /root/.gradle/caches/modules-2/files-2.1/com.google.android/annotations/4.1.1.4/a1678ba907bf92691d879fef34e1a187038f9259/annotations-4.1.1.4.jar because:
[        ]   Build cache is disabled
[        ]   Caching not enabled.
[        ] Caching disabled for MergeInstrumentationAnalysisTransform: /root/.gradle/caches/8.14/transforms/0539fa9ce4a552e6547543e3cb637c3a/transformed/analysis/instrumentation-hierarchy.bin because:
[        ]   Build cache is disabled
[        ]   Caching not enabled.
[        ] Caching disabled for MergeInstrumentationAnalysisTransform: /root/.gradle/caches/8.14/transforms/83c733493e2ffb6ca81f2223bd181a35/transformed/analysis/instrumentation-dependencies.bin because:
[        ]   Build cache is disabled
[        ]   Caching not enabled.
[        ] Caching disabled for MergeInstrumentationAnalysisTransform: /root/.gradle/caches/modules-2/files-2.1/com.google.j2objc/j2objc-annotations/3.0.0/7399e65dd7e9ff3404f4535b2f017093bdb134c7/j2objc-annotations-3.0.0.jar because:
[        ]   Build cache is disabled
[        ]   Caching not enabled.
[        ] Caching disabled for MergeInstrumentationAnalysisTransform: /root/.gradle/caches/8.14/transforms/f51ccf8076d57690ada9d88dd133c67d/transformed/analysis/instrumentation-hierarchy.bin because:
[        ]   Build cache is disabled
[        ]   Caching not enabled.
[        ] Caching disabled for MergeInstrumentationAnalysisTransform: /root/.gradle/caches/modules-2/files-2.1/com.google.code.findbugs/jsr305/3.0.2/25ea2e8b0c338a877313bd4672d3fe056ea78f0d/jsr305-3.0.2.jar because:
[        ]   Build cache is disabled
[        ]   Caching not enabled.
[        ] Caching disabled for MergeInstrumentationAnalysisTransform: /root/.gradle/caches/8.14/transforms/617ef37ad16b012eb8c48e988c6f42af/transformed/analysis/instrumentation-dependencies.bin because:
[        ]   Build cache is disabled
[        ]   Caching not enabled.
[        ] Caching disabled for MergeInstrumentationAnalysisTransform: /root/.gradle/caches/8.14/transforms/78583f17d4edeeba34d50f9204b52fbe/transformed/analysis/instrumentation-hierarchy.bin because:
[        ]   Build cache is disabled
[        ]   Caching not enabled.
[        ] Caching disabled for MergeInstrumentationAnalysisTransform: /root/.gradle/caches/8.14/transforms/ccd4d5146633deeb32e056fb256bbedb/transformed/analysis/instrumentation-dependencies.bin because:
[        ]   Build cache is disabled
[        ]   Caching not enabled.
[        ] Caching disabled for MergeInstrumentationAnalysisTransform: /root/.gradle/caches/8.14/transforms/0539fa9ce4a552e6547543e3cb637c3a/transformed/analysis/instrumentation-dependencies.bin because:
[        ]   Build cache is disabled
[        ]   Caching not enabled.
[        ] Caching disabled for MergeInstrumentationAnalysisTransform: /root/.gradle/caches/8.14/transforms/6133e5f6d0c97db3ac5bdf0126bb4bfe/transformed/analysis/instrumentation-dependencies.bin because:
[        ]   Build cache is disabled
[        ]   Caching not enabled.
[        ] Caching disabled for MergeInstrumentationAnalysisTransform: /root/.gradle/caches/8.14/transforms/f51ccf8076d57690ada9d88dd133c67d/transformed/analysis/instrumentation-dependencies.bin because:
[        ]   Build cache is disabled
[        ]   Caching not enabled.
[        ] Caching disabled for MergeInstrumentationAnalysisTransform: /root/.gradle/caches/8.14/transforms/4a64bb08c97cd9af22d53813f1ddeb2d/transformed/analysis/instrumentation-hierarchy.bin because:
[        ]   Build cache is disabled
[        ]   Caching not enabled.
[        ] Caching disabled for MergeInstrumentationAnalysisTransform: /root/.gradle/caches/8.14/transforms/78583f17d4edeeba34d50f9204b52fbe/transformed/analysis/instrumentation-dependencies.bin because:
[        ]   Build cache is disabled
[        ]   Caching not enabled.
[        ] Caching disabled for MergeInstrumentationAnalysisTransform: /root/.gradle/caches/modules-2/files-2.1/io.perfmark/perfmark-api/0.27.0/f86f575a41b091786a4b027cd9c0c1d2e3fc1c01/perfmark-api-0.27.0.jar because:
[        ]   Build cache is disabled
[        ]   Caching not enabled.
[        ] Caching disabled for MergeInstrumentationAnalysisTransform: /root/.gradle/caches/8.14/transforms/2d6ad7057afe351af184d49f5efa7fa0/transformed/analysis/instrumentation-hierarchy.bin because:
[        ]   Build cache is disabled
[        ]   Caching not enabled.
[        ] Caching disabled for MergeInstrumentationAnalysisTransform: /root/.gradle/caches/modules-2/files-2.1/io.netty/netty-handler-proxy/4.1.110.Final/b7fb401dd47c79e6b99f2319ac3b561c50c31c30/netty-handler-proxy-4.1.110.Final.jar because:
[        ]   Build cache is disabled
[        ]   Caching not enabled.
[        ] Caching disabled for MergeInstrumentationAnalysisTransform: /root/.gradle/caches/8.14/transforms/4a64bb08c97cd9af22d53813f1ddeb2d/transformed/analysis/instrumentation-dependencies.bin because:
[        ]   Build cache is disabled
[        ]   Caching not enabled.
[        ] Caching disabled for MergeInstrumentationAnalysisTransform: /root/.gradle/caches/modules-2/files-2.1/org.checkerframework/checker-qual/3.43.0/9425eee39e56b116d2b998b7c2cebcbd11a3c98b/checker-qual-3.43.0.jar because:
[        ]   Build cache is disabled
[        ]   Caching not enabled.
[  +63 ms] Caching disabled for MergeInstrumentationAnalysisTransform: /root/.gradle/caches/8.14/transforms/2d6ad7057afe351af184d49f5efa7fa0/transformed/analysis/instrumentation-dependencies.bin because:
[        ]   Build cache is disabled
[        ]   Caching not enabled.
[        ] Caching disabled for MergeInstrumentationAnalysisTransform: /root/.gradle/caches/modules-2/files-2.1/io.netty/netty-codec-http2/4.1.110.Final/e0849843eb5b1c036b12551baca98a9f7ff847a0/netty-codec-http2-4.1.110.Final.jar because:
[        ]   Build cache is disabled
[        ]   Caching not enabled.
[        ] Caching disabled for MergeInstrumentationAnalysisTransform: /root/.gradle/caches/modules-2/files-2.1/io.netty/netty-handler/4.1.110.Final/168db749c22652ee7fed1ebf7ec46ce856d75e51/netty-handler-4.1.110.Final.jar because:
[        ]   Build cache is disabled
[        ]   Caching not enabled.
[        ] Caching disabled for MergeInstrumentationAnalysisTransform: /root/.gradle/caches/8.14/transforms/c069946b2e27302a30610cbdd1e4c4fb/transformed/analysis/instrumentation-dependencies.bin because:
[        ]   Build cache is disabled
[        ]   Caching not enabled.
[        ] Caching disabled for MergeInstrumentationAnalysisTransform: /root/.gradle/caches/modules-2/files-2.1/io.netty/netty-transport-native-unix-common/4.1.110.Final/a7096e7c0a25a983647909d7513f5d4943d589c0/netty-transport-native-unix-common-4.1.110.Final.jar because:
[        ]   Build cache is disabled
[        ]   Caching not enabled.
[        ] Caching disabled for MergeInstrumentationAnalysisTransform: /root/.gradle/caches/8.14/transforms/0378a49e4955a8edbee6a5649820be00/transformed/analysis/instrumentation-hierarchy.bin because:
[        ]   Build cache is disabled
[        ]   Caching not enabled.
[        ] Caching disabled for MergeInstrumentationAnalysisTransform: /root/.gradle/caches/modules-2/files-2.1/io.netty/netty-codec-http/4.1.110.Final/9d05cd927209ea25bbf342962c00b8e5a828c2a4/netty-codec-http-4.1.110.Final.jar because:
[        ]   Build cache is disabled
[        ]   Caching not enabled.
[        ] Caching disabled for MergeInstrumentationAnalysisTransform: /root/.gradle/caches/8.14/transforms/5d93c546480a06cd6cd89d81f38943cc/transformed/analysis/instrumentation-hierarchy.bin because:
[        ]   Build cache is disabled
[        ]   Caching not enabled.
[        ] Caching disabled for MergeInstrumentationAnalysisTransform: /root/.gradle/caches/modules-2/files-2.1/com.android.tools.build/apksig/8.12.1/f005788487574c7d6ba23dea63bf8cb3a4f164a6/apksig-8.12.1.jar because:
[        ]   Build cache is disabled
[        ]   Caching not enabled.
[        ] Caching disabled for MergeInstrumentationAnalysisTransform: /root/.gradle/caches/8.14/transforms/7d540ba22a975f73cded02492f273e8e/transformed/analysis/instrumentation-hierarchy.bin because:
[        ]   Build cache is disabled
[        ]   Caching not enabled.
[        ] Caching disabled for MergeInstrumentationAnalysisTransform: /root/.gradle/caches/8.14/transforms/33caf90378dcda76b84075685578db1f/transformed/analysis/instrumentation-hierarchy.bin because:
[        ]   Build cache is disabled
[        ]   Caching not enabled.
[        ] Caching disabled for MergeInstrumentationAnalysisTransform: /root/.gradle/caches/8.14/transforms/a8b3dac2f526184466a01342b17d7cfb/transformed/analysis/instrumentation-hierarchy.bin because:
[        ]   Build cache is disabled
[        ]   Caching not enabled.
[        ] Caching disabled for MergeInstrumentationAnalysisTransform: /root/.gradle/caches/8.14/transforms/0378a49e4955a8edbee6a5649820be00/transformed/analysis/instrumentation-dependencies.bin because:
[        ]   Build cache is disabled
[        ]   Caching not enabled.
[        ] Caching disabled for MergeInstrumentationAnalysisTransform: /root/.gradle/caches/modules-2/files-2.1/com.squareup/javawriter/2.5.0/81241ff7078ef14f42ea2a8995fa09c096256e6b/javawriter-2.5.0.jar because:
[        ]   Build cache is disabled
[        ]   Caching not enabled.
[        ] Caching disabled for MergeInstrumentationAnalysisTransform: /root/.gradle/caches/8.14/transforms/5d93c546480a06cd6cd89d81f38943cc/transformed/analysis/instrumentation-dependencies.bin because:
[        ]   Build cache is disabled
[        ]   Caching not enabled.
[        ] Caching disabled for MergeInstrumentationAnalysisTransform: /root/.gradle/caches/modules-2/files-2.1/org.jetbrains.kotlin/kotlin-gradle-plugin-annotations/2.2.0/2ec7010e0d5e9da7a12813b716413e40f80b9cf5/kotlin-gradle-plugin-annotations-2.2.0.jar because:
[        ]   Build cache is disabled
[        ]   Caching not enabled.
[        ] Caching disabled for MergeInstrumentationAnalysisTransform: /root/.gradle/caches/8.14/transforms/c8c798d0701e41df011a374778edc3fe/transformed/analysis/instrumentation-hierarchy.bin because:
[        ]   Build cache is disabled
[        ]   Caching not enabled.
[        ] Caching disabled for ExternalDependencyInstrumentingArtifactTransform: /root/.gradle/caches/8.14/transforms/45ed868c55ab95baccf0833ae2dafa55/transformed/merge/instrumentation-dependencies.bin because:
[        ]   Build cache is disabled
[        ]   Caching not enabled.
[        ] Caching disabled for MergeInstrumentationAnalysisTransform: /root/.gradle/caches/8.14/transforms/686bf4cfe7f84bbadfff8cfc881e76ad/transformed/analysis/instrumentation-dependencies.bin because:
[        ]   Build cache is disabled
[        ]   Caching not enabled.
[        ] Caching disabled for MergeInstrumentationAnalysisTransform: /root/.gradle/caches/8.14/transforms/c8c798d0701e41df011a374778edc3fe/transformed/analysis/instrumentation-dependencies.bin because:
[        ]   Build cache is disabled
[        ]   Caching not enabled.
[        ] Caching disabled for MergeInstrumentationAnalysisTransform: /root/.gradle/caches/8.14/transforms/7d540ba22a975f73cded02492f273e8e/transformed/analysis/instrumentation-dependencies.bin because:
[        ]   Build cache is disabled
[        ]   Caching not enabled.
[        ] Caching disabled for MergeInstrumentationAnalysisTransform: /root/.gradle/caches/8.14/transforms/a8b3dac2f526184466a01342b17d7cfb/transformed/analysis/instrumentation-dependencies.bin because:
[        ]   Build cache is disabled
[        ]   Caching not enabled.
[        ] Caching disabled for MergeInstrumentationAnalysisTransform: /root/.gradle/caches/8.14/transforms/b4e207aa96e8d470c5c1c936134d8f4c/transformed/analysis/instrumentation-dependencies.bin because:
[        ]   Build cache is disabled
[        ]   Caching not enabled.
[        ] Caching disabled for MergeInstrumentationAnalysisTransform: /root/.gradle/caches/8.14/transforms/33caf90378dcda76b84075685578db1f/transformed/analysis/instrumentation-dependencies.bin because:
[        ]   Build cache is disabled
[        ]   Caching not enabled.
[        ] Caching disabled for MergeInstrumentationAnalysisTransform: /root/.gradle/caches/modules-2/files-2.1/org.jetbrains.kotlin/kotlin-tooling-core/2.2.0/685151c03e638207a3b5045002411fbef78fdeb/kotlin-tooling-core-2.2.0.jar because:
[        ]   Build cache is disabled
[        ]   Caching not enabled.
[        ] Caching disabled for MergeInstrumentationAnalysisTransform: /root/.gradle/caches/modules-2/files-2.1/org.jetbrains.kotlin/kotlin-native-utils/2.2.0/cda6e6343065a95050fb4dfcc75c55e88dcafde4/kotlin-native-utils-2.2.0.jar because:
[        ]   Build cache is disabled
[        ]   Caching not enabled.
[        ] Caching disabled for ExternalDependencyInstrumentingArtifactTransform: /root/.gradle/caches/8.14/transforms/a0c99a32b44c2827e1730e8581b3a796/transformed/merge/instrumentation-dependencies.bin because:
[        ]   Build cache is disabled
[        ]   Caching not enabled.
[        ] Caching disabled for MergeInstrumentationAnalysisTransform: /root/.gradle/caches/modules-2/files-2.1/com.google.guava/failureaccess/1.0.2/c4a06a64e650562f30b7bf9aaec1bfed43aca12b/failureaccess-1.0.2.jar because:
[        ]   Build cache is disabled
[        ]   Caching not enabled.
[        ] Caching disabled for ExternalDependencyInstrumentingArtifactTransform: /root/.gradle/caches/8.14/transforms/ddcd5c79c5162638bdcc4082f6150d01/transformed/merge/instrumentation-dependencies.bin because:
[        ]   Build cache is disabled
[        ]   Caching not enabled.
[        ] Caching disabled for MergeInstrumentationAnalysisTransform: /root/.gradle/caches/modules-2/files-2.1/com.google.guava/listenablefuture/9999.0-empty-to-avoid-conflict-with-guava/b421526c5f297295adef1c886e5246c39d4ac629/listenablefuture-9999.0-empty-to-avoid-conflict-with-guava.jar because:
[        ]   Build cache is disabled
[        ]   Caching not enabled.
[        ] Caching disabled for ExternalDependencyInstrumentingArtifactTransform: /root/.gradle/caches/modules-2/files-2.1/org.jetbrains.kotlin/kotlin-gradle-plugin-annotations/2.2.0/2ec7010e0d5e9da7a12813b716413e40f80b9cf5/kotlin-gradle-plugin-annotations-2.2.0.jar because:
[        ]   Build cache is disabled
[        ]   Caching not enabled.
[        ] Caching disabled for MergeInstrumentationAnalysisTransform: /root/.gradle/caches/modules-2/files-2.1/org.jetbrains.kotlin/kotlin-daemon-client/2.2.0/77ce7a4cac28c2be4423f2999ff0455ca36ea36f/kotlin-daemon-client-2.2.0.jar because:
[        ]   Build cache is disabled
[        ]   Caching not enabled.
[        ] Caching disabled for MergeInstrumentationAnalysisTransform: /root/.gradle/caches/modules-2/files-2.1/org.jetbrains.kotlin/kotlin-util-io/2.2.0/93bdfc96d045c60f65ae66656acd093f37ad1f5d/kotlin-util-io-2.2.0.jar because:
[        ]   Build cache is disabled
[        ]   Caching not enabled.
[        ] Caching disabled for MergeInstrumentationAnalysisTransform: /root/.gradle/caches/modules-2/files-2.1/org.jetbrains.kotlin/kotlin-build-tools-api/2.2.0/ceaa386345f22c861908058ffcddbeb23bcde8f4/kotlin-build-tools-api-2.2.0.jar because:
[        ]   Build cache is disabled
[        ]   Caching not enabled.
[        ] Caching disabled for MergeInstrumentationAnalysisTransform: /root/.gradle/caches/modules-2/files-2.1/org.jetbrains.kotlin/kotlin-util-klib/2.2.0/bc70e8cc9993792ad80dde7ea95924672db0acb1/kotlin-util-klib-2.2.0.jar because:
[        ]   Build cache is disabled
[        ]   Caching not enabled.
[        ] Caching disabled for MergeInstrumentationAnalysisTransform: /root/.gradle/caches/8.14/transforms/8e362c5f3c362fbc630f6643bca41639/transformed/analysis/instrumentation-hierarchy.bin because:
[        ]   Build cache is disabled
[        ]   Caching not enabled.
[        ] Caching disabled for MergeInstrumentationAnalysisTransform: /root/.gradle/caches/8.14/transforms/059495c8615bae36d0fc93a846ab4920/transformed/analysis/instrumentation-hierarchy.bin because:
[        ]   Build cache is disabled
[        ]   Caching not enabled.
[        ] Caching disabled for MergeInstrumentationAnalysisTransform: /root/.gradle/caches/8.14/transforms/b61fb44fc1d8321fadf92de7a61bc6d5/transformed/analysis/instrumentation-hierarchy.bin because:
[        ]   Build cache is disabled
[        ]   Caching not enabled.
[        ] Caching disabled for ExternalDependencyInstrumentingArtifactTransform: /root/.gradle/caches/8.14/transforms/1d1d841cd7f97192f910db684519e270/transformed/merge/instrumentation-dependencies.bin because:
[        ]   Build cache is disabled
[        ]   Caching not enabled.
[        ] Caching disabled for ExternalDependencyInstrumentingArtifactTransform: /root/.gradle/caches/8.14/transforms/83842efaae212e7accbf7f65f104c1da/transformed/merge/instrumentation-dependencies.bin because:
[        ]   Build cache is disabled
[        ]   Caching not enabled.
[        ] Caching disabled for ExternalDependencyInstrumentingArtifactTransform: /root/.gradle/caches/8.14/transforms/dd8f30fb71db5d5db6ea427525778106/transformed/merge/instrumentation-dependencies.bin because:
[        ]   Build cache is disabled
[        ]   Caching not enabled.
[        ] Caching disabled for ExternalDependencyInstrumentingArtifactTransform: /root/.gradle/caches/8.14/transforms/ffa3a8efffdae31c342344f0568257dd/transformed/merge/instrumentation-dependencies.bin because:
[        ]   Build cache is disabled
[        ]   Caching not enabled.
[        ] Caching disabled for MergeInstrumentationAnalysisTransform: /root/.gradle/caches/8.14/transforms/8e362c5f3c362fbc630f6643bca41639/transformed/analysis/instrumentation-dependencies.bin because:
[        ]   Build cache is disabled
[        ]   Caching not enabled.
[        ] Caching disabled for MergeInstrumentationAnalysisTransform: /root/.gradle/caches/8.14/transforms/059495c8615bae36d0fc93a846ab4920/transformed/analysis/instrumentation-dependencies.bin because:
[        ]   Build cache is disabled
[        ]   Caching not enabled.
[        ] Caching disabled for MergeInstrumentationAnalysisTransform: /root/.gradle/caches/8.14/transforms/b61fb44fc1d8321fadf92de7a61bc6d5/transformed/analysis/instrumentation-dependencies.bin because:
[        ]   Build cache is disabled
[        ]   Caching not enabled.
[        ] Caching disabled for MergeInstrumentationAnalysisTransform: /root/.gradle/caches/modules-2/files-2.1/commons-codec/commons-codec/1.11/3acb4705652e16236558f0f4f2192cc33c3bd189/commons-codec-1.11.jar because:
[        ]   Build cache is disabled
[        ]   Caching not enabled.
[        ] Caching disabled for ExternalDependencyInstrumentingArtifactTransform: /root/.gradle/caches/modules-2/files-2.1/org.jetbrains.kotlin/kotlin-tooling-core/2.2.0/685151c03e638207a3b5045002411fbef78fdeb/kotlin-tooling-core-2.2.0.jar because:
[        ]   Build cache is disabled
[        ]   Caching not enabled.
[        ] Caching disabled for MergeInstrumentationAnalysisTransform: /root/.gradle/caches/modules-2/files-2.1/net.java.dev.jna/jna/5.6.0/330f2244e9030119ab3030fc3fededc86713d9cc/jna-5.6.0.jar because:
[        ]   Build cache is disabled
[        ]   Caching not enabled.
[        ] Caching disabled for MergeInstrumentationAnalysisTransform: /root/.gradle/caches/8.14/transforms/cc26bb6f1faed16f0f96d3d35df77724/transformed/analysis/instrumentation-hierarchy.bin because:
[        ]   Build cache is disabled
[        ]   Caching not enabled.
[        ] Caching disabled for MergeInstrumentationAnalysisTransform: /root/.gradle/caches/8.14/transforms/dd8a2aee7e449ddba7026d5522c99b95/transformed/analysis/instrumentation-hierarchy.bin because:
[        ]   Build cache is disabled
[        ]   Caching not enabled.
[        ] Caching disabled for ExternalDependencyInstrumentingArtifactTransform: /root/.gradle/caches/modules-2/files-2.1/org.jetbrains.kotlin/kotlin-build-tools-api/2.2.0/ceaa386345f22c861908058ffcddbeb23bcde8f4/kotlin-build-tools-api-2.2.0.jar because:
[        ]   Build cache is disabled
[        ]   Caching not enabled.
[        ] Caching disabled for ExternalDependencyInstrumentingArtifactTransform: /root/.gradle/caches/modules-2/files-2.1/org.jetbrains.kotlin/kotlin-util-io/2.2.0/93bdfc96d045c60f65ae66656acd093f37ad1f5d/kotlin-util-io-2.2.0.jar because:
[        ]   Build cache is disabled
[        ]   Caching not enabled.
[        ] Caching disabled for MergeInstrumentationAnalysisTransform: /root/.gradle/caches/modules-2/files-2.1/commons-logging/commons-logging/1.2/4bfc12adfe4842bf07b657f0369c4cb522955686/commons-logging-1.2.jar because:
[        ]   Build cache is disabled
[        ]   Caching not enabled.
[        ] Caching disabled for MergeInstrumentationAnalysisTransform: /root/.gradle/caches/8.14/transforms/cc26bb6f1faed16f0f96d3d35df77724/transformed/analysis/instrumentation-dependencies.bin because:
[        ]   Build cache is disabled
[        ]   Caching not enabled.
[        ] Caching disabled for MergeInstrumentationAnalysisTransform: /root/.gradle/caches/8.14/transforms/0351b43ad8fd7f1c9e3d26f252940e1b/transformed/analysis/instrumentation-hierarchy.bin because:
[        ]   Build cache is disabled
[        ]   Caching not enabled.
[        ] Caching disabled for MergeInstrumentationAnalysisTransform: /root/.gradle/caches/8.14/transforms/dd8a2aee7e449ddba7026d5522c99b95/transformed/analysis/instrumentation-dependencies.bin because:
[        ]   Build cache is disabled
[        ]   Caching not enabled.
[        ] Caching disabled for MergeInstrumentationAnalysisTransform: /root/.gradle/caches/modules-2/files-2.1/io.netty/netty-codec/4.1.110.Final/f1fa43b03e93ab88e805b6a4e3e83780c80b47d2/netty-codec-4.1.110.Final.jar because:
[        ]   Build cache is disabled
[        ]   Caching not enabled.
[        ] Caching disabled for MergeInstrumentationAnalysisTransform: /root/.gradle/caches/8.14/transforms/0351b43ad8fd7f1c9e3d26f252940e1b/transformed/analysis/instrumentation-dependencies.bin because:
[        ]   Build cache is disabled
[        ]   Caching not enabled.
[        ] Caching disabled for MergeInstrumentationAnalysisTransform: /root/.gradle/caches/modules-2/files-2.1/io.netty/netty-codec-socks/4.1.110.Final/4d54c8d5b95b14756043efb59b8c3e62ec67aa43/netty-codec-socks-4.1.110.Final.jar because:
[        ]   Build cache is disabled
[        ]   Caching not enabled.
[        ] Caching disabled for MergeInstrumentationAnalysisTransform: /root/.gradle/caches/8.14/transforms/677a1829d77c1f5248ce88c9e300d627/transformed/analysis/instrumentation-hierarchy.bin because:
[        ]   Build cache is disabled
[        ]   Caching not enabled.
[        ] Caching disabled for MergeInstrumentationAnalysisTransform: /root/.gradle/caches/8.14/transforms/ec41b8f9404b13e8f716ddadd79bd47c/transformed/analysis/instrumentation-hierarchy.bin because:
[        ]   Build cache is disabled
[        ]   Caching not enabled.
[        ] Caching disabled for MergeInstrumentationAnalysisTransform: /root/.gradle/caches/8.14/transforms/4eda740bb6ccf2909ae408fcc443d9fd/transformed/analysis/instrumentation-hierarchy.bin because:
[        ]   Build cache is disabled
[        ]   Caching not enabled.
[        ] Caching disabled for MergeInstrumentationAnalysisTransform: /root/.gradle/caches/8.14/transforms/ec41b8f9404b13e8f716ddadd79bd47c/transformed/analysis/instrumentation-dependencies.bin because:
[        ]   Build cache is disabled
[        ]   Caching not enabled.
[        ] Caching disabled for MergeInstrumentationAnalysisTransform: /root/.gradle/caches/8.14/transforms/677a1829d77c1f5248ce88c9e300d627/transformed/analysis/instrumentation-dependencies.bin because:
[        ]   Build cache is disabled
[        ]   Caching not enabled.
[        ] Caching disabled for MergeInstrumentationAnalysisTransform: /root/.gradle/caches/8.14/transforms/4eda740bb6ccf2909ae408fcc443d9fd/transformed/analysis/instrumentation-dependencies.bin because:
[        ]   Build cache is disabled
[        ]   Caching not enabled.
[        ] Caching disabled for MergeInstrumentationAnalysisTransform: /root/.gradle/caches/modules-2/files-2.1/io.netty/netty-transport/4.1.110.Final/b91f04c39ac14d6a29d07184ef305953ee6e0348/netty-transport-4.1.110.Final.jar because:
[        ]   Build cache is disabled
[        ]   Caching not enabled.
[        ] Caching disabled for MergeInstrumentationAnalysisTransform: /root/.gradle/caches/modules-2/files-2.1/io.netty/netty-buffer/4.1.110.Final/3d918a9ee057d995c362902b54634fc307132aac/netty-buffer-4.1.110.Final.jar because:
[        ]   Build cache is disabled
[        ]   Caching not enabled.
[        ] Caching disabled for MergeInstrumentationAnalysisTransform: /root/.gradle/caches/modules-2/files-2.1/io.netty/netty-resolver/4.1.110.Final/66c15921104cda0159b34e316541bc765dfaf3c0/netty-resolver-4.1.110.Final.jar because:
[        ]   Build cache is disabled
[        ]   Caching not enabled.
[        ] Caching disabled for ExternalDependencyInstrumentingArtifactTransform: /root/.gradle/caches/modules-2/files-2.1/org.jetbrains.kotlin/kotlin-daemon-client/2.2.0/77ce7a4cac28c2be4423f2999ff0455ca36ea36f/kotlin-daemon-client-2.2.0.jar because:
[        ]   Build cache is disabled
[        ]   Caching not enabled.
[        ] Caching disabled for MergeInstrumentationAnalysisTransform: /root/.gradle/caches/modules-2/files-2.1/io.netty/netty-common/4.1.110.Final/ec361e7e025c029be50c55c8480080cabcbc01e7/netty-common-4.1.110.Final.jar because:
[        ]   Build cache is disabled
[        ]   Caching not enabled.
[        ] Caching disabled for ExternalDependencyInstrumentingArtifactTransform: /root/.gradle/caches/modules-2/files-2.1/org.jetbrains.kotlin/kotlin-native-utils/2.2.0/cda6e6343065a95050fb4dfcc75c55e88dcafde4/kotlin-native-utils-2.2.0.jar because:
[        ]   Build cache is disabled
[        ]   Caching not enabled.
[        ] Caching disabled for ExternalDependencyInstrumentingArtifactTransform: /root/.gradle/caches/modules-2/files-2.1/org.jetbrains.kotlin/kotlin-util-klib/2.2.0/bc70e8cc9993792ad80dde7ea95924672db0acb1/kotlin-util-klib-2.2.0.jar because:
[        ]   Build cache is disabled
[        ]   Caching not enabled.
[  +89 ms] Caching disabled for ExternalDependencyInstrumentingArtifactTransform: /root/.gradle/caches/modules-2/files-2.1/org.jetbrains.kotlin/kotlin-gradle-plugin-idea-proto/2.2.0/2decfc82debfebd1df11549cb43ef1d2a5b9ac35/kotlin-gradle-plugin-idea-proto-2.2.0.jar because:
[        ]   Build cache is disabled
[        ]   Caching not enabled.
[ +999 ms] Caching disabled for ExternalDependencyInstrumentingArtifactTransform: /root/.gradle/caches/modules-2/files-2.1/org.jetbrains.kotlin/kotlin-gradle-plugin/2.2.0/ad5f7bcb67076dd92a7dcddf67262bf1008e1d3f/kotlin-gradle-plugin-2.2.0-gradle813.jar because:
[        ]   Build cache is disabled
[        ]   Caching not enabled.
[ +399 ms] Caching disabled for Groovy DSL script compilation (proj) because:
[        ]   Build cache is disabled
[        ]   Not worth caching.
[        ] Compiling build file '/root/.pub-cache/hosted/pub.dev/device_info_plus-12.3.0/android/build.gradle' using BuildScriptTransformer.
[  +99 ms] Using default execution profile
[        ] Using Kotlin Gradle Plugin gradle813 variant
[+2099 ms] > Configure project :file_picker
[        ] Evaluating project ':file_picker' using build file '/root/.pub-cache/hosted/pub.dev/file_picker-8.3.7/android/build.gradle'.
[        ] Caching disabled for Groovy DSL script compilation (cp_proj) because:
[        ]   Build cache is disabled
[        ]   Not worth caching.
[        ] Compiling build file '/root/.pub-cache/hosted/pub.dev/file_picker-8.3.7/android/build.gradle' using SubsetScriptTransformer.
[        ] Downloading https://dl.google.com/dl/android/maven2/com/android/tools/build/gradle/7.4.2/gradle-7.4.2.pom to /root/.gradle/.tmp/gradle_download17111910193096961845bin
[        ] Downloading https://dl.google.com/dl/android/maven2/com/android/tools/build/gradle/7.4.2/gradle-7.4.2.module to /root/.gradle/.tmp/gradle_download10020415611826623274bin
[        ] Downloading https://dl.google.com/dl/android/maven2/com/android/tools/build/gradle-settings-api/7.4.2/gradle-settings-api-7.4.2.pom to /root/.gradle/.tmp/gradle_download15413172196621138757bin
[        ] Downloading https://dl.google.com/dl/android/maven2/com/android/tools/repository/30.4.2/repository-30.4.2.pom to /root/.gradle/.tmp/gradle_download3814960177894367549bin
[        ] Downloading https://dl.google.com/dl/android/maven2/com/android/tools/build/aapt2-proto/7.4.2-8841542/aapt2-proto-7.4.2-8841542.pom to /root/.gradle/.tmp/gradle_download9067176334559596215bin
[        ] Downloading https://dl.google.com/dl/android/maven2/com/android/tools/build/aaptcompiler/7.4.2/aaptcompiler-7.4.2.pom to /root/.gradle/.tmp/gradle_download4086883321422084636bin
[        ] Downloading https://dl.google.com/dl/android/maven2/com/android/tools/sdk-common/30.4.2/sdk-common-30.4.2.pom to /root/.gradle/.tmp/gradle_download15322280699843856834bin
[        ] Downloading https://dl.google.com/dl/android/maven2/androidx/databinding/databinding-compiler-common/7.4.2/databinding-compiler-common-7.4.2.pom to /root/.gradle/.tmp/gradle_download4046541321608692560bin
[        ] Downloading https://dl.google.com/dl/android/maven2/com/android/tools/lint/lint-typedef-remover/30.4.2/lint-typedef-remover-30.4.2.pom to /root/.gradle/.tmp/gradle_download6533604193757593361bin
[        ] Downloading https://dl.google.com/dl/android/maven2/com/android/tools/lint/lint-model/30.4.2/lint-model-30.4.2.pom to /root/.gradle/.tmp/gradle_download9352546921965196348bin
[        ] Downloading https://dl.google.com/dl/android/maven2/com/android/tools/analytics-library/crash/30.4.2/crash-30.4.2.pom to /root/.gradle/.tmp/gradle_download3148063035076007457bin
[        ] Downloading https://dl.google.com/dl/android/maven2/com/android/tools/analytics-library/shared/30.4.2/shared-30.4.2.pom to /root/.gradle/.tmp/gradle_download14135227752093195707bin
[        ] Downloading https://dl.google.com/dl/android/maven2/com/android/tools/sdklib/30.4.2/sdklib-30.4.2.pom to /root/.gradle/.tmp/gradle_download10836783317715797541bin
[        ] Downloading https://dl.google.com/dl/android/maven2/com/android/tools/ddms/ddmlib/30.4.2/ddmlib-30.4.2.pom to /root/.gradle/.tmp/gradle_download17666427322715870003bin
[        ] Downloading https://dl.google.com/dl/android/maven2/com/android/tools/build/gradle-settings-api/7.4.2/gradle-settings-api-7.4.2.module to /root/.gradle/.tmp/gradle_download13779157193909297272bin
[        ] Downloading https://dl.google.com/dl/android/maven2/com/android/tools/utp/android-test-plugin-result-listener-gradle-proto/30.4.2/android-test-plugin-result-listener-gradle-proto-30.4.2.pom to /root/.gradle/.tmp/gradle_download2710110047338537807bin
[        ] Downloading https://dl.google.com/dl/android/maven2/com/android/tools/build/aaptcompiler/7.4.2/aaptcompiler-7.4.2.module to /root/.gradle/.tmp/gradle_download8326608259555179786bin
[        ] Downloading https://dl.google.com/dl/android/maven2/com/android/tools/utp/android-device-provider-gradle-proto/30.4.2/android-device-provider-gradle-proto-30.4.2.pom to /root/.gradle/.tmp/gradle_download14889375370422659148bin
[        ] Downloading https://dl.google.com/dl/android/maven2/com/android/tools/utp/android-test-plugin-host-additional-test-output-proto/30.4.2/android-test-plugin-host-additional-test-output-proto-30.4.2.pom to /root/.gradle/.tmp/gradle_download7282359083635546417bin
[        ] Downloading https://dl.google.com/dl/android/maven2/com/android/tools/utp/android-test-plugin-host-retention-proto/30.4.2/android-test-plugin-host-retention-proto-30.4.2.pom to /root/.gradle/.tmp/gradle_download5192260827855274218bin
[        ] Downloading https://dl.google.com/dl/android/maven2/com/android/tools/utp/android-test-plugin-host-coverage-proto/30.4.2/android-test-plugin-host-coverage-proto-30.4.2.pom to /root/.gradle/.tmp/gradle_download13897625007269990646bin
[        ] Downloading https://dl.google.com/dl/android/maven2/com/android/tools/build/aapt2-proto/7.4.2-8841542/aapt2-proto-7.4.2-8841542.module to /root/.gradle/.tmp/gradle_download11989616627132866306bin
[        ] Downloading https://dl.google.com/dl/android/maven2/com/android/tools/layoutlib/layoutlib-api/30.4.2/layoutlib-api-30.4.2.pom to /root/.gradle/.tmp/gradle_download10191831962003574390bin
[        ] Downloading https://dl.google.com/dl/android/maven2/com/android/tools/utp/android-device-provider-ddmlib-proto/30.4.2/android-device-provider-ddmlib-proto-30.4.2.pom to /root/.gradle/.tmp/gradle_download8929964117520843568bin
[        ] Downloading https://dl.google.com/dl/android/maven2/com/android/databinding/baseLibrary/7.4.2/baseLibrary-7.4.2.pom to /root/.gradle/.tmp/gradle_download3513864151791924110bin
[        ] Downloading https://dl.google.com/dl/android/maven2/androidx/databinding/databinding-common/7.4.2/databinding-common-7.4.2.pom to /root/.gradle/.tmp/gradle_download10587651139237860928bin
[        ] Downloading https://dl.google.com/dl/android/maven2/com/android/tools/build/builder-test-api/7.4.2/builder-test-api-7.4.2.pom to /root/.gradle/.tmp/gradle_download3199319043421157488bin
[        ] Resource missing. [HTTP GET: https://dl.google.com/dl/android/maven2/org/ow2/asm/asm-analysis/9.2/asm-analysis-9.2.pom]
[        ] Downloading https://dl.google.com/dl/android/maven2/com/android/tools/build/builder/7.4.2/builder-7.4.2.pom to /root/.gradle/.tmp/gradle_download7142679200865994014bin
[        ] Downloading https://repo.maven.apache.org/maven2/org/ow2/asm/asm-analysis/9.2/asm-analysis-9.2.pom to /root/.gradle/.tmp/gradle_download11474192359389859535bin
[        ] Resource missing. [HTTP GET: https://dl.google.com/dl/android/maven2/org/ow2/asm/asm-util/9.2/asm-util-9.2.pom]
[        ] Downloading https://repo.maven.apache.org/maven2/org/ow2/asm/asm-util/9.2/asm-util-9.2.pom to /root/.gradle/.tmp/gradle_download8212400273760942311bin
[        ] Downloading https://dl.google.com/dl/android/maven2/com/google/testing/platform/core-proto/0.0.8-alpha08/core-proto-0.0.8-alpha08.pom to /root/.gradle/.tmp/gradle_download4830503698791480196bin
[        ] Downloading https://dl.google.com/dl/android/maven2/com/android/tools/build/gradle-api/7.4.2/gradle-api-7.4.2.pom to /root/.gradle/.tmp/gradle_download1791428850548326211bin
[        ] Downloading https://dl.google.com/dl/android/maven2/com/android/tools/build/builder-model/7.4.2/builder-model-7.4.2.pom to /root/.gradle/.tmp/gradle_download1278276117080975746bin
[        ] Downloading https://dl.google.com/dl/android/maven2/com/android/tools/build/builder-test-api/7.4.2/builder-test-api-7.4.2.module to /root/.gradle/.tmp/gradle_download10746518018390713777bin
[ +297 ms] Downloading https://dl.google.com/dl/android/maven2/com/android/tools/build/bundletool/1.11.4/bundletool-1.11.4.pom to /root/.gradle/.tmp/gradle_download183074735517139596bin
[        ] Resource missing. [HTTP GET: https://dl.google.com/dl/android/maven2/org/ow2/asm/asm-commons/9.2/asm-commons-9.2.pom]
[        ] Resource missing. [HTTP GET: https://dl.google.com/dl/android/maven2/org/ow2/asm/asm/9.2/asm-9.2.pom]
[        ] Downloading https://repo.maven.apache.org/maven2/org/ow2/asm/asm-commons/9.2/asm-commons-9.2.pom to /root/.gradle/.tmp/gradle_download2957041180614401352bin
[        ] Downloading https://repo.maven.apache.org/maven2/org/ow2/asm/asm/9.2/asm-9.2.pom to /root/.gradle/.tmp/gradle_download14666488581768113704bin
[ +199 ms] Downloading https://dl.google.com/dl/android/maven2/com/android/tools/build/gradle-api/7.4.2/gradle-api-7.4.2.module to /root/.gradle/.tmp/gradle_download13077702801173351397bin
[        ] Downloading https://dl.google.com/dl/android/maven2/com/android/tools/build/builder-model/7.4.2/builder-model-7.4.2.module to /root/.gradle/.tmp/gradle_download3102648393664006029bin
[        ] Downloading https://dl.google.com/dl/android/maven2/com/android/tools/build/builder/7.4.2/builder-7.4.2.module to /root/.gradle/.tmp/gradle_download13463864292838543445bin
[ +199 ms] Downloading https://dl.google.com/dl/android/maven2/com/android/tools/common/30.4.2/common-30.4.2.pom to /root/.gradle/.tmp/gradle_download9844298217350556319bin
[        ] Resource missing. [HTTP GET: https://dl.google.com/dl/android/maven2/org/jetbrains/kotlin/kotlin-reflect/1.7.10/kotlin-reflect-1.7.10.pom]
[        ] Downloading https://repo.maven.apache.org/maven2/org/jetbrains/kotlin/kotlin-reflect/1.7.10/kotlin-reflect-1.7.10.pom to /root/.gradle/.tmp/gradle_download11097177497715103699bin
[ +599 ms] Downloading https://dl.google.com/dl/android/maven2/com/android/tools/dvlib/30.4.2/dvlib-30.4.2.pom to /root/.gradle/.tmp/gradle_download10153094334381111134bin
[ +199 ms] Downloading https://dl.google.com/dl/android/maven2/com/android/tools/annotations/30.4.2/annotations-30.4.2.pom to /root/.gradle/.tmp/gradle_download6729619004678321499bin
[ +500 ms] Downloading https://dl.google.com/dl/android/maven2/com/android/tools/analytics-library/protos/30.4.2/protos-30.4.2.pom to /root/.gradle/.tmp/gradle_download14757276721434300923bin
[ +199 ms] Resource missing. [HTTP GET: https://dl.google.com/dl/android/maven2/org/jetbrains/kotlin/kotlin-stdlib/1.7.10/kotlin-stdlib-1.7.10.pom]
[        ] Downloading https://repo.maven.apache.org/maven2/org/jetbrains/kotlin/kotlin-stdlib/1.7.10/kotlin-stdlib-1.7.10.pom to /root/.gradle/.tmp/gradle_download5893206891075426304bin
[ +500 ms] Resource missing. [HTTP GET: https://dl.google.com/dl/android/maven2/org/jetbrains/kotlin/kotlin-stdlib-jdk7/1.7.10/kotlin-stdlib-jdk7-1.7.10.pom]
[        ] Downloading https://repo.maven.apache.org/maven2/org/jetbrains/kotlin/kotlin-stdlib-jdk7/1.7.10/kotlin-stdlib-jdk7-1.7.10.pom to /root/.gradle/.tmp/gradle_download11216424822042055450bin
[  +99 ms] Resource missing. [HTTP GET: https://dl.google.com/dl/android/maven2/org/ow2/asm/asm-tree/9.2/asm-tree-9.2.pom]
[        ] Downloading https://repo.maven.apache.org/maven2/org/ow2/asm/asm-tree/9.2/asm-tree-9.2.pom to /root/.gradle/.tmp/gradle_download8914638320916766010bin
[ +199 ms] Downloading https://dl.google.com/dl/android/maven2/com/android/zipflinger/7.4.2/zipflinger-7.4.2.pom to /root/.gradle/.tmp/gradle_download13172119071337520853bin
[        ] Downloading https://dl.google.com/dl/android/maven2/com/android/tools/build/apksig/7.4.2/apksig-7.4.2.pom to /root/.gradle/.tmp/gradle_download18351549792512029670bin
[        ] Downloading https://dl.google.com/dl/android/maven2/com/android/tools/build/manifest-merger/30.4.2/manifest-merger-30.4.2.pom to /root/.gradle/.tmp/gradle_download398370784345001907bin
[        ] Downloading https://dl.google.com/dl/android/maven2/com/android/tools/build/apkzlib/7.4.2/apkzlib-7.4.2.pom to /root/.gradle/.tmp/gradle_download9752666178149749263bin
[        ] Downloading https://dl.google.com/dl/android/maven2/com/android/tools/analytics-library/tracker/30.4.2/tracker-30.4.2.pom to /root/.gradle/.tmp/gradle_download11397803943346898629bin
[ +399 ms] Downloading https://dl.google.com/dl/android/maven2/com/android/signflinger/7.4.2/signflinger-7.4.2.pom to /root/.gradle/.tmp/gradle_download10046661292658980919bin
[ +200 ms] Downloading https://dl.google.com/dl/android/maven2/com/android/tools/build/manifest-merger/30.4.2/manifest-merger-30.4.2.module to /root/.gradle/.tmp/gradle_download2771129430324838201bin
[ +100 ms] Downloading https://dl.google.com/dl/android/maven2/com/android/tools/repository/30.4.2/repository-30.4.2.jar to /root/.gradle/.tmp/gradle_download6230787644026557474bin
[        ] Downloading https://dl.google.com/dl/android/maven2/com/android/tools/sdklib/30.4.2/sdklib-30.4.2.jar to /root/.gradle/.tmp/gradle_download3702366489438721920bin
[        ] Downloading https://dl.google.com/dl/android/maven2/com/android/tools/build/gradle-settings-api/7.4.2/gradle-settings-api-7.4.2.jar to /root/.gradle/.tmp/gradle_download158726804174703973bin
[        ] Downloading https://dl.google.com/dl/android/maven2/com/android/tools/sdk-common/30.4.2/sdk-common-30.4.2.jar to /root/.gradle/.tmp/gradle_download13771350288121461033bin
[        ] Downloading https://dl.google.com/dl/android/maven2/com/android/tools/build/builder-test-api/7.4.2/builder-test-api-7.4.2.jar to /root/.gradle/.tmp/gradle_download6735722495536832969bin
[        ] Downloading https://dl.google.com/dl/android/maven2/com/android/tools/build/builder/7.4.2/builder-7.4.2.jar to /root/.gradle/.tmp/gradle_download4076779982814133847bin
[        ] Downloading https://dl.google.com/dl/android/maven2/com/android/tools/build/aaptcompiler/7.4.2/aaptcompiler-7.4.2.jar to /root/.gradle/.tmp/gradle_download9381135305622108906bin
[        ] Downloading https://dl.google.com/dl/android/maven2/com/android/tools/build/gradle/7.4.2/gradle-7.4.2.jar to /root/.gradle/.tmp/gradle_download12223251377140577349bin
[  +99 ms] Downloading https://dl.google.com/dl/android/maven2/com/android/tools/build/manifest-merger/30.4.2/manifest-merger-30.4.2.jar to /root/.gradle/.tmp/gradle_download6473215158726209166bin
[        ] Downloading https://dl.google.com/dl/android/maven2/com/android/tools/build/gradle-api/7.4.2/gradle-api-7.4.2.jar to /root/.gradle/.tmp/gradle_download5559328451376018839bin
[        ] Downloading https://dl.google.com/dl/android/maven2/com/android/tools/lint/lint-model/30.4.2/lint-model-30.4.2.jar to /root/.gradle/.tmp/gradle_download15119375226238139273bin
[ +300 ms] Downloading https://dl.google.com/dl/android/maven2/com/android/tools/ddms/ddmlib/30.4.2/ddmlib-30.4.2.jar to /root/.gradle/.tmp/gradle_download9683076859494897972bin
[ +199 ms] Downloading https://dl.google.com/dl/android/maven2/com/android/tools/build/aapt2-proto/7.4.2-8841542/aapt2-proto-7.4.2-8841542.jar to /root/.gradle/.tmp/gradle_download13940713842307924034bin
[        ] Downloading https://dl.google.com/dl/android/maven2/com/android/tools/analytics-library/tracker/30.4.2/tracker-30.4.2.jar to /root/.gradle/.tmp/gradle_download16615200441526766595bin
[        ] Downloading https://dl.google.com/dl/android/maven2/com/android/databinding/baseLibrary/7.4.2/baseLibrary-7.4.2.jar to /root/.gradle/.tmp/gradle_download17479311345016058541bin
[        ] Downloading https://dl.google.com/dl/android/maven2/com/android/tools/analytics-library/crash/30.4.2/crash-30.4.2.jar to /root/.gradle/.tmp/gradle_download7224982184069275129bin
[        ] Downloading https://dl.google.com/dl/android/maven2/com/android/tools/lint/lint-typedef-remover/30.4.2/lint-typedef-remover-30.4.2.jar to /root/.gradle/.tmp/gradle_download11019927036897317510bin
[        ] Downloading https://dl.google.com/dl/android/maven2/com/android/tools/build/bundletool/1.11.4/bundletool-1.11.4.jar to /root/.gradle/.tmp/gradle_download2935097316169619762bin
[        ] Downloading https://dl.google.com/dl/android/maven2/androidx/databinding/databinding-compiler-common/7.4.2/databinding-compiler-common-7.4.2.jar to /root/.gradle/.tmp/gradle_download16850496338606404176bin
[        ] Downloading https://dl.google.com/dl/android/maven2/com/android/tools/analytics-library/shared/30.4.2/shared-30.4.2.jar to /root/.gradle/.tmp/gradle_download18196232590986023236bin
[  +99 ms] Downloading https://dl.google.com/dl/android/maven2/androidx/databinding/databinding-common/7.4.2/databinding-common-7.4.2.jar to /root/.gradle/.tmp/gradle_download852597076655909792bin
[ +100 ms] Downloading https://dl.google.com/dl/android/maven2/com/android/tools/utp/android-device-provider-gradle-proto/30.4.2/android-device-provider-gradle-proto-30.4.2.jar to /root/.gradle/.tmp/gradle_download17006890555294349784bin
[        ] Downloading https://repo.maven.apache.org/maven2/org/jetbrains/kotlin/kotlin-stdlib-jdk8/1.7.10/kotlin-stdlib-jdk8-1.7.10.jar to /root/.gradle/.tmp/gradle_download9863266747941045479bin
[        ] Downloading https://repo.maven.apache.org/maven2/org/ow2/asm/asm-commons/9.2/asm-commons-9.2.jar to /root/.gradle/.tmp/gradle_download8659519161457977951bin
[        ] Downloading https://dl.google.com/dl/android/maven2/com/android/tools/utp/android-device-provider-ddmlib-proto/30.4.2/android-device-provider-ddmlib-proto-30.4.2.jar to /root/.gradle/.tmp/gradle_download12512805314436916444bin
[        ] Downloading https://dl.google.com/dl/android/maven2/com/android/tools/utp/android-test-plugin-host-additional-test-output-proto/30.4.2/android-test-plugin-host-additional-test-output-proto-30.4.2.jar to /root/.gradle/.tmp/gradle_download16918261361016740358bin
[        ] Downloading https://repo.maven.apache.org/maven2/org/ow2/asm/asm-util/9.2/asm-util-9.2.jar to /root/.gradle/.tmp/gradle_download677986792580409194bin
[        ] Downloading https://dl.google.com/dl/android/maven2/com/android/tools/utp/android-test-plugin-host-retention-proto/30.4.2/android-test-plugin-host-retention-proto-30.4.2.jar to /root/.gradle/.tmp/gradle_download15416246116289980bin
[        ] Downloading https://dl.google.com/dl/android/maven2/com/android/tools/utp/android-test-plugin-result-listener-gradle-proto/30.4.2/android-test-plugin-result-listener-gradle-proto-30.4.2.jar to /root/.gradle/.tmp/gradle_download2346303618790406049bin
[        ] Downloading https://repo.maven.apache.org/maven2/org/ow2/asm/asm-analysis/9.2/asm-analysis-9.2.jar to /root/.gradle/.tmp/gradle_download5084286788047496009bin
[  +99 ms] Downloading https://dl.google.com/dl/android/maven2/com/android/tools/dvlib/30.4.2/dvlib-30.4.2.jar to /root/.gradle/.tmp/gradle_download14291377782379992125bin
[        ] Downloading https://dl.google.com/dl/android/maven2/com/android/tools/common/30.4.2/common-30.4.2.jar to /root/.gradle/.tmp/gradle_download13864690107693382429bin
[        ] Downloading https://repo.maven.apache.org/maven2/org/jetbrains/kotlin/kotlin-stdlib-jdk7/1.7.10/kotlin-stdlib-jdk7-1.7.10.jar to /root/.gradle/.tmp/gradle_download8523302138199846387bin
[        ] Downloading https://dl.google.com/dl/android/maven2/com/android/tools/build/builder-model/7.4.2/builder-model-7.4.2.jar to /root/.gradle/.tmp/gradle_download15115625363056095486bin
[        ] Downloading https://repo.maven.apache.org/maven2/org/ow2/asm/asm/9.2/asm-9.2.jar to /root/.gradle/.tmp/gradle_download13863855466589548707bin
[        ] Downloading https://repo.maven.apache.org/maven2/org/jetbrains/kotlin/kotlin-reflect/1.7.10/kotlin-reflect-1.7.10.jar to /root/.gradle/.tmp/gradle_download15150869648227460877bin
[        ] Downloading https://repo.maven.apache.org/maven2/org/ow2/asm/asm-tree/9.2/asm-tree-9.2.jar to /root/.gradle/.tmp/gradle_download13006337759687785969bin
[        ] Downloading https://dl.google.com/dl/android/maven2/com/android/tools/layoutlib/layoutlib-api/30.4.2/layoutlib-api-30.4.2.jar to /root/.gradle/.tmp/gradle_download15723418379060529490bin
[        ] Downloading https://repo.maven.apache.org/maven2/org/jetbrains/kotlin/kotlin-stdlib/1.7.10/kotlin-stdlib-1.7.10.jar to /root/.gradle/.tmp/gradle_download9979519703693131253bin
[        ] Downloading https://dl.google.com/dl/android/maven2/com/android/tools/utp/android-test-plugin-host-coverage-proto/30.4.2/android-test-plugin-host-coverage-proto-30.4.2.jar to /root/.gradle/.tmp/gradle_download871664137888584374bin
[  +99 ms] Downloading https://repo.maven.apache.org/maven2/org/jetbrains/kotlin/kotlin-stdlib-common/1.7.10/kotlin-stdlib-common-1.7.10.jar to /root/.gradle/.tmp/gradle_download13969590029415574932bin
[ +299 ms] Downloading https://dl.google.com/dl/android/maven2/com/android/tools/build/apkzlib/7.4.2/apkzlib-7.4.2.jar to /root/.gradle/.tmp/gradle_download12191189812662259679bin
[  +99 ms] Downloading https://dl.google.com/dl/android/maven2/com/android/tools/analytics-library/protos/30.4.2/protos-30.4.2.jar to /root/.gradle/.tmp/gradle_download5423907090226839637bin
[        ] Downloading https://dl.google.com/dl/android/maven2/com/android/tools/build/apksig/7.4.2/apksig-7.4.2.jar to /root/.gradle/.tmp/gradle_download11540697870800865747bin
[        ] Downloading https://dl.google.com/dl/android/maven2/com/google/testing/platform/core-proto/0.0.8-alpha08/core-proto-0.0.8-alpha08.jar to /root/.gradle/.tmp/gradle_download4806819074294473466bin
[        ] Downloading https://dl.google.com/dl/android/maven2/com/android/signflinger/7.4.2/signflinger-7.4.2.jar to /root/.gradle/.tmp/gradle_download4199325770921349023bin
[        ] Downloading https://dl.google.com/dl/android/maven2/com/android/zipflinger/7.4.2/zipflinger-7.4.2.jar to /root/.gradle/.tmp/gradle_download9482772454568137636bin
[  +99 ms] Downloading https://dl.google.com/dl/android/maven2/com/android/tools/annotations/30.4.2/annotations-30.4.2.jar to /root/.gradle/.tmp/gradle_download17732305630272214509bin
[ +100 ms] Caching disabled for InstrumentationAnalysisTransform: /root/.gradle/caches/modules-2/files-2.1/com.android.tools.build/gradle/7.4.2/87cb2d87280562820906f2a1ee3a12b047359a7/gradle-7.4.2.jar because:
[        ]   Build cache is disabled
[        ]   Caching not enabled.
[        ] Caching disabled for InstrumentationAnalysisTransform: /root/.gradle/caches/modules-2/files-2.1/com.android.tools.build/gradle-settings-api/7.4.2/bb22600dccee35b401ff17c5ca1bfc6d853d15fd/gradle-settings-api-7.4.2.jar because:
[        ]   Build cache is disabled
[        ]   Caching not enabled.
[        ] Caching disabled for InstrumentationAnalysisTransform: /root/.gradle/caches/modules-2/files-2.1/com.android.tools.lint/lint-model/30.4.2/a615607c33cfcb27cf49f84250e59d722390f034/lint-model-30.4.2.jar because:
[        ]   Build cache is disabled
[        ]   Caching not enabled.
[        ] Caching disabled for InstrumentationAnalysisTransform: /root/.gradle/caches/modules-2/files-2.1/com.android.tools.build/builder/7.4.2/e0cb985a4d385b6c8e8155e13df8205f459ecac0/builder-7.4.2.jar because:
[        ]   Build cache is disabled
[        ]   Caching not enabled.
[        ] Caching disabled for InstrumentationAnalysisTransform: /root/.gradle/caches/modules-2/files-2.1/com.android.tools.build/manifest-merger/30.4.2/49581a754311a2f7011ca141b3022c60d508504b/manifest-merger-30.4.2.jar because:
[        ]   Build cache is disabled
[        ]   Caching not enabled.
[        ] Caching disabled for InstrumentationAnalysisTransform: /root/.gradle/caches/modules-2/files-2.1/com.android.tools/sdk-common/30.4.2/161759948f92f7b7fe44e6e01049db349451d34c/sdk-common-30.4.2.jar because:
[        ]   Build cache is disabled
[        ]   Caching not enabled.
[        ] Caching disabled for InstrumentationAnalysisTransform: /root/.gradle/caches/modules-2/files-2.1/com.android.tools/sdklib/30.4.2/35a703c17c59fbf4c6563e35c4149b1522a82ad3/sdklib-30.4.2.jar because:
[        ]   Build cache is disabled
[        ]   Caching not enabled.
[        ] Caching disabled for InstrumentationAnalysisTransform: /root/.gradle/caches/modules-2/files-2.1/com.android.tools.build/gradle-api/7.4.2/5f81693f719b0472898c69dafb42befbb18de887/gradle-api-7.4.2.jar because:
[        ]   Build cache is disabled
[        ]   Caching not enabled.
[        ] Caching disabled for InstrumentationAnalysisTransform: /root/.gradle/caches/modules-2/files-2.1/com.android.tools.build/builder-test-api/7.4.2/dc8df869e33c39136f0dc390ae6b207b39402820/builder-test-api-7.4.2.jar because:
[        ]   Build cache is disabled
[        ]   Caching not enabled.
[        ] Caching disabled for InstrumentationAnalysisTransform: /root/.gradle/caches/modules-2/files-2.1/com.android.tools.ddms/ddmlib/30.4.2/b87b79d91290578ba458ce588a4c6c6f3c031621/ddmlib-30.4.2.jar because:
[        ]   Build cache is disabled
[        ]   Caching not enabled.
[        ] Caching disabled for InstrumentationAnalysisTransform: /root/.gradle/caches/modules-2/files-2.1/com.android.tools.build/aaptcompiler/7.4.2/2bf0f040dad19c66b661d973c6c9f135355fd072/aaptcompiler-7.4.2.jar because:
[        ]   Build cache is disabled
[        ]   Caching not enabled.
[        ] Caching disabled for InstrumentationAnalysisTransform: /root/.gradle/caches/modules-2/files-2.1/com.android.tools.build/bundletool/1.11.4/7834f285553cf91a2a36f5919be1ffc4ce28ffda/bundletool-1.11.4.jar because:
[        ]   Build cache is disabled
[        ]   Caching not enabled.
[        ] Caching disabled for InstrumentationAnalysisTransform: /root/.gradle/caches/modules-2/files-2.1/com.android.tools.build/aapt2-proto/7.4.2-8841542/d66fdd8f8469bad0933d3ab52e107177df6a3f2f/aapt2-proto-7.4.2-8841542.jar because:
[        ]   Build cache is disabled
[        ]   Caching not enabled.
[        ] Caching disabled for InstrumentationAnalysisTransform: /root/.gradle/caches/modules-2/files-2.1/com.android.tools.analytics-library/crash/30.4.2/cb084b6a8d0e52c4cd9b05362010674bd732875c/crash-30.4.2.jar because:
[        ]   Build cache is disabled
[        ]   Caching not enabled.
[        ] Caching disabled for InstrumentationAnalysisTransform: /root/.gradle/caches/modules-2/files-2.1/com.android.tools.analytics-library/tracker/30.4.2/93e267ae33339e3e4c31513a481d4e5da25a3f3c/tracker-30.4.2.jar because:
[        ]   Build cache is disabled
[        ]   Caching not enabled.
[        ] Caching disabled for InstrumentationAnalysisTransform: /root/.gradle/caches/modules-2/files-2.1/com.android.tools.analytics-library/shared/30.4.2/990ae0af7a3c8bb0c52f50e55992c89d8c4802a7/shared-30.4.2.jar because:
[        ]   Build cache is disabled
[        ]   Caching not enabled.
[        ] Caching disabled for InstrumentationAnalysisTransform: /root/.gradle/caches/modules-2/files-2.1/com.android.tools.lint/lint-typedef-remover/30.4.2/dc294605db32e2a07fd9bba72a4e337eba837a03/lint-typedef-remover-30.4.2.jar because:
[        ]   Build cache is disabled
[        ]   Caching not enabled.
[        ] Caching disabled for InstrumentationAnalysisTransform: /root/.gradle/caches/modules-2/files-2.1/androidx.databinding/databinding-compiler-common/7.4.2/a4261dd0ef1ef53b45a2be27e059b1b6b7dd87e1/databinding-compiler-common-7.4.2.jar because:
[        ]   Build cache is disabled
[        ]   Caching not enabled.
[        ] Caching disabled for InstrumentationAnalysisTransform: /root/.gradle/caches/modules-2/files-2.1/androidx.databinding/databinding-common/7.4.2/84ed411631d2c4113f4ad992669fe3f50a83f072/databinding-common-7.4.2.jar because:
[        ]   Build cache is disabled
[        ]   Caching not enabled.
[  +98 ms] Caching disabled for InstrumentationAnalysisTransform: /root/.gradle/caches/modules-2/files-2.1/com.android.databinding/baseLibrary/7.4.2/816af75743910bbee1f2a4e0620683bc3ec6e453/baseLibrary-7.4.2.jar because:
[        ]   Build cache is disabled
[        ]   Caching not enabled.
[        ] Caching disabled for InstrumentationAnalysisTransform: /root/.gradle/caches/modules-2/files-2.1/com.android.tools/repository/30.4.2/cfffc97211eb7c5c36ef16c41d2db746c0ef1b2/repository-30.4.2.jar because:
[        ]   Build cache is disabled
[        ]   Caching not enabled.
[        ] Caching disabled for InstrumentationAnalysisTransform: /root/.gradle/caches/modules-2/files-2.1/com.android.tools.layoutlib/layoutlib-api/30.4.2/2ca558949f442088c4c997a9cf1b6c7fae8b270e/layoutlib-api-30.4.2.jar because:
[        ]   Build cache is disabled
[        ]   Caching not enabled.
[        ] Caching disabled for InstrumentationAnalysisTransform: /root/.gradle/caches/modules-2/files-2.1/com.android.tools.utp/android-device-provider-ddmlib-proto/30.4.2/7e8d418bf45f4f9f8cc1708429aa996d34b938b2/android-device-provider-ddmlib-proto-30.4.2.jar because:
[        ]   Build cache is disabled
[        ]   Caching not enabled.
[        ] Caching disabled for InstrumentationAnalysisTransform: /root/.gradle/caches/modules-2/files-2.1/com.android.tools.utp/android-device-provider-gradle-proto/30.4.2/2bab341f7cfb927f41ed2fe379a32a1805a14bfd/android-device-provider-gradle-proto-30.4.2.jar because:
[        ]   Build cache is disabled
[        ]   Caching not enabled.
[        ] Caching disabled for InstrumentationAnalysisTransform: /root/.gradle/caches/modules-2/files-2.1/com.android.tools.utp/android-test-plugin-host-additional-test-output-proto/30.4.2/3d36dd35dd38c03783614f8e47d39ef942adf757/android-test-plugin-host-additional-test-output-proto-30.4.2.jar because:
[        ]   Build cache is disabled
[        ]   Caching not enabled.
[        ] Caching disabled for InstrumentationAnalysisTransform: /root/.gradle/caches/modules-2/files-2.1/com.android.tools.utp/android-test-plugin-result-listener-gradle-proto/30.4.2/aa3bc3b4e9a97960af10991183a4c71e5c06d23f/android-test-plugin-result-listener-gradle-proto-30.4.2.jar because:
[        ]   Build cache is disabled
[        ]   Caching not enabled.
[        ] Caching disabled for InstrumentationAnalysisTransform: /root/.gradle/caches/modules-2/files-2.1/com.android.tools.utp/android-test-plugin-host-retention-proto/30.4.2/712055bf1c7bea94ff84cf144cd36d73cee54800/android-test-plugin-host-retention-proto-30.4.2.jar because:
[        ]   Build cache is disabled
[        ]   Caching not enabled.
[        ] Caching disabled for InstrumentationAnalysisTransform: /root/.gradle/caches/modules-2/files-2.1/com.android.tools.utp/android-test-plugin-host-coverage-proto/30.4.2/414b98ba9375a8c21f4c3a659a628601f2000c32/android-test-plugin-host-coverage-proto-30.4.2.jar because:
[        ]   Build cache is disabled
[        ]   Caching not enabled.
[        ] Caching disabled for InstrumentationAnalysisTransform: /root/.gradle/caches/modules-2/files-2.1/com.android.tools.build/builder-model/7.4.2/80c54f681d4ddf8fe2ff1df80bb767983032b7b8/builder-model-7.4.2.jar because:
[        ]   Build cache is disabled
[        ]   Caching not enabled.
[        ] Caching disabled for InstrumentationAnalysisTransform: /root/.gradle/caches/modules-2/files-2.1/com.android.tools/dvlib/30.4.2/ef8dfce1e50dc4b683cdb8ce9507cc87878ebcb5/dvlib-30.4.2.jar because:
[        ]   Build cache is disabled
[        ]   Caching not enabled.
[        ] Caching disabled for InstrumentationAnalysisTransform: /root/.gradle/caches/modules-2/files-2.1/com.android.tools/common/30.4.2/605a8083db5a6d178e3fc6810c4046c198a4f4b6/common-30.4.2.jar because:
[        ]   Build cache is disabled
[        ]   Caching not enabled.
[        ] Caching disabled for InstrumentationAnalysisTransform: /root/.gradle/caches/modules-2/files-2.1/org.jetbrains.kotlin/kotlin-stdlib-jdk8/1.7.10/d70d7d2c56371f7aa18f32e984e3e2e998fe9081/kotlin-stdlib-jdk8-1.7.10.jar because:
[        ]   Build cache is disabled
[        ]   Caching not enabled.
[        ] Caching disabled for InstrumentationAnalysisTransform: /root/.gradle/caches/modules-2/files-2.1/org.ow2.asm/asm-commons/9.2/f4d7f0fc9054386f2893b602454d48e07d4fbead/asm-commons-9.2.jar because:
[        ]   Build cache is disabled
[        ]   Caching not enabled.
[        ] Caching disabled for InstrumentationAnalysisTransform: /root/.gradle/caches/modules-2/files-2.1/org.ow2.asm/asm-util/9.2/fbc178fc5ba3dab50fd7e8a5317b8b647c8e8946/asm-util-9.2.jar because:
[        ]   Build cache is disabled
[        ]   Caching not enabled.
[        ] Caching disabled for InstrumentationAnalysisTransform: /root/.gradle/caches/modules-2/files-2.1/org.ow2.asm/asm-analysis/9.2/7487dd756daf96cab9986e44b9d7bcb796a61c10/asm-analysis-9.2.jar because:
[        ]   Build cache is disabled
[        ]   Caching not enabled.
[        ] Caching disabled for InstrumentationAnalysisTransform: /root/.gradle/caches/modules-2/files-2.1/org.ow2.asm/asm-tree/9.2/d96c99a30f5e1a19b0e609dbb19a44d8518ac01e/asm-tree-9.2.jar because:
[        ]   Build cache is disabled
[        ]   Caching not enabled.
[        ] Caching disabled for InstrumentationAnalysisTransform: /root/.gradle/caches/modules-2/files-2.1/org.ow2.asm/asm/9.2/81a03f76019c67362299c40e0ba13405f5467bff/asm-9.2.jar because:
[        ]   Build cache is disabled
[        ]   Caching not enabled.
[        ] Caching disabled for InstrumentationAnalysisTransform: /root/.gradle/caches/modules-2/files-2.1/com.android.tools.build/apkzlib/7.4.2/ad7136410ad4c88b1d1dea24ddeb5f9379e157e5/apkzlib-7.4.2.jar because:
[        ]   Build cache is disabled
[        ]   Caching not enabled.
[        ] Caching disabled for InstrumentationAnalysisTransform: /root/.gradle/caches/modules-2/files-2.1/com.android.tools.analytics-library/protos/30.4.2/ffa08a769e27c0b4f0f9bc3151daef0f8d280a2e/protos-30.4.2.jar because:
[        ]   Build cache is disabled
[        ]   Caching not enabled.
[        ] Caching disabled for InstrumentationAnalysisTransform: /root/.gradle/caches/modules-2/files-2.1/com.google.testing.platform/core-proto/0.0.8-alpha08/72ca52065789993f2f029b34d797813c467d5d74/core-proto-0.0.8-alpha08.jar because:
[        ]   Build cache is disabled
[        ]   Caching not enabled.
[        ] Caching disabled for InstrumentationAnalysisTransform: /root/.gradle/caches/modules-2/files-2.1/org.jetbrains.kotlin/kotlin-reflect/1.7.10/165e600dfea6185cf5efa700756294cc4904dbeb/kotlin-reflect-1.7.10.jar because:
[        ]   Build cache is disabled
[        ]   Caching not enabled.
[        ] Caching disabled for InstrumentationAnalysisTransform: /root/.gradle/caches/modules-2/files-2.1/org.jetbrains.kotlin/kotlin-stdlib-jdk7/1.7.10/1ef73fee66f45d52c67e2aca12fd945dbe0659bf/kotlin-stdlib-jdk7-1.7.10.jar because:
[        ]   Build cache is disabled
[        ]   Caching not enabled.
[        ] Caching disabled for InstrumentationAnalysisTransform: /root/.gradle/caches/modules-2/files-2.1/org.jetbrains.kotlin/kotlin-stdlib/1.7.10/d2abf9e77736acc4450dc4a3f707fa2c10f5099d/kotlin-stdlib-1.7.10.jar because:
[        ]   Build cache is disabled
[        ]   Caching not enabled.
[        ] Caching disabled for InstrumentationAnalysisTransform: /root/.gradle/caches/modules-2/files-2.1/com.android/signflinger/7.4.2/eadca001587305c0d2498104183497eaa7013ce2/signflinger-7.4.2.jar because:
[        ]   Build cache is disabled
[        ]   Caching not enabled.
[        ] Caching disabled for InstrumentationAnalysisTransform: /root/.gradle/caches/modules-2/files-2.1/com.android/zipflinger/7.4.2/c8905e73d011fc1683db2dfd08397ab250672d4e/zipflinger-7.4.2.jar because:
[        ]   Build cache is disabled
[        ]   Caching not enabled.
[        ] Caching disabled for InstrumentationAnalysisTransform: /root/.gradle/caches/modules-2/files-2.1/com.android.tools/annotations/30.4.2/9251cabb9830e0f59e30e8e99f58af7bbc97c34f/annotations-30.4.2.jar because:
[        ]   Build cache is disabled
[        ]   Caching not enabled.
[        ] Caching disabled for InstrumentationAnalysisTransform: /root/.gradle/caches/modules-2/files-2.1/com.android.tools.build/apksig/7.4.2/46b1d756b1dd2f41714f24c84b611306d39ec065/apksig-7.4.2.jar because:
[        ]   Build cache is disabled
[        ]   Caching not enabled.
[        ] Caching disabled for InstrumentationAnalysisTransform: /root/.gradle/caches/modules-2/files-2.1/org.jetbrains.kotlin/kotlin-stdlib-common/1.7.10/bac80c520d0a9e3f3673bc2658c6ed02ef45a76a/kotlin-stdlib-common-1.7.10.jar because:
[        ]   Build cache is disabled
[        ]   Caching not enabled.
[ +193 ms] Caching disabled for MergeInstrumentationAnalysisTransform: /root/.gradle/caches/8.14/transforms/499a42349d481c70ebb17eda05a5fc64/transformed/.gradle-instrumented-classpath.marker because:
[        ]   Build cache is disabled
[        ]   Caching not enabled.
[        ] Caching disabled for MergeInstrumentationAnalysisTransform: /root/.gradle/caches/8.14/transforms/499a42349d481c70ebb17eda05a5fc64/transformed/analysis/instrumentation-hierarchy.bin because:
[        ]   Build cache is disabled
[        ]   Caching not enabled.
[        ] Caching disabled for MergeInstrumentationAnalysisTransform: /root/.gradle/caches/8.14/transforms/ba78cd9b58bd4e81dd01fb6bce40e818/transformed/analysis/instrumentation-hierarchy.bin because:
[        ]   Build cache is disabled
[        ]   Caching not enabled.
[        ] Caching disabled for MergeInstrumentationAnalysisTransform: /root/.gradle/caches/8.14/transforms/e6cccd49881a5a14bb0450dee4f3bc67/transformed/analysis/instrumentation-hierarchy.bin because:
[        ]   Build cache is disabled
[        ]   Caching not enabled.
[        ] Caching disabled for MergeInstrumentationAnalysisTransform: /root/.gradle/caches/8.14/transforms/546a917ea654b020c72e543065fdab88/transformed/analysis/instrumentation-hierarchy.bin because:
[        ]   Build cache is disabled
[        ]   Caching not enabled.
[        ] Caching disabled for MergeInstrumentationAnalysisTransform: /root/.gradle/caches/8.14/transforms/127c76ca17f9eabfd279b0fae6d346b9/transformed/analysis/instrumentation-hierarchy.bin because:
[        ]   Build cache is disabled
[        ]   Caching not enabled.
[        ] Caching disabled for MergeInstrumentationAnalysisTransform: /root/.gradle/caches/8.14/transforms/0baa5ab203748d4c08ae18ed509d9af4/transformed/analysis/instrumentation-hierarchy.bin because:
[        ]   Build cache is disabled
[        ]   Caching not enabled.
[        ] Caching disabled for MergeInstrumentationAnalysisTransform: /root/.gradle/caches/8.14/transforms/b0d45ba058d6d1d96cbca90422d240d8/transformed/analysis/instrumentation-hierarchy.bin because:
[        ]   Build cache is disabled
[        ]   Caching not enabled.
[        ] Caching disabled for MergeInstrumentationAnalysisTransform: /root/.gradle/caches/8.14/transforms/ffa819b440144490f38469a9a77eca87/transformed/analysis/instrumentation-hierarchy.bin because:
[        ]   Build cache is disabled
[        ]   Caching not enabled.
[        ] Caching disabled for MergeInstrumentationAnalysisTransform: /root/.gradle/caches/8.14/transforms/d6edf3c08fd7c8105e094625cbc1bee1/transformed/analysis/instrumentation-hierarchy.bin because:
[        ]   Build cache is disabled
[        ]   Caching not enabled.
[        ] Caching disabled for MergeInstrumentationAnalysisTransform: /root/.gradle/caches/8.14/transforms/3aa0a56800e0ea9332bf67de479d12ac/transformed/analysis/instrumentation-hierarchy.bin because:
[        ]   Build cache is disabled
[        ]   Caching not enabled.
[        ] Caching disabled for MergeInstrumentationAnalysisTransform: /root/.gradle/caches/8.14/transforms/65bd2029565b19ec103cfba9b0d9c833/transformed/analysis/instrumentation-hierarchy.bin because:
[        ]   Build cache is disabled
[        ]   Caching not enabled.
[        ] Caching disabled for MergeInstrumentationAnalysisTransform: /root/.gradle/caches/8.14/transforms/e1184a5f117503922ff9f1324585b393/transformed/analysis/instrumentation-hierarchy.bin because:
[        ]   Build cache is disabled
[        ]   Caching not enabled.
[        ] Caching disabled for MergeInstrumentationAnalysisTransform: /root/.gradle/caches/8.14/transforms/127c76ca17f9eabfd279b0fae6d346b9/transformed/analysis/instrumentation-dependencies.bin because:
[        ]   Build cache is disabled
[        ]   Caching not enabled.
[        ] Caching disabled for MergeInstrumentationAnalysisTransform: /root/.gradle/caches/8.14/transforms/0baa5ab203748d4c08ae18ed509d9af4/transformed/analysis/instrumentation-dependencies.bin because:
[        ]   Build cache is disabled
[        ]   Caching not enabled.
[        ] Caching disabled for MergeInstrumentationAnalysisTransform: /root/.gradle/caches/8.14/transforms/e6cccd49881a5a14bb0450dee4f3bc67/transformed/analysis/instrumentation-dependencies.bin because:
[        ]   Build cache is disabled
[        ]   Caching not enabled.
[        ] Caching disabled for MergeInstrumentationAnalysisTransform: /root/.gradle/caches/8.14/transforms/499a42349d481c70ebb17eda05a5fc64/transformed/analysis/instrumentation-dependencies.bin because:
[        ]   Build cache is disabled
[        ]   Caching not enabled.
[        ] Caching disabled for MergeInstrumentationAnalysisTransform: /root/.gradle/caches/8.14/transforms/ba78cd9b58bd4e81dd01fb6bce40e818/transformed/analysis/instrumentation-dependencies.bin because:
[        ]   Build cache is disabled
[        ]   Caching not enabled.
[        ] Caching disabled for MergeInstrumentationAnalysisTransform: /root/.gradle/caches/8.14/transforms/546a917ea654b020c72e543065fdab88/transformed/analysis/instrumentation-dependencies.bin because:
[        ]   Build cache is disabled
[        ]   Caching not enabled.
[        ] Caching disabled for MergeInstrumentationAnalysisTransform: /root/.gradle/caches/8.14/transforms/b0d45ba058d6d1d96cbca90422d240d8/transformed/analysis/instrumentation-dependencies.bin because:
[        ]   Build cache is disabled
[        ]   Caching not enabled.
[        ] Caching disabled for MergeInstrumentationAnalysisTransform: /root/.gradle/caches/8.14/transforms/65bd2029565b19ec103cfba9b0d9c833/transformed/analysis/instrumentation-dependencies.bin because:
[        ]   Build cache is disabled
[        ]   Caching not enabled.
[        ] Caching disabled for MergeInstrumentationAnalysisTransform: /root/.gradle/caches/8.14/transforms/ffa819b440144490f38469a9a77eca87/transformed/analysis/instrumentation-dependencies.bin because:
[        ]   Build cache is disabled
[        ]   Caching not enabled.
[        ] Caching disabled for MergeInstrumentationAnalysisTransform: /root/.gradle/caches/8.14/transforms/3aa0a56800e0ea9332bf67de479d12ac/transformed/analysis/instrumentation-dependencies.bin because:
[        ]   Build cache is disabled
[        ]   Caching not enabled.
[        ] Caching disabled for MergeInstrumentationAnalysisTransform: /root/.gradle/caches/8.14/transforms/e1184a5f117503922ff9f1324585b393/transformed/analysis/instrumentation-dependencies.bin because:
[        ]   Build cache is disabled
[        ]   Caching not enabled.
[        ] Caching disabled for MergeInstrumentationAnalysisTransform: /root/.gradle/caches/8.14/transforms/d6edf3c08fd7c8105e094625cbc1bee1/transformed/analysis/instrumentation-dependencies.bin because:
[        ]   Build cache is disabled
[        ]   Caching not enabled.
[        ] Caching disabled for MergeInstrumentationAnalysisTransform: /root/.gradle/caches/modules-2/files-2.1/com.android.tools.build/gradle-api/7.4.2/5f81693f719b0472898c69dafb42befbb18de887/gradle-api-7.4.2.jar because:
[        ]   Build cache is disabled
[        ]   Caching not enabled.
[        ] Caching disabled for MergeInstrumentationAnalysisTransform: /root/.gradle/caches/modules-2/files-2.1/com.android.tools/repository/30.4.2/cfffc97211eb7c5c36ef16c41d2db746c0ef1b2/repository-30.4.2.jar because:
[        ]   Build cache is disabled
[        ]   Caching not enabled.
[        ] Caching disabled for MergeInstrumentationAnalysisTransform: /root/.gradle/caches/modules-2/files-2.1/com.android.tools.build/builder-test-api/7.4.2/dc8df869e33c39136f0dc390ae6b207b39402820/builder-test-api-7.4.2.jar because:
[        ]   Build cache is disabled
[        ]   Caching not enabled.
[        ] Caching disabled for MergeInstrumentationAnalysisTransform: /root/.gradle/caches/modules-2/files-2.1/com.android.tools.build/manifest-merger/30.4.2/49581a754311a2f7011ca141b3022c60d508504b/manifest-merger-30.4.2.jar because:
[        ]   Build cache is disabled
[        ]   Caching not enabled.
[        ] Caching disabled for MergeInstrumentationAnalysisTransform: /root/.gradle/caches/modules-2/files-2.1/com.android.tools.lint/lint-model/30.4.2/a615607c33cfcb27cf49f84250e59d722390f034/lint-model-30.4.2.jar because:
[        ]   Build cache is disabled
[        ]   Caching not enabled.
[        ] Caching disabled for MergeInstrumentationAnalysisTransform: /root/.gradle/caches/modules-2/files-2.1/com.android.tools.build/gradle-settings-api/7.4.2/bb22600dccee35b401ff17c5ca1bfc6d853d15fd/gradle-settings-api-7.4.2.jar because:
[        ]   Build cache is disabled
[        ]   Caching not enabled.
[        ] Caching disabled for MergeInstrumentationAnalysisTransform: /root/.gradle/caches/modules-2/files-2.1/com.android.tools/sdklib/30.4.2/35a703c17c59fbf4c6563e35c4149b1522a82ad3/sdklib-30.4.2.jar because:
[   +5 ms]   Build cache is disabled
[        ]   Caching not enabled.
[        ] Caching disabled for MergeInstrumentationAnalysisTransform: /root/.gradle/caches/modules-2/files-2.1/com.android.tools.build/aaptcompiler/7.4.2/2bf0f040dad19c66b661d973c6c9f135355fd072/aaptcompiler-7.4.2.jar because:
[        ]   Build cache is disabled
[        ]   Caching not enabled.
[        ] Caching disabled for MergeInstrumentationAnalysisTransform: /root/.gradle/caches/modules-2/files-2.1/com.android.tools.ddms/ddmlib/30.4.2/b87b79d91290578ba458ce588a4c6c6f3c031621/ddmlib-30.4.2.jar because:
[        ]   Build cache is disabled
[        ]   Caching not enabled.
[        ] Caching disabled for MergeInstrumentationAnalysisTransform: /root/.gradle/caches/modules-2/files-2.1/com.android.tools/sdk-common/30.4.2/161759948f92f7b7fe44e6e01049db349451d34c/sdk-common-30.4.2.jar because:
[        ]   Build cache is disabled
[        ]   Caching not enabled.
[        ] Caching disabled for ExternalDependencyInstrumentingArtifactTransform: /root/.gradle/caches/8.14/transforms/b855a48c0657e031aa9f24799f2401d0/transformed/merge/instrumentation-dependencies.bin because:
[        ]   Build cache is disabled
[        ]   Caching not enabled.
[        ] Caching disabled for ExternalDependencyInstrumentingArtifactTransform: /root/.gradle/caches/8.14/transforms/6377bd31c317d6e7aeba0e7704ff7237/transformed/merge/instrumentation-dependencies.bin because:
[        ]   Build cache is disabled
[        ]   Caching not enabled.
[        ] Caching disabled for ExternalDependencyInstrumentingArtifactTransform: /root/.gradle/caches/8.14/transforms/642cb9d550d40a530cb1071c474c3494/transformed/merge/instrumentation-dependencies.bin because:
[        ]   Build cache is disabled
[        ]   Caching not enabled.
[        ] Caching disabled for ExternalDependencyInstrumentingArtifactTransform: /root/.gradle/caches/8.14/transforms/831aa896929eb8aebb470faf8406fbcd/transformed/merge/instrumentation-dependencies.bin because:
[        ]   Build cache is disabled
[        ]   Caching not enabled.
[  +11 ms] Caching disabled for ExternalDependencyInstrumentingArtifactTransform: /root/.gradle/caches/8.14/transforms/f40abb2a1b7910a7e06140ca03fa030e/transformed/merge/instrumentation-dependencies.bin because:
[        ]   Build cache is disabled
[        ]   Caching not enabled.
[        ] Caching disabled for ExternalDependencyInstrumentingArtifactTransform: /root/.gradle/caches/8.14/transforms/8e9ef5044d971d5571a0ecd4d82da3d8/transformed/merge/instrumentation-dependencies.bin because:
[        ]   Build cache is disabled
[        ]   Caching not enabled.
[        ] Caching disabled for ExternalDependencyInstrumentingArtifactTransform: /root/.gradle/caches/8.14/transforms/694c993b6cf2b377e9ae93db5e938595/transformed/merge/instrumentation-dependencies.bin because:
[        ]   Build cache is disabled
[        ]   Caching not enabled.
[        ] Caching disabled for ExternalDependencyInstrumentingArtifactTransform: /root/.gradle/caches/8.14/transforms/ffbd2f381d781fd8a90ad9792b13dbf7/transformed/merge/instrumentation-dependencies.bin because:
[        ]   Build cache is disabled
[        ]   Caching not enabled.
[        ] Caching disabled for ExternalDependencyInstrumentingArtifactTransform: /root/.gradle/caches/8.14/transforms/d4b39c696a4fe3dbee1b52f8e35480b4/transformed/merge/instrumentation-dependencies.bin because:
[        ]   Build cache is disabled
[        ]   Caching not enabled.
[        ] Caching disabled for ExternalDependencyInstrumentingArtifactTransform: /root/.gradle/caches/8.14/transforms/2df63e19674d85d976e065f364e644aa/transformed/merge/instrumentation-dependencies.bin because:
[        ]   Build cache is disabled
[        ]   Caching not enabled.
[        ] Caching disabled for ExternalDependencyInstrumentingArtifactTransform: /root/.gradle/caches/modules-2/files-2.1/com.android.tools.build/gradle-settings-api/7.4.2/bb22600dccee35b401ff17c5ca1bfc6d853d15fd/gradle-settings-api-7.4.2.jar because:
[        ]   Build cache is disabled
[        ]   Caching not enabled.
[   +5 ms] Caching disabled for ExternalDependencyInstrumentingArtifactTransform: /root/.gradle/caches/modules-2/files-2.1/com.android.tools.build/builder-test-api/7.4.2/dc8df869e33c39136f0dc390ae6b207b39402820/builder-test-api-7.4.2.jar because:
[        ]   Build cache is disabled
[        ]   Caching not enabled.
[        ] Caching disabled for MergeInstrumentationAnalysisTransform: /root/.gradle/caches/8.14/transforms/a2b5778eda77c7989b1f447fda19241f/transformed/analysis/instrumentation-hierarchy.bin because:
[        ]   Build cache is disabled
[        ]   Caching not enabled.
[        ] Caching disabled for MergeInstrumentationAnalysisTransform: /root/.gradle/caches/8.14/transforms/fedf889afb7f8af686c62306a6c28929/transformed/analysis/instrumentation-hierarchy.bin because:
[        ]   Build cache is disabled
[        ]   Caching not enabled.
[        ] Caching disabled for MergeInstrumentationAnalysisTransform: /root/.gradle/caches/8.14/transforms/fedf889afb7f8af686c62306a6c28929/transformed/analysis/instrumentation-dependencies.bin because:
[        ]   Build cache is disabled
[        ]   Caching not enabled.
[        ] Caching disabled for MergeInstrumentationAnalysisTransform: /root/.gradle/caches/8.14/transforms/a2b5778eda77c7989b1f447fda19241f/transformed/analysis/instrumentation-dependencies.bin because:
[        ]   Build cache is disabled
[        ]   Caching not enabled.
[  +70 ms] Caching disabled for MergeInstrumentationAnalysisTransform: /root/.gradle/caches/modules-2/files-2.1/com.android.tools.build/aapt2-proto/7.4.2-8841542/d66fdd8f8469bad0933d3ab52e107177df6a3f2f/aapt2-proto-7.4.2-8841542.jar because:
[        ]   Build cache is disabled
[        ]   Caching not enabled.
[        ] Caching disabled for MergeInstrumentationAnalysisTransform: /root/.gradle/caches/modules-2/files-2.1/com.android.tools.build/builder/7.4.2/e0cb985a4d385b6c8e8155e13df8205f459ecac0/builder-7.4.2.jar because:
[        ]   Build cache is disabled
[        ]   Caching not enabled.
[        ] Caching disabled for ExternalDependencyInstrumentingArtifactTransform: /root/.gradle/caches/8.14/transforms/8724106332f10674474748e39416fc8c/transformed/merge/instrumentation-dependencies.bin because:
[        ]   Build cache is disabled
[        ]   Caching not enabled.
[        ] Caching disabled for ExternalDependencyInstrumentingArtifactTransform: /root/.gradle/caches/8.14/transforms/97370f9c0c8f32bc94b9976ca8104790/transformed/merge/instrumentation-dependencies.bin because:
[        ]   Build cache is disabled
[        ]   Caching not enabled.
[        ] Caching disabled for ExternalDependencyInstrumentingArtifactTransform: /root/.gradle/caches/modules-2/files-2.1/com.android.tools.lint/lint-model/30.4.2/a615607c33cfcb27cf49f84250e59d722390f034/lint-model-30.4.2.jar because:
[        ]   Build cache is disabled
[        ]   Caching not enabled.
[        ] Caching disabled for MergeInstrumentationAnalysisTransform: /root/.gradle/caches/8.14/transforms/45e38098b995a0a937e3346e1d9995ff/transformed/analysis/instrumentation-hierarchy.bin because:
[        ]   Build cache is disabled
[        ]   Caching not enabled.
[        ] Caching disabled for ExternalDependencyInstrumentingArtifactTransform: /root/.gradle/caches/modules-2/files-2.1/com.android.tools.build/gradle-api/7.4.2/5f81693f719b0472898c69dafb42befbb18de887/gradle-api-7.4.2.jar because:
[        ]   Build cache is disabled
[        ]   Caching not enabled.
[        ] Caching disabled for ExternalDependencyInstrumentingArtifactTransform: /root/.gradle/caches/modules-2/files-2.1/com.android.tools.build/manifest-merger/30.4.2/49581a754311a2f7011ca141b3022c60d508504b/manifest-merger-30.4.2.jar because:
[        ]   Build cache is disabled
[        ]   Caching not enabled.
[        ] Caching disabled for ExternalDependencyInstrumentingArtifactTransform: /root/.gradle/caches/modules-2/files-2.1/com.android.tools/repository/30.4.2/cfffc97211eb7c5c36ef16c41d2db746c0ef1b2/repository-30.4.2.jar because:
[        ]   Build cache is disabled
[        ]   Caching not enabled.
[        ] Caching disabled for MergeInstrumentationAnalysisTransform: /root/.gradle/caches/8.14/transforms/1c4b027c1ee94a642b88a0883c1c350a/transformed/analysis/instrumentation-hierarchy.bin because:
[        ]   Build cache is disabled
[        ]   Caching not enabled.
[        ] Caching disabled for MergeInstrumentationAnalysisTransform: /root/.gradle/caches/8.14/transforms/1c4b027c1ee94a642b88a0883c1c350a/transformed/analysis/instrumentation-dependencies.bin because:
[        ]   Build cache is disabled
[        ]   Caching not enabled.
[        ] Caching disabled for MergeInstrumentationAnalysisTransform: /root/.gradle/caches/8.14/transforms/45e38098b995a0a937e3346e1d9995ff/transformed/analysis/instrumentation-dependencies.bin because:
[        ]   Build cache is disabled
[        ]   Caching not enabled.
[        ] Caching disabled for MergeInstrumentationAnalysisTransform: /root/.gradle/caches/8.14/transforms/489bbfdbcada3fe316bf6866eac8ebca/transformed/analysis/instrumentation-hierarchy.bin because:
[        ]   Build cache is disabled
[        ]   Caching not enabled.
[        ] Caching disabled for MergeInstrumentationAnalysisTransform: /root/.gradle/caches/8.14/transforms/3280f5086969ed1a3060663370781b8b/transformed/analysis/instrumentation-hierarchy.bin because:
[        ]   Build cache is disabled
[        ]   Caching not enabled.
[        ] Caching disabled for MergeInstrumentationAnalysisTransform: /root/.gradle/caches/modules-2/files-2.1/com.android.tools.analytics-library/crash/30.4.2/cb084b6a8d0e52c4cd9b05362010674bd732875c/crash-30.4.2.jar because:
[        ]   Build cache is disabled
[        ]   Caching not enabled.
[        ] Caching disabled for MergeInstrumentationAnalysisTransform: /root/.gradle/caches/8.14/transforms/489bbfdbcada3fe316bf6866eac8ebca/transformed/analysis/instrumentation-dependencies.bin because:
[        ]   Build cache is disabled
[        ]   Caching not enabled.
[        ] Caching disabled for MergeInstrumentationAnalysisTransform: /root/.gradle/caches/8.14/transforms/3280f5086969ed1a3060663370781b8b/transformed/analysis/instrumentation-dependencies.bin because:
[        ]   Build cache is disabled
[        ]   Caching not enabled.
[        ] Caching disabled for MergeInstrumentationAnalysisTransform: /root/.gradle/caches/modules-2/files-2.1/com.android.tools.build/bundletool/1.11.4/7834f285553cf91a2a36f5919be1ffc4ce28ffda/bundletool-1.11.4.jar because:
[        ]   Build cache is disabled
[        ]   Caching not enabled.
[        ] Caching disabled for MergeInstrumentationAnalysisTransform: /root/.gradle/caches/modules-2/files-2.1/com.android.tools.build/gradle/7.4.2/87cb2d87280562820906f2a1ee3a12b047359a7/gradle-7.4.2.jar because:
[        ]   Build cache is disabled
[        ]   Caching not enabled.
[        ] Caching disabled for ExternalDependencyInstrumentingArtifactTransform: /root/.gradle/caches/8.14/transforms/82096501422959d719ea9dc76dca169b/transformed/merge/instrumentation-dependencies.bin because:
[        ]   Build cache is disabled
[        ]   Caching not enabled.
[        ] Caching disabled for MergeInstrumentationAnalysisTransform: /root/.gradle/caches/modules-2/files-2.1/com.android.tools.analytics-library/tracker/30.4.2/93e267ae33339e3e4c31513a481d4e5da25a3f3c/tracker-30.4.2.jar because:
[        ]   Build cache is disabled
[        ]   Caching not enabled.
[        ] Caching disabled for ExternalDependencyInstrumentingArtifactTransform: /root/.gradle/caches/8.14/transforms/4fc540fd84e7a87cc1b86eaf2e69f405/transformed/merge/instrumentation-dependencies.bin because:
[        ]   Build cache is disabled
[        ]   Caching not enabled.
[        ] Caching disabled for ExternalDependencyInstrumentingArtifactTransform: /root/.gradle/caches/8.14/transforms/5a7f814d793cd826510befbfe0333a47/transformed/merge/instrumentation-dependencies.bin because:
[        ]   Build cache is disabled
[        ]   Caching not enabled.
[        ] Caching disabled for MergeInstrumentationAnalysisTransform: /root/.gradle/caches/modules-2/files-2.1/com.android.tools.lint/lint-typedef-remover/30.4.2/dc294605db32e2a07fd9bba72a4e337eba837a03/lint-typedef-remover-30.4.2.jar because:
[        ]   Build cache is disabled
[        ]   Caching not enabled.
[        ] Caching disabled for ExternalDependencyInstrumentingArtifactTransform: /root/.gradle/caches/modules-2/files-2.1/com.android.tools.analytics-library/crash/30.4.2/cb084b6a8d0e52c4cd9b05362010674bd732875c/crash-30.4.2.jar because:
[        ]   Build cache is disabled
[        ]   Caching not enabled.
[        ] Caching disabled for MergeInstrumentationAnalysisTransform: /root/.gradle/caches/modules-2/files-2.1/com.android.tools.analytics-library/shared/30.4.2/990ae0af7a3c8bb0c52f50e55992c89d8c4802a7/shared-30.4.2.jar because:
[        ]   Build cache is disabled
[        ]   Caching not enabled.
[        ] Caching disabled for ExternalDependencyInstrumentingArtifactTransform: /root/.gradle/caches/8.14/transforms/9f4eb57920bc3385e7ff760ab15b9f96/transformed/merge/instrumentation-dependencies.bin because:
[        ]   Build cache is disabled
[        ]   Caching not enabled.
[        ] Caching disabled for ExternalDependencyInstrumentingArtifactTransform: /root/.gradle/caches/8.14/transforms/856cef70d966a0f8e6e1b6a42e235dcd/transformed/merge/instrumentation-dependencies.bin because:
[        ]   Build cache is disabled
[        ]   Caching not enabled.
[        ] Caching disabled for ExternalDependencyInstrumentingArtifactTransform: /root/.gradle/caches/8.14/transforms/dce918e1fc78d776524c253b10082783/transformed/merge/instrumentation-dependencies.bin because:
[        ]   Build cache is disabled
[        ]   Caching not enabled.
[        ] Caching disabled for MergeInstrumentationAnalysisTransform: /root/.gradle/caches/8.14/transforms/ae00bec6e2b712bd5484b6755fd4a4cd/transformed/analysis/instrumentation-hierarchy.bin because:
[        ]   Build cache is disabled
[        ]   Caching not enabled.
[        ] Caching disabled for ExternalDependencyInstrumentingArtifactTransform: /root/.gradle/caches/modules-2/files-2.1/com.android.tools.ddms/ddmlib/30.4.2/b87b79d91290578ba458ce588a4c6c6f3c031621/ddmlib-30.4.2.jar because:
[        ]   Build cache is disabled
[        ]   Caching not enabled.
[        ] Caching disabled for MergeInstrumentationAnalysisTransform: /root/.gradle/caches/8.14/transforms/ae00bec6e2b712bd5484b6755fd4a4cd/transformed/analysis/instrumentation-dependencies.bin because:
[        ]   Build cache is disabled
[        ]   Caching not enabled.
[        ] Caching disabled for ExternalDependencyInstrumentingArtifactTransform: /root/.gradle/caches/modules-2/files-2.1/com.android.tools.lint/lint-typedef-remover/30.4.2/dc294605db32e2a07fd9bba72a4e337eba837a03/lint-typedef-remover-30.4.2.jar because:
[        ]   Build cache is disabled
[        ]   Caching not enabled.
[        ] Caching disabled for MergeInstrumentationAnalysisTransform: /root/.gradle/caches/8.14/transforms/1808c053c158b883b30584abb5e3447b/transformed/analysis/instrumentation-hierarchy.bin because:
[        ]   Build cache is disabled
[        ]   Caching not enabled.
[        ] Caching disabled for ExternalDependencyInstrumentingArtifactTransform: /root/.gradle/caches/modules-2/files-2.1/com.android.tools.analytics-library/tracker/30.4.2/93e267ae33339e3e4c31513a481d4e5da25a3f3c/tracker-30.4.2.jar because:
[        ]   Build cache is disabled
[        ]   Caching not enabled.
[        ] Caching disabled for ExternalDependencyInstrumentingArtifactTransform: /root/.gradle/caches/modules-2/files-2.1/com.android.tools/sdklib/30.4.2/35a703c17c59fbf4c6563e35c4149b1522a82ad3/sdklib-30.4.2.jar because:
[        ]   Build cache is disabled
[        ]   Caching not enabled.
[        ] Caching disabled for MergeInstrumentationAnalysisTransform: /root/.gradle/caches/8.14/transforms/1808c053c158b883b30584abb5e3447b/transformed/analysis/instrumentation-dependencies.bin because:
[        ]   Build cache is disabled
[        ]   Caching not enabled.
[        ] Caching disabled for MergeInstrumentationAnalysisTransform: /root/.gradle/caches/8.14/transforms/7f2151640a918e96a5cefe073beb14c8/transformed/analysis/instrumentation-hierarchy.bin because:
[        ]   Build cache is disabled
[        ]   Caching not enabled.
[        ] Caching disabled for MergeInstrumentationAnalysisTransform: /root/.gradle/caches/modules-2/files-2.1/androidx.databinding/databinding-compiler-common/7.4.2/a4261dd0ef1ef53b45a2be27e059b1b6b7dd87e1/databinding-compiler-common-7.4.2.jar because:
[        ]   Build cache is disabled
[        ]   Caching not enabled.
[        ] Caching disabled for MergeInstrumentationAnalysisTransform: /root/.gradle/caches/8.14/transforms/d3c5c281348b95f29a5fca4e59763961/transformed/analysis/instrumentation-hierarchy.bin because:
[        ]   Build cache is disabled
[        ]   Caching not enabled.
[        ] Caching disabled for MergeInstrumentationAnalysisTransform: /root/.gradle/caches/modules-2/files-2.1/androidx.databinding/databinding-common/7.4.2/84ed411631d2c4113f4ad992669fe3f50a83f072/databinding-common-7.4.2.jar because:
[        ]   Build cache is disabled
[        ]   Caching not enabled.
[        ] Caching disabled for MergeInstrumentationAnalysisTransform: /root/.gradle/caches/8.14/transforms/5962f4182c8b357e3c11eac927a1fa27/transformed/analysis/instrumentation-hierarchy.bin because:
[        ]   Build cache is disabled
[        ]   Caching not enabled.
[        ] Caching disabled for ExternalDependencyInstrumentingArtifactTransform: /root/.gradle/caches/modules-2/files-2.1/com.android.tools.analytics-library/shared/30.4.2/990ae0af7a3c8bb0c52f50e55992c89d8c4802a7/shared-30.4.2.jar because:
[        ]   Build cache is disabled
[        ]   Caching not enabled.
[        ] Caching disabled for MergeInstrumentationAnalysisTransform: /root/.gradle/caches/8.14/transforms/7f2151640a918e96a5cefe073beb14c8/transformed/analysis/instrumentation-dependencies.bin because:
[        ]   Build cache is disabled
[        ]   Caching not enabled.
[        ] Caching disabled for ExternalDependencyInstrumentingArtifactTransform: /root/.gradle/caches/8.14/transforms/00919acdb2324ed37b6b773ab0fd46a0/transformed/merge/instrumentation-dependencies.bin because:
[        ]   Build cache is disabled
[        ]   Caching not enabled.
[        ] Caching disabled for ExternalDependencyInstrumentingArtifactTransform: /root/.gradle/caches/modules-2/files-2.1/com.android.tools.build/aaptcompiler/7.4.2/2bf0f040dad19c66b661d973c6c9f135355fd072/aaptcompiler-7.4.2.jar because:
[        ]   Build cache is disabled
[        ]   Caching not enabled.
[        ] Caching disabled for MergeInstrumentationAnalysisTransform: /root/.gradle/caches/8.14/transforms/d3c5c281348b95f29a5fca4e59763961/transformed/analysis/instrumentation-dependencies.bin because:
[        ]   Build cache is disabled
[        ]   Caching not enabled.
[        ] Caching disabled for MergeInstrumentationAnalysisTransform: /root/.gradle/caches/8.14/transforms/5962f4182c8b357e3c11eac927a1fa27/transformed/analysis/instrumentation-dependencies.bin because:
[        ]   Build cache is disabled
[        ]   Caching not enabled.
[        ] Caching disabled for ExternalDependencyInstrumentingArtifactTransform: /root/.gradle/caches/8.14/transforms/a6737018d712e162ed13fa073e0a0d9d/transformed/merge/instrumentation-dependencies.bin because:
[        ]   Build cache is disabled
[        ]   Caching not enabled.
[        ] Caching disabled for MergeInstrumentationAnalysisTransform: /root/.gradle/caches/modules-2/files-2.1/com.android.databinding/baseLibrary/7.4.2/816af75743910bbee1f2a4e0620683bc3ec6e453/baseLibrary-7.4.2.jar because:
[        ]   Build cache is disabled
[        ]   Caching not enabled.
[        ] Caching disabled for MergeInstrumentationAnalysisTransform: /root/.gradle/caches/8.14/transforms/c8f472cfdcd9fd21d67fa8b6b742afa2/transformed/analysis/instrumentation-hierarchy.bin because:
[        ]   Build cache is disabled
[        ]   Caching not enabled.
[        ] Caching disabled for MergeInstrumentationAnalysisTransform: /root/.gradle/caches/8.14/transforms/6e48e5c6b7830019d7a7f3b0c15d4b05/transformed/analysis/instrumentation-hierarchy.bin because:
[        ]   Build cache is disabled
[        ]   Caching not enabled.
[        ] Caching disabled for MergeInstrumentationAnalysisTransform: /root/.gradle/caches/modules-2/files-2.1/com.android.tools.utp/android-device-provider-ddmlib-proto/30.4.2/7e8d418bf45f4f9f8cc1708429aa996d34b938b2/android-device-provider-ddmlib-proto-30.4.2.jar because:
[        ]   Build cache is disabled
[        ]   Caching not enabled.
[        ] Caching disabled for ExternalDependencyInstrumentingArtifactTransform: /root/.gradle/caches/8.14/transforms/fc305929d3dae1f2ed81f5fe2c817b9f/transformed/merge/instrumentation-dependencies.bin because:
[        ]   Build cache is disabled
[        ]   Caching not enabled.
[        ] Caching disabled for MergeInstrumentationAnalysisTransform: /root/.gradle/caches/modules-2/files-2.1/com.android.tools.layoutlib/layoutlib-api/30.4.2/2ca558949f442088c4c997a9cf1b6c7fae8b270e/layoutlib-api-30.4.2.jar because:
[        ]   Build cache is disabled
[        ]   Caching not enabled.
[        ] Caching disabled for MergeInstrumentationAnalysisTransform: /root/.gradle/caches/8.14/transforms/c8f472cfdcd9fd21d67fa8b6b742afa2/transformed/analysis/instrumentation-dependencies.bin because:
[        ]   Build cache is disabled
[        ]   Caching not enabled.
[        ] Caching disabled for MergeInstrumentationAnalysisTransform: /root/.gradle/caches/8.14/transforms/6e48e5c6b7830019d7a7f3b0c15d4b05/transformed/analysis/instrumentation-dependencies.bin because:
[        ]   Build cache is disabled
[        ]   Caching not enabled.
[        ] Caching disabled for ExternalDependencyInstrumentingArtifactTransform: /root/.gradle/caches/modules-2/files-2.1/androidx.databinding/databinding-common/7.4.2/84ed411631d2c4113f4ad992669fe3f50a83f072/databinding-common-7.4.2.jar because:
[        ]   Build cache is disabled
[        ]   Caching not enabled.
[        ] Caching disabled for ExternalDependencyInstrumentingArtifactTransform: /root/.gradle/caches/8.14/transforms/b8c6a24d5566e63bf30c464da06bf5ec/transformed/merge/instrumentation-dependencies.bin because:
[        ]   Build cache is disabled
[        ]   Caching not enabled.
[        ] Caching disabled for MergeInstrumentationAnalysisTransform: /root/.gradle/caches/modules-2/files-2.1/com.android.tools.utp/android-test-plugin-host-additional-test-output-proto/30.4.2/3d36dd35dd38c03783614f8e47d39ef942adf757/android-test-plugin-host-additional-test-output-proto-30.4.2.jar because:
[        ]   Build cache is disabled
[        ]   Caching not enabled.
[        ] Caching disabled for ExternalDependencyInstrumentingArtifactTransform: /root/.gradle/caches/8.14/transforms/3cb1f8ae6a6a3f4b4b4e4a944ab582be/transformed/merge/instrumentation-dependencies.bin because:
[        ]   Build cache is disabled
[        ]   Caching not enabled.
[        ] Caching disabled for ExternalDependencyInstrumentingArtifactTransform: /root/.gradle/caches/modules-2/files-2.1/com.android.databinding/baseLibrary/7.4.2/816af75743910bbee1f2a4e0620683bc3ec6e453/baseLibrary-7.4.2.jar because:
[        ]   Build cache is disabled
[        ]   Caching not enabled.
[  +89 ms] Caching disabled for ExternalDependencyInstrumentingArtifactTransform: /root/.gradle/caches/8.14/transforms/884748bee3c8fabf361f3124f70d5ac2/transformed/merge/instrumentation-dependencies.bin because:
[        ]   Build cache is disabled
[        ]   Caching not enabled.
[   +1 ms] Caching disabled for ExternalDependencyInstrumentingArtifactTransform: /root/.gradle/caches/modules-2/files-2.1/com.android.tools.utp/android-device-provider-ddmlib-proto/30.4.2/7e8d418bf45f4f9f8cc1708429aa996d34b938b2/android-device-provider-ddmlib-proto-30.4.2.jar because:
[        ]   Build cache is disabled
[        ]   Caching not enabled.
[        ] Caching disabled for MergeInstrumentationAnalysisTransform: /root/.gradle/caches/modules-2/files-2.1/com.android.tools.utp/android-device-provider-gradle-proto/30.4.2/2bab341f7cfb927f41ed2fe379a32a1805a14bfd/android-device-provider-gradle-proto-30.4.2.jar because:
[        ]   Build cache is disabled
[        ]   Caching not enabled.
[        ] Caching disabled for MergeInstrumentationAnalysisTransform: /root/.gradle/caches/8.14/transforms/baf7f625a4df1271334b85b06db3d002/transformed/analysis/instrumentation-hierarchy.bin because:
[        ]   Build cache is disabled
[        ]   Caching not enabled.
[        ] Caching disabled for MergeInstrumentationAnalysisTransform: /root/.gradle/caches/8.14/transforms/8907c33bfbd00cf9a7d30827b83340ea/transformed/analysis/instrumentation-hierarchy.bin because:
[        ]   Build cache is disabled
[        ]   Caching not enabled.
[        ] Caching disabled for ExternalDependencyInstrumentingArtifactTransform: /root/.gradle/caches/modules-2/files-2.1/com.android.tools.build/aapt2-proto/7.4.2-8841542/d66fdd8f8469bad0933d3ab52e107177df6a3f2f/aapt2-proto-7.4.2-8841542.jar because:
[        ]   Build cache is disabled
[        ]   Caching not enabled.
[        ] Caching disabled for MergeInstrumentationAnalysisTransform: /root/.gradle/caches/8.14/transforms/baf7f625a4df1271334b85b06db3d002/transformed/analysis/instrumentation-dependencies.bin because:
[        ]   Build cache is disabled
[        ]   Caching not enabled.
[        ] Caching disabled for ExternalDependencyInstrumentingArtifactTransform: /root/.gradle/caches/8.14/transforms/591cff6bb1aa288457b5f57437c1feb3/transformed/merge/instrumentation-dependencies.bin because:
[        ]   Build cache is disabled
[        ]   Caching not enabled.
[        ] Caching disabled for MergeInstrumentationAnalysisTransform: /root/.gradle/caches/8.14/transforms/8907c33bfbd00cf9a7d30827b83340ea/transformed/analysis/instrumentation-dependencies.bin because:
[        ]   Build cache is disabled
[        ]   Caching not enabled.
[        ] Caching disabled for MergeInstrumentationAnalysisTransform: /root/.gradle/caches/8.14/transforms/12e01a1b64de33a854358e4fee1aa9a4/transformed/analysis/instrumentation-hierarchy.bin because:
[        ]   Build cache is disabled
[        ]   Caching not enabled.
[        ] Caching disabled for ExternalDependencyInstrumentingArtifactTransform: /root/.gradle/caches/modules-2/files-2.1/com.android.tools.utp/android-test-plugin-host-additional-test-output-proto/30.4.2/3d36dd35dd38c03783614f8e47d39ef942adf757/android-test-plugin-host-additional-test-output-proto-30.4.2.jar because:
[        ]   Build cache is disabled
[        ]   Caching not enabled.
[        ] Caching disabled for MergeInstrumentationAnalysisTransform: /root/.gradle/caches/8.14/transforms/e1a3e44e7232b9a38c01d6cedbf97d3d/transformed/analysis/instrumentation-hierarchy.bin because:
[        ]   Build cache is disabled
[        ]   Caching not enabled.
[        ] Caching disabled for MergeInstrumentationAnalysisTransform: /root/.gradle/caches/8.14/transforms/12e01a1b64de33a854358e4fee1aa9a4/transformed/analysis/instrumentation-dependencies.bin because:
[        ]   Build cache is disabled
[        ]   Caching not enabled.
[        ] Caching disabled for ExternalDependencyInstrumentingArtifactTransform: /root/.gradle/caches/modules-2/files-2.1/com.android.tools.layoutlib/layoutlib-api/30.4.2/2ca558949f442088c4c997a9cf1b6c7fae8b270e/layoutlib-api-30.4.2.jar because:
[        ]   Build cache is disabled
[        ]   Caching not enabled.
[        ] Caching disabled for MergeInstrumentationAnalysisTransform: /root/.gradle/caches/8.14/transforms/e7efa37924d0262693e57c6e22f78c64/transformed/analysis/instrumentation-hierarchy.bin because:
[        ]   Build cache is disabled
[        ]   Caching not enabled.
[        ] Caching disabled for MergeInstrumentationAnalysisTransform: /root/.gradle/caches/modules-2/files-2.1/com.android.tools.utp/android-test-plugin-host-coverage-proto/30.4.2/414b98ba9375a8c21f4c3a659a628601f2000c32/android-test-plugin-host-coverage-proto-30.4.2.jar because:
[        ]   Build cache is disabled
[        ]   Caching not enabled.
[        ] Caching disabled for MergeInstrumentationAnalysisTransform: /root/.gradle/caches/8.14/transforms/e7efa37924d0262693e57c6e22f78c64/transformed/analysis/instrumentation-dependencies.bin because:
[        ]   Build cache is disabled
[        ]   Caching not enabled.
[        ] Caching disabled for MergeInstrumentationAnalysisTransform: /root/.gradle/caches/8.14/transforms/e1a3e44e7232b9a38c01d6cedbf97d3d/transformed/analysis/instrumentation-dependencies.bin because:
[        ]   Build cache is disabled
[        ]   Caching not enabled.
[        ] Caching disabled for MergeInstrumentationAnalysisTransform: /root/.gradle/caches/8.14/transforms/2ce021aa602d1e423b279a7d30651397/transformed/analysis/instrumentation-hierarchy.bin because:
[        ]   Build cache is disabled
[        ]   Caching not enabled.
[        ] Caching disabled for MergeInstrumentationAnalysisTransform: /root/.gradle/caches/modules-2/files-2.1/com.android.tools.utp/android-test-plugin-host-retention-proto/30.4.2/712055bf1c7bea94ff84cf144cd36d73cee54800/android-test-plugin-host-retention-proto-30.4.2.jar because:
[        ]   Build cache is disabled
[   +1 ms]   Caching not enabled.
[        ] Caching disabled for MergeInstrumentationAnalysisTransform: /root/.gradle/caches/modules-2/files-2.1/com.android.tools.utp/android-test-plugin-result-listener-gradle-proto/30.4.2/aa3bc3b4e9a97960af10991183a4c71e5c06d23f/android-test-plugin-result-listener-gradle-proto-30.4.2.jar because:
[        ]   Build cache is disabled
[        ]   Caching not enabled.
[        ] Caching disabled for ExternalDependencyInstrumentingArtifactTransform: /root/.gradle/caches/modules-2/files-2.1/com.android.tools.utp/android-device-provider-gradle-proto/30.4.2/2bab341f7cfb927f41ed2fe379a32a1805a14bfd/android-device-provider-gradle-proto-30.4.2.jar because:
[        ]   Build cache is disabled
[        ]   Caching not enabled.
[        ] Caching disabled for ExternalDependencyInstrumentingArtifactTransform: /root/.gradle/caches/8.14/transforms/769c52ae43b6500afa13e7169aa6d23e/transformed/merge/instrumentation-dependencies.bin because:
[        ]   Build cache is disabled
[        ]   Caching not enabled.
[        ] Caching disabled for MergeInstrumentationAnalysisTransform: /root/.gradle/caches/8.14/transforms/2ce021aa602d1e423b279a7d30651397/transformed/analysis/instrumentation-dependencies.bin because:
[        ]   Build cache is disabled
[        ]   Caching not enabled.
[        ] Caching disabled for ExternalDependencyInstrumentingArtifactTransform: /root/.gradle/caches/8.14/transforms/d3a664de91f6dc658984fee799e36902/transformed/merge/instrumentation-dependencies.bin because:
[        ]   Build cache is disabled
[        ]   Caching not enabled.
[        ] Caching disabled for ExternalDependencyInstrumentingArtifactTransform: /root/.gradle/caches/8.14/transforms/b15846c20af030197d9a326d762d4202/transformed/merge/instrumentation-dependencies.bin because:
[        ]   Build cache is disabled
[        ]   Caching not enabled.
[        ] Caching disabled for MergeInstrumentationAnalysisTransform: /root/.gradle/caches/modules-2/files-2.1/com.android.tools/dvlib/30.4.2/ef8dfce1e50dc4b683cdb8ce9507cc87878ebcb5/dvlib-30.4.2.jar because:
[        ]   Build cache is disabled
[        ]   Caching not enabled.
[        ] Caching disabled for MergeInstrumentationAnalysisTransform: /root/.gradle/caches/8.14/transforms/3e45a9b56d4fc26c069539706ce66a16/transformed/analysis/instrumentation-hierarchy.bin because:
[        ]   Build cache is disabled
[        ]   Caching not enabled.
[        ] Caching disabled for MergeInstrumentationAnalysisTransform: /root/.gradle/caches/8.14/transforms/3e45a9b56d4fc26c069539706ce66a16/transformed/analysis/instrumentation-dependencies.bin because:
[        ]   Build cache is disabled
[        ]   Caching not enabled.
[        ] Caching disabled for MergeInstrumentationAnalysisTransform: /root/.gradle/caches/modules-2/files-2.1/com.android.tools.build/builder-model/7.4.2/80c54f681d4ddf8fe2ff1df80bb767983032b7b8/builder-model-7.4.2.jar because:
[        ]   Build cache is disabled
[        ]   Caching not enabled.
[        ] Caching disabled for ExternalDependencyInstrumentingArtifactTransform: /root/.gradle/caches/8.14/transforms/ccdbd7bc5377dc42f7a9557c61d75a09/transformed/merge/instrumentation-dependencies.bin because:
[        ]   Build cache is disabled
[        ]   Caching not enabled.
[        ] Caching disabled for MergeInstrumentationAnalysisTransform: /root/.gradle/caches/modules-2/files-2.1/com.android.tools/common/30.4.2/605a8083db5a6d178e3fc6810c4046c198a4f4b6/common-30.4.2.jar because:
[        ]   Build cache is disabled
[        ]   Caching not enabled.
[        ] Caching disabled for ExternalDependencyInstrumentingArtifactTransform: /root/.gradle/caches/8.14/transforms/397140fa76de68c4696efe02a359dbf6/transformed/merge/instrumentation-dependencies.bin because:
[        ]   Build cache is disabled
[        ]   Caching not enabled.
[        ] Caching disabled for ExternalDependencyInstrumentingArtifactTransform: /root/.gradle/caches/8.14/transforms/f922e7bfb15dc849f81b5250bfd8469c/transformed/merge/instrumentation-dependencies.bin because:
[        ]   Build cache is disabled
[        ]   Caching not enabled.
[        ] Caching disabled for ExternalDependencyInstrumentingArtifactTransform: /root/.gradle/caches/modules-2/files-2.1/com.android.tools.utp/android-test-plugin-host-coverage-proto/30.4.2/414b98ba9375a8c21f4c3a659a628601f2000c32/android-test-plugin-host-coverage-proto-30.4.2.jar because:
[        ]   Build cache is disabled
[        ]   Caching not enabled.
[        ] Caching disabled for ExternalDependencyInstrumentingArtifactTransform: /root/.gradle/caches/modules-2/files-2.1/com.android.tools.utp/android-test-plugin-host-retention-proto/30.4.2/712055bf1c7bea94ff84cf144cd36d73cee54800/android-test-plugin-host-retention-proto-30.4.2.jar because:
[        ]   Build cache is disabled
[        ]   Caching not enabled.
[        ] Caching disabled for MergeInstrumentationAnalysisTransform: /root/.gradle/caches/modules-2/files-2.1/org.jetbrains.kotlin/kotlin-stdlib-jdk8/1.7.10/d70d7d2c56371f7aa18f32e984e3e2e998fe9081/kotlin-stdlib-jdk8-1.7.10.jar because:
[        ]   Build cache is disabled
[        ]   Caching not enabled.
[        ] Caching disabled for ExternalDependencyInstrumentingArtifactTransform: /root/.gradle/caches/modules-2/files-2.1/com.android.tools/dvlib/30.4.2/ef8dfce1e50dc4b683cdb8ce9507cc87878ebcb5/dvlib-30.4.2.jar because:
[        ]   Build cache is disabled
[        ]   Caching not enabled.
[        ] Caching disabled for ExternalDependencyInstrumentingArtifactTransform: /root/.gradle/caches/8.14/transforms/331180b8fedb6d999262720c5f5e72f5/transformed/merge/instrumentation-dependencies.bin because:
[        ]   Build cache is disabled
[        ]   Caching not enabled.
[        ] Caching disabled for MergeInstrumentationAnalysisTransform: /root/.gradle/caches/8.14/transforms/6128a36d6c5d81f189d6adbffa731ac0/transformed/analysis/instrumentation-hierarchy.bin because:
[        ]   Build cache is disabled
[        ]   Caching not enabled.
[        ] Caching disabled for MergeInstrumentationAnalysisTransform: /root/.gradle/caches/8.14/transforms/8371811cf358d3aa8e15dfc29a0fb8e7/transformed/analysis/instrumentation-hierarchy.bin because:
[        ]   Build cache is disabled
[        ]   Caching not enabled.
[        ] Caching disabled for MergeInstrumentationAnalysisTransform: /root/.gradle/caches/8.14/transforms/e9244e186eb1c3470adaa77098f26554/transformed/analysis/instrumentation-hierarchy.bin because:
[        ]   Build cache is disabled
[        ]   Caching not enabled.
[        ] Caching disabled for ExternalDependencyInstrumentingArtifactTransform: /root/.gradle/caches/modules-2/files-2.1/com.android.tools.utp/android-test-plugin-result-listener-gradle-proto/30.4.2/aa3bc3b4e9a97960af10991183a4c71e5c06d23f/android-test-plugin-result-listener-gradle-proto-30.4.2.jar because:
[        ]   Build cache is disabled
[        ]   Caching not enabled.
[        ] Caching disabled for MergeInstrumentationAnalysisTransform: /root/.gradle/caches/8.14/transforms/6128a36d6c5d81f189d6adbffa731ac0/transformed/analysis/instrumentation-dependencies.bin because:
[        ]   Build cache is disabled
[        ]   Caching not enabled.
[        ] Caching disabled for MergeInstrumentationAnalysisTransform: /root/.gradle/caches/8.14/transforms/8371811cf358d3aa8e15dfc29a0fb8e7/transformed/analysis/instrumentation-dependencies.bin because:
[        ]   Build cache is disabled
[        ]   Caching not enabled.
[        ] Caching disabled for ExternalDependencyInstrumentingArtifactTransform: /root/.gradle/caches/modules-2/files-2.1/com.android.tools.build/builder-model/7.4.2/80c54f681d4ddf8fe2ff1df80bb767983032b7b8/builder-model-7.4.2.jar because:
[        ]   Build cache is disabled
[        ]   Caching not enabled.
[        ] Caching disabled for MergeInstrumentationAnalysisTransform: /root/.gradle/caches/8.14/transforms/e9244e186eb1c3470adaa77098f26554/transformed/analysis/instrumentation-dependencies.bin because:
[        ]   Build cache is disabled
[        ]   Caching not enabled.
[        ] Caching disabled for MergeInstrumentationAnalysisTransform: /root/.gradle/caches/8.14/transforms/8fc5c3035a16d1db96c9d750b4008169/transformed/analysis/instrumentation-hierarchy.bin because:
[        ]   Build cache is disabled
[        ]   Caching not enabled.
[        ] Caching disabled for MergeInstrumentationAnalysisTransform: /root/.gradle/caches/modules-2/files-2.1/org.apache.httpcomponents/httpmime/4.5.6/164343da11db817e81e24e0d9869527e069850c9/httpmime-4.5.6.jar because:
[        ]   Build cache is disabled
[        ]   Caching not enabled.
[        ] Caching disabled for MergeInstrumentationAnalysisTransform: /root/.gradle/caches/modules-2/files-2.1/com.android.tools.build/transform-api/2.0.0-deprecated-use-gradle-api/47f6c56527c42425742fa9b56ffd3fd80763fe03/transform-api-2.0.0-deprecated-use-gradle-api.jar because:
[        ]   Build cache is disabled
[        ]   Caching not enabled.
[        ] Caching disabled for MergeInstrumentationAnalysisTransform: /root/.gradle/caches/8.14/transforms/8fc5c3035a16d1db96c9d750b4008169/transformed/analysis/instrumentation-dependencies.bin because:
[        ]   Build cache is disabled
[        ]   Caching not enabled.
[        ] Caching disabled for MergeInstrumentationAnalysisTransform: /root/.gradle/caches/modules-2/files-2.1/commons-io/commons-io/2.4/b1b6ea3b7e4aa4f492509a4952029cd8e48019ad/commons-io-2.4.jar because:
[        ]   Build cache is disabled
[        ]   Caching not enabled.
[        ] Caching disabled for MergeInstrumentationAnalysisTransform: /root/.gradle/caches/8.14/transforms/d99272768b62a8e687bad3a4811c79bb/transformed/analysis/instrumentation-hierarchy.bin because:
[        ]   Build cache is disabled
[        ]   Caching not enabled.
[        ] Caching disabled for ExternalDependencyInstrumentingArtifactTransform: /root/.gradle/caches/modules-2/files-2.1/org.jetbrains.kotlin/kotlin-stdlib-jdk8/1.7.10/d70d7d2c56371f7aa18f32e984e3e2e998fe9081/kotlin-stdlib-jdk8-1.7.10.jar because:
[        ]   Build cache is disabled
[        ]   Caching not enabled.
[        ] Caching disabled for MergeInstrumentationAnalysisTransform: /root/.gradle/caches/8.14/transforms/8c9a8453f682249b13829a5d5b0fcacd/transformed/analysis/instrumentation-hierarchy.bin because:
[        ]   Build cache is disabled
[        ]   Caching not enabled.
[        ] Caching disabled for MergeInstrumentationAnalysisTransform: /root/.gradle/caches/8.14/transforms/4be6fb07844ee31250d5fca969f49517/transformed/analysis/instrumentation-hierarchy.bin because:
[        ]   Build cache is disabled
[        ]   Caching not enabled.
[        ] Caching disabled for ExternalDependencyInstrumentingArtifactTransform: /root/.gradle/caches/modules-2/files-2.1/com.android.tools/sdk-common/30.4.2/161759948f92f7b7fe44e6e01049db349451d34c/sdk-common-30.4.2.jar because:
[        ]   Build cache is disabled
[        ]   Caching not enabled.
[        ] Caching disabled for MergeInstrumentationAnalysisTransform: /root/.gradle/caches/8.14/transforms/f6553c2af7a5b0e2bc81648d843da3f1/transformed/analysis/instrumentation-hierarchy.bin because:
[        ]   Build cache is disabled
[        ]   Caching not enabled.
[        ] Caching disabled for MergeInstrumentationAnalysisTransform: /root/.gradle/caches/8.14/transforms/d99272768b62a8e687bad3a4811c79bb/transformed/analysis/instrumentation-dependencies.bin because:
[        ]   Build cache is disabled
[        ]   Caching not enabled.
[        ] Caching disabled for MergeInstrumentationAnalysisTransform: /root/.gradle/caches/modules-2/files-2.1/com.android.tools.build.jetifier/jetifier-processor/1.0.0-beta10/946c39eb0c052ff4f60a8939648a8b99af20d604/jetifier-processor-1.0.0-beta10.jar because:
[        ]   Build cache is disabled
[        ]   Caching not enabled.
[        ] Caching disabled for MergeInstrumentationAnalysisTransform: /root/.gradle/caches/8.14/transforms/4be6fb07844ee31250d5fca969f49517/transformed/analysis/instrumentation-dependencies.bin because:
[        ]   Build cache is disabled
[        ]   Caching not enabled.
[        ] Caching disabled for MergeInstrumentationAnalysisTransform: /root/.gradle/caches/8.14/transforms/8c9a8453f682249b13829a5d5b0fcacd/transformed/analysis/instrumentation-dependencies.bin because:
[        ]   Build cache is disabled
[        ]   Caching not enabled.
[        ] Caching disabled for MergeInstrumentationAnalysisTransform: /root/.gradle/caches/8.14/transforms/31d7bd5d34902e124aa212ddd6dcf1ad/transformed/analysis/instrumentation-hierarchy.bin because:
[        ]   Build cache is disabled
[        ]   Caching not enabled.
[        ] Caching disabled for MergeInstrumentationAnalysisTransform: /root/.gradle/caches/8.14/transforms/f6553c2af7a5b0e2bc81648d843da3f1/transformed/analysis/instrumentation-dependencies.bin because:
[        ]   Build cache is disabled
[        ]   Caching not enabled.
[        ] Caching disabled for MergeInstrumentationAnalysisTransform: /root/.gradle/caches/modules-2/files-2.1/org.ow2.asm/asm-commons/9.2/f4d7f0fc9054386f2893b602454d48e07d4fbead/asm-commons-9.2.jar because:
[        ]   Build cache is disabled
[        ]   Caching not enabled.
[        ] Caching disabled for ExternalDependencyInstrumentingArtifactTransform: /root/.gradle/caches/modules-2/files-2.1/androidx.databinding/databinding-compiler-common/7.4.2/a4261dd0ef1ef53b45a2be27e059b1b6b7dd87e1/databinding-compiler-common-7.4.2.jar because:
[        ]   Build cache is disabled
[        ]   Caching not enabled.
[        ] Caching disabled for MergeInstrumentationAnalysisTransform: /root/.gradle/caches/8.14/transforms/aefa1cef986932ae3e12e922552e8f69/transformed/analysis/instrumentation-hierarchy.bin because:
[        ]   Build cache is disabled
[        ]   Caching not enabled.
[        ] Caching disabled for MergeInstrumentationAnalysisTransform: /root/.gradle/caches/8.14/transforms/ce27de443ede6cb0306cc401054a4709/transformed/analysis/instrumentation-hierarchy.bin because:
[        ]   Build cache is disabled
[        ]   Caching not enabled.
[        ] Caching disabled for MergeInstrumentationAnalysisTransform: /root/.gradle/caches/8.14/transforms/31d7bd5d34902e124aa212ddd6dcf1ad/transformed/analysis/instrumentation-dependencies.bin because:
[        ]   Build cache is disabled
[        ]   Caching not enabled.
[        ] Caching disabled for MergeInstrumentationAnalysisTransform: /root/.gradle/caches/modules-2/files-2.1/org.ow2.asm/asm-analysis/9.2/7487dd756daf96cab9986e44b9d7bcb796a61c10/asm-analysis-9.2.jar because:
[        ]   Build cache is disabled
[        ]   Caching not enabled.
[        ] Caching disabled for MergeInstrumentationAnalysisTransform: /root/.gradle/caches/modules-2/files-2.1/org.ow2.asm/asm-util/9.2/fbc178fc5ba3dab50fd7e8a5317b8b647c8e8946/asm-util-9.2.jar because:
[        ]   Build cache is disabled
[        ]   Caching not enabled.
[        ] Caching disabled for MergeInstrumentationAnalysisTransform: /root/.gradle/caches/modules-2/files-2.1/org.ow2.asm/asm-tree/9.2/d96c99a30f5e1a19b0e609dbb19a44d8518ac01e/asm-tree-9.2.jar because:
[        ]   Build cache is disabled
[        ]   Caching not enabled.
[        ] Caching disabled for ExternalDependencyInstrumentingArtifactTransform: /root/.gradle/caches/8.14/transforms/5dc4f2784006214d0b675f5bc9d4ac7e/transformed/merge/instrumentation-dependencies.bin because:
[        ]   Build cache is disabled
[        ]   Caching not enabled.
[        ] Caching disabled for MergeInstrumentationAnalysisTransform: /root/.gradle/caches/8.14/transforms/aefa1cef986932ae3e12e922552e8f69/transformed/analysis/instrumentation-dependencies.bin because:
[        ]   Build cache is disabled
[        ]   Caching not enabled.
[        ] Caching disabled for MergeInstrumentationAnalysisTransform: /root/.gradle/caches/8.14/transforms/ce27de443ede6cb0306cc401054a4709/transformed/analysis/instrumentation-dependencies.bin because:
[        ]   Build cache is disabled
[        ]   Caching not enabled.
[        ] Caching disabled for ExternalDependencyInstrumentingArtifactTransform: /root/.gradle/caches/8.14/transforms/f25e9b68833394827dd3703c9e686318/transformed/merge/instrumentation-dependencies.bin because:
[        ]   Build cache is disabled
[        ]   Caching not enabled.
[        ] Caching disabled for MergeInstrumentationAnalysisTransform: /root/.gradle/caches/8.14/transforms/7d0b495da3e94b9513f7899aa4fc052a/transformed/analysis/instrumentation-hierarchy.bin because:
[        ]   Build cache is disabled
[        ]   Caching not enabled.
[        ] Caching disabled for MergeInstrumentationAnalysisTransform: /root/.gradle/caches/modules-2/files-2.1/org.ow2.asm/asm/9.2/81a03f76019c67362299c40e0ba13405f5467bff/asm-9.2.jar because:
[        ]   Build cache is disabled
[        ]   Caching not enabled.
[        ] Caching disabled for ExternalDependencyInstrumentingArtifactTransform: /root/.gradle/caches/8.14/transforms/f77b2c6e026f669cff34d6a94ff7d12d/transformed/merge/instrumentation-dependencies.bin because:
[        ]   Build cache is disabled
[        ]   Caching not enabled.
[        ] Caching disabled for MergeInstrumentationAnalysisTransform: /root/.gradle/caches/8.14/transforms/7d0b495da3e94b9513f7899aa4fc052a/transformed/analysis/instrumentation-dependencies.bin because:
[        ]   Build cache is disabled
[        ]   Caching not enabled.
[        ] Caching disabled for ExternalDependencyInstrumentingArtifactTransform: /root/.gradle/caches/8.14/transforms/7ab2bb0dc95a612f9f02529381362e9b/transformed/merge/instrumentation-dependencies.bin because:
[        ]   Build cache is disabled
[        ]   Caching not enabled.
[        ] Caching disabled for ExternalDependencyInstrumentingArtifactTransform: /root/.gradle/caches/8.14/transforms/02854a674c4240c1dbb1976b13903f40/transformed/merge/instrumentation-dependencies.bin because:
[        ]   Build cache is disabled
[        ]   Caching not enabled.
[        ] Caching disabled for MergeInstrumentationAnalysisTransform: /root/.gradle/caches/modules-2/files-2.1/com.android.tools.build/apkzlib/7.4.2/ad7136410ad4c88b1d1dea24ddeb5f9379e157e5/apkzlib-7.4.2.jar because:
[        ]   Build cache is disabled
[        ]   Caching not enabled.
[        ] Caching disabled for ExternalDependencyInstrumentingArtifactTransform: /root/.gradle/caches/modules-2/files-2.1/org.ow2.asm/asm-commons/9.2/f4d7f0fc9054386f2893b602454d48e07d4fbead/asm-commons-9.2.jar because:
[        ]   Build cache is disabled
[        ]   Caching not enabled.
[        ] Caching disabled for MergeInstrumentationAnalysisTransform: /root/.gradle/caches/modules-2/files-2.1/org.glassfish.jaxb/jaxb-runtime/2.3.2/5528bc882ea499a09d720b42af11785c4fc6be2a/jaxb-runtime-2.3.2.jar because:
[        ]   Build cache is disabled
[        ]   Caching not enabled.
[        ] Caching disabled for MergeInstrumentationAnalysisTransform: /root/.gradle/caches/modules-2/files-2.1/org.bouncycastle/bcpkix-jdk15on/1.67/5f48020a2a60a8d6bcbecceca23529d225b28efb/bcpkix-jdk15on-1.67.jar because:
[        ]   Build cache is disabled
[        ]   Caching not enabled.
[        ] Caching disabled for ExternalDependencyInstrumentingArtifactTransform: /root/.gradle/caches/modules-2/files-2.1/org.ow2.asm/asm-analysis/9.2/7487dd756daf96cab9986e44b9d7bcb796a61c10/asm-analysis-9.2.jar because:
[        ]   Build cache is disabled
[        ]   Caching not enabled.
[        ] Caching disabled for ExternalDependencyInstrumentingArtifactTransform: /root/.gradle/caches/modules-2/files-2.1/org.ow2.asm/asm-tree/9.2/d96c99a30f5e1a19b0e609dbb19a44d8518ac01e/asm-tree-9.2.jar because:
[        ]   Build cache is disabled
[        ]   Caching not enabled.
[        ] Caching disabled for ExternalDependencyInstrumentingArtifactTransform: /root/.gradle/caches/8.14/transforms/0d8edeb2dc56aefc36c192003df34423/transformed/merge/instrumentation-dependencies.bin because:
[        ]   Build cache is disabled
[        ]   Caching not enabled.
[        ] Caching disabled for MergeInstrumentationAnalysisTransform: /root/.gradle/caches/8.14/transforms/38718154af92971d236fd5af51511df9/transformed/analysis/instrumentation-hierarchy.bin because:
[        ]   Build cache is disabled
[        ]   Caching not enabled.
[        ] Caching disabled for MergeInstrumentationAnalysisTransform: /root/.gradle/caches/8.14/transforms/214e8f2365bd43e4a8ccb1573a478784/transformed/analysis/instrumentation-hierarchy.bin because:
[        ]   Build cache is disabled
[        ]   Caching not enabled.
[        ] Caching disabled for MergeInstrumentationAnalysisTransform: /root/.gradle/caches/8.14/transforms/45f515a74421b5d14c88fcb72eeba950/transformed/analysis/instrumentation-hierarchy.bin because:
[        ]   Build cache is disabled
[        ]   Caching not enabled.
[        ] Caching disabled for MergeInstrumentationAnalysisTransform: /root/.gradle/caches/8.14/transforms/6a4012001dfc1059b2cb165a11926f16/transformed/analysis/instrumentation-hierarchy.bin because:
[        ]   Build cache is disabled
[        ]   Caching not enabled.
[        ] Caching disabled for MergeInstrumentationAnalysisTransform: /root/.gradle/caches/8.14/transforms/38718154af92971d236fd5af51511df9/transformed/analysis/instrumentation-dependencies.bin because:
[        ]   Build cache is disabled
[        ]   Caching not enabled.
[        ] Caching disabled for MergeInstrumentationAnalysisTransform: /root/.gradle/caches/8.14/transforms/678dd80b98229bef2b37b7b34a1e0b93/transformed/analysis/instrumentation-hierarchy.bin because:
[        ]   Build cache is disabled
[        ]   Caching not enabled.
[        ] Caching disabled for ExternalDependencyInstrumentingArtifactTransform: /root/.gradle/caches/modules-2/files-2.1/com.android.tools/common/30.4.2/605a8083db5a6d178e3fc6810c4046c198a4f4b6/common-30.4.2.jar because:
[        ]   Build cache is disabled
[        ]   Caching not enabled.
[        ] Caching disabled for ExternalDependencyInstrumentingArtifactTransform: /root/.gradle/caches/modules-2/files-2.1/org.ow2.asm/asm-util/9.2/fbc178fc5ba3dab50fd7e8a5317b8b647c8e8946/asm-util-9.2.jar because:
[        ]   Build cache is disabled
[        ]   Caching not enabled.
[        ] Caching disabled for MergeInstrumentationAnalysisTransform: /root/.gradle/caches/8.14/transforms/45f515a74421b5d14c88fcb72eeba950/transformed/analysis/instrumentation-dependencies.bin because:
[        ]   Build cache is disabled
[        ]   Caching not enabled.
[        ] Caching disabled for MergeInstrumentationAnalysisTransform: /root/.gradle/caches/8.14/transforms/214e8f2365bd43e4a8ccb1573a478784/transformed/analysis/instrumentation-dependencies.bin because:
[        ]   Build cache is disabled
[        ]   Caching not enabled.
[        ] Caching disabled for MergeInstrumentationAnalysisTransform: /root/.gradle/caches/8.14/transforms/6a4012001dfc1059b2cb165a11926f16/transformed/analysis/instrumentation-dependencies.bin because:
[        ]   Build cache is disabled
[        ]   Caching not enabled.
[        ] Caching disabled for MergeInstrumentationAnalysisTransform: /root/.gradle/caches/modules-2/files-2.1/net.sf.jopt-simple/jopt-simple/4.9/ee9e9eaa0a35360dcfeac129ff4923215fd65904/jopt-simple-4.9.jar because:
[        ]   Build cache is disabled
[        ]   Caching not enabled.
[        ] Caching disabled for MergeInstrumentationAnalysisTransform: /root/.gradle/caches/8.14/transforms/ba19182bbadb15511df0cad1a3f6baed/transformed/analysis/instrumentation-hierarchy.bin because:
[        ]   Build cache is disabled
[        ]   Caching not enabled.
[        ] Caching disabled for MergeInstrumentationAnalysisTransform: /root/.gradle/caches/modules-2/files-2.1/com.google.protobuf/protobuf-java-util/3.17.2/88801cfefba20827bf5cd9f2cc4866bd8c766242/protobuf-java-util-3.17.2.jar because:
[        ]   Build cache is disabled
[        ]   Caching not enabled.
[        ] Caching disabled for MergeInstrumentationAnalysisTransform: /root/.gradle/caches/8.14/transforms/045594ad5a2cf206ed1c60216a8eea44/transformed/analysis/instrumentation-hierarchy.bin because:
[        ]   Build cache is disabled
[        ]   Caching not enabled.
[        ] Caching disabled for MergeInstrumentationAnalysisTransform: /root/.gradle/caches/modules-2/files-2.1/com.android.tools.build.jetifier/jetifier-core/1.0.0-beta10/6e621022a9c95af12a7004d6b55805bbd1126837/jetifier-core-1.0.0-beta10.jar because:
[        ]   Build cache is disabled
[        ]   Caching not enabled.
[        ] Caching disabled for MergeInstrumentationAnalysisTransform: /root/.gradle/caches/modules-2/files-2.1/com.squareup/javapoet/1.10.0/712c178d35185d8261295913c9f2a7d6867a6007/javapoet-1.10.0.jar because:
[        ]   Build cache is disabled
[        ]   Caching not enabled.
[        ] Caching disabled for MergeInstrumentationAnalysisTransform: /root/.gradle/caches/8.14/transforms/1a0570b6c6284e12cafde82e22a240d2/transformed/analysis/instrumentation-hierarchy.bin because:
[        ]   Build cache is disabled
[        ]   Caching not enabled.
[        ] Caching disabled for MergeInstrumentationAnalysisTransform: /root/.gradle/caches/8.14/transforms/232bd56acdbcb0ba6496ef5e2e69323b/transformed/analysis/instrumentation-hierarchy.bin because:
[        ]   Build cache is disabled
[        ]   Caching not enabled.
[        ] Caching disabled for MergeInstrumentationAnalysisTransform: /root/.gradle/caches/8.14/transforms/792cb9c7b77094b2979a89e0f6813390/transformed/analysis/instrumentation-hierarchy.bin because:
[        ]   Build cache is disabled
[        ]   Caching not enabled.
[        ] Caching disabled for MergeInstrumentationAnalysisTransform: /root/.gradle/caches/8.14/transforms/045594ad5a2cf206ed1c60216a8eea44/transformed/analysis/instrumentation-dependencies.bin because:
[        ]   Build cache is disabled
[        ]   Caching not enabled.
[        ] Caching disabled for MergeInstrumentationAnalysisTransform: /root/.gradle/caches/8.14/transforms/792cb9c7b77094b2979a89e0f6813390/transformed/analysis/instrumentation-dependencies.bin because:
[        ]   Build cache is disabled
[        ]   Caching not enabled.
[        ] Caching disabled for MergeInstrumentationAnalysisTransform: /root/.gradle/caches/8.14/transforms/232bd56acdbcb0ba6496ef5e2e69323b/transformed/analysis/instrumentation-dependencies.bin because:
[        ]   Build cache is disabled
[        ]   Caching not enabled.
[        ] Caching disabled for MergeInstrumentationAnalysisTransform: /root/.gradle/caches/8.14/transforms/1a0570b6c6284e12cafde82e22a240d2/transformed/analysis/instrumentation-dependencies.bin because:
[        ]   Build cache is disabled
[        ]   Caching not enabled.
[        ] Caching disabled for MergeInstrumentationAnalysisTransform: /root/.gradle/caches/modules-2/files-2.1/com.google.api.grpc/proto-google-common-protos/2.0.1/20827628ea2b9f69ae22987b2aedb0050e9c470d/proto-google-common-protos-2.0.1.jar because:
[        ]   Build cache is disabled
[        ]   Caching not enabled.
[        ] Caching disabled for MergeInstrumentationAnalysisTransform: /root/.gradle/caches/modules-2/files-2.1/io.grpc/grpc-netty/1.39.0/d161bd637e2174cd6a73178117ff1774604fd2e0/grpc-netty-1.39.0.jar because:
[        ]   Build cache is disabled
[        ]   Caching not enabled.
[        ] Caching disabled for MergeInstrumentationAnalysisTransform: /root/.gradle/caches/8.14/transforms/678dd80b98229bef2b37b7b34a1e0b93/transformed/analysis/instrumentation-dependencies.bin because:
[        ]   Build cache is disabled
[        ]   Caching not enabled.
[        ] Caching disabled for MergeInstrumentationAnalysisTransform: /root/.gradle/caches/modules-2/files-2.1/com.google.protobuf/protobuf-java/3.17.2/d7eec2ad499b605f24d07f49bdcb41c801aafbfc/protobuf-java-3.17.2.jar because:
[        ]   Build cache is disabled
[        ]   Caching not enabled.
[        ] Caching disabled for ExternalDependencyInstrumentingArtifactTransform: /root/.gradle/caches/modules-2/files-2.1/com.android.tools.build/apkzlib/7.4.2/ad7136410ad4c88b1d1dea24ddeb5f9379e157e5/apkzlib-7.4.2.jar because:
[        ]   Build cache is disabled
[        ]   Caching not enabled.
[        ] Caching disabled for MergeInstrumentationAnalysisTransform: /root/.gradle/caches/8.14/transforms/6a69763eb6934c46c961dce51c8153a5/transformed/analysis/instrumentation-hierarchy.bin because:
[        ]   Build cache is disabled
[        ]   Caching not enabled.
[  +70 ms] Caching disabled for MergeInstrumentationAnalysisTransform: /root/.gradle/caches/8.14/transforms/1e65a939a84c50dc5637f10e635ac0e8/transformed/analysis/instrumentation-hierarchy.bin because:
[        ]   Build cache is disabled
[        ]   Caching not enabled.
[        ] Caching disabled for MergeInstrumentationAnalysisTransform: /root/.gradle/caches/modules-2/files-2.1/io.grpc/grpc-protobuf/1.39.0/b7789ed9dd819a4fb9f5e3cf44d02f16fa49031e/grpc-protobuf-1.39.0.jar because:
[        ]   Build cache is disabled
[        ]   Caching not enabled.
[        ] Caching disabled for MergeInstrumentationAnalysisTransform: /root/.gradle/caches/8.14/transforms/0d819fe9f9c42c40b2150d68a0e03321/transformed/analysis/instrumentation-hierarchy.bin because:
[        ]   Build cache is disabled
[        ]   Caching not enabled.
[        ] Caching disabled for MergeInstrumentationAnalysisTransform: /root/.gradle/caches/8.14/transforms/86b461e745d6e10a87d288e0396f7dab/transformed/analysis/instrumentation-hierarchy.bin because:
[        ]   Build cache is disabled
[        ]   Caching not enabled.
[        ] Caching disabled for MergeInstrumentationAnalysisTransform: /root/.gradle/caches/8.14/transforms/6a69763eb6934c46c961dce51c8153a5/transformed/analysis/instrumentation-dependencies.bin because:
[        ]   Build cache is disabled
[        ]   Caching not enabled.
[        ] Caching disabled for MergeInstrumentationAnalysisTransform: /root/.gradle/caches/8.14/transforms/1e65a939a84c50dc5637f10e635ac0e8/transformed/analysis/instrumentation-dependencies.bin because:
[        ]   Build cache is disabled
[        ]   Caching not enabled.
[        ] Caching disabled for MergeInstrumentationAnalysisTransform: /root/.gradle/caches/8.14/transforms/86b461e745d6e10a87d288e0396f7dab/transformed/analysis/instrumentation-dependencies.bin because:
[        ]   Build cache is disabled
[        ]   Caching not enabled.
[        ] Caching disabled for MergeInstrumentationAnalysisTransform: /root/.gradle/caches/8.14/transforms/0d819fe9f9c42c40b2150d68a0e03321/transformed/analysis/instrumentation-dependencies.bin because:
[        ]   Build cache is disabled
[        ]   Caching not enabled.
[        ] Caching disabled for MergeInstrumentationAnalysisTransform: /root/.gradle/caches/8.14/transforms/29652b12d54e1ca59c7fe2266799493b/transformed/analysis/instrumentation-hierarchy.bin because:
[        ]   Build cache is disabled
[        ]   Caching not enabled.
[        ] Caching disabled for MergeInstrumentationAnalysisTransform: /root/.gradle/caches/8.14/transforms/29652b12d54e1ca59c7fe2266799493b/transformed/analysis/instrumentation-dependencies.bin because:
[        ]   Build cache is disabled
[        ]   Caching not enabled.
[        ] Caching disabled for MergeInstrumentationAnalysisTransform: /root/.gradle/caches/modules-2/files-2.1/com.google.code.gson/gson/2.8.9/8a432c1d6825781e21a02db2e2c33c5fde2833b9/gson-2.8.9.jar because:
[        ]   Build cache is disabled
[        ]   Caching not enabled.
[        ] Caching disabled for MergeInstrumentationAnalysisTransform: /root/.gradle/caches/modules-2/files-2.1/io.grpc/grpc-core/1.39.0/df5bbb97602a059eee86e22e09f6524901a62cfa/grpc-core-1.39.0.jar because:
[        ]   Build cache is disabled
[        ]   Caching not enabled.
[        ] Caching disabled for MergeInstrumentationAnalysisTransform: /root/.gradle/caches/modules-2/files-2.1/com.google.testing.platform/core-proto/0.0.8-alpha08/72ca52065789993f2f029b34d797813c467d5d74/core-proto-0.0.8-alpha08.jar because:
[        ]   Build cache is disabled
[        ]   Caching not enabled.
[        ] Caching disabled for MergeInstrumentationAnalysisTransform: /root/.gradle/caches/modules-2/files-2.1/io.grpc/grpc-stub/1.39.0/598232e1142fb0d09067e1fd1fc524580ee9425/grpc-stub-1.39.0.jar because:
[        ]   Build cache is disabled
[        ]   Caching not enabled.
[        ] Caching disabled for MergeInstrumentationAnalysisTransform: /root/.gradle/caches/8.14/transforms/e1af31b6f6841aeef4f866f19498c6b7/transformed/analysis/instrumentation-hierarchy.bin because:
[        ]   Build cache is disabled
[        ]   Caching not enabled.
[        ] Caching disabled for MergeInstrumentationAnalysisTransform: /root/.gradle/caches/modules-2/files-2.1/org.tensorflow/tensorflow-lite-metadata/0.1.0-rc2/7aa9b3e16d85c2aae5eff741265315a37c9f731a/tensorflow-lite-metadata-0.1.0-rc2.jar because:
[        ]   Build cache is disabled
[        ]   Caching not enabled.
[        ] Caching disabled for MergeInstrumentationAnalysisTransform: /root/.gradle/caches/modules-2/files-2.1/com.android.tools.analytics-library/protos/30.4.2/ffa08a769e27c0b4f0f9bc3151daef0f8d280a2e/protos-30.4.2.jar because:
[        ]   Build cache is disabled
[        ]   Caching not enabled.
[        ] Caching disabled for MergeInstrumentationAnalysisTransform: /root/.gradle/caches/8.14/transforms/3ae60b3840f76fbc495a453c70c97bf0/transformed/analysis/instrumentation-hierarchy.bin because:
[        ]   Build cache is disabled
[        ]   Caching not enabled.
[        ] Caching disabled for ExternalDependencyInstrumentingArtifactTransform: /root/.gradle/caches/8.14/transforms/47287a1addd20d86aab48a910bdf51e3/transformed/merge/instrumentation-dependencies.bin because:
[        ]   Build cache is disabled
[        ]   Caching not enabled.
[        ] Caching disabled for MergeInstrumentationAnalysisTransform: /root/.gradle/caches/8.14/transforms/255a4cfc248e58087c0938fa64d29bba/transformed/analysis/instrumentation-hierarchy.bin because:
[        ]   Build cache is disabled
[        ]   Caching not enabled.
[        ] Caching disabled for MergeInstrumentationAnalysisTransform: /root/.gradle/caches/8.14/transforms/3ae60b3840f76fbc495a453c70c97bf0/transformed/analysis/instrumentation-dependencies.bin because:
[        ]   Build cache is disabled
[        ]   Caching not enabled.
[        ] Caching disabled for ExternalDependencyInstrumentingArtifactTransform: /root/.gradle/caches/8.14/transforms/30adc24a9f8bc1d92846146e5adf5bd7/transformed/merge/instrumentation-dependencies.bin because:
[        ]   Build cache is disabled
[        ]   Caching not enabled.
[        ] Caching disabled for MergeInstrumentationAnalysisTransform: /root/.gradle/caches/8.14/transforms/e1af31b6f6841aeef4f866f19498c6b7/transformed/analysis/instrumentation-dependencies.bin because:
[        ]   Build cache is disabled
[        ]   Caching not enabled.
[        ] Caching disabled for MergeInstrumentationAnalysisTransform: /root/.gradle/caches/8.14/transforms/8332094714e67c31039f61f97ef178c5/transformed/analysis/instrumentation-hierarchy.bin because:
[        ]   Build cache is disabled
[        ]   Caching not enabled.
[        ] Caching disabled for MergeInstrumentationAnalysisTransform: /root/.gradle/caches/8.14/transforms/255a4cfc248e58087c0938fa64d29bba/transformed/analysis/instrumentation-dependencies.bin because:
[        ]   Build cache is disabled
[        ]   Caching not enabled.
[        ] Caching disabled for MergeInstrumentationAnalysisTransform: /root/.gradle/caches/8.14/transforms/8332094714e67c31039f61f97ef178c5/transformed/analysis/instrumentation-dependencies.bin because:
[        ]   Build cache is disabled
[        ]   Caching not enabled.
[        ] Caching disabled for MergeInstrumentationAnalysisTransform: /root/.gradle/caches/modules-2/files-2.1/com.google.jimfs/jimfs/1.1/8fbd0579dc68aba6186935cc1bee21d2f3e7ec1c/jimfs-1.1.jar because:
[        ]   Build cache is disabled
[        ]   Caching not enabled.
[        ] Caching disabled for MergeInstrumentationAnalysisTransform: /root/.gradle/caches/modules-2/files-2.1/com.google.flatbuffers/flatbuffers-java/1.12.0/8201cc7b511177a37071249e891f2f2fea4b32e9/flatbuffers-java-1.12.0.jar because:
[        ]   Build cache is disabled
[        ]   Caching not enabled.
[        ] Caching disabled for MergeInstrumentationAnalysisTransform: /root/.gradle/caches/modules-2/files-2.1/io.grpc/grpc-protobuf-lite/1.39.0/64ccdfc8a5a7c545247381f0ac42a5b8fc936e56/grpc-protobuf-lite-1.39.0.jar because:
[        ]   Build cache is disabled
[        ]   Caching not enabled.
[        ] Caching disabled for MergeInstrumentationAnalysisTransform: /root/.gradle/caches/8.14/transforms/d5fd20e75605ecea7e6c5461c41660f7/transformed/analysis/instrumentation-hierarchy.bin because:
[        ]   Build cache is disabled
[        ]   Caching not enabled.
[        ] Caching disabled for MergeInstrumentationAnalysisTransform: /root/.gradle/caches/modules-2/files-2.1/io.grpc/grpc-api/1.39.0/706f68087b8fae59f8949b4302ac9807131c0112/grpc-api-1.39.0.jar because:
[        ]   Build cache is disabled
[        ]   Caching not enabled.
[        ] Caching disabled for MergeInstrumentationAnalysisTransform: /root/.gradle/caches/8.14/transforms/ba603a8e5cd50a7c88cc1c83cedbafe1/transformed/analysis/instrumentation-hierarchy.bin because:
[        ]   Build cache is disabled
[        ]   Caching not enabled.
[        ] Caching disabled for MergeInstrumentationAnalysisTransform: /root/.gradle/caches/8.14/transforms/1f33ebe59883eca7cf0b19e5fe8de863/transformed/analysis/instrumentation-dependencies.bin because:
[        ]   Build cache is disabled
[        ]   Caching not enabled.
[        ] Caching disabled for MergeInstrumentationAnalysisTransform: /root/.gradle/caches/8.14/transforms/d5fd20e75605ecea7e6c5461c41660f7/transformed/analysis/instrumentation-dependencies.bin because:
[        ]   Build cache is disabled
[        ]   Caching not enabled.
[        ] Caching disabled for MergeInstrumentationAnalysisTransform: /root/.gradle/caches/8.14/transforms/ba603a8e5cd50a7c88cc1c83cedbafe1/transformed/analysis/instrumentation-dependencies.bin because:
[        ]   Build cache is disabled
[        ]   Caching not enabled.
[        ] Caching disabled for MergeInstrumentationAnalysisTransform: /root/.gradle/caches/8.14/transforms/9b0e98629bc06f5b01cc526ebfdfc3c3/transformed/analysis/instrumentation-hierarchy.bin because:
[        ]   Build cache is disabled
[        ]   Caching not enabled.
[        ] Caching disabled for MergeInstrumentationAnalysisTransform: /root/.gradle/caches/modules-2/files-2.1/com.google.dagger/dagger/2.28.3/10d83810ef9e19714116ed518896c90c6606d633/dagger-2.28.3.jar because:
[        ]   Build cache is disabled
[        ]   Caching not enabled.
[        ] Caching disabled for MergeInstrumentationAnalysisTransform: /root/.gradle/caches/modules-2/files-2.1/javax.inject/javax.inject/1/6975da39a7040257bd51d21a231b76c915872d38/javax.inject-1.jar because:
[        ]   Build cache is disabled
[        ]   Caching not enabled.
[        ] Caching disabled for MergeInstrumentationAnalysisTransform: /root/.gradle/caches/8.14/transforms/9b0e98629bc06f5b01cc526ebfdfc3c3/transformed/analysis/instrumentation-dependencies.bin because:
[        ]   Build cache is disabled
[        ]   Caching not enabled.
[        ] Caching disabled for MergeInstrumentationAnalysisTransform: /root/.gradle/caches/8.14/transforms/f805d7e08d3fd67d4774c3e86f99ef63/transformed/analysis/instrumentation-hierarchy.bin because:
[        ]   Build cache is disabled
[        ]   Caching not enabled.
[        ] Caching disabled for MergeInstrumentationAnalysisTransform: /root/.gradle/caches/8.14/transforms/f805d7e08d3fd67d4774c3e86f99ef63/transformed/analysis/instrumentation-dependencies.bin because:
[        ]   Build cache is disabled
[        ]   Caching not enabled.
[        ] Caching disabled for MergeInstrumentationAnalysisTransform: /root/.gradle/caches/8.14/transforms/3c31e71a7838345b49ffab5674d8ff5e/transformed/analysis/instrumentation-hierarchy.bin because:
[        ]   Build cache is disabled
[        ]   Caching not enabled.
[        ] Caching disabled for MergeInstrumentationAnalysisTransform: /root/.gradle/caches/modules-2/files-2.1/net.sf.kxml/kxml2/2.3.0/ccbc77a5fd907ef863c29f3596c6f54ffa4e9442/kxml2-2.3.0.jar because:
[        ]   Build cache is disabled
[        ]   Caching not enabled.
[        ] Caching disabled for MergeInstrumentationAnalysisTransform: /root/.gradle/caches/modules-2/files-2.1/com.google.guava/guava/30.1-jre/d0c3ce2311c9e36e73228da25a6e99b2ab826f/guava-30.1-jre.jar because:
[        ]   Build cache is disabled
[        ]   Caching not enabled.
[        ] Caching disabled for MergeInstrumentationAnalysisTransform: /root/.gradle/caches/8.14/transforms/3c31e71a7838345b49ffab5674d8ff5e/transformed/analysis/instrumentation-dependencies.bin because:
[        ]   Build cache is disabled
[        ]   Caching not enabled.
[        ] Caching disabled for MergeInstrumentationAnalysisTransform: /root/.gradle/caches/8.14/transforms/23e095634903846b1e4d36d18c569164/transformed/analysis/instrumentation-hierarchy.bin because:
[        ]   Build cache is disabled
[        ]   Caching not enabled.
[        ] Caching disabled for MergeInstrumentationAnalysisTransform: /root/.gradle/caches/8.14/transforms/6e87fed15181a08976306911f6e44287/transformed/analysis/instrumentation-hierarchy.bin because:
[        ]   Build cache is disabled
[        ]   Caching not enabled.
[        ] Caching disabled for MergeInstrumentationAnalysisTransform: /root/.gradle/caches/8.14/transforms/23e095634903846b1e4d36d18c569164/transformed/analysis/instrumentation-dependencies.bin because:
[        ]   Build cache is disabled
[        ]   Caching not enabled.
[        ] Caching disabled for MergeInstrumentationAnalysisTransform: /root/.gradle/caches/8.14/transforms/6e87fed15181a08976306911f6e44287/transformed/analysis/instrumentation-dependencies.bin because:
[        ]   Build cache is disabled
[        ]   Caching not enabled.
[        ] Caching disabled for MergeInstrumentationAnalysisTransform: /root/.gradle/caches/modules-2/files-2.1/org.bouncycastle/bcprov-jdk15on/1.67/8c0998045da87dbc2f1d4b6480458ed811ca7b82/bcprov-jdk15on-1.67.jar because:
[        ]   Build cache is disabled
[        ]   Caching not enabled.
[        ] Caching disabled for MergeInstrumentationAnalysisTransform: /root/.gradle/caches/modules-2/files-2.1/org.jetbrains.intellij.deps/trove4j/1.0.20200330/3afb14d5f9ceb459d724e907a21145e8ff394f02/trove4j-1.0.20200330.jar because:
[        ]   Build cache is disabled
[        ]   Caching not enabled.
[        ] Caching disabled for MergeInstrumentationAnalysisTransform: /root/.gradle/caches/8.14/transforms/a0c26581fa6656fe0cc9cbbf4cebacc3/transformed/analysis/instrumentation-hierarchy.bin because:
[        ]   Build cache is disabled
[        ]   Caching not enabled.
[        ] Caching disabled for MergeInstrumentationAnalysisTransform: /root/.gradle/caches/8.14/transforms/a4fed51b1a8b098ceba69849a357f8be/transformed/analysis/instrumentation-hierarchy.bin because:
[        ]   Build cache is disabled
[        ]   Caching not enabled.
[        ] Caching disabled for MergeInstrumentationAnalysisTransform: /root/.gradle/caches/8.14/transforms/a4fed51b1a8b098ceba69849a357f8be/transformed/analysis/instrumentation-dependencies.bin because:
[        ]   Build cache is disabled
[        ]   Caching not enabled.
[        ] Caching disabled for MergeInstrumentationAnalysisTransform: /root/.gradle/caches/8.14/transforms/a0c26581fa6656fe0cc9cbbf4cebacc3/transformed/analysis/instrumentation-dependencies.bin because:
[        ]   Build cache is disabled
[        ]   Caching not enabled.
[        ] Caching disabled for MergeInstrumentationAnalysisTransform: /root/.gradle/caches/modules-2/files-2.1/xerces/xercesImpl/2.12.0/f02c844149fd306601f20e0b34853a670bef7fa2/xercesImpl-2.12.0.jar because:
[        ]   Build cache is disabled
[        ]   Caching not enabled.
[        ] Caching disabled for MergeInstrumentationAnalysisTransform: /root/.gradle/caches/8.14/transforms/a0d4a13ef6eaaedcebe144d7c572c6ef/transformed/analysis/instrumentation-hierarchy.bin because:
[        ]   Build cache is disabled
[        ]   Caching not enabled.
[        ] Caching disabled for MergeInstrumentationAnalysisTransform: /root/.gradle/caches/modules-2/files-2.1/org.apache.commons/commons-compress/1.20/b8df472b31e1f17c232d2ad78ceb1c84e00c641b/commons-compress-1.20.jar because:
[        ]   Build cache is disabled
[        ]   Caching not enabled.
[        ] Caching disabled for MergeInstrumentationAnalysisTransform: /root/.gradle/caches/8.14/transforms/a0d4a13ef6eaaedcebe144d7c572c6ef/transformed/analysis/instrumentation-dependencies.bin because:
[        ]   Build cache is disabled
[        ]   Caching not enabled.
[        ] Caching disabled for MergeInstrumentationAnalysisTransform: /root/.gradle/caches/modules-2/files-2.1/org.apache.httpcomponents/httpclient/4.5.13/e5f6cae5ca7ecaac1ec2827a9e2d65ae2869cada/httpclient-4.5.13.jar because:
[        ]   Build cache is disabled
[        ]   Caching not enabled.
[        ] Caching disabled for MergeInstrumentationAnalysisTransform: /root/.gradle/caches/8.14/transforms/1a1d3b61d5a868318f8594a976389b2b/transformed/analysis/instrumentation-hierarchy.bin because:
[        ]   Build cache is disabled
[        ]   Caching not enabled.
[        ] Caching disabled for MergeInstrumentationAnalysisTransform: /root/.gradle/caches/modules-2/files-2.1/org.jetbrains.kotlin/kotlin-reflect/1.7.10/165e600dfea6185cf5efa700756294cc4904dbeb/kotlin-reflect-1.7.10.jar because:
[        ]   Build cache is disabled
[        ]   Caching not enabled.
[        ] Caching disabled for MergeInstrumentationAnalysisTransform: /root/.gradle/caches/modules-2/files-2.1/org.apache.httpcomponents/httpcore/4.4.13/853b96d3afbb7bf8cc303fe27ee96836a10c1834/httpcore-4.4.13.jar because:
[        ]   Build cache is disabled
[        ]   Caching not enabled.
[        ] Caching disabled for MergeInstrumentationAnalysisTransform: /root/.gradle/caches/8.14/transforms/0a92adb5ade4a50ad2c9cfae82aec0b4/transformed/analysis/instrumentation-hierarchy.bin because:
[        ]   Build cache is disabled
[        ]   Caching not enabled.
[        ] Caching disabled for ExternalDependencyInstrumentingArtifactTransform: /root/.gradle/caches/8.14/transforms/9faf0c641653a21851a7ffffcb922b1b/transformed/merge/instrumentation-dependencies.bin because:
[        ]   Build cache is disabled
[        ]   Caching not enabled.
[        ] Caching disabled for MergeInstrumentationAnalysisTransform: /root/.gradle/caches/8.14/transforms/1a1d3b61d5a868318f8594a976389b2b/transformed/analysis/instrumentation-dependencies.bin because:
[        ]   Build cache is disabled
[        ]   Caching not enabled.
[        ] Caching disabled for MergeInstrumentationAnalysisTransform: /root/.gradle/caches/8.14/transforms/5ee1d9892ee2708729e00268155727ad/transformed/analysis/instrumentation-hierarchy.bin because:
[        ]   Build cache is disabled
[        ]   Caching not enabled.
[        ] Caching disabled for MergeInstrumentationAnalysisTransform: /root/.gradle/caches/8.14/transforms/0a92adb5ade4a50ad2c9cfae82aec0b4/transformed/analysis/instrumentation-dependencies.bin because:
[        ]   Build cache is disabled
[        ]   Caching not enabled.
[        ] Caching disabled for MergeInstrumentationAnalysisTransform: /root/.gradle/caches/8.14/transforms/5ee1d9892ee2708729e00268155727ad/transformed/analysis/instrumentation-dependencies.bin because:
[        ]   Build cache is disabled
[        ]   Caching not enabled.
[        ] Caching disabled for MergeInstrumentationAnalysisTransform: /root/.gradle/caches/modules-2/files-2.1/com.sun.activation/javax.activation/1.2.0/bf744c1e2776ed1de3c55c8dac1057ec331ef744/javax.activation-1.2.0.jar because:
[        ]   Build cache is disabled
[        ]   Caching not enabled.
[        ] Caching disabled for MergeInstrumentationAnalysisTransform: /root/.gradle/caches/modules-2/files-2.1/org.jetbrains.kotlin/kotlin-stdlib-jdk7/1.7.10/1ef73fee66f45d52c67e2aca12fd945dbe0659bf/kotlin-stdlib-jdk7-1.7.10.jar because:
[        ]   Build cache is disabled
[        ]   Caching not enabled.
[        ] Caching disabled for ExternalDependencyInstrumentingArtifactTransform: /root/.gradle/caches/8.14/transforms/0223228de4e45b6704ae17556491f214/transformed/merge/instrumentation-dependencies.bin because:
[        ]   Build cache is disabled
[        ]   Caching not enabled.
[        ] Caching disabled for MergeInstrumentationAnalysisTransform: /root/.gradle/caches/8.14/transforms/fe297a5a19d5a52b75d06ba229378ac0/transformed/analysis/instrumentation-dependencies.bin because:
[        ]   Build cache is disabled
[        ]   Caching not enabled.
[        ] Caching disabled for MergeInstrumentationAnalysisTransform: /root/.gradle/caches/modules-2/files-2.1/org.jetbrains.kotlin/kotlin-stdlib/1.7.10/d2abf9e77736acc4450dc4a3f707fa2c10f5099d/kotlin-stdlib-1.7.10.jar because:
[        ]   Build cache is disabled
[        ]   Caching not enabled.
[        ] Caching disabled for MergeInstrumentationAnalysisTransform: /root/.gradle/caches/modules-2/files-2.1/org.jetbrains/annotations/13.0/919f0dfe192fb4e063e7dacadee7f8bb9a2672a9/annotations-13.0.jar because:
[        ]   Build cache is disabled
[        ]   Caching not enabled.
[        ] Caching disabled for ExternalDependencyInstrumentingArtifactTransform: /root/.gradle/caches/8.14/transforms/db2aad9aa0c7bba6d876aaa6907b7aa9/transformed/merge/instrumentation-dependencies.bin because:
[        ]   Build cache is disabled
[        ]   Caching not enabled.
[        ] Caching disabled for MergeInstrumentationAnalysisTransform: /root/.gradle/caches/8.14/transforms/aded005d5c71137f16c70067e8bc9c8e/transformed/analysis/instrumentation-hierarchy.bin because:
[        ]   Build cache is disabled
[        ]   Caching not enabled.
[        ] Caching disabled for MergeInstrumentationAnalysisTransform: /root/.gradle/caches/8.14/transforms/aded005d5c71137f16c70067e8bc9c8e/transformed/analysis/instrumentation-dependencies.bin because:
[        ]   Build cache is disabled
[        ]   Caching not enabled.
[        ] Caching disabled for ExternalDependencyInstrumentingArtifactTransform: /root/.gradle/caches/modules-2/files-2.1/org.jetbrains.kotlin/kotlin-stdlib-jdk7/1.7.10/1ef73fee66f45d52c67e2aca12fd945dbe0659bf/kotlin-stdlib-jdk7-1.7.10.jar because:
[        ]   Build cache is disabled
[        ]   Caching not enabled.
[        ] Caching disabled for MergeInstrumentationAnalysisTransform: /root/.gradle/caches/8.14/transforms/21b8e2e70b4094dbf15ae6d979803407/transformed/analysis/instrumentation-hierarchy.bin because:
[        ]   Build cache is disabled
[        ]   Caching not enabled.
[        ] Caching disabled for MergeInstrumentationAnalysisTransform: /root/.gradle/caches/modules-2/files-2.1/com.android/signflinger/7.4.2/eadca001587305c0d2498104183497eaa7013ce2/signflinger-7.4.2.jar because:
[        ]   Build cache is disabled
[        ]   Caching not enabled.
[        ] Caching disabled for MergeInstrumentationAnalysisTransform: /root/.gradle/caches/8.14/transforms/21b8e2e70b4094dbf15ae6d979803407/transformed/analysis/instrumentation-dependencies.bin because:
[        ]   Build cache is disabled
[        ]   Caching not enabled.
[        ] Caching disabled for ExternalDependencyInstrumentingArtifactTransform: /root/.gradle/caches/8.14/transforms/dd9adb14a7550b0008325759ac650f49/transformed/merge/instrumentation-dependencies.bin because:
[        ]   Build cache is disabled
[        ]   Caching not enabled.
[        ] Caching disabled for MergeInstrumentationAnalysisTransform: /root/.gradle/caches/modules-2/files-2.1/com.android/zipflinger/7.4.2/c8905e73d011fc1683db2dfd08397ab250672d4e/zipflinger-7.4.2.jar because:
[        ]   Build cache is disabled
[        ]   Caching not enabled.
[        ] Caching disabled for ExternalDependencyInstrumentingArtifactTransform: /root/.gradle/caches/modules-2/files-2.1/com.android/signflinger/7.4.2/eadca001587305c0d2498104183497eaa7013ce2/signflinger-7.4.2.jar because:
[        ]   Build cache is disabled
[        ]   Caching not enabled.
[        ] Caching disabled for ExternalDependencyInstrumentingArtifactTransform: /root/.gradle/caches/8.14/transforms/6f97c21b7bd49dd8a090ae2bcf494860/transformed/merge/instrumentation-dependencies.bin because:
[        ]   Build cache is disabled
[        ]   Caching not enabled.
[        ] Caching disabled for MergeInstrumentationAnalysisTransform: /root/.gradle/caches/8.14/transforms/f0efa68f2a93e2b948ba6ea61e49cd58/transformed/analysis/instrumentation-dependencies.bin because:
[        ]   Build cache is disabled
[        ]   Caching not enabled.
[        ] Caching disabled for MergeInstrumentationAnalysisTransform: /root/.gradle/caches/modules-2/files-2.1/com.android.tools/annotations/30.4.2/9251cabb9830e0f59e30e8e99f58af7bbc97c34f/annotations-30.4.2.jar because:
[        ]   Build cache is disabled
[        ]   Caching not enabled.
[        ] Caching disabled for ExternalDependencyInstrumentingArtifactTransform: /root/.gradle/caches/8.14/transforms/443546c901813b7305fef5a463c341dd/transformed/merge/instrumentation-dependencies.bin because:
[        ]   Build cache is disabled
[        ]   Caching not enabled.
[        ] Caching disabled for ExternalDependencyInstrumentingArtifactTransform: /root/.gradle/caches/modules-2/files-2.1/com.android/zipflinger/7.4.2/c8905e73d011fc1683db2dfd08397ab250672d4e/zipflinger-7.4.2.jar because:
[        ]   Build cache is disabled
[        ]   Caching not enabled.
[        ] Caching disabled for ExternalDependencyInstrumentingArtifactTransform: /root/.gradle/caches/modules-2/files-2.1/com.android.tools/annotations/30.4.2/9251cabb9830e0f59e30e8e99f58af7bbc97c34f/annotations-30.4.2.jar because:
[        ]   Build cache is disabled
[        ]   Caching not enabled.
[        ] Caching disabled for MergeInstrumentationAnalysisTransform: /root/.gradle/caches/8.14/transforms/f62290c4265fae9fb0cf357d49462801/transformed/analysis/instrumentation-hierarchy.bin because:
[        ]   Build cache is disabled
[        ]   Caching not enabled.
[        ] Caching disabled for MergeInstrumentationAnalysisTransform: /root/.gradle/caches/8.14/transforms/f62290c4265fae9fb0cf357d49462801/transformed/analysis/instrumentation-dependencies.bin because:
[        ]   Build cache is disabled
[        ]   Caching not enabled.
[        ] Caching disabled for MergeInstrumentationAnalysisTransform: /root/.gradle/caches/8.14/transforms/63e0a1f75d91cde9ecfd6e29ce3f4dc8/transformed/analysis/instrumentation-hierarchy.bin because:
[        ]   Build cache is disabled
[        ]   Caching not enabled.
[        ] Caching disabled for MergeInstrumentationAnalysisTransform: /root/.gradle/caches/8.14/transforms/63e0a1f75d91cde9ecfd6e29ce3f4dc8/transformed/analysis/instrumentation-dependencies.bin because:
[        ]   Build cache is disabled
[        ]   Caching not enabled.
[        ] Caching disabled for MergeInstrumentationAnalysisTransform: /root/.gradle/caches/modules-2/files-2.1/com.googlecode.juniversalchardet/juniversalchardet/1.0.3/cd49678784c46aa8789c060538e0154013bb421b/juniversalchardet-1.0.3.jar because:
[        ]   Build cache is disabled
[        ]   Caching not enabled.
[        ] Caching disabled for MergeInstrumentationAnalysisTransform: /root/.gradle/caches/modules-2/files-2.1/net.java.dev.jna/jna-platform/5.6.0/d18424ffb8bbfd036d71bcaab9b546858f2ef986/jna-platform-5.6.0.jar because:
[        ]   Build cache is disabled
[        ]   Caching not enabled.
[        ] Caching disabled for MergeInstrumentationAnalysisTransform: /root/.gradle/caches/8.14/transforms/e0226a994236d7bf90152c665abe60df/transformed/analysis/instrumentation-dependencies.bin because:
[        ]   Build cache is disabled
[        ]   Caching not enabled.
[        ] Caching disabled for MergeInstrumentationAnalysisTransform: /root/.gradle/caches/8.14/transforms/8c12647086c0a3ca5d593c8e6e97b7eb/transformed/analysis/instrumentation-hierarchy.bin because:
[        ]   Build cache is disabled
[        ]   Caching not enabled.
[        ] Caching disabled for MergeInstrumentationAnalysisTransform: /root/.gradle/caches/8.14/transforms/8c12647086c0a3ca5d593c8e6e97b7eb/transformed/analysis/instrumentation-dependencies.bin because:
[        ]   Build cache is disabled
[        ]   Caching not enabled.
[        ] Caching disabled for MergeInstrumentationAnalysisTransform: /root/.gradle/caches/modules-2/files-2.1/javax.annotation/javax.annotation-api/1.3.2/934c04d3cfef185a8008e7bf34331b79730a9d43/javax.annotation-api-1.3.2.jar because:
[        ]   Build cache is disabled
[        ]   Caching not enabled.
[        ] Caching disabled for MergeInstrumentationAnalysisTransform: /root/.gradle/caches/8.14/transforms/a9bb419057f2ec78198df5a5329559ea/transformed/analysis/instrumentation-hierarchy.bin because:
[        ]   Build cache is disabled
[        ]   Caching not enabled.
[        ] Caching disabled for MergeInstrumentationAnalysisTransform: /root/.gradle/caches/modules-2/files-2.1/org.jvnet.staxex/stax-ex/1.8.1/78011e483a21102fb4858f3e8f269a677e50aa23/stax-ex-1.8.1.jar because:
[        ]   Build cache is disabled
[        ]   Caching not enabled.
[        ] Caching disabled for MergeInstrumentationAnalysisTransform: /root/.gradle/caches/8.14/transforms/a9bb419057f2ec78198df5a5329559ea/transformed/analysis/instrumentation-dependencies.bin because:
[        ]   Build cache is disabled
[        ]   Caching not enabled.
[        ] Caching disabled for MergeInstrumentationAnalysisTransform: /root/.gradle/caches/8.14/transforms/9a9891476629ac44014c62adfce6452d/transformed/analysis/instrumentation-hierarchy.bin because:
[        ]   Build cache is disabled
[        ]   Caching not enabled.
[        ] Caching disabled for MergeInstrumentationAnalysisTransform: /root/.gradle/caches/modules-2/files-2.1/jakarta.xml.bind/jakarta.xml.bind-api/2.3.2/8d49996a4338670764d7ca4b85a1c4ccf7fe665d/jakarta.xml.bind-api-2.3.2.jar because:
[        ]   Build cache is disabled
[        ]   Caching not enabled.
[        ] Caching disabled for MergeInstrumentationAnalysisTransform: /root/.gradle/caches/8.14/transforms/9a9891476629ac44014c62adfce6452d/transformed/analysis/instrumentation-dependencies.bin because:
[        ]   Build cache is disabled
[        ]   Caching not enabled.
[        ] Caching disabled for MergeInstrumentationAnalysisTransform: /root/.gradle/caches/8.14/transforms/0e4888efffc5b1de0f2cc5286369299e/transformed/analysis/instrumentation-hierarchy.bin because:
[        ]   Build cache is disabled
[        ]   Caching not enabled.
[  +70 ms] Caching disabled for MergeInstrumentationAnalysisTransform: /root/.gradle/caches/8.14/transforms/0e4888efffc5b1de0f2cc5286369299e/transformed/analysis/instrumentation-dependencies.bin because:
[        ]   Build cache is disabled
[        ]   Caching not enabled.
[        ] Caching disabled for MergeInstrumentationAnalysisTransform: /root/.gradle/caches/modules-2/files-2.1/org.glassfish.jaxb/txw2/2.3.2/ce5be7da2e442c25ec14c766cb60cb802741727b/txw2-2.3.2.jar because:
[        ]   Build cache is disabled
[        ]   Caching not enabled.
[        ] Caching disabled for MergeInstrumentationAnalysisTransform: /root/.gradle/caches/modules-2/files-2.1/com.sun.istack/istack-commons-runtime/3.0.8/d6a97364045aa6b99bf2d3c566a3f98599c2d296/istack-commons-runtime-3.0.8.jar because:
[        ]   Build cache is disabled
[        ]   Caching not enabled.
[        ] Caching disabled for MergeInstrumentationAnalysisTransform: /root/.gradle/caches/8.14/transforms/fefff9ef1ad0af2b4d20e97600842cb4/transformed/analysis/instrumentation-hierarchy.bin because:
[        ]   Build cache is disabled
[        ]   Caching not enabled.
[        ] Caching disabled for MergeInstrumentationAnalysisTransform: /root/.gradle/caches/8.14/transforms/c491d8608f57b6bb06428abd12a909c3/transformed/analysis/instrumentation-hierarchy.bin because:
[        ]   Build cache is disabled
[        ]   Caching not enabled.
[        ] Caching disabled for MergeInstrumentationAnalysisTransform: /root/.gradle/caches/8.14/transforms/fefff9ef1ad0af2b4d20e97600842cb4/transformed/analysis/instrumentation-dependencies.bin because:
[        ]   Build cache is disabled
[        ]   Caching not enabled.
[        ] Caching disabled for MergeInstrumentationAnalysisTransform: /root/.gradle/caches/8.14/transforms/c491d8608f57b6bb06428abd12a909c3/transformed/analysis/instrumentation-dependencies.bin because:
[        ]   Build cache is disabled
[        ]   Caching not enabled.
[        ] Caching disabled for MergeInstrumentationAnalysisTransform: /root/.gradle/caches/modules-2/files-2.1/com.sun.xml.fastinfoset/FastInfoset/1.2.16/4eb6a0adad553bf759ffe86927df6f3b848c8bea/FastInfoset-1.2.16.jar because:
[        ]   Build cache is disabled
[        ]   Caching not enabled.
[        ] Caching disabled for MergeInstrumentationAnalysisTransform: /root/.gradle/caches/8.14/transforms/9f7bf5a533b6fa8b7c91c970eaa2b8a2/transformed/analysis/instrumentation-dependencies.bin because:
[        ]   Build cache is disabled
[        ]   Caching not enabled.
[        ] Caching disabled for ExternalDependencyInstrumentingArtifactTransform: /root/.gradle/caches/modules-2/files-2.1/com.google.testing.platform/core-proto/0.0.8-alpha08/72ca52065789993f2f029b34d797813c467d5d74/core-proto-0.0.8-alpha08.jar because:
[        ]   Build cache is disabled
[        ]   Caching not enabled.
[        ] Caching disabled for MergeInstrumentationAnalysisTransform: /root/.gradle/caches/modules-2/files-2.1/com.google.auto.value/auto-value-annotations/1.6.2/ed193d86e0af90cc2342aedbe73c5d86b03fa09b/auto-value-annotations-1.6.2.jar because:
[        ]   Build cache is disabled
[        ]   Caching not enabled.
[        ] Caching disabled for MergeInstrumentationAnalysisTransform: /root/.gradle/caches/modules-2/files-2.1/jakarta.activation/jakarta.activation-api/1.2.1/562a587face36ec7eff2db7f2fc95425c6602bc1/jakarta.activation-api-1.2.1.jar because:
[        ]   Build cache is disabled
[        ]   Caching not enabled.
[        ] Caching disabled for MergeInstrumentationAnalysisTransform: /root/.gradle/caches/8.14/transforms/696efd854397fede416d9b3d5fa7f38b/transformed/analysis/instrumentation-dependencies.bin because:
[        ]   Build cache is disabled
[        ]   Caching not enabled.
[        ] Caching disabled for MergeInstrumentationAnalysisTransform: /root/.gradle/caches/8.14/transforms/02afc11b8ec1264570aeb56b58c49aa9/transformed/analysis/instrumentation-hierarchy.bin because:
[        ]   Build cache is disabled
[        ]   Caching not enabled.
[        ] Caching disabled for MergeInstrumentationAnalysisTransform: /root/.gradle/caches/8.14/transforms/6f8bdd5d75a2382fcea921634ccf18cb/transformed/analysis/instrumentation-hierarchy.bin because:
[        ]   Build cache is disabled
[        ]   Caching not enabled.
[        ] Caching disabled for MergeInstrumentationAnalysisTransform: /root/.gradle/caches/modules-2/files-2.1/com.google.errorprone/error_prone_annotations/2.4.0/32ecccc595e4e4d813a80ee9e3ab5813d65874eb/error_prone_annotations-2.4.0.jar because:
[        ]   Build cache is disabled
[        ]   Caching not enabled.
[        ] Caching disabled for MergeInstrumentationAnalysisTransform: /root/.gradle/caches/8.14/transforms/02afc11b8ec1264570aeb56b58c49aa9/transformed/analysis/instrumentation-dependencies.bin because:
[        ]   Build cache is disabled
[        ]   Caching not enabled.
[        ] Caching disabled for MergeInstrumentationAnalysisTransform: /root/.gradle/caches/8.14/transforms/6f8bdd5d75a2382fcea921634ccf18cb/transformed/analysis/instrumentation-dependencies.bin because:
[        ]   Build cache is disabled
[        ]   Caching not enabled.
[        ] Caching disabled for MergeInstrumentationAnalysisTransform: /root/.gradle/caches/8.14/transforms/58004fb02668d400301539bc7fd0023b/transformed/analysis/instrumentation-hierarchy.bin because:
[        ]   Build cache is disabled
[        ]   Caching not enabled.
[        ] Caching disabled for MergeInstrumentationAnalysisTransform: /root/.gradle/caches/modules-2/files-2.1/org.slf4j/slf4j-api/1.7.30/b5a4b6d16ab13e34a88fae84c35cd5d68cac922c/slf4j-api-1.7.30.jar because:
[        ]   Build cache is disabled
[        ]   Caching not enabled.
[        ] Caching disabled for MergeInstrumentationAnalysisTransform: /root/.gradle/caches/8.14/transforms/58004fb02668d400301539bc7fd0023b/transformed/analysis/instrumentation-dependencies.bin because:
[        ]   Build cache is disabled
[        ]   Caching not enabled.
[        ] Caching disabled for MergeInstrumentationAnalysisTransform: /root/.gradle/caches/modules-2/files-2.1/org.bitbucket.b_c/jose4j/0.7.0/478ee8518687f9b01f20912fc7edd9d7b46d06da/jose4j-0.7.0.jar because:
[        ]   Build cache is disabled
[        ]   Caching not enabled.
[        ] Caching disabled for MergeInstrumentationAnalysisTransform: /root/.gradle/caches/modules-2/files-2.1/org.jdom/jdom2/2.0.6/6f14738ec2e9dd0011e343717fa624a10f8aab64/jdom2-2.0.6.jar because:
[        ]   Build cache is disabled
[        ]   Caching not enabled.
[        ] Caching disabled for MergeInstrumentationAnalysisTransform: /root/.gradle/caches/8.14/transforms/085ab5d22c0c73b805b5ceab6a9ea7ff/transformed/analysis/instrumentation-dependencies.bin because:
[        ]   Build cache is disabled
[        ]   Caching not enabled.
[        ] Caching disabled for MergeInstrumentationAnalysisTransform: /root/.gradle/caches/8.14/transforms/6b4896d50078fc41c74f8e4a72b63e60/transformed/analysis/instrumentation-dependencies.bin because:
[        ]   Build cache is disabled
[        ]   Caching not enabled.
[        ] Caching disabled for MergeInstrumentationAnalysisTransform: /root/.gradle/caches/8.14/transforms/61eabbdd592209c866189e9368efd599/transformed/analysis/instrumentation-hierarchy.bin because:
[        ]   Build cache is disabled
[        ]   Caching not enabled.
[        ] Caching disabled for MergeInstrumentationAnalysisTransform: /root/.gradle/caches/modules-2/files-2.1/org.codehaus.mojo/animal-sniffer-annotations/1.19/1536e1a8fd552dc05f12b5f0827fbb2ee3d5a89b/animal-sniffer-annotations-1.19.jar because:
[        ]   Build cache is disabled
[        ]   Caching not enabled.
[        ] Caching disabled for MergeInstrumentationAnalysisTransform: /root/.gradle/caches/modules-2/files-2.1/com.google.android/annotations/4.1.1.4/a1678ba907bf92691d879fef34e1a187038f9259/annotations-4.1.1.4.jar because:
[        ]   Build cache is disabled
[        ]   Caching not enabled.
[        ] Caching disabled for MergeInstrumentationAnalysisTransform: /root/.gradle/caches/8.14/transforms/61eabbdd592209c866189e9368efd599/transformed/analysis/instrumentation-dependencies.bin because:
[        ]   Build cache is disabled
[        ]   Caching not enabled.
[        ] Caching disabled for MergeInstrumentationAnalysisTransform: /root/.gradle/caches/8.14/transforms/64a4175e748a358b70284e25f54ad229/transformed/analysis/instrumentation-hierarchy.bin because:
[        ]   Build cache is disabled
[        ]   Caching not enabled.
[        ] Caching disabled for MergeInstrumentationAnalysisTransform: /root/.gradle/caches/modules-2/files-2.1/io.perfmark/perfmark-api/0.23.0/b813b7539fae6550541da8caafd6add86d4e22f/perfmark-api-0.23.0.jar because:
[        ]   Build cache is disabled
[        ]   Caching not enabled.
[        ] Caching disabled for MergeInstrumentationAnalysisTransform: /root/.gradle/caches/8.14/transforms/64a4175e748a358b70284e25f54ad229/transformed/analysis/instrumentation-dependencies.bin because:
[        ]   Build cache is disabled
[        ]   Caching not enabled.
[        ] Caching disabled for MergeInstrumentationAnalysisTransform: /root/.gradle/caches/8.14/transforms/0354ec8c57501409ce92f5af134a857f/transformed/analysis/instrumentation-hierarchy.bin because:
[        ]   Build cache is disabled
[        ]   Caching not enabled.
[        ] Caching disabled for MergeInstrumentationAnalysisTransform: /root/.gradle/caches/8.14/transforms/0354ec8c57501409ce92f5af134a857f/transformed/analysis/instrumentation-dependencies.bin because:
[        ]   Build cache is disabled
[        ]   Caching not enabled.
[        ] Caching disabled for MergeInstrumentationAnalysisTransform: /root/.gradle/caches/8.14/transforms/d8695b060e50975c4594c2fcb6098560/transformed/analysis/instrumentation-hierarchy.bin because:
[        ]   Build cache is disabled
[        ]   Caching not enabled.
[        ] Caching disabled for MergeInstrumentationAnalysisTransform: /root/.gradle/caches/8.14/transforms/d8695b060e50975c4594c2fcb6098560/transformed/analysis/instrumentation-dependencies.bin because:
[        ]   Build cache is disabled
[        ]   Caching not enabled.
[        ] Caching disabled for MergeInstrumentationAnalysisTransform: /root/.gradle/caches/modules-2/files-2.1/io.netty/netty-codec-http2/4.1.52.Final/1e06a41e2b67cd6f91bf97935f4729c843ac1a57/netty-codec-http2-4.1.52.Final.jar because:
[        ]   Build cache is disabled
[        ]   Caching not enabled.
[        ] Caching disabled for MergeInstrumentationAnalysisTransform: /root/.gradle/caches/modules-2/files-2.1/io.netty/netty-handler-proxy/4.1.52.Final/e5701741e851d83b5ef15738f84c825ba2c0688e/netty-handler-proxy-4.1.52.Final.jar because:
[        ]   Build cache is disabled
[        ]   Caching not enabled.
[        ] Caching disabled for MergeInstrumentationAnalysisTransform: /root/.gradle/caches/8.14/transforms/761bb3eed1c702fd47170b0531a74362/transformed/analysis/instrumentation-hierarchy.bin because:
[        ]   Build cache is disabled
[        ]   Caching not enabled.
[        ] Caching disabled for MergeInstrumentationAnalysisTransform: /root/.gradle/caches/modules-2/files-2.1/com.google.code.findbugs/jsr305/3.0.2/25ea2e8b0c338a877313bd4672d3fe056ea78f0d/jsr305-3.0.2.jar because:
[        ]   Build cache is disabled
[        ]   Caching not enabled.
[        ] Caching disabled for MergeInstrumentationAnalysisTransform: /root/.gradle/caches/8.14/transforms/761bb3eed1c702fd47170b0531a74362/transformed/analysis/instrumentation-dependencies.bin because:
[        ]   Build cache is disabled
[        ]   Caching not enabled.
[        ] Caching disabled for MergeInstrumentationAnalysisTransform: /root/.gradle/caches/8.14/transforms/e201c0cf51eed97888ab0bb875f7cb6f/transformed/analysis/instrumentation-hierarchy.bin because:
[        ]   Build cache is disabled
[        ]   Caching not enabled.
[        ] Caching disabled for MergeInstrumentationAnalysisTransform: /root/.gradle/caches/8.14/transforms/059495c8615bae36d0fc93a846ab4920/transformed/analysis/instrumentation-hierarchy.bin because:
[        ]   Build cache is disabled
[        ]   Caching not enabled.
[        ] Caching disabled for MergeInstrumentationAnalysisTransform: /root/.gradle/caches/8.14/transforms/e201c0cf51eed97888ab0bb875f7cb6f/transformed/analysis/instrumentation-dependencies.bin because:
[        ]   Build cache is disabled
[        ]   Caching not enabled.
[        ] Caching disabled for MergeInstrumentationAnalysisTransform: /root/.gradle/caches/8.14/transforms/059495c8615bae36d0fc93a846ab4920/transformed/analysis/instrumentation-dependencies.bin because:
[        ]   Build cache is disabled
[        ]   Caching not enabled.
[        ] Caching disabled for MergeInstrumentationAnalysisTransform: /root/.gradle/caches/modules-2/files-2.1/org.json/json/20180813/8566b2b0391d9d4479ea225645c6ed47ef17fe41/json-20180813.jar because:
[        ]   Build cache is disabled
[        ]   Caching not enabled.
[        ] Caching disabled for MergeInstrumentationAnalysisTransform: /root/.gradle/caches/modules-2/files-2.1/org.checkerframework/checker-qual/3.5.0/2f50520c8abea66fbd8d26e481d3aef5c673b510/checker-qual-3.5.0.jar because:
[        ]   Build cache is disabled
[        ]   Caching not enabled.
[        ] Caching disabled for MergeInstrumentationAnalysisTransform: /root/.gradle/caches/modules-2/files-2.1/commons-codec/commons-codec/1.11/3acb4705652e16236558f0f4f2192cc33c3bd189/commons-codec-1.11.jar because:
[        ]   Build cache is disabled
[        ]   Caching not enabled.
[        ] Caching disabled for MergeInstrumentationAnalysisTransform: /root/.gradle/caches/8.14/transforms/bada3ec12972eb0344bd79e4ba35aac1/transformed/analysis/instrumentation-hierarchy.bin because:
[        ]   Build cache is disabled
[        ]   Caching not enabled.
[        ] Caching disabled for MergeInstrumentationAnalysisTransform: /root/.gradle/caches/8.14/transforms/2d6ad7057afe351af184d49f5efa7fa0/transformed/analysis/instrumentation-hierarchy.bin because:
[        ]   Build cache is disabled
[        ]   Caching not enabled.
[        ] Caching disabled for MergeInstrumentationAnalysisTransform: /root/.gradle/caches/8.14/transforms/bada3ec12972eb0344bd79e4ba35aac1/transformed/analysis/instrumentation-dependencies.bin because:
[        ]   Build cache is disabled
[        ]   Caching not enabled.
[        ] Caching disabled for MergeInstrumentationAnalysisTransform: /root/.gradle/caches/8.14/transforms/2d952aba5eede5fb4e1f256b2006639a/transformed/analysis/instrumentation-dependencies.bin because:
[        ]   Build cache is disabled
[        ]   Caching not enabled.
[        ] Caching disabled for MergeInstrumentationAnalysisTransform: /root/.gradle/caches/8.14/transforms/2d6ad7057afe351af184d49f5efa7fa0/transformed/analysis/instrumentation-dependencies.bin because:
[        ]   Build cache is disabled
[        ]   Caching not enabled.
[        ] Caching disabled for MergeInstrumentationAnalysisTransform: /root/.gradle/caches/modules-2/files-2.1/com.google.guava/failureaccess/1.0.1/1dcf1de382a0bf95a3d8b0849546c88bac1292c9/failureaccess-1.0.1.jar because:
[        ]   Build cache is disabled
[        ]   Caching not enabled.
[        ] Caching disabled for MergeInstrumentationAnalysisTransform: /root/.gradle/caches/modules-2/files-2.1/com.android.tools.build/apksig/7.4.2/46b1d756b1dd2f41714f24c84b611306d39ec065/apksig-7.4.2.jar because:
[        ]   Build cache is disabled
[        ]   Caching not enabled.
[        ] Caching disabled for MergeInstrumentationAnalysisTransform: /root/.gradle/caches/modules-2/files-2.1/com.squareup/javawriter/2.5.0/81241ff7078ef14f42ea2a8995fa09c096256e6b/javawriter-2.5.0.jar because:
[        ]   Build cache is disabled
[        ]   Caching not enabled.
[        ] Caching disabled for MergeInstrumentationAnalysisTransform: /root/.gradle/caches/8.14/transforms/b4e207aa96e8d470c5c1c936134d8f4c/transformed/analysis/instrumentation-dependencies.bin because:
[        ]   Build cache is disabled
[        ]   Caching not enabled.
[        ] Caching disabled for ExternalDependencyInstrumentingArtifactTransform: /root/.gradle/caches/8.14/transforms/b90b246fd03fae1034777cf5cb17e563/transformed/merge/instrumentation-dependencies.bin because:
[        ]   Build cache is disabled
[        ]   Caching not enabled.
[        ] Caching disabled for MergeInstrumentationAnalysisTransform: /root/.gradle/caches/modules-2/files-2.1/com.google.guava/listenablefuture/9999.0-empty-to-avoid-conflict-with-guava/b421526c5f297295adef1c886e5246c39d4ac629/listenablefuture-9999.0-empty-to-avoid-conflict-with-guava.jar because:
[        ]   Build cache is disabled
[        ]   Caching not enabled.
[        ] Caching disabled for MergeInstrumentationAnalysisTransform: /root/.gradle/caches/8.14/transforms/c04565228a40c2a592032fe842819095/transformed/analysis/instrumentation-dependencies.bin because:
[        ]   Build cache is disabled
[        ]   Caching not enabled.
[        ] Caching disabled for MergeInstrumentationAnalysisTransform: /root/.gradle/caches/8.14/transforms/e9f9892790f994b7f50c4e7e25403e05/transformed/analysis/instrumentation-hierarchy.bin because:
[        ]   Build cache is disabled
[        ]   Caching not enabled.
[        ] Caching disabled for MergeInstrumentationAnalysisTransform: /root/.gradle/caches/modules-2/files-2.1/com.google.j2objc/j2objc-annotations/1.3/ba035118bc8bac37d7eff77700720999acd9986d/j2objc-annotations-1.3.jar because:
[        ]   Build cache is disabled
[        ]   Caching not enabled.
[        ] Caching disabled for MergeInstrumentationAnalysisTransform: /root/.gradle/caches/8.14/transforms/e9f9892790f994b7f50c4e7e25403e05/transformed/analysis/instrumentation-dependencies.bin because:
[        ]   Build cache is disabled
[        ]   Caching not enabled.
[        ] Caching disabled for MergeInstrumentationAnalysisTransform: /root/.gradle/caches/8.14/transforms/8e362c5f3c362fbc630f6643bca41639/transformed/analysis/instrumentation-hierarchy.bin because:
[        ]   Build cache is disabled
[        ]   Caching not enabled.
[   +5 ms] Caching disabled for MergeInstrumentationAnalysisTransform: /root/.gradle/caches/8.14/transforms/8e362c5f3c362fbc630f6643bca41639/transformed/analysis/instrumentation-dependencies.bin because:
[        ]   Build cache is disabled
[        ]   Caching not enabled.
[        ] Caching disabled for MergeInstrumentationAnalysisTransform: /root/.gradle/caches/modules-2/files-2.1/xml-apis/xml-apis/1.4.01/3789d9fada2d3d458c4ba2de349d48780f381ee3/xml-apis-1.4.01.jar because:
[        ]   Build cache is disabled
[        ]   Caching not enabled.
[        ] Caching disabled for MergeInstrumentationAnalysisTransform: /root/.gradle/caches/modules-2/files-2.1/commons-logging/commons-logging/1.2/4bfc12adfe4842bf07b657f0369c4cb522955686/commons-logging-1.2.jar because:
[        ]   Build cache is disabled
[        ]   Caching not enabled.
[        ] Caching disabled for MergeInstrumentationAnalysisTransform: /root/.gradle/caches/8.14/transforms/b61fb44fc1d8321fadf92de7a61bc6d5/transformed/analysis/instrumentation-hierarchy.bin because:
[        ]   Build cache is disabled
[        ]   Caching not enabled.
[        ] Caching disabled for MergeInstrumentationAnalysisTransform: /root/.gradle/caches/8.14/transforms/b61fb44fc1d8321fadf92de7a61bc6d5/transformed/analysis/instrumentation-dependencies.bin because:
[        ]   Build cache is disabled
[        ]   Caching not enabled.
[        ] Caching disabled for MergeInstrumentationAnalysisTransform: /root/.gradle/caches/8.14/transforms/7a70fb4d213a8fbd641b889c88117e06/transformed/analysis/instrumentation-dependencies.bin because:
[        ]   Build cache is disabled
[        ]   Caching not enabled.
[        ] Caching disabled for MergeInstrumentationAnalysisTransform: /root/.gradle/caches/modules-2/files-2.1/net.java.dev.jna/jna/5.6.0/330f2244e9030119ab3030fc3fededc86713d9cc/jna-5.6.0.jar because:
[        ]   Build cache is disabled
[        ]   Caching not enabled.
[        ] Caching disabled for MergeInstrumentationAnalysisTransform: /root/.gradle/caches/modules-2/files-2.1/org.jetbrains.kotlin/kotlin-stdlib-common/1.7.10/bac80c520d0a9e3f3673bc2658c6ed02ef45a76a/kotlin-stdlib-common-1.7.10.jar because:
[        ]   Build cache is disabled
[        ]   Caching not enabled.
[        ] Caching disabled for MergeInstrumentationAnalysisTransform: /root/.gradle/caches/8.14/transforms/273d14597717fb8154d318e68da14f06/transformed/analysis/instrumentation-hierarchy.bin because:
[        ]   Build cache is disabled
[        ]   Caching not enabled.
[        ] Caching disabled for MergeInstrumentationAnalysisTransform: /root/.gradle/caches/8.14/transforms/273d14597717fb8154d318e68da14f06/transformed/analysis/instrumentation-dependencies.bin because:
[        ]   Build cache is disabled
[        ]   Caching not enabled.
[        ] Caching disabled for ExternalDependencyInstrumentingArtifactTransform: /root/.gradle/caches/8.14/transforms/5e64ecdbcfcb131b783bf4ddd0eb5d34/transformed/merge/instrumentation-dependencies.bin because:
[        ]   Build cache is disabled
[        ]   Caching not enabled.
[        ] Caching disabled for MergeInstrumentationAnalysisTransform: /root/.gradle/caches/modules-2/files-2.1/io.grpc/grpc-context/1.39.0/637f453f3654aa29bf085ae7ddc86f9f80c937dd/grpc-context-1.39.0.jar because:
[        ]   Build cache is disabled
[        ]   Caching not enabled.
[        ] Caching disabled for MergeInstrumentationAnalysisTransform: /root/.gradle/caches/8.14/transforms/8247bd14f4f09b024016023767c653bd/transformed/analysis/instrumentation-hierarchy.bin because:
[        ]   Build cache is disabled
[        ]   Caching not enabled.
[        ] Caching disabled for ExternalDependencyInstrumentingArtifactTransform: /root/.gradle/caches/modules-2/files-2.1/org.jetbrains.kotlin/kotlin-stdlib-common/1.7.10/bac80c520d0a9e3f3673bc2658c6ed02ef45a76a/kotlin-stdlib-common-1.7.10.jar because:
[        ]   Build cache is disabled
[        ]   Caching not enabled.
[  +80 ms] Caching disabled for MergeInstrumentationAnalysisTransform: /root/.gradle/caches/8.14/transforms/8247bd14f4f09b024016023767c653bd/transformed/analysis/instrumentation-dependencies.bin because:
[        ]   Build cache is disabled
[        ]   Caching not enabled.
[        ] Caching disabled for MergeInstrumentationAnalysisTransform: /root/.gradle/caches/8.14/transforms/0849d1bacc1e746f6f8f1a455b92974d/transformed/analysis/instrumentation-hierarchy.bin because:
[        ]   Build cache is disabled
[        ]   Caching not enabled.
[        ] Caching disabled for MergeInstrumentationAnalysisTransform: /root/.gradle/caches/modules-2/files-2.1/io.netty/netty-codec-http/4.1.52.Final/e0d75d03edf6e4d0682c85e8b26762bcde34697d/netty-codec-http-4.1.52.Final.jar because:
[        ]   Build cache is disabled
[        ]   Caching not enabled.
[        ] Caching disabled for MergeInstrumentationAnalysisTransform: /root/.gradle/caches/8.14/transforms/0849d1bacc1e746f6f8f1a455b92974d/transformed/analysis/instrumentation-dependencies.bin because:
[        ]   Build cache is disabled
[        ]   Caching not enabled.
[        ] Caching disabled for MergeInstrumentationAnalysisTransform: /root/.gradle/caches/8.14/transforms/316bb239f4bd46b3c00970587e80b2dd/transformed/analysis/instrumentation-hierarchy.bin because:
[        ]   Build cache is disabled
[        ]   Caching not enabled.
[        ] Caching disabled for MergeInstrumentationAnalysisTransform: /root/.gradle/caches/modules-2/files-2.1/io.netty/netty-handler/4.1.52.Final/eb7d4fa554f4fdc8dacb80dce7e3f806fd1dc2db/netty-handler-4.1.52.Final.jar because:
[        ]   Build cache is disabled
[        ]   Caching not enabled.
[        ] Caching disabled for MergeInstrumentationAnalysisTransform: /root/.gradle/caches/8.14/transforms/316bb239f4bd46b3c00970587e80b2dd/transformed/analysis/instrumentation-dependencies.bin because:
[        ]   Build cache is disabled
[        ]   Caching not enabled.
[        ] Caching disabled for MergeInstrumentationAnalysisTransform: /root/.gradle/caches/8.14/transforms/3b6712b1481a7984edc6fd9e26bf5fff/transformed/analysis/instrumentation-hierarchy.bin because:
[        ]   Build cache is disabled
[        ]   Caching not enabled.
[        ] Caching disabled for MergeInstrumentationAnalysisTransform: /root/.gradle/caches/modules-2/files-2.1/io.netty/netty-codec-socks/4.1.52.Final/93170f664ae83ec70c35752b91cb733f9b80bf90/netty-codec-socks-4.1.52.Final.jar because:
[        ]   Build cache is disabled
[        ]   Caching not enabled.
[        ] Caching disabled for MergeInstrumentationAnalysisTransform: /root/.gradle/caches/8.14/transforms/3b6712b1481a7984edc6fd9e26bf5fff/transformed/analysis/instrumentation-dependencies.bin because:
[        ]   Build cache is disabled
[        ]   Caching not enabled.
[        ] Caching disabled for ExternalDependencyInstrumentingArtifactTransform: /root/.gradle/caches/modules-2/files-2.1/com.android.tools.build/apksig/7.4.2/46b1d756b1dd2f41714f24c84b611306d39ec065/apksig-7.4.2.jar because:
[        ]   Build cache is disabled
[        ]   Caching not enabled.
[        ] Caching disabled for MergeInstrumentationAnalysisTransform: /root/.gradle/caches/8.14/transforms/61b6133d8da21ffe0c945d082d22ab4d/transformed/analysis/instrumentation-hierarchy.bin because:
[        ]   Build cache is disabled
[        ]   Caching not enabled.
[        ] Caching disabled for MergeInstrumentationAnalysisTransform: /root/.gradle/caches/8.14/transforms/61b6133d8da21ffe0c945d082d22ab4d/transformed/analysis/instrumentation-dependencies.bin because:
[        ]   Build cache is disabled
[        ]   Caching not enabled.
[        ] Caching disabled for MergeInstrumentationAnalysisTransform: /root/.gradle/caches/8.14/transforms/a55ed78867e24f86e006996e216e6235/transformed/analysis/instrumentation-hierarchy.bin because:
[        ]   Build cache is disabled
[        ]   Caching not enabled.
[        ] Caching disabled for MergeInstrumentationAnalysisTransform: /root/.gradle/caches/modules-2/files-2.1/io.netty/netty-codec/4.1.52.Final/d98ad5bb86707c3c1a7105a346119dac332bdf23/netty-codec-4.1.52.Final.jar because:
[        ]   Build cache is disabled
[        ]   Caching not enabled.
[        ] Caching disabled for MergeInstrumentationAnalysisTransform: /root/.gradle/caches/8.14/transforms/a55ed78867e24f86e006996e216e6235/transformed/analysis/instrumentation-dependencies.bin because:
[        ]   Build cache is disabled
[        ]   Caching not enabled.
[        ] Caching disabled for MergeInstrumentationAnalysisTransform: /root/.gradle/caches/modules-2/files-2.1/io.netty/netty-transport/4.1.52.Final/970ee3790f504452bd32692f6b208a590c51f0ee/netty-transport-4.1.52.Final.jar because:
[        ]   Build cache is disabled
[        ]   Caching not enabled.
[        ] Caching disabled for MergeInstrumentationAnalysisTransform: /root/.gradle/caches/8.14/transforms/3196ca1e70a5513e5bbf41693917c3fc/transformed/analysis/instrumentation-hierarchy.bin because:
[        ]   Build cache is disabled
[        ]   Caching not enabled.
[        ] Caching disabled for MergeInstrumentationAnalysisTransform: /root/.gradle/caches/modules-2/files-2.1/io.netty/netty-buffer/4.1.52.Final/fdf681985f50d84fac625df52f34b6d6cb699bda/netty-buffer-4.1.52.Final.jar because:
[        ]   Build cache is disabled
[        ]   Caching not enabled.
[        ] Caching disabled for MergeInstrumentationAnalysisTransform: /root/.gradle/caches/8.14/transforms/3196ca1e70a5513e5bbf41693917c3fc/transformed/analysis/instrumentation-dependencies.bin because:
[        ]   Build cache is disabled
[        ]   Caching not enabled.
[        ] Caching disabled for MergeInstrumentationAnalysisTransform: /root/.gradle/caches/8.14/transforms/47d61a12ad0dba628e07969b32cc6253/transformed/analysis/instrumentation-hierarchy.bin because:
[        ]   Build cache is disabled
[        ]   Caching not enabled.
[        ] Caching disabled for MergeInstrumentationAnalysisTransform: /root/.gradle/caches/8.14/transforms/47d61a12ad0dba628e07969b32cc6253/transformed/analysis/instrumentation-dependencies.bin because:
[        ]   Build cache is disabled
[        ]   Caching not enabled.
[        ] Caching disabled for ExternalDependencyInstrumentingArtifactTransform: /root/.gradle/caches/modules-2/files-2.1/org.jetbrains.kotlin/kotlin-stdlib/1.7.10/d2abf9e77736acc4450dc4a3f707fa2c10f5099d/kotlin-stdlib-1.7.10.jar because:
[        ]   Build cache is disabled
[        ]   Caching not enabled.
[        ] Caching disabled for MergeInstrumentationAnalysisTransform: /root/.gradle/caches/modules-2/files-2.1/io.netty/netty-resolver/4.1.52.Final/1fd5a58ff5df4dc9bb3027a6fbf114767d9278d5/netty-resolver-4.1.52.Final.jar because:
[        ]   Build cache is disabled
[        ]   Caching not enabled.
[        ] Caching disabled for MergeInstrumentationAnalysisTransform: /root/.gradle/caches/modules-2/files-2.1/io.netty/netty-common/4.1.52.Final/715bfadb9f3bf86da38fa12b97b4aaa9828b4789/netty-common-4.1.52.Final.jar because:
[        ]   Build cache is disabled
[        ]   Caching not enabled.
[  +91 ms] Caching disabled for ExternalDependencyInstrumentingArtifactTransform: /root/.gradle/caches/modules-2/files-2.1/org.jetbrains.kotlin/kotlin-reflect/1.7.10/165e600dfea6185cf5efa700756294cc4904dbeb/kotlin-reflect-1.7.10.jar because:
[        ]   Build cache is disabled
[        ]   Caching not enabled.
[  +99 ms] Caching disabled for ExternalDependencyInstrumentingArtifactTransform: /root/.gradle/caches/modules-2/files-2.1/com.android.tools.build/builder/7.4.2/e0cb985a4d385b6c8e8155e13df8205f459ecac0/builder-7.4.2.jar because:
[        ]   Build cache is disabled
[        ]   Caching not enabled.
[        ] Caching disabled for MergeInstrumentationAnalysisTransform: /root/.gradle/caches/8.14/transforms/ba19182bbadb15511df0cad1a3f6baed/transformed/analysis/instrumentation-dependencies.bin because:
[        ]   Build cache is disabled
[        ]   Caching not enabled.
[        ] Caching disabled for MergeInstrumentationAnalysisTransform: /root/.gradle/caches/modules-2/files-2.1/com.google.crypto.tink/tink/1.3.0-rc2/c7efb1ecc3b667b8a0789a1b019b06269037e19b/tink-1.3.0-rc2.jar because:
[        ]   Build cache is disabled
[        ]   Caching not enabled.
[  +99 ms] Caching disabled for ExternalDependencyInstrumentingArtifactTransform: /root/.gradle/caches/modules-2/files-2.1/com.android.tools.analytics-library/protos/30.4.2/ffa08a769e27c0b4f0f9bc3151daef0f8d280a2e/protos-30.4.2.jar because:
[        ]   Build cache is disabled
[        ]   Caching not enabled.
[        ] Caching disabled for ExternalDependencyInstrumentingArtifactTransform: /root/.gradle/caches/modules-2/files-2.1/com.android.tools.build/gradle/7.4.2/87cb2d87280562820906f2a1ee3a12b047359a7/gradle-7.4.2.jar because:
[        ]   Build cache is disabled
[        ]   Caching not enabled.
[        ] Caching disabled for ExternalDependencyInstrumentingArtifactTransform: /root/.gradle/caches/modules-2/files-2.1/org.ow2.asm/asm/9.2/81a03f76019c67362299c40e0ba13405f5467bff/asm-9.2.jar because:
[        ]   Build cache is disabled
[        ]   Caching not enabled.
[ +199 ms] Caching disabled for ExternalDependencyInstrumentingArtifactTransform: /root/.gradle/caches/modules-2/files-2.1/com.android.tools.build/bundletool/1.11.4/7834f285553cf91a2a36f5919be1ffc4ce28ffda/bundletool-1.11.4.jar because:
[        ]   Build cache is disabled
[        ]   Caching not enabled.
[ +799 ms] Caching disabled for Groovy DSL script compilation (proj) because:
[        ]   Build cache is disabled
[        ]   Not worth caching.
[        ] Compiling build file '/root/.pub-cache/hosted/pub.dev/file_picker-8.3.7/android/build.gradle' using BuildScriptTransformer.
[  +99 ms] Using default execution profile
[ +299 ms] > Configure project :firebase_core
[        ] Evaluating project ':firebase_core' using build file '/root/.pub-cache/hosted/pub.dev/firebase_core-3.15.2/android/build.gradle'.
[        ] Caching disabled for Groovy DSL script compilation (cp_proj) because:
[        ]   Build cache is disabled
[        ]   Not worth caching.
[        ] Compiling build file '/root/.pub-cache/hosted/pub.dev/firebase_core-3.15.2/android/build.gradle' using SubsetScriptTransformer.
[        ] Caching disabled for Groovy DSL script compilation (proj) because:
[        ]   Build cache is disabled
[        ]   Not worth caching.
[        ] Compiling build file '/root/.pub-cache/hosted/pub.dev/firebase_core-3.15.2/android/build.gradle' using BuildScriptTransformer.
[        ] Using default execution profile
[        ] Caching disabled for Groovy DSL script compilation (cp_dsl) because:
[        ]   Build cache is disabled
[        ]   Not worth caching.
[        ] Compiling script '/root/.pub-cache/hosted/pub.dev/firebase_core-3.15.2/android/local-config.gradle' using SubsetScriptTransformer.
[        ] Caching disabled for Groovy DSL script compilation (dsl) because:
[        ]   Build cache is disabled
[        ]   Not worth caching.
[        ] Compiling script '/root/.pub-cache/hosted/pub.dev/firebase_core-3.15.2/android/local-config.gradle' using BuildScriptTransformer.
[        ] Caching disabled for Groovy DSL script compilation (cp_dsl) because:
[        ]   Build cache is disabled
[        ]   Not worth caching.
[        ] Compiling script '/root/.pub-cache/hosted/pub.dev/firebase_core-3.15.2/android/user-agent.gradle' using SubsetScriptTransformer.
[        ] Caching disabled for Groovy DSL script compilation (dsl) because:
[        ]   Build cache is disabled
[        ]   Not worth caching.
[        ] Compiling script '/root/.pub-cache/hosted/pub.dev/firebase_core-3.15.2/android/user-agent.gradle' using BuildScriptTransformer.
[ +198 ms] > Configure project :firebase_messaging
[        ] Evaluating project ':firebase_messaging' using build file '/root/.pub-cache/hosted/pub.dev/firebase_messaging-15.2.10/android/build.gradle'.
[        ] Caching disabled for Groovy DSL script compilation (cp_proj) because:
[        ]   Build cache is disabled
[        ]   Not worth caching.
[        ] Compiling build file '/root/.pub-cache/hosted/pub.dev/firebase_messaging-15.2.10/android/build.gradle' using SubsetScriptTransformer.
[        ] Caching disabled for Groovy DSL script compilation (proj) because:
[        ]   Build cache is disabled
[        ]   Not worth caching.
[        ] Compiling build file '/root/.pub-cache/hosted/pub.dev/firebase_messaging-15.2.10/android/build.gradle' using BuildScriptTransformer.
[        ] Using default execution profile
[        ] Caching disabled for Groovy DSL script compilation (cp_dsl) because:
[        ]   Build cache is disabled
[        ]   Not worth caching.
[        ] Compiling script '/root/.pub-cache/hosted/pub.dev/firebase_messaging-15.2.10/android/user-agent.gradle' using SubsetScriptTransformer.
[        ] Caching disabled for Groovy DSL script compilation (dsl) because:
[        ]   Build cache is disabled
[        ]   Not worth caching.
[        ] Compiling script '/root/.pub-cache/hosted/pub.dev/firebase_messaging-15.2.10/android/user-agent.gradle' using BuildScriptTransformer.
[+1999 ms] > Configure project :flutter_plugin_android_lifecycle
[        ] Evaluating project ':flutter_plugin_android_lifecycle' using build file '/root/.pub-cache/hosted/pub.dev/flutter_plugin_android_lifecycle-2.0.33/android/build.gradle'.
[        ] Caching disabled for Groovy DSL script compilation (cp_proj) because:
[        ]   Build cache is disabled
[        ]   Not worth caching.
[        ] Compiling build file '/root/.pub-cache/hosted/pub.dev/flutter_plugin_android_lifecycle-2.0.33/android/build.gradle' using SubsetScriptTransformer.
[        ] Downloading https://dl.google.com/dl/android/maven2/com/android/tools/build/gradle/8.13.1/gradle-8.13.1.pom to /root/.gradle/.tmp/gradle_download3219277713304160840bin
[        ] Downloading https://dl.google.com/dl/android/maven2/com/android/tools/build/gradle/8.13.1/gradle-8.13.1.module to /root/.gradle/.tmp/gradle_download13742570180533872587bin
[        ] Downloading https://dl.google.com/dl/android/maven2/com/android/tools/ddms/ddmlib/31.13.1/ddmlib-31.13.1.pom to /root/.gradle/.tmp/gradle_download12977836485452613991bin
[        ] Downloading https://dl.google.com/dl/android/maven2/com/android/tools/analytics-library/crash/31.13.1/crash-31.13.1.pom to /root/.gradle/.tmp/gradle_download14662751912976774929bin
[        ] Downloading https://dl.google.com/dl/android/maven2/androidx/databinding/databinding-compiler-common/8.13.1/databinding-compiler-common-8.13.1.pom to /root/.gradle/.tmp/gradle_download13887846055004429981bin
[        ] Downloading https://dl.google.com/dl/android/maven2/com/android/tools/sdklib/31.13.1/sdklib-31.13.1.pom to /root/.gradle/.tmp/gradle_download10296478223347815863bin
[        ] Downloading https://dl.google.com/dl/android/maven2/com/android/tools/repository/31.13.1/repository-31.13.1.pom to /root/.gradle/.tmp/gradle_download9749089897303127127bin
[        ] Downloading https://dl.google.com/dl/android/maven2/com/android/tools/lint/lint-model/31.13.1/lint-model-31.13.1.pom to /root/.gradle/.tmp/gradle_download14553456233605688774bin
[        ] Downloading https://dl.google.com/dl/android/maven2/com/android/tools/sdk-common/31.13.1/sdk-common-31.13.1.pom to /root/.gradle/.tmp/gradle_download5665546663406045100bin
[        ] Downloading https://dl.google.com/dl/android/maven2/com/android/tools/lint/lint-typedef-remover/31.13.1/lint-typedef-remover-31.13.1.pom to /root/.gradle/.tmp/gradle_download5896142764893709177bin
[        ] Downloading https://dl.google.com/dl/android/maven2/com/android/tools/analytics-library/shared/31.13.1/shared-31.13.1.pom to /root/.gradle/.tmp/gradle_download15134355053142384728bin
[        ] Downloading https://dl.google.com/dl/android/maven2/com/android/tools/build/aaptcompiler/8.13.1/aaptcompiler-8.13.1.pom to /root/.gradle/.tmp/gradle_download6054664882091811979bin
[        ] Downloading https://dl.google.com/dl/android/maven2/com/android/tools/build/aapt2-proto/8.13.1-13719691/aapt2-proto-8.13.1-13719691.pom to /root/.gradle/.tmp/gradle_download16168403961950276856bin
[        ] Downloading https://dl.google.com/dl/android/maven2/com/android/tools/build/gradle-settings-api/8.13.1/gradle-settings-api-8.13.1.pom to /root/.gradle/.tmp/gradle_download15334811458012083473bin
[        ] Downloading https://dl.google.com/dl/android/maven2/androidx/databinding/databinding-common/8.13.1/databinding-common-8.13.1.pom to /root/.gradle/.tmp/gradle_download7242606621304764679bin
[        ] Downloading https://dl.google.com/dl/android/maven2/com/android/tools/utp/android-test-plugin-host-emulator-control-proto/31.13.1/android-test-plugin-host-emulator-control-proto-31.13.1.pom to /root/.gradle/.tmp/gradle_download67205704600561448bin
[        ] Downloading https://dl.google.com/dl/android/maven2/com/android/tools/utp/android-device-provider-ddmlib-proto/31.13.1/android-device-provider-ddmlib-proto-31.13.1.pom to /root/.gradle/.tmp/gradle_download6411198867815574227bin
[        ] Downloading https://dl.google.com/dl/android/maven2/com/android/tools/utp/android-test-plugin-host-coverage-proto/31.13.1/android-test-plugin-host-coverage-proto-31.13.1.pom to /root/.gradle/.tmp/gradle_download8595884020826495328bin
[        ] Downloading https://dl.google.com/dl/android/maven2/com/android/tools/utp/android-device-provider-profile-proto/31.13.1/android-device-provider-profile-proto-31.13.1.pom to /root/.gradle/.tmp/gradle_download12645301098016517514bin
[        ] Downloading https://dl.google.com/dl/android/maven2/com/android/tools/build/aaptcompiler/8.13.1/aaptcompiler-8.13.1.module to /root/.gradle/.tmp/gradle_download13664920300279616293bin
[        ] Downloading https://dl.google.com/dl/android/maven2/com/android/tools/build/builder-test-api/8.13.1/builder-test-api-8.13.1.pom to /root/.gradle/.tmp/gradle_download3684103346578008192bin
[        ] Downloading https://dl.google.com/dl/android/maven2/com/android/tools/build/aapt2-proto/8.13.1-13719691/aapt2-proto-8.13.1-13719691.module to /root/.gradle/.tmp/gradle_download11204294566934830393bin
[        ] Downloading https://dl.google.com/dl/android/maven2/com/android/tools/layoutlib/layoutlib-api/31.13.1/layoutlib-api-31.13.1.pom to /root/.gradle/.tmp/gradle_download10584144284232190972bin
[        ] Downloading https://dl.google.com/dl/android/maven2/com/android/databinding/baseLibrary/8.13.1/baseLibrary-8.13.1.pom to /root/.gradle/.tmp/gradle_download10150672453134413406bin
[        ] Downloading https://dl.google.com/dl/android/maven2/com/android/tools/build/gradle-settings-api/8.13.1/gradle-settings-api-8.13.1.module to /root/.gradle/.tmp/gradle_download7297748013304494132bin
[        ] Downloading https://dl.google.com/dl/android/maven2/com/android/tools/utp/android-test-plugin-host-logcat-proto/31.13.1/android-test-plugin-host-logcat-proto-31.13.1.pom to /root/.gradle/.tmp/gradle_download15407570440085889708bin
[        ] Downloading https://dl.google.com/dl/android/maven2/com/android/tools/utp/android-test-plugin-host-additional-test-output-proto/31.13.1/android-test-plugin-host-additional-test-output-proto-31.13.1.pom to /root/.gradle/.tmp/gradle_download11797180774064308346bin
[        ] Resource missing. [HTTP GET: https://dl.google.com/dl/android/maven2/org/ow2/asm/asm/9.8/asm-9.8.pom]
[        ] Resource missing. [HTTP GET: https://dl.google.com/dl/android/maven2/org/jetbrains/kotlin/kotlin-stdlib/2.2.0/kotlin-stdlib-2.2.0.pom]
[  +98 ms] Resource missing. [HTTP GET: https://dl.google.com/dl/android/maven2/org/ow2/asm/asm-util/9.8/asm-util-9.8.pom]
[        ] Downloading https://dl.google.com/dl/android/maven2/com/android/tools/build/builder/8.13.1/builder-8.13.1.pom to /root/.gradle/.tmp/gradle_download13855743655189481377bin
[        ] Downloading https://repo.maven.apache.org/maven2/org/ow2/asm/asm/9.8/asm-9.8.pom to /root/.gradle/.tmp/gradle_download16554787941587790112bin
[        ] Downloading https://repo.maven.apache.org/maven2/org/jetbrains/kotlin/kotlin-stdlib/2.2.0/kotlin-stdlib-2.2.0.pom to /root/.gradle/.tmp/gradle_download5005624443024093697bin
[        ] Resource missing. [HTTP GET: https://dl.google.com/dl/android/maven2/org/ow2/asm/asm-analysis/9.8/asm-analysis-9.8.pom]
[        ] Downloading https://dl.google.com/dl/android/maven2/com/android/tools/utp/android-test-plugin-host-apk-installer-proto/31.13.1/android-test-plugin-host-apk-installer-proto-31.13.1.pom to /root/.gradle/.tmp/gradle_download10146610866635589169bin
[        ] Downloading https://repo.maven.apache.org/maven2/org/ow2/asm/asm-util/9.8/asm-util-9.8.pom to /root/.gradle/.tmp/gradle_download15304420577742652316bin
[        ] Downloading https://repo.maven.apache.org/maven2/org/jetbrains/kotlin/kotlin-stdlib/2.2.0/kotlin-stdlib-2.2.0.module to /root/.gradle/.tmp/gradle_download6429611812566420802bin
[        ] Downloading https://repo.maven.apache.org/maven2/org/ow2/asm/asm-analysis/9.8/asm-analysis-9.8.pom to /root/.gradle/.tmp/gradle_download6364017511555050900bin
[        ] Downloading https://dl.google.com/dl/android/maven2/com/android/tools/utp/android-test-plugin-result-listener-gradle-proto/31.13.1/android-test-plugin-result-listener-gradle-proto-31.13.1.pom to /root/.gradle/.tmp/gradle_download7429846095295012529bin
[  +99 ms] Resource missing. [HTTP GET: https://dl.google.com/dl/android/maven2/org/ow2/asm/asm-commons/9.8/asm-commons-9.8.pom]
[        ] Downloading https://repo.maven.apache.org/maven2/org/ow2/asm/asm-commons/9.8/asm-commons-9.8.pom to /root/.gradle/.tmp/gradle_download4184132822673123307bin
[        ] Downloading https://dl.google.com/dl/android/maven2/com/android/tools/build/builder-model/8.13.1/builder-model-8.13.1.pom to /root/.gradle/.tmp/gradle_download3873252046971654689bin
[        ] Downloading https://dl.google.com/dl/android/maven2/com/android/tools/build/builder-test-api/8.13.1/builder-test-api-8.13.1.module to /root/.gradle/.tmp/gradle_download3507258185342256080bin
[ +399 ms] Downloading https://dl.google.com/dl/android/maven2/com/android/tools/build/gradle-api/8.13.1/gradle-api-8.13.1.pom to /root/.gradle/.tmp/gradle_download3855248243356026735bin
[        ] Downloading https://dl.google.com/dl/android/maven2/com/android/tools/build/builder-model/8.13.1/builder-model-8.13.1.module to /root/.gradle/.tmp/gradle_download8858168281110068835bin
[  +99 ms] Downloading https://dl.google.com/dl/android/maven2/com/android/tools/build/builder/8.13.1/builder-8.13.1.module to /root/.gradle/.tmp/gradle_download13782576077478563386bin
[        ] Downloading https://dl.google.com/dl/android/maven2/com/android/tools/build/gradle-api/8.13.1/gradle-api-8.13.1.module to /root/.gradle/.tmp/gradle_download2798936300548660145bin
[ +599 ms] Downloading https://dl.google.com/dl/android/maven2/com/android/tools/build/gradle-common-api/8.13.1/gradle-common-api-8.13.1.pom to /root/.gradle/.tmp/gradle_download5449619410753200769bin
[  +99 ms] Downloading https://dl.google.com/dl/android/maven2/com/android/tools/build/gradle-common-api/8.13.1/gradle-common-api-8.13.1.module to /root/.gradle/.tmp/gradle_download5855485032140633067bin
[ +200 ms] Resource missing. [HTTP GET: https://dl.google.com/dl/android/maven2/org/jetbrains/kotlin/kotlin-stdlib-jdk8/2.2.0/kotlin-stdlib-jdk8-2.2.0.pom]
[        ] Resource missing. [HTTP GET: https://dl.google.com/dl/android/maven2/org/jetbrains/kotlin/kotlin-reflect/2.2.0/kotlin-reflect-2.2.0.pom]
[        ] Downloading https://repo.maven.apache.org/maven2/org/jetbrains/kotlin/kotlin-stdlib-jdk8/2.2.0/kotlin-stdlib-jdk8-2.2.0.pom to /root/.gradle/.tmp/gradle_download4809140026396492726bin
[        ] Downloading https://repo.maven.apache.org/maven2/org/jetbrains/kotlin/kotlin-reflect/2.2.0/kotlin-reflect-2.2.0.pom to /root/.gradle/.tmp/gradle_download6136857153882762181bin
[ +499 ms] Downloading https://dl.google.com/dl/android/maven2/com/android/tools/common/31.13.1/common-31.13.1.pom to /root/.gradle/.tmp/gradle_download2722414363405441114bin
[ +199 ms] Downloading https://dl.google.com/dl/android/maven2/com/android/tools/dvlib/31.13.1/dvlib-31.13.1.pom to /root/.gradle/.tmp/gradle_download7205248780076301448bin
[ +500 ms] Downloading https://dl.google.com/dl/android/maven2/com/android/tools/annotations/31.13.1/annotations-31.13.1.pom to /root/.gradle/.tmp/gradle_download13624098745614371564bin
[ +700 ms] Downloading https://dl.google.com/dl/android/maven2/com/android/tools/analytics-library/protos/31.13.1/protos-31.13.1.pom to /root/.gradle/.tmp/gradle_download2583931871720702524bin
[ +199 ms] Resource missing. [HTTP GET: https://dl.google.com/dl/android/maven2/org/ow2/asm/asm-tree/9.8/asm-tree-9.8.pom]
[        ] Downloading https://repo.maven.apache.org/maven2/org/ow2/asm/asm-tree/9.8/asm-tree-9.8.pom to /root/.gradle/.tmp/gradle_download1419759061869995826bin
[ +199 ms] Downloading https://dl.google.com/dl/android/maven2/com/android/tools/build/apkzlib/8.13.1/apkzlib-8.13.1.pom to /root/.gradle/.tmp/gradle_download12115397904615607725bin
[        ] Downloading https://dl.google.com/dl/android/maven2/com/android/zipflinger/8.13.1/zipflinger-8.13.1.pom to /root/.gradle/.tmp/gradle_download3651823825271993590bin
[        ] Downloading https://dl.google.com/dl/android/maven2/com/android/tools/analytics-library/tracker/31.13.1/tracker-31.13.1.pom to /root/.gradle/.tmp/gradle_download14297494257250719608bin
[        ] Downloading https://dl.google.com/dl/android/maven2/com/android/tools/build/apksig/8.13.1/apksig-8.13.1.pom to /root/.gradle/.tmp/gradle_download6513198915145004932bin
[        ] Downloading https://dl.google.com/dl/android/maven2/com/android/tools/build/manifest-merger/31.13.1/manifest-merger-31.13.1.pom to /root/.gradle/.tmp/gradle_download7830988010285801655bin
[ +399 ms] Downloading https://dl.google.com/dl/android/maven2/com/android/signflinger/8.13.1/signflinger-8.13.1.pom to /root/.gradle/.tmp/gradle_download13598074292335765159bin
[ +200 ms] Downloading https://dl.google.com/dl/android/maven2/com/android/tools/build/manifest-merger/31.13.1/manifest-merger-31.13.1.module to /root/.gradle/.tmp/gradle_download5444193467038953515bin
[ +200 ms] Resource missing. [HTTP GET: https://dl.google.com/dl/android/maven2/org/jetbrains/kotlin/kotlin-stdlib-jdk7/2.2.0/kotlin-stdlib-jdk7-2.2.0.pom]
[        ] Downloading https://repo.maven.apache.org/maven2/org/jetbrains/kotlin/kotlin-stdlib-jdk7/2.2.0/kotlin-stdlib-jdk7-2.2.0.pom to /root/.gradle/.tmp/gradle_download3529457577898012656bin
[  +99 ms] Downloading https://dl.google.com/dl/android/maven2/com/android/tools/build/builder-test-api/8.13.1/builder-test-api-8.13.1.jar to /root/.gradle/.tmp/gradle_download2605068848320210636bin
[        ] Downloading https://dl.google.com/dl/android/maven2/com/android/tools/lint/lint-model/31.13.1/lint-model-31.13.1.jar to /root/.gradle/.tmp/gradle_download1171965993459555208bin
[        ] Downloading https://dl.google.com/dl/android/maven2/com/android/tools/build/gradle-settings-api/8.13.1/gradle-settings-api-8.13.1.jar to /root/.gradle/.tmp/gradle_download6551191774755564799bin
[        ] Downloading https://dl.google.com/dl/android/maven2/com/android/tools/sdklib/31.13.1/sdklib-31.13.1.jar to /root/.gradle/.tmp/gradle_download15061857564205470253bin
[        ] Downloading https://dl.google.com/dl/android/maven2/com/android/tools/build/gradle-common-api/8.13.1/gradle-common-api-8.13.1.jar to /root/.gradle/.tmp/gradle_download54713428429845307bin
[        ] Downloading https://dl.google.com/dl/android/maven2/com/android/tools/build/builder/8.13.1/builder-8.13.1.jar to /root/.gradle/.tmp/gradle_download15704868104582817399bin
[        ] Downloading https://dl.google.com/dl/android/maven2/com/android/tools/repository/31.13.1/repository-31.13.1.jar to /root/.gradle/.tmp/gradle_download9133291506136303091bin
[        ] Downloading https://dl.google.com/dl/android/maven2/com/android/tools/build/gradle/8.13.1/gradle-8.13.1.jar to /root/.gradle/.tmp/gradle_download1227909638195733350bin
[  +99 ms] Downloading https://dl.google.com/dl/android/maven2/com/android/tools/sdk-common/31.13.1/sdk-common-31.13.1.jar to /root/.gradle/.tmp/gradle_download5438663389922443309bin
[        ] Downloading https://dl.google.com/dl/android/maven2/com/android/tools/ddms/ddmlib/31.13.1/ddmlib-31.13.1.jar to /root/.gradle/.tmp/gradle_download2679431798092879358bin
[        ] Downloading https://dl.google.com/dl/android/maven2/com/android/tools/build/gradle-api/8.13.1/gradle-api-8.13.1.jar to /root/.gradle/.tmp/gradle_download18118825807581508744bin
[ +399 ms] Downloading https://dl.google.com/dl/android/maven2/com/android/tools/build/manifest-merger/31.13.1/manifest-merger-31.13.1.jar to /root/.gradle/.tmp/gradle_download9277552018925668087bin
[  +99 ms] Downloading https://dl.google.com/dl/android/maven2/androidx/databinding/databinding-common/8.13.1/databinding-common-8.13.1.jar to /root/.gradle/.tmp/gradle_download14552682461397432752bin
[        ] Downloading https://dl.google.com/dl/android/maven2/com/android/tools/build/aapt2-proto/8.13.1-13719691/aapt2-proto-8.13.1-13719691.jar to /root/.gradle/.tmp/gradle_download7302125722229994882bin
[        ] Downloading https://dl.google.com/dl/android/maven2/com/android/tools/analytics-library/crash/31.13.1/crash-31.13.1.jar to /root/.gradle/.tmp/gradle_download7291711067050635041bin
[        ] Downloading https://dl.google.com/dl/android/maven2/com/android/tools/analytics-library/tracker/31.13.1/tracker-31.13.1.jar to /root/.gradle/.tmp/gradle_download11059146194965710225bin
[        ] Downloading https://dl.google.com/dl/android/maven2/androidx/databinding/databinding-compiler-common/8.13.1/databinding-compiler-common-8.13.1.jar to /root/.gradle/.tmp/gradle_download9325298397538776894bin
[        ] Downloading https://dl.google.com/dl/android/maven2/com/android/tools/analytics-library/shared/31.13.1/shared-31.13.1.jar to /root/.gradle/.tmp/gradle_download11591887155512462427bin
[        ] Downloading https://dl.google.com/dl/android/maven2/com/android/tools/lint/lint-typedef-remover/31.13.1/lint-typedef-remover-31.13.1.jar to /root/.gradle/.tmp/gradle_download5491035909430485693bin
[        ] Downloading https://dl.google.com/dl/android/maven2/com/android/tools/layoutlib/layoutlib-api/31.13.1/layoutlib-api-31.13.1.jar to /root/.gradle/.tmp/gradle_download14328280550026863528bin
[        ] Downloading https://dl.google.com/dl/android/maven2/com/android/tools/build/aaptcompiler/8.13.1/aaptcompiler-8.13.1.jar to /root/.gradle/.tmp/gradle_download14409960008234553846bin
[        ] Downloading https://dl.google.com/dl/android/maven2/com/android/databinding/baseLibrary/8.13.1/baseLibrary-8.13.1.jar to /root/.gradle/.tmp/gradle_download11497061656108189810bin
[  +99 ms] Downloading https://dl.google.com/dl/android/maven2/com/android/tools/utp/android-device-provider-ddmlib-proto/31.13.1/android-device-provider-ddmlib-proto-31.13.1.jar to /root/.gradle/.tmp/gradle_download15326123934793184634bin
[        ] Downloading https://repo.maven.apache.org/maven2/org/jetbrains/kotlin/kotlin-reflect/2.2.0/kotlin-reflect-2.2.0.jar to /root/.gradle/.tmp/gradle_download4954981250721513758bin
[        ] Downloading https://repo.maven.apache.org/maven2/org/jetbrains/kotlin/kotlin-stdlib-jdk8/2.2.0/kotlin-stdlib-jdk8-2.2.0.jar to /root/.gradle/.tmp/gradle_download9930129897041146020bin
[        ] Downloading https://dl.google.com/dl/android/maven2/com/android/tools/utp/android-test-plugin-host-coverage-proto/31.13.1/android-test-plugin-host-coverage-proto-31.13.1.jar to /root/.gradle/.tmp/gradle_download16357136257815863491bin
[  +99 ms] Downloading https://repo.maven.apache.org/maven2/org/jetbrains/kotlin/kotlin-stdlib-jdk7/2.2.0/kotlin-stdlib-jdk7-2.2.0.jar to /root/.gradle/.tmp/gradle_download12140227995876217805bin
[        ] Downloading https://dl.google.com/dl/android/maven2/com/android/tools/utp/android-device-provider-profile-proto/31.13.1/android-device-provider-profile-proto-31.13.1.jar to /root/.gradle/.tmp/gradle_download14736578366996020153bin
[        ] Downloading https://repo.maven.apache.org/maven2/org/jetbrains/kotlin/kotlin-stdlib/2.2.0/kotlin-stdlib-2.2.0.jar to /root/.gradle/.tmp/gradle_download2655638383399916062bin
[        ] Downloading https://repo.maven.apache.org/maven2/org/ow2/asm/asm-commons/9.8/asm-commons-9.8.jar to /root/.gradle/.tmp/gradle_download18346629346389742593bin
[        ] Downloading https://dl.google.com/dl/android/maven2/com/android/tools/utp/android-test-plugin-host-emulator-control-proto/31.13.1/android-test-plugin-host-emulator-control-proto-31.13.1.jar to /root/.gradle/.tmp/gradle_download13579644906610148937bin
[        ] Downloading https://repo.maven.apache.org/maven2/org/ow2/asm/asm-analysis/9.8/asm-analysis-9.8.jar to /root/.gradle/.tmp/gradle_download10367521010512088265bin
[        ] Downloading https://repo.maven.apache.org/maven2/org/ow2/asm/asm/9.8/asm-9.8.jar to /root/.gradle/.tmp/gradle_download2411786681680756090bin
[        ] Downloading https://repo.maven.apache.org/maven2/org/ow2/asm/asm-util/9.8/asm-util-9.8.jar to /root/.gradle/.tmp/gradle_download18179769511313267890bin
[        ] Downloading https://dl.google.com/dl/android/maven2/com/android/tools/common/31.13.1/common-31.13.1.jar to /root/.gradle/.tmp/gradle_download8942958347475146293bin
[        ] Downloading https://repo.maven.apache.org/maven2/org/ow2/asm/asm-tree/9.8/asm-tree-9.8.jar to /root/.gradle/.tmp/gradle_download1160556505410291846bin
[        ] Downloading https://dl.google.com/dl/android/maven2/com/android/tools/utp/android-test-plugin-host-logcat-proto/31.13.1/android-test-plugin-host-logcat-proto-31.13.1.jar to /root/.gradle/.tmp/gradle_download1863111456577982775bin
[  +99 ms] Downloading https://dl.google.com/dl/android/maven2/com/android/tools/build/builder-model/8.13.1/builder-model-8.13.1.jar to /root/.gradle/.tmp/gradle_download2938082557430073138bin
[ +100 ms] Downloading https://dl.google.com/dl/android/maven2/com/android/tools/utp/android-test-plugin-host-additional-test-output-proto/31.13.1/android-test-plugin-host-additional-test-output-proto-31.13.1.jar to /root/.gradle/.tmp/gradle_download10441076124995038938bin
[        ] Downloading https://dl.google.com/dl/android/maven2/com/android/tools/utp/android-test-plugin-result-listener-gradle-proto/31.13.1/android-test-plugin-result-listener-gradle-proto-31.13.1.jar to /root/.gradle/.tmp/gradle_download17960360727880422591bin
[        ] Downloading https://dl.google.com/dl/android/maven2/com/android/tools/annotations/31.13.1/annotations-31.13.1.jar to /root/.gradle/.tmp/gradle_download16787289261191421454bin
[ +199 ms] Downloading https://dl.google.com/dl/android/maven2/com/android/tools/utp/android-test-plugin-host-apk-installer-proto/31.13.1/android-test-plugin-host-apk-installer-proto-31.13.1.jar to /root/.gradle/.tmp/gradle_download13903698023811259854bin
[        ] Downloading https://dl.google.com/dl/android/maven2/com/android/tools/dvlib/31.13.1/dvlib-31.13.1.jar to /root/.gradle/.tmp/gradle_download11684626373460572209bin
[ +100 ms] Downloading https://dl.google.com/dl/android/maven2/com/android/tools/analytics-library/protos/31.13.1/protos-31.13.1.jar to /root/.gradle/.tmp/gradle_download15320346031360531224bin
[        ] Downloading https://dl.google.com/dl/android/maven2/com/android/signflinger/8.13.1/signflinger-8.13.1.jar to /root/.gradle/.tmp/gradle_download16789468467730477274bin
[        ] Downloading https://dl.google.com/dl/android/maven2/com/android/tools/build/apksig/8.13.1/apksig-8.13.1.jar to /root/.gradle/.tmp/gradle_download16344430339706753365bin
[        ] Downloading https://dl.google.com/dl/android/maven2/com/android/tools/build/apkzlib/8.13.1/apkzlib-8.13.1.jar to /root/.gradle/.tmp/gradle_download16837292224378007918bin
[ +100 ms] Downloading https://dl.google.com/dl/android/maven2/com/android/zipflinger/8.13.1/zipflinger-8.13.1.jar to /root/.gradle/.tmp/gradle_download14065630261901225594bin
[ +199 ms] Caching disabled for InstrumentationAnalysisTransform: /root/.gradle/caches/modules-2/files-2.1/com.android.tools.build/gradle/8.13.1/82c6f91119e69ca2068c9a0b549930bfe60385b5/gradle-8.13.1.jar because:
[        ]   Build cache is disabled
[        ]   Caching not enabled.
[        ] Caching disabled for InstrumentationAnalysisTransform: /root/.gradle/caches/modules-2/files-2.1/com.android.tools.build/gradle-api/8.13.1/e41680ebe83add1df9ca89997245c316ab100d15/gradle-api-8.13.1.jar because:
[        ]   Build cache is disabled
[        ]   Caching not enabled.
[        ] Caching disabled for InstrumentationAnalysisTransform: /root/.gradle/caches/modules-2/files-2.1/com.android.tools.build/gradle-common-api/8.13.1/58727f905600cc290e9b1868639c7eb95627d829/gradle-common-api-8.13.1.jar because:
[        ]   Build cache is disabled
[        ]   Caching not enabled.
[        ] Caching disabled for InstrumentationAnalysisTransform: /root/.gradle/caches/modules-2/files-2.1/com.android.tools.build/gradle-settings-api/8.13.1/a1a79b278dda0f47d7684f9c04c5d19a437fbafa/gradle-settings-api-8.13.1.jar because:
[        ]   Build cache is disabled
[        ]   Caching not enabled.
[        ] Caching disabled for InstrumentationAnalysisTransform: /root/.gradle/caches/modules-2/files-2.1/com.android.tools.lint/lint-model/31.13.1/2a075401e908da1ee9389d5f1c7d790743158df6/lint-model-31.13.1.jar because:
[        ]   Build cache is disabled
[        ]   Caching not enabled.
[        ] Caching disabled for InstrumentationAnalysisTransform: /root/.gradle/caches/modules-2/files-2.1/com.android.tools.build/builder/8.13.1/74bd2ef9a01c850add1329fbe4c118fb6706e748/builder-8.13.1.jar because:
[        ]   Build cache is disabled
[        ]   Caching not enabled.
[        ] Caching disabled for InstrumentationAnalysisTransform: /root/.gradle/caches/modules-2/files-2.1/com.android.tools.build/manifest-merger/31.13.1/bc8fb40ddd58a6c7cfbe592f60652d5847952990/manifest-merger-31.13.1.jar because:
[        ]   Build cache is disabled
[        ]   Caching not enabled.
[        ] Caching disabled for InstrumentationAnalysisTransform: /root/.gradle/caches/modules-2/files-2.1/com.android.tools/sdk-common/31.13.1/58ba9dc3f16bd818267502fd382aa2c5bdbd7a6f/sdk-common-31.13.1.jar because:
[        ]   Build cache is disabled
[        ]   Caching not enabled.
[        ] Caching disabled for InstrumentationAnalysisTransform: /root/.gradle/caches/modules-2/files-2.1/com.android.tools/sdklib/31.13.1/3ad84fc709b8e85533da11e91b97c88a5825ef7f/sdklib-31.13.1.jar because:
[        ]   Build cache is disabled
[        ]   Caching not enabled.
[        ] Caching disabled for InstrumentationAnalysisTransform: /root/.gradle/caches/modules-2/files-2.1/com.android.tools/repository/31.13.1/6ba0f911b4da8aaa0981d08fe80219aa476fef77/repository-31.13.1.jar because:
[        ]   Build cache is disabled
[        ]   Caching not enabled.
[        ] Caching disabled for InstrumentationAnalysisTransform: /root/.gradle/caches/modules-2/files-2.1/com.android.tools.build/builder-test-api/8.13.1/639aff5d6b76acab25ffb0c2f82f26d2a480634b/builder-test-api-8.13.1.jar because:
[        ]   Build cache is disabled
[        ]   Caching not enabled.
[        ] Caching disabled for InstrumentationAnalysisTransform: /root/.gradle/caches/modules-2/files-2.1/com.android.tools.ddms/ddmlib/31.13.1/772f1af975b6cbb75b0e69727e1c2d3d58f89f3f/ddmlib-31.13.1.jar because:
[        ]   Build cache is disabled
[        ]   Caching not enabled.
[        ] Caching disabled for InstrumentationAnalysisTransform: /root/.gradle/caches/modules-2/files-2.1/com.android.tools.build/aaptcompiler/8.13.1/e6ddb629149be06829a55c626cf79ef83c99e7e1/aaptcompiler-8.13.1.jar because:
[        ]   Build cache is disabled
[        ]   Caching not enabled.
[        ] Caching disabled for InstrumentationAnalysisTransform: /root/.gradle/caches/modules-2/files-2.1/com.android.tools.build/aapt2-proto/8.13.1-13719691/40a5b5c6f065182d193638b42644bb6f389ff70b/aapt2-proto-8.13.1-13719691.jar because:
[        ]   Build cache is disabled
[        ]   Caching not enabled.
[        ] Caching disabled for InstrumentationAnalysisTransform: /root/.gradle/caches/modules-2/files-2.1/com.android.tools.analytics-library/crash/31.13.1/80c9f1f06e8d48d60fa91f4db811cf863e13c67f/crash-31.13.1.jar because:
[        ]   Build cache is disabled
[        ]   Caching not enabled.
[        ] Caching disabled for InstrumentationAnalysisTransform: /root/.gradle/caches/modules-2/files-2.1/com.android.tools.analytics-library/tracker/31.13.1/d1c2e46c754b3e31cef44e58e391f507ca55db8f/tracker-31.13.1.jar because:
[        ]   Build cache is disabled
[        ]   Caching not enabled.
[        ] Caching disabled for InstrumentationAnalysisTransform: /root/.gradle/caches/modules-2/files-2.1/com.android.tools.analytics-library/shared/31.13.1/c151a4c2f5827b7a256cdd39e309e0a99d5d312d/shared-31.13.1.jar because:
[        ]   Build cache is disabled
[        ]   Caching not enabled.
[        ] Caching disabled for InstrumentationAnalysisTransform: /root/.gradle/caches/modules-2/files-2.1/com.android.tools.lint/lint-typedef-remover/31.13.1/bc9756d95080ee30b518adf2c02d70dea0930feb/lint-typedef-remover-31.13.1.jar because:
[        ]   Build cache is disabled
[        ]   Caching not enabled.
[        ] Caching disabled for InstrumentationAnalysisTransform: /root/.gradle/caches/modules-2/files-2.1/androidx.databinding/databinding-compiler-common/8.13.1/2ba55add3fe8e50228034c3ee528d2c792d1f5eb/databinding-compiler-common-8.13.1.jar because:
[        ]   Build cache is disabled
[        ]   Caching not enabled.
[        ] Caching disabled for InstrumentationAnalysisTransform: /root/.gradle/caches/modules-2/files-2.1/androidx.databinding/databinding-common/8.13.1/2be3530b78477835e69dce953b17adc1dbc5c6fa/databinding-common-8.13.1.jar because:
[        ]   Build cache is disabled
[        ]   Caching not enabled.
[        ] Caching disabled for InstrumentationAnalysisTransform: /root/.gradle/caches/modules-2/files-2.1/com.android.databinding/baseLibrary/8.13.1/7e7399239e52d4069896277615e005add7ae8e5a/baseLibrary-8.13.1.jar because:
[        ]   Build cache is disabled
[        ]   Caching not enabled.
[        ] Caching disabled for InstrumentationAnalysisTransform: /root/.gradle/caches/modules-2/files-2.1/com.android.tools.layoutlib/layoutlib-api/31.13.1/3b7f1fe9c54d6fd684a3fd3b8feffeedfe546fd4/layoutlib-api-31.13.1.jar because:
[        ]   Build cache is disabled
[        ]   Caching not enabled.
[        ] Caching disabled for InstrumentationAnalysisTransform: /root/.gradle/caches/modules-2/files-2.1/com.android.tools.utp/android-device-provider-ddmlib-proto/31.13.1/9f96225642b573079e5544a619b18b815b3dc70f/android-device-provider-ddmlib-proto-31.13.1.jar because:
[        ]   Build cache is disabled
[        ]   Caching not enabled.
[        ] Caching disabled for InstrumentationAnalysisTransform: /root/.gradle/caches/modules-2/files-2.1/com.android.tools.utp/android-device-provider-profile-proto/31.13.1/7823ffdbacbe3e46ce243d459f946467b7126135/android-device-provider-profile-proto-31.13.1.jar because:
[        ]   Build cache is disabled
[        ]   Caching not enabled.
[        ] Caching disabled for InstrumentationAnalysisTransform: /root/.gradle/caches/modules-2/files-2.1/com.android.tools.utp/android-test-plugin-host-additional-test-output-proto/31.13.1/fe467239b47e0709ba9bf1e2e9fccaabc6cabc22/android-test-plugin-host-additional-test-output-proto-31.13.1.jar because:
[        ]   Build cache is disabled
[        ]   Caching not enabled.
[        ] Caching disabled for InstrumentationAnalysisTransform: /root/.gradle/caches/modules-2/files-2.1/com.android.tools.utp/android-test-plugin-host-coverage-proto/31.13.1/1ee63a78550acb6f922531668f4eb83dddf45e/android-test-plugin-host-coverage-proto-31.13.1.jar because:
[        ]   Build cache is disabled
[        ]   Caching not enabled.
[        ] Caching disabled for InstrumentationAnalysisTransform: /root/.gradle/caches/modules-2/files-2.1/com.android.tools.utp/android-test-plugin-host-logcat-proto/31.13.1/2b1de9f172f374f9d8a0f60d0d7d556df7c30d14/android-test-plugin-host-logcat-proto-31.13.1.jar because:
[        ]   Build cache is disabled
[        ]   Caching not enabled.
[        ] Caching disabled for InstrumentationAnalysisTransform: /root/.gradle/caches/modules-2/files-2.1/com.android.tools.utp/android-test-plugin-host-emulator-control-proto/31.13.1/9ad66b4b96af8d226c9d899030d9acdd101d03ed/android-test-plugin-host-emulator-control-proto-31.13.1.jar because:
[        ]   Build cache is disabled
[        ]   Caching not enabled.
[        ] Caching disabled for InstrumentationAnalysisTransform: /root/.gradle/caches/modules-2/files-2.1/com.android.tools.utp/android-test-plugin-host-apk-installer-proto/31.13.1/915dc4efd7db61b0c2bb16f88dcf640e824a232d/android-test-plugin-host-apk-installer-proto-31.13.1.jar because:
[        ]   Build cache is disabled
[        ]   Caching not enabled.
[        ] Caching disabled for InstrumentationAnalysisTransform: /root/.gradle/caches/modules-2/files-2.1/com.android.tools.utp/android-test-plugin-result-listener-gradle-proto/31.13.1/dbbef067ddf95379b587f6aa2baa93d3eb3342eb/android-test-plugin-result-listener-gradle-proto-31.13.1.jar because:
[        ]   Build cache is disabled
[        ]   Caching not enabled.
[        ] Caching disabled for InstrumentationAnalysisTransform: /root/.gradle/caches/modules-2/files-2.1/com.android.tools.build/builder-model/8.13.1/26e2f0870bac7e2dfda3cd76dd5ca15f3a2a425c/builder-model-8.13.1.jar because:
[        ]   Build cache is disabled
[        ]   Caching not enabled.
[        ] Caching disabled for InstrumentationAnalysisTransform: /root/.gradle/caches/modules-2/files-2.1/org.jetbrains.kotlin/kotlin-reflect/2.2.0/4258f471b10f4fce1b1c000b59495b7413e1af9a/kotlin-reflect-2.2.0.jar because:
[        ]   Build cache is disabled
[        ]   Caching not enabled.
[        ] Caching disabled for InstrumentationAnalysisTransform: /root/.gradle/caches/modules-2/files-2.1/com.android.tools/dvlib/31.13.1/6079cc9f2fa5f5104b20779ca98faa1c495bb7f1/dvlib-31.13.1.jar because:
[        ]   Build cache is disabled
[        ]   Caching not enabled.
[        ] Caching disabled for InstrumentationAnalysisTransform: /root/.gradle/caches/modules-2/files-2.1/org.jetbrains.kotlin/kotlin-stdlib-jdk7/2.2.0/bfd42edfc4f88de5a02131108ab800fb32d53d03/kotlin-stdlib-jdk7-2.2.0.jar because:
[        ]   Build cache is disabled
[        ]   Caching not enabled.
[        ] Caching disabled for InstrumentationAnalysisTransform: /root/.gradle/caches/modules-2/files-2.1/org.jetbrains.kotlin/kotlin-stdlib-jdk8/2.2.0/ed572b04cd66acce7837ad753e4fe64d9c536025/kotlin-stdlib-jdk8-2.2.0.jar because:
[        ]   Build cache is disabled
[        ]   Caching not enabled.
[        ] Caching disabled for InstrumentationAnalysisTransform: /root/.gradle/caches/modules-2/files-2.1/com.android.tools/common/31.13.1/f3820127fd5671633558e4abdabe234d9d37ab0e/common-31.13.1.jar because:
[        ]   Build cache is disabled
[        ]   Caching not enabled.
[        ] Caching disabled for InstrumentationAnalysisTransform: /root/.gradle/caches/modules-2/files-2.1/org.jetbrains.kotlin/kotlin-stdlib/2.2.0/fdfc65fbc42fda253a26f61dac3c0aca335fae96/kotlin-stdlib-2.2.0.jar because:
[        ]   Build cache is disabled
[        ]   Caching not enabled.
[        ] Caching disabled for InstrumentationAnalysisTransform: /root/.gradle/caches/modules-2/files-2.1/org.ow2.asm/asm-commons/9.8/36e4d212970388e5bd2c5180292012502df461bb/asm-commons-9.8.jar because:
[        ]   Build cache is disabled
[   +1 ms]   Caching not enabled.
[        ] Caching disabled for InstrumentationAnalysisTransform: /root/.gradle/caches/modules-2/files-2.1/org.ow2.asm/asm-util/9.8/395f1c1f035258511f27bc9b2583d76e4b143f59/asm-util-9.8.jar because:
[        ]   Build cache is disabled
[        ]   Caching not enabled.
[        ] Caching disabled for InstrumentationAnalysisTransform: /root/.gradle/caches/modules-2/files-2.1/org.ow2.asm/asm-analysis/9.8/b9747a320844b6cb1eacd90d8ecfd260a16c01d3/asm-analysis-9.8.jar because:
[        ]   Build cache is disabled
[        ]   Caching not enabled.
[        ] Caching disabled for InstrumentationAnalysisTransform: /root/.gradle/caches/modules-2/files-2.1/org.ow2.asm/asm-tree/9.8/18419ca5b77a2f81097c741e7872e6ab8d2f40d/asm-tree-9.8.jar because:
[        ]   Build cache is disabled
[        ]   Caching not enabled.
[        ] Caching disabled for InstrumentationAnalysisTransform: /root/.gradle/caches/modules-2/files-2.1/org.ow2.asm/asm/9.8/dc19ecb3f7889b7860697215cae99c0f9b6f6b4b/asm-9.8.jar because:
[        ]   Build cache is disabled
[        ]   Caching not enabled.
[        ] Caching disabled for InstrumentationAnalysisTransform: /root/.gradle/caches/modules-2/files-2.1/com.android.tools.build/apkzlib/8.13.1/ea2327cd7a67c0fc9a4d26f035b922dff11c7219/apkzlib-8.13.1.jar because:
[        ]   Build cache is disabled
[        ]   Caching not enabled.
[  +92 ms] Caching disabled for InstrumentationAnalysisTransform: /root/.gradle/caches/modules-2/files-2.1/com.android.tools.analytics-library/protos/31.13.1/568520224f5c347add38c2bef3d0288ae11f8d31/protos-31.13.1.jar because:
[        ]   Build cache is disabled
[        ]   Caching not enabled.
[        ] Caching disabled for InstrumentationAnalysisTransform: /root/.gradle/caches/modules-2/files-2.1/com.android/signflinger/8.13.1/13f035dd8e7e470ff8f3216a0b46333187f26df5/signflinger-8.13.1.jar because:
[        ]   Build cache is disabled
[        ]   Caching not enabled.
[        ] Caching disabled for InstrumentationAnalysisTransform: /root/.gradle/caches/modules-2/files-2.1/com.android/zipflinger/8.13.1/b0422efcca01a66e2d7d2e07dbabcfd1f5cdfd6f/zipflinger-8.13.1.jar because:
[        ]   Build cache is disabled
[        ]   Caching not enabled.
[        ] Caching disabled for InstrumentationAnalysisTransform: /root/.gradle/caches/modules-2/files-2.1/com.android.tools/annotations/31.13.1/a9a04a78f42fdb0276a0fc7fd538890f856a9753/annotations-31.13.1.jar because:
[        ]   Build cache is disabled
[        ]   Caching not enabled.
[        ] Caching disabled for InstrumentationAnalysisTransform: /root/.gradle/caches/modules-2/files-2.1/com.android.tools.build/apksig/8.13.1/f005788487574c7d6ba23dea63bf8cb3a4f164a6/apksig-8.13.1.jar because:
[        ]   Build cache is disabled
[        ]   Caching not enabled.
[  +99 ms] Caching disabled for MergeInstrumentationAnalysisTransform: /root/.gradle/caches/8.14/transforms/14a733dc53ea14a6bea72c228810bb34/transformed/.gradle-instrumented-classpath.marker because:
[        ]   Build cache is disabled
[        ]   Caching not enabled.
[        ] Caching disabled for MergeInstrumentationAnalysisTransform: /root/.gradle/caches/8.14/transforms/14a733dc53ea14a6bea72c228810bb34/transformed/analysis/instrumentation-hierarchy.bin because:
[        ]   Build cache is disabled
[        ]   Caching not enabled.
[        ] Caching disabled for MergeInstrumentationAnalysisTransform: /root/.gradle/caches/8.14/transforms/82efe8c800859c9fe6d0544012ddffbf/transformed/analysis/instrumentation-hierarchy.bin because:
[        ]   Build cache is disabled
[        ]   Caching not enabled.
[        ] Caching disabled for MergeInstrumentationAnalysisTransform: /root/.gradle/caches/8.14/transforms/240395105f07586c7715e4ab73799146/transformed/analysis/instrumentation-hierarchy.bin because:
[        ]   Build cache is disabled
[        ]   Caching not enabled.
[        ] Caching disabled for MergeInstrumentationAnalysisTransform: /root/.gradle/caches/8.14/transforms/c459c30ade306edbb049a892626d5ef9/transformed/analysis/instrumentation-hierarchy.bin because:
[        ]   Build cache is disabled
[        ]   Caching not enabled.
[        ] Caching disabled for MergeInstrumentationAnalysisTransform: /root/.gradle/caches/8.14/transforms/0bb2963fb9fa5282007c71cc8703b2d2/transformed/analysis/instrumentation-hierarchy.bin because:
[        ]   Build cache is disabled
[        ]   Caching not enabled.
[        ] Caching disabled for MergeInstrumentationAnalysisTransform: /root/.gradle/caches/8.14/transforms/d17e30f6eb734ae300bc3ca331d39129/transformed/analysis/instrumentation-hierarchy.bin because:
[        ]   Build cache is disabled
[        ]   Caching not enabled.
[        ] Caching disabled for MergeInstrumentationAnalysisTransform: /root/.gradle/caches/8.14/transforms/b1aed86378475831084a1c1f14ba9caf/transformed/analysis/instrumentation-hierarchy.bin because:
[        ]   Build cache is disabled
[        ]   Caching not enabled.
[        ] Caching disabled for MergeInstrumentationAnalysisTransform: /root/.gradle/caches/8.14/transforms/827bb1f89e2cb31df20af7893626f0dd/transformed/analysis/instrumentation-hierarchy.bin because:
[        ]   Build cache is disabled
[        ]   Caching not enabled.
[        ] Caching disabled for MergeInstrumentationAnalysisTransform: /root/.gradle/caches/8.14/transforms/a70877f1b812831b905e0b06cec3dc77/transformed/analysis/instrumentation-hierarchy.bin because:
[        ]   Build cache is disabled
[        ]   Caching not enabled.
[        ] Caching disabled for MergeInstrumentationAnalysisTransform: /root/.gradle/caches/8.14/transforms/a00ae5b0ab1cba426127563cfdc6e70e/transformed/analysis/instrumentation-hierarchy.bin because:
[        ]   Build cache is disabled
[        ]   Caching not enabled.
[        ] Caching disabled for MergeInstrumentationAnalysisTransform: /root/.gradle/caches/8.14/transforms/d8e71db3e8105af2e2e57b9f44e4ae6d/transformed/analysis/instrumentation-hierarchy.bin because:
[        ]   Build cache is disabled
[        ]   Caching not enabled.
[        ] Caching disabled for MergeInstrumentationAnalysisTransform: /root/.gradle/caches/8.14/transforms/67c923cccef5ed8369a45e23b1151d33/transformed/analysis/instrumentation-hierarchy.bin because:
[        ]   Build cache is disabled
[        ]   Caching not enabled.
[        ] Caching disabled for MergeInstrumentationAnalysisTransform: /root/.gradle/caches/8.14/transforms/14a733dc53ea14a6bea72c228810bb34/transformed/analysis/instrumentation-dependencies.bin because:
[        ]   Build cache is disabled
[        ]   Caching not enabled.
[        ] Caching disabled for MergeInstrumentationAnalysisTransform: /root/.gradle/caches/8.14/transforms/82efe8c800859c9fe6d0544012ddffbf/transformed/analysis/instrumentation-dependencies.bin because:
[        ]   Build cache is disabled
[        ]   Caching not enabled.
[        ] Caching disabled for MergeInstrumentationAnalysisTransform: /root/.gradle/caches/8.14/transforms/a70877f1b812831b905e0b06cec3dc77/transformed/analysis/instrumentation-dependencies.bin because:
[        ]   Build cache is disabled
[        ]   Caching not enabled.
[        ] Caching disabled for MergeInstrumentationAnalysisTransform: /root/.gradle/caches/8.14/transforms/c459c30ade306edbb049a892626d5ef9/transformed/analysis/instrumentation-dependencies.bin because:
[        ]   Build cache is disabled
[        ]   Caching not enabled.
[        ] Caching disabled for MergeInstrumentationAnalysisTransform: /root/.gradle/caches/8.14/transforms/240395105f07586c7715e4ab73799146/transformed/analysis/instrumentation-dependencies.bin because:
[        ]   Build cache is disabled
[        ]   Caching not enabled.
[        ] Caching disabled for MergeInstrumentationAnalysisTransform: /root/.gradle/caches/8.14/transforms/d8e71db3e8105af2e2e57b9f44e4ae6d/transformed/analysis/instrumentation-dependencies.bin because:
[        ]   Build cache is disabled
[        ]   Caching not enabled.
[        ] Caching disabled for MergeInstrumentationAnalysisTransform: /root/.gradle/caches/8.14/transforms/a00ae5b0ab1cba426127563cfdc6e70e/transformed/analysis/instrumentation-dependencies.bin because:
[        ]   Build cache is disabled
[        ]   Caching not enabled.
[        ] Caching disabled for MergeInstrumentationAnalysisTransform: /root/.gradle/caches/8.14/transforms/67c923cccef5ed8369a45e23b1151d33/transformed/analysis/instrumentation-dependencies.bin because:
[        ]   Build cache is disabled
[        ]   Caching not enabled.
[        ] Caching disabled for MergeInstrumentationAnalysisTransform: /root/.gradle/caches/8.14/transforms/0bb2963fb9fa5282007c71cc8703b2d2/transformed/analysis/instrumentation-dependencies.bin because:
[        ]   Build cache is disabled
[        ]   Caching not enabled.
[  +97 ms] Caching disabled for MergeInstrumentationAnalysisTransform: /root/.gradle/caches/8.14/transforms/827bb1f89e2cb31df20af7893626f0dd/transformed/analysis/instrumentation-dependencies.bin because:
[        ]   Build cache is disabled
[        ]   Caching not enabled.
[        ] Caching disabled for MergeInstrumentationAnalysisTransform: /root/.gradle/caches/8.14/transforms/d17e30f6eb734ae300bc3ca331d39129/transformed/analysis/instrumentation-dependencies.bin because:
[        ]   Build cache is disabled
[        ]   Caching not enabled.
[        ] Caching disabled for MergeInstrumentationAnalysisTransform: /root/.gradle/caches/8.14/transforms/b1aed86378475831084a1c1f14ba9caf/transformed/analysis/instrumentation-dependencies.bin because:
[        ]   Build cache is disabled
[        ]   Caching not enabled.
[        ] Caching disabled for MergeInstrumentationAnalysisTransform: /root/.gradle/caches/modules-2/files-2.1/com.android.tools.build/gradle-api/8.13.1/e41680ebe83add1df9ca89997245c316ab100d15/gradle-api-8.13.1.jar because:
[        ]   Build cache is disabled
[        ]   Caching not enabled.
[        ] Caching disabled for MergeInstrumentationAnalysisTransform: /root/.gradle/caches/modules-2/files-2.1/com.android.tools.build/gradle-common-api/8.13.1/58727f905600cc290e9b1868639c7eb95627d829/gradle-common-api-8.13.1.jar because:
[        ]   Build cache is disabled
[        ]   Caching not enabled.
[        ] Caching disabled for MergeInstrumentationAnalysisTransform: /root/.gradle/caches/modules-2/files-2.1/com.android.tools.build/builder-test-api/8.13.1/639aff5d6b76acab25ffb0c2f82f26d2a480634b/builder-test-api-8.13.1.jar because:
[        ]   Build cache is disabled
[        ]   Caching not enabled.
[        ] Caching disabled for MergeInstrumentationAnalysisTransform: /root/.gradle/caches/modules-2/files-2.1/com.android.tools.build/gradle-settings-api/8.13.1/a1a79b278dda0f47d7684f9c04c5d19a437fbafa/gradle-settings-api-8.13.1.jar because:
[        ]   Build cache is disabled
[        ]   Caching not enabled.
[        ] Caching disabled for MergeInstrumentationAnalysisTransform: /root/.gradle/caches/modules-2/files-2.1/com.android.tools/repository/31.13.1/6ba0f911b4da8aaa0981d08fe80219aa476fef77/repository-31.13.1.jar because:
[        ]   Build cache is disabled
[        ]   Caching not enabled.
[        ] Caching disabled for MergeInstrumentationAnalysisTransform: /root/.gradle/caches/modules-2/files-2.1/com.android.tools.ddms/ddmlib/31.13.1/772f1af975b6cbb75b0e69727e1c2d3d58f89f3f/ddmlib-31.13.1.jar because:
[        ]   Build cache is disabled
[        ]   Caching not enabled.
[        ] Caching disabled for MergeInstrumentationAnalysisTransform: /root/.gradle/caches/modules-2/files-2.1/com.android.tools/sdklib/31.13.1/3ad84fc709b8e85533da11e91b97c88a5825ef7f/sdklib-31.13.1.jar because:
[        ]   Build cache is disabled
[        ]   Caching not enabled.
[        ] Caching disabled for ExternalDependencyInstrumentingArtifactTransform: /root/.gradle/caches/8.14/transforms/f500f5d92df269a7b813edf01164f66d/transformed/merge/instrumentation-dependencies.bin because:
[        ]   Build cache is disabled
[        ]   Caching not enabled.
[        ] Caching disabled for MergeInstrumentationAnalysisTransform: /root/.gradle/caches/modules-2/files-2.1/com.android.tools/sdk-common/31.13.1/58ba9dc3f16bd818267502fd382aa2c5bdbd7a6f/sdk-common-31.13.1.jar because:
[        ]   Build cache is disabled
[        ]   Caching not enabled.
[        ] Caching disabled for ExternalDependencyInstrumentingArtifactTransform: /root/.gradle/caches/8.14/transforms/126d107d25195e389a949b8001720813/transformed/merge/instrumentation-dependencies.bin because:
[        ]   Build cache is disabled
[        ]   Caching not enabled.
[        ] Caching disabled for ExternalDependencyInstrumentingArtifactTransform: /root/.gradle/caches/8.14/transforms/1bcd389a8adbe560f4d389d5d3776c11/transformed/merge/instrumentation-dependencies.bin because:
[        ]   Build cache is disabled
[        ]   Caching not enabled.
[        ] Caching disabled for ExternalDependencyInstrumentingArtifactTransform: /root/.gradle/caches/8.14/transforms/a303146bd6e7fd5ece0cd781cbe0418f/transformed/merge/instrumentation-dependencies.bin because:
[        ]   Build cache is disabled
[        ]   Caching not enabled.
[        ] Caching disabled for ExternalDependencyInstrumentingArtifactTransform: /root/.gradle/caches/8.14/transforms/4e5469715997d660d8315456a05e4bb2/transformed/merge/instrumentation-dependencies.bin because:
[        ]   Build cache is disabled
[        ]   Caching not enabled.
[        ] Caching disabled for MergeInstrumentationAnalysisTransform: /root/.gradle/caches/modules-2/files-2.1/com.android.tools.lint/lint-model/31.13.1/2a075401e908da1ee9389d5f1c7d790743158df6/lint-model-31.13.1.jar because:
[        ]   Build cache is disabled
[        ]   Caching not enabled.
[        ] Caching disabled for MergeInstrumentationAnalysisTransform: /root/.gradle/caches/modules-2/files-2.1/com.android.tools.build/manifest-merger/31.13.1/bc8fb40ddd58a6c7cfbe592f60652d5847952990/manifest-merger-31.13.1.jar because:
[        ]   Build cache is disabled
[        ]   Caching not enabled.
[        ] Caching disabled for ExternalDependencyInstrumentingArtifactTransform: /root/.gradle/caches/8.14/transforms/ef29c8363ffcceb6096a7483b36cd7c1/transformed/merge/instrumentation-dependencies.bin because:
[        ]   Build cache is disabled
[        ]   Caching not enabled.
[        ] Caching disabled for ExternalDependencyInstrumentingArtifactTransform: /root/.gradle/caches/8.14/transforms/ca8d0185235dccc31c197c02aa531ff6/transformed/merge/instrumentation-dependencies.bin because:
[        ]   Build cache is disabled
[        ]   Caching not enabled.
[        ] Caching disabled for ExternalDependencyInstrumentingArtifactTransform: /root/.gradle/caches/8.14/transforms/a8af138c5fad9f72c888b49914b9436c/transformed/merge/instrumentation-dependencies.bin because:
[        ]   Build cache is disabled
[        ]   Caching not enabled.
[        ] Caching disabled for ExternalDependencyInstrumentingArtifactTransform: /root/.gradle/caches/8.14/transforms/f9211890d718210fef554d03b2becd46/transformed/merge/instrumentation-dependencies.bin because:
[        ]   Build cache is disabled
[        ]   Caching not enabled.
[        ] Caching disabled for ExternalDependencyInstrumentingArtifactTransform: /root/.gradle/caches/8.14/transforms/0e5762e9cd04d9c6b18878fb717c7625/transformed/merge/instrumentation-dependencies.bin because:
[        ]   Build cache is disabled
[        ]   Caching not enabled.
[        ] Caching disabled for ExternalDependencyInstrumentingArtifactTransform: /root/.gradle/caches/modules-2/files-2.1/com.android.tools.build/gradle-common-api/8.13.1/58727f905600cc290e9b1868639c7eb95627d829/gradle-common-api-8.13.1.jar because:
[        ]   Build cache is disabled
[        ]   Caching not enabled.
[        ] Caching disabled for ExternalDependencyInstrumentingArtifactTransform: /root/.gradle/caches/modules-2/files-2.1/com.android.tools.build/gradle-settings-api/8.13.1/a1a79b278dda0f47d7684f9c04c5d19a437fbafa/gradle-settings-api-8.13.1.jar because:
[        ]   Build cache is disabled
[        ]   Caching not enabled.
[        ] Caching disabled for ExternalDependencyInstrumentingArtifactTransform: /root/.gradle/caches/modules-2/files-2.1/com.android.tools.build/builder-test-api/8.13.1/639aff5d6b76acab25ffb0c2f82f26d2a480634b/builder-test-api-8.13.1.jar because:
[        ]   Build cache is disabled
[        ]   Caching not enabled.
[        ] Caching disabled for ExternalDependencyInstrumentingArtifactTransform: /root/.gradle/caches/modules-2/files-2.1/com.android.tools.lint/lint-model/31.13.1/2a075401e908da1ee9389d5f1c7d790743158df6/lint-model-31.13.1.jar because:
[        ]   Build cache is disabled
[        ]   Caching not enabled.
[        ] Caching disabled for MergeInstrumentationAnalysisTransform: /root/.gradle/caches/8.14/transforms/9e6ae9d5de9725116f2aa12afd2d2af7/transformed/analysis/instrumentation-hierarchy.bin because:
[        ]   Build cache is disabled
[        ]   Caching not enabled.
[        ] Caching disabled for MergeInstrumentationAnalysisTransform: /root/.gradle/caches/8.14/transforms/59bd33499023d8352171aa2c1c827881/transformed/analysis/instrumentation-hierarchy.bin because:
[        ]   Build cache is disabled
[        ]   Caching not enabled.
[        ] Caching disabled for MergeInstrumentationAnalysisTransform: /root/.gradle/caches/8.14/transforms/2805a5d3d3da401e590a5e164926b3b7/transformed/analysis/instrumentation-hierarchy.bin because:
[        ]   Build cache is disabled
[        ]   Caching not enabled.
[        ] Caching disabled for MergeInstrumentationAnalysisTransform: /root/.gradle/caches/modules-2/files-2.1/com.android.tools.build/builder/8.13.1/74bd2ef9a01c850add1329fbe4c118fb6706e748/builder-8.13.1.jar because:
[        ]   Build cache is disabled
[        ]   Caching not enabled.
[        ] Caching disabled for MergeInstrumentationAnalysisTransform: /root/.gradle/caches/8.14/transforms/ac6abbb1c3675c56725df2ab283bdb79/transformed/analysis/instrumentation-hierarchy.bin because:
[        ]   Build cache is disabled
[        ]   Caching not enabled.
[        ] Caching disabled for MergeInstrumentationAnalysisTransform: /root/.gradle/caches/8.14/transforms/ac6abbb1c3675c56725df2ab283bdb79/transformed/analysis/instrumentation-dependencies.bin because:
[        ]   Build cache is disabled
[        ]   Caching not enabled.
[        ] Caching disabled for MergeInstrumentationAnalysisTransform: /root/.gradle/caches/8.14/transforms/59bd33499023d8352171aa2c1c827881/transformed/analysis/instrumentation-dependencies.bin because:
[        ]   Build cache is disabled
[        ]   Caching not enabled.
[        ] Caching disabled for MergeInstrumentationAnalysisTransform: /root/.gradle/caches/8.14/transforms/2805a5d3d3da401e590a5e164926b3b7/transformed/analysis/instrumentation-dependencies.bin because:
[        ]   Build cache is disabled
[        ]   Caching not enabled.
[        ] Caching disabled for MergeInstrumentationAnalysisTransform: /root/.gradle/caches/8.14/transforms/9e6ae9d5de9725116f2aa12afd2d2af7/transformed/analysis/instrumentation-dependencies.bin because:
[        ]   Build cache is disabled
[        ]   Caching not enabled.
[        ] Caching disabled for ExternalDependencyInstrumentingArtifactTransform: /root/.gradle/caches/8.14/transforms/41bde65473b56bf615c6e877a4c8ac44/transformed/merge/instrumentation-dependencies.bin because:
[        ]   Build cache is disabled
[        ]   Caching not enabled.
[        ] Caching disabled for MergeInstrumentationAnalysisTransform: /root/.gradle/caches/modules-2/files-2.1/com.android.tools.build/aapt2-proto/8.13.1-13719691/40a5b5c6f065182d193638b42644bb6f389ff70b/aapt2-proto-8.13.1-13719691.jar because:
[        ]   Build cache is disabled
[        ]   Caching not enabled.
[        ] Caching disabled for MergeInstrumentationAnalysisTransform: /root/.gradle/caches/modules-2/files-2.1/com.android.tools.analytics-library/crash/31.13.1/80c9f1f06e8d48d60fa91f4db811cf863e13c67f/crash-31.13.1.jar because:
[        ]   Build cache is disabled
[        ]   Caching not enabled.
[        ] Caching disabled for MergeInstrumentationAnalysisTransform: /root/.gradle/caches/modules-2/files-2.1/com.android.tools.build/aaptcompiler/8.13.1/e6ddb629149be06829a55c626cf79ef83c99e7e1/aaptcompiler-8.13.1.jar because:
[        ]   Build cache is disabled
[        ]   Caching not enabled.
[        ] Caching disabled for ExternalDependencyInstrumentingArtifactTransform: /root/.gradle/caches/8.14/transforms/74c41d323e37e561679d1f1eb9df0ff4/transformed/merge/instrumentation-dependencies.bin because:
[        ]   Build cache is disabled
[        ]   Caching not enabled.
[        ] Caching disabled for ExternalDependencyInstrumentingArtifactTransform: /root/.gradle/caches/8.14/transforms/5117b5ed1b9d98bac14fe67c726655b1/transformed/merge/instrumentation-dependencies.bin because:
[        ]   Build cache is disabled
[        ]   Caching not enabled.
[        ] Caching disabled for ExternalDependencyInstrumentingArtifactTransform: /root/.gradle/caches/8.14/transforms/2f29bbc7466df494216721197f022a86/transformed/merge/instrumentation-dependencies.bin because:
[        ]   Build cache is disabled
[        ]   Caching not enabled.
[        ] Caching disabled for ExternalDependencyInstrumentingArtifactTransform: /root/.gradle/caches/modules-2/files-2.1/com.android.tools.build/gradle-api/8.13.1/e41680ebe83add1df9ca89997245c316ab100d15/gradle-api-8.13.1.jar because:
[        ]   Build cache is disabled
[        ]   Caching not enabled.
[        ] Caching disabled for ExternalDependencyInstrumentingArtifactTransform: /root/.gradle/caches/modules-2/files-2.1/com.android.tools/repository/31.13.1/6ba0f911b4da8aaa0981d08fe80219aa476fef77/repository-31.13.1.jar because:
[        ]   Build cache is disabled
[        ]   Caching not enabled.
[        ] Caching disabled for ExternalDependencyInstrumentingArtifactTransform: /root/.gradle/caches/modules-2/files-2.1/com.android.tools.build/manifest-merger/31.13.1/bc8fb40ddd58a6c7cfbe592f60652d5847952990/manifest-merger-31.13.1.jar because:
[        ]   Build cache is disabled
[        ]   Caching not enabled.
[        ] Caching disabled for MergeInstrumentationAnalysisTransform: /root/.gradle/caches/modules-2/files-2.1/com.android.tools.build/gradle/8.13.1/82c6f91119e69ca2068c9a0b549930bfe60385b5/gradle-8.13.1.jar because:
[        ]   Build cache is disabled
[        ]   Caching not enabled.
[        ] Caching disabled for MergeInstrumentationAnalysisTransform: /root/.gradle/caches/8.14/transforms/c64f48d67602191d3f46024167ae28fa/transformed/analysis/instrumentation-hierarchy.bin because:
[        ]   Build cache is disabled
[        ]   Caching not enabled.
[        ] Caching disabled for MergeInstrumentationAnalysisTransform: /root/.gradle/caches/8.14/transforms/4eee2b82aa2c7af4a1a15b7199b0d244/transformed/analysis/instrumentation-hierarchy.bin because:
[        ]   Build cache is disabled
[        ]   Caching not enabled.
[        ] Caching disabled for ExternalDependencyInstrumentingArtifactTransform: /root/.gradle/caches/modules-2/files-2.1/com.android.tools.analytics-library/crash/31.13.1/80c9f1f06e8d48d60fa91f4db811cf863e13c67f/crash-31.13.1.jar because:
[        ]   Build cache is disabled
[        ]   Caching not enabled.
[        ] Caching disabled for MergeInstrumentationAnalysisTransform: /root/.gradle/caches/8.14/transforms/8dd61b2719afc76372ea0dd8b6d13e1c/transformed/analysis/instrumentation-hierarchy.bin because:
[        ]   Build cache is disabled
[        ]   Caching not enabled.
[        ] Caching disabled for ExternalDependencyInstrumentingArtifactTransform: /root/.gradle/caches/8.14/transforms/2667a7ab37b44dd23de7cac811adafe8/transformed/merge/instrumentation-dependencies.bin because:
[        ]   Build cache is disabled
[        ]   Caching not enabled.
[        ] Caching disabled for MergeInstrumentationAnalysisTransform: /root/.gradle/caches/8.14/transforms/4eee2b82aa2c7af4a1a15b7199b0d244/transformed/analysis/instrumentation-dependencies.bin because:
[        ]   Build cache is disabled
[        ]   Caching not enabled.
[        ] Caching disabled for MergeInstrumentationAnalysisTransform: /root/.gradle/caches/8.14/transforms/c64f48d67602191d3f46024167ae28fa/transformed/analysis/instrumentation-dependencies.bin because:
[        ]   Build cache is disabled
[        ]   Caching not enabled.
[        ] Caching disabled for MergeInstrumentationAnalysisTransform: /root/.gradle/caches/8.14/transforms/8dd61b2719afc76372ea0dd8b6d13e1c/transformed/analysis/instrumentation-dependencies.bin because:
[        ]   Build cache is disabled
[        ]   Caching not enabled.
[        ] Caching disabled for MergeInstrumentationAnalysisTransform: /root/.gradle/caches/8.14/transforms/18d81bdd9f350b7d62a8bc6f6f0c7111/transformed/analysis/instrumentation-hierarchy.bin because:
[        ]   Build cache is disabled
[        ]   Caching not enabled.
[        ] Caching disabled for MergeInstrumentationAnalysisTransform: /root/.gradle/caches/modules-2/files-2.1/com.android.tools.build/bundletool/1.18.1/76bb1aa21a19495ca070bfb6abd194daf91dccd1/bundletool-1.18.1.jar because:
[        ]   Build cache is disabled
[        ]   Caching not enabled.
[        ] Caching disabled for MergeInstrumentationAnalysisTransform: /root/.gradle/caches/modules-2/files-2.1/com.android.tools.lint/lint-typedef-remover/31.13.1/bc9756d95080ee30b518adf2c02d70dea0930feb/lint-typedef-remover-31.13.1.jar because:
[        ]   Build cache is disabled
[        ]   Caching not enabled.
[        ] Caching disabled for MergeInstrumentationAnalysisTransform: /root/.gradle/caches/modules-2/files-2.1/com.android.tools.analytics-library/shared/31.13.1/c151a4c2f5827b7a256cdd39e309e0a99d5d312d/shared-31.13.1.jar because:
[        ]   Build cache is disabled
[        ]   Caching not enabled.
[        ] Caching disabled for MergeInstrumentationAnalysisTransform: /root/.gradle/caches/modules-2/files-2.1/com.android.tools.analytics-library/tracker/31.13.1/d1c2e46c754b3e31cef44e58e391f507ca55db8f/tracker-31.13.1.jar because:
[        ]   Build cache is disabled
[        ]   Caching not enabled.
[        ] Caching disabled for MergeInstrumentationAnalysisTransform: /root/.gradle/caches/8.14/transforms/18d81bdd9f350b7d62a8bc6f6f0c7111/transformed/analysis/instrumentation-dependencies.bin because:
[        ]   Build cache is disabled
[        ]   Caching not enabled.
[        ] Caching disabled for ExternalDependencyInstrumentingArtifactTransform: /root/.gradle/caches/8.14/transforms/464c2fd76ca50fb9b9f697cf9d2fa0ea/transformed/merge/instrumentation-dependencies.bin because:
[        ]   Build cache is disabled
[        ]   Caching not enabled.
[        ] Caching disabled for ExternalDependencyInstrumentingArtifactTransform: /root/.gradle/caches/8.14/transforms/79c3eea3c4a6c660aac6c387ba2d6c55/transformed/merge/instrumentation-dependencies.bin because:
[        ]   Build cache is disabled
[        ]   Caching not enabled.
[        ] Caching disabled for MergeInstrumentationAnalysisTransform: /root/.gradle/caches/8.14/transforms/3e49f3fdf9d6d91654df74571f9a9c1d/transformed/analysis/instrumentation-hierarchy.bin because:
[        ]   Build cache is disabled
[        ]   Caching not enabled.
[        ] Caching disabled for MergeInstrumentationAnalysisTransform: /root/.gradle/caches/8.14/transforms/3e49f3fdf9d6d91654df74571f9a9c1d/transformed/analysis/instrumentation-dependencies.bin because:
[        ]   Build cache is disabled
[        ]   Caching not enabled.
[        ] Caching disabled for ExternalDependencyInstrumentingArtifactTransform: /root/.gradle/caches/modules-2/files-2.1/com.android.tools.lint/lint-typedef-remover/31.13.1/bc9756d95080ee30b518adf2c02d70dea0930feb/lint-typedef-remover-31.13.1.jar because:
[        ]   Build cache is disabled
[        ]   Caching not enabled.
[        ] Caching disabled for ExternalDependencyInstrumentingArtifactTransform: /root/.gradle/caches/modules-2/files-2.1/com.android.tools/sdklib/31.13.1/3ad84fc709b8e85533da11e91b97c88a5825ef7f/sdklib-31.13.1.jar because:
[        ]   Build cache is disabled
[        ]   Caching not enabled.
[        ] Caching disabled for MergeInstrumentationAnalysisTransform: /root/.gradle/caches/modules-2/files-2.1/androidx.databinding/databinding-compiler-common/8.13.1/2ba55add3fe8e50228034c3ee528d2c792d1f5eb/databinding-compiler-common-8.13.1.jar because:
[        ]   Build cache is disabled
[        ]   Caching not enabled.
[        ] Caching disabled for ExternalDependencyInstrumentingArtifactTransform: /root/.gradle/caches/modules-2/files-2.1/com.android.tools.analytics-library/tracker/31.13.1/d1c2e46c754b3e31cef44e58e391f507ca55db8f/tracker-31.13.1.jar because:
[        ]   Build cache is disabled
[        ]   Caching not enabled.
[        ] Caching disabled for ExternalDependencyInstrumentingArtifactTransform: /root/.gradle/caches/8.14/transforms/23ac043fd8dd3d5d223fd5e6f65ca0e7/transformed/merge/instrumentation-dependencies.bin because:
[        ]   Build cache is disabled
[        ]   Caching not enabled.
[        ] Caching disabled for MergeInstrumentationAnalysisTransform: /root/.gradle/caches/8.14/transforms/4f1d57dc82d0f5c1e73cc0495e11db68/transformed/analysis/instrumentation-hierarchy.bin because:
[        ]   Build cache is disabled
[        ]   Caching not enabled.
[        ] Caching disabled for MergeInstrumentationAnalysisTransform: /root/.gradle/caches/8.14/transforms/43d0f3087c3e80501f12b51accb855a4/transformed/analysis/instrumentation-hierarchy.bin because:
[        ]   Build cache is disabled
[        ]   Caching not enabled.
[        ] Caching disabled for MergeInstrumentationAnalysisTransform: /root/.gradle/caches/modules-2/files-2.1/androidx.databinding/databinding-common/8.13.1/2be3530b78477835e69dce953b17adc1dbc5c6fa/databinding-common-8.13.1.jar because:
[        ]   Build cache is disabled
[        ]   Caching not enabled.
[        ] Caching disabled for MergeInstrumentationAnalysisTransform: /root/.gradle/caches/8.14/transforms/85500f3ff456123c43657c4e00018b7c/transformed/analysis/instrumentation-hierarchy.bin because:
[        ]   Build cache is disabled
[        ]   Caching not enabled.
[        ] Caching disabled for MergeInstrumentationAnalysisTransform: /root/.gradle/caches/8.14/transforms/4f1d57dc82d0f5c1e73cc0495e11db68/transformed/analysis/instrumentation-dependencies.bin because:
[        ]   Build cache is disabled
[        ]   Caching not enabled.
[        ] Caching disabled for ExternalDependencyInstrumentingArtifactTransform: /root/.gradle/caches/8.14/transforms/403f2f01cb509fa8189b07f35ff8f113/transformed/merge/instrumentation-dependencies.bin because:
[        ]   Build cache is disabled
[        ]   Caching not enabled.
[        ] Caching disabled for MergeInstrumentationAnalysisTransform: /root/.gradle/caches/8.14/transforms/43d0f3087c3e80501f12b51accb855a4/transformed/analysis/instrumentation-dependencies.bin because:
[        ]   Build cache is disabled
[        ]   Caching not enabled.
[        ] Caching disabled for ExternalDependencyInstrumentingArtifactTransform: /root/.gradle/caches/8.14/transforms/8bafa7dac1ddbf44b408604ec4721d36/transformed/merge/instrumentation-dependencies.bin because:
[        ]   Build cache is disabled
[        ]   Caching not enabled.
[        ] Caching disabled for MergeInstrumentationAnalysisTransform: /root/.gradle/caches/modules-2/files-2.1/com.android.tools.layoutlib/layoutlib-api/31.13.1/3b7f1fe9c54d6fd684a3fd3b8feffeedfe546fd4/layoutlib-api-31.13.1.jar because:
[        ]   Build cache is disabled
[        ]   Caching not enabled.
[  +89 ms] Caching disabled for ExternalDependencyInstrumentingArtifactTransform: /root/.gradle/caches/modules-2/files-2.1/androidx.databinding/databinding-common/8.13.1/2be3530b78477835e69dce953b17adc1dbc5c6fa/databinding-common-8.13.1.jar because:
[        ]   Build cache is disabled
[        ]   Caching not enabled.
[        ] Caching disabled for MergeInstrumentationAnalysisTransform: /root/.gradle/caches/8.14/transforms/85500f3ff456123c43657c4e00018b7c/transformed/analysis/instrumentation-dependencies.bin because:
[        ]   Build cache is disabled
[        ]   Caching not enabled.
[        ] Caching disabled for MergeInstrumentationAnalysisTransform: /root/.gradle/caches/modules-2/files-2.1/com.android.databinding/baseLibrary/8.13.1/7e7399239e52d4069896277615e005add7ae8e5a/baseLibrary-8.13.1.jar because:
[        ]   Build cache is disabled
[        ]   Caching not enabled.
[        ] Caching disabled for ExternalDependencyInstrumentingArtifactTransform: /root/.gradle/caches/modules-2/files-2.1/com.android.tools.ddms/ddmlib/31.13.1/772f1af975b6cbb75b0e69727e1c2d3d58f89f3f/ddmlib-31.13.1.jar because:
[        ]   Build cache is disabled
[        ]   Caching not enabled.
[        ] Caching disabled for ExternalDependencyInstrumentingArtifactTransform: /root/.gradle/caches/8.14/transforms/2ec035f63da5f1b5c112303127f3e6ad/transformed/merge/instrumentation-dependencies.bin because:
[        ]   Build cache is disabled
[        ]   Caching not enabled.
[        ] Caching disabled for ExternalDependencyInstrumentingArtifactTransform: /root/.gradle/caches/8.14/transforms/70723f82209badd94cf957efb7eec760/transformed/merge/instrumentation-dependencies.bin because:
[        ]   Build cache is disabled
[        ]   Caching not enabled.
[        ] Caching disabled for MergeInstrumentationAnalysisTransform: /root/.gradle/caches/8.14/transforms/939bc7fc0ac2904e445226136812c398/transformed/analysis/instrumentation-hierarchy.bin because:
[        ]   Build cache is disabled
[        ]   Caching not enabled.
[        ] Caching disabled for MergeInstrumentationAnalysisTransform: /root/.gradle/caches/8.14/transforms/25569eff184dd59e41d5f0973d7e8e52/transformed/analysis/instrumentation-hierarchy.bin because:
[        ]   Build cache is disabled
[        ]   Caching not enabled.
[        ] Caching disabled for MergeInstrumentationAnalysisTransform: /root/.gradle/caches/modules-2/files-2.1/com.android.tools.utp/android-device-provider-ddmlib-proto/31.13.1/9f96225642b573079e5544a619b18b815b3dc70f/android-device-provider-ddmlib-proto-31.13.1.jar because:
[        ]   Build cache is disabled
[        ]   Caching not enabled.
[        ] Caching disabled for MergeInstrumentationAnalysisTransform: /root/.gradle/caches/8.14/transforms/939bc7fc0ac2904e445226136812c398/transformed/analysis/instrumentation-dependencies.bin because:
[        ]   Build cache is disabled
[        ]   Caching not enabled.
[        ] Caching disabled for ExternalDependencyInstrumentingArtifactTransform: /root/.gradle/caches/modules-2/files-2.1/com.android.databinding/baseLibrary/8.13.1/7e7399239e52d4069896277615e005add7ae8e5a/baseLibrary-8.13.1.jar because:
[        ]   Build cache is disabled
[        ]   Caching not enabled.
[        ] Caching disabled for ExternalDependencyInstrumentingArtifactTransform: /root/.gradle/caches/8.14/transforms/85ad9ad63846013042454b7c00a98510/transformed/merge/instrumentation-dependencies.bin because:
[        ]   Build cache is disabled
[        ]   Caching not enabled.
[        ] Caching disabled for MergeInstrumentationAnalysisTransform: /root/.gradle/caches/8.14/transforms/25569eff184dd59e41d5f0973d7e8e52/transformed/analysis/instrumentation-dependencies.bin because:
[        ]   Build cache is disabled
[        ]   Caching not enabled.
[        ] Caching disabled for ExternalDependencyInstrumentingArtifactTransform: /root/.gradle/caches/modules-2/files-2.1/com.android.tools.analytics-library/shared/31.13.1/c151a4c2f5827b7a256cdd39e309e0a99d5d312d/shared-31.13.1.jar because:
[        ]   Build cache is disabled
[        ]   Caching not enabled.
[        ] Caching disabled for MergeInstrumentationAnalysisTransform: /root/.gradle/caches/8.14/transforms/562229bcf901d61750a33c50cd812681/transformed/analysis/instrumentation-hierarchy.bin because:
[        ]   Build cache is disabled
[        ]   Caching not enabled.
[        ] Caching disabled for MergeInstrumentationAnalysisTransform: /root/.gradle/caches/modules-2/files-2.1/com.android.tools.utp/android-test-plugin-host-additional-test-output-proto/31.13.1/fe467239b47e0709ba9bf1e2e9fccaabc6cabc22/android-test-plugin-host-additional-test-output-proto-31.13.1.jar because:
[        ]   Build cache is disabled
[        ]   Caching not enabled.
[        ] Caching disabled for MergeInstrumentationAnalysisTransform: /root/.gradle/caches/modules-2/files-2.1/com.android.tools.utp/android-device-provider-profile-proto/31.13.1/7823ffdbacbe3e46ce243d459f946467b7126135/android-device-provider-profile-proto-31.13.1.jar because:
[        ]   Build cache is disabled
[        ]   Caching not enabled.
[        ] Caching disabled for ExternalDependencyInstrumentingArtifactTransform: /root/.gradle/caches/modules-2/files-2.1/com.android.tools.build/aaptcompiler/8.13.1/e6ddb629149be06829a55c626cf79ef83c99e7e1/aaptcompiler-8.13.1.jar because:
[        ]   Build cache is disabled
[        ]   Caching not enabled.
[        ] Caching disabled for ExternalDependencyInstrumentingArtifactTransform: /root/.gradle/caches/modules-2/files-2.1/com.android.tools.layoutlib/layoutlib-api/31.13.1/3b7f1fe9c54d6fd684a3fd3b8feffeedfe546fd4/layoutlib-api-31.13.1.jar because:
[        ]   Build cache is disabled
[        ]   Caching not enabled.
[        ] Caching disabled for MergeInstrumentationAnalysisTransform: /root/.gradle/caches/8.14/transforms/45d2e9a6233380bcb3eb0fc0a3dbcfa7/transformed/analysis/instrumentation-hierarchy.bin because:
[        ]   Build cache is disabled
[        ]   Caching not enabled.
[        ] Caching disabled for MergeInstrumentationAnalysisTransform: /root/.gradle/caches/8.14/transforms/562229bcf901d61750a33c50cd812681/transformed/analysis/instrumentation-dependencies.bin because:
[        ]   Build cache is disabled
[        ]   Caching not enabled.
[        ] Caching disabled for ExternalDependencyInstrumentingArtifactTransform: /root/.gradle/caches/8.14/transforms/d8a610ce217634aef480f0611a6abe36/transformed/merge/instrumentation-dependencies.bin because:
[        ]   Build cache is disabled
[        ]   Caching not enabled.
[        ] Caching disabled for ExternalDependencyInstrumentingArtifactTransform: /root/.gradle/caches/8.14/transforms/550533a79b6e011eb335ba9a6d4ee7a1/transformed/merge/instrumentation-dependencies.bin because:
[        ]   Build cache is disabled
[        ]   Caching not enabled.
[        ] Caching disabled for MergeInstrumentationAnalysisTransform: /root/.gradle/caches/8.14/transforms/45d2e9a6233380bcb3eb0fc0a3dbcfa7/transformed/analysis/instrumentation-dependencies.bin because:
[        ]   Build cache is disabled
[        ]   Caching not enabled.
[        ] Caching disabled for MergeInstrumentationAnalysisTransform: /root/.gradle/caches/8.14/transforms/d004153269b09c31975a7cbe2588f627/transformed/analysis/instrumentation-hierarchy.bin because:
[        ]   Build cache is disabled
[        ]   Caching not enabled.
[        ] Caching disabled for ExternalDependencyInstrumentingArtifactTransform: /root/.gradle/caches/modules-2/files-2.1/com.android.tools.utp/android-device-provider-ddmlib-proto/31.13.1/9f96225642b573079e5544a619b18b815b3dc70f/android-device-provider-ddmlib-proto-31.13.1.jar because:
[        ]   Build cache is disabled
[        ]   Caching not enabled.
[        ] Caching disabled for MergeInstrumentationAnalysisTransform: /root/.gradle/caches/8.14/transforms/5a503e61907774d611e2112f54d37a58/transformed/analysis/instrumentation-hierarchy.bin because:
[        ]   Build cache is disabled
[        ]   Caching not enabled.
[        ] Caching disabled for MergeInstrumentationAnalysisTransform: /root/.gradle/caches/modules-2/files-2.1/com.android.tools.utp/android-test-plugin-host-coverage-proto/31.13.1/1ee63a78550acb6f922531668f4eb83dddf45e/android-test-plugin-host-coverage-proto-31.13.1.jar because:
[        ]   Build cache is disabled
[        ]   Caching not enabled.
[        ] Caching disabled for MergeInstrumentationAnalysisTransform: /root/.gradle/caches/8.14/transforms/d004153269b09c31975a7cbe2588f627/transformed/analysis/instrumentation-dependencies.bin because:
[        ]   Build cache is disabled
[        ]   Caching not enabled.
[        ] Caching disabled for MergeInstrumentationAnalysisTransform: /root/.gradle/caches/8.14/transforms/b0ab5e8534534aa091cc5924656f7ba7/transformed/analysis/instrumentation-hierarchy.bin because:
[        ]   Build cache is disabled
[        ]   Caching not enabled.
[        ] Caching disabled for ExternalDependencyInstrumentingArtifactTransform: /root/.gradle/caches/8.14/transforms/7f58fccaf8019bf7172bcf0013be0569/transformed/merge/instrumentation-dependencies.bin because:
[        ]   Build cache is disabled
[        ]   Caching not enabled.
[        ] Caching disabled for MergeInstrumentationAnalysisTransform: /root/.gradle/caches/modules-2/files-2.1/com.android.tools.utp/android-test-plugin-host-emulator-control-proto/31.13.1/9ad66b4b96af8d226c9d899030d9acdd101d03ed/android-test-plugin-host-emulator-control-proto-31.13.1.jar because:
[        ]   Build cache is disabled
[        ]   Caching not enabled.
[        ] Caching disabled for ExternalDependencyInstrumentingArtifactTransform: /root/.gradle/caches/modules-2/files-2.1/com.android.tools.utp/android-test-plugin-host-additional-test-output-proto/31.13.1/fe467239b47e0709ba9bf1e2e9fccaabc6cabc22/android-test-plugin-host-additional-test-output-proto-31.13.1.jar because:
[        ]   Build cache is disabled
[        ]   Caching not enabled.
[        ] Caching disabled for MergeInstrumentationAnalysisTransform: /root/.gradle/caches/8.14/transforms/5a503e61907774d611e2112f54d37a58/transformed/analysis/instrumentation-dependencies.bin because:
[        ]   Build cache is disabled
[        ]   Caching not enabled.
[        ] Caching disabled for MergeInstrumentationAnalysisTransform: /root/.gradle/caches/8.14/transforms/b0ab5e8534534aa091cc5924656f7ba7/transformed/analysis/instrumentation-dependencies.bin because:
[        ]   Build cache is disabled
[        ]   Caching not enabled.
[        ] Caching disabled for ExternalDependencyInstrumentingArtifactTransform: /root/.gradle/caches/8.14/transforms/fc1a5f7a4ddbe22120bc14a04c4e0492/transformed/merge/instrumentation-dependencies.bin because:
[        ]   Build cache is disabled
[        ]   Caching not enabled.
[        ] Caching disabled for MergeInstrumentationAnalysisTransform: /root/.gradle/caches/modules-2/files-2.1/com.android.tools.utp/android-test-plugin-host-logcat-proto/31.13.1/2b1de9f172f374f9d8a0f60d0d7d556df7c30d14/android-test-plugin-host-logcat-proto-31.13.1.jar because:
[        ]   Build cache is disabled
[        ]   Caching not enabled.
[        ] Caching disabled for MergeInstrumentationAnalysisTransform: /root/.gradle/caches/8.14/transforms/8fc5c3035a16d1db96c9d750b4008169/transformed/analysis/instrumentation-hierarchy.bin because:
[        ]   Build cache is disabled
[        ]   Caching not enabled.
[        ] Caching disabled for MergeInstrumentationAnalysisTransform: /root/.gradle/caches/8.14/transforms/8fc5c3035a16d1db96c9d750b4008169/transformed/analysis/instrumentation-dependencies.bin because:
[        ]   Build cache is disabled
[        ]   Caching not enabled.
[        ] Caching disabled for ExternalDependencyInstrumentingArtifactTransform: /root/.gradle/caches/modules-2/files-2.1/com.android.tools.utp/android-device-provider-profile-proto/31.13.1/7823ffdbacbe3e46ce243d459f946467b7126135/android-device-provider-profile-proto-31.13.1.jar because:
[        ]   Build cache is disabled
[        ]   Caching not enabled.
[        ] Caching disabled for ExternalDependencyInstrumentingArtifactTransform: /root/.gradle/caches/8.14/transforms/9e8810f9990521dac58d18433669f6e5/transformed/merge/instrumentation-dependencies.bin because:
[        ]   Build cache is disabled
[        ]   Caching not enabled.
[        ] Caching disabled for MergeInstrumentationAnalysisTransform: /root/.gradle/caches/modules-2/files-2.1/com.android.tools.utp/android-test-plugin-host-apk-installer-proto/31.13.1/915dc4efd7db61b0c2bb16f88dcf640e824a232d/android-test-plugin-host-apk-installer-proto-31.13.1.jar because:
[        ]   Build cache is disabled
[        ]   Caching not enabled.
[        ] Caching disabled for ExternalDependencyInstrumentingArtifactTransform: /root/.gradle/caches/modules-2/files-2.1/com.android.tools.utp/android-test-plugin-host-coverage-proto/31.13.1/1ee63a78550acb6f922531668f4eb83dddf45e/android-test-plugin-host-coverage-proto-31.13.1.jar because:
[        ]   Build cache is disabled
[        ]   Caching not enabled.
[        ] Caching disabled for MergeInstrumentationAnalysisTransform: /root/.gradle/caches/modules-2/files-2.1/com.android.tools.utp/android-test-plugin-result-listener-gradle-proto/31.13.1/dbbef067ddf95379b587f6aa2baa93d3eb3342eb/android-test-plugin-result-listener-gradle-proto-31.13.1.jar because:
[        ]   Build cache is disabled
[        ]   Caching not enabled.
[        ] Caching disabled for ExternalDependencyInstrumentingArtifactTransform: /root/.gradle/caches/modules-2/files-2.1/com.android.tools.utp/android-test-plugin-host-emulator-control-proto/31.13.1/9ad66b4b96af8d226c9d899030d9acdd101d03ed/android-test-plugin-host-emulator-control-proto-31.13.1.jar because:
[        ]   Build cache is disabled
[        ]   Caching not enabled.
[   +1 ms] Caching disabled for MergeInstrumentationAnalysisTransform: /root/.gradle/caches/8.14/transforms/45f515a74421b5d14c88fcb72eeba950/transformed/analysis/instrumentation-hierarchy.bin because:
[   +1 ms]   Build cache is disabled
[        ]   Caching not enabled.
[        ] Caching disabled for ExternalDependencyInstrumentingArtifactTransform: /root/.gradle/caches/8.14/transforms/0d51353b70041af4c496578c6992b110/transformed/merge/instrumentation-dependencies.bin because:
[        ]   Build cache is disabled
[        ]   Caching not enabled.
[        ] Caching disabled for ExternalDependencyInstrumentingArtifactTransform: /root/.gradle/caches/modules-2/files-2.1/com.android.tools.build/aapt2-proto/8.13.1-13719691/40a5b5c6f065182d193638b42644bb6f389ff70b/aapt2-proto-8.13.1-13719691.jar because:
[        ]   Build cache is disabled
[        ]   Caching not enabled.
[        ] Caching disabled for MergeInstrumentationAnalysisTransform: /root/.gradle/caches/modules-2/files-2.1/com.android.tools.build.jetifier/jetifier-processor/1.0.0-beta10/946c39eb0c052ff4f60a8939648a8b99af20d604/jetifier-processor-1.0.0-beta10.jar because:
[        ]   Build cache is disabled
[        ]   Caching not enabled.
[        ] Caching disabled for ExternalDependencyInstrumentingArtifactTransform: /root/.gradle/caches/8.14/transforms/d9f093884dea979ff0438f59d3d37f2a/transformed/merge/instrumentation-dependencies.bin because:
[        ]   Build cache is disabled
[        ]   Caching not enabled.
[        ] Caching disabled for MergeInstrumentationAnalysisTransform: /root/.gradle/caches/8.14/transforms/4be4bafccaab9d7d4f8132ec5964657a/transformed/analysis/instrumentation-hierarchy.bin because:
[        ]   Build cache is disabled
[        ]   Caching not enabled.
[        ] Caching disabled for MergeInstrumentationAnalysisTransform: /root/.gradle/caches/8.14/transforms/45f515a74421b5d14c88fcb72eeba950/transformed/analysis/instrumentation-dependencies.bin because:
[        ]   Build cache is disabled
[        ]   Caching not enabled.
[        ] Caching disabled for MergeInstrumentationAnalysisTransform: /root/.gradle/caches/8.14/transforms/12aabdfba8fbd1d9629de8f841fa3324/transformed/analysis/instrumentation-hierarchy.bin because:
[        ]   Build cache is disabled
[        ]   Caching not enabled.
[        ] Caching disabled for ExternalDependencyInstrumentingArtifactTransform: /root/.gradle/caches/modules-2/files-2.1/com.android.tools.utp/android-test-plugin-host-logcat-proto/31.13.1/2b1de9f172f374f9d8a0f60d0d7d556df7c30d14/android-test-plugin-host-logcat-proto-31.13.1.jar because:
[        ]   Build cache is disabled
[        ]   Caching not enabled.
[        ] Caching disabled for MergeInstrumentationAnalysisTransform: /root/.gradle/caches/8.14/transforms/aac1d87b892d5fa29927a177f68f90cc/transformed/analysis/instrumentation-hierarchy.bin because:
[        ]   Build cache is disabled
[        ]   Caching not enabled.
[        ] Caching disabled for MergeInstrumentationAnalysisTransform: /root/.gradle/caches/8.14/transforms/d392481981f4abae9c2f07fb2e6b8468/transformed/analysis/instrumentation-hierarchy.bin because:
[        ]   Build cache is disabled
[        ]   Caching not enabled.
[        ] Caching disabled for MergeInstrumentationAnalysisTransform: /root/.gradle/caches/8.14/transforms/aac1d87b892d5fa29927a177f68f90cc/transformed/analysis/instrumentation-dependencies.bin because:
[        ]   Build cache is disabled
[        ]   Caching not enabled.
[        ] Caching disabled for MergeInstrumentationAnalysisTransform: /root/.gradle/caches/8.14/transforms/4be4bafccaab9d7d4f8132ec5964657a/transformed/analysis/instrumentation-dependencies.bin because:
[        ]   Build cache is disabled
[        ]   Caching not enabled.
[        ] Caching disabled for MergeInstrumentationAnalysisTransform: /root/.gradle/caches/8.14/transforms/d392481981f4abae9c2f07fb2e6b8468/transformed/analysis/instrumentation-dependencies.bin because:
[        ]   Build cache is disabled
[        ]   Caching not enabled.
[        ] Caching disabled for MergeInstrumentationAnalysisTransform: /root/.gradle/caches/modules-2/files-2.1/com.android.tools.build.jetifier/jetifier-core/1.0.0-beta10/6e621022a9c95af12a7004d6b55805bbd1126837/jetifier-core-1.0.0-beta10.jar because:
[        ]   Build cache is disabled
[        ]   Caching not enabled.
[        ] Caching disabled for MergeInstrumentationAnalysisTransform: /root/.gradle/caches/8.14/transforms/12aabdfba8fbd1d9629de8f841fa3324/transformed/analysis/instrumentation-dependencies.bin because:
[        ]   Build cache is disabled
[        ]   Caching not enabled.
[        ] Caching disabled for ExternalDependencyInstrumentingArtifactTransform: /root/.gradle/caches/modules-2/files-2.1/com.android.tools/sdk-common/31.13.1/58ba9dc3f16bd818267502fd382aa2c5bdbd7a6f/sdk-common-31.13.1.jar because:
[        ]   Build cache is disabled
[        ]   Caching not enabled.
[        ] Caching disabled for MergeInstrumentationAnalysisTransform: /root/.gradle/caches/8.14/transforms/26736b178dfe10fafb51d2117bd22a05/transformed/analysis/instrumentation-dependencies.bin because:
[        ]   Build cache is disabled
[        ]   Caching not enabled.
[        ] Caching disabled for MergeInstrumentationAnalysisTransform: /root/.gradle/caches/8.14/transforms/caca8852a21cb2ca2332ad1d42bcf1ab/transformed/analysis/instrumentation-hierarchy.bin because:
[        ]   Build cache is disabled
[        ]   Caching not enabled.
[        ] Caching disabled for MergeInstrumentationAnalysisTransform: /root/.gradle/caches/modules-2/files-2.1/com.android.tools.build/builder-model/8.13.1/26e2f0870bac7e2dfda3cd76dd5ca15f3a2a425c/builder-model-8.13.1.jar because:
[        ]   Build cache is disabled
[        ]   Caching not enabled.
[        ] Caching disabled for MergeInstrumentationAnalysisTransform: /root/.gradle/caches/modules-2/files-2.1/com.android.tools/dvlib/31.13.1/6079cc9f2fa5f5104b20779ca98faa1c495bb7f1/dvlib-31.13.1.jar because:
[        ]   Build cache is disabled
[        ]   Caching not enabled.
[        ] Caching disabled for ExternalDependencyInstrumentingArtifactTransform: /root/.gradle/caches/modules-2/files-2.1/com.android.tools.utp/android-test-plugin-host-apk-installer-proto/31.13.1/915dc4efd7db61b0c2bb16f88dcf640e824a232d/android-test-plugin-host-apk-installer-proto-31.13.1.jar because:
[        ]   Build cache is disabled
[        ]   Caching not enabled.
[        ] Caching disabled for MergeInstrumentationAnalysisTransform: /root/.gradle/caches/modules-2/files-2.1/org.jetbrains.kotlin/kotlin-stdlib-jdk8/2.2.0/ed572b04cd66acce7837ad753e4fe64d9c536025/kotlin-stdlib-jdk8-2.2.0.jar because:
[        ]   Build cache is disabled
[        ]   Caching not enabled.
[        ] Caching disabled for MergeInstrumentationAnalysisTransform: /root/.gradle/caches/8.14/transforms/dfd8a2c2d3f574368527c9b6ff8da1e1/transformed/analysis/instrumentation-dependencies.bin because:
[        ]   Build cache is disabled
[        ]   Caching not enabled.
[        ] Caching disabled for ExternalDependencyInstrumentingArtifactTransform: /root/.gradle/caches/8.14/transforms/0a7194f157399cb64e6de2910674218b/transformed/merge/instrumentation-dependencies.bin because:
[        ]   Build cache is disabled
[        ]   Caching not enabled.
[        ] Caching disabled for MergeInstrumentationAnalysisTransform: /root/.gradle/caches/8.14/transforms/caca8852a21cb2ca2332ad1d42bcf1ab/transformed/analysis/instrumentation-dependencies.bin because:
[        ]   Build cache is disabled
[        ]   Caching not enabled.
[        ] Caching disabled for MergeInstrumentationAnalysisTransform: /root/.gradle/caches/modules-2/files-2.1/com.android.tools/common/31.13.1/f3820127fd5671633558e4abdabe234d9d37ab0e/common-31.13.1.jar because:
[        ]   Build cache is disabled
[        ]   Caching not enabled.
[        ] Caching disabled for ExternalDependencyInstrumentingArtifactTransform: /root/.gradle/caches/8.14/transforms/bea365569e9328e8d4b53a20f3cadbc7/transformed/merge/instrumentation-dependencies.bin because:
[        ]   Build cache is disabled
[        ]   Caching not enabled.
[        ] Caching disabled for ExternalDependencyInstrumentingArtifactTransform: /root/.gradle/caches/8.14/transforms/b4d1f017498dc0fbbf6b212a0a7dad9e/transformed/merge/instrumentation-dependencies.bin because:
[        ]   Build cache is disabled
[        ]   Caching not enabled.
[        ] Caching disabled for ExternalDependencyInstrumentingArtifactTransform: /root/.gradle/caches/8.14/transforms/5f85a6c67c91cd0a06a24d9e2ef44ca9/transformed/merge/instrumentation-dependencies.bin because:
[        ]   Build cache is disabled
[        ]   Caching not enabled.
[        ] Caching disabled for MergeInstrumentationAnalysisTransform: /root/.gradle/caches/modules-2/files-2.1/org.jetbrains.kotlin/kotlin-stdlib-jdk7/2.2.0/bfd42edfc4f88de5a02131108ab800fb32d53d03/kotlin-stdlib-jdk7-2.2.0.jar because:
[        ]   Build cache is disabled
[        ]   Caching not enabled.
[        ] Caching disabled for ExternalDependencyInstrumentingArtifactTransform: /root/.gradle/caches/modules-2/files-2.1/com.android.tools.utp/android-test-plugin-result-listener-gradle-proto/31.13.1/dbbef067ddf95379b587f6aa2baa93d3eb3342eb/android-test-plugin-result-listener-gradle-proto-31.13.1.jar because:
[        ]   Build cache is disabled
[        ]   Caching not enabled.
[        ] Caching disabled for MergeInstrumentationAnalysisTransform: /root/.gradle/caches/8.14/transforms/67602c4ee62e9e290fcf39c9bc7533fb/transformed/analysis/instrumentation-hierarchy.bin because:
[        ]   Build cache is disabled
[        ]   Caching not enabled.
[        ] Caching disabled for MergeInstrumentationAnalysisTransform: /root/.gradle/caches/modules-2/files-2.1/org.jetbrains.kotlin/kotlin-reflect/2.2.0/4258f471b10f4fce1b1c000b59495b7413e1af9a/kotlin-reflect-2.2.0.jar because:
[        ]   Build cache is disabled
[        ]   Caching not enabled.
[        ] Caching disabled for ExternalDependencyInstrumentingArtifactTransform: /root/.gradle/caches/modules-2/files-2.1/org.jetbrains.kotlin/kotlin-stdlib-jdk8/2.2.0/ed572b04cd66acce7837ad753e4fe64d9c536025/kotlin-stdlib-jdk8-2.2.0.jar because:
[   +2 ms]   Build cache is disabled
[        ]   Caching not enabled.
[        ] Caching disabled for MergeInstrumentationAnalysisTransform: /root/.gradle/caches/modules-2/files-2.1/org.jetbrains.kotlinx/kotlinx-coroutines-core-jvm/1.9.0/9beade4c1c1569e4f36cbd2c37e02e3e41502601/kotlinx-coroutines-core-jvm-1.9.0.jar because:
[        ]   Build cache is disabled
[        ]   Caching not enabled.
[        ] Caching disabled for ExternalDependencyInstrumentingArtifactTransform: /root/.gradle/caches/8.14/transforms/7c8f0b23e1df687f822eaa79272c3c75/transformed/merge/instrumentation-dependencies.bin because:
[        ]   Build cache is disabled
[        ]   Caching not enabled.
[        ] Caching disabled for MergeInstrumentationAnalysisTransform: /root/.gradle/caches/8.14/transforms/67602c4ee62e9e290fcf39c9bc7533fb/transformed/analysis/instrumentation-dependencies.bin because:
[        ]   Build cache is disabled
[        ]   Caching not enabled.
[        ] Caching disabled for MergeInstrumentationAnalysisTransform: /root/.gradle/caches/8.14/transforms/6128a36d6c5d81f189d6adbffa731ac0/transformed/analysis/instrumentation-dependencies.bin because:
[        ]   Build cache is disabled
[        ]   Caching not enabled.
[        ] Caching disabled for ExternalDependencyInstrumentingArtifactTransform: /root/.gradle/caches/modules-2/files-2.1/com.android.tools/dvlib/31.13.1/6079cc9f2fa5f5104b20779ca98faa1c495bb7f1/dvlib-31.13.1.jar because:
[        ]   Build cache is disabled
[        ]   Caching not enabled.
[        ] Caching disabled for MergeInstrumentationAnalysisTransform: /root/.gradle/caches/8.14/transforms/8371811cf358d3aa8e15dfc29a0fb8e7/transformed/analysis/instrumentation-hierarchy.bin because:
[        ]   Build cache is disabled
[        ]   Caching not enabled.
[        ] Caching disabled for MergeInstrumentationAnalysisTransform: /root/.gradle/caches/8.14/transforms/b096fc7109c25d36431d39de75626a74/transformed/analysis/instrumentation-hierarchy.bin because:
[        ]   Build cache is disabled
[        ]   Caching not enabled.
[        ] Caching disabled for ExternalDependencyInstrumentingArtifactTransform: /root/.gradle/caches/8.14/transforms/52ccd4febc124d4aa4c5e29b6d1a6dba/transformed/merge/instrumentation-dependencies.bin because:
[        ]   Build cache is disabled
[        ]   Caching not enabled.
[        ] Caching disabled for MergeInstrumentationAnalysisTransform: /root/.gradle/caches/modules-2/files-2.1/com.android.tools.build/transform-api/2.0.0-deprecated-use-gradle-api/47f6c56527c42425742fa9b56ffd3fd80763fe03/transform-api-2.0.0-deprecated-use-gradle-api.jar because:
[        ]   Build cache is disabled
[        ]   Caching not enabled.
[        ] Caching disabled for MergeInstrumentationAnalysisTransform: /root/.gradle/caches/8.14/transforms/8371811cf358d3aa8e15dfc29a0fb8e7/transformed/analysis/instrumentation-dependencies.bin because:
[        ]   Build cache is disabled
[        ]   Caching not enabled.
[        ] Caching disabled for ExternalDependencyInstrumentingArtifactTransform: /root/.gradle/caches/modules-2/files-2.1/org.jetbrains.kotlin/kotlin-stdlib-jdk7/2.2.0/bfd42edfc4f88de5a02131108ab800fb32d53d03/kotlin-stdlib-jdk7-2.2.0.jar because:
[        ]   Build cache is disabled
[        ]   Caching not enabled.
[        ] Caching disabled for MergeInstrumentationAnalysisTransform: /root/.gradle/caches/8.14/transforms/b096fc7109c25d36431d39de75626a74/transformed/analysis/instrumentation-dependencies.bin because:
[        ]   Build cache is disabled
[        ]   Caching not enabled.
[        ] Caching disabled for MergeInstrumentationAnalysisTransform: /root/.gradle/caches/8.14/transforms/2b8159306822626ba4ff448933f7f1f0/transformed/analysis/instrumentation-hierarchy.bin because:
[        ]   Build cache is disabled
[        ]   Caching not enabled.
[        ] Caching disabled for MergeInstrumentationAnalysisTransform: /root/.gradle/caches/8.14/transforms/4c4ef2755850de01f61850f6c9b3f3b8/transformed/analysis/instrumentation-hierarchy.bin because:
[        ]   Build cache is disabled
[        ]   Caching not enabled.
[        ] Caching disabled for ExternalDependencyInstrumentingArtifactTransform: /root/.gradle/caches/modules-2/files-2.1/androidx.databinding/databinding-compiler-common/8.13.1/2ba55add3fe8e50228034c3ee528d2c792d1f5eb/databinding-compiler-common-8.13.1.jar because:
[        ]   Build cache is disabled
[        ]   Caching not enabled.
[        ] Caching disabled for MergeInstrumentationAnalysisTransform: /root/.gradle/caches/modules-2/files-2.1/org.jetbrains.kotlin/kotlin-stdlib/2.2.0/fdfc65fbc42fda253a26f61dac3c0aca335fae96/kotlin-stdlib-2.2.0.jar because:
[        ]   Build cache is disabled
[        ]   Caching not enabled.
[  +80 ms] Caching disabled for MergeInstrumentationAnalysisTransform: /root/.gradle/caches/8.14/transforms/4c4ef2755850de01f61850f6c9b3f3b8/transformed/analysis/instrumentation-dependencies.bin because:
[        ]   Build cache is disabled
[        ]   Caching not enabled.
[        ] Caching disabled for MergeInstrumentationAnalysisTransform: /root/.gradle/caches/8.14/transforms/2b8159306822626ba4ff448933f7f1f0/transformed/analysis/instrumentation-dependencies.bin because:
[        ]   Build cache is disabled
[        ]   Caching not enabled.
[        ] Caching disabled for MergeInstrumentationAnalysisTransform: /root/.gradle/caches/8.14/transforms/69854e23ed2e20919089975b647f2a3b/transformed/analysis/instrumentation-hierarchy.bin because:
[        ]   Build cache is disabled
[        ]   Caching not enabled.
[        ] Caching disabled for MergeInstrumentationAnalysisTransform: /root/.gradle/caches/modules-2/files-2.1/commons-io/commons-io/2.16.1/377d592e740dc77124e0901291dbfaa6810a200e/commons-io-2.16.1.jar because:
[        ]   Build cache is disabled
[        ]   Caching not enabled.
[        ] Caching disabled for MergeInstrumentationAnalysisTransform: /root/.gradle/caches/modules-2/files-2.1/org.apache.httpcomponents/httpmime/4.5.6/164343da11db817e81e24e0d9869527e069850c9/httpmime-4.5.6.jar because:
[        ]   Build cache is disabled
[        ]   Caching not enabled.
[        ] Caching disabled for MergeInstrumentationAnalysisTransform: /root/.gradle/caches/8.14/transforms/72bc422504cc2ae3e9fb3964f4a024a9/transformed/analysis/instrumentation-hierarchy.bin because:
[        ]   Build cache is disabled
[        ]   Caching not enabled.
[        ] Caching disabled for MergeInstrumentationAnalysisTransform: /root/.gradle/caches/8.14/transforms/9d2a42daa004a1ec9a3257241635e48c/transformed/analysis/instrumentation-hierarchy.bin because:
[        ]   Build cache is disabled
[        ]   Caching not enabled.
[        ] Caching disabled for MergeInstrumentationAnalysisTransform: /root/.gradle/caches/8.14/transforms/69854e23ed2e20919089975b647f2a3b/transformed/analysis/instrumentation-dependencies.bin because:
[        ]   Build cache is disabled
[        ]   Caching not enabled.
[        ] Caching disabled for MergeInstrumentationAnalysisTransform: /root/.gradle/caches/8.14/transforms/8e24b01d0276a5d642ce5043c059ec72/transformed/analysis/instrumentation-hierarchy.bin because:
[        ]   Build cache is disabled
[        ]   Caching not enabled.
[        ] Caching disabled for ExternalDependencyInstrumentingArtifactTransform: /root/.gradle/caches/modules-2/files-2.1/com.android.tools.build/builder-model/8.13.1/26e2f0870bac7e2dfda3cd76dd5ca15f3a2a425c/builder-model-8.13.1.jar because:
[        ]   Build cache is disabled
[        ]   Caching not enabled.
[        ] Caching disabled for ExternalDependencyInstrumentingArtifactTransform: /root/.gradle/caches/8.14/transforms/889617749431c191f97af23a70103954/transformed/merge/instrumentation-dependencies.bin because:
[        ]   Build cache is disabled
[        ]   Caching not enabled.
[        ] Caching disabled for MergeInstrumentationAnalysisTransform: /root/.gradle/caches/8.14/transforms/72bc422504cc2ae3e9fb3964f4a024a9/transformed/analysis/instrumentation-dependencies.bin because:
[        ]   Build cache is disabled
[        ]   Caching not enabled.
[        ] Caching disabled for MergeInstrumentationAnalysisTransform: /root/.gradle/caches/modules-2/files-2.1/org.ow2.asm/asm-commons/9.8/36e4d212970388e5bd2c5180292012502df461bb/asm-commons-9.8.jar because:
[        ]   Build cache is disabled
[        ]   Caching not enabled.
[        ] Caching disabled for MergeInstrumentationAnalysisTransform: /root/.gradle/caches/modules-2/files-2.1/org.ow2.asm/asm-util/9.8/395f1c1f035258511f27bc9b2583d76e4b143f59/asm-util-9.8.jar because:
[        ]   Build cache is disabled
[        ]   Caching not enabled.
[        ] Caching disabled for MergeInstrumentationAnalysisTransform: /root/.gradle/caches/8.14/transforms/9d2a42daa004a1ec9a3257241635e48c/transformed/analysis/instrumentation-dependencies.bin because:
[        ]   Build cache is disabled
[        ]   Caching not enabled.
[        ] Caching disabled for MergeInstrumentationAnalysisTransform: /root/.gradle/caches/modules-2/files-2.1/org.ow2.asm/asm-analysis/9.8/b9747a320844b6cb1eacd90d8ecfd260a16c01d3/asm-analysis-9.8.jar because:
[        ]   Build cache is disabled
[        ]   Caching not enabled.
[        ] Caching disabled for MergeInstrumentationAnalysisTransform: /root/.gradle/caches/8.14/transforms/8e24b01d0276a5d642ce5043c059ec72/transformed/analysis/instrumentation-dependencies.bin because:
[        ]   Build cache is disabled
[        ]   Caching not enabled.
[        ] Caching disabled for ExternalDependencyInstrumentingArtifactTransform: /root/.gradle/caches/8.14/transforms/2e6c88df58ab278e18fea869b03487a0/transformed/merge/instrumentation-dependencies.bin because:
[        ]   Build cache is disabled
[        ]   Caching not enabled.
[        ] Caching disabled for ExternalDependencyInstrumentingArtifactTransform: /root/.gradle/caches/8.14/transforms/46e7a23998c2057c2a1d7ad6ab2c4795/transformed/merge/instrumentation-dependencies.bin because:
[        ]   Build cache is disabled
[        ]   Caching not enabled.
[        ] Caching disabled for ExternalDependencyInstrumentingArtifactTransform: /root/.gradle/caches/8.14/transforms/e5a8fbd4dc01e86509122b58837daa76/transformed/merge/instrumentation-dependencies.bin because:
[        ]   Build cache is disabled
[        ]   Caching not enabled.
[        ] Caching disabled for MergeInstrumentationAnalysisTransform: /root/.gradle/caches/8.14/transforms/95af8942e3b7b715993b1dddfb5c6b74/transformed/analysis/instrumentation-hierarchy.bin because:
[        ]   Build cache is disabled
[        ]   Caching not enabled.
[        ] Caching disabled for MergeInstrumentationAnalysisTransform: /root/.gradle/caches/modules-2/files-2.1/org.ow2.asm/asm-tree/9.8/18419ca5b77a2f81097c741e7872e6ab8d2f40d/asm-tree-9.8.jar because:
[        ]   Build cache is disabled
[        ]   Caching not enabled.
[        ] Caching disabled for MergeInstrumentationAnalysisTransform: /root/.gradle/caches/modules-2/files-2.1/org.ow2.asm/asm/9.8/dc19ecb3f7889b7860697215cae99c0f9b6f6b4b/asm-9.8.jar because:
[        ]   Build cache is disabled
[        ]   Caching not enabled.
[        ] Caching disabled for MergeInstrumentationAnalysisTransform: /root/.gradle/caches/modules-2/files-2.1/com.android.tools.build/apkzlib/8.13.1/ea2327cd7a67c0fc9a4d26f035b922dff11c7219/apkzlib-8.13.1.jar because:
[        ]   Build cache is disabled
[        ]   Caching not enabled.
[        ] Caching disabled for MergeInstrumentationAnalysisTransform: /root/.gradle/caches/8.14/transforms/95af8942e3b7b715993b1dddfb5c6b74/transformed/analysis/instrumentation-dependencies.bin because:
[        ]   Build cache is disabled
[        ]   Caching not enabled.
[        ] Caching disabled for ExternalDependencyInstrumentingArtifactTransform: /root/.gradle/caches/8.14/transforms/56df4a51823a44b16fc954e4d20e276c/transformed/merge/instrumentation-dependencies.bin because:
[        ]   Build cache is disabled
[        ]   Caching not enabled.
[        ] Caching disabled for ExternalDependencyInstrumentingArtifactTransform: /root/.gradle/caches/8.14/transforms/3c3e2ba20656e5e3b7a028ce1ce9f418/transformed/merge/instrumentation-dependencies.bin because:
[        ]   Build cache is disabled
[        ]   Caching not enabled.
[        ] Caching disabled for ExternalDependencyInstrumentingArtifactTransform: /root/.gradle/caches/modules-2/files-2.1/org.ow2.asm/asm-analysis/9.8/b9747a320844b6cb1eacd90d8ecfd260a16c01d3/asm-analysis-9.8.jar because:
[        ]   Build cache is disabled
[        ]   Caching not enabled.
[        ] Caching disabled for ExternalDependencyInstrumentingArtifactTransform: /root/.gradle/caches/modules-2/files-2.1/org.ow2.asm/asm-commons/9.8/36e4d212970388e5bd2c5180292012502df461bb/asm-commons-9.8.jar because:
[        ]   Build cache is disabled
[        ]   Caching not enabled.
[        ] Caching disabled for ExternalDependencyInstrumentingArtifactTransform: /root/.gradle/caches/8.14/transforms/882fc3890f3b340ac12e47e627ff8282/transformed/merge/instrumentation-dependencies.bin because:
[        ]   Build cache is disabled
[        ]   Caching not enabled.
[        ] Caching disabled for MergeInstrumentationAnalysisTransform: /root/.gradle/caches/8.14/transforms/7d0b495da3e94b9513f7899aa4fc052a/transformed/analysis/instrumentation-hierarchy.bin because:
[        ]   Build cache is disabled
[        ]   Caching not enabled.
[        ] Caching disabled for ExternalDependencyInstrumentingArtifactTransform: /root/.gradle/caches/modules-2/files-2.1/org.ow2.asm/asm-util/9.8/395f1c1f035258511f27bc9b2583d76e4b143f59/asm-util-9.8.jar because:
[        ]   Build cache is disabled
[        ]   Caching not enabled.
[        ] Caching disabled for MergeInstrumentationAnalysisTransform: /root/.gradle/caches/8.14/transforms/7d0b495da3e94b9513f7899aa4fc052a/transformed/analysis/instrumentation-dependencies.bin because:
[        ]   Build cache is disabled
[        ]   Caching not enabled.
[        ] Caching disabled for MergeInstrumentationAnalysisTransform: /root/.gradle/caches/8.14/transforms/38718154af92971d236fd5af51511df9/transformed/analysis/instrumentation-hierarchy.bin because:
[        ]   Build cache is disabled
[        ]   Caching not enabled.
[        ] Caching disabled for ExternalDependencyInstrumentingArtifactTransform: /root/.gradle/caches/modules-2/files-2.1/org.ow2.asm/asm-tree/9.8/18419ca5b77a2f81097c741e7872e6ab8d2f40d/asm-tree-9.8.jar because:
[        ]   Build cache is disabled
[        ]   Caching not enabled.
[        ] Caching disabled for MergeInstrumentationAnalysisTransform: /root/.gradle/caches/modules-2/files-2.1/org.bouncycastle/bcpkix-jdk18on/1.79/7693cec3b8779b74b35466dcaeeaac7409872954/bcpkix-jdk18on-1.79.jar because:
[        ]   Build cache is disabled
[        ]   Caching not enabled.
[        ] Caching disabled for MergeInstrumentationAnalysisTransform: /root/.gradle/caches/8.14/transforms/38718154af92971d236fd5af51511df9/transformed/analysis/instrumentation-dependencies.bin because:
[        ]   Build cache is disabled
[        ]   Caching not enabled.
[        ] Caching disabled for MergeInstrumentationAnalysisTransform: /root/.gradle/caches/8.14/transforms/214e8f2365bd43e4a8ccb1573a478784/transformed/analysis/instrumentation-hierarchy.bin because:
[        ]   Build cache is disabled
[        ]   Caching not enabled.
[        ] Caching disabled for MergeInstrumentationAnalysisTransform: /root/.gradle/caches/modules-2/files-2.1/org.glassfish.jaxb/jaxb-runtime/2.3.2/5528bc882ea499a09d720b42af11785c4fc6be2a/jaxb-runtime-2.3.2.jar because:
[        ]   Build cache is disabled
[        ]   Caching not enabled.
[        ] Caching disabled for MergeInstrumentationAnalysisTransform: /root/.gradle/caches/8.14/transforms/a8013ca544e4357839c5918e8813c817/transformed/analysis/instrumentation-hierarchy.bin because:
[        ]   Build cache is disabled
[        ]   Caching not enabled.
[        ] Caching disabled for MergeInstrumentationAnalysisTransform: /root/.gradle/caches/8.14/transforms/e47308a1c31576f483bab1a9b244d512/transformed/analysis/instrumentation-hierarchy.bin because:
[        ]   Build cache is disabled
[        ]   Caching not enabled.
[        ] Caching disabled for MergeInstrumentationAnalysisTransform: /root/.gradle/caches/modules-2/files-2.1/net.sf.jopt-simple/jopt-simple/4.9/ee9e9eaa0a35360dcfeac129ff4923215fd65904/jopt-simple-4.9.jar because:
[        ]   Build cache is disabled
[        ]   Caching not enabled.
[        ] Caching disabled for MergeInstrumentationAnalysisTransform: /root/.gradle/caches/8.14/transforms/214e8f2365bd43e4a8ccb1573a478784/transformed/analysis/instrumentation-dependencies.bin because:
[        ]   Build cache is disabled
[        ]   Caching not enabled.
[        ] Caching disabled for MergeInstrumentationAnalysisTransform: /root/.gradle/caches/8.14/transforms/8f3c72fc33a299bf4168ea60a7d6dcbd/transformed/analysis/instrumentation-hierarchy.bin because:
[        ]   Build cache is disabled
[        ]   Caching not enabled.
[        ] Caching disabled for MergeInstrumentationAnalysisTransform: /root/.gradle/caches/8.14/transforms/a8013ca544e4357839c5918e8813c817/transformed/analysis/instrumentation-dependencies.bin because:
[        ]   Build cache is disabled
[        ]   Caching not enabled.
[        ] Caching disabled for MergeInstrumentationAnalysisTransform: /root/.gradle/caches/8.14/transforms/448b77bc82599dc70acf59b64287ae6d/transformed/analysis/instrumentation-hierarchy.bin because:
[        ]   Build cache is disabled
[        ]   Caching not enabled.
[        ] Caching disabled for MergeInstrumentationAnalysisTransform: /root/.gradle/caches/8.14/transforms/e47308a1c31576f483bab1a9b244d512/transformed/analysis/instrumentation-dependencies.bin because:
[        ]   Build cache is disabled
[        ]   Caching not enabled.
[        ] Caching disabled for MergeInstrumentationAnalysisTransform: /root/.gradle/caches/8.14/transforms/448b77bc82599dc70acf59b64287ae6d/transformed/analysis/instrumentation-dependencies.bin because:
[        ]   Build cache is disabled
[        ]   Caching not enabled.
[        ] Caching disabled for MergeInstrumentationAnalysisTransform: /root/.gradle/caches/modules-2/files-2.1/io.grpc/grpc-protobuf/1.69.1/433b61f31e1dce6adf6c43ea3ca510f8d8d7ea70/grpc-protobuf-1.69.1.jar because:
[        ]   Build cache is disabled
[        ]   Caching not enabled.
[        ] Caching disabled for MergeInstrumentationAnalysisTransform: /root/.gradle/caches/8.14/transforms/8f3c72fc33a299bf4168ea60a7d6dcbd/transformed/analysis/instrumentation-dependencies.bin because:
[        ]   Build cache is disabled
[        ]   Caching not enabled.
[        ] Caching disabled for MergeInstrumentationAnalysisTransform: /root/.gradle/caches/modules-2/files-2.1/com.squareup/javapoet/1.10.0/712c178d35185d8261295913c9f2a7d6867a6007/javapoet-1.10.0.jar because:
[        ]   Build cache is disabled
[        ]   Caching not enabled.
[        ] Caching disabled for ExternalDependencyInstrumentingArtifactTransform: /root/.gradle/caches/modules-2/files-2.1/org.ow2.asm/asm/9.8/dc19ecb3f7889b7860697215cae99c0f9b6f6b4b/asm-9.8.jar because:
[        ]   Build cache is disabled
[        ]   Caching not enabled.
[        ] Caching disabled for MergeInstrumentationAnalysisTransform: /root/.gradle/caches/modules-2/files-2.1/com.google.protobuf/protobuf-java-util/3.25.5/38cc5ce479603e36466feda2a9f1dfdb2210ef00/protobuf-java-util-3.25.5.jar because:
[        ]   Build cache is disabled
[        ]   Caching not enabled.
[        ] Caching disabled for MergeInstrumentationAnalysisTransform: /root/.gradle/caches/8.14/transforms/919006aa945934ef1376c4cba0caf7d8/transformed/analysis/instrumentation-hierarchy.bin because:
[        ]   Build cache is disabled
[        ]   Caching not enabled.
[        ] Caching disabled for MergeInstrumentationAnalysisTransform: /root/.gradle/caches/modules-2/files-2.1/com.google.testing.platform/core-proto/0.0.9-alpha03/a0de640d69d847081f087c45dda7e9b3754fe350/core-proto-0.0.9-alpha03.jar because:
[        ]   Build cache is disabled
[        ]   Caching not enabled.
[        ] Caching disabled for ExternalDependencyInstrumentingArtifactTransform: /root/.gradle/caches/modules-2/files-2.1/com.android.tools/common/31.13.1/f3820127fd5671633558e4abdabe234d9d37ab0e/common-31.13.1.jar because:
[        ]   Build cache is disabled
[        ]   Caching not enabled.
[        ] Caching disabled for MergeInstrumentationAnalysisTransform: /root/.gradle/caches/8.14/transforms/d26e4d12fc87d908d377ac641f35005f/transformed/analysis/instrumentation-hierarchy.bin because:
[        ]   Build cache is disabled
[        ]   Caching not enabled.
[        ] Caching disabled for MergeInstrumentationAnalysisTransform: /root/.gradle/caches/8.14/transforms/919006aa945934ef1376c4cba0caf7d8/transformed/analysis/instrumentation-dependencies.bin because:
[        ]   Build cache is disabled
[        ]   Caching not enabled.
[        ] Caching disabled for MergeInstrumentationAnalysisTransform: /root/.gradle/caches/modules-2/files-2.1/com.google.crypto.tink/tink/1.7.0/668b57f109d32349b2870448f06ae6f202713edc/tink-1.7.0.jar because:
[        ]   Build cache is disabled
[        ]   Caching not enabled.
[        ] Caching disabled for MergeInstrumentationAnalysisTransform: /root/.gradle/caches/8.14/transforms/8d803f74bc08620adbcf3659e0dd8afb/transformed/analysis/instrumentation-hierarchy.bin because:
[        ]   Build cache is disabled
[        ]   Caching not enabled.
[        ] Caching disabled for MergeInstrumentationAnalysisTransform: /root/.gradle/caches/8.14/transforms/d3a1e58d1ec253efcd6e817eb23c0040/transformed/analysis/instrumentation-hierarchy.bin because:
[        ]   Build cache is disabled
[        ]   Caching not enabled.
[        ] Caching disabled for MergeInstrumentationAnalysisTransform: /root/.gradle/caches/8.14/transforms/03b12a1713674e47c4a3c04cb44acb39/transformed/analysis/instrumentation-hierarchy.bin because:
[        ]   Build cache is disabled
[        ]   Caching not enabled.
[        ] Caching disabled for MergeInstrumentationAnalysisTransform: /root/.gradle/caches/8.14/transforms/05c2ff59c0b7a34a09b0cbf4f09b6e8a/transformed/analysis/instrumentation-hierarchy.bin because:
[        ]   Build cache is disabled
[        ]   Caching not enabled.
[        ] Caching disabled for MergeInstrumentationAnalysisTransform: /root/.gradle/caches/8.14/transforms/40ce7926dfa4287e169508f69c0cf81a/transformed/analysis/instrumentation-hierarchy.bin because:
[        ]   Build cache is disabled
[        ]   Caching not enabled.
[        ] Caching disabled for ExternalDependencyInstrumentingArtifactTransform: /root/.gradle/caches/modules-2/files-2.1/com.android.tools.build/apkzlib/8.13.1/ea2327cd7a67c0fc9a4d26f035b922dff11c7219/apkzlib-8.13.1.jar because:
[        ]   Build cache is disabled
[        ]   Caching not enabled.
[        ] Caching disabled for MergeInstrumentationAnalysisTransform: /root/.gradle/caches/8.14/transforms/d26e4d12fc87d908d377ac641f35005f/transformed/analysis/instrumentation-dependencies.bin because:
[        ]   Build cache is disabled
[        ]   Caching not enabled.
[        ] Caching disabled for MergeInstrumentationAnalysisTransform: /root/.gradle/caches/8.14/transforms/d3a1e58d1ec253efcd6e817eb23c0040/transformed/analysis/instrumentation-dependencies.bin because:
[        ]   Build cache is disabled
[        ]   Caching not enabled.
[        ] Caching disabled for MergeInstrumentationAnalysisTransform: /root/.gradle/caches/8.14/transforms/8d803f74bc08620adbcf3659e0dd8afb/transformed/analysis/instrumentation-dependencies.bin because:
[        ]   Build cache is disabled
[        ]   Caching not enabled.
[        ] Caching disabled for MergeInstrumentationAnalysisTransform: /root/.gradle/caches/8.14/transforms/40ce7926dfa4287e169508f69c0cf81a/transformed/analysis/instrumentation-dependencies.bin because:
[        ]   Build cache is disabled
[        ]   Caching not enabled.
[        ] Caching disabled for MergeInstrumentationAnalysisTransform: /root/.gradle/caches/8.14/transforms/03b12a1713674e47c4a3c04cb44acb39/transformed/analysis/instrumentation-dependencies.bin because:
[        ]   Build cache is disabled
[        ]   Caching not enabled.
[        ] Caching disabled for MergeInstrumentationAnalysisTransform: /root/.gradle/caches/modules-2/files-2.1/com.google.protobuf/protobuf-java/3.25.5/5ae5c9ec39930ae9b5a61b32b93288818ec05ec1/protobuf-java-3.25.5.jar because:
[        ]   Build cache is disabled
[        ]   Caching not enabled.
[        ] Caching disabled for MergeInstrumentationAnalysisTransform: /root/.gradle/caches/modules-2/files-2.1/io.grpc/grpc-inprocess/1.69.1/8999d859ebf25f00e5a968b5e36e1294b109cb9e/grpc-inprocess-1.69.1.jar because:
[        ]   Build cache is disabled
[        ]   Caching not enabled.
[        ] Caching disabled for MergeInstrumentationAnalysisTransform: /root/.gradle/caches/8.14/transforms/05c2ff59c0b7a34a09b0cbf4f09b6e8a/transformed/analysis/instrumentation-dependencies.bin because:
[        ]   Build cache is disabled
[        ]   Caching not enabled.
[        ] Caching disabled for MergeInstrumentationAnalysisTransform: /root/.gradle/caches/8.14/transforms/24499ab9d12730a9faeafb1a60c2ccab/transformed/analysis/instrumentation-hierarchy.bin because:
[        ]   Build cache is disabled
[        ]   Caching not enabled.
[        ] Caching disabled for MergeInstrumentationAnalysisTransform: /root/.gradle/caches/modules-2/files-2.1/io.grpc/grpc-util/1.69.1/8c3a9d835a78be9653e9ba92ceab430547924937/grpc-util-1.69.1.jar because:
[        ]   Build cache is disabled
[        ]   Caching not enabled.
[        ] Caching disabled for MergeInstrumentationAnalysisTransform: /root/.gradle/caches/modules-2/files-2.1/io.grpc/grpc-netty/1.69.1/9235ab343b80acd957b4bb8bd740b8272735ddb8/grpc-netty-1.69.1.jar because:
[        ]   Build cache is disabled
[        ]   Caching not enabled.
[        ] Caching disabled for MergeInstrumentationAnalysisTransform: /root/.gradle/caches/8.14/transforms/79a18a78701ab821785a6d5a90cfa143/transformed/analysis/instrumentation-hierarchy.bin because:
[        ]   Build cache is disabled
[        ]   Caching not enabled.
[        ] Caching disabled for MergeInstrumentationAnalysisTransform: /root/.gradle/caches/modules-2/files-2.1/com.google.api.grpc/proto-google-common-protos/2.48.0/86b550469172d830d174d7434c318d7dff179910/proto-google-common-protos-2.48.0.jar because:
[        ]   Build cache is disabled
[        ]   Caching not enabled.
[        ] Caching disabled for MergeInstrumentationAnalysisTransform: /root/.gradle/caches/8.14/transforms/34d6463aef3309917188f109b16e68a3/transformed/analysis/instrumentation-hierarchy.bin because:
[        ]   Build cache is disabled
[        ]   Caching not enabled.
[        ] Caching disabled for MergeInstrumentationAnalysisTransform: /root/.gradle/caches/8.14/transforms/24499ab9d12730a9faeafb1a60c2ccab/transformed/analysis/instrumentation-dependencies.bin because:
[        ]   Build cache is disabled
[        ]   Caching not enabled.
[        ] Caching disabled for MergeInstrumentationAnalysisTransform: /root/.gradle/caches/modules-2/files-2.1/io.grpc/grpc-core/1.69.1/d9f6383e1903af6e9502e7c1c8e4fbe28a236321/grpc-core-1.69.1.jar because:
[        ]   Build cache is disabled
[        ]   Caching not enabled.
[        ] Caching disabled for MergeInstrumentationAnalysisTransform: /root/.gradle/caches/8.14/transforms/e1af31b6f6841aeef4f866f19498c6b7/transformed/analysis/instrumentation-hierarchy.bin because:
[        ]   Build cache is disabled
[        ]   Caching not enabled.
[        ] Caching disabled for MergeInstrumentationAnalysisTransform: /root/.gradle/caches/8.14/transforms/3ae60b3840f76fbc495a453c70c97bf0/transformed/analysis/instrumentation-hierarchy.bin because:
[        ]   Build cache is disabled
[        ]   Caching not enabled.
[        ] Caching disabled for MergeInstrumentationAnalysisTransform: /root/.gradle/caches/8.14/transforms/79a18a78701ab821785a6d5a90cfa143/transformed/analysis/instrumentation-dependencies.bin because:
[        ]   Build cache is disabled
[        ]   Caching not enabled.
[        ] Caching disabled for MergeInstrumentationAnalysisTransform: /root/.gradle/caches/8.14/transforms/34d6463aef3309917188f109b16e68a3/transformed/analysis/instrumentation-dependencies.bin because:
[        ]   Build cache is disabled
[        ]   Caching not enabled.
[        ] Caching disabled for MergeInstrumentationAnalysisTransform: /root/.gradle/caches/8.14/transforms/601b51fa272b735ecc675e1b376e1482/transformed/analysis/instrumentation-dependencies.bin because:
[        ]   Build cache is disabled
[        ]   Caching not enabled.
[        ] Caching disabled for MergeInstrumentationAnalysisTransform: /root/.gradle/caches/8.14/transforms/3ae60b3840f76fbc495a453c70c97bf0/transformed/analysis/instrumentation-dependencies.bin because:
[        ]   Build cache is disabled
[        ]   Caching not enabled.
[        ] Caching disabled for MergeInstrumentationAnalysisTransform: /root/.gradle/caches/8.14/transforms/e1af31b6f6841aeef4f866f19498c6b7/transformed/analysis/instrumentation-dependencies.bin because:
[        ]   Build cache is disabled
[        ]   Caching not enabled.
[        ] Caching disabled for MergeInstrumentationAnalysisTransform: /root/.gradle/caches/8.14/transforms/59d4469867e677d91f281a1e27259851/transformed/analysis/instrumentation-hierarchy.bin because:
[        ]   Build cache is disabled
[        ]   Caching not enabled.
[        ] Caching disabled for MergeInstrumentationAnalysisTransform: /root/.gradle/caches/modules-2/files-2.1/com.google.code.gson/gson/2.11.0/527175ca6d81050b53bdd4c457a6d6e017626b0e/gson-2.11.0.jar because:
[        ]   Build cache is disabled
[        ]   Caching not enabled.
[        ] Caching disabled for MergeInstrumentationAnalysisTransform: /root/.gradle/caches/modules-2/files-2.1/io.grpc/grpc-stub/1.69.1/685c974e6717e6c1bcadd1b7461167d27f64c524/grpc-stub-1.69.1.jar because:
[        ]   Build cache is disabled
[        ]   Caching not enabled.
[        ] Caching disabled for MergeInstrumentationAnalysisTransform: /root/.gradle/caches/modules-2/files-2.1/org.tensorflow/tensorflow-lite-metadata/0.2.0/7dbe8f75ae5c0ef7093c43c3ac8b560bbc7ea4b6/tensorflow-lite-metadata-0.2.0.jar because:
[        ]   Build cache is disabled
[        ]   Caching not enabled.
[        ] Caching disabled for MergeInstrumentationAnalysisTransform: /root/.gradle/caches/modules-2/files-2.1/io.grpc/grpc-context/1.69.1/acec56668f9e67775cfe43fdb9edd046e9426a2d/grpc-context-1.69.1.jar because:
[        ]   Build cache is disabled
[        ]   Caching not enabled.
[        ] Caching disabled for MergeInstrumentationAnalysisTransform: /root/.gradle/caches/modules-2/files-2.1/com.google.jimfs/jimfs/1.1/8fbd0579dc68aba6186935cc1bee21d2f3e7ec1c/jimfs-1.1.jar because:
[        ]   Build cache is disabled
[        ]   Caching not enabled.
[        ] Caching disabled for MergeInstrumentationAnalysisTransform: /root/.gradle/caches/8.14/transforms/59d4469867e677d91f281a1e27259851/transformed/analysis/instrumentation-dependencies.bin because:
[        ]   Build cache is disabled
[        ]   Caching not enabled.
[        ] Caching disabled for MergeInstrumentationAnalysisTransform: /root/.gradle/caches/modules-2/files-2.1/com.android.tools.analytics-library/protos/31.13.1/568520224f5c347add38c2bef3d0288ae11f8d31/protos-31.13.1.jar because:
[        ]   Build cache is disabled
[        ]   Caching not enabled.
[        ] Caching disabled for MergeInstrumentationAnalysisTransform: /root/.gradle/caches/modules-2/files-2.1/com.google.flatbuffers/flatbuffers-java/1.12.0/8201cc7b511177a37071249e891f2f2fea4b32e9/flatbuffers-java-1.12.0.jar because:
[        ]   Build cache is disabled
[        ]   Caching not enabled.
[        ] Caching disabled for MergeInstrumentationAnalysisTransform: /root/.gradle/caches/8.14/transforms/0bab9ab604962ffad0d5c31fde221fcb/transformed/analysis/instrumentation-hierarchy.bin because:
[        ]   Build cache is disabled
[        ]   Caching not enabled.
[        ] Caching disabled for MergeInstrumentationAnalysisTransform: /root/.gradle/caches/8.14/transforms/ba603a8e5cd50a7c88cc1c83cedbafe1/transformed/analysis/instrumentation-hierarchy.bin because:
[        ]   Build cache is disabled
[        ]   Caching not enabled.
[        ] Caching disabled for MergeInstrumentationAnalysisTransform: /root/.gradle/caches/8.14/transforms/1f33ebe59883eca7cf0b19e5fe8de863/transformed/analysis/instrumentation-dependencies.bin because:
[        ]   Build cache is disabled
[        ]   Caching not enabled.
[        ] Caching disabled for MergeInstrumentationAnalysisTransform: /root/.gradle/caches/8.14/transforms/0c8e03626dc28f5f9dc8448d5c34665e/transformed/analysis/instrumentation-hierarchy.bin because:
[        ]   Build cache is disabled
[        ]   Caching not enabled.
[        ] Caching disabled for ExternalDependencyInstrumentingArtifactTransform: /root/.gradle/caches/8.14/transforms/5300ef33a7aa2e73f58913c7c744deed/transformed/merge/instrumentation-dependencies.bin because:
[        ]   Build cache is disabled
[        ]   Caching not enabled.
[        ] Caching disabled for MergeInstrumentationAnalysisTransform: /root/.gradle/caches/8.14/transforms/9b0e98629bc06f5b01cc526ebfdfc3c3/transformed/analysis/instrumentation-hierarchy.bin because:
[        ]   Build cache is disabled
[        ]   Caching not enabled.
[        ] Caching disabled for MergeInstrumentationAnalysisTransform: /root/.gradle/caches/8.14/transforms/0bab9ab604962ffad0d5c31fde221fcb/transformed/analysis/instrumentation-dependencies.bin because:
[        ]   Build cache is disabled
[        ]   Caching not enabled.
[        ] Caching disabled for MergeInstrumentationAnalysisTransform: /root/.gradle/caches/8.14/transforms/ba603a8e5cd50a7c88cc1c83cedbafe1/transformed/analysis/instrumentation-dependencies.bin because:
[        ]   Build cache is disabled
[        ]   Caching not enabled.
[        ] Caching disabled for MergeInstrumentationAnalysisTransform: /root/.gradle/caches/modules-2/files-2.1/io.grpc/grpc-protobuf-lite/1.69.1/40cc0d2c62b22c7c22056e17c1141cb714993ea9/grpc-protobuf-lite-1.69.1.jar because:
[        ]   Build cache is disabled
[        ]   Caching not enabled.
[        ] Caching disabled for MergeInstrumentationAnalysisTransform: /root/.gradle/caches/8.14/transforms/9d04d315a102c441141d3be66524f20d/transformed/analysis/instrumentation-hierarchy.bin because:
[        ]   Build cache is disabled
[        ]   Caching not enabled.
[        ] Caching disabled for MergeInstrumentationAnalysisTransform: /root/.gradle/caches/8.14/transforms/0c8e03626dc28f5f9dc8448d5c34665e/transformed/analysis/instrumentation-dependencies.bin because:
[        ]   Build cache is disabled
[        ]   Caching not enabled.
[        ] Caching disabled for MergeInstrumentationAnalysisTransform: /root/.gradle/caches/8.14/transforms/9b0e98629bc06f5b01cc526ebfdfc3c3/transformed/analysis/instrumentation-dependencies.bin because:
[        ]   Build cache is disabled
[        ]   Caching not enabled.
[        ] Caching disabled for MergeInstrumentationAnalysisTransform: /root/.gradle/caches/modules-2/files-2.1/javax.inject/javax.inject/1/6975da39a7040257bd51d21a231b76c915872d38/javax.inject-1.jar because:
[        ]   Build cache is disabled
[        ]   Caching not enabled.
[        ] Caching disabled for MergeInstrumentationAnalysisTransform: /root/.gradle/caches/8.14/transforms/9d04d315a102c441141d3be66524f20d/transformed/analysis/instrumentation-dependencies.bin because:
[        ]   Build cache is disabled
[        ]   Caching not enabled.
[        ] Caching disabled for MergeInstrumentationAnalysisTransform: /root/.gradle/caches/modules-2/files-2.1/com.google.dagger/dagger/2.28.3/10d83810ef9e19714116ed518896c90c6606d633/dagger-2.28.3.jar because:
[        ]   Build cache is disabled
[        ]   Caching not enabled.
[        ] Caching disabled for MergeInstrumentationAnalysisTransform: /root/.gradle/caches/8.14/transforms/8454090a5b20928e6b4b38efeaa490fe/transformed/analysis/instrumentation-hierarchy.bin because:
[        ]   Build cache is disabled
[        ]   Caching not enabled.
[        ] Caching disabled for MergeInstrumentationAnalysisTransform: /root/.gradle/caches/modules-2/files-2.1/io.grpc/grpc-api/1.69.1/e95c782de0217180c9b25c99e605c4513f3272f1/grpc-api-1.69.1.jar because:
[        ]   Build cache is disabled
[        ]   Caching not enabled.
[        ] Caching disabled for MergeInstrumentationAnalysisTransform: /root/.gradle/caches/8.14/transforms/b90d3ccdd27a09aadabddbd33719551c/transformed/analysis/instrumentation-hierarchy.bin because:
[        ]   Build cache is disabled
[        ]   Caching not enabled.
[        ] Caching disabled for MergeInstrumentationAnalysisTransform: /root/.gradle/caches/8.14/transforms/410b73183f139835f68024b4a9e6d4c0/transformed/analysis/instrumentation-hierarchy.bin because:
[        ]   Build cache is disabled
[        ]   Caching not enabled.
[        ] Caching disabled for MergeInstrumentationAnalysisTransform: /root/.gradle/caches/modules-2/files-2.1/net.sf.kxml/kxml2/2.3.0/ccbc77a5fd907ef863c29f3596c6f54ffa4e9442/kxml2-2.3.0.jar because:
[        ]   Build cache is disabled
[        ]   Caching not enabled.
[        ] Caching disabled for MergeInstrumentationAnalysisTransform: /root/.gradle/caches/8.14/transforms/4bb2857926d6bbf63c2a8489c429fa99/transformed/analysis/instrumentation-hierarchy.bin because:
[        ]   Build cache is disabled
[        ]   Caching not enabled.
[        ] Caching disabled for MergeInstrumentationAnalysisTransform: /root/.gradle/caches/8.14/transforms/8454090a5b20928e6b4b38efeaa490fe/transformed/analysis/instrumentation-dependencies.bin because:
[        ]   Build cache is disabled
[        ]   Caching not enabled.
[        ] Caching disabled for MergeInstrumentationAnalysisTransform: /root/.gradle/caches/modules-2/files-2.1/com.google.guava/guava/33.3.1-jre/852f8b363da0111e819460021ca693cacca3e8db/guava-33.3.1-jre.jar because:
[        ]   Build cache is disabled
[        ]   Caching not enabled.
[        ] Caching disabled for MergeInstrumentationAnalysisTransform: /root/.gradle/caches/8.14/transforms/b90d3ccdd27a09aadabddbd33719551c/transformed/analysis/instrumentation-dependencies.bin because:
[        ]   Build cache is disabled
[        ]   Caching not enabled.
[        ] Caching disabled for MergeInstrumentationAnalysisTransform: /root/.gradle/caches/8.14/transforms/4bb2857926d6bbf63c2a8489c429fa99/transformed/analysis/instrumentation-dependencies.bin because:
[        ]   Build cache is disabled
[        ]   Caching not enabled.
[        ] Caching disabled for MergeInstrumentationAnalysisTransform: /root/.gradle/caches/modules-2/files-2.1/org.apache.commons/commons-compress/1.21/4ec95b60d4e86b5c95a0e919cb172a0af98011ef/commons-compress-1.21.jar because:
[        ]   Build cache is disabled
[        ]   Caching not enabled.
[        ] Caching disabled for MergeInstrumentationAnalysisTransform: /root/.gradle/caches/8.14/transforms/410b73183f139835f68024b4a9e6d4c0/transformed/analysis/instrumentation-dependencies.bin because:
[        ]   Build cache is disabled
[        ]   Caching not enabled.
[        ] Caching disabled for MergeInstrumentationAnalysisTransform: /root/.gradle/caches/8.14/transforms/1a1d3b61d5a868318f8594a976389b2b/transformed/analysis/instrumentation-hierarchy.bin because:
[        ]   Build cache is disabled
[        ]   Caching not enabled.
[        ] Caching disabled for MergeInstrumentationAnalysisTransform: /root/.gradle/caches/8.14/transforms/1a1d3b61d5a868318f8594a976389b2b/transformed/analysis/instrumentation-dependencies.bin because:
[        ]   Build cache is disabled
[        ]   Caching not enabled.
[        ] Caching disabled for MergeInstrumentationAnalysisTransform: /root/.gradle/caches/8.14/transforms/f3a6428d10373325c1383925ba5e9024/transformed/analysis/instrumentation-dependencies.bin because:
[        ]   Build cache is disabled
[        ]   Caching not enabled.
[        ] Caching disabled for MergeInstrumentationAnalysisTransform: /root/.gradle/caches/8.14/transforms/4ac0c55f6fec3ad5508279c3c8ad0d75/transformed/analysis/instrumentation-hierarchy.bin because:
[        ]   Build cache is disabled
[        ]   Caching not enabled.
[        ] Caching disabled for MergeInstrumentationAnalysisTransform: /root/.gradle/caches/modules-2/files-2.1/org.apache.httpcomponents/httpcore/4.4.16/51cf043c87253c9f58b539c9f7e44c8894223850/httpcore-4.4.16.jar because:
[        ]   Build cache is disabled
[        ]   Caching not enabled.
[        ] Caching disabled for MergeInstrumentationAnalysisTransform: /root/.gradle/caches/modules-2/files-2.1/org.bouncycastle/bcutil-jdk18on/1.79/ecfc5aef97cc7676ea0de5c53c407b9f533f0ad5/bcutil-jdk18on-1.79.jar because:
[        ]   Build cache is disabled
[        ]   Caching not enabled.
[        ] Caching disabled for MergeInstrumentationAnalysisTransform: /root/.gradle/caches/modules-2/files-2.1/org.apache.httpcomponents/httpclient/4.5.14/1194890e6f56ec29177673f2f12d0b8e627dec98/httpclient-4.5.14.jar because:
[        ]   Build cache is disabled
[        ]   Caching not enabled.
[        ] Caching disabled for MergeInstrumentationAnalysisTransform: /root/.gradle/caches/8.14/transforms/4ac0c55f6fec3ad5508279c3c8ad0d75/transformed/analysis/instrumentation-dependencies.bin because:
[        ]   Build cache is disabled
[        ]   Caching not enabled.
[        ] Caching disabled for MergeInstrumentationAnalysisTransform: /root/.gradle/caches/modules-2/files-2.1/org.jetbrains/annotations/23.0.0/8cc20c07506ec18e0834947b84a864bfc094484e/annotations-23.0.0.jar because:
[        ]   Build cache is disabled
[        ]   Caching not enabled.
[        ] Caching disabled for MergeInstrumentationAnalysisTransform: /root/.gradle/caches/modules-2/files-2.1/com.sun.activation/javax.activation/1.2.0/bf744c1e2776ed1de3c55c8dac1057ec331ef744/javax.activation-1.2.0.jar because:
[        ]   Build cache is disabled
[        ]   Caching not enabled.
[        ] Caching disabled for MergeInstrumentationAnalysisTransform: /root/.gradle/caches/8.14/transforms/893c2a768a8453d3c01c6cfa5d4dc229/transformed/analysis/instrumentation-dependencies.bin because:
[        ]   Build cache is disabled
[        ]   Caching not enabled.
[        ] Caching disabled for MergeInstrumentationAnalysisTransform: /root/.gradle/caches/8.14/transforms/f62290c4265fae9fb0cf357d49462801/transformed/analysis/instrumentation-hierarchy.bin because:
[        ]   Build cache is disabled
[        ]   Caching not enabled.
[        ] Caching disabled for MergeInstrumentationAnalysisTransform: /root/.gradle/caches/8.14/transforms/5abf02c03dc81b95039a45c46121d622/transformed/analysis/instrumentation-hierarchy.bin because:
[        ]   Build cache is disabled
[        ]   Caching not enabled.
[        ] Caching disabled for MergeInstrumentationAnalysisTransform: /root/.gradle/caches/8.14/transforms/63e0a1f75d91cde9ecfd6e29ce3f4dc8/transformed/analysis/instrumentation-hierarchy.bin because:
[        ]   Build cache is disabled
[        ]   Caching not enabled.
[        ] Caching disabled for MergeInstrumentationAnalysisTransform: /root/.gradle/caches/8.14/transforms/e0226a994236d7bf90152c665abe60df/transformed/analysis/instrumentation-dependencies.bin because:
[        ]   Build cache is disabled
[        ]   Caching not enabled.
[        ] Caching disabled for MergeInstrumentationAnalysisTransform: /root/.gradle/caches/modules-2/files-2.1/org.bouncycastle/bcprov-jdk18on/1.79/4d8e2732bcee15f1db93df266c3f5b70ce5cac21/bcprov-jdk18on-1.79.jar because:
[        ]   Build cache is disabled
[        ]   Caching not enabled.
[        ] Caching disabled for MergeInstrumentationAnalysisTransform: /root/.gradle/caches/modules-2/files-2.1/com.android/signflinger/8.13.1/13f035dd8e7e470ff8f3216a0b46333187f26df5/signflinger-8.13.1.jar because:
[        ]   Build cache is disabled
[        ]   Caching not enabled.
[        ] Caching disabled for MergeInstrumentationAnalysisTransform: /root/.gradle/caches/8.14/transforms/f62290c4265fae9fb0cf357d49462801/transformed/analysis/instrumentation-dependencies.bin because:
[        ]   Build cache is disabled
[        ]   Caching not enabled.
[        ] Caching disabled for MergeInstrumentationAnalysisTransform: /root/.gradle/caches/modules-2/files-2.1/com.android.tools/annotations/31.13.1/a9a04a78f42fdb0276a0fc7fd538890f856a9753/annotations-31.13.1.jar because:
[        ]   Build cache is disabled
[        ]   Caching not enabled.
[        ] Caching disabled for MergeInstrumentationAnalysisTransform: /root/.gradle/caches/8.14/transforms/5abf02c03dc81b95039a45c46121d622/transformed/analysis/instrumentation-dependencies.bin because:
[        ]   Build cache is disabled
[        ]   Caching not enabled.
[        ] Caching disabled for MergeInstrumentationAnalysisTransform: /root/.gradle/caches/8.14/transforms/63e0a1f75d91cde9ecfd6e29ce3f4dc8/transformed/analysis/instrumentation-dependencies.bin because:
[        ]   Build cache is disabled
[        ]   Caching not enabled.
[        ] Caching disabled for ExternalDependencyInstrumentingArtifactTransform: /root/.gradle/caches/8.14/transforms/67f0015290f701b46a946400271887ee/transformed/merge/instrumentation-dependencies.bin because:
[        ]   Build cache is disabled
[        ]   Caching not enabled.
[        ] Caching disabled for MergeInstrumentationAnalysisTransform: /root/.gradle/caches/8.14/transforms/8c12647086c0a3ca5d593c8e6e97b7eb/transformed/analysis/instrumentation-hierarchy.bin because:
[        ]   Build cache is disabled
[        ]   Caching not enabled.
[        ] Caching disabled for MergeInstrumentationAnalysisTransform: /root/.gradle/caches/modules-2/files-2.1/javax.annotation/javax.annotation-api/1.3.2/934c04d3cfef185a8008e7bf34331b79730a9d43/javax.annotation-api-1.3.2.jar because:
[        ]   Build cache is disabled
[        ]   Caching not enabled.
[  +79 ms] Caching disabled for ExternalDependencyInstrumentingArtifactTransform: /root/.gradle/caches/8.14/transforms/bf938d9db70004ac489870ad62487d97/transformed/merge/instrumentation-dependencies.bin because:
[        ]   Build cache is disabled
[        ]   Caching not enabled.
[        ] Caching disabled for MergeInstrumentationAnalysisTransform: /root/.gradle/caches/modules-2/files-2.1/com.googlecode.juniversalchardet/juniversalchardet/1.0.3/cd49678784c46aa8789c060538e0154013bb421b/juniversalchardet-1.0.3.jar because:
[        ]   Build cache is disabled
[        ]   Caching not enabled.
[        ] Caching disabled for MergeInstrumentationAnalysisTransform: /root/.gradle/caches/8.14/transforms/8c12647086c0a3ca5d593c8e6e97b7eb/transformed/analysis/instrumentation-dependencies.bin because:
[        ]   Build cache is disabled
[        ]   Caching not enabled.
[        ] Caching disabled for MergeInstrumentationAnalysisTransform: /root/.gradle/caches/modules-2/files-2.1/com.android/zipflinger/8.13.1/b0422efcca01a66e2d7d2e07dbabcfd1f5cdfd6f/zipflinger-8.13.1.jar because:
[        ]   Build cache is disabled
[        ]   Caching not enabled.
[        ] Caching disabled for MergeInstrumentationAnalysisTransform: /root/.gradle/caches/8.14/transforms/a9bb419057f2ec78198df5a5329559ea/transformed/analysis/instrumentation-hierarchy.bin because:
[        ]   Build cache is disabled
[        ]   Caching not enabled.
[        ] Caching disabled for MergeInstrumentationAnalysisTransform: /root/.gradle/caches/8.14/transforms/9a9891476629ac44014c62adfce6452d/transformed/analysis/instrumentation-hierarchy.bin because:
[        ]   Build cache is disabled
[        ]   Caching not enabled.
[        ] Caching disabled for MergeInstrumentationAnalysisTransform: /root/.gradle/caches/modules-2/files-2.1/net.java.dev.jna/jna-platform/5.6.0/d18424ffb8bbfd036d71bcaab9b546858f2ef986/jna-platform-5.6.0.jar because:
[        ]   Build cache is disabled
[        ]   Caching not enabled.
[        ] Caching disabled for ExternalDependencyInstrumentingArtifactTransform: /root/.gradle/caches/modules-2/files-2.1/com.android/signflinger/8.13.1/13f035dd8e7e470ff8f3216a0b46333187f26df5/signflinger-8.13.1.jar because:
[        ]   Build cache is disabled
[        ]   Caching not enabled.
[        ] Caching disabled for ExternalDependencyInstrumentingArtifactTransform: /root/.gradle/caches/8.14/transforms/999f40db7131f6438e8edf883d067d0a/transformed/merge/instrumentation-dependencies.bin because:
[        ]   Build cache is disabled
[        ]   Caching not enabled.
[        ] Caching disabled for ExternalDependencyInstrumentingArtifactTransform: /root/.gradle/caches/modules-2/files-2.1/com.android.tools/annotations/31.13.1/a9a04a78f42fdb0276a0fc7fd538890f856a9753/annotations-31.13.1.jar because:
[        ]   Build cache is disabled
[        ]   Caching not enabled.
[        ] Caching disabled for MergeInstrumentationAnalysisTransform: /root/.gradle/caches/8.14/transforms/9a9891476629ac44014c62adfce6452d/transformed/analysis/instrumentation-dependencies.bin because:
[        ]   Build cache is disabled
[        ]   Caching not enabled.
[        ] Caching disabled for MergeInstrumentationAnalysisTransform: /root/.gradle/caches/modules-2/files-2.1/org.jvnet.staxex/stax-ex/1.8.1/78011e483a21102fb4858f3e8f269a677e50aa23/stax-ex-1.8.1.jar because:
[        ]   Build cache is disabled
[        ]   Caching not enabled.
[        ] Caching disabled for MergeInstrumentationAnalysisTransform: /root/.gradle/caches/8.14/transforms/a9bb419057f2ec78198df5a5329559ea/transformed/analysis/instrumentation-dependencies.bin because:
[        ]   Build cache is disabled
[        ]   Caching not enabled.
[        ] Caching disabled for MergeInstrumentationAnalysisTransform: /root/.gradle/caches/8.14/transforms/0e4888efffc5b1de0f2cc5286369299e/transformed/analysis/instrumentation-hierarchy.bin because:
[        ]   Build cache is disabled
[        ]   Caching not enabled.
[        ] Caching disabled for MergeInstrumentationAnalysisTransform: /root/.gradle/caches/8.14/transforms/fefff9ef1ad0af2b4d20e97600842cb4/transformed/analysis/instrumentation-hierarchy.bin because:
[        ]   Build cache is disabled
[        ]   Caching not enabled.
[        ] Caching disabled for MergeInstrumentationAnalysisTransform: /root/.gradle/caches/8.14/transforms/c491d8608f57b6bb06428abd12a909c3/transformed/analysis/instrumentation-hierarchy.bin because:
[        ]   Build cache is disabled
[        ]   Caching not enabled.
[        ] Caching disabled for MergeInstrumentationAnalysisTransform: /root/.gradle/caches/modules-2/files-2.1/org.glassfish.jaxb/txw2/2.3.2/ce5be7da2e442c25ec14c766cb60cb802741727b/txw2-2.3.2.jar because:
[        ]   Build cache is disabled
[        ]   Caching not enabled.
[        ] Caching disabled for MergeInstrumentationAnalysisTransform: /root/.gradle/caches/8.14/transforms/0e4888efffc5b1de0f2cc5286369299e/transformed/analysis/instrumentation-dependencies.bin because:
[        ]   Build cache is disabled
[        ]   Caching not enabled.
[        ] Caching disabled for MergeInstrumentationAnalysisTransform: /root/.gradle/caches/8.14/transforms/9f7bf5a533b6fa8b7c91c970eaa2b8a2/transformed/analysis/instrumentation-dependencies.bin because:
[        ]   Build cache is disabled
[        ]   Caching not enabled.
[        ] Caching disabled for MergeInstrumentationAnalysisTransform: /root/.gradle/caches/8.14/transforms/fefff9ef1ad0af2b4d20e97600842cb4/transformed/analysis/instrumentation-dependencies.bin because:
[        ]   Build cache is disabled
[        ]   Caching not enabled.
[        ] Caching disabled for MergeInstrumentationAnalysisTransform: /root/.gradle/caches/modules-2/files-2.1/com.google.auto.value/auto-value-annotations/1.6.2/ed193d86e0af90cc2342aedbe73c5d86b03fa09b/auto-value-annotations-1.6.2.jar because:
[        ]   Build cache is disabled
[        ]   Caching not enabled.
[        ] Caching disabled for MergeInstrumentationAnalysisTransform: /root/.gradle/caches/modules-2/files-2.1/com.sun.istack/istack-commons-runtime/3.0.8/d6a97364045aa6b99bf2d3c566a3f98599c2d296/istack-commons-runtime-3.0.8.jar because:
[        ]   Build cache is disabled
[        ]   Caching not enabled.
[        ] Caching disabled for MergeInstrumentationAnalysisTransform: /root/.gradle/caches/8.14/transforms/c491d8608f57b6bb06428abd12a909c3/transformed/analysis/instrumentation-dependencies.bin because:
[        ]   Build cache is disabled
[        ]   Caching not enabled.
[        ] Caching disabled for MergeInstrumentationAnalysisTransform: /root/.gradle/caches/8.14/transforms/cf0bc295990994c9b29b9073cba028df/transformed/analysis/instrumentation-dependencies.bin because:
[        ]   Build cache is disabled
[        ]   Caching not enabled.
[        ] Caching disabled for MergeInstrumentationAnalysisTransform: /root/.gradle/caches/8.14/transforms/b964b2a10de25da1ef0fd6f921058bc2/transformed/analysis/instrumentation-hierarchy.bin because:
[        ]   Build cache is disabled
[        ]   Caching not enabled.
[        ] Caching disabled for MergeInstrumentationAnalysisTransform: /root/.gradle/caches/modules-2/files-2.1/com.sun.xml.fastinfoset/FastInfoset/1.2.16/4eb6a0adad553bf759ffe86927df6f3b848c8bea/FastInfoset-1.2.16.jar because:
[        ]   Build cache is disabled
[        ]   Caching not enabled.
[        ] Caching disabled for MergeInstrumentationAnalysisTransform: /root/.gradle/caches/modules-2/files-2.1/jakarta.xml.bind/jakarta.xml.bind-api/2.3.2/8d49996a4338670764d7ca4b85a1c4ccf7fe665d/jakarta.xml.bind-api-2.3.2.jar because:
[        ]   Build cache is disabled
[        ]   Caching not enabled.
[        ] Caching disabled for ExternalDependencyInstrumentingArtifactTransform: /root/.gradle/caches/modules-2/files-2.1/com.android/zipflinger/8.13.1/b0422efcca01a66e2d7d2e07dbabcfd1f5cdfd6f/zipflinger-8.13.1.jar because:
[        ]   Build cache is disabled
[        ]   Caching not enabled.
[        ] Caching disabled for MergeInstrumentationAnalysisTransform: /root/.gradle/caches/8.14/transforms/6f8bdd5d75a2382fcea921634ccf18cb/transformed/analysis/instrumentation-hierarchy.bin because:
[        ]   Build cache is disabled
[        ]   Caching not enabled.
[        ] Caching disabled for MergeInstrumentationAnalysisTransform: /root/.gradle/caches/8.14/transforms/58004fb02668d400301539bc7fd0023b/transformed/analysis/instrumentation-hierarchy.bin because:
[        ]   Build cache is disabled
[        ]   Caching not enabled.
[        ] Caching disabled for MergeInstrumentationAnalysisTransform: /root/.gradle/caches/8.14/transforms/d8695b060e50975c4594c2fcb6098560/transformed/analysis/instrumentation-hierarchy.bin because:
[        ]   Build cache is disabled
[        ]   Caching not enabled.
[        ] Caching disabled for MergeInstrumentationAnalysisTransform: /root/.gradle/caches/8.14/transforms/b964b2a10de25da1ef0fd6f921058bc2/transformed/analysis/instrumentation-dependencies.bin because:
[        ]   Build cache is disabled
[        ]   Caching not enabled.
[        ] Caching disabled for MergeInstrumentationAnalysisTransform: /root/.gradle/caches/modules-2/files-2.1/jakarta.activation/jakarta.activation-api/1.2.1/562a587face36ec7eff2db7f2fc95425c6602bc1/jakarta.activation-api-1.2.1.jar because:
[        ]   Build cache is disabled
[        ]   Caching not enabled.
[        ] Caching disabled for MergeInstrumentationAnalysisTransform: /root/.gradle/caches/modules-2/files-2.1/com.google.errorprone/error_prone_annotations/2.30.0/ff171acb7fb9cbe2b9f50b391e1d52459d30ee62/error_prone_annotations-2.30.0.jar because:
[        ]   Build cache is disabled
[        ]   Caching not enabled.
[        ] Caching disabled for MergeInstrumentationAnalysisTransform: /root/.gradle/caches/8.14/transforms/d8695b060e50975c4594c2fcb6098560/transformed/analysis/instrumentation-dependencies.bin because:
[        ]   Build cache is disabled
[        ]   Caching not enabled.
[        ] Caching disabled for MergeInstrumentationAnalysisTransform: /root/.gradle/caches/8.14/transforms/4cd17ccd69a423c77b4cc921baa79a8e/transformed/analysis/instrumentation-dependencies.bin because:
[        ]   Build cache is disabled
[        ]   Caching not enabled.
[        ] Caching disabled for MergeInstrumentationAnalysisTransform: /root/.gradle/caches/8.14/transforms/085ab5d22c0c73b805b5ceab6a9ea7ff/transformed/analysis/instrumentation-dependencies.bin because:
[        ]   Build cache is disabled
[        ]   Caching not enabled.
[        ] Caching disabled for MergeInstrumentationAnalysisTransform: /root/.gradle/caches/8.14/transforms/58004fb02668d400301539bc7fd0023b/transformed/analysis/instrumentation-dependencies.bin because:
[        ]   Build cache is disabled
[        ]   Caching not enabled.
[        ] Caching disabled for MergeInstrumentationAnalysisTransform: /root/.gradle/caches/8.14/transforms/6f8bdd5d75a2382fcea921634ccf18cb/transformed/analysis/instrumentation-dependencies.bin because:
[        ]   Build cache is disabled
[        ]   Caching not enabled.
[        ] Caching disabled for MergeInstrumentationAnalysisTransform: /root/.gradle/caches/8.14/transforms/3871849f067229dac404822e0cc10652/transformed/analysis/instrumentation-dependencies.bin because:
[        ]   Build cache is disabled
[        ]   Caching not enabled.
[        ] Caching disabled for MergeInstrumentationAnalysisTransform: /root/.gradle/caches/modules-2/files-2.1/com.google.j2objc/j2objc-annotations/3.0.0/7399e65dd7e9ff3404f4535b2f017093bdb134c7/j2objc-annotations-3.0.0.jar because:
[        ]   Build cache is disabled
[        ]   Caching not enabled.
[        ] Caching disabled for MergeInstrumentationAnalysisTransform: /root/.gradle/caches/modules-2/files-2.1/org.bitbucket.b_c/jose4j/0.9.5/e4ca26802488e6f16e24558d74ac8775a955fdd3/jose4j-0.9.5.jar because:
[        ]   Build cache is disabled
[        ]   Caching not enabled.
[        ] Caching disabled for MergeInstrumentationAnalysisTransform: /root/.gradle/caches/modules-2/files-2.1/com.google.code.findbugs/jsr305/3.0.2/25ea2e8b0c338a877313bd4672d3fe056ea78f0d/jsr305-3.0.2.jar because:
[        ]   Build cache is disabled
[        ]   Caching not enabled.
[        ] Caching disabled for MergeInstrumentationAnalysisTransform: /root/.gradle/caches/modules-2/files-2.1/org.slf4j/slf4j-api/1.7.30/b5a4b6d16ab13e34a88fae84c35cd5d68cac922c/slf4j-api-1.7.30.jar because:
[        ]   Build cache is disabled
[        ]   Caching not enabled.
[        ] Caching disabled for MergeInstrumentationAnalysisTransform: /root/.gradle/caches/modules-2/files-2.1/org.jdom/jdom2/2.0.6/6f14738ec2e9dd0011e343717fa624a10f8aab64/jdom2-2.0.6.jar because:
[        ]   Build cache is disabled
[        ]   Caching not enabled.
[        ] Caching disabled for MergeInstrumentationAnalysisTransform: /root/.gradle/caches/modules-2/files-2.1/com.google.android/annotations/4.1.1.4/a1678ba907bf92691d879fef34e1a187038f9259/annotations-4.1.1.4.jar because:
[        ]   Build cache is disabled
[        ]   Caching not enabled.
[        ] Caching disabled for MergeInstrumentationAnalysisTransform: /root/.gradle/caches/modules-2/files-2.1/org.codehaus.mojo/animal-sniffer-annotations/1.24/aa9ba58d30e0aad7f1808fce9c541ea3760678d8/animal-sniffer-annotations-1.24.jar because:
[        ]   Build cache is disabled
[        ]   Caching not enabled.
[        ] Caching disabled for MergeInstrumentationAnalysisTransform: /root/.gradle/caches/8.14/transforms/83c733493e2ffb6ca81f2223bd181a35/transformed/analysis/instrumentation-hierarchy.bin because:
[        ]   Build cache is disabled
[        ]   Caching not enabled.
[        ] Caching disabled for MergeInstrumentationAnalysisTransform: /root/.gradle/caches/8.14/transforms/ccd4d5146633deeb32e056fb256bbedb/transformed/analysis/instrumentation-hierarchy.bin because:
[        ]   Build cache is disabled
[        ]   Caching not enabled.
[        ] Caching disabled for MergeInstrumentationAnalysisTransform: /root/.gradle/caches/8.14/transforms/617ef37ad16b012eb8c48e988c6f42af/transformed/analysis/instrumentation-hierarchy.bin because:
[        ]   Build cache is disabled
[        ]   Caching not enabled.
[        ] Caching disabled for MergeInstrumentationAnalysisTransform: /root/.gradle/caches/8.14/transforms/f51ccf8076d57690ada9d88dd133c67d/transformed/analysis/instrumentation-hierarchy.bin because:
[        ]   Build cache is disabled
[        ]   Caching not enabled.
[        ] Caching disabled for MergeInstrumentationAnalysisTransform: /root/.gradle/caches/8.14/transforms/0539fa9ce4a552e6547543e3cb637c3a/transformed/analysis/instrumentation-hierarchy.bin because:
[        ]   Build cache is disabled
[        ]   Caching not enabled.
[        ] Caching disabled for MergeInstrumentationAnalysisTransform: /root/.gradle/caches/8.14/transforms/83c733493e2ffb6ca81f2223bd181a35/transformed/analysis/instrumentation-dependencies.bin because:
[        ]   Build cache is disabled
[        ]   Caching not enabled.
[        ] Caching disabled for MergeInstrumentationAnalysisTransform: /root/.gradle/caches/8.14/transforms/ccd4d5146633deeb32e056fb256bbedb/transformed/analysis/instrumentation-dependencies.bin because:
[        ]   Build cache is disabled
[        ]   Caching not enabled.
[        ] Caching disabled for MergeInstrumentationAnalysisTransform: /root/.gradle/caches/8.14/transforms/f51ccf8076d57690ada9d88dd133c67d/transformed/analysis/instrumentation-dependencies.bin because:
[        ]   Build cache is disabled
[        ]   Caching not enabled.
[        ] Caching disabled for MergeInstrumentationAnalysisTransform: /root/.gradle/caches/8.14/transforms/78583f17d4edeeba34d50f9204b52fbe/transformed/analysis/instrumentation-hierarchy.bin because:
[        ]   Build cache is disabled
[        ]   Caching not enabled.
[        ] Caching disabled for MergeInstrumentationAnalysisTransform: /root/.gradle/caches/8.14/transforms/0539fa9ce4a552e6547543e3cb637c3a/transformed/analysis/instrumentation-dependencies.bin because:
[        ]   Build cache is disabled
[        ]   Caching not enabled.
[        ] Caching disabled for MergeInstrumentationAnalysisTransform: /root/.gradle/caches/8.14/transforms/617ef37ad16b012eb8c48e988c6f42af/transformed/analysis/instrumentation-dependencies.bin because:
[        ]   Build cache is disabled
[        ]   Caching not enabled.
[        ] Caching disabled for MergeInstrumentationAnalysisTransform: /root/.gradle/caches/8.14/transforms/78583f17d4edeeba34d50f9204b52fbe/transformed/analysis/instrumentation-dependencies.bin because:
[        ]   Build cache is disabled
[        ]   Caching not enabled.
[        ] Caching disabled for MergeInstrumentationAnalysisTransform: /root/.gradle/caches/8.14/transforms/6133e5f6d0c97db3ac5bdf0126bb4bfe/transformed/analysis/instrumentation-dependencies.bin because:
[        ]   Build cache is disabled
[        ]   Caching not enabled.
[        ] Caching disabled for MergeInstrumentationAnalysisTransform: /root/.gradle/caches/modules-2/files-2.1/io.netty/netty-codec-http/4.1.110.Final/9d05cd927209ea25bbf342962c00b8e5a828c2a4/netty-codec-http-4.1.110.Final.jar because:
[        ]   Build cache is disabled
[        ]   Caching not enabled.
[        ] Caching disabled for MergeInstrumentationAnalysisTransform: /root/.gradle/caches/8.14/transforms/9b6cda020a6c8d70416b87930720156f/transformed/analysis/instrumentation-hierarchy.bin because:
[        ]   Build cache is disabled
[        ]   Caching not enabled.
[        ] Caching disabled for MergeInstrumentationAnalysisTransform: /root/.gradle/caches/modules-2/files-2.1/io.netty/netty-codec-http2/4.1.110.Final/e0849843eb5b1c036b12551baca98a9f7ff847a0/netty-codec-http2-4.1.110.Final.jar because:
[        ]   Build cache is disabled
[        ]   Caching not enabled.
[        ] Caching disabled for MergeInstrumentationAnalysisTransform: /root/.gradle/caches/modules-2/files-2.1/io.perfmark/perfmark-api/0.27.0/f86f575a41b091786a4b027cd9c0c1d2e3fc1c01/perfmark-api-0.27.0.jar because:
[        ]   Build cache is disabled
[        ]   Caching not enabled.
[        ] Caching disabled for MergeInstrumentationAnalysisTransform: /root/.gradle/caches/modules-2/files-2.1/org.checkerframework/checker-qual/3.43.0/9425eee39e56b116d2b998b7c2cebcbd11a3c98b/checker-qual-3.43.0.jar because:
[        ]   Build cache is disabled
[        ]   Caching not enabled.
[        ] Caching disabled for MergeInstrumentationAnalysisTransform: /root/.gradle/caches/modules-2/files-2.1/io.netty/netty-handler-proxy/4.1.110.Final/b7fb401dd47c79e6b99f2319ac3b561c50c31c30/netty-handler-proxy-4.1.110.Final.jar because:
[        ]   Build cache is disabled
[        ]   Caching not enabled.
[        ] Caching disabled for MergeInstrumentationAnalysisTransform: /root/.gradle/caches/modules-2/files-2.1/io.netty/netty-transport-native-unix-common/4.1.110.Final/a7096e7c0a25a983647909d7513f5d4943d589c0/netty-transport-native-unix-common-4.1.110.Final.jar because:
[        ]   Build cache is disabled
[        ]   Caching not enabled.
[        ] Caching disabled for MergeInstrumentationAnalysisTransform: /root/.gradle/caches/8.14/transforms/9b6cda020a6c8d70416b87930720156f/transformed/analysis/instrumentation-dependencies.bin because:
[        ]   Build cache is disabled
[        ]   Caching not enabled.
[        ] Caching disabled for MergeInstrumentationAnalysisTransform: /root/.gradle/caches/modules-2/files-2.1/io.netty/netty-handler/4.1.110.Final/168db749c22652ee7fed1ebf7ec46ce856d75e51/netty-handler-4.1.110.Final.jar because:
[        ]   Build cache is disabled
[        ]   Caching not enabled.
[        ] Caching disabled for MergeInstrumentationAnalysisTransform: /root/.gradle/caches/8.14/transforms/2d6ad7057afe351af184d49f5efa7fa0/transformed/analysis/instrumentation-hierarchy.bin because:
[        ]   Build cache is disabled
[        ]   Caching not enabled.
[        ] Caching disabled for MergeInstrumentationAnalysisTransform: /root/.gradle/caches/8.14/transforms/686bf4cfe7f84bbadfff8cfc881e76ad/transformed/analysis/instrumentation-dependencies.bin because:
[        ]   Build cache is disabled
[        ]   Caching not enabled.
[        ] Caching disabled for MergeInstrumentationAnalysisTransform: /root/.gradle/caches/8.14/transforms/8e362c5f3c362fbc630f6643bca41639/transformed/analysis/instrumentation-hierarchy.bin because:
[        ]   Build cache is disabled
[        ]   Caching not enabled.
[        ] Caching disabled for MergeInstrumentationAnalysisTransform: /root/.gradle/caches/8.14/transforms/b4e207aa96e8d470c5c1c936134d8f4c/transformed/analysis/instrumentation-dependencies.bin because:
[        ]   Build cache is disabled
[        ]   Caching not enabled.
[        ] Caching disabled for MergeInstrumentationAnalysisTransform: /root/.gradle/caches/8.14/transforms/059495c8615bae36d0fc93a846ab4920/transformed/analysis/instrumentation-hierarchy.bin because:
[        ]   Build cache is disabled
[        ]   Caching not enabled.
[        ] Caching disabled for MergeInstrumentationAnalysisTransform: /root/.gradle/caches/8.14/transforms/2d6ad7057afe351af184d49f5efa7fa0/transformed/analysis/instrumentation-dependencies.bin because:
[        ]   Build cache is disabled
[        ]   Caching not enabled.
[        ] Caching disabled for MergeInstrumentationAnalysisTransform: /root/.gradle/caches/8.14/transforms/b61fb44fc1d8321fadf92de7a61bc6d5/transformed/analysis/instrumentation-hierarchy.bin because:
[        ]   Build cache is disabled
[        ]   Caching not enabled.
[        ] Caching disabled for MergeInstrumentationAnalysisTransform: /root/.gradle/caches/8.14/transforms/8e362c5f3c362fbc630f6643bca41639/transformed/analysis/instrumentation-dependencies.bin because:
[        ]   Build cache is disabled
[        ]   Caching not enabled.
[        ] Caching disabled for MergeInstrumentationAnalysisTransform: /root/.gradle/caches/modules-2/files-2.1/com.google.guava/failureaccess/1.0.2/c4a06a64e650562f30b7bf9aaec1bfed43aca12b/failureaccess-1.0.2.jar because:
[        ]   Build cache is disabled
[        ]   Caching not enabled.
[        ] Caching disabled for MergeInstrumentationAnalysisTransform: /root/.gradle/caches/modules-2/files-2.1/com.android.tools.build/apksig/8.13.1/f005788487574c7d6ba23dea63bf8cb3a4f164a6/apksig-8.13.1.jar because:
[        ]   Build cache is disabled
[        ]   Caching not enabled.
[        ] Caching disabled for MergeInstrumentationAnalysisTransform: /root/.gradle/caches/8.14/transforms/b61fb44fc1d8321fadf92de7a61bc6d5/transformed/analysis/instrumentation-dependencies.bin because:
[        ]   Build cache is disabled
[        ]   Caching not enabled.
[        ] Caching disabled for MergeInstrumentationAnalysisTransform: /root/.gradle/caches/8.14/transforms/059495c8615bae36d0fc93a846ab4920/transformed/analysis/instrumentation-dependencies.bin because:
[        ]   Build cache is disabled
[        ]   Caching not enabled.
[        ] Caching disabled for MergeInstrumentationAnalysisTransform: /root/.gradle/caches/modules-2/files-2.1/com.google.guava/listenablefuture/9999.0-empty-to-avoid-conflict-with-guava/b421526c5f297295adef1c886e5246c39d4ac629/listenablefuture-9999.0-empty-to-avoid-conflict-with-guava.jar because:
[        ]   Build cache is disabled
[        ]   Caching not enabled.
[        ] Caching disabled for MergeInstrumentationAnalysisTransform: /root/.gradle/caches/modules-2/files-2.1/com.squareup/javawriter/2.5.0/81241ff7078ef14f42ea2a8995fa09c096256e6b/javawriter-2.5.0.jar because:
[        ]   Build cache is disabled
[        ]   Caching not enabled.
[        ] Caching disabled for MergeInstrumentationAnalysisTransform: /root/.gradle/caches/8.14/transforms/dd8a2aee7e449ddba7026d5522c99b95/transformed/analysis/instrumentation-hierarchy.bin because:
[        ]   Build cache is disabled
[        ]   Caching not enabled.
[        ] Caching disabled for MergeInstrumentationAnalysisTransform: /root/.gradle/caches/modules-2/files-2.1/commons-logging/commons-logging/1.2/4bfc12adfe4842bf07b657f0369c4cb522955686/commons-logging-1.2.jar because:
[        ]   Build cache is disabled
[        ]   Caching not enabled.
[        ] Caching disabled for MergeInstrumentationAnalysisTransform: /root/.gradle/caches/8.14/transforms/0351b43ad8fd7f1c9e3d26f252940e1b/transformed/analysis/instrumentation-hierarchy.bin because:
[        ]   Build cache is disabled
[        ]   Caching not enabled.
[        ] Caching disabled for MergeInstrumentationAnalysisTransform: /root/.gradle/caches/8.14/transforms/cc26bb6f1faed16f0f96d3d35df77724/transformed/analysis/instrumentation-hierarchy.bin because:
[        ]   Build cache is disabled
[        ]   Caching not enabled.
[        ] Caching disabled for MergeInstrumentationAnalysisTransform: /root/.gradle/caches/8.14/transforms/dd8a2aee7e449ddba7026d5522c99b95/transformed/analysis/instrumentation-dependencies.bin because:
[        ]   Build cache is disabled
[        ]   Caching not enabled.
[        ] Caching disabled for ExternalDependencyInstrumentingArtifactTransform: /root/.gradle/caches/8.14/transforms/283643b6eacf7753c6d7283c91b7f65a/transformed/merge/instrumentation-dependencies.bin because:
[        ]   Build cache is disabled
[        ]   Caching not enabled.
[        ] Caching disabled for MergeInstrumentationAnalysisTransform: /root/.gradle/caches/modules-2/files-2.1/commons-codec/commons-codec/1.11/3acb4705652e16236558f0f4f2192cc33c3bd189/commons-codec-1.11.jar because:
[        ]   Build cache is disabled
[        ]   Caching not enabled.
[        ] Caching disabled for MergeInstrumentationAnalysisTransform: /root/.gradle/caches/8.14/transforms/cc26bb6f1faed16f0f96d3d35df77724/transformed/analysis/instrumentation-dependencies.bin because:
[        ]   Build cache is disabled
[        ]   Caching not enabled.
[        ] Caching disabled for MergeInstrumentationAnalysisTransform: /root/.gradle/caches/8.14/transforms/ec41b8f9404b13e8f716ddadd79bd47c/transformed/analysis/instrumentation-hierarchy.bin because:
[        ]   Build cache is disabled
[        ]   Caching not enabled.
[        ] Caching disabled for MergeInstrumentationAnalysisTransform: /root/.gradle/caches/8.14/transforms/677a1829d77c1f5248ce88c9e300d627/transformed/analysis/instrumentation-hierarchy.bin because:
[        ]   Build cache is disabled
[        ]   Caching not enabled.
[        ] Caching disabled for ExternalDependencyInstrumentingArtifactTransform: /root/.gradle/caches/modules-2/files-2.1/org.jetbrains.kotlin/kotlin-stdlib/2.2.0/fdfc65fbc42fda253a26f61dac3c0aca335fae96/kotlin-stdlib-2.2.0.jar because:
[        ]   Build cache is disabled
[        ]   Caching not enabled.
[        ] Caching disabled for MergeInstrumentationAnalysisTransform: /root/.gradle/caches/modules-2/files-2.1/io.netty/netty-codec-socks/4.1.110.Final/4d54c8d5b95b14756043efb59b8c3e62ec67aa43/netty-codec-socks-4.1.110.Final.jar because:
[        ]   Build cache is disabled
[        ]   Caching not enabled.
[        ] Caching disabled for MergeInstrumentationAnalysisTransform: /root/.gradle/caches/modules-2/files-2.1/net.java.dev.jna/jna/5.6.0/330f2244e9030119ab3030fc3fededc86713d9cc/jna-5.6.0.jar because:
[        ]   Build cache is disabled
[        ]   Caching not enabled.
[        ] Caching disabled for MergeInstrumentationAnalysisTransform: /root/.gradle/caches/8.14/transforms/ec41b8f9404b13e8f716ddadd79bd47c/transformed/analysis/instrumentation-dependencies.bin because:
[        ]   Build cache is disabled
[        ]   Caching not enabled.
[        ] Caching disabled for MergeInstrumentationAnalysisTransform: /root/.gradle/caches/8.14/transforms/0351b43ad8fd7f1c9e3d26f252940e1b/transformed/analysis/instrumentation-dependencies.bin because:
[        ]   Build cache is disabled
[        ]   Caching not enabled.
[        ] Caching disabled for MergeInstrumentationAnalysisTransform: /root/.gradle/caches/8.14/transforms/4eda740bb6ccf2909ae408fcc443d9fd/transformed/analysis/instrumentation-hierarchy.bin because:
[        ]   Build cache is disabled
[        ]   Caching not enabled.
[        ] Caching disabled for MergeInstrumentationAnalysisTransform: /root/.gradle/caches/8.14/transforms/677a1829d77c1f5248ce88c9e300d627/transformed/analysis/instrumentation-dependencies.bin because:
[        ]   Build cache is disabled
[        ]   Caching not enabled.
[        ] Caching disabled for MergeInstrumentationAnalysisTransform: /root/.gradle/caches/modules-2/files-2.1/io.netty/netty-codec/4.1.110.Final/f1fa43b03e93ab88e805b6a4e3e83780c80b47d2/netty-codec-4.1.110.Final.jar because:
[        ]   Build cache is disabled
[        ]   Caching not enabled.
[        ] Caching disabled for MergeInstrumentationAnalysisTransform: /root/.gradle/caches/8.14/transforms/4eda740bb6ccf2909ae408fcc443d9fd/transformed/analysis/instrumentation-dependencies.bin because:
[        ]   Build cache is disabled
[        ]   Caching not enabled.
[        ] Caching disabled for MergeInstrumentationAnalysisTransform: /root/.gradle/caches/modules-2/files-2.1/io.netty/netty-buffer/4.1.110.Final/3d918a9ee057d995c362902b54634fc307132aac/netty-buffer-4.1.110.Final.jar because:
[        ]   Build cache is disabled
[        ]   Caching not enabled.
[        ] Caching disabled for MergeInstrumentationAnalysisTransform: /root/.gradle/caches/modules-2/files-2.1/io.netty/netty-transport/4.1.110.Final/b91f04c39ac14d6a29d07184ef305953ee6e0348/netty-transport-4.1.110.Final.jar because:
[        ]   Build cache is disabled
[        ]   Caching not enabled.
[        ] Caching disabled for MergeInstrumentationAnalysisTransform: /root/.gradle/caches/modules-2/files-2.1/io.netty/netty-resolver/4.1.110.Final/66c15921104cda0159b34e316541bc765dfaf3c0/netty-resolver-4.1.110.Final.jar because:
[        ]   Build cache is disabled
[        ]   Caching not enabled.
[        ] Caching disabled for MergeInstrumentationAnalysisTransform: /root/.gradle/caches/modules-2/files-2.1/io.netty/netty-common/4.1.110.Final/ec361e7e025c029be50c55c8480080cabcbc01e7/netty-common-4.1.110.Final.jar because:
[        ]   Build cache is disabled
[        ]   Caching not enabled.
[  +85 ms] Caching disabled for ExternalDependencyInstrumentingArtifactTransform: /root/.gradle/caches/modules-2/files-2.1/com.android.tools.build/apksig/8.13.1/f005788487574c7d6ba23dea63bf8cb3a4f164a6/apksig-8.13.1.jar because:
[        ]   Build cache is disabled
[        ]   Caching not enabled.
[        ] Caching disabled for ExternalDependencyInstrumentingArtifactTransform: /root/.gradle/caches/modules-2/files-2.1/org.jetbrains.kotlin/kotlin-reflect/2.2.0/4258f471b10f4fce1b1c000b59495b7413e1af9a/kotlin-reflect-2.2.0.jar because:
[        ]   Build cache is disabled
[        ]   Caching not enabled.
[ +499 ms] Caching disabled for ExternalDependencyInstrumentingArtifactTransform: /root/.gradle/caches/modules-2/files-2.1/com.android.tools.build/builder/8.13.1/74bd2ef9a01c850add1329fbe4c118fb6706e748/builder-8.13.1.jar because:
[        ]   Build cache is disabled
[        ]   Caching not enabled.
[        ] Caching disabled for ExternalDependencyInstrumentingArtifactTransform: /root/.gradle/caches/modules-2/files-2.1/com.android.tools.analytics-library/protos/31.13.1/568520224f5c347add38c2bef3d0288ae11f8d31/protos-31.13.1.jar because:
[        ]   Build cache is disabled
[        ]   Caching not enabled.
[        ] Caching disabled for ExternalDependencyInstrumentingArtifactTransform: /root/.gradle/caches/modules-2/files-2.1/com.android.tools.build/gradle/8.13.1/82c6f91119e69ca2068c9a0b549930bfe60385b5/gradle-8.13.1.jar because:
[        ]   Build cache is disabled
[        ]   Caching not enabled.
[ +699 ms] Caching disabled for Groovy DSL script compilation (proj) because:
[        ]   Build cache is disabled
[        ]   Not worth caching.
[        ] Compiling build file '/root/.pub-cache/hosted/pub.dev/flutter_plugin_android_lifecycle-2.0.33/android/build.gradle' using BuildScriptTransformer.
[  +99 ms] Using default execution profile
[+1999 ms] > Configure project :flutter_secure_storage
[        ] Evaluating project ':flutter_secure_storage' using build file '/root/.pub-cache/hosted/pub.dev/flutter_secure_storage-9.2.4/android/build.gradle'.
[        ] Caching disabled for Groovy DSL script compilation (cp_proj) because:
[        ]   Build cache is disabled
[        ]   Not worth caching.
[        ] Compiling build file '/root/.pub-cache/hosted/pub.dev/flutter_secure_storage-9.2.4/android/build.gradle' using SubsetScriptTransformer.
[        ] Downloading https://dl.google.com/dl/android/maven2/com/android/tools/build/gradle/8.5.1/gradle-8.5.1.pom to /root/.gradle/.tmp/gradle_download2046960120725299232bin
[        ] Downloading https://dl.google.com/dl/android/maven2/com/android/tools/build/gradle/8.5.1/gradle-8.5.1.module to /root/.gradle/.tmp/gradle_download4765081349217447060bin
[        ] Downloading https://dl.google.com/dl/android/maven2/com/android/tools/build/gradle-settings-api/8.5.1/gradle-settings-api-8.5.1.pom to /root/.gradle/.tmp/gradle_download18202655136527987101bin
[        ] Downloading https://dl.google.com/dl/android/maven2/com/android/tools/ddms/ddmlib/31.5.1/ddmlib-31.5.1.pom to /root/.gradle/.tmp/gradle_download10536867546650786550bin
[        ] Downloading https://dl.google.com/dl/android/maven2/com/android/tools/sdklib/31.5.1/sdklib-31.5.1.pom to /root/.gradle/.tmp/gradle_download10295113324317519641bin
[        ] Downloading https://dl.google.com/dl/android/maven2/com/android/tools/analytics-library/crash/31.5.1/crash-31.5.1.pom to /root/.gradle/.tmp/gradle_download11961064117479018387bin
[        ] Downloading https://dl.google.com/dl/android/maven2/com/android/tools/analytics-library/shared/31.5.1/shared-31.5.1.pom to /root/.gradle/.tmp/gradle_download8305757880275893946bin
[        ] Downloading https://dl.google.com/dl/android/maven2/com/android/tools/build/aaptcompiler/8.5.1/aaptcompiler-8.5.1.pom to /root/.gradle/.tmp/gradle_download16775096119644069708bin
[        ] Downloading https://dl.google.com/dl/android/maven2/com/android/tools/lint/lint-model/31.5.1/lint-model-31.5.1.pom to /root/.gradle/.tmp/gradle_download5214674935865206059bin
[        ] Downloading https://dl.google.com/dl/android/maven2/com/android/tools/repository/31.5.1/repository-31.5.1.pom to /root/.gradle/.tmp/gradle_download3820827314299854627bin
[        ] Downloading https://dl.google.com/dl/android/maven2/com/android/tools/lint/lint-typedef-remover/31.5.1/lint-typedef-remover-31.5.1.pom to /root/.gradle/.tmp/gradle_download9852109327801092181bin
[        ] Downloading https://dl.google.com/dl/android/maven2/com/android/tools/sdk-common/31.5.1/sdk-common-31.5.1.pom to /root/.gradle/.tmp/gradle_download140342296948972165bin
[        ] Downloading https://dl.google.com/dl/android/maven2/androidx/databinding/databinding-compiler-common/8.5.1/databinding-compiler-common-8.5.1.pom to /root/.gradle/.tmp/gradle_download6347208257141600510bin
[        ] Downloading https://dl.google.com/dl/android/maven2/com/android/tools/build/gradle-settings-api/8.5.1/gradle-settings-api-8.5.1.module to /root/.gradle/.tmp/gradle_download1512276849722278263bin
[        ] Downloading https://dl.google.com/dl/android/maven2/com/android/tools/build/aapt2-proto/8.5.1-11315950/aapt2-proto-8.5.1-11315950.pom to /root/.gradle/.tmp/gradle_download13931064076943624465bin
[        ] Downloading https://dl.google.com/dl/android/maven2/com/android/tools/layoutlib/layoutlib-api/31.5.1/layoutlib-api-31.5.1.pom to /root/.gradle/.tmp/gradle_download7896384374066515074bin
[        ] Downloading https://dl.google.com/dl/android/maven2/com/android/tools/utp/android-test-plugin-host-emulator-control-proto/31.5.1/android-test-plugin-host-emulator-control-proto-31.5.1.pom to /root/.gradle/.tmp/gradle_download7545225938426789032bin
[        ] Downloading https://dl.google.com/dl/android/maven2/com/android/tools/build/builder-test-api/8.5.1/builder-test-api-8.5.1.pom to /root/.gradle/.tmp/gradle_download9443267763591186231bin
[        ] Downloading https://dl.google.com/dl/android/maven2/com/android/tools/utp/android-device-provider-gradle-proto/31.5.1/android-device-provider-gradle-proto-31.5.1.pom to /root/.gradle/.tmp/gradle_download10362388812792841282bin
[        ] Downloading https://dl.google.com/dl/android/maven2/com/android/tools/utp/android-test-plugin-host-logcat-proto/31.5.1/android-test-plugin-host-logcat-proto-31.5.1.pom to /root/.gradle/.tmp/gradle_download13327069343290827247bin
[        ] Downloading https://dl.google.com/dl/android/maven2/com/android/tools/utp/android-device-provider-ddmlib-proto/31.5.1/android-device-provider-ddmlib-proto-31.5.1.pom to /root/.gradle/.tmp/gradle_download15795552197858602629bin
[        ] Downloading https://dl.google.com/dl/android/maven2/androidx/databinding/databinding-common/8.5.1/databinding-common-8.5.1.pom to /root/.gradle/.tmp/gradle_download1855442988474321813bin
[        ] Downloading https://dl.google.com/dl/android/maven2/com/android/tools/build/aaptcompiler/8.5.1/aaptcompiler-8.5.1.module to /root/.gradle/.tmp/gradle_download4900496143476453691bin
[        ] Downloading https://dl.google.com/dl/android/maven2/com/android/tools/utp/android-test-plugin-host-coverage-proto/31.5.1/android-test-plugin-host-coverage-proto-31.5.1.pom to /root/.gradle/.tmp/gradle_download12871418308376793330bin
[        ] Downloading https://dl.google.com/dl/android/maven2/com/android/tools/utp/android-test-plugin-host-additional-test-output-proto/31.5.1/android-test-plugin-host-additional-test-output-proto-31.5.1.pom to /root/.gradle/.tmp/gradle_download6284636972420466132bin
[        ] Downloading https://dl.google.com/dl/android/maven2/com/android/tools/build/aapt2-proto/8.5.1-11315950/aapt2-proto-8.5.1-11315950.module to /root/.gradle/.tmp/gradle_download2353645660017305390bin
[        ] Downloading https://dl.google.com/dl/android/maven2/com/android/databinding/baseLibrary/8.5.1/baseLibrary-8.5.1.pom to /root/.gradle/.tmp/gradle_download15989949934287857555bin
[        ] Resource missing. [HTTP GET: https://dl.google.com/dl/android/maven2/org/ow2/asm/asm/9.6/asm-9.6.pom]
[        ] Resource missing. [HTTP GET: https://dl.google.com/dl/android/maven2/org/ow2/asm/asm-analysis/9.6/asm-analysis-9.6.pom]
[        ] Downloading https://dl.google.com/dl/android/maven2/com/android/tools/utp/android-test-plugin-host-apk-installer-proto/31.5.1/android-test-plugin-host-apk-installer-proto-31.5.1.pom to /root/.gradle/.tmp/gradle_download14260159876906117616bin
[        ] Resource missing. [HTTP GET: https://dl.google.com/dl/android/maven2/org/ow2/asm/asm-commons/9.6/asm-commons-9.6.pom]
[        ] Downloading https://dl.google.com/dl/android/maven2/com/android/tools/utp/android-test-plugin-result-listener-gradle-proto/31.5.1/android-test-plugin-result-listener-gradle-proto-31.5.1.pom to /root/.gradle/.tmp/gradle_download12438728617875423158bin
[        ] Downloading https://dl.google.com/dl/android/maven2/com/android/tools/build/builder-test-api/8.5.1/builder-test-api-8.5.1.module to /root/.gradle/.tmp/gradle_download17343111649803906471bin
[        ] Resource missing. [HTTP GET: https://dl.google.com/dl/android/maven2/org/ow2/asm/asm-util/9.6/asm-util-9.6.pom]
[        ] Downloading https://repo.maven.apache.org/maven2/org/ow2/asm/asm/9.6/asm-9.6.pom to /root/.gradle/.tmp/gradle_download11466863578394563281bin
[        ] Downloading https://dl.google.com/dl/android/maven2/com/android/tools/build/bundletool/1.16.0/bundletool-1.16.0.pom to /root/.gradle/.tmp/gradle_download4271523187887269020bin
[        ] Downloading https://repo.maven.apache.org/maven2/org/ow2/asm/asm-analysis/9.6/asm-analysis-9.6.pom to /root/.gradle/.tmp/gradle_download9104639921920338146bin
[        ] Downloading https://dl.google.com/dl/android/maven2/com/android/tools/utp/android-test-plugin-host-retention-proto/31.5.1/android-test-plugin-host-retention-proto-31.5.1.pom to /root/.gradle/.tmp/gradle_download7841694207229301528bin
[        ] Resource missing. [HTTP GET: https://dl.google.com/dl/android/maven2/org/jetbrains/kotlin/kotlin-stdlib-jdk8/1.9.20/kotlin-stdlib-jdk8-1.9.20.pom]
[        ] Downloading https://repo.maven.apache.org/maven2/org/ow2/asm/asm-commons/9.6/asm-commons-9.6.pom to /root/.gradle/.tmp/gradle_download2310495439099960208bin
[        ] Downloading https://repo.maven.apache.org/maven2/org/ow2/asm/asm-util/9.6/asm-util-9.6.pom to /root/.gradle/.tmp/gradle_download13920180503650449240bin
[        ] Downloading https://repo.maven.apache.org/maven2/org/jetbrains/kotlin/kotlin-stdlib-jdk8/1.9.20/kotlin-stdlib-jdk8-1.9.20.pom to /root/.gradle/.tmp/gradle_download12044837519687200836bin
[ +497 ms] Resource missing. [HTTP GET: https://dl.google.com/dl/android/maven2/commons-io/commons-io/2.13.0/commons-io-2.13.0.pom]
[        ] Resource missing. [HTTP GET: https://dl.google.com/dl/android/maven2/org/bouncycastle/bcpkix-jdk18on/1.77/bcpkix-jdk18on-1.77.pom]
[        ] Downloading https://repo.maven.apache.org/maven2/commons-io/commons-io/2.13.0/commons-io-2.13.0.pom to /root/.gradle/.tmp/gradle_download4364065217053534398bin
[        ] Downloading https://repo.maven.apache.org/maven2/org/bouncycastle/bcpkix-jdk18on/1.77/bcpkix-jdk18on-1.77.pom to /root/.gradle/.tmp/gradle_download3478960761321979872bin
[        ] Resource missing. [HTTP GET: https://dl.google.com/dl/android/maven2/io/grpc/grpc-stub/1.57.0/grpc-stub-1.57.0.pom]
[        ] Resource missing. [HTTP GET: https://dl.google.com/dl/android/maven2/io/grpc/grpc-core/1.57.0/grpc-core-1.57.0.pom]
[        ] Downloading https://dl.google.com/dl/android/maven2/com/google/testing/platform/core-proto/0.0.9-alpha02/core-proto-0.0.9-alpha02.pom to /root/.gradle/.tmp/gradle_download3001593461426319815bin
[        ] Resource missing. [HTTP GET: https://dl.google.com/dl/android/maven2/com/google/protobuf/protobuf-java-util/3.22.3/protobuf-java-util-3.22.3.pom]
[        ] Downloading https://repo.maven.apache.org/maven2/io/grpc/grpc-stub/1.57.0/grpc-stub-1.57.0.pom to /root/.gradle/.tmp/gradle_download16672208437574675752bin
[        ] Resource missing. [HTTP GET: https://dl.google.com/dl/android/maven2/io/grpc/grpc-protobuf/1.57.0/grpc-protobuf-1.57.0.pom]
[        ] Downloading https://repo.maven.apache.org/maven2/io/grpc/grpc-core/1.57.0/grpc-core-1.57.0.pom to /root/.gradle/.tmp/gradle_download11279147757568975339bin
[        ] Resource missing. [HTTP GET: https://dl.google.com/dl/android/maven2/com/google/protobuf/protobuf-java/3.22.3/protobuf-java-3.22.3.pom]
[        ] Downloading https://repo.maven.apache.org/maven2/com/google/protobuf/protobuf-java-util/3.22.3/protobuf-java-util-3.22.3.pom to /root/.gradle/.tmp/gradle_download10479712586550749475bin
[  +99 ms] Resource missing. [HTTP GET: https://dl.google.com/dl/android/maven2/com/google/code/gson/gson/2.10.1/gson-2.10.1.pom]
[        ] Downloading https://repo.maven.apache.org/maven2/io/grpc/grpc-protobuf/1.57.0/grpc-protobuf-1.57.0.pom to /root/.gradle/.tmp/gradle_download4883741936478417251bin
[        ] Resource missing. [HTTP GET: https://dl.google.com/dl/android/maven2/io/grpc/grpc-netty/1.57.0/grpc-netty-1.57.0.pom]
[        ] Downloading https://repo.maven.apache.org/maven2/com/google/protobuf/protobuf-java/3.22.3/protobuf-java-3.22.3.pom to /root/.gradle/.tmp/gradle_download14120237108704366600bin
[        ] Downloading https://repo.maven.apache.org/maven2/com/google/code/gson/gson/2.10.1/gson-2.10.1.pom to /root/.gradle/.tmp/gradle_download14413458611025877956bin
[        ] Downloading https://dl.google.com/dl/android/maven2/com/android/tools/build/builder-model/8.5.1/builder-model-8.5.1.pom to /root/.gradle/.tmp/gradle_download17315995099476688445bin
[        ] Downloading https://repo.maven.apache.org/maven2/io/grpc/grpc-netty/1.57.0/grpc-netty-1.57.0.pom to /root/.gradle/.tmp/gradle_download7740094450914833296bin
[        ] Downloading https://dl.google.com/dl/android/maven2/com/android/tools/build/builder/8.5.1/builder-8.5.1.pom to /root/.gradle/.tmp/gradle_download7602290210557108747bin
[        ] Resource missing. [HTTP GET: https://dl.google.com/dl/android/maven2/org/apache/commons/commons-parent/58/commons-parent-58.pom]
[  +99 ms] Downloading https://repo.maven.apache.org/maven2/org/apache/commons/commons-parent/58/commons-parent-58.pom to /root/.gradle/.tmp/gradle_download16191221798464117896bin
[        ] Resource missing. [HTTP GET: https://dl.google.com/dl/android/maven2/com/google/protobuf/protobuf-parent/3.22.3/protobuf-parent-3.22.3.pom]
[        ] Downloading https://repo.maven.apache.org/maven2/com/google/protobuf/protobuf-parent/3.22.3/protobuf-parent-3.22.3.pom to /root/.gradle/.tmp/gradle_download17345319888887463304bin
[        ] Downloading https://dl.google.com/dl/android/maven2/com/android/tools/build/gradle-api/8.5.1/gradle-api-8.5.1.pom to /root/.gradle/.tmp/gradle_download11220917583406193931bin
[        ] Downloading https://dl.google.com/dl/android/maven2/com/android/tools/build/builder/8.5.1/builder-8.5.1.module to /root/.gradle/.tmp/gradle_download14924847303449378675bin
[  +99 ms] Resource missing. [HTTP GET: https://dl.google.com/dl/android/maven2/com/google/code/gson/gson-parent/2.10.1/gson-parent-2.10.1.pom]
[        ] Downloading https://dl.google.com/dl/android/maven2/com/android/tools/build/builder-model/8.5.1/builder-model-8.5.1.module to /root/.gradle/.tmp/gradle_download17829401160861356bin
[        ] Downloading https://repo.maven.apache.org/maven2/com/google/code/gson/gson-parent/2.10.1/gson-parent-2.10.1.pom to /root/.gradle/.tmp/gradle_download15029313019652908030bin
[ +399 ms] Downloading https://dl.google.com/dl/android/maven2/com/android/tools/build/gradle-api/8.5.1/gradle-api-8.5.1.module to /root/.gradle/.tmp/gradle_download10756836001037615602bin
[        ] Resource missing. [HTTP GET: https://dl.google.com/dl/android/maven2/org/apache/apache/29/apache-29.pom]
[ +100 ms] Resource missing. [HTTP GET: https://dl.google.com/dl/android/maven2/com/google/protobuf/protobuf-bom/3.22.3/protobuf-bom-3.22.3.pom]
[        ] Downloading https://repo.maven.apache.org/maven2/org/apache/apache/29/apache-29.pom to /root/.gradle/.tmp/gradle_download8515624231876362087bin
[        ] Downloading https://repo.maven.apache.org/maven2/com/google/protobuf/protobuf-bom/3.22.3/protobuf-bom-3.22.3.pom to /root/.gradle/.tmp/gradle_download6981161490575462077bin
[  +99 ms] Resource missing. [HTTP GET: https://dl.google.com/dl/android/maven2/org/junit/junit-bom/5.9.3/junit-bom-5.9.3.pom]
[        ] Downloading https://repo.maven.apache.org/maven2/org/junit/junit-bom/5.9.3/junit-bom-5.9.3.pom to /root/.gradle/.tmp/gradle_download3750296903496305947bin
[        ] Downloading https://repo.maven.apache.org/maven2/org/junit/junit-bom/5.9.3/junit-bom-5.9.3.module to /root/.gradle/.tmp/gradle_download7524938162666089534bin
[ +199 ms] Resource missing. [HTTP GET: https://dl.google.com/dl/android/maven2/org/bouncycastle/bcprov-jdk18on/1.77/bcprov-jdk18on-1.77.pom]
[        ] Downloading https://dl.google.com/dl/android/maven2/com/android/tools/common/31.5.1/common-31.5.1.pom to /root/.gradle/.tmp/gradle_download18311339894221815564bin
[        ] Resource missing. [HTTP GET: https://dl.google.com/dl/android/maven2/com/google/guava/guava/32.0.1-jre/guava-32.0.1-jre.pom]
[        ] Downloading https://repo.maven.apache.org/maven2/org/bouncycastle/bcprov-jdk18on/1.77/bcprov-jdk18on-1.77.pom to /root/.gradle/.tmp/gradle_download11614777168572406634bin
[        ] Downloading https://repo.maven.apache.org/maven2/com/google/guava/guava/32.0.1-jre/guava-32.0.1-jre.pom to /root/.gradle/.tmp/gradle_download6250339906998847508bin
[ +399 ms] Resource missing. [HTTP GET: https://dl.google.com/dl/android/maven2/org/jetbrains/kotlin/kotlin-reflect/1.9.20/kotlin-reflect-1.9.20.pom]
[        ] Downloading https://repo.maven.apache.org/maven2/org/jetbrains/kotlin/kotlin-reflect/1.9.20/kotlin-reflect-1.9.20.pom to /root/.gradle/.tmp/gradle_download12520162396791187064bin
[ +199 ms] Resource missing. [HTTP GET: https://dl.google.com/dl/android/maven2/com/google/guava/guava-parent/32.0.1-jre/guava-parent-32.0.1-jre.pom]
[        ] Downloading https://repo.maven.apache.org/maven2/com/google/guava/guava-parent/32.0.1-jre/guava-parent-32.0.1-jre.pom to /root/.gradle/.tmp/gradle_download8254385791807489418bin
[ +199 ms] Downloading https://dl.google.com/dl/android/maven2/com/android/tools/dvlib/31.5.1/dvlib-31.5.1.pom to /root/.gradle/.tmp/gradle_download12208893228120894068bin
[ +599 ms] Downloading https://dl.google.com/dl/android/maven2/com/android/tools/annotations/31.5.1/annotations-31.5.1.pom to /root/.gradle/.tmp/gradle_download15525151871081307358bin
[ +299 ms] Downloading https://dl.google.com/dl/android/maven2/com/android/tools/analytics-library/protos/31.5.1/protos-31.5.1.pom to /root/.gradle/.tmp/gradle_download6969731923832847211bin
[ +200 ms] Resource missing. [HTTP GET: https://dl.google.com/dl/android/maven2/org/jetbrains/kotlin/kotlin-stdlib/1.9.20/kotlin-stdlib-1.9.20.pom]
[        ] Downloading https://repo.maven.apache.org/maven2/org/jetbrains/kotlin/kotlin-stdlib/1.9.20/kotlin-stdlib-1.9.20.pom to /root/.gradle/.tmp/gradle_download9104345123652799901bin
[        ] Downloading https://repo.maven.apache.org/maven2/org/jetbrains/kotlin/kotlin-stdlib/1.9.20/kotlin-stdlib-1.9.20.module to /root/.gradle/.tmp/gradle_download8298358013647930051bin
[ +200 ms] Resource missing. [HTTP GET: https://dl.google.com/dl/android/maven2/org/jetbrains/kotlin/kotlin-stdlib-jdk7/1.9.20/kotlin-stdlib-jdk7-1.9.20.pom]
[ +100 ms] Downloading https://repo.maven.apache.org/maven2/org/jetbrains/kotlin/kotlin-stdlib-jdk7/1.9.20/kotlin-stdlib-jdk7-1.9.20.pom to /root/.gradle/.tmp/gradle_download16518018632252413348bin
[ +299 ms] Resource missing. [HTTP GET: https://dl.google.com/dl/android/maven2/org/ow2/asm/asm-tree/9.6/asm-tree-9.6.pom]
[        ] Downloading https://repo.maven.apache.org/maven2/org/ow2/asm/asm-tree/9.6/asm-tree-9.6.pom to /root/.gradle/.tmp/gradle_download11428835486151776093bin
[ +400 ms] Resource missing. [HTTP GET: https://dl.google.com/dl/android/maven2/org/bouncycastle/bcutil-jdk18on/1.77/bcutil-jdk18on-1.77.pom]
[        ] Downloading https://repo.maven.apache.org/maven2/org/bouncycastle/bcutil-jdk18on/1.77/bcutil-jdk18on-1.77.pom to /root/.gradle/.tmp/gradle_download9440777606360850257bin
[ +299 ms] Resource missing. [HTTP GET: https://dl.google.com/dl/android/maven2/com/google/errorprone/error_prone_annotations/2.11.0/error_prone_annotations-2.11.0.pom]
[        ] Downloading https://repo.maven.apache.org/maven2/com/google/errorprone/error_prone_annotations/2.11.0/error_prone_annotations-2.11.0.pom to /root/.gradle/.tmp/gradle_download6184188762984957161bin
[ +399 ms] Resource missing. [HTTP GET: https://dl.google.com/dl/android/maven2/com/google/errorprone/error_prone_parent/2.11.0/error_prone_parent-2.11.0.pom]
[        ] Downloading https://repo.maven.apache.org/maven2/com/google/errorprone/error_prone_parent/2.11.0/error_prone_parent-2.11.0.pom to /root/.gradle/.tmp/gradle_download2132907533577367289bin
[ +300 ms] Resource missing. [HTTP GET: https://dl.google.com/dl/android/maven2/io/grpc/grpc-context/1.57.0/grpc-context-1.57.0.pom]
[        ] Downloading https://repo.maven.apache.org/maven2/io/grpc/grpc-context/1.57.0/grpc-context-1.57.0.pom to /root/.gradle/.tmp/gradle_download7096574630011530842bin
[        ] Resource missing. [HTTP GET: https://dl.google.com/dl/android/maven2/org/codehaus/mojo/animal-sniffer-annotations/1.23/animal-sniffer-annotations-1.23.pom]
[  +99 ms] Downloading https://repo.maven.apache.org/maven2/org/codehaus/mojo/animal-sniffer-annotations/1.23/animal-sniffer-annotations-1.23.pom to /root/.gradle/.tmp/gradle_download17449626827688259002bin
[        ] Resource missing. [HTTP GET: https://dl.google.com/dl/android/maven2/io/grpc/grpc-api/1.57.0/grpc-api-1.57.0.pom]
[  +99 ms] Downloading https://repo.maven.apache.org/maven2/io/grpc/grpc-api/1.57.0/grpc-api-1.57.0.pom to /root/.gradle/.tmp/gradle_download17915901199771887711bin
[        ] Resource missing. [HTTP GET: https://dl.google.com/dl/android/maven2/io/perfmark/perfmark-api/0.26.0/perfmark-api-0.26.0.pom]
[        ] Downloading https://repo.maven.apache.org/maven2/io/perfmark/perfmark-api/0.26.0/perfmark-api-0.26.0.pom to /root/.gradle/.tmp/gradle_download17747850598128788258bin
[        ] Downloading https://repo.maven.apache.org/maven2/io/perfmark/perfmark-api/0.26.0/perfmark-api-0.26.0.module to /root/.gradle/.tmp/gradle_download4044821572332022920bin
[ +199 ms] Resource missing. [HTTP GET: https://dl.google.com/dl/android/maven2/org/codehaus/mojo/animal-sniffer-parent/1.23/animal-sniffer-parent-1.23.pom]
[        ] Downloading https://repo.maven.apache.org/maven2/org/codehaus/mojo/animal-sniffer-parent/1.23/animal-sniffer-parent-1.23.pom to /root/.gradle/.tmp/gradle_download2029839627252156754bin
[ +399 ms] Resource missing. [HTTP GET: https://dl.google.com/dl/android/maven2/org/codehaus/mojo/mojo-parent/74/mojo-parent-74.pom]
[        ] Downloading https://repo.maven.apache.org/maven2/org/codehaus/mojo/mojo-parent/74/mojo-parent-74.pom to /root/.gradle/.tmp/gradle_download10500206649333162581bin
[ +399 ms] Resource missing. [HTTP GET: https://dl.google.com/dl/android/maven2/org/junit/junit-bom/5.9.2/junit-bom-5.9.2.pom]
[        ] Downloading https://repo.maven.apache.org/maven2/org/junit/junit-bom/5.9.2/junit-bom-5.9.2.pom to /root/.gradle/.tmp/gradle_download5644450299950626328bin
[        ] Downloading https://repo.maven.apache.org/maven2/org/junit/junit-bom/5.9.2/junit-bom-5.9.2.module to /root/.gradle/.tmp/gradle_download10026579488762511639bin
[ +200 ms] Resource missing. [HTTP GET: https://dl.google.com/dl/android/maven2/io/netty/netty-codec-http2/4.1.93.Final/netty-codec-http2-4.1.93.Final.pom]
[        ] Resource missing. [HTTP GET: https://dl.google.com/dl/android/maven2/io/netty/netty-handler-proxy/4.1.93.Final/netty-handler-proxy-4.1.93.Final.pom]
[  +99 ms] Downloading https://repo.maven.apache.org/maven2/io/netty/netty-codec-http2/4.1.93.Final/netty-codec-http2-4.1.93.Final.pom to /root/.gradle/.tmp/gradle_download13725328432345816625bin
[        ] Downloading https://repo.maven.apache.org/maven2/io/netty/netty-handler-proxy/4.1.93.Final/netty-handler-proxy-4.1.93.Final.pom to /root/.gradle/.tmp/gradle_download3131984981565041273bin
[        ] Resource missing. [HTTP GET: https://dl.google.com/dl/android/maven2/io/netty/netty-transport-native-unix-common/4.1.93.Final/netty-transport-native-unix-common-4.1.93.Final.pom]
[        ] Downloading https://repo.maven.apache.org/maven2/io/netty/netty-transport-native-unix-common/4.1.93.Final/netty-transport-native-unix-common-4.1.93.Final.pom to /root/.gradle/.tmp/gradle_download16594602757365647266bin
[ +399 ms] Resource missing. [HTTP GET: https://dl.google.com/dl/android/maven2/io/netty/netty-parent/4.1.93.Final/netty-parent-4.1.93.Final.pom]
[  +99 ms] Downloading https://repo.maven.apache.org/maven2/io/netty/netty-parent/4.1.93.Final/netty-parent-4.1.93.Final.pom to /root/.gradle/.tmp/gradle_download11270264097182305091bin
[ +100 ms] Resource missing. [HTTP GET: https://dl.google.com/dl/android/maven2/com/google/api/grpc/proto-google-common-protos/2.17.0/proto-google-common-protos-2.17.0.pom]
[  +99 ms] Downloading https://repo.maven.apache.org/maven2/com/google/api/grpc/proto-google-common-protos/2.17.0/proto-google-common-protos-2.17.0.pom to /root/.gradle/.tmp/gradle_download16663204092617773300bin
[        ] Resource missing. [HTTP GET: https://dl.google.com/dl/android/maven2/io/grpc/grpc-protobuf-lite/1.57.0/grpc-protobuf-lite-1.57.0.pom]
[        ] Downloading https://repo.maven.apache.org/maven2/io/grpc/grpc-protobuf-lite/1.57.0/grpc-protobuf-lite-1.57.0.pom to /root/.gradle/.tmp/gradle_download17390716040869200792bin
[  +99 ms] Downloading https://dl.google.com/dl/android/maven2/com/android/tools/analytics-library/tracker/31.5.1/tracker-31.5.1.pom to /root/.gradle/.tmp/gradle_download5148165427669176734bin
[        ] Downloading https://dl.google.com/dl/android/maven2/com/android/tools/build/apksig/8.5.1/apksig-8.5.1.pom to /root/.gradle/.tmp/gradle_download17874932829779434156bin
[  +99 ms] Downloading https://dl.google.com/dl/android/maven2/com/android/tools/build/manifest-merger/31.5.1/manifest-merger-31.5.1.pom to /root/.gradle/.tmp/gradle_download5660823920487204169bin
[  +99 ms] Downloading https://dl.google.com/dl/android/maven2/com/android/signflinger/8.5.1/signflinger-8.5.1.pom to /root/.gradle/.tmp/gradle_download1379871777283300511bin
[ +299 ms] Downloading https://dl.google.com/dl/android/maven2/com/android/zipflinger/8.5.1/zipflinger-8.5.1.pom to /root/.gradle/.tmp/gradle_download5934849145680511439bin
[        ] Downloading https://dl.google.com/dl/android/maven2/com/android/tools/build/apkzlib/8.5.1/apkzlib-8.5.1.pom to /root/.gradle/.tmp/gradle_download1497171939571350267bin
[  +99 ms] Downloading https://dl.google.com/dl/android/maven2/com/android/tools/build/manifest-merger/31.5.1/manifest-merger-31.5.1.module to /root/.gradle/.tmp/gradle_download4481779674379214365bin
[ +200 ms] Resource missing. [HTTP GET: https://dl.google.com/dl/android/maven2/org/checkerframework/checker-qual/3.33.0/checker-qual-3.33.0.pom]
[        ] Downloading https://repo.maven.apache.org/maven2/org/checkerframework/checker-qual/3.33.0/checker-qual-3.33.0.pom to /root/.gradle/.tmp/gradle_download6711694802264649073bin
[        ] Downloading https://repo.maven.apache.org/maven2/org/checkerframework/checker-qual/3.33.0/checker-qual-3.33.0.module to /root/.gradle/.tmp/gradle_download15416470786796943025bin
[ +199 ms] Resource missing. [HTTP GET: https://dl.google.com/dl/android/maven2/io/netty/netty-codec/4.1.93.Final/netty-codec-4.1.93.Final.pom]
[        ] Resource missing. [HTTP GET: https://dl.google.com/dl/android/maven2/io/netty/netty-codec-http/4.1.93.Final/netty-codec-http-4.1.93.Final.pom]
[        ] Resource missing. [HTTP GET: https://dl.google.com/dl/android/maven2/io/netty/netty-buffer/4.1.93.Final/netty-buffer-4.1.93.Final.pom]
[        ] Resource missing. [HTTP GET: https://dl.google.com/dl/android/maven2/io/netty/netty-transport/4.1.93.Final/netty-transport-4.1.93.Final.pom]
[        ] Resource missing. [HTTP GET: https://dl.google.com/dl/android/maven2/io/netty/netty-handler/4.1.93.Final/netty-handler-4.1.93.Final.pom]
[        ] Downloading https://repo.maven.apache.org/maven2/io/netty/netty-codec/4.1.93.Final/netty-codec-4.1.93.Final.pom to /root/.gradle/.tmp/gradle_download9782023932567489226bin
[        ] Downloading https://repo.maven.apache.org/maven2/io/netty/netty-transport/4.1.93.Final/netty-transport-4.1.93.Final.pom to /root/.gradle/.tmp/gradle_download16466331762331372741bin
[        ] Downloading https://repo.maven.apache.org/maven2/io/netty/netty-buffer/4.1.93.Final/netty-buffer-4.1.93.Final.pom to /root/.gradle/.tmp/gradle_download10265694148113766340bin
[        ] Downloading https://repo.maven.apache.org/maven2/io/netty/netty-codec-http/4.1.93.Final/netty-codec-http-4.1.93.Final.pom to /root/.gradle/.tmp/gradle_download12547414481198593467bin
[        ] Downloading https://repo.maven.apache.org/maven2/io/netty/netty-handler/4.1.93.Final/netty-handler-4.1.93.Final.pom to /root/.gradle/.tmp/gradle_download3689078017672649520bin
[ +399 ms] Resource missing. [HTTP GET: https://dl.google.com/dl/android/maven2/io/netty/netty-common/4.1.93.Final/netty-common-4.1.93.Final.pom]
[        ] Downloading https://repo.maven.apache.org/maven2/io/netty/netty-common/4.1.93.Final/netty-common-4.1.93.Final.pom to /root/.gradle/.tmp/gradle_download17924326604485267747bin
[ +199 ms] Resource missing. [HTTP GET: https://dl.google.com/dl/android/maven2/io/netty/netty-codec-socks/4.1.93.Final/netty-codec-socks-4.1.93.Final.pom]
[        ] Downloading https://repo.maven.apache.org/maven2/io/netty/netty-codec-socks/4.1.93.Final/netty-codec-socks-4.1.93.Final.pom to /root/.gradle/.tmp/gradle_download17992125869719254035bin
[ +499 ms] Resource missing. [HTTP GET: https://dl.google.com/dl/android/maven2/io/netty/netty-resolver/4.1.93.Final/netty-resolver-4.1.93.Final.pom]
[ +100 ms] Downloading https://repo.maven.apache.org/maven2/io/netty/netty-resolver/4.1.93.Final/netty-resolver-4.1.93.Final.pom to /root/.gradle/.tmp/gradle_download15962587328069001306bin
[ +100 ms] Downloading https://dl.google.com/dl/android/maven2/com/android/tools/build/gradle-settings-api/8.5.1/gradle-settings-api-8.5.1.jar to /root/.gradle/.tmp/gradle_download6048600488723578931bin
[        ] Downloading https://dl.google.com/dl/android/maven2/com/android/tools/build/manifest-merger/31.5.1/manifest-merger-31.5.1.jar to /root/.gradle/.tmp/gradle_download2838116482679288867bin
[        ] Downloading https://dl.google.com/dl/android/maven2/com/android/tools/build/builder/8.5.1/builder-8.5.1.jar to /root/.gradle/.tmp/gradle_download15508102616823252266bin
[        ] Downloading https://dl.google.com/dl/android/maven2/com/android/tools/ddms/ddmlib/31.5.1/ddmlib-31.5.1.jar to /root/.gradle/.tmp/gradle_download12774812211318177533bin
[        ] Downloading https://dl.google.com/dl/android/maven2/com/android/tools/repository/31.5.1/repository-31.5.1.jar to /root/.gradle/.tmp/gradle_download12851897667584161765bin
[        ] Downloading https://dl.google.com/dl/android/maven2/com/android/tools/sdklib/31.5.1/sdklib-31.5.1.jar to /root/.gradle/.tmp/gradle_download17011631623638010303bin
[        ] Downloading https://dl.google.com/dl/android/maven2/com/android/tools/sdk-common/31.5.1/sdk-common-31.5.1.jar to /root/.gradle/.tmp/gradle_download16954386285696234757bin
[        ] Downloading https://dl.google.com/dl/android/maven2/com/android/tools/build/aaptcompiler/8.5.1/aaptcompiler-8.5.1.jar to /root/.gradle/.tmp/gradle_download9718263898976245395bin
[        ] Downloading https://dl.google.com/dl/android/maven2/com/android/tools/build/builder-test-api/8.5.1/builder-test-api-8.5.1.jar to /root/.gradle/.tmp/gradle_download12493854714314513410bin
[        ] Downloading https://dl.google.com/dl/android/maven2/com/android/tools/build/gradle-api/8.5.1/gradle-api-8.5.1.jar to /root/.gradle/.tmp/gradle_download9113162101010756842bin
[        ] Downloading https://dl.google.com/dl/android/maven2/com/android/tools/build/gradle/8.5.1/gradle-8.5.1.jar to /root/.gradle/.tmp/gradle_download16858585267259367106bin
[ +299 ms] Downloading https://dl.google.com/dl/android/maven2/com/android/tools/lint/lint-model/31.5.1/lint-model-31.5.1.jar to /root/.gradle/.tmp/gradle_download2014345885008038179bin
[ +299 ms] Downloading https://dl.google.com/dl/android/maven2/com/android/databinding/baseLibrary/8.5.1/baseLibrary-8.5.1.jar to /root/.gradle/.tmp/gradle_download6472460818127708936bin
[        ] Downloading https://dl.google.com/dl/android/maven2/com/android/tools/build/aapt2-proto/8.5.1-11315950/aapt2-proto-8.5.1-11315950.jar to /root/.gradle/.tmp/gradle_download17820603495782710244bin
[        ] Downloading https://dl.google.com/dl/android/maven2/com/android/tools/lint/lint-typedef-remover/31.5.1/lint-typedef-remover-31.5.1.jar to /root/.gradle/.tmp/gradle_download4490764379670958072bin
[        ] Downloading https://dl.google.com/dl/android/maven2/com/android/tools/analytics-library/tracker/31.5.1/tracker-31.5.1.jar to /root/.gradle/.tmp/gradle_download3080300080703721243bin
[        ] Downloading https://dl.google.com/dl/android/maven2/com/android/tools/build/bundletool/1.16.0/bundletool-1.16.0.jar to /root/.gradle/.tmp/gradle_download6902689834810295592bin
[        ] Downloading https://dl.google.com/dl/android/maven2/androidx/databinding/databinding-compiler-common/8.5.1/databinding-compiler-common-8.5.1.jar to /root/.gradle/.tmp/gradle_download10590261366153652410bin
[        ] Downloading https://dl.google.com/dl/android/maven2/com/android/tools/analytics-library/crash/31.5.1/crash-31.5.1.jar to /root/.gradle/.tmp/gradle_download17367601783971380520bin
[        ] Downloading https://dl.google.com/dl/android/maven2/androidx/databinding/databinding-common/8.5.1/databinding-common-8.5.1.jar to /root/.gradle/.tmp/gradle_download5111163880050066736bin
[        ] Downloading https://dl.google.com/dl/android/maven2/com/android/tools/analytics-library/shared/31.5.1/shared-31.5.1.jar to /root/.gradle/.tmp/gradle_download1858048223135619760bin
[  +99 ms] Downloading https://dl.google.com/dl/android/maven2/com/android/tools/layoutlib/layoutlib-api/31.5.1/layoutlib-api-31.5.1.jar to /root/.gradle/.tmp/gradle_download4615024761536218996bin
[ +100 ms] Downloading https://dl.google.com/dl/android/maven2/com/android/tools/utp/android-test-plugin-host-logcat-proto/31.5.1/android-test-plugin-host-logcat-proto-31.5.1.jar to /root/.gradle/.tmp/gradle_download16033821602389979626bin
[        ] Downloading https://dl.google.com/dl/android/maven2/com/android/tools/utp/android-test-plugin-host-retention-proto/31.5.1/android-test-plugin-host-retention-proto-31.5.1.jar to /root/.gradle/.tmp/gradle_download15685675916646259109bin
[        ] Downloading https://dl.google.com/dl/android/maven2/com/android/tools/utp/android-device-provider-gradle-proto/31.5.1/android-device-provider-gradle-proto-31.5.1.jar to /root/.gradle/.tmp/gradle_download11223678555951045264bin
[  +99 ms] Downloading https://dl.google.com/dl/android/maven2/com/android/tools/build/builder-model/8.5.1/builder-model-8.5.1.jar to /root/.gradle/.tmp/gradle_download4860696618076927777bin
[        ] Downloading https://dl.google.com/dl/android/maven2/com/android/tools/utp/android-test-plugin-host-apk-installer-proto/31.5.1/android-test-plugin-host-apk-installer-proto-31.5.1.jar to /root/.gradle/.tmp/gradle_download3958012196856925885bin
[        ] Downloading https://repo.maven.apache.org/maven2/org/jetbrains/kotlin/kotlin-reflect/1.9.20/kotlin-reflect-1.9.20.jar to /root/.gradle/.tmp/gradle_download3583026928712850070bin
[        ] Downloading https://dl.google.com/dl/android/maven2/com/android/tools/utp/android-test-plugin-host-additional-test-output-proto/31.5.1/android-test-plugin-host-additional-test-output-proto-31.5.1.jar to /root/.gradle/.tmp/gradle_download8277806290430138170bin
[        ] Downloading https://dl.google.com/dl/android/maven2/com/android/tools/utp/android-device-provider-ddmlib-proto/31.5.1/android-device-provider-ddmlib-proto-31.5.1.jar to /root/.gradle/.tmp/gradle_download8239962202210618087bin
[        ] Downloading https://dl.google.com/dl/android/maven2/com/android/tools/utp/android-test-plugin-host-coverage-proto/31.5.1/android-test-plugin-host-coverage-proto-31.5.1.jar to /root/.gradle/.tmp/gradle_download9448633706273365651bin
[        ] Downloading https://repo.maven.apache.org/maven2/org/jetbrains/kotlin/kotlin-stdlib-jdk7/1.9.20/kotlin-stdlib-jdk7-1.9.20.jar to /root/.gradle/.tmp/gradle_download1380488572750391304bin
[        ] Downloading https://repo.maven.apache.org/maven2/org/jetbrains/kotlin/kotlin-stdlib-jdk8/1.9.20/kotlin-stdlib-jdk8-1.9.20.jar to /root/.gradle/.tmp/gradle_download8121367767546280680bin
[        ] Downloading https://repo.maven.apache.org/maven2/org/jetbrains/kotlin/kotlin-stdlib/1.9.20/kotlin-stdlib-1.9.20.jar to /root/.gradle/.tmp/gradle_download7520241862751823013bin
[        ] Downloading https://repo.maven.apache.org/maven2/commons-io/commons-io/2.13.0/commons-io-2.13.0.jar to /root/.gradle/.tmp/gradle_download10145468434093262586bin
[        ] Downloading https://dl.google.com/dl/android/maven2/com/android/tools/utp/android-test-plugin-result-listener-gradle-proto/31.5.1/android-test-plugin-result-listener-gradle-proto-31.5.1.jar to /root/.gradle/.tmp/gradle_download14087932944308563339bin
[        ] Downloading https://repo.maven.apache.org/maven2/org/ow2/asm/asm-analysis/9.6/asm-analysis-9.6.jar to /root/.gradle/.tmp/gradle_download4971740942023872146bin
[        ] Downloading https://repo.maven.apache.org/maven2/org/ow2/asm/asm-tree/9.6/asm-tree-9.6.jar to /root/.gradle/.tmp/gradle_download9685906982534544359bin
[  +98 ms] Downloading https://dl.google.com/dl/android/maven2/com/android/tools/utp/android-test-plugin-host-emulator-control-proto/31.5.1/android-test-plugin-host-emulator-control-proto-31.5.1.jar to /root/.gradle/.tmp/gradle_download17593842763793191500bin
[        ] Downloading https://repo.maven.apache.org/maven2/org/bouncycastle/bcpkix-jdk18on/1.77/bcpkix-jdk18on-1.77.jar to /root/.gradle/.tmp/gradle_download4424760456367287079bin
[        ] Downloading https://repo.maven.apache.org/maven2/org/ow2/asm/asm-commons/9.6/asm-commons-9.6.jar to /root/.gradle/.tmp/gradle_download6139156176772880057bin
[        ] Downloading https://repo.maven.apache.org/maven2/com/google/protobuf/protobuf-java-util/3.22.3/protobuf-java-util-3.22.3.jar to /root/.gradle/.tmp/gradle_download17868865063752250423bin
[        ] Downloading https://repo.maven.apache.org/maven2/org/ow2/asm/asm-util/9.6/asm-util-9.6.jar to /root/.gradle/.tmp/gradle_download3888320787447454542bin
[        ] Downloading https://repo.maven.apache.org/maven2/org/ow2/asm/asm/9.6/asm-9.6.jar to /root/.gradle/.tmp/gradle_download9534393212644031235bin
[  +99 ms] Downloading https://repo.maven.apache.org/maven2/com/google/protobuf/protobuf-java/3.22.3/protobuf-java-3.22.3.jar to /root/.gradle/.tmp/gradle_download13528090959937610211bin
[        ] Downloading https://repo.maven.apache.org/maven2/io/grpc/grpc-protobuf/1.57.0/grpc-protobuf-1.57.0.jar to /root/.gradle/.tmp/gradle_download10099675859369381110bin
[        ] Downloading https://repo.maven.apache.org/maven2/com/google/code/gson/gson/2.10.1/gson-2.10.1.jar to /root/.gradle/.tmp/gradle_download13392092660181656158bin
[        ] Downloading https://repo.maven.apache.org/maven2/io/grpc/grpc-netty/1.57.0/grpc-netty-1.57.0.jar to /root/.gradle/.tmp/gradle_download15117270968256833726bin
[        ] Downloading https://repo.maven.apache.org/maven2/io/grpc/grpc-core/1.57.0/grpc-core-1.57.0.jar to /root/.gradle/.tmp/gradle_download15358042171732664490bin
[        ] Downloading https://repo.maven.apache.org/maven2/com/google/api/grpc/proto-google-common-protos/2.17.0/proto-google-common-protos-2.17.0.jar to /root/.gradle/.tmp/gradle_download14503135123586372487bin
[        ] Downloading https://repo.maven.apache.org/maven2/io/grpc/grpc-stub/1.57.0/grpc-stub-1.57.0.jar to /root/.gradle/.tmp/gradle_download13128922173315525462bin
[  +99 ms] Downloading https://repo.maven.apache.org/maven2/io/grpc/grpc-context/1.57.0/grpc-context-1.57.0.jar to /root/.gradle/.tmp/gradle_download5173665849625319889bin
[        ] Downloading https://repo.maven.apache.org/maven2/io/grpc/grpc-protobuf-lite/1.57.0/grpc-protobuf-lite-1.57.0.jar to /root/.gradle/.tmp/gradle_download16249757771326072921bin
[        ] Downloading https://repo.maven.apache.org/maven2/io/grpc/grpc-api/1.57.0/grpc-api-1.57.0.jar to /root/.gradle/.tmp/gradle_download6097384340615906477bin
[        ] Downloading https://repo.maven.apache.org/maven2/com/google/guava/guava/32.0.1-jre/guava-32.0.1-jre.jar to /root/.gradle/.tmp/gradle_download876622003723614153bin
[        ] Downloading https://repo.maven.apache.org/maven2/org/bouncycastle/bcprov-jdk18on/1.77/bcprov-jdk18on-1.77.jar to /root/.gradle/.tmp/gradle_download5336044232305198794bin
[        ] Downloading https://repo.maven.apache.org/maven2/org/bouncycastle/bcutil-jdk18on/1.77/bcutil-jdk18on-1.77.jar to /root/.gradle/.tmp/gradle_download14040565582818309197bin
[        ] Downloading https://dl.google.com/dl/android/maven2/com/android/tools/analytics-library/protos/31.5.1/protos-31.5.1.jar to /root/.gradle/.tmp/gradle_download16195852720465734365bin
[  +99 ms] Downloading https://repo.maven.apache.org/maven2/com/google/errorprone/error_prone_annotations/2.18.0/error_prone_annotations-2.18.0.jar to /root/.gradle/.tmp/gradle_download940588511440470774bin
[        ] Downloading https://repo.maven.apache.org/maven2/com/google/j2objc/j2objc-annotations/2.8/j2objc-annotations-2.8.jar to /root/.gradle/.tmp/gradle_download3584201230356156871bin
[        ] Downloading https://repo.maven.apache.org/maven2/org/codehaus/mojo/animal-sniffer-annotations/1.23/animal-sniffer-annotations-1.23.jar to /root/.gradle/.tmp/gradle_download12233271860323739605bin
[  +99 ms] Downloading https://dl.google.com/dl/android/maven2/com/google/testing/platform/core-proto/0.0.9-alpha02/core-proto-0.0.9-alpha02.jar to /root/.gradle/.tmp/gradle_download14984470302896447861bin
[        ] Downloading https://repo.maven.apache.org/maven2/io/netty/netty-codec-http2/4.1.93.Final/netty-codec-http2-4.1.93.Final.jar to /root/.gradle/.tmp/gradle_download13218554428573149781bin
[        ] Downloading https://repo.maven.apache.org/maven2/io/perfmark/perfmark-api/0.26.0/perfmark-api-0.26.0.jar to /root/.gradle/.tmp/gradle_download17661986287954525078bin
[        ] Downloading https://dl.google.com/dl/android/maven2/com/android/signflinger/8.5.1/signflinger-8.5.1.jar to /root/.gradle/.tmp/gradle_download6773557398390457083bin
[        ] Downloading https://dl.google.com/dl/android/maven2/com/android/tools/dvlib/31.5.1/dvlib-31.5.1.jar to /root/.gradle/.tmp/gradle_download4698979444102966476bin
[        ] Downloading https://dl.google.com/dl/android/maven2/com/android/tools/common/31.5.1/common-31.5.1.jar to /root/.gradle/.tmp/gradle_download3042787660862915618bin
[        ] Downloading https://dl.google.com/dl/android/maven2/com/android/tools/annotations/31.5.1/annotations-31.5.1.jar to /root/.gradle/.tmp/gradle_download16435467527905182583bin
[        ] Downloading https://dl.google.com/dl/android/maven2/com/android/zipflinger/8.5.1/zipflinger-8.5.1.jar to /root/.gradle/.tmp/gradle_download11327088104832640704bin
[        ] Downloading https://repo.maven.apache.org/maven2/io/netty/netty-handler-proxy/4.1.93.Final/netty-handler-proxy-4.1.93.Final.jar to /root/.gradle/.tmp/gradle_download14113490770493920075bin
[        ] Downloading https://dl.google.com/dl/android/maven2/com/android/tools/build/apkzlib/8.5.1/apkzlib-8.5.1.jar to /root/.gradle/.tmp/gradle_download7861418365575572612bin
[  +99 ms] Downloading https://repo.maven.apache.org/maven2/io/netty/netty-codec-http/4.1.93.Final/netty-codec-http-4.1.93.Final.jar to /root/.gradle/.tmp/gradle_download76552173035912178bin
[        ] Downloading https://repo.maven.apache.org/maven2/io/netty/netty-handler/4.1.93.Final/netty-handler-4.1.93.Final.jar to /root/.gradle/.tmp/gradle_download12885615047840218520bin
[        ] Downloading https://repo.maven.apache.org/maven2/io/netty/netty-transport-native-unix-common/4.1.93.Final/netty-transport-native-unix-common-4.1.93.Final.jar to /root/.gradle/.tmp/gradle_download2792700439542156511bin
[        ] Downloading https://repo.maven.apache.org/maven2/org/checkerframework/checker-qual/3.33.0/checker-qual-3.33.0.jar to /root/.gradle/.tmp/gradle_download14604066992570612926bin
[        ] Downloading https://repo.maven.apache.org/maven2/io/netty/netty-codec-socks/4.1.93.Final/netty-codec-socks-4.1.93.Final.jar to /root/.gradle/.tmp/gradle_download17238754241802864215bin
[        ] Downloading https://repo.maven.apache.org/maven2/io/netty/netty-codec/4.1.93.Final/netty-codec-4.1.93.Final.jar to /root/.gradle/.tmp/gradle_download9104640442346949698bin
[        ] Downloading https://repo.maven.apache.org/maven2/io/netty/netty-common/4.1.93.Final/netty-common-4.1.93.Final.jar to /root/.gradle/.tmp/gradle_download3883576994684916593bin
[        ] Downloading https://repo.maven.apache.org/maven2/io/netty/netty-resolver/4.1.93.Final/netty-resolver-4.1.93.Final.jar to /root/.gradle/.tmp/gradle_download4887960527125394804bin
[        ] Downloading https://repo.maven.apache.org/maven2/io/netty/netty-buffer/4.1.93.Final/netty-buffer-4.1.93.Final.jar to /root/.gradle/.tmp/gradle_download2813319519732226741bin
[        ] Downloading https://repo.maven.apache.org/maven2/io/netty/netty-transport/4.1.93.Final/netty-transport-4.1.93.Final.jar to /root/.gradle/.tmp/gradle_download1376517888096872120bin
[ +499 ms] Downloading https://dl.google.com/dl/android/maven2/com/android/tools/build/apksig/8.5.1/apksig-8.5.1.jar to /root/.gradle/.tmp/gradle_download17056018238427435200bin
[        ] Caching disabled for InstrumentationAnalysisTransform: /root/.gradle/caches/modules-2/files-2.1/com.android.tools.build/gradle-settings-api/8.5.1/553c6756577609dfb65ef8882addc03c84168eb4/gradle-settings-api-8.5.1.jar because:
[        ]   Build cache is disabled
[        ]   Caching not enabled.
[        ] Caching disabled for InstrumentationAnalysisTransform: /root/.gradle/caches/modules-2/files-2.1/com.android.tools.build/gradle/8.5.1/63917e0cb0febbb89f2b9da9438895e51f7f9baf/gradle-8.5.1.jar because:
[        ]   Build cache is disabled
[        ]   Caching not enabled.
[        ] Caching disabled for InstrumentationAnalysisTransform: /root/.gradle/caches/modules-2/files-2.1/com.android.tools.lint/lint-model/31.5.1/9e5a5fdecfe4f1a457e00009441232089cce237f/lint-model-31.5.1.jar because:
[        ]   Build cache is disabled
[        ]   Caching not enabled.
[        ] Caching disabled for InstrumentationAnalysisTransform: /root/.gradle/caches/modules-2/files-2.1/com.android.tools.build/manifest-merger/31.5.1/e81f9da0ab959d2d65c58368662f923becd90296/manifest-merger-31.5.1.jar because:
[        ]   Build cache is disabled
[        ]   Caching not enabled.
[        ] Caching disabled for InstrumentationAnalysisTransform: /root/.gradle/caches/modules-2/files-2.1/com.android.tools.build/builder/8.5.1/750409c265fc23845223f47ed78da47548b3cd3a/builder-8.5.1.jar because:
[        ]   Build cache is disabled
[        ]   Caching not enabled.
[        ] Caching disabled for InstrumentationAnalysisTransform: /root/.gradle/caches/modules-2/files-2.1/com.android.tools/sdk-common/31.5.1/ef25e2fe8106a2a8677068468d6c69ab88809181/sdk-common-31.5.1.jar because:
[        ]   Build cache is disabled
[        ]   Caching not enabled.
[        ] Caching disabled for InstrumentationAnalysisTransform: /root/.gradle/caches/modules-2/files-2.1/com.android.tools/sdklib/31.5.1/23e84e946076bda65b05422fe98fae9fef55c856/sdklib-31.5.1.jar because:
[        ]   Build cache is disabled
[        ]   Caching not enabled.
[        ] Caching disabled for InstrumentationAnalysisTransform: /root/.gradle/caches/modules-2/files-2.1/com.android.tools/repository/31.5.1/f9d998909029644e8f7cf78cd850138ecf7cfcfd/repository-31.5.1.jar because:
[        ]   Build cache is disabled
[        ]   Caching not enabled.
[        ] Caching disabled for InstrumentationAnalysisTransform: /root/.gradle/caches/modules-2/files-2.1/com.android.tools.build/gradle-api/8.5.1/f30c56651bc6e0c81cdc33aadc9edbbe6d617c18/gradle-api-8.5.1.jar because:
[        ]   Build cache is disabled
[        ]   Caching not enabled.
[        ] Caching disabled for InstrumentationAnalysisTransform: /root/.gradle/caches/modules-2/files-2.1/com.android.tools.build/builder-test-api/8.5.1/9b376ce7c3ccabdb8a62004c3b9292ebcd9533c1/builder-test-api-8.5.1.jar because:
[        ]   Build cache is disabled
[        ]   Caching not enabled.
[        ] Caching disabled for InstrumentationAnalysisTransform: /root/.gradle/caches/modules-2/files-2.1/com.android.tools.ddms/ddmlib/31.5.1/cec99d30da3f854bde3d734fabca09400097e4bd/ddmlib-31.5.1.jar because:
[        ]   Build cache is disabled
[        ]   Caching not enabled.
[        ] Caching disabled for InstrumentationAnalysisTransform: /root/.gradle/caches/modules-2/files-2.1/com.android.tools.build/aaptcompiler/8.5.1/665c2b4c5313877933d3e1ac98ff8711839cfc9/aaptcompiler-8.5.1.jar because:
[        ]   Build cache is disabled
[        ]   Caching not enabled.
[        ] Caching disabled for InstrumentationAnalysisTransform: /root/.gradle/caches/modules-2/files-2.1/com.android.tools.build/bundletool/1.16.0/88e6c67d315e7d2a860bb00b1bd93914f2c4fd33/bundletool-1.16.0.jar because:
[        ]   Build cache is disabled
[        ]   Caching not enabled.
[        ] Caching disabled for InstrumentationAnalysisTransform: /root/.gradle/caches/modules-2/files-2.1/com.android.tools.build/aapt2-proto/8.5.1-11315950/5a05d3311ff90fd03fa5e1f979db3be0717f6428/aapt2-proto-8.5.1-11315950.jar because:
[        ]   Build cache is disabled
[        ]   Caching not enabled.
[        ] Caching disabled for InstrumentationAnalysisTransform: /root/.gradle/caches/modules-2/files-2.1/com.android.tools.analytics-library/crash/31.5.1/669e0dbea9c0612c1752365738497bea9627a6b9/crash-31.5.1.jar because:
[        ]   Build cache is disabled
[        ]   Caching not enabled.
[        ] Caching disabled for InstrumentationAnalysisTransform: /root/.gradle/caches/modules-2/files-2.1/com.android.tools.analytics-library/tracker/31.5.1/369d37e578f8468b035ae74190aee44c9c05622c/tracker-31.5.1.jar because:
[        ]   Build cache is disabled
[        ]   Caching not enabled.
[        ] Caching disabled for InstrumentationAnalysisTransform: /root/.gradle/caches/modules-2/files-2.1/com.android.tools.analytics-library/shared/31.5.1/2323a99da4a13bab06e542e196a22f7f8dc3cc40/shared-31.5.1.jar because:
[        ]   Build cache is disabled
[        ]   Caching not enabled.
[        ] Caching disabled for InstrumentationAnalysisTransform: /root/.gradle/caches/modules-2/files-2.1/com.android.tools.lint/lint-typedef-remover/31.5.1/644ab9b8a697ba83702c4e32eaaf95c504e1a522/lint-typedef-remover-31.5.1.jar because:
[        ]   Build cache is disabled
[        ]   Caching not enabled.
[        ] Caching disabled for InstrumentationAnalysisTransform: /root/.gradle/caches/modules-2/files-2.1/androidx.databinding/databinding-compiler-common/8.5.1/2e1e53399b6db5315b5b88842ca46bed750624d9/databinding-compiler-common-8.5.1.jar because:
[        ]   Build cache is disabled
[        ]   Caching not enabled.
[        ] Caching disabled for InstrumentationAnalysisTransform: /root/.gradle/caches/modules-2/files-2.1/androidx.databinding/databinding-common/8.5.1/2be3530b78477835e69dce953b17adc1dbc5c6fa/databinding-common-8.5.1.jar because:
[        ]   Build cache is disabled
[        ]   Caching not enabled.
[        ] Caching disabled for InstrumentationAnalysisTransform: /root/.gradle/caches/modules-2/files-2.1/com.android.databinding/baseLibrary/8.5.1/7e7399239e52d4069896277615e005add7ae8e5a/baseLibrary-8.5.1.jar because:
[        ]   Build cache is disabled
[        ]   Caching not enabled.
[        ] Caching disabled for InstrumentationAnalysisTransform: /root/.gradle/caches/modules-2/files-2.1/com.android.tools.layoutlib/layoutlib-api/31.5.1/e472af38f4703e16b8005aa62668080fe3a79324/layoutlib-api-31.5.1.jar because:
[        ]   Build cache is disabled
[        ]   Caching not enabled.
[        ] Caching disabled for InstrumentationAnalysisTransform: /root/.gradle/caches/modules-2/files-2.1/com.android.tools.utp/android-device-provider-ddmlib-proto/31.5.1/732647a1df2d9405dbbc944ccb1a9153d7dc3e3a/android-device-provider-ddmlib-proto-31.5.1.jar because:
[        ]   Build cache is disabled
[        ]   Caching not enabled.
[ +101 ms] Caching disabled for InstrumentationAnalysisTransform: /root/.gradle/caches/modules-2/files-2.1/com.android.tools.utp/android-device-provider-gradle-proto/31.5.1/9f4923a6c0e213f00c1cc31720d1535f2d8517fe/android-device-provider-gradle-proto-31.5.1.jar because:
[        ]   Build cache is disabled
[        ]   Caching not enabled.
[        ] Caching disabled for InstrumentationAnalysisTransform: /root/.gradle/caches/modules-2/files-2.1/com.android.tools.utp/android-test-plugin-host-additional-test-output-proto/31.5.1/c02332c53d95a3e0ccd7ad9d6d97f8fec5d1a469/android-test-plugin-host-additional-test-output-proto-31.5.1.jar because:
[        ]   Build cache is disabled
[        ]   Caching not enabled.
[        ] Caching disabled for InstrumentationAnalysisTransform: /root/.gradle/caches/modules-2/files-2.1/com.android.tools.utp/android-test-plugin-host-coverage-proto/31.5.1/c780344aab70a33c454ad697295e12278fed16db/android-test-plugin-host-coverage-proto-31.5.1.jar because:
[        ]   Build cache is disabled
[        ]   Caching not enabled.
[        ] Caching disabled for InstrumentationAnalysisTransform: /root/.gradle/caches/modules-2/files-2.1/com.android.tools.utp/android-test-plugin-host-emulator-control-proto/31.5.1/faaddb0258a839e6ab89fe2acbe20ce29b403b43/android-test-plugin-host-emulator-control-proto-31.5.1.jar because:
[        ]   Build cache is disabled
[        ]   Caching not enabled.
[        ] Caching disabled for InstrumentationAnalysisTransform: /root/.gradle/caches/modules-2/files-2.1/com.android.tools.utp/android-test-plugin-host-logcat-proto/31.5.1/d8f873c14c5c65746b97801c2c6cae506d0b3d29/android-test-plugin-host-logcat-proto-31.5.1.jar because:
[        ]   Build cache is disabled
[        ]   Caching not enabled.
[        ] Caching disabled for InstrumentationAnalysisTransform: /root/.gradle/caches/modules-2/files-2.1/com.android.tools.utp/android-test-plugin-host-retention-proto/31.5.1/8ef946d4477f3b40b3bcb7d151131483b6d77d67/android-test-plugin-host-retention-proto-31.5.1.jar because:
[        ]   Build cache is disabled
[        ]   Caching not enabled.
[        ] Caching disabled for InstrumentationAnalysisTransform: /root/.gradle/caches/modules-2/files-2.1/com.android.tools.utp/android-test-plugin-host-apk-installer-proto/31.5.1/eab0d04ab0181f625bd2c22a800ccc12d6e555c/android-test-plugin-host-apk-installer-proto-31.5.1.jar because:
[        ]   Build cache is disabled
[        ]   Caching not enabled.
[        ] Caching disabled for InstrumentationAnalysisTransform: /root/.gradle/caches/modules-2/files-2.1/com.android.tools.utp/android-test-plugin-result-listener-gradle-proto/31.5.1/f51d5e35aa252438265500d79fc2d314b7555b94/android-test-plugin-result-listener-gradle-proto-31.5.1.jar because:
[   +2 ms]   Build cache is disabled
[        ]   Caching not enabled.
[        ] Caching disabled for InstrumentationAnalysisTransform: /root/.gradle/caches/modules-2/files-2.1/com.android.tools.build/builder-model/8.5.1/cc99e64447f10c67bb62566f96ed716c15a9198/builder-model-8.5.1.jar because:
[        ]   Build cache is disabled
[        ]   Caching not enabled.
[        ] Caching disabled for InstrumentationAnalysisTransform: /root/.gradle/caches/modules-2/files-2.1/com.android.tools/dvlib/31.5.1/8c475e80a82e3c293d792ea9a22847c43904c2fc/dvlib-31.5.1.jar because:
[        ]   Build cache is disabled
[        ]   Caching not enabled.
[        ] Caching disabled for InstrumentationAnalysisTransform: /root/.gradle/caches/modules-2/files-2.1/com.android.tools/common/31.5.1/f95a9e01f047fc442aa1b9f1e741d1531c962280/common-31.5.1.jar because:
[        ]   Build cache is disabled
[        ]   Caching not enabled.
[        ] Caching disabled for InstrumentationAnalysisTransform: /root/.gradle/caches/modules-2/files-2.1/org.jetbrains.kotlin/kotlin-reflect/1.9.20/34eeb4eed5f493cdbb760ef50a5653ec414006bf/kotlin-reflect-1.9.20.jar because:
[        ]   Build cache is disabled
[        ]   Caching not enabled.
[        ] Caching disabled for InstrumentationAnalysisTransform: /root/.gradle/caches/modules-2/files-2.1/org.jetbrains.kotlin/kotlin-stdlib-jdk7/1.9.20/8b4b73f4e08efaae93fc01d8c6eaab58a72d2ab3/kotlin-stdlib-jdk7-1.9.20.jar because:
[        ]   Build cache is disabled
[        ]   Caching not enabled.
[        ] Caching disabled for InstrumentationAnalysisTransform: /root/.gradle/caches/modules-2/files-2.1/org.jetbrains.kotlin/kotlin-stdlib/1.9.20/e58b4816ac517e9cc5df1db051120c63d4cde669/kotlin-stdlib-1.9.20.jar because:
[        ]   Build cache is disabled
[        ]   Caching not enabled.
[        ] Caching disabled for InstrumentationAnalysisTransform: /root/.gradle/caches/modules-2/files-2.1/org.jetbrains.kotlin/kotlin-stdlib-jdk8/1.9.20/e2b4d1f475ae0606d063a84fce4dccdb45c7e12a/kotlin-stdlib-jdk8-1.9.20.jar because:
[        ]   Build cache is disabled
[        ]   Caching not enabled.
[        ] Caching disabled for InstrumentationAnalysisTransform: /root/.gradle/caches/modules-2/files-2.1/commons-io/commons-io/2.13.0/8bb2bc9b4df17e2411533a0708a69f983bf5e83b/commons-io-2.13.0.jar because:
[        ]   Build cache is disabled
[        ]   Caching not enabled.
[        ] Caching disabled for InstrumentationAnalysisTransform: /root/.gradle/caches/modules-2/files-2.1/org.ow2.asm/asm-commons/9.6/f1a9e5508eff490744144565c47326c8648be309/asm-commons-9.6.jar because:
[        ]   Build cache is disabled
[        ]   Caching not enabled.
[        ] Caching disabled for InstrumentationAnalysisTransform: /root/.gradle/caches/modules-2/files-2.1/org.ow2.asm/asm-util/9.6/f77caf84eb93786a749b2baa40865b9613e3eaee/asm-util-9.6.jar because:
[        ]   Build cache is disabled
[        ]   Caching not enabled.
[        ] Caching disabled for InstrumentationAnalysisTransform: /root/.gradle/caches/modules-2/files-2.1/org.ow2.asm/asm-analysis/9.6/9ce6c7b174bd997fc2552dff47964546bd7a5ec3/asm-analysis-9.6.jar because:
[        ]   Build cache is disabled
[        ]   Caching not enabled.
[        ] Caching disabled for InstrumentationAnalysisTransform: /root/.gradle/caches/modules-2/files-2.1/org.ow2.asm/asm-tree/9.6/c0cdda9d211e965d2a4448aa3fd86110f2f8c2de/asm-tree-9.6.jar because:
[        ]   Build cache is disabled
[        ]   Caching not enabled.
[        ] Caching disabled for InstrumentationAnalysisTransform: /root/.gradle/caches/modules-2/files-2.1/org.ow2.asm/asm/9.6/aa205cf0a06dbd8e04ece91c0b37c3f5d567546a/asm-9.6.jar because:
[        ]   Build cache is disabled
[        ]   Caching not enabled.
[        ] Caching disabled for InstrumentationAnalysisTransform: /root/.gradle/caches/modules-2/files-2.1/com.android.tools.build/apkzlib/8.5.1/d656b52facbb301b8bdc1e40a5ae008bcf335fe9/apkzlib-8.5.1.jar because:
[        ]   Build cache is disabled
[        ]   Caching not enabled.
[        ] Caching disabled for InstrumentationAnalysisTransform: /root/.gradle/caches/modules-2/files-2.1/org.bouncycastle/bcpkix-jdk18on/1.77/ed953791ba0229747dd0fd9911e3d76a462acfd3/bcpkix-jdk18on-1.77.jar because:
[        ]   Build cache is disabled
[        ]   Caching not enabled.
[        ] Caching disabled for InstrumentationAnalysisTransform: /root/.gradle/caches/modules-2/files-2.1/com.google.protobuf/protobuf-java-util/3.22.3/749cd4fe8ab52f37bc186193802ba19f5b284647/protobuf-java-util-3.22.3.jar because:
[        ]   Build cache is disabled
[        ]   Caching not enabled.
[        ] Caching disabled for InstrumentationAnalysisTransform: /root/.gradle/caches/modules-2/files-2.1/io.grpc/grpc-protobuf/1.57.0/49986e40de6cbd14ba26247639b18ab0bac921c1/grpc-protobuf-1.57.0.jar because:
[        ]   Build cache is disabled
[        ]   Caching not enabled.
[        ] Caching disabled for InstrumentationAnalysisTransform: /root/.gradle/caches/modules-2/files-2.1/com.android.tools.analytics-library/protos/31.5.1/88613dda7977cb93625ab9cc7c72608ba67bc9cd/protos-31.5.1.jar because:
[        ]   Build cache is disabled
[        ]   Caching not enabled.
[        ] Caching disabled for InstrumentationAnalysisTransform: /root/.gradle/caches/modules-2/files-2.1/com.google.api.grpc/proto-google-common-protos/2.17.0/7edf1e3aa96dc3861f7a8f24556c714e9c5b292/proto-google-common-protos-2.17.0.jar because:
[        ]   Build cache is disabled
[        ]   Caching not enabled.
[        ] Caching disabled for InstrumentationAnalysisTransform: /root/.gradle/caches/modules-2/files-2.1/com.google.protobuf/protobuf-java/3.22.3/fdee98b8f6abab73f146a4edb4c09e56f8278d03/protobuf-java-3.22.3.jar because:
[        ]   Build cache is disabled
[        ]   Caching not enabled.
[        ] Caching disabled for InstrumentationAnalysisTransform: /root/.gradle/caches/modules-2/files-2.1/io.grpc/grpc-netty/1.57.0/99cc01516c2fd1d134bf2585c2b38fa400804986/grpc-netty-1.57.0.jar because:
[        ]   Build cache is disabled
[        ]   Caching not enabled.
[        ] Caching disabled for InstrumentationAnalysisTransform: /root/.gradle/caches/modules-2/files-2.1/io.grpc/grpc-core/1.57.0/2b6ef5166f31315098fff9bb85f33ab5fed58f6b/grpc-core-1.57.0.jar because:
[        ]   Build cache is disabled
[        ]   Caching not enabled.
[        ] Caching disabled for InstrumentationAnalysisTransform: /root/.gradle/caches/modules-2/files-2.1/com.google.code.gson/gson/2.10.1/b3add478d4382b78ea20b1671390a858002feb6c/gson-2.10.1.jar because:
[        ]   Build cache is disabled
[        ]   Caching not enabled.
[        ] Caching disabled for InstrumentationAnalysisTransform: /root/.gradle/caches/modules-2/files-2.1/io.grpc/grpc-stub/1.57.0/262e1469c080164d5e2459f4908394d66f4e8828/grpc-stub-1.57.0.jar because:
[        ]   Build cache is disabled
[        ]   Caching not enabled.
[        ] Caching disabled for InstrumentationAnalysisTransform: /root/.gradle/caches/modules-2/files-2.1/io.grpc/grpc-context/1.57.0/8d8f26a9b0bed637ee4592e1df3ef134ed2c54fd/grpc-context-1.57.0.jar because:
[        ]   Build cache is disabled
[        ]   Caching not enabled.
[        ] Caching disabled for InstrumentationAnalysisTransform: /root/.gradle/caches/modules-2/files-2.1/io.grpc/grpc-protobuf-lite/1.57.0/ca0084219b71d29cd9bfc3b81780aca91a965753/grpc-protobuf-lite-1.57.0.jar because:
[        ]   Build cache is disabled
[        ]   Caching not enabled.
[        ] Caching disabled for InstrumentationAnalysisTransform: /root/.gradle/caches/modules-2/files-2.1/io.grpc/grpc-api/1.57.0/768ab3e583b213a3672ec776e70765b594e8bbe5/grpc-api-1.57.0.jar because:
[        ]   Build cache is disabled
[        ]   Caching not enabled.
[        ] Caching disabled for InstrumentationAnalysisTransform: /root/.gradle/caches/modules-2/files-2.1/com.google.guava/guava/32.0.1-jre/6e5d51a72d142f2d40a57dfb897188b36a95b489/guava-32.0.1-jre.jar because:
[        ]   Build cache is disabled
[        ]   Caching not enabled.
[        ] Caching disabled for InstrumentationAnalysisTransform: /root/.gradle/caches/modules-2/files-2.1/org.bouncycastle/bcutil-jdk18on/1.77/de3eaef351545fe8562cf29ddff4a403a45b49b7/bcutil-jdk18on-1.77.jar because:
[        ]   Build cache is disabled
[        ]   Caching not enabled.
[        ] Caching disabled for InstrumentationAnalysisTransform: /root/.gradle/caches/modules-2/files-2.1/com.google.testing.platform/core-proto/0.0.9-alpha02/ee54219cbb4a7fb83cdc528e9a85e0383f3ee726/core-proto-0.0.9-alpha02.jar because:
[        ]   Build cache is disabled
[        ]   Caching not enabled.
[        ] Caching disabled for InstrumentationAnalysisTransform: /root/.gradle/caches/modules-2/files-2.1/org.bouncycastle/bcprov-jdk18on/1.77/2cc971b6c20949c1ff98d1a4bc741ee848a09523/bcprov-jdk18on-1.77.jar because:
[        ]   Build cache is disabled
[        ]   Caching not enabled.
[        ] Caching disabled for InstrumentationAnalysisTransform: /root/.gradle/caches/modules-2/files-2.1/com.android/signflinger/8.5.1/13f035dd8e7e470ff8f3216a0b46333187f26df5/signflinger-8.5.1.jar because:
[        ]   Build cache is disabled
[        ]   Caching not enabled.
[        ] Caching disabled for InstrumentationAnalysisTransform: /root/.gradle/caches/modules-2/files-2.1/com.android/zipflinger/8.5.1/de8e3267995699af356740cf562cbedb485f5763/zipflinger-8.5.1.jar because:
[        ]   Build cache is disabled
[        ]   Caching not enabled.
[        ] Caching disabled for InstrumentationAnalysisTransform: /root/.gradle/caches/modules-2/files-2.1/com.android.tools/annotations/31.5.1/1946e7f75bc1615b4abfc0f83899934dfcbdf1fc/annotations-31.5.1.jar because:
[        ]   Build cache is disabled
[        ]   Caching not enabled.
[  +80 ms] Caching disabled for InstrumentationAnalysisTransform: /root/.gradle/caches/modules-2/files-2.1/com.google.errorprone/error_prone_annotations/2.18.0/89b684257096f548fa39a7df9fdaa409d4d4df91/error_prone_annotations-2.18.0.jar because:
[        ]   Build cache is disabled
[        ]   Caching not enabled.
[        ] Caching disabled for InstrumentationAnalysisTransform: /root/.gradle/caches/modules-2/files-2.1/com.google.j2objc/j2objc-annotations/2.8/c85270e307e7b822f1086b93689124b89768e273/j2objc-annotations-2.8.jar because:
[        ]   Build cache is disabled
[        ]   Caching not enabled.
[        ] Caching disabled for InstrumentationAnalysisTransform: /root/.gradle/caches/modules-2/files-2.1/org.codehaus.mojo/animal-sniffer-annotations/1.23/3c0daebd5f0e1ce72cc50c818321ac957aeb5d70/animal-sniffer-annotations-1.23.jar because:
[        ]   Build cache is disabled
[        ]   Caching not enabled.
[        ] Caching disabled for InstrumentationAnalysisTransform: /root/.gradle/caches/modules-2/files-2.1/io.perfmark/perfmark-api/0.26.0/ef65452adaf20bf7d12ef55913aba24037b82738/perfmark-api-0.26.0.jar because:
[        ]   Build cache is disabled
[        ]   Caching not enabled.
[        ] Caching disabled for InstrumentationAnalysisTransform: /root/.gradle/caches/modules-2/files-2.1/io.netty/netty-handler-proxy/4.1.93.Final/c165c1efe1b9c0cc22546a057b530611a088768b/netty-handler-proxy-4.1.93.Final.jar because:
[        ]   Build cache is disabled
[        ]   Caching not enabled.
[        ] Caching disabled for InstrumentationAnalysisTransform: /root/.gradle/caches/modules-2/files-2.1/io.netty/netty-codec-http2/4.1.93.Final/f1625b43bde13ec057da0d2fe381ded2547a70e/netty-codec-http2-4.1.93.Final.jar because:
[        ]   Build cache is disabled
[        ]   Caching not enabled.
[        ] Caching disabled for InstrumentationAnalysisTransform: /root/.gradle/caches/modules-2/files-2.1/io.netty/netty-codec-http/4.1.93.Final/36acf0c94d03eb6ecef78a749a32cbb7dc0c57b4/netty-codec-http-4.1.93.Final.jar because:
[        ]   Build cache is disabled
[        ]   Caching not enabled.
[        ] Caching disabled for InstrumentationAnalysisTransform: /root/.gradle/caches/modules-2/files-2.1/io.netty/netty-handler/4.1.93.Final/10f7ed9d8e1bfcba416074c70e5388be96116bfc/netty-handler-4.1.93.Final.jar because:
[        ]   Build cache is disabled
[        ]   Caching not enabled.
[        ] Caching disabled for InstrumentationAnalysisTransform: /root/.gradle/caches/modules-2/files-2.1/io.netty/netty-transport-native-unix-common/4.1.93.Final/f4fb8b4c8da539091f43abcbb9f0389e48807eea/netty-transport-native-unix-common-4.1.93.Final.jar because:
[        ]   Build cache is disabled
[        ]   Caching not enabled.
[        ] Caching disabled for InstrumentationAnalysisTransform: /root/.gradle/caches/modules-2/files-2.1/org.checkerframework/checker-qual/3.33.0/de2b60b62da487644fc11f734e73c8b0b431238f/checker-qual-3.33.0.jar because:
[        ]   Build cache is disabled
[        ]   Caching not enabled.
[        ] Caching disabled for InstrumentationAnalysisTransform: /root/.gradle/caches/modules-2/files-2.1/com.android.tools.build/apksig/8.5.1/d51ecbc4a5b7a2c7832586a4dde18f61d92810a4/apksig-8.5.1.jar because:
[        ]   Build cache is disabled
[        ]   Caching not enabled.
[        ] Caching disabled for InstrumentationAnalysisTransform: /root/.gradle/caches/modules-2/files-2.1/io.netty/netty-codec-socks/4.1.93.Final/81ca78969afc60073e47c3b7b361cc3839392c73/netty-codec-socks-4.1.93.Final.jar because:
[        ]   Build cache is disabled
[        ]   Caching not enabled.
[        ] Caching disabled for InstrumentationAnalysisTransform: /root/.gradle/caches/modules-2/files-2.1/io.netty/netty-codec/4.1.93.Final/503badb458b6586632be8d1f81aa4e5ab99a80fc/netty-codec-4.1.93.Final.jar because:
[        ]   Build cache is disabled
[        ]   Caching not enabled.
[        ] Caching disabled for InstrumentationAnalysisTransform: /root/.gradle/caches/modules-2/files-2.1/io.netty/netty-transport/4.1.93.Final/1a0894915c8027ce83b4d6a811c4e765955efd15/netty-transport-4.1.93.Final.jar because:
[        ]   Build cache is disabled
[        ]   Caching not enabled.
[        ] Caching disabled for InstrumentationAnalysisTransform: /root/.gradle/caches/modules-2/files-2.1/io.netty/netty-buffer/4.1.93.Final/87fac21f4ef95157866b07b48e3c707a2f13c581/netty-buffer-4.1.93.Final.jar because:
[        ]   Build cache is disabled
[        ]   Caching not enabled.
[        ] Caching disabled for InstrumentationAnalysisTransform: /root/.gradle/caches/modules-2/files-2.1/io.netty/netty-resolver/4.1.93.Final/3860e99075f9e078364ed38f6d6fc8825b7a168a/netty-resolver-4.1.93.Final.jar because:
[        ]   Build cache is disabled
[        ]   Caching not enabled.
[        ] Caching disabled for InstrumentationAnalysisTransform: /root/.gradle/caches/modules-2/files-2.1/io.netty/netty-common/4.1.93.Final/1cfc49b91b0d3ddb30c9f7d8467e5d02ae8babdf/netty-common-4.1.93.Final.jar because:
[        ]   Build cache is disabled
[        ]   Caching not enabled.
[  +98 ms] Caching disabled for MergeInstrumentationAnalysisTransform: /root/.gradle/caches/8.14/transforms/24f3352c46cb16f63aae318300dc68a3/transformed/.gradle-instrumented-classpath.marker because:
[        ]   Build cache is disabled
[        ]   Caching not enabled.
[        ] Caching disabled for MergeInstrumentationAnalysisTransform: /root/.gradle/caches/8.14/transforms/24f3352c46cb16f63aae318300dc68a3/transformed/analysis/instrumentation-hierarchy.bin because:
[        ]   Build cache is disabled
[        ]   Caching not enabled.
[        ] Caching disabled for MergeInstrumentationAnalysisTransform: /root/.gradle/caches/8.14/transforms/65f662e3cb96a19e04d9af73d64141ca/transformed/analysis/instrumentation-hierarchy.bin because:
[        ]   Build cache is disabled
[        ]   Caching not enabled.
[        ] Caching disabled for MergeInstrumentationAnalysisTransform: /root/.gradle/caches/8.14/transforms/478a9fc972f9fa823fa2839272eba9e6/transformed/analysis/instrumentation-hierarchy.bin because:
[        ]   Build cache is disabled
[        ]   Caching not enabled.
[        ] Caching disabled for MergeInstrumentationAnalysisTransform: /root/.gradle/caches/8.14/transforms/7b3edcea059dd3e918eb2de94df9806e/transformed/analysis/instrumentation-hierarchy.bin because:
[        ]   Build cache is disabled
[        ]   Caching not enabled.
[        ] Caching disabled for MergeInstrumentationAnalysisTransform: /root/.gradle/caches/8.14/transforms/7d22d11685e123f6c7d806b61c9c4272/transformed/analysis/instrumentation-hierarchy.bin because:
[        ]   Build cache is disabled
[        ]   Caching not enabled.
[        ] Caching disabled for MergeInstrumentationAnalysisTransform: /root/.gradle/caches/8.14/transforms/d167ab2dc221ab22620fd608e49fb614/transformed/analysis/instrumentation-hierarchy.bin because:
[        ]   Build cache is disabled
[        ]   Caching not enabled.
[        ] Caching disabled for MergeInstrumentationAnalysisTransform: /root/.gradle/caches/8.14/transforms/1b03a2902c77279efece3be663704ec7/transformed/analysis/instrumentation-hierarchy.bin because:
[        ]   Build cache is disabled
[        ]   Caching not enabled.
[        ] Caching disabled for MergeInstrumentationAnalysisTransform: /root/.gradle/caches/8.14/transforms/e70ff5feffe9238b62998cd65859ec2d/transformed/analysis/instrumentation-hierarchy.bin because:
[        ]   Build cache is disabled
[        ]   Caching not enabled.
[        ] Caching disabled for MergeInstrumentationAnalysisTransform: /root/.gradle/caches/8.14/transforms/b40b20c06fd8c7b4f85a7161d21e1780/transformed/analysis/instrumentation-hierarchy.bin because:
[        ]   Build cache is disabled
[        ]   Caching not enabled.
[        ] Caching disabled for MergeInstrumentationAnalysisTransform: /root/.gradle/caches/8.14/transforms/2ea214d7d6d2f9b607d9aad5f8803c98/transformed/analysis/instrumentation-hierarchy.bin because:
[        ]   Build cache is disabled
[        ]   Caching not enabled.
[        ] Caching disabled for MergeInstrumentationAnalysisTransform: /root/.gradle/caches/8.14/transforms/3da3c9a156ae04ac648b2d38359b36c7/transformed/analysis/instrumentation-hierarchy.bin because:
[        ]   Build cache is disabled
[        ]   Caching not enabled.
[        ] Caching disabled for MergeInstrumentationAnalysisTransform: /root/.gradle/caches/8.14/transforms/1797935e5890b79de3145cee74a1039d/transformed/analysis/instrumentation-hierarchy.bin because:
[        ]   Build cache is disabled
[        ]   Caching not enabled.
[        ] Caching disabled for MergeInstrumentationAnalysisTransform: /root/.gradle/caches/8.14/transforms/65f662e3cb96a19e04d9af73d64141ca/transformed/analysis/instrumentation-dependencies.bin because:
[        ]   Build cache is disabled
[        ]   Caching not enabled.
[        ] Caching disabled for MergeInstrumentationAnalysisTransform: /root/.gradle/caches/8.14/transforms/7d22d11685e123f6c7d806b61c9c4272/transformed/analysis/instrumentation-dependencies.bin because:
[        ]   Build cache is disabled
[        ]   Caching not enabled.
[        ] Caching disabled for MergeInstrumentationAnalysisTransform: /root/.gradle/caches/8.14/transforms/24f3352c46cb16f63aae318300dc68a3/transformed/analysis/instrumentation-dependencies.bin because:
[        ]   Build cache is disabled
[        ]   Caching not enabled.
[        ] Caching disabled for MergeInstrumentationAnalysisTransform: /root/.gradle/caches/8.14/transforms/e70ff5feffe9238b62998cd65859ec2d/transformed/analysis/instrumentation-dependencies.bin because:
[        ]   Build cache is disabled
[        ]   Caching not enabled.
[        ] Caching disabled for MergeInstrumentationAnalysisTransform: /root/.gradle/caches/8.14/transforms/1b03a2902c77279efece3be663704ec7/transformed/analysis/instrumentation-dependencies.bin because:
[        ]   Build cache is disabled
[        ]   Caching not enabled.
[        ] Caching disabled for MergeInstrumentationAnalysisTransform: /root/.gradle/caches/8.14/transforms/d167ab2dc221ab22620fd608e49fb614/transformed/analysis/instrumentation-dependencies.bin because:
[        ]   Build cache is disabled
[        ]   Caching not enabled.
[        ] Caching disabled for MergeInstrumentationAnalysisTransform: /root/.gradle/caches/8.14/transforms/7b3edcea059dd3e918eb2de94df9806e/transformed/analysis/instrumentation-dependencies.bin because:
[        ]   Build cache is disabled
[        ]   Caching not enabled.
[        ] Caching disabled for MergeInstrumentationAnalysisTransform: /root/.gradle/caches/8.14/transforms/b40b20c06fd8c7b4f85a7161d21e1780/transformed/analysis/instrumentation-dependencies.bin because:
[        ]   Build cache is disabled
[        ]   Caching not enabled.
[        ] Caching disabled for MergeInstrumentationAnalysisTransform: /root/.gradle/caches/8.14/transforms/3da3c9a156ae04ac648b2d38359b36c7/transformed/analysis/instrumentation-dependencies.bin because:
[        ]   Build cache is disabled
[        ]   Caching not enabled.
[        ] Caching disabled for MergeInstrumentationAnalysisTransform: /root/.gradle/caches/8.14/transforms/478a9fc972f9fa823fa2839272eba9e6/transformed/analysis/instrumentation-dependencies.bin because:
[        ]   Build cache is disabled
[        ]   Caching not enabled.
[        ] Caching disabled for MergeInstrumentationAnalysisTransform: /root/.gradle/caches/8.14/transforms/2ea214d7d6d2f9b607d9aad5f8803c98/transformed/analysis/instrumentation-dependencies.bin because:
[        ]   Build cache is disabled
[        ]   Caching not enabled.
[        ] Caching disabled for MergeInstrumentationAnalysisTransform: /root/.gradle/caches/8.14/transforms/1797935e5890b79de3145cee74a1039d/transformed/analysis/instrumentation-dependencies.bin because:
[        ]   Build cache is disabled
[        ]   Caching not enabled.
[  +97 ms] Caching disabled for MergeInstrumentationAnalysisTransform: /root/.gradle/caches/modules-2/files-2.1/com.android.tools.build/builder-test-api/8.5.1/9b376ce7c3ccabdb8a62004c3b9292ebcd9533c1/builder-test-api-8.5.1.jar because:
[        ]   Build cache is disabled
[        ]   Caching not enabled.
[        ] Caching disabled for MergeInstrumentationAnalysisTransform: /root/.gradle/caches/modules-2/files-2.1/com.android.tools.lint/lint-model/31.5.1/9e5a5fdecfe4f1a457e00009441232089cce237f/lint-model-31.5.1.jar because:
[        ]   Build cache is disabled
[        ]   Caching not enabled.
[        ] Caching disabled for MergeInstrumentationAnalysisTransform: /root/.gradle/caches/modules-2/files-2.1/com.android.tools.build/gradle-settings-api/8.5.1/553c6756577609dfb65ef8882addc03c84168eb4/gradle-settings-api-8.5.1.jar because:
[        ]   Build cache is disabled
[        ]   Caching not enabled.
[        ] Caching disabled for MergeInstrumentationAnalysisTransform: /root/.gradle/caches/modules-2/files-2.1/com.android.tools.build/manifest-merger/31.5.1/e81f9da0ab959d2d65c58368662f923becd90296/manifest-merger-31.5.1.jar because:
[        ]   Build cache is disabled
[        ]   Caching not enabled.
[        ] Caching disabled for MergeInstrumentationAnalysisTransform: /root/.gradle/caches/modules-2/files-2.1/com.android.tools.build/aaptcompiler/8.5.1/665c2b4c5313877933d3e1ac98ff8711839cfc9/aaptcompiler-8.5.1.jar because:
[        ]   Build cache is disabled
[        ]   Caching not enabled.
[        ] Caching disabled for MergeInstrumentationAnalysisTransform: /root/.gradle/caches/modules-2/files-2.1/com.android.tools.build/gradle-api/8.5.1/f30c56651bc6e0c81cdc33aadc9edbbe6d617c18/gradle-api-8.5.1.jar because:
[        ]   Build cache is disabled
[        ]   Caching not enabled.
[        ] Caching disabled for MergeInstrumentationAnalysisTransform: /root/.gradle/caches/modules-2/files-2.1/com.android.tools/repository/31.5.1/f9d998909029644e8f7cf78cd850138ecf7cfcfd/repository-31.5.1.jar because:
[        ]   Build cache is disabled
[        ]   Caching not enabled.
[        ] Caching disabled for MergeInstrumentationAnalysisTransform: /root/.gradle/caches/modules-2/files-2.1/com.android.tools/sdklib/31.5.1/23e84e946076bda65b05422fe98fae9fef55c856/sdklib-31.5.1.jar because:
[        ]   Build cache is disabled
[        ]   Caching not enabled.
[        ] Caching disabled for ExternalDependencyInstrumentingArtifactTransform: /root/.gradle/caches/8.14/transforms/079a29fe37c3dcc8d67179c31d934adb/transformed/merge/instrumentation-dependencies.bin because:
[        ]   Build cache is disabled
[        ]   Caching not enabled.
[        ] Caching disabled for MergeInstrumentationAnalysisTransform: /root/.gradle/caches/modules-2/files-2.1/com.android.tools/sdk-common/31.5.1/ef25e2fe8106a2a8677068468d6c69ab88809181/sdk-common-31.5.1.jar because:
[        ]   Build cache is disabled
[        ]   Caching not enabled.
[        ] Caching disabled for MergeInstrumentationAnalysisTransform: /root/.gradle/caches/modules-2/files-2.1/com.android.tools.ddms/ddmlib/31.5.1/cec99d30da3f854bde3d734fabca09400097e4bd/ddmlib-31.5.1.jar because:
[        ]   Build cache is disabled
[        ]   Caching not enabled.
[        ] Caching disabled for ExternalDependencyInstrumentingArtifactTransform: /root/.gradle/caches/8.14/transforms/6454b9812d6d5f21884ffec9b09a34ad/transformed/merge/instrumentation-dependencies.bin because:
[        ]   Build cache is disabled
[        ]   Caching not enabled.
[        ] Caching disabled for ExternalDependencyInstrumentingArtifactTransform: /root/.gradle/caches/8.14/transforms/062c0466db536537a293071f3144d716/transformed/merge/instrumentation-dependencies.bin because:
[        ]   Build cache is disabled
[        ]   Caching not enabled.
[        ] Caching disabled for ExternalDependencyInstrumentingArtifactTransform: /root/.gradle/caches/8.14/transforms/be784859e40768dcda4fcb0722a7119a/transformed/merge/instrumentation-dependencies.bin because:
[        ]   Build cache is disabled
[        ]   Caching not enabled.
[        ] Caching disabled for ExternalDependencyInstrumentingArtifactTransform: /root/.gradle/caches/8.14/transforms/754a9718b0eb5bb4fbbc526acb939e31/transformed/merge/instrumentation-dependencies.bin because:
[        ]   Build cache is disabled
[        ]   Caching not enabled.
[        ] Caching disabled for ExternalDependencyInstrumentingArtifactTransform: /root/.gradle/caches/8.14/transforms/570c941a3b7d5ad3c11250d7955b6c1b/transformed/merge/instrumentation-dependencies.bin because:
[        ]   Build cache is disabled
[        ]   Caching not enabled.
[        ] Caching disabled for ExternalDependencyInstrumentingArtifactTransform: /root/.gradle/caches/8.14/transforms/f7236f1a02e5a708eb19a36d63fd7ef5/transformed/merge/instrumentation-dependencies.bin because:
[        ]   Build cache is disabled
[        ]   Caching not enabled.
[        ] Caching disabled for ExternalDependencyInstrumentingArtifactTransform: /root/.gradle/caches/8.14/transforms/b827b566b793ab92c965ef3e152c7717/transformed/merge/instrumentation-dependencies.bin because:
[        ]   Build cache is disabled
[        ]   Caching not enabled.
[        ] Caching disabled for ExternalDependencyInstrumentingArtifactTransform: /root/.gradle/caches/8.14/transforms/daf9cc36dde6a3fe47a3ad005305645b/transformed/merge/instrumentation-dependencies.bin because:
[        ]   Build cache is disabled
[        ]   Caching not enabled.
[        ] Caching disabled for ExternalDependencyInstrumentingArtifactTransform: /root/.gradle/caches/8.14/transforms/7cd5044b4bdcd10ff49c052808864405/transformed/merge/instrumentation-dependencies.bin because:
[        ]   Build cache is disabled
[        ]   Caching not enabled.
[        ] Caching disabled for ExternalDependencyInstrumentingArtifactTransform: /root/.gradle/caches/modules-2/files-2.1/com.android.tools.build/builder-test-api/8.5.1/9b376ce7c3ccabdb8a62004c3b9292ebcd9533c1/builder-test-api-8.5.1.jar because:
[        ]   Build cache is disabled
[        ]   Caching not enabled.
[        ] Caching disabled for MergeInstrumentationAnalysisTransform: /root/.gradle/caches/8.14/transforms/a58ff7300a32ead2e30b5a0f45c90bfc/transformed/analysis/instrumentation-hierarchy.bin because:
[        ]   Build cache is disabled
[        ]   Caching not enabled.
[        ] Caching disabled for ExternalDependencyInstrumentingArtifactTransform: /root/.gradle/caches/modules-2/files-2.1/com.android.tools.build/gradle-settings-api/8.5.1/553c6756577609dfb65ef8882addc03c84168eb4/gradle-settings-api-8.5.1.jar because:
[        ]   Build cache is disabled
[        ]   Caching not enabled.
[        ] Caching disabled for MergeInstrumentationAnalysisTransform: /root/.gradle/caches/8.14/transforms/a58ff7300a32ead2e30b5a0f45c90bfc/transformed/analysis/instrumentation-dependencies.bin because:
[        ]   Build cache is disabled
[        ]   Caching not enabled.
[        ] Caching disabled for MergeInstrumentationAnalysisTransform: /root/.gradle/caches/8.14/transforms/8ea9666e81593e10c4ca2efd99a853c3/transformed/analysis/instrumentation-hierarchy.bin because:
[        ]   Build cache is disabled
[        ]   Caching not enabled.
[        ] Caching disabled for MergeInstrumentationAnalysisTransform: /root/.gradle/caches/modules-2/files-2.1/com.android.tools.build/builder/8.5.1/750409c265fc23845223f47ed78da47548b3cd3a/builder-8.5.1.jar because:
[        ]   Build cache is disabled
[        ]   Caching not enabled.
[        ] Caching disabled for ExternalDependencyInstrumentingArtifactTransform: /root/.gradle/caches/8.14/transforms/561037b9762490aac2d8f81866776d66/transformed/merge/instrumentation-dependencies.bin because:
[        ]   Build cache is disabled
[        ]   Caching not enabled.
[        ] Caching disabled for MergeInstrumentationAnalysisTransform: /root/.gradle/caches/8.14/transforms/8ea9666e81593e10c4ca2efd99a853c3/transformed/analysis/instrumentation-dependencies.bin because:
[        ]   Build cache is disabled
[        ]   Caching not enabled.
[        ] Caching disabled for ExternalDependencyInstrumentingArtifactTransform: /root/.gradle/caches/modules-2/files-2.1/com.android.tools/repository/31.5.1/f9d998909029644e8f7cf78cd850138ecf7cfcfd/repository-31.5.1.jar because:
[        ]   Build cache is disabled
[        ]   Caching not enabled.
[        ] Caching disabled for MergeInstrumentationAnalysisTransform: /root/.gradle/caches/modules-2/files-2.1/com.android.tools.build/aapt2-proto/8.5.1-11315950/5a05d3311ff90fd03fa5e1f979db3be0717f6428/aapt2-proto-8.5.1-11315950.jar because:
[        ]   Build cache is disabled
[        ]   Caching not enabled.
[        ] Caching disabled for MergeInstrumentationAnalysisTransform: /root/.gradle/caches/8.14/transforms/284621a6251bbaff36c6ab70912724ad/transformed/analysis/instrumentation-hierarchy.bin because:
[        ]   Build cache is disabled
[        ]   Caching not enabled.
[        ] Caching disabled for ExternalDependencyInstrumentingArtifactTransform: /root/.gradle/caches/modules-2/files-2.1/com.android.tools.lint/lint-model/31.5.1/9e5a5fdecfe4f1a457e00009441232089cce237f/lint-model-31.5.1.jar because:
[        ]   Build cache is disabled
[        ]   Caching not enabled.
[        ] Caching disabled for ExternalDependencyInstrumentingArtifactTransform: /root/.gradle/caches/8.14/transforms/df8fa297b42cef7d0441abdf04958b78/transformed/merge/instrumentation-dependencies.bin because:
[        ]   Build cache is disabled
[        ]   Caching not enabled.
[        ] Caching disabled for ExternalDependencyInstrumentingArtifactTransform: /root/.gradle/caches/modules-2/files-2.1/com.android.tools.build/manifest-merger/31.5.1/e81f9da0ab959d2d65c58368662f923becd90296/manifest-merger-31.5.1.jar because:
[        ]   Build cache is disabled
[        ]   Caching not enabled.
[        ] Caching disabled for MergeInstrumentationAnalysisTransform: /root/.gradle/caches/8.14/transforms/020bf40935b25ea34a2add8de6d20fd2/transformed/analysis/instrumentation-hierarchy.bin because:
[        ]   Build cache is disabled
[        ]   Caching not enabled.
[        ] Caching disabled for MergeInstrumentationAnalysisTransform: /root/.gradle/caches/8.14/transforms/284621a6251bbaff36c6ab70912724ad/transformed/analysis/instrumentation-dependencies.bin because:
[        ]   Build cache is disabled
[        ]   Caching not enabled.
[        ] Caching disabled for MergeInstrumentationAnalysisTransform: /root/.gradle/caches/8.14/transforms/8e8b78a1904773fde1a4541a93e5a013/transformed/analysis/instrumentation-hierarchy.bin because:
[        ]   Build cache is disabled
[        ]   Caching not enabled.
[        ] Caching disabled for ExternalDependencyInstrumentingArtifactTransform: /root/.gradle/caches/modules-2/files-2.1/com.android.tools.build/gradle-api/8.5.1/f30c56651bc6e0c81cdc33aadc9edbbe6d617c18/gradle-api-8.5.1.jar because:
[        ]   Build cache is disabled
[        ]   Caching not enabled.
[        ] Caching disabled for MergeInstrumentationAnalysisTransform: /root/.gradle/caches/8.14/transforms/020bf40935b25ea34a2add8de6d20fd2/transformed/analysis/instrumentation-dependencies.bin because:
[        ]   Build cache is disabled
[        ]   Caching not enabled.
[        ] Caching disabled for MergeInstrumentationAnalysisTransform: /root/.gradle/caches/8.14/transforms/8e8b78a1904773fde1a4541a93e5a013/transformed/analysis/instrumentation-dependencies.bin because:
[        ]   Build cache is disabled
[        ]   Caching not enabled.
[        ] Caching disabled for MergeInstrumentationAnalysisTransform: /root/.gradle/caches/modules-2/files-2.1/com.android.tools.analytics-library/crash/31.5.1/669e0dbea9c0612c1752365738497bea9627a6b9/crash-31.5.1.jar because:
[        ]   Build cache is disabled
[        ]   Caching not enabled.
[        ] Caching disabled for MergeInstrumentationAnalysisTransform: /root/.gradle/caches/8.14/transforms/23858d62d0e640a650bc57c1bb1949b6/transformed/analysis/instrumentation-hierarchy.bin because:
[        ]   Build cache is disabled
[        ]   Caching not enabled.
[        ] Caching disabled for MergeInstrumentationAnalysisTransform: /root/.gradle/caches/modules-2/files-2.1/com.android.tools.build/gradle/8.5.1/63917e0cb0febbb89f2b9da9438895e51f7f9baf/gradle-8.5.1.jar because:
[        ]   Build cache is disabled
[        ]   Caching not enabled.
[        ] Caching disabled for MergeInstrumentationAnalysisTransform: /root/.gradle/caches/modules-2/files-2.1/com.android.tools.analytics-library/tracker/31.5.1/369d37e578f8468b035ae74190aee44c9c05622c/tracker-31.5.1.jar because:
[        ]   Build cache is disabled
[        ]   Caching not enabled.
[        ] Caching disabled for MergeInstrumentationAnalysisTransform: /root/.gradle/caches/8.14/transforms/23858d62d0e640a650bc57c1bb1949b6/transformed/analysis/instrumentation-dependencies.bin because:
[        ]   Build cache is disabled
[        ]   Caching not enabled.
[        ] Caching disabled for ExternalDependencyInstrumentingArtifactTransform: /root/.gradle/caches/8.14/transforms/e5fee168b13add6d4138756e11511804/transformed/merge/instrumentation-dependencies.bin because:
[        ]   Build cache is disabled
[        ]   Caching not enabled.
[        ] Caching disabled for ExternalDependencyInstrumentingArtifactTransform: /root/.gradle/caches/8.14/transforms/e21e9f5f370b341aea9b3c9e476154cb/transformed/merge/instrumentation-dependencies.bin because:
[        ]   Build cache is disabled
[        ]   Caching not enabled.
[        ] Caching disabled for MergeInstrumentationAnalysisTransform: /root/.gradle/caches/modules-2/files-2.1/com.android.tools.analytics-library/shared/31.5.1/2323a99da4a13bab06e542e196a22f7f8dc3cc40/shared-31.5.1.jar because:
[        ]   Build cache is disabled
[        ]   Caching not enabled.
[        ] Caching disabled for MergeInstrumentationAnalysisTransform: /root/.gradle/caches/modules-2/files-2.1/com.android.tools.build/bundletool/1.16.0/88e6c67d315e7d2a860bb00b1bd93914f2c4fd33/bundletool-1.16.0.jar because:
[        ]   Build cache is disabled
[        ]   Caching not enabled.
[        ] Caching disabled for ExternalDependencyInstrumentingArtifactTransform: /root/.gradle/caches/8.14/transforms/74f5ab516a4d20275fcaa59f5cb76b60/transformed/merge/instrumentation-dependencies.bin because:
[        ]   Build cache is disabled
[        ]   Caching not enabled.
[        ] Caching disabled for MergeInstrumentationAnalysisTransform: /root/.gradle/caches/modules-2/files-2.1/com.android.tools.lint/lint-typedef-remover/31.5.1/644ab9b8a697ba83702c4e32eaaf95c504e1a522/lint-typedef-remover-31.5.1.jar because:
[        ]   Build cache is disabled
[        ]   Caching not enabled.
[        ] Caching disabled for ExternalDependencyInstrumentingArtifactTransform: /root/.gradle/caches/8.14/transforms/613a18ba1109852222cccbb642e1fb49/transformed/merge/instrumentation-dependencies.bin because:
[        ]   Build cache is disabled
[        ]   Caching not enabled.
[        ] Caching disabled for ExternalDependencyInstrumentingArtifactTransform: /root/.gradle/caches/modules-2/files-2.1/com.android.tools.analytics-library/crash/31.5.1/669e0dbea9c0612c1752365738497bea9627a6b9/crash-31.5.1.jar because:
[        ]   Build cache is disabled
[        ]   Caching not enabled.
[        ] Caching disabled for ExternalDependencyInstrumentingArtifactTransform: /root/.gradle/caches/8.14/transforms/306245ea1cadf25ef37bcd6b6e96b504/transformed/merge/instrumentation-dependencies.bin because:
[        ]   Build cache is disabled
[        ]   Caching not enabled.
[        ] Caching disabled for ExternalDependencyInstrumentingArtifactTransform: /root/.gradle/caches/8.14/transforms/1a06bd69892da6749b58fd7d6eacc8d5/transformed/merge/instrumentation-dependencies.bin because:
[        ]   Build cache is disabled
[        ]   Caching not enabled.
[        ] Caching disabled for ExternalDependencyInstrumentingArtifactTransform: /root/.gradle/caches/modules-2/files-2.1/com.android.tools.analytics-library/tracker/31.5.1/369d37e578f8468b035ae74190aee44c9c05622c/tracker-31.5.1.jar because:
[        ]   Build cache is disabled
[        ]   Caching not enabled.
[        ] Caching disabled for MergeInstrumentationAnalysisTransform: /root/.gradle/caches/8.14/transforms/f7cf9d250850e4d11f6823b4501adeca/transformed/analysis/instrumentation-hierarchy.bin because:
[        ]   Build cache is disabled
[        ]   Caching not enabled.
[        ] Caching disabled for ExternalDependencyInstrumentingArtifactTransform: /root/.gradle/caches/modules-2/files-2.1/com.android.tools.lint/lint-typedef-remover/31.5.1/644ab9b8a697ba83702c4e32eaaf95c504e1a522/lint-typedef-remover-31.5.1.jar because:
[        ]   Build cache is disabled
[        ]   Caching not enabled.
[        ] Caching disabled for ExternalDependencyInstrumentingArtifactTransform: /root/.gradle/caches/modules-2/files-2.1/com.android.tools/sdklib/31.5.1/23e84e946076bda65b05422fe98fae9fef55c856/sdklib-31.5.1.jar because:
[        ]   Build cache is disabled
[        ]   Caching not enabled.
[        ] Caching disabled for MergeInstrumentationAnalysisTransform: /root/.gradle/caches/8.14/transforms/f7cf9d250850e4d11f6823b4501adeca/transformed/analysis/instrumentation-dependencies.bin because:
[        ]   Build cache is disabled
[        ]   Caching not enabled.
[        ] Caching disabled for MergeInstrumentationAnalysisTransform: /root/.gradle/caches/8.14/transforms/d8a7c834e7be5351981d8d1e20c62338/transformed/analysis/instrumentation-hierarchy.bin because:
[        ]   Build cache is disabled
[        ]   Caching not enabled.
[        ] Caching disabled for MergeInstrumentationAnalysisTransform: /root/.gradle/caches/8.14/transforms/62013a37e3f57bc814c6674b0511db2c/transformed/analysis/instrumentation-hierarchy.bin because:
[        ]   Build cache is disabled
[        ]   Caching not enabled.
[        ] Caching disabled for MergeInstrumentationAnalysisTransform: /root/.gradle/caches/8.14/transforms/d8a7c834e7be5351981d8d1e20c62338/transformed/analysis/instrumentation-dependencies.bin because:
[        ]   Build cache is disabled
[        ]   Caching not enabled.
[        ] Caching disabled for MergeInstrumentationAnalysisTransform: /root/.gradle/caches/8.14/transforms/22842fe17482d33bd3b216bb3e841904/transformed/analysis/instrumentation-hierarchy.bin because:
[        ]   Build cache is disabled
[        ]   Caching not enabled.
[        ] Caching disabled for ExternalDependencyInstrumentingArtifactTransform: /root/.gradle/caches/modules-2/files-2.1/com.android.tools.build/aaptcompiler/8.5.1/665c2b4c5313877933d3e1ac98ff8711839cfc9/aaptcompiler-8.5.1.jar because:
[        ]   Build cache is disabled
[        ]   Caching not enabled.
[        ] Caching disabled for MergeInstrumentationAnalysisTransform: /root/.gradle/caches/modules-2/files-2.1/androidx.databinding/databinding-compiler-common/8.5.1/2e1e53399b6db5315b5b88842ca46bed750624d9/databinding-compiler-common-8.5.1.jar because:
[        ]   Build cache is disabled
[        ]   Caching not enabled.
[        ] Caching disabled for MergeInstrumentationAnalysisTransform: /root/.gradle/caches/8.14/transforms/62013a37e3f57bc814c6674b0511db2c/transformed/analysis/instrumentation-dependencies.bin because:
[        ]   Build cache is disabled
[        ]   Caching not enabled.
[        ] Caching disabled for MergeInstrumentationAnalysisTransform: /root/.gradle/caches/modules-2/files-2.1/androidx.databinding/databinding-common/8.5.1/2be3530b78477835e69dce953b17adc1dbc5c6fa/databinding-common-8.5.1.jar because:
[        ]   Build cache is disabled
[        ]   Caching not enabled.
[        ] Caching disabled for MergeInstrumentationAnalysisTransform: /root/.gradle/caches/8.14/transforms/22842fe17482d33bd3b216bb3e841904/transformed/analysis/instrumentation-dependencies.bin because:
[        ]   Build cache is disabled
[        ]   Caching not enabled.
[        ] Caching disabled for ExternalDependencyInstrumentingArtifactTransform: /root/.gradle/caches/modules-2/files-2.1/com.android.tools.ddms/ddmlib/31.5.1/cec99d30da3f854bde3d734fabca09400097e4bd/ddmlib-31.5.1.jar because:
[        ]   Build cache is disabled
[        ]   Caching not enabled.
[  +89 ms] Caching disabled for ExternalDependencyInstrumentingArtifactTransform: /root/.gradle/caches/8.14/transforms/d1a8ebb7e5223ae68ad60dec9259f5c0/transformed/merge/instrumentation-dependencies.bin because:
[        ]   Build cache is disabled
[        ]   Caching not enabled.
[        ] Caching disabled for MergeInstrumentationAnalysisTransform: /root/.gradle/caches/8.14/transforms/310b9f784685a54baa578c3ffc79abe2/transformed/analysis/instrumentation-hierarchy.bin because:
[        ]   Build cache is disabled
[        ]   Caching not enabled.
[        ] Caching disabled for MergeInstrumentationAnalysisTransform: /root/.gradle/caches/modules-2/files-2.1/com.android.databinding/baseLibrary/8.5.1/7e7399239e52d4069896277615e005add7ae8e5a/baseLibrary-8.5.1.jar because:
[        ]   Build cache is disabled
[        ]   Caching not enabled.
[        ] Caching disabled for MergeInstrumentationAnalysisTransform: /root/.gradle/caches/8.14/transforms/a2c20ebffee208db6103c79e86af769e/transformed/analysis/instrumentation-hierarchy.bin because:
[        ]   Build cache is disabled
[        ]   Caching not enabled.
[        ] Caching disabled for ExternalDependencyInstrumentingArtifactTransform: /root/.gradle/caches/8.14/transforms/6f402a52a35759a3ebb6335ecad890d4/transformed/merge/instrumentation-dependencies.bin because:
[        ]   Build cache is disabled
[        ]   Caching not enabled.
[        ] Caching disabled for ExternalDependencyInstrumentingArtifactTransform: /root/.gradle/caches/modules-2/files-2.1/com.android.tools.analytics-library/shared/31.5.1/2323a99da4a13bab06e542e196a22f7f8dc3cc40/shared-31.5.1.jar because:
[        ]   Build cache is disabled
[        ]   Caching not enabled.
[        ] Caching disabled for MergeInstrumentationAnalysisTransform: /root/.gradle/caches/modules-2/files-2.1/com.android.tools.layoutlib/layoutlib-api/31.5.1/e472af38f4703e16b8005aa62668080fe3a79324/layoutlib-api-31.5.1.jar because:
[        ]   Build cache is disabled
[        ]   Caching not enabled.
[        ] Caching disabled for MergeInstrumentationAnalysisTransform: /root/.gradle/caches/8.14/transforms/310b9f784685a54baa578c3ffc79abe2/transformed/analysis/instrumentation-dependencies.bin because:
[        ]   Build cache is disabled
[        ]   Caching not enabled.
[        ] Caching disabled for ExternalDependencyInstrumentingArtifactTransform: /root/.gradle/caches/8.14/transforms/9ceee79977d3f254935e6fbe7784275d/transformed/merge/instrumentation-dependencies.bin because:
[        ]   Build cache is disabled
[        ]   Caching not enabled.
[        ] Caching disabled for MergeInstrumentationAnalysisTransform: /root/.gradle/caches/8.14/transforms/a2c20ebffee208db6103c79e86af769e/transformed/analysis/instrumentation-dependencies.bin because:
[        ]   Build cache is disabled
[        ]   Caching not enabled.
[        ] Caching disabled for MergeInstrumentationAnalysisTransform: /root/.gradle/caches/8.14/transforms/3eb7df226f6ed378bd2fcffd2e18e314/transformed/analysis/instrumentation-hierarchy.bin because:
[        ]   Build cache is disabled
[        ]   Caching not enabled.
[        ] Caching disabled for ExternalDependencyInstrumentingArtifactTransform: /root/.gradle/caches/8.14/transforms/0ef158c5787bc3b28828af4dc06444fc/transformed/merge/instrumentation-dependencies.bin because:
[        ]   Build cache is disabled
[        ]   Caching not enabled.
[        ] Caching disabled for MergeInstrumentationAnalysisTransform: /root/.gradle/caches/modules-2/files-2.1/com.android.tools.utp/android-device-provider-gradle-proto/31.5.1/9f4923a6c0e213f00c1cc31720d1535f2d8517fe/android-device-provider-gradle-proto-31.5.1.jar because:
[        ]   Build cache is disabled
[        ]   Caching not enabled.
[        ] Caching disabled for MergeInstrumentationAnalysisTransform: /root/.gradle/caches/8.14/transforms/3eb7df226f6ed378bd2fcffd2e18e314/transformed/analysis/instrumentation-dependencies.bin because:
[        ]   Build cache is disabled
[        ]   Caching not enabled.
[        ] Caching disabled for MergeInstrumentationAnalysisTransform: /root/.gradle/caches/modules-2/files-2.1/com.android.tools.utp/android-device-provider-ddmlib-proto/31.5.1/732647a1df2d9405dbbc944ccb1a9153d7dc3e3a/android-device-provider-ddmlib-proto-31.5.1.jar because:
[        ]   Build cache is disabled
[        ]   Caching not enabled.
[        ] Caching disabled for ExternalDependencyInstrumentingArtifactTransform: /root/.gradle/caches/modules-2/files-2.1/androidx.databinding/databinding-common/8.5.1/2be3530b78477835e69dce953b17adc1dbc5c6fa/databinding-common-8.5.1.jar because:
[        ]   Build cache is disabled
[        ]   Caching not enabled.
[        ] Caching disabled for ExternalDependencyInstrumentingArtifactTransform: /root/.gradle/caches/8.14/transforms/422dd841a4cd5f35c393792eff398ab6/transformed/merge/instrumentation-dependencies.bin because:
[        ]   Build cache is disabled
[        ]   Caching not enabled.
[        ] Caching disabled for ExternalDependencyInstrumentingArtifactTransform: /root/.gradle/caches/modules-2/files-2.1/com.android.databinding/baseLibrary/8.5.1/7e7399239e52d4069896277615e005add7ae8e5a/baseLibrary-8.5.1.jar because:
[        ]   Build cache is disabled
[        ]   Caching not enabled.
[        ] Caching disabled for ExternalDependencyInstrumentingArtifactTransform: /root/.gradle/caches/8.14/transforms/d4e41343d384a2defe915d64b9548c8c/transformed/merge/instrumentation-dependencies.bin because:
[        ]   Build cache is disabled
[        ]   Caching not enabled.
[        ] Caching disabled for MergeInstrumentationAnalysisTransform: /root/.gradle/caches/8.14/transforms/f02c9ef5a6c0f0782e841c90635c6259/transformed/analysis/instrumentation-hierarchy.bin because:
[        ]   Build cache is disabled
[        ]   Caching not enabled.
[        ] Caching disabled for MergeInstrumentationAnalysisTransform: /root/.gradle/caches/modules-2/files-2.1/com.android.tools.utp/android-test-plugin-host-additional-test-output-proto/31.5.1/c02332c53d95a3e0ccd7ad9d6d97f8fec5d1a469/android-test-plugin-host-additional-test-output-proto-31.5.1.jar because:
[        ]   Build cache is disabled
[        ]   Caching not enabled.
[        ] Caching disabled for MergeInstrumentationAnalysisTransform: /root/.gradle/caches/8.14/transforms/b9c0273db0fcbd232b6cad1d85dd5667/transformed/analysis/instrumentation-hierarchy.bin because:
[        ]   Build cache is disabled
[        ]   Caching not enabled.
[        ] Caching disabled for ExternalDependencyInstrumentingArtifactTransform: /root/.gradle/caches/modules-2/files-2.1/com.android.tools.utp/android-device-provider-gradle-proto/31.5.1/9f4923a6c0e213f00c1cc31720d1535f2d8517fe/android-device-provider-gradle-proto-31.5.1.jar because:
[        ]   Build cache is disabled
[        ]   Caching not enabled.
[        ] Caching disabled for ExternalDependencyInstrumentingArtifactTransform: /root/.gradle/caches/8.14/transforms/7d006cf5e182ebba68f9c283b9fd8685/transformed/merge/instrumentation-dependencies.bin because:
[        ]   Build cache is disabled
[        ]   Caching not enabled.
[   +4 ms] Caching disabled for MergeInstrumentationAnalysisTransform: /root/.gradle/caches/8.14/transforms/b9c0273db0fcbd232b6cad1d85dd5667/transformed/analysis/instrumentation-dependencies.bin because:
[        ]   Build cache is disabled
[   +1 ms]   Caching not enabled.
[        ] Caching disabled for MergeInstrumentationAnalysisTransform: /root/.gradle/caches/8.14/transforms/a134a1edbc0a8d5605fa625174fe3faa/transformed/analysis/instrumentation-hierarchy.bin because:
[        ]   Build cache is disabled
[        ]   Caching not enabled.
[        ] Caching disabled for ExternalDependencyInstrumentingArtifactTransform: /root/.gradle/caches/modules-2/files-2.1/com.android.tools.utp/android-device-provider-ddmlib-proto/31.5.1/732647a1df2d9405dbbc944ccb1a9153d7dc3e3a/android-device-provider-ddmlib-proto-31.5.1.jar because:
[        ]   Build cache is disabled
[        ]   Caching not enabled.
[        ] Caching disabled for ExternalDependencyInstrumentingArtifactTransform: /root/.gradle/caches/modules-2/files-2.1/com.android.tools.layoutlib/layoutlib-api/31.5.1/e472af38f4703e16b8005aa62668080fe3a79324/layoutlib-api-31.5.1.jar because:
[        ]   Build cache is disabled
[        ]   Caching not enabled.
[        ] Caching disabled for MergeInstrumentationAnalysisTransform: /root/.gradle/caches/8.14/transforms/f02c9ef5a6c0f0782e841c90635c6259/transformed/analysis/instrumentation-dependencies.bin because:
[        ]   Build cache is disabled
[        ]   Caching not enabled.
[        ] Caching disabled for MergeInstrumentationAnalysisTransform: /root/.gradle/caches/modules-2/files-2.1/com.android.tools.utp/android-test-plugin-host-emulator-control-proto/31.5.1/faaddb0258a839e6ab89fe2acbe20ce29b403b43/android-test-plugin-host-emulator-control-proto-31.5.1.jar because:
[        ]   Build cache is disabled
[        ]   Caching not enabled.
[        ] Caching disabled for MergeInstrumentationAnalysisTransform: /root/.gradle/caches/8.14/transforms/a134a1edbc0a8d5605fa625174fe3faa/transformed/analysis/instrumentation-dependencies.bin because:
[        ]   Build cache is disabled
[        ]   Caching not enabled.
[        ] Caching disabled for MergeInstrumentationAnalysisTransform: /root/.gradle/caches/8.14/transforms/2d218441a89d0ab264c6dde7ef2d94ef/transformed/analysis/instrumentation-hierarchy.bin because:
[        ]   Build cache is disabled
[        ]   Caching not enabled.
[        ] Caching disabled for MergeInstrumentationAnalysisTransform: /root/.gradle/caches/8.14/transforms/82600ac85a8a23093934a72cedad263b/transformed/analysis/instrumentation-hierarchy.bin because:
[        ]   Build cache is disabled
[        ]   Caching not enabled.
[        ] Caching disabled for ExternalDependencyInstrumentingArtifactTransform: /root/.gradle/caches/8.14/transforms/38097fa0cb4cf1c0cfd19a4bd9b2101b/transformed/merge/instrumentation-dependencies.bin because:
[        ]   Build cache is disabled
[        ]   Caching not enabled.
[        ] Caching disabled for MergeInstrumentationAnalysisTransform: /root/.gradle/caches/8.14/transforms/2d218441a89d0ab264c6dde7ef2d94ef/transformed/analysis/instrumentation-dependencies.bin because:
[        ]   Build cache is disabled
[        ]   Caching not enabled.
[        ] Caching disabled for MergeInstrumentationAnalysisTransform: /root/.gradle/caches/modules-2/files-2.1/com.android.tools.utp/android-test-plugin-host-coverage-proto/31.5.1/c780344aab70a33c454ad697295e12278fed16db/android-test-plugin-host-coverage-proto-31.5.1.jar because:
[        ]   Build cache is disabled
[        ]   Caching not enabled.
[        ] Caching disabled for MergeInstrumentationAnalysisTransform: /root/.gradle/caches/modules-2/files-2.1/com.android.tools.utp/android-test-plugin-host-logcat-proto/31.5.1/d8f873c14c5c65746b97801c2c6cae506d0b3d29/android-test-plugin-host-logcat-proto-31.5.1.jar because:
[        ]   Build cache is disabled
[        ]   Caching not enabled.
[        ] Caching disabled for MergeInstrumentationAnalysisTransform: /root/.gradle/caches/8.14/transforms/82600ac85a8a23093934a72cedad263b/transformed/analysis/instrumentation-dependencies.bin because:
[        ]   Build cache is disabled
[        ]   Caching not enabled.
[        ] Caching disabled for ExternalDependencyInstrumentingArtifactTransform: /root/.gradle/caches/modules-2/files-2.1/com.android.tools.utp/android-test-plugin-host-additional-test-output-proto/31.5.1/c02332c53d95a3e0ccd7ad9d6d97f8fec5d1a469/android-test-plugin-host-additional-test-output-proto-31.5.1.jar because:
[        ]   Build cache is disabled
[        ]   Caching not enabled.
[        ] Caching disabled for ExternalDependencyInstrumentingArtifactTransform: /root/.gradle/caches/modules-2/files-2.1/com.android.tools.build/aapt2-proto/8.5.1-11315950/5a05d3311ff90fd03fa5e1f979db3be0717f6428/aapt2-proto-8.5.1-11315950.jar because:
[        ]   Build cache is disabled
[        ]   Caching not enabled.
[        ] Caching disabled for ExternalDependencyInstrumentingArtifactTransform: /root/.gradle/caches/8.14/transforms/f96382d4c6bf58dd3caad4ef184ff383/transformed/merge/instrumentation-dependencies.bin because:
[        ]   Build cache is disabled
[        ]   Caching not enabled.
[        ] Caching disabled for ExternalDependencyInstrumentingArtifactTransform: /root/.gradle/caches/modules-2/files-2.1/com.android.tools/sdk-common/31.5.1/ef25e2fe8106a2a8677068468d6c69ab88809181/sdk-common-31.5.1.jar because:
[        ]   Build cache is disabled
[        ]   Caching not enabled.
[        ] Caching disabled for ExternalDependencyInstrumentingArtifactTransform: /root/.gradle/caches/modules-2/files-2.1/com.android.tools.utp/android-test-plugin-host-emulator-control-proto/31.5.1/faaddb0258a839e6ab89fe2acbe20ce29b403b43/android-test-plugin-host-emulator-control-proto-31.5.1.jar because:
[        ]   Build cache is disabled
[        ]   Caching not enabled.
[        ] Caching disabled for MergeInstrumentationAnalysisTransform: /root/.gradle/caches/8.14/transforms/af0ae42a15bc77deb2a6fb03935395e3/transformed/analysis/instrumentation-hierarchy.bin because:
[        ]   Build cache is disabled
[        ]   Caching not enabled.
[        ] Caching disabled for MergeInstrumentationAnalysisTransform: /root/.gradle/caches/modules-2/files-2.1/com.android.tools.utp/android-test-plugin-host-apk-installer-proto/31.5.1/eab0d04ab0181f625bd2c22a800ccc12d6e555c/android-test-plugin-host-apk-installer-proto-31.5.1.jar because:
[        ]   Build cache is disabled
[        ]   Caching not enabled.
[        ] Caching disabled for MergeInstrumentationAnalysisTransform: /root/.gradle/caches/modules-2/files-2.1/com.android.tools.utp/android-test-plugin-host-retention-proto/31.5.1/8ef946d4477f3b40b3bcb7d151131483b6d77d67/android-test-plugin-host-retention-proto-31.5.1.jar because:
[        ]   Build cache is disabled
[        ]   Caching not enabled.
[        ] Caching disabled for MergeInstrumentationAnalysisTransform: /root/.gradle/caches/8.14/transforms/ab1cc7408482fb7741685328cd33a2a0/transformed/analysis/instrumentation-hierarchy.bin because:
[        ]   Build cache is disabled
[        ]   Caching not enabled.
[        ] Caching disabled for ExternalDependencyInstrumentingArtifactTransform: /root/.gradle/caches/8.14/transforms/5664e7625f9a55c50ab88b50af0b422f/transformed/merge/instrumentation-dependencies.bin because:
[        ]   Build cache is disabled
[        ]   Caching not enabled.
[        ] Caching disabled for MergeInstrumentationAnalysisTransform: /root/.gradle/caches/8.14/transforms/4cf0d933cf3b198560e4e2daaf0e437f/transformed/analysis/instrumentation-hierarchy.bin because:
[        ]   Build cache is disabled
[        ]   Caching not enabled.
[        ] Caching disabled for ExternalDependencyInstrumentingArtifactTransform: /root/.gradle/caches/8.14/transforms/67a6a5c6ad6de7881d316c92300fd8a0/transformed/merge/instrumentation-dependencies.bin because:
[        ]   Build cache is disabled
[        ]   Caching not enabled.
[        ] Caching disabled for MergeInstrumentationAnalysisTransform: /root/.gradle/caches/8.14/transforms/862b980a5de0f962a19495be41fe01d4/transformed/analysis/instrumentation-hierarchy.bin because:
[        ]   Build cache is disabled
[        ]   Caching not enabled.
[        ] Caching disabled for MergeInstrumentationAnalysisTransform: /root/.gradle/caches/8.14/transforms/ab1cc7408482fb7741685328cd33a2a0/transformed/analysis/instrumentation-dependencies.bin because:
[        ]   Build cache is disabled
[        ]   Caching not enabled.
[        ] Caching disabled for MergeInstrumentationAnalysisTransform: /root/.gradle/caches/8.14/transforms/4cf0d933cf3b198560e4e2daaf0e437f/transformed/analysis/instrumentation-dependencies.bin because:
[        ]   Build cache is disabled
[        ]   Caching not enabled.
[        ] Caching disabled for MergeInstrumentationAnalysisTransform: /root/.gradle/caches/8.14/transforms/af0ae42a15bc77deb2a6fb03935395e3/transformed/analysis/instrumentation-dependencies.bin because:
[        ]   Build cache is disabled
[        ]   Caching not enabled.
[        ] Caching disabled for ExternalDependencyInstrumentingArtifactTransform: /root/.gradle/caches/8.14/transforms/9c00ca4b2235ffb301412531a3551cdb/transformed/merge/instrumentation-dependencies.bin because:
[        ]   Build cache is disabled
[        ]   Caching not enabled.
[        ] Caching disabled for MergeInstrumentationAnalysisTransform: /root/.gradle/caches/8.14/transforms/862b980a5de0f962a19495be41fe01d4/transformed/analysis/instrumentation-dependencies.bin because:
[        ]   Build cache is disabled
[        ]   Caching not enabled.
[        ] Caching disabled for ExternalDependencyInstrumentingArtifactTransform: /root/.gradle/caches/modules-2/files-2.1/com.android.tools.utp/android-test-plugin-host-coverage-proto/31.5.1/c780344aab70a33c454ad697295e12278fed16db/android-test-plugin-host-coverage-proto-31.5.1.jar because:
[        ]   Build cache is disabled
[        ]   Caching not enabled.
[        ] Caching disabled for MergeInstrumentationAnalysisTransform: /root/.gradle/caches/modules-2/files-2.1/com.android.tools.build/builder-model/8.5.1/cc99e64447f10c67bb62566f96ed716c15a9198/builder-model-8.5.1.jar because:
[        ]   Build cache is disabled
[        ]   Caching not enabled.
[        ] Caching disabled for ExternalDependencyInstrumentingArtifactTransform: /root/.gradle/caches/modules-2/files-2.1/com.android.tools.utp/android-test-plugin-host-logcat-proto/31.5.1/d8f873c14c5c65746b97801c2c6cae506d0b3d29/android-test-plugin-host-logcat-proto-31.5.1.jar because:
[        ]   Build cache is disabled
[        ]   Caching not enabled.
[        ] Caching disabled for MergeInstrumentationAnalysisTransform: /root/.gradle/caches/modules-2/files-2.1/com.android.tools.utp/android-test-plugin-result-listener-gradle-proto/31.5.1/f51d5e35aa252438265500d79fc2d314b7555b94/android-test-plugin-result-listener-gradle-proto-31.5.1.jar because:
[        ]   Build cache is disabled
[        ]   Caching not enabled.
[        ] Caching disabled for MergeInstrumentationAnalysisTransform: /root/.gradle/caches/modules-2/files-2.1/com.android.tools/dvlib/31.5.1/8c475e80a82e3c293d792ea9a22847c43904c2fc/dvlib-31.5.1.jar because:
[        ]   Build cache is disabled
[        ]   Caching not enabled.
[        ] Caching disabled for MergeInstrumentationAnalysisTransform: /root/.gradle/caches/8.14/transforms/8fc5c3035a16d1db96c9d750b4008169/transformed/analysis/instrumentation-hierarchy.bin because:
[        ]   Build cache is disabled
[        ]   Caching not enabled.
[        ] Caching disabled for ExternalDependencyInstrumentingArtifactTransform: /root/.gradle/caches/modules-2/files-2.1/com.android.tools.utp/android-test-plugin-host-apk-installer-proto/31.5.1/eab0d04ab0181f625bd2c22a800ccc12d6e555c/android-test-plugin-host-apk-installer-proto-31.5.1.jar because:
[        ]   Build cache is disabled
[        ]   Caching not enabled.
[        ] Caching disabled for ExternalDependencyInstrumentingArtifactTransform: /root/.gradle/caches/8.14/transforms/3f27789c0ce8eab1203210eb6c793775/transformed/merge/instrumentation-dependencies.bin because:
[        ]   Build cache is disabled
[        ]   Caching not enabled.
[        ] Caching disabled for ExternalDependencyInstrumentingArtifactTransform: /root/.gradle/caches/8.14/transforms/33cceda31055141047ec679c09b1d0b8/transformed/merge/instrumentation-dependencies.bin because:
[        ]   Build cache is disabled
[        ]   Caching not enabled.
[        ] Caching disabled for MergeInstrumentationAnalysisTransform: /root/.gradle/caches/8.14/transforms/45f515a74421b5d14c88fcb72eeba950/transformed/analysis/instrumentation-hierarchy.bin because:
[        ]   Build cache is disabled
[        ]   Caching not enabled.
[        ] Caching disabled for ExternalDependencyInstrumentingArtifactTransform: /root/.gradle/caches/8.14/transforms/fc14f90ad06b3b8f497e968fc03ed726/transformed/merge/instrumentation-dependencies.bin because:
[        ]   Build cache is disabled
[        ]   Caching not enabled.
[        ] Caching disabled for MergeInstrumentationAnalysisTransform: /root/.gradle/caches/8.14/transforms/8fc5c3035a16d1db96c9d750b4008169/transformed/analysis/instrumentation-dependencies.bin because:
[        ]   Build cache is disabled
[        ]   Caching not enabled.
[        ] Caching disabled for MergeInstrumentationAnalysisTransform: /root/.gradle/caches/8.14/transforms/038f575baea171ba89eeecdce7d0cb1e/transformed/analysis/instrumentation-hierarchy.bin because:
[        ]   Build cache is disabled
[        ]   Caching not enabled.
[        ] Caching disabled for MergeInstrumentationAnalysisTransform: /root/.gradle/caches/modules-2/files-2.1/com.android.tools/common/31.5.1/f95a9e01f047fc442aa1b9f1e741d1531c962280/common-31.5.1.jar because:
[        ]   Build cache is disabled
[        ]   Caching not enabled.
[        ] Caching disabled for ExternalDependencyInstrumentingArtifactTransform: /root/.gradle/caches/modules-2/files-2.1/com.android.tools.utp/android-test-plugin-host-retention-proto/31.5.1/8ef946d4477f3b40b3bcb7d151131483b6d77d67/android-test-plugin-host-retention-proto-31.5.1.jar because:
[        ]   Build cache is disabled
[        ]   Caching not enabled.
[        ] Caching disabled for MergeInstrumentationAnalysisTransform: /root/.gradle/caches/8.14/transforms/038f575baea171ba89eeecdce7d0cb1e/transformed/analysis/instrumentation-dependencies.bin because:
[        ]   Build cache is disabled
[        ]   Caching not enabled.
[        ] Caching disabled for MergeInstrumentationAnalysisTransform: /root/.gradle/caches/8.14/transforms/45f515a74421b5d14c88fcb72eeba950/transformed/analysis/instrumentation-dependencies.bin because:
[        ]   Build cache is disabled
[        ]   Caching not enabled.
[        ] Caching disabled for MergeInstrumentationAnalysisTransform: /root/.gradle/caches/modules-2/files-2.1/com.android.tools.build.jetifier/jetifier-processor/1.0.0-beta10/946c39eb0c052ff4f60a8939648a8b99af20d604/jetifier-processor-1.0.0-beta10.jar because:
[        ]   Build cache is disabled
[        ]   Caching not enabled.
[        ] Caching disabled for MergeInstrumentationAnalysisTransform: /root/.gradle/caches/8.14/transforms/680fc8c3b268f8c8277c9b3b135ba895/transformed/analysis/instrumentation-hierarchy.bin because:
[        ]   Build cache is disabled
[        ]   Caching not enabled.
[        ] Caching disabled for ExternalDependencyInstrumentingArtifactTransform: /root/.gradle/caches/8.14/transforms/61d8e5a948a28b9a47d17c41aacd2dda/transformed/merge/instrumentation-dependencies.bin because:
[        ]   Build cache is disabled
[        ]   Caching not enabled.
[        ] Caching disabled for ExternalDependencyInstrumentingArtifactTransform: /root/.gradle/caches/modules-2/files-2.1/com.android.tools/dvlib/31.5.1/8c475e80a82e3c293d792ea9a22847c43904c2fc/dvlib-31.5.1.jar because:
[        ]   Build cache is disabled
[        ]   Caching not enabled.
[        ] Caching disabled for MergeInstrumentationAnalysisTransform: /root/.gradle/caches/8.14/transforms/9c310f7b2385c233f772aed9ab7f8178/transformed/analysis/instrumentation-hierarchy.bin because:
[        ]   Build cache is disabled
[        ]   Caching not enabled.
[        ] Caching disabled for ExternalDependencyInstrumentingArtifactTransform: /root/.gradle/caches/modules-2/files-2.1/com.android.tools.build/builder-model/8.5.1/cc99e64447f10c67bb62566f96ed716c15a9198/builder-model-8.5.1.jar because:
[        ]   Build cache is disabled
[        ]   Caching not enabled.
[        ] Caching disabled for ExternalDependencyInstrumentingArtifactTransform: /root/.gradle/caches/modules-2/files-2.1/androidx.databinding/databinding-compiler-common/8.5.1/2e1e53399b6db5315b5b88842ca46bed750624d9/databinding-compiler-common-8.5.1.jar because:
[        ]   Build cache is disabled
[        ]   Caching not enabled.
[        ] Caching disabled for MergeInstrumentationAnalysisTransform: /root/.gradle/caches/8.14/transforms/680fc8c3b268f8c8277c9b3b135ba895/transformed/analysis/instrumentation-dependencies.bin because:
[        ]   Build cache is disabled
[        ]   Caching not enabled.
[        ] Caching disabled for MergeInstrumentationAnalysisTransform: /root/.gradle/caches/8.14/transforms/6795bf1583fe459cf3a06be0bada5ce3/transformed/analysis/instrumentation-dependencies.bin because:
[        ]   Build cache is disabled
[        ]   Caching not enabled.
[        ] Caching disabled for MergeInstrumentationAnalysisTransform: /root/.gradle/caches/8.14/transforms/9c310f7b2385c233f772aed9ab7f8178/transformed/analysis/instrumentation-dependencies.bin because:
[        ]   Build cache is disabled
[        ]   Caching not enabled.
[        ] Caching disabled for MergeInstrumentationAnalysisTransform: /root/.gradle/caches/modules-2/files-2.1/com.android.tools.build.jetifier/jetifier-core/1.0.0-beta10/6e621022a9c95af12a7004d6b55805bbd1126837/jetifier-core-1.0.0-beta10.jar because:
[        ]   Build cache is disabled
[        ]   Caching not enabled.
[        ] Caching disabled for MergeInstrumentationAnalysisTransform: /root/.gradle/caches/8.14/transforms/6128a36d6c5d81f189d6adbffa731ac0/transformed/analysis/instrumentation-dependencies.bin because:
[        ]   Build cache is disabled
[        ]   Caching not enabled.
[  +62 ms] Caching disabled for MergeInstrumentationAnalysisTransform: /root/.gradle/caches/8.14/transforms/8371811cf358d3aa8e15dfc29a0fb8e7/transformed/analysis/instrumentation-hierarchy.bin because:
[        ]   Build cache is disabled
[        ]   Caching not enabled.
[        ] Caching disabled for MergeInstrumentationAnalysisTransform: /root/.gradle/caches/8.14/transforms/f659d362b93ad972651d1bdd2a9b7a9b/transformed/analysis/instrumentation-hierarchy.bin because:
[        ]   Build cache is disabled
[        ]   Caching not enabled.
[        ] Caching disabled for ExternalDependencyInstrumentingArtifactTransform: /root/.gradle/caches/modules-2/files-2.1/com.android.tools.utp/android-test-plugin-result-listener-gradle-proto/31.5.1/f51d5e35aa252438265500d79fc2d314b7555b94/android-test-plugin-result-listener-gradle-proto-31.5.1.jar because:
[        ]   Build cache is disabled
[        ]   Caching not enabled.
[        ] Caching disabled for MergeInstrumentationAnalysisTransform: /root/.gradle/caches/modules-2/files-2.1/org.jetbrains.kotlin/kotlin-reflect/1.9.20/34eeb4eed5f493cdbb760ef50a5653ec414006bf/kotlin-reflect-1.9.20.jar because:
[        ]   Build cache is disabled
[        ]   Caching not enabled.
[        ] Caching disabled for MergeInstrumentationAnalysisTransform: /root/.gradle/caches/modules-2/files-2.1/org.jetbrains.kotlin/kotlin-stdlib-jdk7/1.9.20/8b4b73f4e08efaae93fc01d8c6eaab58a72d2ab3/kotlin-stdlib-jdk7-1.9.20.jar because:
[        ]   Build cache is disabled
[        ]   Caching not enabled.
[        ] Caching disabled for MergeInstrumentationAnalysisTransform: /root/.gradle/caches/modules-2/files-2.1/org.jetbrains.kotlin/kotlin-stdlib-jdk8/1.9.20/e2b4d1f475ae0606d063a84fce4dccdb45c7e12a/kotlin-stdlib-jdk8-1.9.20.jar because:
[        ]   Build cache is disabled
[        ]   Caching not enabled.
[   +2 ms] Caching disabled for MergeInstrumentationAnalysisTransform: /root/.gradle/caches/modules-2/files-2.1/com.android.tools.build/transform-api/2.0.0-deprecated-use-gradle-api/47f6c56527c42425742fa9b56ffd3fd80763fe03/transform-api-2.0.0-deprecated-use-gradle-api.jar because:
[        ]   Build cache is disabled
[        ]   Caching not enabled.
[        ] Caching disabled for MergeInstrumentationAnalysisTransform: /root/.gradle/caches/8.14/transforms/8371811cf358d3aa8e15dfc29a0fb8e7/transformed/analysis/instrumentation-dependencies.bin because:
[        ]   Build cache is disabled
[        ]   Caching not enabled.
[        ] Caching disabled for MergeInstrumentationAnalysisTransform: /root/.gradle/caches/8.14/transforms/f659d362b93ad972651d1bdd2a9b7a9b/transformed/analysis/instrumentation-dependencies.bin because:
[        ]   Build cache is disabled
[   +1 ms]   Caching not enabled.
[        ] Caching disabled for ExternalDependencyInstrumentingArtifactTransform: /root/.gradle/caches/8.14/transforms/e743eaff1e00a2c24a3c358a6bb6d292/transformed/merge/instrumentation-dependencies.bin because:
[        ]   Build cache is disabled
[        ]   Caching not enabled.
[        ] Caching disabled for MergeInstrumentationAnalysisTransform: /root/.gradle/caches/modules-2/files-2.1/org.jetbrains.kotlin/kotlin-stdlib/1.9.20/e58b4816ac517e9cc5df1db051120c63d4cde669/kotlin-stdlib-1.9.20.jar because:
[        ]   Build cache is disabled
[        ]   Caching not enabled.
[        ] Caching disabled for MergeInstrumentationAnalysisTransform: /root/.gradle/caches/8.14/transforms/ae58123eb45910051c0e5fa618a9082e/transformed/analysis/instrumentation-hierarchy.bin because:
[        ]   Build cache is disabled
[        ]   Caching not enabled.
[        ] Caching disabled for ExternalDependencyInstrumentingArtifactTransform: /root/.gradle/caches/8.14/transforms/f30080f5b50d3bf923927fbaa6dba68b/transformed/merge/instrumentation-dependencies.bin because:
[        ]   Build cache is disabled
[        ]   Caching not enabled.
[        ] Caching disabled for ExternalDependencyInstrumentingArtifactTransform: /root/.gradle/caches/8.14/transforms/859030a23ed3661810f259f79c7c3bd7/transformed/merge/instrumentation-dependencies.bin because:
[        ]   Build cache is disabled
[        ]   Caching not enabled.
[        ] Caching disabled for MergeInstrumentationAnalysisTransform: /root/.gradle/caches/8.14/transforms/bfb0a060fa29202905ad9bf2badd9ea6/transformed/analysis/instrumentation-hierarchy.bin because:
[        ]   Build cache is disabled
[        ]   Caching not enabled.
[        ] Caching disabled for MergeInstrumentationAnalysisTransform: /root/.gradle/caches/8.14/transforms/ae58123eb45910051c0e5fa618a9082e/transformed/analysis/instrumentation-dependencies.bin because:
[        ]   Build cache is disabled
[        ]   Caching not enabled.
[        ] Caching disabled for MergeInstrumentationAnalysisTransform: /root/.gradle/caches/modules-2/files-2.1/org.apache.httpcomponents/httpmime/4.5.6/164343da11db817e81e24e0d9869527e069850c9/httpmime-4.5.6.jar because:
[        ]   Build cache is disabled
[        ]   Caching not enabled.
[        ] Caching disabled for ExternalDependencyInstrumentingArtifactTransform: /root/.gradle/caches/8.14/transforms/5fd38f0f623125f52eb94604dea07a00/transformed/merge/instrumentation-dependencies.bin because:
[        ]   Build cache is disabled
[        ]   Caching not enabled.
[        ] Caching disabled for MergeInstrumentationAnalysisTransform: /root/.gradle/caches/8.14/transforms/bfb0a060fa29202905ad9bf2badd9ea6/transformed/analysis/instrumentation-dependencies.bin because:
[        ]   Build cache is disabled
[        ]   Caching not enabled.
[        ] Caching disabled for ExternalDependencyInstrumentingArtifactTransform: /root/.gradle/caches/modules-2/files-2.1/org.jetbrains.kotlin/kotlin-stdlib-jdk7/1.9.20/8b4b73f4e08efaae93fc01d8c6eaab58a72d2ab3/kotlin-stdlib-jdk7-1.9.20.jar because:
[        ]   Build cache is disabled
[   +1 ms]   Caching not enabled.
[        ] Caching disabled for ExternalDependencyInstrumentingArtifactTransform: /root/.gradle/caches/modules-2/files-2.1/org.jetbrains.kotlin/kotlin-stdlib-jdk8/1.9.20/e2b4d1f475ae0606d063a84fce4dccdb45c7e12a/kotlin-stdlib-jdk8-1.9.20.jar because:
[        ]   Build cache is disabled
[        ]   Caching not enabled.
[        ] Caching disabled for MergeInstrumentationAnalysisTransform: /root/.gradle/caches/8.14/transforms/528c51ad191b1a2901f4557d0bbfe163/transformed/analysis/instrumentation-hierarchy.bin because:
[        ]   Build cache is disabled
[        ]   Caching not enabled.
[        ] Caching disabled for MergeInstrumentationAnalysisTransform: /root/.gradle/caches/modules-2/files-2.1/org.ow2.asm/asm-commons/9.6/f1a9e5508eff490744144565c47326c8648be309/asm-commons-9.6.jar because:
[        ]   Build cache is disabled
[        ]   Caching not enabled.
[        ] Caching disabled for MergeInstrumentationAnalysisTransform: /root/.gradle/caches/8.14/transforms/7c26bb1bf31eb496c2767915a12b58e8/transformed/analysis/instrumentation-hierarchy.bin because:
[        ]   Build cache is disabled
[        ]   Caching not enabled.
[        ] Caching disabled for MergeInstrumentationAnalysisTransform: /root/.gradle/caches/8.14/transforms/528c51ad191b1a2901f4557d0bbfe163/transformed/analysis/instrumentation-dependencies.bin because:
[        ]   Build cache is disabled
[        ]   Caching not enabled.
[        ] Caching disabled for MergeInstrumentationAnalysisTransform: /root/.gradle/caches/8.14/transforms/d5668f596b5205d8f1336ddd2e330e2b/transformed/analysis/instrumentation-hierarchy.bin because:
[        ]   Build cache is disabled
[        ]   Caching not enabled.
[        ] Caching disabled for MergeInstrumentationAnalysisTransform: /root/.gradle/caches/modules-2/files-2.1/org.ow2.asm/asm-util/9.6/f77caf84eb93786a749b2baa40865b9613e3eaee/asm-util-9.6.jar because:
[        ]   Build cache is disabled
[        ]   Caching not enabled.
[        ] Caching disabled for MergeInstrumentationAnalysisTransform: /root/.gradle/caches/modules-2/files-2.1/commons-io/commons-io/2.13.0/8bb2bc9b4df17e2411533a0708a69f983bf5e83b/commons-io-2.13.0.jar because:
[        ]   Build cache is disabled
[        ]   Caching not enabled.
[        ] Caching disabled for MergeInstrumentationAnalysisTransform: /root/.gradle/caches/8.14/transforms/7c26bb1bf31eb496c2767915a12b58e8/transformed/analysis/instrumentation-dependencies.bin because:
[        ]   Build cache is disabled
[        ]   Caching not enabled.
[        ] Caching disabled for MergeInstrumentationAnalysisTransform: /root/.gradle/caches/8.14/transforms/d5668f596b5205d8f1336ddd2e330e2b/transformed/analysis/instrumentation-dependencies.bin because:
[        ]   Build cache is disabled
[        ]   Caching not enabled.
[        ] Caching disabled for ExternalDependencyInstrumentingArtifactTransform: /root/.gradle/caches/8.14/transforms/16434572dab0d47f663537db1638ff08/transformed/merge/instrumentation-dependencies.bin because:
[        ]   Build cache is disabled
[        ]   Caching not enabled.
[        ] Caching disabled for ExternalDependencyInstrumentingArtifactTransform: /root/.gradle/caches/8.14/transforms/7887f4137c23d7f4172500f8ca2e4821/transformed/merge/instrumentation-dependencies.bin because:
[        ]   Build cache is disabled
[        ]   Caching not enabled.
[        ] Caching disabled for ExternalDependencyInstrumentingArtifactTransform: /root/.gradle/caches/8.14/transforms/e9236e2ea8dd3e309298431c77277f4f/transformed/merge/instrumentation-dependencies.bin because:
[        ]   Build cache is disabled
[        ]   Caching not enabled.
[        ] Caching disabled for MergeInstrumentationAnalysisTransform: /root/.gradle/caches/modules-2/files-2.1/org.ow2.asm/asm-tree/9.6/c0cdda9d211e965d2a4448aa3fd86110f2f8c2de/asm-tree-9.6.jar because:
[        ]   Build cache is disabled
[        ]   Caching not enabled.
[        ] Caching disabled for MergeInstrumentationAnalysisTransform: /root/.gradle/caches/modules-2/files-2.1/org.ow2.asm/asm-analysis/9.6/9ce6c7b174bd997fc2552dff47964546bd7a5ec3/asm-analysis-9.6.jar because:
[        ]   Build cache is disabled
[        ]   Caching not enabled.
[        ] Caching disabled for MergeInstrumentationAnalysisTransform: /root/.gradle/caches/modules-2/files-2.1/org.ow2.asm/asm/9.6/aa205cf0a06dbd8e04ece91c0b37c3f5d567546a/asm-9.6.jar because:
[        ]   Build cache is disabled
[        ]   Caching not enabled.
[        ] Caching disabled for ExternalDependencyInstrumentingArtifactTransform: /root/.gradle/caches/8.14/transforms/dd101eee3d9bd78a9eba36358b5815c9/transformed/merge/instrumentation-dependencies.bin because:
[        ]   Build cache is disabled
[        ]   Caching not enabled.
[        ] Caching disabled for ExternalDependencyInstrumentingArtifactTransform: /root/.gradle/caches/8.14/transforms/a559b85328f228674dbf4792e24bbf98/transformed/merge/instrumentation-dependencies.bin because:
[        ]   Build cache is disabled
[        ]   Caching not enabled.
[        ] Caching disabled for ExternalDependencyInstrumentingArtifactTransform: /root/.gradle/caches/8.14/transforms/e332680dea990a06a44b1088056dc4b9/transformed/merge/instrumentation-dependencies.bin because:
[        ]   Build cache is disabled
[        ]   Caching not enabled.
[        ] Caching disabled for ExternalDependencyInstrumentingArtifactTransform: /root/.gradle/caches/modules-2/files-2.1/org.ow2.asm/asm-util/9.6/f77caf84eb93786a749b2baa40865b9613e3eaee/asm-util-9.6.jar because:
[        ]   Build cache is disabled
[        ]   Caching not enabled.
[        ] Caching disabled for MergeInstrumentationAnalysisTransform: /root/.gradle/caches/8.14/transforms/2d681d9a7e8222036c32ba235e18404d/transformed/analysis/instrumentation-hierarchy.bin because:
[        ]   Build cache is disabled
[   +2 ms]   Caching not enabled.
[   +1 ms] Caching disabled for ExternalDependencyInstrumentingArtifactTransform: /root/.gradle/caches/modules-2/files-2.1/org.ow2.asm/asm-commons/9.6/f1a9e5508eff490744144565c47326c8648be309/asm-commons-9.6.jar because:
[        ]   Build cache is disabled
[        ]   Caching not enabled.
[        ] Caching disabled for ExternalDependencyInstrumentingArtifactTransform: /root/.gradle/caches/modules-2/files-2.1/com.android.tools/common/31.5.1/f95a9e01f047fc442aa1b9f1e741d1531c962280/common-31.5.1.jar because:
[        ]   Build cache is disabled
[        ]   Caching not enabled.
[        ] Caching disabled for MergeInstrumentationAnalysisTransform: /root/.gradle/caches/8.14/transforms/ede774ef94ed2f02896cf61d098f21b4/transformed/analysis/instrumentation-hierarchy.bin because:
[        ]   Build cache is disabled
[        ]   Caching not enabled.
[        ] Caching disabled for ExternalDependencyInstrumentingArtifactTransform: /root/.gradle/caches/modules-2/files-2.1/org.ow2.asm/asm-tree/9.6/c0cdda9d211e965d2a4448aa3fd86110f2f8c2de/asm-tree-9.6.jar because:
[        ]   Build cache is disabled
[        ]   Caching not enabled.
[        ] Caching disabled for MergeInstrumentationAnalysisTransform: /root/.gradle/caches/8.14/transforms/2d681d9a7e8222036c32ba235e18404d/transformed/analysis/instrumentation-dependencies.bin because:
[        ]   Build cache is disabled
[        ]   Caching not enabled.
[        ] Caching disabled for MergeInstrumentationAnalysisTransform: /root/.gradle/caches/8.14/transforms/ede774ef94ed2f02896cf61d098f21b4/transformed/analysis/instrumentation-dependencies.bin because:
[        ]   Build cache is disabled
[        ]   Caching not enabled.
[        ] Caching disabled for MergeInstrumentationAnalysisTransform: /root/.gradle/caches/8.14/transforms/7d0b495da3e94b9513f7899aa4fc052a/transformed/analysis/instrumentation-hierarchy.bin because:
[   +3 ms]   Build cache is disabled
[        ]   Caching not enabled.
[        ] Caching disabled for MergeInstrumentationAnalysisTransform: /root/.gradle/caches/modules-2/files-2.1/com.android.tools.build/apkzlib/8.5.1/d656b52facbb301b8bdc1e40a5ae008bcf335fe9/apkzlib-8.5.1.jar because:
[        ]   Build cache is disabled
[        ]   Caching not enabled.
[        ] Caching disabled for ExternalDependencyInstrumentingArtifactTransform: /root/.gradle/caches/modules-2/files-2.1/org.ow2.asm/asm-analysis/9.6/9ce6c7b174bd997fc2552dff47964546bd7a5ec3/asm-analysis-9.6.jar because:
[        ]   Build cache is disabled
[        ]   Caching not enabled.
[        ] Caching disabled for MergeInstrumentationAnalysisTransform: /root/.gradle/caches/8.14/transforms/38718154af92971d236fd5af51511df9/transformed/analysis/instrumentation-hierarchy.bin because:
[        ]   Build cache is disabled
[        ]   Caching not enabled.
[        ] Caching disabled for ExternalDependencyInstrumentingArtifactTransform: /root/.gradle/caches/modules-2/files-2.1/org.ow2.asm/asm/9.6/aa205cf0a06dbd8e04ece91c0b37c3f5d567546a/asm-9.6.jar because:
[        ]   Build cache is disabled
[        ]   Caching not enabled.
[        ] Caching disabled for MergeInstrumentationAnalysisTransform: /root/.gradle/caches/8.14/transforms/7d0b495da3e94b9513f7899aa4fc052a/transformed/analysis/instrumentation-dependencies.bin because:
[        ]   Build cache is disabled
[        ]   Caching not enabled.
[        ] Caching disabled for ExternalDependencyInstrumentingArtifactTransform: /root/.gradle/caches/8.14/transforms/23b87bbb774961705e48d7db050dfd78/transformed/merge/instrumentation-dependencies.bin because:
[        ]   Build cache is disabled
[        ]   Caching not enabled.
[        ] Caching disabled for MergeInstrumentationAnalysisTransform: /root/.gradle/caches/8.14/transforms/214e8f2365bd43e4a8ccb1573a478784/transformed/analysis/instrumentation-hierarchy.bin because:
[        ]   Build cache is disabled
[        ]   Caching not enabled.
[        ] Caching disabled for MergeInstrumentationAnalysisTransform: /root/.gradle/caches/8.14/transforms/38718154af92971d236fd5af51511df9/transformed/analysis/instrumentation-dependencies.bin because:
[        ]   Build cache is disabled
[        ]   Caching not enabled.
[        ] Caching disabled for MergeInstrumentationAnalysisTransform: /root/.gradle/caches/8.14/transforms/214e8f2365bd43e4a8ccb1573a478784/transformed/analysis/instrumentation-dependencies.bin because:
[        ]   Build cache is disabled
[        ]   Caching not enabled.
[        ] Caching disabled for MergeInstrumentationAnalysisTransform: /root/.gradle/caches/8.14/transforms/01dcb191904ca6eecf15310e0a29551d/transformed/analysis/instrumentation-hierarchy.bin because:
[        ]   Build cache is disabled
[        ]   Caching not enabled.
[        ] Caching disabled for MergeInstrumentationAnalysisTransform: /root/.gradle/caches/modules-2/files-2.1/org.bouncycastle/bcpkix-jdk18on/1.77/ed953791ba0229747dd0fd9911e3d76a462acfd3/bcpkix-jdk18on-1.77.jar because:
[        ]   Build cache is disabled
[        ]   Caching not enabled.
[        ] Caching disabled for MergeInstrumentationAnalysisTransform: /root/.gradle/caches/modules-2/files-2.1/net.sf.jopt-simple/jopt-simple/4.9/ee9e9eaa0a35360dcfeac129ff4923215fd65904/jopt-simple-4.9.jar because:
[        ]   Build cache is disabled
[        ]   Caching not enabled.
[        ] Caching disabled for MergeInstrumentationAnalysisTransform: /root/.gradle/caches/modules-2/files-2.1/org.glassfish.jaxb/jaxb-runtime/2.3.2/5528bc882ea499a09d720b42af11785c4fc6be2a/jaxb-runtime-2.3.2.jar because:
[        ]   Build cache is disabled
[        ]   Caching not enabled.
[        ] Caching disabled for MergeInstrumentationAnalysisTransform: /root/.gradle/caches/modules-2/files-2.1/com.squareup/javapoet/1.10.0/712c178d35185d8261295913c9f2a7d6867a6007/javapoet-1.10.0.jar because:
[        ]   Build cache is disabled
[        ]   Caching not enabled.
[        ] Caching disabled for MergeInstrumentationAnalysisTransform: /root/.gradle/caches/8.14/transforms/aa2582d1b1ce1010e7b54862c455938b/transformed/analysis/instrumentation-hierarchy.bin because:
[        ]   Build cache is disabled
[        ]   Caching not enabled.
[        ] Caching disabled for MergeInstrumentationAnalysisTransform: /root/.gradle/caches/8.14/transforms/8f3c72fc33a299bf4168ea60a7d6dcbd/transformed/analysis/instrumentation-hierarchy.bin because:
[        ]   Build cache is disabled
[        ]   Caching not enabled.
[        ] Caching disabled for ExternalDependencyInstrumentingArtifactTransform: /root/.gradle/caches/8.14/transforms/ee9c217fb68e5665f063c4e985ecced3/transformed/merge/instrumentation-dependencies.bin because:
[        ]   Build cache is disabled
[        ]   Caching not enabled.
[        ] Caching disabled for MergeInstrumentationAnalysisTransform: /root/.gradle/caches/8.14/transforms/01dcb191904ca6eecf15310e0a29551d/transformed/analysis/instrumentation-dependencies.bin because:
[        ]   Build cache is disabled
[        ]   Caching not enabled.
[        ] Caching disabled for MergeInstrumentationAnalysisTransform: /root/.gradle/caches/8.14/transforms/9fcc6c8c77a9d1ffbe37f6ca4e2ad7e7/transformed/analysis/instrumentation-hierarchy.bin because:
[        ]   Build cache is disabled
[        ]   Caching not enabled.
[        ] Caching disabled for MergeInstrumentationAnalysisTransform: /root/.gradle/caches/8.14/transforms/aa2582d1b1ce1010e7b54862c455938b/transformed/analysis/instrumentation-dependencies.bin because:
[        ]   Build cache is disabled
[        ]   Caching not enabled.
[        ] Caching disabled for MergeInstrumentationAnalysisTransform: /root/.gradle/caches/8.14/transforms/8f3c72fc33a299bf4168ea60a7d6dcbd/transformed/analysis/instrumentation-dependencies.bin because:
[        ]   Build cache is disabled
[        ]   Caching not enabled.
[        ] Caching disabled for MergeInstrumentationAnalysisTransform: /root/.gradle/caches/8.14/transforms/9fcc6c8c77a9d1ffbe37f6ca4e2ad7e7/transformed/analysis/instrumentation-dependencies.bin because:
[        ]   Build cache is disabled
[        ]   Caching not enabled.
[        ] Caching disabled for MergeInstrumentationAnalysisTransform: /root/.gradle/caches/modules-2/files-2.1/com.google.protobuf/protobuf-java-util/3.22.3/749cd4fe8ab52f37bc186193802ba19f5b284647/protobuf-java-util-3.22.3.jar because:
[        ]   Build cache is disabled
[        ]   Caching not enabled.
[        ] Caching disabled for MergeInstrumentationAnalysisTransform: /root/.gradle/caches/modules-2/files-2.1/io.grpc/grpc-protobuf/1.57.0/49986e40de6cbd14ba26247639b18ab0bac921c1/grpc-protobuf-1.57.0.jar because:
[        ]   Build cache is disabled
[        ]   Caching not enabled.
[        ] Caching disabled for ExternalDependencyInstrumentingArtifactTransform: /root/.gradle/caches/8.14/transforms/15a9230d382a94ddcd699118b91d9c0d/transformed/merge/instrumentation-dependencies.bin because:
[        ]   Build cache is disabled
[        ]   Caching not enabled.
[        ] Caching disabled for MergeInstrumentationAnalysisTransform: /root/.gradle/caches/modules-2/files-2.1/com.google.crypto.tink/tink/1.7.0/668b57f109d32349b2870448f06ae6f202713edc/tink-1.7.0.jar because:
[        ]   Build cache is disabled
[        ]   Caching not enabled.
[        ] Caching disabled for ExternalDependencyInstrumentingArtifactTransform: /root/.gradle/caches/8.14/transforms/b69e9700295c11182497ce695b38332d/transformed/merge/instrumentation-dependencies.bin because:
[        ]   Build cache is disabled
[        ]   Caching not enabled.
[        ] Caching disabled for MergeInstrumentationAnalysisTransform: /root/.gradle/caches/8.14/transforms/bfaca779ac5e56361a91946c53f4cd63/transformed/analysis/instrumentation-hierarchy.bin because:
[        ]   Build cache is disabled
[        ]   Caching not enabled.
[        ] Caching disabled for ExternalDependencyInstrumentingArtifactTransform: /root/.gradle/caches/modules-2/files-2.1/commons-io/commons-io/2.13.0/8bb2bc9b4df17e2411533a0708a69f983bf5e83b/commons-io-2.13.0.jar because:
[        ]   Build cache is disabled
[        ]   Caching not enabled.
[        ] Caching disabled for MergeInstrumentationAnalysisTransform: /root/.gradle/caches/8.14/transforms/bfaca779ac5e56361a91946c53f4cd63/transformed/analysis/instrumentation-dependencies.bin because:
[        ]   Build cache is disabled
[        ]   Caching not enabled.
[        ] Caching disabled for ExternalDependencyInstrumentingArtifactTransform: /root/.gradle/caches/modules-2/files-2.1/com.android.tools.build/apkzlib/8.5.1/d656b52facbb301b8bdc1e40a5ae008bcf335fe9/apkzlib-8.5.1.jar because:
[        ]   Build cache is disabled
[        ]   Caching not enabled.
[        ] Caching disabled for ExternalDependencyInstrumentingArtifactTransform: /root/.gradle/caches/modules-2/files-2.1/io.grpc/grpc-protobuf/1.57.0/49986e40de6cbd14ba26247639b18ab0bac921c1/grpc-protobuf-1.57.0.jar because:
[        ]   Build cache is disabled
[        ]   Caching not enabled.
[        ] Caching disabled for MergeInstrumentationAnalysisTransform: /root/.gradle/caches/modules-2/files-2.1/com.android.tools.analytics-library/protos/31.5.1/88613dda7977cb93625ab9cc7c72608ba67bc9cd/protos-31.5.1.jar because:
[        ]   Build cache is disabled
[        ]   Caching not enabled.
[        ] Caching disabled for ExternalDependencyInstrumentingArtifactTransform: /root/.gradle/caches/8.14/transforms/4e61c0b63e549e075433644771f7c7b7/transformed/merge/instrumentation-dependencies.bin because:
[        ]   Build cache is disabled
[        ]   Caching not enabled.
[        ] Caching disabled for MergeInstrumentationAnalysisTransform: /root/.gradle/caches/8.14/transforms/d9465b1bdaefa828a83347ca8060596e/transformed/analysis/instrumentation-hierarchy.bin because:
[        ]   Build cache is disabled
[        ]   Caching not enabled.
[        ] Caching disabled for MergeInstrumentationAnalysisTransform: /root/.gradle/caches/8.14/transforms/cb78427f11f5076a66f1c98fadb32a0a/transformed/analysis/instrumentation-hierarchy.bin because:
[        ]   Build cache is disabled
[        ]   Caching not enabled.
[        ] Caching disabled for ExternalDependencyInstrumentingArtifactTransform: /root/.gradle/caches/modules-2/files-2.1/com.google.protobuf/protobuf-java-util/3.22.3/749cd4fe8ab52f37bc186193802ba19f5b284647/protobuf-java-util-3.22.3.jar because:
[        ]   Build cache is disabled
[        ]   Caching not enabled.
[        ] Caching disabled for MergeInstrumentationAnalysisTransform: /root/.gradle/caches/8.14/transforms/8ccd32509f720184b497148d398c1945/transformed/analysis/instrumentation-hierarchy.bin because:
[   +2 ms]   Build cache is disabled
[        ]   Caching not enabled.
[        ] Caching disabled for MergeInstrumentationAnalysisTransform: /root/.gradle/caches/modules-2/files-2.1/com.google.api.grpc/proto-google-common-protos/2.17.0/7edf1e3aa96dc3861f7a8f24556c714e9c5b292/proto-google-common-protos-2.17.0.jar because:
[        ]   Build cache is disabled
[        ]   Caching not enabled.
[  +65 ms] Caching disabled for MergeInstrumentationAnalysisTransform: /root/.gradle/caches/8.14/transforms/d9465b1bdaefa828a83347ca8060596e/transformed/analysis/instrumentation-dependencies.bin because:
[        ]   Build cache is disabled
[        ]   Caching not enabled.
[        ] Caching disabled for ExternalDependencyInstrumentingArtifactTransform: /root/.gradle/caches/8.14/transforms/92316d60c15e3a82fabe3d0c7c9050b1/transformed/merge/instrumentation-dependencies.bin because:
[        ]   Build cache is disabled
[        ]   Caching not enabled.
[        ] Caching disabled for MergeInstrumentationAnalysisTransform: /root/.gradle/caches/8.14/transforms/8ccd32509f720184b497148d398c1945/transformed/analysis/instrumentation-dependencies.bin because:
[        ]   Build cache is disabled
[        ]   Caching not enabled.
[        ] Caching disabled for MergeInstrumentationAnalysisTransform: /root/.gradle/caches/8.14/transforms/cb78427f11f5076a66f1c98fadb32a0a/transformed/analysis/instrumentation-dependencies.bin because:
[        ]   Build cache is disabled
[        ]   Caching not enabled.
[        ] Caching disabled for MergeInstrumentationAnalysisTransform: /root/.gradle/caches/8.14/transforms/ac37b94b66ef37ca4111bd7ebe9e0d89/transformed/analysis/instrumentation-hierarchy.bin because:
[   +2 ms]   Build cache is disabled
[        ]   Caching not enabled.
[        ] Caching disabled for MergeInstrumentationAnalysisTransform: /root/.gradle/caches/8.14/transforms/ac37b94b66ef37ca4111bd7ebe9e0d89/transformed/analysis/instrumentation-dependencies.bin because:
[        ]   Build cache is disabled
[        ]   Caching not enabled.
[        ] Caching disabled for MergeInstrumentationAnalysisTransform: /root/.gradle/caches/modules-2/files-2.1/io.grpc/grpc-netty/1.57.0/99cc01516c2fd1d134bf2585c2b38fa400804986/grpc-netty-1.57.0.jar because:
[        ]   Build cache is disabled
[        ]   Caching not enabled.
[        ] Caching disabled for ExternalDependencyInstrumentingArtifactTransform: /root/.gradle/caches/8.14/transforms/85d2f9859fc415609120f199d1954e3c/transformed/merge/instrumentation-dependencies.bin because:
[        ]   Build cache is disabled
[        ]   Caching not enabled.
[        ] Caching disabled for MergeInstrumentationAnalysisTransform: /root/.gradle/caches/modules-2/files-2.1/com.google.code.gson/gson/2.10.1/b3add478d4382b78ea20b1671390a858002feb6c/gson-2.10.1.jar because:
[        ]   Build cache is disabled
[        ]   Caching not enabled.
[        ] Caching disabled for MergeInstrumentationAnalysisTransform: /root/.gradle/caches/modules-2/files-2.1/com.google.protobuf/protobuf-java/3.22.3/fdee98b8f6abab73f146a4edb4c09e56f8278d03/protobuf-java-3.22.3.jar because:
[        ]   Build cache is disabled
[        ]   Caching not enabled.
[        ] Caching disabled for MergeInstrumentationAnalysisTransform: /root/.gradle/caches/modules-2/files-2.1/io.grpc/grpc-core/1.57.0/2b6ef5166f31315098fff9bb85f33ab5fed58f6b/grpc-core-1.57.0.jar because:
[        ]   Build cache is disabled
[        ]   Caching not enabled.
[        ] Caching disabled for ExternalDependencyInstrumentingArtifactTransform: /root/.gradle/caches/8.14/transforms/eb84510d37dd683f5e526ad950f40443/transformed/merge/instrumentation-dependencies.bin because:
[        ]   Build cache is disabled
[        ]   Caching not enabled.
[        ] Caching disabled for ExternalDependencyInstrumentingArtifactTransform: /root/.gradle/caches/8.14/transforms/ff45a789a17d10b1855f96ea3fecd4e0/transformed/merge/instrumentation-dependencies.bin because:
[        ]   Build cache is disabled
[        ]   Caching not enabled.
[        ] Caching disabled for ExternalDependencyInstrumentingArtifactTransform: /root/.gradle/caches/8.14/transforms/9321a9a3fcce3221aa9b9baf5d02eed3/transformed/merge/instrumentation-dependencies.bin because:
[        ]   Build cache is disabled
[        ]   Caching not enabled.
[        ] Caching disabled for ExternalDependencyInstrumentingArtifactTransform: /root/.gradle/caches/modules-2/files-2.1/io.grpc/grpc-netty/1.57.0/99cc01516c2fd1d134bf2585c2b38fa400804986/grpc-netty-1.57.0.jar because:
[        ]   Build cache is disabled
[        ]   Caching not enabled.
[        ] Caching disabled for ExternalDependencyInstrumentingArtifactTransform: /root/.gradle/caches/modules-2/files-2.1/com.google.code.gson/gson/2.10.1/b3add478d4382b78ea20b1671390a858002feb6c/gson-2.10.1.jar because:
[        ]   Build cache is disabled
[        ]   Caching not enabled.
[        ] Caching disabled for MergeInstrumentationAnalysisTransform: /root/.gradle/caches/8.14/transforms/b02d9f92549f890db45349caf6c783e0/transformed/analysis/instrumentation-hierarchy.bin because:
[        ]   Build cache is disabled
[        ]   Caching not enabled.
[        ] Caching disabled for MergeInstrumentationAnalysisTransform: /root/.gradle/caches/8.14/transforms/36ec3a703fdf06fb088dba35824c4671/transformed/analysis/instrumentation-hierarchy.bin because:
[        ]   Build cache is disabled
[        ]   Caching not enabled.
[   +3 ms] Caching disabled for MergeInstrumentationAnalysisTransform: /root/.gradle/caches/8.14/transforms/b02d9f92549f890db45349caf6c783e0/transformed/analysis/instrumentation-dependencies.bin because:
[        ]   Build cache is disabled
[        ]   Caching not enabled.
[        ] Caching disabled for MergeInstrumentationAnalysisTransform: /root/.gradle/caches/8.14/transforms/36ec3a703fdf06fb088dba35824c4671/transformed/analysis/instrumentation-dependencies.bin because:
[        ]   Build cache is disabled
[        ]   Caching not enabled.
[        ] Caching disabled for ExternalDependencyInstrumentingArtifactTransform: /root/.gradle/caches/modules-2/files-2.1/org.bouncycastle/bcpkix-jdk18on/1.77/ed953791ba0229747dd0fd9911e3d76a462acfd3/bcpkix-jdk18on-1.77.jar because:
[        ]   Build cache is disabled
[        ]   Caching not enabled.
[        ] Caching disabled for MergeInstrumentationAnalysisTransform: /root/.gradle/caches/modules-2/files-2.1/io.grpc/grpc-stub/1.57.0/262e1469c080164d5e2459f4908394d66f4e8828/grpc-stub-1.57.0.jar because:
[        ]   Build cache is disabled
[        ]   Caching not enabled.
[        ] Caching disabled for ExternalDependencyInstrumentingArtifactTransform: /root/.gradle/caches/8.14/transforms/6015c39456adc381b58618ab6d009eb1/transformed/merge/instrumentation-dependencies.bin because:
[        ]   Build cache is disabled
[        ]   Caching not enabled.
[        ] Caching disabled for MergeInstrumentationAnalysisTransform: /root/.gradle/caches/modules-2/files-2.1/com.google.testing.platform/core-proto/0.0.9-alpha02/ee54219cbb4a7fb83cdc528e9a85e0383f3ee726/core-proto-0.0.9-alpha02.jar because:
[        ]   Build cache is disabled
[        ]   Caching not enabled.
[        ] Caching disabled for MergeInstrumentationAnalysisTransform: /root/.gradle/caches/8.14/transforms/9b0e98629bc06f5b01cc526ebfdfc3c3/transformed/analysis/instrumentation-hierarchy.bin because:
[        ]   Build cache is disabled
[        ]   Caching not enabled.
[        ] Caching disabled for ExternalDependencyInstrumentingArtifactTransform: /root/.gradle/caches/8.14/transforms/49ef5b7389864791538f2547b84108ef/transformed/merge/instrumentation-dependencies.bin because:
[        ]   Build cache is disabled
[        ]   Caching not enabled.
[        ] Caching disabled for MergeInstrumentationAnalysisTransform: /root/.gradle/caches/8.14/transforms/9b0e98629bc06f5b01cc526ebfdfc3c3/transformed/analysis/instrumentation-dependencies.bin because:
[        ]   Build cache is disabled
[        ]   Caching not enabled.
[        ] Caching disabled for ExternalDependencyInstrumentingArtifactTransform: /root/.gradle/caches/modules-2/files-2.1/io.grpc/grpc-stub/1.57.0/262e1469c080164d5e2459f4908394d66f4e8828/grpc-stub-1.57.0.jar because:
[        ]   Build cache is disabled
[        ]   Caching not enabled.
[        ] Caching disabled for MergeInstrumentationAnalysisTransform: /root/.gradle/caches/modules-2/files-2.1/net.sf.kxml/kxml2/2.3.0/ccbc77a5fd907ef863c29f3596c6f54ffa4e9442/kxml2-2.3.0.jar because:
[        ]   Build cache is disabled
[        ]   Caching not enabled.
[  +85 ms] Caching disabled for MergeInstrumentationAnalysisTransform: /root/.gradle/caches/8.14/transforms/29652b12d54e1ca59c7fe2266799493b/transformed/analysis/instrumentation-hierarchy.bin because:
[        ]   Build cache is disabled
[        ]   Caching not enabled.
[        ] Caching disabled for MergeInstrumentationAnalysisTransform: /root/.gradle/caches/8.14/transforms/e1af31b6f6841aeef4f866f19498c6b7/transformed/analysis/instrumentation-hierarchy.bin because:
[        ]   Build cache is disabled
[        ]   Caching not enabled.
[        ] Caching disabled for MergeInstrumentationAnalysisTransform: /root/.gradle/caches/8.14/transforms/29652b12d54e1ca59c7fe2266799493b/transformed/analysis/instrumentation-dependencies.bin because:
[        ]   Build cache is disabled
[        ]   Caching not enabled.
[        ] Caching disabled for MergeInstrumentationAnalysisTransform: /root/.gradle/caches/modules-2/files-2.1/org.tensorflow/tensorflow-lite-metadata/0.1.0-rc2/7aa9b3e16d85c2aae5eff741265315a37c9f731a/tensorflow-lite-metadata-0.1.0-rc2.jar because:
[        ]   Build cache is disabled
[        ]   Caching not enabled.
[        ] Caching disabled for MergeInstrumentationAnalysisTransform: /root/.gradle/caches/8.14/transforms/e1af31b6f6841aeef4f866f19498c6b7/transformed/analysis/instrumentation-dependencies.bin because:
[        ]   Build cache is disabled
[        ]   Caching not enabled.
[        ] Caching disabled for ExternalDependencyInstrumentingArtifactTransform: /root/.gradle/caches/modules-2/files-2.1/org.jetbrains.kotlin/kotlin-stdlib/1.9.20/e58b4816ac517e9cc5df1db051120c63d4cde669/kotlin-stdlib-1.9.20.jar because:
[        ]   Build cache is disabled
[        ]   Caching not enabled.
[        ] Caching disabled for MergeInstrumentationAnalysisTransform: /root/.gradle/caches/modules-2/files-2.1/com.google.flatbuffers/flatbuffers-java/1.12.0/8201cc7b511177a37071249e891f2f2fea4b32e9/flatbuffers-java-1.12.0.jar because:
[        ]   Build cache is disabled
[        ]   Caching not enabled.
[        ] Caching disabled for MergeInstrumentationAnalysisTransform: /root/.gradle/caches/8.14/transforms/3ae60b3840f76fbc495a453c70c97bf0/transformed/analysis/instrumentation-hierarchy.bin because:
[        ]   Build cache is disabled
[        ]   Caching not enabled.
[        ] Caching disabled for MergeInstrumentationAnalysisTransform: /root/.gradle/caches/8.14/transforms/0b311fd0d807e0c08d7aad517a4b68f9/transformed/analysis/instrumentation-dependencies.bin because:
[        ]   Build cache is disabled
[        ]   Caching not enabled.
[        ] Caching disabled for ExternalDependencyInstrumentingArtifactTransform: /root/.gradle/caches/modules-2/files-2.1/io.grpc/grpc-core/1.57.0/2b6ef5166f31315098fff9bb85f33ab5fed58f6b/grpc-core-1.57.0.jar because:
[        ]   Build cache is disabled
[        ]   Caching not enabled.
[        ] Caching disabled for MergeInstrumentationAnalysisTransform: /root/.gradle/caches/8.14/transforms/4bdbce4fba7b3272dca7d862f9a316c3/transformed/analysis/instrumentation-hierarchy.bin because:
[        ]   Build cache is disabled
[        ]   Caching not enabled.
[        ] Caching disabled for MergeInstrumentationAnalysisTransform: /root/.gradle/caches/modules-2/files-2.1/io.grpc/grpc-context/1.57.0/8d8f26a9b0bed637ee4592e1df3ef134ed2c54fd/grpc-context-1.57.0.jar because:
[        ]   Build cache is disabled
[        ]   Caching not enabled.
[        ] Caching disabled for MergeInstrumentationAnalysisTransform: /root/.gradle/caches/8.14/transforms/dcb432963d78301e0f643399530533b7/transformed/analysis/instrumentation-hierarchy.bin because:
[        ]   Build cache is disabled
[        ]   Caching not enabled.
[        ] Caching disabled for MergeInstrumentationAnalysisTransform: /root/.gradle/caches/8.14/transforms/3ae60b3840f76fbc495a453c70c97bf0/transformed/analysis/instrumentation-dependencies.bin because:
[        ]   Build cache is disabled
[        ]   Caching not enabled.
[        ] Caching disabled for MergeInstrumentationAnalysisTransform: /root/.gradle/caches/8.14/transforms/4bdbce4fba7b3272dca7d862f9a316c3/transformed/analysis/instrumentation-dependencies.bin because:
[   +1 ms]   Build cache is disabled
[        ]   Caching not enabled.
[        ] Caching disabled for ExternalDependencyInstrumentingArtifactTransform: /root/.gradle/caches/8.14/transforms/43bc80ecb439fb6e99ae43427a92d2cf/transformed/merge/instrumentation-dependencies.bin because:
[        ]   Build cache is disabled
[        ]   Caching not enabled.
[        ] Caching disabled for MergeInstrumentationAnalysisTransform: /root/.gradle/caches/8.14/transforms/dcb432963d78301e0f643399530533b7/transformed/analysis/instrumentation-dependencies.bin because:
[        ]   Build cache is disabled
[   +2 ms]   Caching not enabled.
[        ] Caching disabled for MergeInstrumentationAnalysisTransform: /root/.gradle/caches/modules-2/files-2.1/com.google.jimfs/jimfs/1.1/8fbd0579dc68aba6186935cc1bee21d2f3e7ec1c/jimfs-1.1.jar because:
[        ]   Build cache is disabled
[        ]   Caching not enabled.
[        ] Caching disabled for MergeInstrumentationAnalysisTransform: /root/.gradle/caches/modules-2/files-2.1/io.grpc/grpc-protobuf-lite/1.57.0/ca0084219b71d29cd9bfc3b81780aca91a965753/grpc-protobuf-lite-1.57.0.jar because:
[        ]   Build cache is disabled
[        ]   Caching not enabled.
[        ] Caching disabled for MergeInstrumentationAnalysisTransform: /root/.gradle/caches/8.14/transforms/33f7d71be70ebe6292356bb23ca7f128/transformed/analysis/instrumentation-hierarchy.bin because:
[        ]   Build cache is disabled
[        ]   Caching not enabled.
[        ] Caching disabled for MergeInstrumentationAnalysisTransform: /root/.gradle/caches/modules-2/files-2.1/io.grpc/grpc-api/1.57.0/768ab3e583b213a3672ec776e70765b594e8bbe5/grpc-api-1.57.0.jar because:
[        ]   Build cache is disabled
[        ]   Caching not enabled.
[        ] Caching disabled for ExternalDependencyInstrumentingArtifactTransform: /root/.gradle/caches/modules-2/files-2.1/io.grpc/grpc-context/1.57.0/8d8f26a9b0bed637ee4592e1df3ef134ed2c54fd/grpc-context-1.57.0.jar because:
[        ]   Build cache is disabled
[        ]   Caching not enabled.
[        ] Caching disabled for ExternalDependencyInstrumentingArtifactTransform: /root/.gradle/caches/8.14/transforms/677aa542b0059eefc9ed7ea8fb58fccb/transformed/merge/instrumentation-dependencies.bin because:
[        ]   Build cache is disabled
[        ]   Caching not enabled.
[        ] Caching disabled for ExternalDependencyInstrumentingArtifactTransform: /root/.gradle/caches/8.14/transforms/08f66992b14423fe36ce74bd225111a6/transformed/merge/instrumentation-dependencies.bin because:
[        ]   Build cache is disabled
[        ]   Caching not enabled.
[        ] Caching disabled for MergeInstrumentationAnalysisTransform: /root/.gradle/caches/8.14/transforms/33f7d71be70ebe6292356bb23ca7f128/transformed/analysis/instrumentation-dependencies.bin because:
[        ]   Build cache is disabled
[        ]   Caching not enabled.
[        ] Caching disabled for ExternalDependencyInstrumentingArtifactTransform: /root/.gradle/caches/modules-2/files-2.1/io.grpc/grpc-protobuf-lite/1.57.0/ca0084219b71d29cd9bfc3b81780aca91a965753/grpc-protobuf-lite-1.57.0.jar because:
[        ]   Build cache is disabled
[        ]   Caching not enabled.
[        ] Caching disabled for MergeInstrumentationAnalysisTransform: /root/.gradle/caches/8.14/transforms/ba603a8e5cd50a7c88cc1c83cedbafe1/transformed/analysis/instrumentation-hierarchy.bin because:
[        ]   Build cache is disabled
[        ]   Caching not enabled.
[        ] Caching disabled for MergeInstrumentationAnalysisTransform: /root/.gradle/caches/8.14/transforms/1f33ebe59883eca7cf0b19e5fe8de863/transformed/analysis/instrumentation-dependencies.bin because:
[        ]   Build cache is disabled
[        ]   Caching not enabled.
[        ] Caching disabled for MergeInstrumentationAnalysisTransform: /root/.gradle/caches/8.14/transforms/ba603a8e5cd50a7c88cc1c83cedbafe1/transformed/analysis/instrumentation-dependencies.bin because:
[        ]   Build cache is disabled
[        ]   Caching not enabled.
[        ] Caching disabled for MergeInstrumentationAnalysisTransform: /root/.gradle/caches/modules-2/files-2.1/javax.inject/javax.inject/1/6975da39a7040257bd51d21a231b76c915872d38/javax.inject-1.jar because:
[        ]   Build cache is disabled
[        ]   Caching not enabled.
[        ] Caching disabled for MergeInstrumentationAnalysisTransform: /root/.gradle/caches/modules-2/files-2.1/com.google.dagger/dagger/2.28.3/10d83810ef9e19714116ed518896c90c6606d633/dagger-2.28.3.jar because:
[        ]   Build cache is disabled
[        ]   Caching not enabled.
[        ] Caching disabled for MergeInstrumentationAnalysisTransform: /root/.gradle/caches/8.14/transforms/7be62387c6ab0a21cf3299118e9fa20b/transformed/analysis/instrumentation-hierarchy.bin because:
[        ]   Build cache is disabled
[        ]   Caching not enabled.
[  +87 ms] Caching disabled for MergeInstrumentationAnalysisTransform: /root/.gradle/caches/modules-2/files-2.1/com.google.guava/guava/32.0.1-jre/6e5d51a72d142f2d40a57dfb897188b36a95b489/guava-32.0.1-jre.jar because:
[        ]   Build cache is disabled
[        ]   Caching not enabled.
[        ] Caching disabled for MergeInstrumentationAnalysisTransform: /root/.gradle/caches/8.14/transforms/c3dfc123658e13e4e7b54504f1eb7e8a/transformed/analysis/instrumentation-hierarchy.bin because:
[        ]   Build cache is disabled
[        ]   Caching not enabled.
[        ] Caching disabled for MergeInstrumentationAnalysisTransform: /root/.gradle/caches/8.14/transforms/7be62387c6ab0a21cf3299118e9fa20b/transformed/analysis/instrumentation-dependencies.bin because:
[        ]   Build cache is disabled
[        ]   Caching not enabled.
[        ] Caching disabled for MergeInstrumentationAnalysisTransform: /root/.gradle/caches/8.14/transforms/c3dfc123658e13e4e7b54504f1eb7e8a/transformed/analysis/instrumentation-dependencies.bin because:
[        ]   Build cache is disabled
[        ]   Caching not enabled.
[        ] Caching disabled for ExternalDependencyInstrumentingArtifactTransform: /root/.gradle/caches/8.14/transforms/308e541812393ad5d1b8960f56a72e6a/transformed/merge/instrumentation-dependencies.bin because:
[        ]   Build cache is disabled
[        ]   Caching not enabled.
[        ] Caching disabled for MergeInstrumentationAnalysisTransform: /root/.gradle/caches/modules-2/files-2.1/org.bouncycastle/bcutil-jdk18on/1.77/de3eaef351545fe8562cf29ddff4a403a45b49b7/bcutil-jdk18on-1.77.jar because:
[        ]   Build cache is disabled
[        ]   Caching not enabled.
[        ] Caching disabled for ExternalDependencyInstrumentingArtifactTransform: /root/.gradle/caches/8.14/transforms/805ac93157497dcc29b75b72b1c96378/transformed/merge/instrumentation-dependencies.bin because:
[        ]   Build cache is disabled
[        ]   Caching not enabled.
[        ] Caching disabled for ExternalDependencyInstrumentingArtifactTransform: /root/.gradle/caches/modules-2/files-2.1/io.grpc/grpc-api/1.57.0/768ab3e583b213a3672ec776e70765b594e8bbe5/grpc-api-1.57.0.jar because:
[        ]   Build cache is disabled
[        ]   Caching not enabled.
[        ] Caching disabled for MergeInstrumentationAnalysisTransform: /root/.gradle/caches/8.14/transforms/3c31e71a7838345b49ffab5674d8ff5e/transformed/analysis/instrumentation-hierarchy.bin because:
[        ]   Build cache is disabled
[        ]   Caching not enabled.
[        ] Caching disabled for MergeInstrumentationAnalysisTransform: /root/.gradle/caches/8.14/transforms/3c31e71a7838345b49ffab5674d8ff5e/transformed/analysis/instrumentation-dependencies.bin because:
[        ]   Build cache is disabled
[        ]   Caching not enabled.
[        ] Caching disabled for MergeInstrumentationAnalysisTransform: /root/.gradle/caches/modules-2/files-2.1/org.bouncycastle/bcprov-jdk18on/1.77/2cc971b6c20949c1ff98d1a4bc741ee848a09523/bcprov-jdk18on-1.77.jar because:
[        ]   Build cache is disabled
[        ]   Caching not enabled.
[        ] Caching disabled for ExternalDependencyInstrumentingArtifactTransform: /root/.gradle/caches/8.14/transforms/685233bf61e9ef899b6a756dd4853727/transformed/merge/instrumentation-dependencies.bin because:
[        ]   Build cache is disabled
[        ]   Caching not enabled.
[        ] Caching disabled for MergeInstrumentationAnalysisTransform: /root/.gradle/caches/modules-2/files-2.1/org.jetbrains.intellij.deps/trove4j/1.0.20200330/3afb14d5f9ceb459d724e907a21145e8ff394f02/trove4j-1.0.20200330.jar because:
[        ]   Build cache is disabled
[        ]   Caching not enabled.
[        ] Caching disabled for MergeInstrumentationAnalysisTransform: /root/.gradle/caches/8.14/transforms/9d04d315a102c441141d3be66524f20d/transformed/analysis/instrumentation-hierarchy.bin because:
[        ]   Build cache is disabled
[        ]   Caching not enabled.
[        ] Caching disabled for MergeInstrumentationAnalysisTransform: /root/.gradle/caches/8.14/transforms/9d04d315a102c441141d3be66524f20d/transformed/analysis/instrumentation-dependencies.bin because:
[        ]   Build cache is disabled
[        ]   Caching not enabled.
[        ] Caching disabled for ExternalDependencyInstrumentingArtifactTransform: /root/.gradle/caches/modules-2/files-2.1/org.jetbrains.kotlin/kotlin-reflect/1.9.20/34eeb4eed5f493cdbb760ef50a5653ec414006bf/kotlin-reflect-1.9.20.jar because:
[        ]   Build cache is disabled
[        ]   Caching not enabled.
[        ] Caching disabled for MergeInstrumentationAnalysisTransform: /root/.gradle/caches/modules-2/files-2.1/org.apache.commons/commons-compress/1.21/4ec95b60d4e86b5c95a0e919cb172a0af98011ef/commons-compress-1.21.jar because:
[        ]   Build cache is disabled
[        ]   Caching not enabled.
[        ] Caching disabled for MergeInstrumentationAnalysisTransform: /root/.gradle/caches/8.14/transforms/410b73183f139835f68024b4a9e6d4c0/transformed/analysis/instrumentation-hierarchy.bin because:
[        ]   Build cache is disabled
[        ]   Caching not enabled.
[        ] Caching disabled for MergeInstrumentationAnalysisTransform: /root/.gradle/caches/8.14/transforms/4bb2857926d6bbf63c2a8489c429fa99/transformed/analysis/instrumentation-hierarchy.bin because:
[        ]   Build cache is disabled
[        ]   Caching not enabled.
[        ] Caching disabled for MergeInstrumentationAnalysisTransform: /root/.gradle/caches/8.14/transforms/410b73183f139835f68024b4a9e6d4c0/transformed/analysis/instrumentation-dependencies.bin because:
[        ]   Build cache is disabled
[        ]   Caching not enabled.
[        ] Caching disabled for ExternalDependencyInstrumentingArtifactTransform: /root/.gradle/caches/modules-2/files-2.1/com.google.protobuf/protobuf-java/3.22.3/fdee98b8f6abab73f146a4edb4c09e56f8278d03/protobuf-java-3.22.3.jar because:
[        ]   Build cache is disabled
[        ]   Caching not enabled.
[        ] Caching disabled for MergeInstrumentationAnalysisTransform: /root/.gradle/caches/8.14/transforms/4bb2857926d6bbf63c2a8489c429fa99/transformed/analysis/instrumentation-dependencies.bin because:
[        ]   Build cache is disabled
[        ]   Caching not enabled.
[        ] Caching disabled for MergeInstrumentationAnalysisTransform: /root/.gradle/caches/modules-2/files-2.1/org.apache.httpcomponents/httpclient/4.5.14/1194890e6f56ec29177673f2f12d0b8e627dec98/httpclient-4.5.14.jar because:
[        ]   Build cache is disabled
[        ]   Caching not enabled.
[        ] Caching disabled for MergeInstrumentationAnalysisTransform: /root/.gradle/caches/8.14/transforms/1a1d3b61d5a868318f8594a976389b2b/transformed/analysis/instrumentation-hierarchy.bin because:
[        ]   Build cache is disabled
[        ]   Caching not enabled.
[        ] Caching disabled for ExternalDependencyInstrumentingArtifactTransform: /root/.gradle/caches/modules-2/files-2.1/com.google.api.grpc/proto-google-common-protos/2.17.0/7edf1e3aa96dc3861f7a8f24556c714e9c5b292/proto-google-common-protos-2.17.0.jar because:
[        ]   Build cache is disabled
[        ]   Caching not enabled.
[        ] Caching disabled for MergeInstrumentationAnalysisTransform: /root/.gradle/caches/modules-2/files-2.1/org.apache.httpcomponents/httpcore/4.4.16/51cf043c87253c9f58b539c9f7e44c8894223850/httpcore-4.4.16.jar because:
[        ]   Build cache is disabled
[        ]   Caching not enabled.
[        ] Caching disabled for MergeInstrumentationAnalysisTransform: /root/.gradle/caches/8.14/transforms/1a1d3b61d5a868318f8594a976389b2b/transformed/analysis/instrumentation-dependencies.bin because:
[        ]   Build cache is disabled
[        ]   Caching not enabled.
[        ] Caching disabled for MergeInstrumentationAnalysisTransform: /root/.gradle/caches/8.14/transforms/fe5fa068da081e9e01b5eece9ec3e067/transformed/analysis/instrumentation-hierarchy.bin because:
[        ]   Build cache is disabled
[        ]   Caching not enabled.
[        ] Caching disabled for MergeInstrumentationAnalysisTransform: /root/.gradle/caches/8.14/transforms/f3a6428d10373325c1383925ba5e9024/transformed/analysis/instrumentation-dependencies.bin because:
[        ]   Build cache is disabled
[        ]   Caching not enabled.
[        ] Caching disabled for MergeInstrumentationAnalysisTransform: /root/.gradle/caches/8.14/transforms/18852a90b359de22ec8d11df54cd359d/transformed/analysis/instrumentation-hierarchy.bin because:
[        ]   Build cache is disabled
[        ]   Caching not enabled.
[        ] Caching disabled for ExternalDependencyInstrumentingArtifactTransform: /root/.gradle/caches/modules-2/files-2.1/com.google.testing.platform/core-proto/0.0.9-alpha02/ee54219cbb4a7fb83cdc528e9a85e0383f3ee726/core-proto-0.0.9-alpha02.jar because:
[        ]   Build cache is disabled
[        ]   Caching not enabled.
[        ] Caching disabled for MergeInstrumentationAnalysisTransform: /root/.gradle/caches/modules-2/files-2.1/org.jetbrains/annotations/23.0.0/8cc20c07506ec18e0834947b84a864bfc094484e/annotations-23.0.0.jar because:
[        ]   Build cache is disabled
[        ]   Caching not enabled.
[        ] Caching disabled for MergeInstrumentationAnalysisTransform: /root/.gradle/caches/modules-2/files-2.1/com.sun.activation/javax.activation/1.2.0/bf744c1e2776ed1de3c55c8dac1057ec331ef744/javax.activation-1.2.0.jar because:
[        ]   Build cache is disabled
[        ]   Caching not enabled.
[        ] Caching disabled for MergeInstrumentationAnalysisTransform: /root/.gradle/caches/8.14/transforms/fe5fa068da081e9e01b5eece9ec3e067/transformed/analysis/instrumentation-dependencies.bin because:
[        ]   Build cache is disabled
[        ]   Caching not enabled.
[        ] Caching disabled for MergeInstrumentationAnalysisTransform: /root/.gradle/caches/8.14/transforms/bd21f2590c86261277c9a061e6a821b0/transformed/analysis/instrumentation-dependencies.bin because:
[        ]   Build cache is disabled
[        ]   Caching not enabled.
[        ] Caching disabled for MergeInstrumentationAnalysisTransform: /root/.gradle/caches/8.14/transforms/f62290c4265fae9fb0cf357d49462801/transformed/analysis/instrumentation-hierarchy.bin because:
[        ]   Build cache is disabled
[        ]   Caching not enabled.
[        ] Caching disabled for MergeInstrumentationAnalysisTransform: /root/.gradle/caches/8.14/transforms/18852a90b359de22ec8d11df54cd359d/transformed/analysis/instrumentation-dependencies.bin because:
[        ]   Build cache is disabled
[        ]   Caching not enabled.
[        ] Caching disabled for MergeInstrumentationAnalysisTransform: /root/.gradle/caches/8.14/transforms/63e0a1f75d91cde9ecfd6e29ce3f4dc8/transformed/analysis/instrumentation-hierarchy.bin because:
[        ]   Build cache is disabled
[        ]   Caching not enabled.
[        ] Caching disabled for MergeInstrumentationAnalysisTransform: /root/.gradle/caches/8.14/transforms/f62290c4265fae9fb0cf357d49462801/transformed/analysis/instrumentation-dependencies.bin because:
[        ]   Build cache is disabled
[        ]   Caching not enabled.
[        ] Caching disabled for MergeInstrumentationAnalysisTransform: /root/.gradle/caches/modules-2/files-2.1/com.android/signflinger/8.5.1/13f035dd8e7e470ff8f3216a0b46333187f26df5/signflinger-8.5.1.jar because:
[        ]   Build cache is disabled
[        ]   Caching not enabled.
[        ] Caching disabled for MergeInstrumentationAnalysisTransform: /root/.gradle/caches/8.14/transforms/63e0a1f75d91cde9ecfd6e29ce3f4dc8/transformed/analysis/instrumentation-dependencies.bin because:
[        ]   Build cache is disabled
[        ]   Caching not enabled.
[  +91 ms] Caching disabled for MergeInstrumentationAnalysisTransform: /root/.gradle/caches/modules-2/files-2.1/com.android.tools/annotations/31.5.1/1946e7f75bc1615b4abfc0f83899934dfcbdf1fc/annotations-31.5.1.jar because:
[        ]   Build cache is disabled
[        ]   Caching not enabled.
[        ] Caching disabled for MergeInstrumentationAnalysisTransform: /root/.gradle/caches/modules-2/files-2.1/com.android/zipflinger/8.5.1/de8e3267995699af356740cf562cbedb485f5763/zipflinger-8.5.1.jar because:
[        ]   Build cache is disabled
[        ]   Caching not enabled.
[        ] Caching disabled for ExternalDependencyInstrumentingArtifactTransform: /root/.gradle/caches/8.14/transforms/51abda0d1f3ceeca14d4d2fdd223f717/transformed/merge/instrumentation-dependencies.bin because:
[        ]   Build cache is disabled
[        ]   Caching not enabled.
[        ] Caching disabled for ExternalDependencyInstrumentingArtifactTransform: /root/.gradle/caches/modules-2/files-2.1/org.bouncycastle/bcutil-jdk18on/1.77/de3eaef351545fe8562cf29ddff4a403a45b49b7/bcutil-jdk18on-1.77.jar because:
[        ]   Build cache is disabled
[        ]   Caching not enabled.
[        ] Caching disabled for ExternalDependencyInstrumentingArtifactTransform: /root/.gradle/caches/8.14/transforms/e75c9bd9b6b2fd303054593a4a4a510a/transformed/merge/instrumentation-dependencies.bin because:
[        ]   Build cache is disabled
[        ]   Caching not enabled.
[        ] Caching disabled for MergeInstrumentationAnalysisTransform: /root/.gradle/caches/modules-2/files-2.1/com.googlecode.juniversalchardet/juniversalchardet/1.0.3/cd49678784c46aa8789c060538e0154013bb421b/juniversalchardet-1.0.3.jar because:
[        ]   Build cache is disabled
[        ]   Caching not enabled.
[        ] Caching disabled for MergeInstrumentationAnalysisTransform: /root/.gradle/caches/8.14/transforms/e0226a994236d7bf90152c665abe60df/transformed/analysis/instrumentation-dependencies.bin because:
[        ]   Build cache is disabled
[        ]   Caching not enabled.
[        ] Caching disabled for ExternalDependencyInstrumentingArtifactTransform: /root/.gradle/caches/8.14/transforms/5fb24b2079d6584f6c785b1d0fcb69fb/transformed/merge/instrumentation-dependencies.bin because:
[        ]   Build cache is disabled
[        ]   Caching not enabled.
[        ] Caching disabled for MergeInstrumentationAnalysisTransform: /root/.gradle/caches/modules-2/files-2.1/net.java.dev.jna/jna-platform/5.6.0/d18424ffb8bbfd036d71bcaab9b546858f2ef986/jna-platform-5.6.0.jar because:
[        ]   Build cache is disabled
[        ]   Caching not enabled.
[        ] Caching disabled for MergeInstrumentationAnalysisTransform: /root/.gradle/caches/8.14/transforms/8c12647086c0a3ca5d593c8e6e97b7eb/transformed/analysis/instrumentation-hierarchy.bin because:
[        ]   Build cache is disabled
[        ]   Caching not enabled.
[        ] Caching disabled for ExternalDependencyInstrumentingArtifactTransform: /root/.gradle/caches/modules-2/files-2.1/com.android/signflinger/8.5.1/13f035dd8e7e470ff8f3216a0b46333187f26df5/signflinger-8.5.1.jar because:
[        ]   Build cache is disabled
[        ]   Caching not enabled.
[        ] Caching disabled for MergeInstrumentationAnalysisTransform: /root/.gradle/caches/8.14/transforms/a9bb419057f2ec78198df5a5329559ea/transformed/analysis/instrumentation-hierarchy.bin because:
[        ]   Build cache is disabled
[        ]   Caching not enabled.
[        ] Caching disabled for ExternalDependencyInstrumentingArtifactTransform: /root/.gradle/caches/modules-2/files-2.1/com.android.tools/annotations/31.5.1/1946e7f75bc1615b4abfc0f83899934dfcbdf1fc/annotations-31.5.1.jar because:
[        ]   Build cache is disabled
[        ]   Caching not enabled.
[        ] Caching disabled for MergeInstrumentationAnalysisTransform: /root/.gradle/caches/modules-2/files-2.1/javax.annotation/javax.annotation-api/1.3.2/934c04d3cfef185a8008e7bf34331b79730a9d43/javax.annotation-api-1.3.2.jar because:
[        ]   Build cache is disabled
[        ]   Caching not enabled.
[        ] Caching disabled for MergeInstrumentationAnalysisTransform: /root/.gradle/caches/8.14/transforms/8c12647086c0a3ca5d593c8e6e97b7eb/transformed/analysis/instrumentation-dependencies.bin because:
[        ]   Build cache is disabled
[        ]   Caching not enabled.
[        ] Caching disabled for MergeInstrumentationAnalysisTransform: /root/.gradle/caches/8.14/transforms/a9bb419057f2ec78198df5a5329559ea/transformed/analysis/instrumentation-dependencies.bin because:
[        ]   Build cache is disabled
[        ]   Caching not enabled.
[        ] Caching disabled for MergeInstrumentationAnalysisTransform: /root/.gradle/caches/8.14/transforms/0e4888efffc5b1de0f2cc5286369299e/transformed/analysis/instrumentation-hierarchy.bin because:
[        ]   Build cache is disabled
[        ]   Caching not enabled.
[        ] Caching disabled for MergeInstrumentationAnalysisTransform: /root/.gradle/caches/8.14/transforms/9a9891476629ac44014c62adfce6452d/transformed/analysis/instrumentation-hierarchy.bin because:
[        ]   Build cache is disabled
[        ]   Caching not enabled.
[        ] Caching disabled for MergeInstrumentationAnalysisTransform: /root/.gradle/caches/8.14/transforms/fefff9ef1ad0af2b4d20e97600842cb4/transformed/analysis/instrumentation-hierarchy.bin because:
[        ]   Build cache is disabled
[        ]   Caching not enabled.
[        ] Caching disabled for ExternalDependencyInstrumentingArtifactTransform: /root/.gradle/caches/modules-2/files-2.1/com.android/zipflinger/8.5.1/de8e3267995699af356740cf562cbedb485f5763/zipflinger-8.5.1.jar because:
[        ]   Build cache is disabled
[        ]   Caching not enabled.
[        ] Caching disabled for MergeInstrumentationAnalysisTransform: /root/.gradle/caches/modules-2/files-2.1/jakarta.xml.bind/jakarta.xml.bind-api/2.3.2/8d49996a4338670764d7ca4b85a1c4ccf7fe665d/jakarta.xml.bind-api-2.3.2.jar because:
[        ]   Build cache is disabled
[        ]   Caching not enabled.
[        ] Caching disabled for MergeInstrumentationAnalysisTransform: /root/.gradle/caches/8.14/transforms/9a9891476629ac44014c62adfce6452d/transformed/analysis/instrumentation-dependencies.bin because:
[        ]   Build cache is disabled
[   +3 ms]   Caching not enabled.
[        ] Caching disabled for MergeInstrumentationAnalysisTransform: /root/.gradle/caches/8.14/transforms/0e4888efffc5b1de0f2cc5286369299e/transformed/analysis/instrumentation-dependencies.bin because:
[        ]   Build cache is disabled
[        ]   Caching not enabled.
[        ] Caching disabled for MergeInstrumentationAnalysisTransform: /root/.gradle/caches/modules-2/files-2.1/org.jvnet.staxex/stax-ex/1.8.1/78011e483a21102fb4858f3e8f269a677e50aa23/stax-ex-1.8.1.jar because:
[        ]   Build cache is disabled
[        ]   Caching not enabled.
[        ] Caching disabled for MergeInstrumentationAnalysisTransform: /root/.gradle/caches/8.14/transforms/fefff9ef1ad0af2b4d20e97600842cb4/transformed/analysis/instrumentation-dependencies.bin because:
[        ]   Build cache is disabled
[        ]   Caching not enabled.
[        ] Caching disabled for MergeInstrumentationAnalysisTransform: /root/.gradle/caches/8.14/transforms/9f7bf5a533b6fa8b7c91c970eaa2b8a2/transformed/analysis/instrumentation-dependencies.bin because:
[        ]   Build cache is disabled
[        ]   Caching not enabled.
[        ] Caching disabled for MergeInstrumentationAnalysisTransform: /root/.gradle/caches/8.14/transforms/c491d8608f57b6bb06428abd12a909c3/transformed/analysis/instrumentation-hierarchy.bin because:
[        ]   Build cache is disabled
[        ]   Caching not enabled.
[        ] Caching disabled for MergeInstrumentationAnalysisTransform: /root/.gradle/caches/modules-2/files-2.1/com.sun.istack/istack-commons-runtime/3.0.8/d6a97364045aa6b99bf2d3c566a3f98599c2d296/istack-commons-runtime-3.0.8.jar because:
[        ]   Build cache is disabled
[        ]   Caching not enabled.
[        ] Caching disabled for MergeInstrumentationAnalysisTransform: /root/.gradle/caches/8.14/transforms/2e9ba682fa466731a5d84bfa3e2ce06a/transformed/analysis/instrumentation-dependencies.bin because:
[        ]   Build cache is disabled
[        ]   Caching not enabled.
[        ] Caching disabled for MergeInstrumentationAnalysisTransform: /root/.gradle/caches/modules-2/files-2.1/org.glassfish.jaxb/txw2/2.3.2/ce5be7da2e442c25ec14c766cb60cb802741727b/txw2-2.3.2.jar because:
[        ]   Build cache is disabled
[        ]   Caching not enabled.
[        ] Caching disabled for MergeInstrumentationAnalysisTransform: /root/.gradle/caches/8.14/transforms/b964b2a10de25da1ef0fd6f921058bc2/transformed/analysis/instrumentation-hierarchy.bin because:
[   +1 ms]   Build cache is disabled
[        ]   Caching not enabled.
[        ] Caching disabled for MergeInstrumentationAnalysisTransform: /root/.gradle/caches/modules-2/files-2.1/com.google.auto.value/auto-value-annotations/1.6.2/ed193d86e0af90cc2342aedbe73c5d86b03fa09b/auto-value-annotations-1.6.2.jar because:
[        ]   Build cache is disabled
[        ]   Caching not enabled.
[        ] Caching disabled for MergeInstrumentationAnalysisTransform: /root/.gradle/caches/modules-2/files-2.1/com.sun.xml.fastinfoset/FastInfoset/1.2.16/4eb6a0adad553bf759ffe86927df6f3b848c8bea/FastInfoset-1.2.16.jar because:
[        ]   Build cache is disabled
[        ]   Caching not enabled.
[        ] Caching disabled for MergeInstrumentationAnalysisTransform: /root/.gradle/caches/8.14/transforms/c491d8608f57b6bb06428abd12a909c3/transformed/analysis/instrumentation-dependencies.bin because:
[        ]   Build cache is disabled
[        ]   Caching not enabled.
[        ] Caching disabled for MergeInstrumentationAnalysisTransform: /root/.gradle/caches/8.14/transforms/b964b2a10de25da1ef0fd6f921058bc2/transformed/analysis/instrumentation-dependencies.bin because:
[        ]   Build cache is disabled
[        ]   Caching not enabled.
[        ] Caching disabled for MergeInstrumentationAnalysisTransform: /root/.gradle/caches/8.14/transforms/6f8bdd5d75a2382fcea921634ccf18cb/transformed/analysis/instrumentation-hierarchy.bin because:
[        ]   Build cache is disabled
[        ]   Caching not enabled.
[        ] Caching disabled for MergeInstrumentationAnalysisTransform: /root/.gradle/caches/modules-2/files-2.1/com.google.errorprone/error_prone_annotations/2.18.0/89b684257096f548fa39a7df9fdaa409d4d4df91/error_prone_annotations-2.18.0.jar because:
[        ]   Build cache is disabled
[        ]   Caching not enabled.
[        ] Caching disabled for MergeInstrumentationAnalysisTransform: /root/.gradle/caches/8.14/transforms/d8695b060e50975c4594c2fcb6098560/transformed/analysis/instrumentation-hierarchy.bin because:
[        ]   Build cache is disabled
[        ]   Caching not enabled.
[        ] Caching disabled for MergeInstrumentationAnalysisTransform: /root/.gradle/caches/8.14/transforms/58004fb02668d400301539bc7fd0023b/transformed/analysis/instrumentation-hierarchy.bin because:
[        ]   Build cache is disabled
[        ]   Caching not enabled.
[        ] Caching disabled for MergeInstrumentationAnalysisTransform: /root/.gradle/caches/8.14/transforms/6f8bdd5d75a2382fcea921634ccf18cb/transformed/analysis/instrumentation-dependencies.bin because:
[   +1 ms]   Build cache is disabled
[        ]   Caching not enabled.
[        ] Caching disabled for ExternalDependencyInstrumentingArtifactTransform: /root/.gradle/caches/8.14/transforms/8f451681ec600b94036981850a9cf74b/transformed/merge/instrumentation-dependencies.bin because:
[        ]   Build cache is disabled
[        ]   Caching not enabled.
[        ] Caching disabled for MergeInstrumentationAnalysisTransform: /root/.gradle/caches/modules-2/files-2.1/jakarta.activation/jakarta.activation-api/1.2.1/562a587face36ec7eff2db7f2fc95425c6602bc1/jakarta.activation-api-1.2.1.jar because:
[        ]   Build cache is disabled
[        ]   Caching not enabled.
[        ] Caching disabled for MergeInstrumentationAnalysisTransform: /root/.gradle/caches/8.14/transforms/d8695b060e50975c4594c2fcb6098560/transformed/analysis/instrumentation-dependencies.bin because:
[        ]   Build cache is disabled
[        ]   Caching not enabled.
[        ] Caching disabled for MergeInstrumentationAnalysisTransform: /root/.gradle/caches/8.14/transforms/58004fb02668d400301539bc7fd0023b/transformed/analysis/instrumentation-dependencies.bin because:
[        ]   Build cache is disabled
[        ]   Caching not enabled.
[        ] Caching disabled for MergeInstrumentationAnalysisTransform: /root/.gradle/caches/modules-2/files-2.1/org.bitbucket.b_c/jose4j/0.9.5/e4ca26802488e6f16e24558d74ac8775a955fdd3/jose4j-0.9.5.jar because:
[        ]   Build cache is disabled
[        ]   Caching not enabled.
[        ] Caching disabled for MergeInstrumentationAnalysisTransform: /root/.gradle/caches/modules-2/files-2.1/org.slf4j/slf4j-api/1.7.30/b5a4b6d16ab13e34a88fae84c35cd5d68cac922c/slf4j-api-1.7.30.jar because:
[        ]   Build cache is disabled
[        ]   Caching not enabled.
[        ] Caching disabled for ExternalDependencyInstrumentingArtifactTransform: /root/.gradle/caches/modules-2/files-2.1/com.google.errorprone/error_prone_annotations/2.18.0/89b684257096f548fa39a7df9fdaa409d4d4df91/error_prone_annotations-2.18.0.jar because:
[        ]   Build cache is disabled
[        ]   Caching not enabled.
[        ] Caching disabled for MergeInstrumentationAnalysisTransform: /root/.gradle/caches/8.14/transforms/1e98e31a88d3569c883642359deaeb18/transformed/analysis/instrumentation-dependencies.bin because:
[        ]   Build cache is disabled
[        ]   Caching not enabled.
[        ] Caching disabled for MergeInstrumentationAnalysisTransform: /root/.gradle/caches/modules-2/files-2.1/org.jdom/jdom2/2.0.6/6f14738ec2e9dd0011e343717fa624a10f8aab64/jdom2-2.0.6.jar because:
[        ]   Build cache is disabled
[        ]   Caching not enabled.
[        ] Caching disabled for MergeInstrumentationAnalysisTransform: /root/.gradle/caches/modules-2/files-2.1/com.google.code.findbugs/jsr305/3.0.2/25ea2e8b0c338a877313bd4672d3fe056ea78f0d/jsr305-3.0.2.jar because:
[        ]   Build cache is disabled
[        ]   Caching not enabled.
[        ] Caching disabled for MergeInstrumentationAnalysisTransform: /root/.gradle/caches/8.14/transforms/ba62313f914ba6663c4cec7d64c7b39c/transformed/analysis/instrumentation-dependencies.bin because:
[        ]   Build cache is disabled
[        ]   Caching not enabled.
[        ] Caching disabled for MergeInstrumentationAnalysisTransform: /root/.gradle/caches/8.14/transforms/2c1c5505ea44e2d46dded4fbfa765af4/transformed/analysis/instrumentation-hierarchy.bin because:
[        ]   Build cache is disabled
[        ]   Caching not enabled.
[        ] Caching disabled for MergeInstrumentationAnalysisTransform: /root/.gradle/caches/8.14/transforms/085ab5d22c0c73b805b5ceab6a9ea7ff/transformed/analysis/instrumentation-dependencies.bin because:
[        ]   Build cache is disabled
[   +1 ms]   Caching not enabled.
[        ] Caching disabled for MergeInstrumentationAnalysisTransform: /root/.gradle/caches/8.14/transforms/fb49339d67fb50356730ac21e8958a82/transformed/analysis/instrumentation-hierarchy.bin because:
[        ]   Build cache is disabled
[        ]   Caching not enabled.
[        ] Caching disabled for MergeInstrumentationAnalysisTransform: /root/.gradle/caches/modules-2/files-2.1/com.google.j2objc/j2objc-annotations/2.8/c85270e307e7b822f1086b93689124b89768e273/j2objc-annotations-2.8.jar because:
[        ]   Build cache is disabled
[        ]   Caching not enabled.
[        ] Caching disabled for MergeInstrumentationAnalysisTransform: /root/.gradle/caches/8.14/transforms/7c9f6714a8b6f78ce01392eec620352e/transformed/analysis/instrumentation-hierarchy.bin because:
[        ]   Build cache is disabled
[        ]   Caching not enabled.
[        ] Caching disabled for MergeInstrumentationAnalysisTransform: /root/.gradle/caches/8.14/transforms/7c9f6714a8b6f78ce01392eec620352e/transformed/analysis/instrumentation-dependencies.bin because:
[        ]   Build cache is disabled
[        ]   Caching not enabled.
[        ] Caching disabled for MergeInstrumentationAnalysisTransform: /root/.gradle/caches/modules-2/files-2.1/org.codehaus.mojo/animal-sniffer-annotations/1.23/3c0daebd5f0e1ce72cc50c818321ac957aeb5d70/animal-sniffer-annotations-1.23.jar because:
[        ]   Build cache is disabled
[        ]   Caching not enabled.
[        ] Caching disabled for MergeInstrumentationAnalysisTransform: /root/.gradle/caches/8.14/transforms/2c1c5505ea44e2d46dded4fbfa765af4/transformed/analysis/instrumentation-dependencies.bin because:
[        ]   Build cache is disabled
[        ]   Caching not enabled.
[        ] Caching disabled for MergeInstrumentationAnalysisTransform: /root/.gradle/caches/modules-2/files-2.1/com.google.android/annotations/4.1.1.4/a1678ba907bf92691d879fef34e1a187038f9259/annotations-4.1.1.4.jar because:
[        ]   Build cache is disabled
[        ]   Caching not enabled.
[        ] Caching disabled for MergeInstrumentationAnalysisTransform: /root/.gradle/caches/8.14/transforms/fb49339d67fb50356730ac21e8958a82/transformed/analysis/instrumentation-dependencies.bin because:
[        ]   Build cache is disabled
[        ]   Caching not enabled.
[        ] Caching disabled for ExternalDependencyInstrumentingArtifactTransform: /root/.gradle/caches/8.14/transforms/ea8778f2dd2dcbbaa581252cc1feb224/transformed/merge/instrumentation-dependencies.bin because:
[        ]   Build cache is disabled
[        ]   Caching not enabled.
[        ] Caching disabled for ExternalDependencyInstrumentingArtifactTransform: /root/.gradle/caches/8.14/transforms/6264e9360fafafefaa20393e5ad1b862/transformed/merge/instrumentation-dependencies.bin because:
[        ]   Build cache is disabled
[        ]   Caching not enabled.
[        ] Caching disabled for MergeInstrumentationAnalysisTransform: /root/.gradle/caches/modules-2/files-2.1/io.perfmark/perfmark-api/0.26.0/ef65452adaf20bf7d12ef55913aba24037b82738/perfmark-api-0.26.0.jar because:
[        ]   Build cache is disabled
[        ]   Caching not enabled.
[        ] Caching disabled for MergeInstrumentationAnalysisTransform: /root/.gradle/caches/8.14/transforms/6eea777d73d3847fc26b13a7fcb86bd1/transformed/analysis/instrumentation-hierarchy.bin because:
[        ]   Build cache is disabled
[        ]   Caching not enabled.
[        ] Caching disabled for MergeInstrumentationAnalysisTransform: /root/.gradle/caches/modules-2/files-2.1/io.netty/netty-handler-proxy/4.1.93.Final/c165c1efe1b9c0cc22546a057b530611a088768b/netty-handler-proxy-4.1.93.Final.jar because:
[        ]   Build cache is disabled
[        ]   Caching not enabled.
[        ] Caching disabled for MergeInstrumentationAnalysisTransform: /root/.gradle/caches/8.14/transforms/6eea777d73d3847fc26b13a7fcb86bd1/transformed/analysis/instrumentation-dependencies.bin because:
[        ]   Build cache is disabled
[        ]   Caching not enabled.
[        ] Caching disabled for ExternalDependencyInstrumentingArtifactTransform: /root/.gradle/caches/8.14/transforms/85ccfcb87ebc0ee9e6269685f2559d41/transformed/merge/instrumentation-dependencies.bin because:
[        ]   Build cache is disabled
[        ]   Caching not enabled.
[        ] Caching disabled for ExternalDependencyInstrumentingArtifactTransform: /root/.gradle/caches/8.14/transforms/35fac707b74b2b04ab302d06e7372741/transformed/merge/instrumentation-dependencies.bin because:
[        ]   Build cache is disabled
[        ]   Caching not enabled.
[        ] Caching disabled for MergeInstrumentationAnalysisTransform: /root/.gradle/caches/modules-2/files-2.1/io.netty/netty-codec-http2/4.1.93.Final/f1625b43bde13ec057da0d2fe381ded2547a70e/netty-codec-http2-4.1.93.Final.jar because:
[        ]   Build cache is disabled
[        ]   Caching not enabled.
[        ] Caching disabled for ExternalDependencyInstrumentingArtifactTransform: /root/.gradle/caches/modules-2/files-2.1/org.codehaus.mojo/animal-sniffer-annotations/1.23/3c0daebd5f0e1ce72cc50c818321ac957aeb5d70/animal-sniffer-annotations-1.23.jar because:
[        ]   Build cache is disabled
[        ]   Caching not enabled.
[        ] Caching disabled for ExternalDependencyInstrumentingArtifactTransform: /root/.gradle/caches/modules-2/files-2.1/com.google.j2objc/j2objc-annotations/2.8/c85270e307e7b822f1086b93689124b89768e273/j2objc-annotations-2.8.jar because:
[        ]   Build cache is disabled
[   +1 ms]   Caching not enabled.
[        ] Caching disabled for MergeInstrumentationAnalysisTransform: /root/.gradle/caches/modules-2/files-2.1/io.netty/netty-codec-http/4.1.93.Final/36acf0c94d03eb6ecef78a749a32cbb7dc0c57b4/netty-codec-http-4.1.93.Final.jar because:
[        ]   Build cache is disabled
[        ]   Caching not enabled.
[        ] Caching disabled for ExternalDependencyInstrumentingArtifactTransform: /root/.gradle/caches/8.14/transforms/ace4b39c2b069cd02c163343cd0f6f4a/transformed/merge/instrumentation-dependencies.bin because:
[        ]   Build cache is disabled
[        ]   Caching not enabled.
[        ] Caching disabled for MergeInstrumentationAnalysisTransform: /root/.gradle/caches/8.14/transforms/93aa9e21b58bd2147002bf0d45409f6d/transformed/analysis/instrumentation-hierarchy.bin because:
[        ]   Build cache is disabled
[        ]   Caching not enabled.
[        ] Caching disabled for ExternalDependencyInstrumentingArtifactTransform: /root/.gradle/caches/modules-2/files-2.1/io.perfmark/perfmark-api/0.26.0/ef65452adaf20bf7d12ef55913aba24037b82738/perfmark-api-0.26.0.jar because:
[        ]   Build cache is disabled
[        ]   Caching not enabled.
[        ] Caching disabled for ExternalDependencyInstrumentingArtifactTransform: /root/.gradle/caches/modules-2/files-2.1/io.netty/netty-handler-proxy/4.1.93.Final/c165c1efe1b9c0cc22546a057b530611a088768b/netty-handler-proxy-4.1.93.Final.jar because:
[        ]   Build cache is disabled
[        ]   Caching not enabled.
[        ] Caching disabled for ExternalDependencyInstrumentingArtifactTransform: /root/.gradle/caches/8.14/transforms/f59cf9237c436dc949ddf2b45649de6b/transformed/merge/instrumentation-dependencies.bin because:
[        ]   Build cache is disabled
[        ]   Caching not enabled.
[        ] Caching disabled for MergeInstrumentationAnalysisTransform: /root/.gradle/caches/8.14/transforms/34914867655c864bc8af15d1c3172054/transformed/analysis/instrumentation-hierarchy.bin because:
[        ]   Build cache is disabled
[        ]   Caching not enabled.
[        ] Caching disabled for MergeInstrumentationAnalysisTransform: /root/.gradle/caches/8.14/transforms/93aa9e21b58bd2147002bf0d45409f6d/transformed/analysis/instrumentation-dependencies.bin because:
[        ]   Build cache is disabled
[        ]   Caching not enabled.
[   +1 ms] Caching disabled for MergeInstrumentationAnalysisTransform: /root/.gradle/caches/8.14/transforms/22c24790be97e98a9417f35d2063d1ed/transformed/analysis/instrumentation-dependencies.bin because:
[        ]   Build cache is disabled
[        ]   Caching not enabled.
[        ] Caching disabled for MergeInstrumentationAnalysisTransform: /root/.gradle/caches/8.14/transforms/34914867655c864bc8af15d1c3172054/transformed/analysis/instrumentation-dependencies.bin because:
[        ]   Build cache is disabled
[        ]   Caching not enabled.
[  +71 ms] Caching disabled for MergeInstrumentationAnalysisTransform: /root/.gradle/caches/8.14/transforms/059495c8615bae36d0fc93a846ab4920/transformed/analysis/instrumentation-hierarchy.bin because:
[        ]   Build cache is disabled
[        ]   Caching not enabled.
[        ] Caching disabled for MergeInstrumentationAnalysisTransform: /root/.gradle/caches/8.14/transforms/059495c8615bae36d0fc93a846ab4920/transformed/analysis/instrumentation-dependencies.bin because:
[        ]   Build cache is disabled
[        ]   Caching not enabled.
[        ] Caching disabled for MergeInstrumentationAnalysisTransform: /root/.gradle/caches/modules-2/files-2.1/io.netty/netty-transport-native-unix-common/4.1.93.Final/f4fb8b4c8da539091f43abcbb9f0389e48807eea/netty-transport-native-unix-common-4.1.93.Final.jar because:
[   +1 ms]   Build cache is disabled
[        ]   Caching not enabled.
[        ] Caching disabled for MergeInstrumentationAnalysisTransform: /root/.gradle/caches/modules-2/files-2.1/io.netty/netty-handler/4.1.93.Final/10f7ed9d8e1bfcba416074c70e5388be96116bfc/netty-handler-4.1.93.Final.jar because:
[        ]   Build cache is disabled
[        ]   Caching not enabled.
[        ] Caching disabled for MergeInstrumentationAnalysisTransform: /root/.gradle/caches/modules-2/files-2.1/org.checkerframework/checker-qual/3.33.0/de2b60b62da487644fc11f734e73c8b0b431238f/checker-qual-3.33.0.jar because:
[        ]   Build cache is disabled
[        ]   Caching not enabled.
[        ] Caching disabled for ExternalDependencyInstrumentingArtifactTransform: /root/.gradle/caches/8.14/transforms/cdefa747ce74e5699152b80a521f2a0e/transformed/merge/instrumentation-dependencies.bin because:
[   +1 ms]   Build cache is disabled
[        ]   Caching not enabled.
[        ] Caching disabled for ExternalDependencyInstrumentingArtifactTransform: /root/.gradle/caches/8.14/transforms/dfaf097d90d871c782de89d70ecef39e/transformed/merge/instrumentation-dependencies.bin because:
[        ]   Build cache is disabled
[        ]   Caching not enabled.
[        ] Caching disabled for MergeInstrumentationAnalysisTransform: /root/.gradle/caches/modules-2/files-2.1/commons-codec/commons-codec/1.11/3acb4705652e16236558f0f4f2192cc33c3bd189/commons-codec-1.11.jar because:
[        ]   Build cache is disabled
[   +1 ms]   Caching not enabled.
[        ] Caching disabled for ExternalDependencyInstrumentingArtifactTransform: /root/.gradle/caches/8.14/transforms/afda04163223fe4a2db5b67964ee8295/transformed/merge/instrumentation-dependencies.bin because:
[        ]   Build cache is disabled
[        ]   Caching not enabled.
[        ] Caching disabled for MergeInstrumentationAnalysisTransform: /root/.gradle/caches/8.14/transforms/4a6ad881c1f8b8c93d37ddffc8f4f3a1/transformed/analysis/instrumentation-hierarchy.bin because:
[        ]   Build cache is disabled
[        ]   Caching not enabled.
[        ] Caching disabled for MergeInstrumentationAnalysisTransform: /root/.gradle/caches/8.14/transforms/4a6ad881c1f8b8c93d37ddffc8f4f3a1/transformed/analysis/instrumentation-dependencies.bin because:
[        ]   Build cache is disabled
[        ]   Caching not enabled.
[        ] Caching disabled for MergeInstrumentationAnalysisTransform: /root/.gradle/caches/modules-2/files-2.1/com.android.tools.build/apksig/8.5.1/d51ecbc4a5b7a2c7832586a4dde18f61d92810a4/apksig-8.5.1.jar because:
[        ]   Build cache is disabled
[        ]   Caching not enabled.
[        ] Caching disabled for ExternalDependencyInstrumentingArtifactTransform: /root/.gradle/caches/8.14/transforms/7630bd7799dec8646b6c282afc59d7a4/transformed/merge/instrumentation-dependencies.bin because:
[        ]   Build cache is disabled
[        ]   Caching not enabled.
[        ] Caching disabled for ExternalDependencyInstrumentingArtifactTransform: /root/.gradle/caches/modules-2/files-2.1/io.netty/netty-transport-native-unix-common/4.1.93.Final/f4fb8b4c8da539091f43abcbb9f0389e48807eea/netty-transport-native-unix-common-4.1.93.Final.jar because:
[        ]   Build cache is disabled
[        ]   Caching not enabled.
[        ] Caching disabled for MergeInstrumentationAnalysisTransform: /root/.gradle/caches/8.14/transforms/2d6ad7057afe351af184d49f5efa7fa0/transformed/analysis/instrumentation-hierarchy.bin because:
[        ]   Build cache is disabled
[        ]   Caching not enabled.
[        ] Caching disabled for MergeInstrumentationAnalysisTransform: /root/.gradle/caches/8.14/transforms/2d6ad7057afe351af184d49f5efa7fa0/transformed/analysis/instrumentation-dependencies.bin because:
[        ]   Build cache is disabled
[        ]   Caching not enabled.
[        ] Caching disabled for MergeInstrumentationAnalysisTransform: /root/.gradle/caches/modules-2/files-2.1/com.squareup/javawriter/2.5.0/81241ff7078ef14f42ea2a8995fa09c096256e6b/javawriter-2.5.0.jar because:
[        ]   Build cache is disabled
[        ]   Caching not enabled.
[        ] Caching disabled for MergeInstrumentationAnalysisTransform: /root/.gradle/caches/8.14/transforms/2d952aba5eede5fb4e1f256b2006639a/transformed/analysis/instrumentation-dependencies.bin because:
[        ]   Build cache is disabled
[        ]   Caching not enabled.
[        ] Caching disabled for ExternalDependencyInstrumentingArtifactTransform: /root/.gradle/caches/modules-2/files-2.1/io.netty/netty-codec-http/4.1.93.Final/36acf0c94d03eb6ecef78a749a32cbb7dc0c57b4/netty-codec-http-4.1.93.Final.jar because:
[        ]   Build cache is disabled
[        ]   Caching not enabled.
[        ] Caching disabled for ExternalDependencyInstrumentingArtifactTransform: /root/.gradle/caches/modules-2/files-2.1/io.netty/netty-codec-http2/4.1.93.Final/f1625b43bde13ec057da0d2fe381ded2547a70e/netty-codec-http2-4.1.93.Final.jar because:
[        ]   Build cache is disabled
[        ]   Caching not enabled.
[        ] Caching disabled for ExternalDependencyInstrumentingArtifactTransform: /root/.gradle/caches/modules-2/files-2.1/org.checkerframework/checker-qual/3.33.0/de2b60b62da487644fc11f734e73c8b0b431238f/checker-qual-3.33.0.jar because:
[        ]   Build cache is disabled
[        ]   Caching not enabled.
[        ] Caching disabled for MergeInstrumentationAnalysisTransform: /root/.gradle/caches/modules-2/files-2.1/com.google.guava/failureaccess/1.0.1/1dcf1de382a0bf95a3d8b0849546c88bac1292c9/failureaccess-1.0.1.jar because:
[        ]   Build cache is disabled
[        ]   Caching not enabled.
[        ] Caching disabled for MergeInstrumentationAnalysisTransform: /root/.gradle/caches/8.14/transforms/b4e207aa96e8d470c5c1c936134d8f4c/transformed/analysis/instrumentation-dependencies.bin because:
[        ]   Build cache is disabled
[        ]   Caching not enabled.
[        ] Caching disabled for MergeInstrumentationAnalysisTransform: /root/.gradle/caches/8.14/transforms/8e362c5f3c362fbc630f6643bca41639/transformed/analysis/instrumentation-hierarchy.bin because:
[        ]   Build cache is disabled
[        ]   Caching not enabled.
[        ] Caching disabled for MergeInstrumentationAnalysisTransform: /root/.gradle/caches/8.14/transforms/b61fb44fc1d8321fadf92de7a61bc6d5/transformed/analysis/instrumentation-hierarchy.bin because:
[        ]   Build cache is disabled
[        ]   Caching not enabled.
[        ] Caching disabled for MergeInstrumentationAnalysisTransform: /root/.gradle/caches/8.14/transforms/55a85a0531de113e25f31ab47bad8e31/transformed/analysis/instrumentation-hierarchy.bin because:
[        ]   Build cache is disabled
[        ]   Caching not enabled.
[        ] Caching disabled for MergeInstrumentationAnalysisTransform: /root/.gradle/caches/modules-2/files-2.1/com.google.guava/listenablefuture/9999.0-empty-to-avoid-conflict-with-guava/b421526c5f297295adef1c886e5246c39d4ac629/listenablefuture-9999.0-empty-to-avoid-conflict-with-guava.jar because:
[        ]   Build cache is disabled
[        ]   Caching not enabled.
[        ] Caching disabled for MergeInstrumentationAnalysisTransform: /root/.gradle/caches/8.14/transforms/8e362c5f3c362fbc630f6643bca41639/transformed/analysis/instrumentation-dependencies.bin because:
[        ]   Build cache is disabled
[        ]   Caching not enabled.
[        ] Caching disabled for MergeInstrumentationAnalysisTransform: /root/.gradle/caches/8.14/transforms/55a85a0531de113e25f31ab47bad8e31/transformed/analysis/instrumentation-dependencies.bin because:
[        ]   Build cache is disabled
[        ]   Caching not enabled.
[        ] Caching disabled for MergeInstrumentationAnalysisTransform: /root/.gradle/caches/8.14/transforms/76a64f71bbd7e2d3272a45437d47cdd0/transformed/analysis/instrumentation-hierarchy.bin because:
[        ]   Build cache is disabled
[        ]   Caching not enabled.
[        ] Caching disabled for MergeInstrumentationAnalysisTransform: /root/.gradle/caches/8.14/transforms/b61fb44fc1d8321fadf92de7a61bc6d5/transformed/analysis/instrumentation-dependencies.bin because:
[        ]   Build cache is disabled
[        ]   Caching not enabled.
[        ] Caching disabled for MergeInstrumentationAnalysisTransform: /root/.gradle/caches/modules-2/files-2.1/commons-logging/commons-logging/1.2/4bfc12adfe4842bf07b657f0369c4cb522955686/commons-logging-1.2.jar because:
[        ]   Build cache is disabled
[        ]   Caching not enabled.
[        ] Caching disabled for MergeInstrumentationAnalysisTransform: /root/.gradle/caches/modules-2/files-2.1/io.netty/netty-codec-socks/4.1.93.Final/81ca78969afc60073e47c3b7b361cc3839392c73/netty-codec-socks-4.1.93.Final.jar because:
[        ]   Build cache is disabled
[        ]   Caching not enabled.
[        ] Caching disabled for MergeInstrumentationAnalysisTransform: /root/.gradle/caches/8.14/transforms/709c5952c06f691f28b54c313b7a0c9a/transformed/analysis/instrumentation-hierarchy.bin because:
[        ]   Build cache is disabled
[        ]   Caching not enabled.
[        ] Caching disabled for MergeInstrumentationAnalysisTransform: /root/.gradle/caches/8.14/transforms/76a64f71bbd7e2d3272a45437d47cdd0/transformed/analysis/instrumentation-dependencies.bin because:
[        ]   Build cache is disabled
[        ]   Caching not enabled.
[        ] Caching disabled for MergeInstrumentationAnalysisTransform: /root/.gradle/caches/modules-2/files-2.1/net.java.dev.jna/jna/5.6.0/330f2244e9030119ab3030fc3fededc86713d9cc/jna-5.6.0.jar because:
[        ]   Build cache is disabled
[        ]   Caching not enabled.
[        ] Caching disabled for ExternalDependencyInstrumentingArtifactTransform: /root/.gradle/caches/8.14/transforms/1b1cc0289dfd5a52e2e2a7e21fadf5e1/transformed/merge/instrumentation-dependencies.bin because:
[        ]   Build cache is disabled
[        ]   Caching not enabled.
[        ] Caching disabled for MergeInstrumentationAnalysisTransform: /root/.gradle/caches/8.14/transforms/709c5952c06f691f28b54c313b7a0c9a/transformed/analysis/instrumentation-dependencies.bin because:
[        ]   Build cache is disabled
[        ]   Caching not enabled.
[        ] Caching disabled for MergeInstrumentationAnalysisTransform: /root/.gradle/caches/8.14/transforms/8bf72f769a0f728290cd5d67a8d37d13/transformed/analysis/instrumentation-hierarchy.bin because:
[        ]   Build cache is disabled
[        ]   Caching not enabled.
[        ] Caching disabled for MergeInstrumentationAnalysisTransform: /root/.gradle/caches/modules-2/files-2.1/io.netty/netty-codec/4.1.93.Final/503badb458b6586632be8d1f81aa4e5ab99a80fc/netty-codec-4.1.93.Final.jar because:
[        ]   Build cache is disabled
[        ]   Caching not enabled.
[        ] Caching disabled for MergeInstrumentationAnalysisTransform: /root/.gradle/caches/8.14/transforms/8bf72f769a0f728290cd5d67a8d37d13/transformed/analysis/instrumentation-dependencies.bin because:
[        ]   Build cache is disabled
[        ]   Caching not enabled.
[        ] Caching disabled for ExternalDependencyInstrumentingArtifactTransform: /root/.gradle/caches/8.14/transforms/484e891dafdfde9c0804e3969f3163b2/transformed/merge/instrumentation-dependencies.bin because:
[        ]   Build cache is disabled
[        ]   Caching not enabled.
[        ] Caching disabled for MergeInstrumentationAnalysisTransform: /root/.gradle/caches/modules-2/files-2.1/io.netty/netty-transport/4.1.93.Final/1a0894915c8027ce83b4d6a811c4e765955efd15/netty-transport-4.1.93.Final.jar because:
[        ]   Build cache is disabled
[        ]   Caching not enabled.
[        ] Caching disabled for ExternalDependencyInstrumentingArtifactTransform: /root/.gradle/caches/modules-2/files-2.1/io.netty/netty-codec-socks/4.1.93.Final/81ca78969afc60073e47c3b7b361cc3839392c73/netty-codec-socks-4.1.93.Final.jar because:
[        ]   Build cache is disabled
[        ]   Caching not enabled.
[        ] Caching disabled for ExternalDependencyInstrumentingArtifactTransform: /root/.gradle/caches/modules-2/files-2.1/io.netty/netty-handler/4.1.93.Final/10f7ed9d8e1bfcba416074c70e5388be96116bfc/netty-handler-4.1.93.Final.jar because:
[        ]   Build cache is disabled
[        ]   Caching not enabled.
[        ] Caching disabled for ExternalDependencyInstrumentingArtifactTransform: /root/.gradle/caches/modules-2/files-2.1/com.android.tools.build/apksig/8.5.1/d51ecbc4a5b7a2c7832586a4dde18f61d92810a4/apksig-8.5.1.jar because:
[        ]   Build cache is disabled
[        ]   Caching not enabled.
[        ] Caching disabled for MergeInstrumentationAnalysisTransform: /root/.gradle/caches/modules-2/files-2.1/io.netty/netty-buffer/4.1.93.Final/87fac21f4ef95157866b07b48e3c707a2f13c581/netty-buffer-4.1.93.Final.jar because:
[        ]   Build cache is disabled
[        ]   Caching not enabled.
[        ] Caching disabled for ExternalDependencyInstrumentingArtifactTransform: /root/.gradle/caches/8.14/transforms/5132008fd491dcd5d66bd0b83d632a59/transformed/merge/instrumentation-dependencies.bin because:
[        ]   Build cache is disabled
[        ]   Caching not enabled.
[        ] Caching disabled for MergeInstrumentationAnalysisTransform: /root/.gradle/caches/8.14/transforms/4aae65b5640f6afbbbc4bfb1e535d15a/transformed/analysis/instrumentation-hierarchy.bin because:
[        ]   Build cache is disabled
[        ]   Caching not enabled.
[        ] Caching disabled for MergeInstrumentationAnalysisTransform: /root/.gradle/caches/8.14/transforms/0c969b6970336d635796ea19a95ff646/transformed/analysis/instrumentation-hierarchy.bin because:
[        ]   Build cache is disabled
[        ]   Caching not enabled.
[        ] Caching disabled for ExternalDependencyInstrumentingArtifactTransform: /root/.gradle/caches/8.14/transforms/14da851147f130455bb0a640f08edc80/transformed/merge/instrumentation-dependencies.bin because:
[        ]   Build cache is disabled
[        ]   Caching not enabled.
[        ] Caching disabled for MergeInstrumentationAnalysisTransform: /root/.gradle/caches/8.14/transforms/4aae65b5640f6afbbbc4bfb1e535d15a/transformed/analysis/instrumentation-dependencies.bin because:
[        ]   Build cache is disabled
[        ]   Caching not enabled.
[        ] Caching disabled for MergeInstrumentationAnalysisTransform: /root/.gradle/caches/8.14/transforms/0c969b6970336d635796ea19a95ff646/transformed/analysis/instrumentation-dependencies.bin because:
[        ]   Build cache is disabled
[        ]   Caching not enabled.
[        ] Caching disabled for MergeInstrumentationAnalysisTransform: /root/.gradle/caches/modules-2/files-2.1/io.netty/netty-resolver/4.1.93.Final/3860e99075f9e078364ed38f6d6fc8825b7a168a/netty-resolver-4.1.93.Final.jar because:
[        ]   Build cache is disabled
[        ]   Caching not enabled.
[        ] Caching disabled for MergeInstrumentationAnalysisTransform: /root/.gradle/caches/modules-2/files-2.1/io.netty/netty-common/4.1.93.Final/1cfc49b91b0d3ddb30c9f7d8467e5d02ae8babdf/netty-common-4.1.93.Final.jar because:
[        ]   Build cache is disabled
[        ]   Caching not enabled.
[  +77 ms] Caching disabled for ExternalDependencyInstrumentingArtifactTransform: /root/.gradle/caches/8.14/transforms/cbc39b64f98340361685c330f8d76f36/transformed/merge/instrumentation-dependencies.bin because:
[        ]   Build cache is disabled
[        ]   Caching not enabled.
[        ] Caching disabled for ExternalDependencyInstrumentingArtifactTransform: /root/.gradle/caches/8.14/transforms/67f7d6678ba133baf3256857cde39ee6/transformed/merge/instrumentation-dependencies.bin because:
[        ]   Build cache is disabled
[        ]   Caching not enabled.
[        ] Caching disabled for ExternalDependencyInstrumentingArtifactTransform: /root/.gradle/caches/modules-2/files-2.1/io.netty/netty-resolver/4.1.93.Final/3860e99075f9e078364ed38f6d6fc8825b7a168a/netty-resolver-4.1.93.Final.jar because:
[        ]   Build cache is disabled
[        ]   Caching not enabled.
[        ] Caching disabled for ExternalDependencyInstrumentingArtifactTransform: /root/.gradle/caches/modules-2/files-2.1/com.google.guava/guava/32.0.1-jre/6e5d51a72d142f2d40a57dfb897188b36a95b489/guava-32.0.1-jre.jar because:
[        ]   Build cache is disabled
[        ]   Caching not enabled.
[        ] Caching disabled for ExternalDependencyInstrumentingArtifactTransform: /root/.gradle/caches/modules-2/files-2.1/io.netty/netty-codec/4.1.93.Final/503badb458b6586632be8d1f81aa4e5ab99a80fc/netty-codec-4.1.93.Final.jar because:
[        ]   Build cache is disabled
[        ]   Caching not enabled.
[        ] Caching disabled for ExternalDependencyInstrumentingArtifactTransform: /root/.gradle/caches/modules-2/files-2.1/io.netty/netty-buffer/4.1.93.Final/87fac21f4ef95157866b07b48e3c707a2f13c581/netty-buffer-4.1.93.Final.jar because:
[        ]   Build cache is disabled
[        ]   Caching not enabled.
[        ] Caching disabled for ExternalDependencyInstrumentingArtifactTransform: /root/.gradle/caches/modules-2/files-2.1/io.netty/netty-transport/4.1.93.Final/1a0894915c8027ce83b4d6a811c4e765955efd15/netty-transport-4.1.93.Final.jar because:
[        ]   Build cache is disabled
[        ]   Caching not enabled.
[        ] Caching disabled for ExternalDependencyInstrumentingArtifactTransform: /root/.gradle/caches/modules-2/files-2.1/io.netty/netty-common/4.1.93.Final/1cfc49b91b0d3ddb30c9f7d8467e5d02ae8babdf/netty-common-4.1.93.Final.jar because:
[        ]   Build cache is disabled
[        ]   Caching not enabled.
[ +198 ms] Caching disabled for ExternalDependencyInstrumentingArtifactTransform: /root/.gradle/caches/modules-2/files-2.1/com.android.tools.build/builder/8.5.1/750409c265fc23845223f47ed78da47548b3cd3a/builder-8.5.1.jar because:
[        ]   Build cache is disabled
[        ]   Caching not enabled.
[  +99 ms] Caching disabled for ExternalDependencyInstrumentingArtifactTransform: /root/.gradle/caches/modules-2/files-2.1/com.android.tools.build/gradle/8.5.1/63917e0cb0febbb89f2b9da9438895e51f7f9baf/gradle-8.5.1.jar because:
[        ]   Build cache is disabled
[        ]   Caching not enabled.
[        ] Caching disabled for ExternalDependencyInstrumentingArtifactTransform: /root/.gradle/caches/modules-2/files-2.1/com.android.tools.analytics-library/protos/31.5.1/88613dda7977cb93625ab9cc7c72608ba67bc9cd/protos-31.5.1.jar because:
[        ]   Build cache is disabled
[        ]   Caching not enabled.
[        ] Caching disabled for ExternalDependencyInstrumentingArtifactTransform: /root/.gradle/caches/modules-2/files-2.1/org.bouncycastle/bcprov-jdk18on/1.77/2cc971b6c20949c1ff98d1a4bc741ee848a09523/bcprov-jdk18on-1.77.jar because:
[        ]   Build cache is disabled
[        ]   Caching not enabled.
[  +99 ms] Caching disabled for ExternalDependencyInstrumentingArtifactTransform: /root/.gradle/caches/modules-2/files-2.1/com.android.tools.build/bundletool/1.16.0/88e6c67d315e7d2a860bb00b1bd93914f2c4fd33/bundletool-1.16.0.jar because:
[        ]   Build cache is disabled
[        ]   Caching not enabled.
[+1299 ms] Caching disabled for Groovy DSL script compilation (proj) because:
[        ]   Build cache is disabled
[        ]   Not worth caching.
[        ] Compiling build file '/root/.pub-cache/hosted/pub.dev/flutter_secure_storage-9.2.4/android/build.gradle' using BuildScriptTransformer.
[  +99 ms] Using default execution profile
[+2000 ms] > Configure project :flutter_sound
[        ] Evaluating project ':flutter_sound' using build file '/root/.pub-cache/hosted/pub.dev/flutter_sound-9.30.0/android/build.gradle'.
[        ] Caching disabled for Groovy DSL script compilation (cp_proj) because:
[        ]   Build cache is disabled
[        ]   Not worth caching.
[        ] Compiling build file '/root/.pub-cache/hosted/pub.dev/flutter_sound-9.30.0/android/build.gradle' using SubsetScriptTransformer.
[        ] Downloading https://dl.google.com/dl/android/maven2/com/android/tools/build/gradle/8.6.0/gradle-8.6.0.pom to /root/.gradle/.tmp/gradle_download17273440322900011350bin
[        ] Downloading https://dl.google.com/dl/android/maven2/com/android/tools/build/gradle/8.6.0/gradle-8.6.0.module to /root/.gradle/.tmp/gradle_download3552530803080336973bin
[        ] Downloading https://dl.google.com/dl/android/maven2/com/android/tools/analytics-library/crash/31.6.0/crash-31.6.0.pom to /root/.gradle/.tmp/gradle_download9299403300386266078bin
[        ] Downloading https://dl.google.com/dl/android/maven2/com/android/tools/sdklib/31.6.0/sdklib-31.6.0.pom to /root/.gradle/.tmp/gradle_download13627386941997363817bin
[        ] Downloading https://dl.google.com/dl/android/maven2/com/android/tools/sdk-common/31.6.0/sdk-common-31.6.0.pom to /root/.gradle/.tmp/gradle_download16426463443436416268bin
[        ] Downloading https://dl.google.com/dl/android/maven2/com/android/tools/repository/31.6.0/repository-31.6.0.pom to /root/.gradle/.tmp/gradle_download7425677765219553908bin
[        ] Downloading https://dl.google.com/dl/android/maven2/com/android/tools/ddms/ddmlib/31.6.0/ddmlib-31.6.0.pom to /root/.gradle/.tmp/gradle_download2865942051984187818bin
[        ] Downloading https://dl.google.com/dl/android/maven2/com/android/tools/build/gradle-settings-api/8.6.0/gradle-settings-api-8.6.0.pom to /root/.gradle/.tmp/gradle_download8988318148839539043bin
[        ] Downloading https://dl.google.com/dl/android/maven2/com/android/tools/lint/lint-typedef-remover/31.6.0/lint-typedef-remover-31.6.0.pom to /root/.gradle/.tmp/gradle_download13465417792132592825bin
[        ] Downloading https://dl.google.com/dl/android/maven2/com/android/tools/build/aaptcompiler/8.6.0/aaptcompiler-8.6.0.pom to /root/.gradle/.tmp/gradle_download12651282982102107357bin
[        ] Downloading https://dl.google.com/dl/android/maven2/androidx/databinding/databinding-compiler-common/8.6.0/databinding-compiler-common-8.6.0.pom to /root/.gradle/.tmp/gradle_download823101841607775527bin
[        ] Downloading https://dl.google.com/dl/android/maven2/com/android/tools/analytics-library/shared/31.6.0/shared-31.6.0.pom to /root/.gradle/.tmp/gradle_download2813660591912892361bin
[        ] Downloading https://dl.google.com/dl/android/maven2/com/android/tools/build/aapt2-proto/8.6.0-11315950/aapt2-proto-8.6.0-11315950.pom to /root/.gradle/.tmp/gradle_download8647742332099217214bin
[        ] Downloading https://dl.google.com/dl/android/maven2/androidx/databinding/databinding-common/8.6.0/databinding-common-8.6.0.pom to /root/.gradle/.tmp/gradle_download7341073652727676040bin
[        ] Downloading https://dl.google.com/dl/android/maven2/com/android/tools/utp/android-test-plugin-host-additional-test-output-proto/31.6.0/android-test-plugin-host-additional-test-output-proto-31.6.0.pom to /root/.gradle/.tmp/gradle_download17838552299298047279bin
[        ] Downloading https://dl.google.com/dl/android/maven2/com/android/tools/build/builder-test-api/8.6.0/builder-test-api-8.6.0.pom to /root/.gradle/.tmp/gradle_download1909353868839411546bin
[        ] Downloading https://dl.google.com/dl/android/maven2/com/android/tools/utp/android-device-provider-ddmlib-proto/31.6.0/android-device-provider-ddmlib-proto-31.6.0.pom to /root/.gradle/.tmp/gradle_download17191876246730015732bin
[        ] Downloading https://dl.google.com/dl/android/maven2/com/android/tools/layoutlib/layoutlib-api/31.6.0/layoutlib-api-31.6.0.pom to /root/.gradle/.tmp/gradle_download12439127344039085870bin
[        ] Downloading https://dl.google.com/dl/android/maven2/com/android/tools/build/aaptcompiler/8.6.0/aaptcompiler-8.6.0.module to /root/.gradle/.tmp/gradle_download10141470930026013727bin
[        ] Downloading https://dl.google.com/dl/android/maven2/com/android/databinding/baseLibrary/8.6.0/baseLibrary-8.6.0.pom to /root/.gradle/.tmp/gradle_download16373696454078364439bin
[        ] Downloading https://dl.google.com/dl/android/maven2/com/android/tools/utp/android-device-provider-gradle-proto/31.6.0/android-device-provider-gradle-proto-31.6.0.pom to /root/.gradle/.tmp/gradle_download7571104963565872861bin
[        ] Downloading https://dl.google.com/dl/android/maven2/com/android/tools/build/gradle-settings-api/8.6.0/gradle-settings-api-8.6.0.module to /root/.gradle/.tmp/gradle_download11436572342996777486bin
[        ] Downloading https://dl.google.com/dl/android/maven2/com/android/tools/utp/android-test-plugin-host-emulator-control-proto/31.6.0/android-test-plugin-host-emulator-control-proto-31.6.0.pom to /root/.gradle/.tmp/gradle_download7635132269936854246bin
[  +98 ms] Downloading https://dl.google.com/dl/android/maven2/com/android/tools/build/builder-test-api/8.6.0/builder-test-api-8.6.0.module to /root/.gradle/.tmp/gradle_download4116515130737098672bin
[        ] Downloading https://dl.google.com/dl/android/maven2/com/android/tools/utp/android-test-plugin-result-listener-gradle-proto/31.6.0/android-test-plugin-result-listener-gradle-proto-31.6.0.pom to /root/.gradle/.tmp/gradle_download9644498302957287087bin
[        ] Downloading https://dl.google.com/dl/android/maven2/com/android/tools/build/builder/8.6.0/builder-8.6.0.pom to /root/.gradle/.tmp/gradle_download11456385744597819987bin
[        ] Downloading https://dl.google.com/dl/android/maven2/com/android/tools/utp/android-test-plugin-host-logcat-proto/31.6.0/android-test-plugin-host-logcat-proto-31.6.0.pom to /root/.gradle/.tmp/gradle_download14791268971562399102bin
[        ] Downloading https://dl.google.com/dl/android/maven2/com/android/tools/utp/android-test-plugin-host-apk-installer-proto/31.6.0/android-test-plugin-host-apk-installer-proto-31.6.0.pom to /root/.gradle/.tmp/gradle_download7906685687153998674bin
[        ] Downloading https://dl.google.com/dl/android/maven2/com/android/tools/build/gradle-api/8.6.0/gradle-api-8.6.0.pom to /root/.gradle/.tmp/gradle_download8548629245295403945bin
[        ] Downloading https://dl.google.com/dl/android/maven2/com/android/tools/utp/android-test-plugin-host-retention-proto/31.6.0/android-test-plugin-host-retention-proto-31.6.0.pom to /root/.gradle/.tmp/gradle_download2177889268080329091bin
[        ] Downloading https://dl.google.com/dl/android/maven2/com/android/tools/build/builder-model/8.6.0/builder-model-8.6.0.pom to /root/.gradle/.tmp/gradle_download16117416950862210053bin
[  +99 ms] Downloading https://dl.google.com/dl/android/maven2/com/android/tools/lint/lint-model/31.6.0/lint-model-31.6.0.pom to /root/.gradle/.tmp/gradle_download18285198275396638988bin
[        ] Downloading https://dl.google.com/dl/android/maven2/com/android/tools/utp/android-test-plugin-host-coverage-proto/31.6.0/android-test-plugin-host-coverage-proto-31.6.0.pom to /root/.gradle/.tmp/gradle_download1161850359701362056bin
[  +99 ms] Downloading https://dl.google.com/dl/android/maven2/com/android/tools/build/aapt2-proto/8.6.0-11315950/aapt2-proto-8.6.0-11315950.module to /root/.gradle/.tmp/gradle_download620942834544817987bin
[ +400 ms] Downloading https://dl.google.com/dl/android/maven2/com/android/tools/build/builder/8.6.0/builder-8.6.0.module to /root/.gradle/.tmp/gradle_download14711821670211021589bin
[        ] Downloading https://dl.google.com/dl/android/maven2/com/android/tools/build/gradle-api/8.6.0/gradle-api-8.6.0.module to /root/.gradle/.tmp/gradle_download12358847800561154770bin
[ +199 ms] Downloading https://dl.google.com/dl/android/maven2/com/android/tools/build/builder-model/8.6.0/builder-model-8.6.0.module to /root/.gradle/.tmp/gradle_download9939122359895339870bin
[ +199 ms] Downloading https://dl.google.com/dl/android/maven2/com/android/tools/common/31.6.0/common-31.6.0.pom to /root/.gradle/.tmp/gradle_download8686708739504016499bin
[ +499 ms] Downloading https://dl.google.com/dl/android/maven2/com/android/tools/dvlib/31.6.0/dvlib-31.6.0.pom to /root/.gradle/.tmp/gradle_download14104774506739003220bin
[ +200 ms] Downloading https://dl.google.com/dl/android/maven2/com/android/tools/annotations/31.6.0/annotations-31.6.0.pom to /root/.gradle/.tmp/gradle_download2153939372922138867bin
[ +600 ms] Downloading https://dl.google.com/dl/android/maven2/com/android/tools/analytics-library/protos/31.6.0/protos-31.6.0.pom to /root/.gradle/.tmp/gradle_download9099777310214150651bin
[ +100 ms] Downloading https://dl.google.com/dl/android/maven2/com/android/tools/analytics-library/tracker/31.6.0/tracker-31.6.0.pom to /root/.gradle/.tmp/gradle_download7283580573701280141bin
[  +99 ms] Downloading https://dl.google.com/dl/android/maven2/com/android/tools/build/apksig/8.6.0/apksig-8.6.0.pom to /root/.gradle/.tmp/gradle_download15385502616316230582bin
[        ] Downloading https://dl.google.com/dl/android/maven2/com/android/zipflinger/8.6.0/zipflinger-8.6.0.pom to /root/.gradle/.tmp/gradle_download1660645645295819552bin
[        ] Downloading https://dl.google.com/dl/android/maven2/com/android/tools/build/manifest-merger/31.6.0/manifest-merger-31.6.0.pom to /root/.gradle/.tmp/gradle_download11698769256967647778bin
[ +400 ms] Downloading https://dl.google.com/dl/android/maven2/com/android/signflinger/8.6.0/signflinger-8.6.0.pom to /root/.gradle/.tmp/gradle_download13800812900075895948bin
[  +99 ms] Downloading https://dl.google.com/dl/android/maven2/com/android/tools/build/manifest-merger/31.6.0/manifest-merger-31.6.0.module to /root/.gradle/.tmp/gradle_download11104021936059724665bin
[        ] Downloading https://dl.google.com/dl/android/maven2/com/android/tools/build/apkzlib/8.6.0/apkzlib-8.6.0.pom to /root/.gradle/.tmp/gradle_download8122794274832424788bin
[ +300 ms] Downloading https://dl.google.com/dl/android/maven2/com/android/tools/build/builder/8.6.0/builder-8.6.0.jar to /root/.gradle/.tmp/gradle_download14868536718782036995bin
[        ] Downloading https://dl.google.com/dl/android/maven2/com/android/tools/lint/lint-model/31.6.0/lint-model-31.6.0.jar to /root/.gradle/.tmp/gradle_download1509846878291790603bin
[        ] Downloading https://dl.google.com/dl/android/maven2/com/android/tools/build/manifest-merger/31.6.0/manifest-merger-31.6.0.jar to /root/.gradle/.tmp/gradle_download9845257396990376332bin
[        ] Downloading https://dl.google.com/dl/android/maven2/com/android/tools/sdk-common/31.6.0/sdk-common-31.6.0.jar to /root/.gradle/.tmp/gradle_download9922472477789685298bin
[        ] Downloading https://dl.google.com/dl/android/maven2/com/android/tools/build/builder-test-api/8.6.0/builder-test-api-8.6.0.jar to /root/.gradle/.tmp/gradle_download8825898168597999049bin
[        ] Downloading https://dl.google.com/dl/android/maven2/com/android/tools/build/gradle-api/8.6.0/gradle-api-8.6.0.jar to /root/.gradle/.tmp/gradle_download9811263155347630739bin
[        ] Downloading https://dl.google.com/dl/android/maven2/com/android/tools/build/gradle-settings-api/8.6.0/gradle-settings-api-8.6.0.jar to /root/.gradle/.tmp/gradle_download10512596533253478318bin
[        ] Downloading https://dl.google.com/dl/android/maven2/com/android/tools/ddms/ddmlib/31.6.0/ddmlib-31.6.0.jar to /root/.gradle/.tmp/gradle_download17416908880488886120bin
[        ] Downloading https://dl.google.com/dl/android/maven2/com/android/tools/repository/31.6.0/repository-31.6.0.jar to /root/.gradle/.tmp/gradle_download15099353360898489968bin
[        ] Downloading https://dl.google.com/dl/android/maven2/com/android/tools/build/gradle/8.6.0/gradle-8.6.0.jar to /root/.gradle/.tmp/gradle_download15998286040356427142bin
[        ] Downloading https://dl.google.com/dl/android/maven2/com/android/tools/build/aaptcompiler/8.6.0/aaptcompiler-8.6.0.jar to /root/.gradle/.tmp/gradle_download18143522695138662511bin
[ +499 ms] Downloading https://dl.google.com/dl/android/maven2/com/android/tools/analytics-library/crash/31.6.0/crash-31.6.0.jar to /root/.gradle/.tmp/gradle_download9578580739816398715bin
[        ] Downloading https://dl.google.com/dl/android/maven2/com/android/tools/lint/lint-typedef-remover/31.6.0/lint-typedef-remover-31.6.0.jar to /root/.gradle/.tmp/gradle_download11625894550110689798bin
[        ] Downloading https://dl.google.com/dl/android/maven2/com/android/databinding/baseLibrary/8.6.0/baseLibrary-8.6.0.jar to /root/.gradle/.tmp/gradle_download17099113808863363228bin
[        ] Downloading https://dl.google.com/dl/android/maven2/com/android/tools/layoutlib/layoutlib-api/31.6.0/layoutlib-api-31.6.0.jar to /root/.gradle/.tmp/gradle_download11521677081647692423bin
[        ] Downloading https://dl.google.com/dl/android/maven2/com/android/tools/sdklib/31.6.0/sdklib-31.6.0.jar to /root/.gradle/.tmp/gradle_download12186642749957378674bin
[        ] Downloading https://dl.google.com/dl/android/maven2/com/android/tools/build/aapt2-proto/8.6.0-11315950/aapt2-proto-8.6.0-11315950.jar to /root/.gradle/.tmp/gradle_download17339925942914811514bin
[        ] Downloading https://dl.google.com/dl/android/maven2/com/android/tools/analytics-library/tracker/31.6.0/tracker-31.6.0.jar to /root/.gradle/.tmp/gradle_download17519277110547895935bin
[        ] Downloading https://dl.google.com/dl/android/maven2/com/android/tools/analytics-library/shared/31.6.0/shared-31.6.0.jar to /root/.gradle/.tmp/gradle_download12117820374639250135bin
[        ] Downloading https://dl.google.com/dl/android/maven2/androidx/databinding/databinding-compiler-common/8.6.0/databinding-compiler-common-8.6.0.jar to /root/.gradle/.tmp/gradle_download11307525278228923355bin
[        ] Downloading https://dl.google.com/dl/android/maven2/androidx/databinding/databinding-common/8.6.0/databinding-common-8.6.0.jar to /root/.gradle/.tmp/gradle_download13754645238437838335bin
[  +99 ms] Downloading https://dl.google.com/dl/android/maven2/com/android/tools/utp/android-device-provider-ddmlib-proto/31.6.0/android-device-provider-ddmlib-proto-31.6.0.jar to /root/.gradle/.tmp/gradle_download15931590279516912141bin
[  +99 ms] Downloading https://dl.google.com/dl/android/maven2/com/android/tools/utp/android-test-plugin-result-listener-gradle-proto/31.6.0/android-test-plugin-result-listener-gradle-proto-31.6.0.jar to /root/.gradle/.tmp/gradle_download16971572374625357825bin
[        ] Downloading https://dl.google.com/dl/android/maven2/com/android/tools/utp/android-device-provider-gradle-proto/31.6.0/android-device-provider-gradle-proto-31.6.0.jar to /root/.gradle/.tmp/gradle_download588957185258026787bin
[        ] Downloading https://dl.google.com/dl/android/maven2/com/android/tools/dvlib/31.6.0/dvlib-31.6.0.jar to /root/.gradle/.tmp/gradle_download17763007813989626021bin
[  +99 ms] Downloading https://dl.google.com/dl/android/maven2/com/android/tools/utp/android-test-plugin-host-additional-test-output-proto/31.6.0/android-test-plugin-host-additional-test-output-proto-31.6.0.jar to /root/.gradle/.tmp/gradle_download17730212270108186711bin
[        ] Downloading https://dl.google.com/dl/android/maven2/com/android/tools/utp/android-test-plugin-host-apk-installer-proto/31.6.0/android-test-plugin-host-apk-installer-proto-31.6.0.jar to /root/.gradle/.tmp/gradle_download7802770624635564899bin
[        ] Downloading https://dl.google.com/dl/android/maven2/com/android/tools/build/builder-model/8.6.0/builder-model-8.6.0.jar to /root/.gradle/.tmp/gradle_download2365815427678012751bin
[        ] Downloading https://dl.google.com/dl/android/maven2/com/android/tools/utp/android-test-plugin-host-retention-proto/31.6.0/android-test-plugin-host-retention-proto-31.6.0.jar to /root/.gradle/.tmp/gradle_download6635374420488100299bin
[        ] Downloading https://dl.google.com/dl/android/maven2/com/android/tools/utp/android-test-plugin-host-coverage-proto/31.6.0/android-test-plugin-host-coverage-proto-31.6.0.jar to /root/.gradle/.tmp/gradle_download6354162795226287990bin
[        ] Downloading https://dl.google.com/dl/android/maven2/com/android/tools/utp/android-test-plugin-host-logcat-proto/31.6.0/android-test-plugin-host-logcat-proto-31.6.0.jar to /root/.gradle/.tmp/gradle_download10103804065915679265bin
[  +99 ms] Downloading https://dl.google.com/dl/android/maven2/com/android/tools/utp/android-test-plugin-host-emulator-control-proto/31.6.0/android-test-plugin-host-emulator-control-proto-31.6.0.jar to /root/.gradle/.tmp/gradle_download12019953368111062574bin
[ +399 ms] Downloading https://dl.google.com/dl/android/maven2/com/android/tools/annotations/31.6.0/annotations-31.6.0.jar to /root/.gradle/.tmp/gradle_download17937699943603906850bin
[        ] Downloading https://dl.google.com/dl/android/maven2/com/android/signflinger/8.6.0/signflinger-8.6.0.jar to /root/.gradle/.tmp/gradle_download11700738766853749146bin
[        ] Downloading https://dl.google.com/dl/android/maven2/com/android/tools/build/apksig/8.6.0/apksig-8.6.0.jar to /root/.gradle/.tmp/gradle_download15421685773075186038bin
[        ] Downloading https://dl.google.com/dl/android/maven2/com/android/tools/build/apkzlib/8.6.0/apkzlib-8.6.0.jar to /root/.gradle/.tmp/gradle_download3379632669914626135bin
[        ] Downloading https://dl.google.com/dl/android/maven2/com/android/zipflinger/8.6.0/zipflinger-8.6.0.jar to /root/.gradle/.tmp/gradle_download17682513839644695408bin
[        ] Downloading https://dl.google.com/dl/android/maven2/com/android/tools/analytics-library/protos/31.6.0/protos-31.6.0.jar to /root/.gradle/.tmp/gradle_download12381767218344720595bin
[        ] Downloading https://dl.google.com/dl/android/maven2/com/android/tools/common/31.6.0/common-31.6.0.jar to /root/.gradle/.tmp/gradle_download16054253572046873980bin
[ +199 ms] Caching disabled for InstrumentationAnalysisTransform: /root/.gradle/caches/modules-2/files-2.1/com.android.tools.build/gradle/8.6.0/dd6d5f2b123276f8153fc09eed3f41f298a5bd6b/gradle-8.6.0.jar because:
[        ]   Build cache is disabled
[        ]   Caching not enabled.
[        ] Caching disabled for InstrumentationAnalysisTransform: /root/.gradle/caches/modules-2/files-2.1/com.android.tools.build/gradle-settings-api/8.6.0/d100186833a4768f3d800d14d59dc13b2fc1db8f/gradle-settings-api-8.6.0.jar because:
[        ]   Build cache is disabled
[        ]   Caching not enabled.
[        ] Caching disabled for InstrumentationAnalysisTransform: /root/.gradle/caches/modules-2/files-2.1/com.android.tools.lint/lint-model/31.6.0/cbd604d021ea85b496427591e08a2c7d35cb79ea/lint-model-31.6.0.jar because:
[        ]   Build cache is disabled
[        ]   Caching not enabled.
[  +99 ms] Caching disabled for InstrumentationAnalysisTransform: /root/.gradle/caches/modules-2/files-2.1/com.android.tools.build/builder/8.6.0/58e80f76b16fb58f953653b9dcd3baf4dd524c80/builder-8.6.0.jar because:
[        ]   Build cache is disabled
[        ]   Caching not enabled.
[        ] Caching disabled for InstrumentationAnalysisTransform: /root/.gradle/caches/modules-2/files-2.1/com.android.tools.build/manifest-merger/31.6.0/b7204a85737fc4ea695fc9a66261c69e72a06ed8/manifest-merger-31.6.0.jar because:
[        ]   Build cache is disabled
[        ]   Caching not enabled.
[        ] Caching disabled for InstrumentationAnalysisTransform: /root/.gradle/caches/modules-2/files-2.1/com.android.tools/sdk-common/31.6.0/6a0bd0ae73e72608ad61c937c7d145d9c77269f6/sdk-common-31.6.0.jar because:
[        ]   Build cache is disabled
[        ]   Caching not enabled.
[        ] Caching disabled for InstrumentationAnalysisTransform: /root/.gradle/caches/modules-2/files-2.1/com.android.tools/sdklib/31.6.0/3c468f4b2cdd84a7429c6046c31bef32c0b57f1c/sdklib-31.6.0.jar because:
[        ]   Build cache is disabled
[        ]   Caching not enabled.
[        ] Caching disabled for InstrumentationAnalysisTransform: /root/.gradle/caches/modules-2/files-2.1/com.android.tools/repository/31.6.0/97e2e59d682d3f40706ec140f74e784bca0dc6dc/repository-31.6.0.jar because:
[        ]   Build cache is disabled
[        ]   Caching not enabled.
[        ] Caching disabled for InstrumentationAnalysisTransform: /root/.gradle/caches/modules-2/files-2.1/com.android.tools.build/gradle-api/8.6.0/54297f6dca8060182b75d71095e988bd1d664688/gradle-api-8.6.0.jar because:
[        ]   Build cache is disabled
[        ]   Caching not enabled.
[        ] Caching disabled for InstrumentationAnalysisTransform: /root/.gradle/caches/modules-2/files-2.1/com.android.tools.build/builder-test-api/8.6.0/eeeac19a4547d758cdd64e6aacbd53bb51d1ea79/builder-test-api-8.6.0.jar because:
[        ]   Build cache is disabled
[        ]   Caching not enabled.
[        ] Caching disabled for InstrumentationAnalysisTransform: /root/.gradle/caches/modules-2/files-2.1/com.android.tools.build/aaptcompiler/8.6.0/a11efeda12fa0ccac5927c39ae3cb103c51dc94b/aaptcompiler-8.6.0.jar because:
[        ]   Build cache is disabled
[        ]   Caching not enabled.
[        ] Caching disabled for InstrumentationAnalysisTransform: /root/.gradle/caches/modules-2/files-2.1/com.android.tools.ddms/ddmlib/31.6.0/cec99d30da3f854bde3d734fabca09400097e4bd/ddmlib-31.6.0.jar because:
[        ]   Build cache is disabled
[        ]   Caching not enabled.
[        ] Caching disabled for InstrumentationAnalysisTransform: /root/.gradle/caches/modules-2/files-2.1/com.android.tools.build/aapt2-proto/8.6.0-11315950/53391aa56747d68af595877435ba51c07a268fbf/aapt2-proto-8.6.0-11315950.jar because:
[        ]   Build cache is disabled
[        ]   Caching not enabled.
[        ] Caching disabled for InstrumentationAnalysisTransform: /root/.gradle/caches/modules-2/files-2.1/com.android.tools.analytics-library/tracker/31.6.0/6e10f330711874dceeb3935763d82d3792a7e13e/tracker-31.6.0.jar because:
[        ]   Build cache is disabled
[        ]   Caching not enabled.
[        ] Caching disabled for InstrumentationAnalysisTransform: /root/.gradle/caches/modules-2/files-2.1/com.android.tools.analytics-library/crash/31.6.0/669e0dbea9c0612c1752365738497bea9627a6b9/crash-31.6.0.jar because:
[        ]   Build cache is disabled
[        ]   Caching not enabled.
[        ] Caching disabled for InstrumentationAnalysisTransform: /root/.gradle/caches/modules-2/files-2.1/com.android.tools.analytics-library/shared/31.6.0/45eea9de2d45308aa30272dca79ea59d6720eb4a/shared-31.6.0.jar because:
[        ]   Build cache is disabled
[        ]   Caching not enabled.
[        ] Caching disabled for InstrumentationAnalysisTransform: /root/.gradle/caches/modules-2/files-2.1/com.android.tools.lint/lint-typedef-remover/31.6.0/644ab9b8a697ba83702c4e32eaaf95c504e1a522/lint-typedef-remover-31.6.0.jar because:
[        ]   Build cache is disabled
[        ]   Caching not enabled.
[        ] Caching disabled for InstrumentationAnalysisTransform: /root/.gradle/caches/modules-2/files-2.1/com.android.databinding/baseLibrary/8.6.0/7e7399239e52d4069896277615e005add7ae8e5a/baseLibrary-8.6.0.jar because:
[        ]   Build cache is disabled
[        ]   Caching not enabled.
[        ] Caching disabled for InstrumentationAnalysisTransform: /root/.gradle/caches/modules-2/files-2.1/androidx.databinding/databinding-common/8.6.0/2be3530b78477835e69dce953b17adc1dbc5c6fa/databinding-common-8.6.0.jar because:
[        ]   Build cache is disabled
[        ]   Caching not enabled.
[        ] Caching disabled for InstrumentationAnalysisTransform: /root/.gradle/caches/modules-2/files-2.1/androidx.databinding/databinding-compiler-common/8.6.0/56994ba47bfd6083f39afaf91a443e32ba365279/databinding-compiler-common-8.6.0.jar because:
[        ]   Build cache is disabled
[        ]   Caching not enabled.
[        ] Caching disabled for InstrumentationAnalysisTransform: /root/.gradle/caches/modules-2/files-2.1/com.android.tools.layoutlib/layoutlib-api/31.6.0/6abada4555fa60825ea5f353443a7e561445c4f0/layoutlib-api-31.6.0.jar because:
[        ]   Build cache is disabled
[        ]   Caching not enabled.
[        ] Caching disabled for InstrumentationAnalysisTransform: /root/.gradle/caches/modules-2/files-2.1/com.android.tools.utp/android-device-provider-ddmlib-proto/31.6.0/732647a1df2d9405dbbc944ccb1a9153d7dc3e3a/android-device-provider-ddmlib-proto-31.6.0.jar because:
[        ]   Build cache is disabled
[        ]   Caching not enabled.
[        ] Caching disabled for InstrumentationAnalysisTransform: /root/.gradle/caches/modules-2/files-2.1/com.android.tools.utp/android-device-provider-gradle-proto/31.6.0/9f4923a6c0e213f00c1cc31720d1535f2d8517fe/android-device-provider-gradle-proto-31.6.0.jar because:
[        ]   Build cache is disabled
[        ]   Caching not enabled.
[        ] Caching disabled for InstrumentationAnalysisTransform: /root/.gradle/caches/modules-2/files-2.1/com.android.tools.utp/android-test-plugin-host-additional-test-output-proto/31.6.0/c02332c53d95a3e0ccd7ad9d6d97f8fec5d1a469/android-test-plugin-host-additional-test-output-proto-31.6.0.jar because:
[        ]   Build cache is disabled
[        ]   Caching not enabled.
[        ] Caching disabled for InstrumentationAnalysisTransform: /root/.gradle/caches/modules-2/files-2.1/com.android.tools.utp/android-test-plugin-host-coverage-proto/31.6.0/c780344aab70a33c454ad697295e12278fed16db/android-test-plugin-host-coverage-proto-31.6.0.jar because:
[        ]   Build cache is disabled
[        ]   Caching not enabled.
[        ] Caching disabled for InstrumentationAnalysisTransform: /root/.gradle/caches/modules-2/files-2.1/com.android.tools.utp/android-test-plugin-host-emulator-control-proto/31.6.0/faaddb0258a839e6ab89fe2acbe20ce29b403b43/android-test-plugin-host-emulator-control-proto-31.6.0.jar because:
[        ]   Build cache is disabled
[        ]   Caching not enabled.
[        ] Caching disabled for InstrumentationAnalysisTransform: /root/.gradle/caches/modules-2/files-2.1/com.android.tools.utp/android-test-plugin-host-logcat-proto/31.6.0/d8f873c14c5c65746b97801c2c6cae506d0b3d29/android-test-plugin-host-logcat-proto-31.6.0.jar because:
[        ]   Build cache is disabled
[        ]   Caching not enabled.
[        ] Caching disabled for InstrumentationAnalysisTransform: /root/.gradle/caches/modules-2/files-2.1/com.android.tools.utp/android-test-plugin-host-apk-installer-proto/31.6.0/695cf71232626eeca4d84f72314196b270ca1c11/android-test-plugin-host-apk-installer-proto-31.6.0.jar because:
[        ]   Build cache is disabled
[        ]   Caching not enabled.
[        ] Caching disabled for InstrumentationAnalysisTransform: /root/.gradle/caches/modules-2/files-2.1/com.android.tools.utp/android-test-plugin-host-retention-proto/31.6.0/8ef946d4477f3b40b3bcb7d151131483b6d77d67/android-test-plugin-host-retention-proto-31.6.0.jar because:
[        ]   Build cache is disabled
[        ]   Caching not enabled.
[        ] Caching disabled for InstrumentationAnalysisTransform: /root/.gradle/caches/modules-2/files-2.1/com.android.tools.utp/android-test-plugin-result-listener-gradle-proto/31.6.0/f51d5e35aa252438265500d79fc2d314b7555b94/android-test-plugin-result-listener-gradle-proto-31.6.0.jar because:
[        ]   Build cache is disabled
[        ]   Caching not enabled.
[        ] Caching disabled for InstrumentationAnalysisTransform: /root/.gradle/caches/modules-2/files-2.1/com.android.tools.build/builder-model/8.6.0/d604197f159f08b63f626c6d141918f1c04ba450/builder-model-8.6.0.jar because:
[        ]   Build cache is disabled
[        ]   Caching not enabled.
[        ] Caching disabled for InstrumentationAnalysisTransform: /root/.gradle/caches/modules-2/files-2.1/com.android.tools/dvlib/31.6.0/8c475e80a82e3c293d792ea9a22847c43904c2fc/dvlib-31.6.0.jar because:
[        ]   Build cache is disabled
[        ]   Caching not enabled.
[        ] Caching disabled for InstrumentationAnalysisTransform: /root/.gradle/caches/modules-2/files-2.1/com.android.tools/common/31.6.0/efe9e7cb9db0c21b65fe8816a98533da0957b33b/common-31.6.0.jar because:
[        ]   Build cache is disabled
[        ]   Caching not enabled.
[        ] Caching disabled for InstrumentationAnalysisTransform: /root/.gradle/caches/modules-2/files-2.1/com.android.tools.build/apkzlib/8.6.0/d656b52facbb301b8bdc1e40a5ae008bcf335fe9/apkzlib-8.6.0.jar because:
[        ]   Build cache is disabled
[        ]   Caching not enabled.
[        ] Caching disabled for InstrumentationAnalysisTransform: /root/.gradle/caches/modules-2/files-2.1/com.android.tools.analytics-library/protos/31.6.0/a651e7f3d4ebd918607129e9d55e31f291fc7259/protos-31.6.0.jar because:
[        ]   Build cache is disabled
[        ]   Caching not enabled.
[        ] Caching disabled for InstrumentationAnalysisTransform: /root/.gradle/caches/modules-2/files-2.1/com.android.tools.build/apksig/8.6.0/f005788487574c7d6ba23dea63bf8cb3a4f164a6/apksig-8.6.0.jar because:
[        ]   Build cache is disabled
[        ]   Caching not enabled.
[        ] Caching disabled for InstrumentationAnalysisTransform: /root/.gradle/caches/modules-2/files-2.1/com.android/signflinger/8.6.0/13f035dd8e7e470ff8f3216a0b46333187f26df5/signflinger-8.6.0.jar because:
[        ]   Build cache is disabled
[        ]   Caching not enabled.
[        ] Caching disabled for InstrumentationAnalysisTransform: /root/.gradle/caches/modules-2/files-2.1/com.android/zipflinger/8.6.0/de8e3267995699af356740cf562cbedb485f5763/zipflinger-8.6.0.jar because:
[        ]   Build cache is disabled
[        ]   Caching not enabled.
[        ] Caching disabled for InstrumentationAnalysisTransform: /root/.gradle/caches/modules-2/files-2.1/com.android.tools/annotations/31.6.0/1946e7f75bc1615b4abfc0f83899934dfcbdf1fc/annotations-31.6.0.jar because:
[        ]   Build cache is disabled
[        ]   Caching not enabled.
[ +197 ms] Caching disabled for MergeInstrumentationAnalysisTransform: /root/.gradle/caches/8.14/transforms/a4606f1c34637ac5663721d90e6fca56/transformed/.gradle-instrumented-classpath.marker because:
[        ]   Build cache is disabled
[        ]   Caching not enabled.
[        ] Caching disabled for MergeInstrumentationAnalysisTransform: /root/.gradle/caches/8.14/transforms/a4606f1c34637ac5663721d90e6fca56/transformed/analysis/instrumentation-hierarchy.bin because:
[        ]   Build cache is disabled
[        ]   Caching not enabled.
[        ] Caching disabled for MergeInstrumentationAnalysisTransform: /root/.gradle/caches/8.14/transforms/5d38f363161f0357122a3b3aace1e133/transformed/analysis/instrumentation-hierarchy.bin because:
[        ]   Build cache is disabled
[        ]   Caching not enabled.
[        ] Caching disabled for MergeInstrumentationAnalysisTransform: /root/.gradle/caches/8.14/transforms/2c0970dd4df9a1f7ea14aa09c1a0f2a3/transformed/analysis/instrumentation-hierarchy.bin because:
[        ]   Build cache is disabled
[        ]   Caching not enabled.
[        ] Caching disabled for MergeInstrumentationAnalysisTransform: /root/.gradle/caches/8.14/transforms/313e71b88192e67848bb2cd7cccd4606/transformed/analysis/instrumentation-hierarchy.bin because:
[        ]   Build cache is disabled
[        ]   Caching not enabled.
[        ] Caching disabled for MergeInstrumentationAnalysisTransform: /root/.gradle/caches/8.14/transforms/8345b407fbd203c5d8cae674752dd6e2/transformed/analysis/instrumentation-hierarchy.bin because:
[        ]   Build cache is disabled
[        ]   Caching not enabled.
[        ] Caching disabled for MergeInstrumentationAnalysisTransform: /root/.gradle/caches/8.14/transforms/fc53fb9403dc1a81831e63d5926df23b/transformed/analysis/instrumentation-hierarchy.bin because:
[        ]   Build cache is disabled
[        ]   Caching not enabled.
[        ] Caching disabled for MergeInstrumentationAnalysisTransform: /root/.gradle/caches/8.14/transforms/e8b0fb3c83f512e02c491ddf68fbe20a/transformed/analysis/instrumentation-hierarchy.bin because:
[        ]   Build cache is disabled
[        ]   Caching not enabled.
[        ] Caching disabled for MergeInstrumentationAnalysisTransform: /root/.gradle/caches/8.14/transforms/2dfdffefade4d10f9d64a696940337e8/transformed/analysis/instrumentation-hierarchy.bin because:
[        ]   Build cache is disabled
[        ]   Caching not enabled.
[        ] Caching disabled for MergeInstrumentationAnalysisTransform: /root/.gradle/caches/8.14/transforms/c4f0a7c506464d7c7583845bbe26de4c/transformed/analysis/instrumentation-hierarchy.bin because:
[        ]   Build cache is disabled
[        ]   Caching not enabled.
[        ] Caching disabled for MergeInstrumentationAnalysisTransform: /root/.gradle/caches/8.14/transforms/dc8f42c13981e3cd2dac592fab0545b7/transformed/analysis/instrumentation-hierarchy.bin because:
[        ]   Build cache is disabled
[        ]   Caching not enabled.
[        ] Caching disabled for MergeInstrumentationAnalysisTransform: /root/.gradle/caches/8.14/transforms/fc4c42c0b6b522e4d4682ca169d727b9/transformed/analysis/instrumentation-hierarchy.bin because:
[        ]   Build cache is disabled
[        ]   Caching not enabled.
[        ] Caching disabled for MergeInstrumentationAnalysisTransform: /root/.gradle/caches/8.14/transforms/9a5322a123e90180abf03e88e13797a9/transformed/analysis/instrumentation-hierarchy.bin because:
[        ]   Build cache is disabled
[        ]   Caching not enabled.
[        ] Caching disabled for MergeInstrumentationAnalysisTransform: /root/.gradle/caches/8.14/transforms/5d38f363161f0357122a3b3aace1e133/transformed/analysis/instrumentation-dependencies.bin because:
[        ]   Build cache is disabled
[        ]   Caching not enabled.
[        ] Caching disabled for MergeInstrumentationAnalysisTransform: /root/.gradle/caches/8.14/transforms/2c0970dd4df9a1f7ea14aa09c1a0f2a3/transformed/analysis/instrumentation-dependencies.bin because:
[        ]   Build cache is disabled
[        ]   Caching not enabled.
[        ] Caching disabled for MergeInstrumentationAnalysisTransform: /root/.gradle/caches/8.14/transforms/a4606f1c34637ac5663721d90e6fca56/transformed/analysis/instrumentation-dependencies.bin because:
[        ]   Build cache is disabled
[        ]   Caching not enabled.
[        ] Caching disabled for MergeInstrumentationAnalysisTransform: /root/.gradle/caches/8.14/transforms/dc8f42c13981e3cd2dac592fab0545b7/transformed/analysis/instrumentation-dependencies.bin because:
[        ]   Build cache is disabled
[        ]   Caching not enabled.
[        ] Caching disabled for MergeInstrumentationAnalysisTransform: /root/.gradle/caches/8.14/transforms/8345b407fbd203c5d8cae674752dd6e2/transformed/analysis/instrumentation-dependencies.bin because:
[        ]   Build cache is disabled
[        ]   Caching not enabled.
[        ] Caching disabled for MergeInstrumentationAnalysisTransform: /root/.gradle/caches/8.14/transforms/313e71b88192e67848bb2cd7cccd4606/transformed/analysis/instrumentation-dependencies.bin because:
[        ]   Build cache is disabled
[        ]   Caching not enabled.
[        ] Caching disabled for MergeInstrumentationAnalysisTransform: /root/.gradle/caches/8.14/transforms/e8b0fb3c83f512e02c491ddf68fbe20a/transformed/analysis/instrumentation-dependencies.bin because:
[        ]   Build cache is disabled
[        ]   Caching not enabled.
[        ] Caching disabled for MergeInstrumentationAnalysisTransform: /root/.gradle/caches/8.14/transforms/2dfdffefade4d10f9d64a696940337e8/transformed/analysis/instrumentation-dependencies.bin because:
[        ]   Build cache is disabled
[        ]   Caching not enabled.
[        ] Caching disabled for MergeInstrumentationAnalysisTransform: /root/.gradle/caches/8.14/transforms/c4f0a7c506464d7c7583845bbe26de4c/transformed/analysis/instrumentation-dependencies.bin because:
[        ]   Build cache is disabled
[        ]   Caching not enabled.
[        ] Caching disabled for MergeInstrumentationAnalysisTransform: /root/.gradle/caches/8.14/transforms/fc53fb9403dc1a81831e63d5926df23b/transformed/analysis/instrumentation-dependencies.bin because:
[        ]   Build cache is disabled
[        ]   Caching not enabled.
[        ] Caching disabled for MergeInstrumentationAnalysisTransform: /root/.gradle/caches/8.14/transforms/fc4c42c0b6b522e4d4682ca169d727b9/transformed/analysis/instrumentation-dependencies.bin because:
[        ]   Build cache is disabled
[        ]   Caching not enabled.
[        ] Caching disabled for MergeInstrumentationAnalysisTransform: /root/.gradle/caches/8.14/transforms/9a5322a123e90180abf03e88e13797a9/transformed/analysis/instrumentation-dependencies.bin because:
[        ]   Build cache is disabled
[        ]   Caching not enabled.
[        ] Caching disabled for MergeInstrumentationAnalysisTransform: /root/.gradle/caches/modules-2/files-2.1/com.android.tools.build/builder-test-api/8.6.0/eeeac19a4547d758cdd64e6aacbd53bb51d1ea79/builder-test-api-8.6.0.jar because:
[        ]   Build cache is disabled
[        ]   Caching not enabled.
[        ] Caching disabled for MergeInstrumentationAnalysisTransform: /root/.gradle/caches/modules-2/files-2.1/com.android.tools.build/gradle-settings-api/8.6.0/d100186833a4768f3d800d14d59dc13b2fc1db8f/gradle-settings-api-8.6.0.jar because:
[        ]   Build cache is disabled
[        ]   Caching not enabled.
[        ] Caching disabled for MergeInstrumentationAnalysisTransform: /root/.gradle/caches/modules-2/files-2.1/com.android.tools/repository/31.6.0/97e2e59d682d3f40706ec140f74e784bca0dc6dc/repository-31.6.0.jar because:
[        ]   Build cache is disabled
[        ]   Caching not enabled.
[        ] Caching disabled for MergeInstrumentationAnalysisTransform: /root/.gradle/caches/modules-2/files-2.1/com.android.tools.build/manifest-merger/31.6.0/b7204a85737fc4ea695fc9a66261c69e72a06ed8/manifest-merger-31.6.0.jar because:
[        ]   Build cache is disabled
[        ]   Caching not enabled.
[        ] Caching disabled for MergeInstrumentationAnalysisTransform: /root/.gradle/caches/modules-2/files-2.1/com.android.tools.lint/lint-model/31.6.0/cbd604d021ea85b496427591e08a2c7d35cb79ea/lint-model-31.6.0.jar because:
[        ]   Build cache is disabled
[        ]   Caching not enabled.
[        ] Caching disabled for ExternalDependencyInstrumentingArtifactTransform: /root/.gradle/caches/8.14/transforms/f5dbfcd861104746a8baba4ed257918e/transformed/merge/instrumentation-dependencies.bin because:
[        ]   Build cache is disabled
[        ]   Caching not enabled.
[        ] Caching disabled for MergeInstrumentationAnalysisTransform: /root/.gradle/caches/modules-2/files-2.1/com.android.tools/sdklib/31.6.0/3c468f4b2cdd84a7429c6046c31bef32c0b57f1c/sdklib-31.6.0.jar because:
[        ]   Build cache is disabled
[        ]   Caching not enabled.
[        ] Caching disabled for MergeInstrumentationAnalysisTransform: /root/.gradle/caches/modules-2/files-2.1/com.android.tools.build/aaptcompiler/8.6.0/a11efeda12fa0ccac5927c39ae3cb103c51dc94b/aaptcompiler-8.6.0.jar because:
[        ]   Build cache is disabled
[        ]   Caching not enabled.
[        ] Caching disabled for ExternalDependencyInstrumentingArtifactTransform: /root/.gradle/caches/8.14/transforms/2c499e91b0d908609e2e37400235f9b6/transformed/merge/instrumentation-dependencies.bin because:
[        ]   Build cache is disabled
[        ]   Caching not enabled.
[        ] Caching disabled for MergeInstrumentationAnalysisTransform: /root/.gradle/caches/modules-2/files-2.1/com.android.tools.ddms/ddmlib/31.6.0/cec99d30da3f854bde3d734fabca09400097e4bd/ddmlib-31.6.0.jar because:
[        ]   Build cache is disabled
[        ]   Caching not enabled.
[        ] Caching disabled for ExternalDependencyInstrumentingArtifactTransform: /root/.gradle/caches/8.14/transforms/2a2f0368391358d4e11fb508a46ec783/transformed/merge/instrumentation-dependencies.bin because:
[        ]   Build cache is disabled
[        ]   Caching not enabled.
[        ] Caching disabled for MergeInstrumentationAnalysisTransform: /root/.gradle/caches/modules-2/files-2.1/com.android.tools.build/gradle-api/8.6.0/54297f6dca8060182b75d71095e988bd1d664688/gradle-api-8.6.0.jar because:
[        ]   Build cache is disabled
[        ]   Caching not enabled.
[        ] Caching disabled for ExternalDependencyInstrumentingArtifactTransform: /root/.gradle/caches/8.14/transforms/3780a6a506e3a091a9691a3cc1272c7d/transformed/merge/instrumentation-dependencies.bin because:
[        ]   Build cache is disabled
[        ]   Caching not enabled.
[        ] Caching disabled for MergeInstrumentationAnalysisTransform: /root/.gradle/caches/modules-2/files-2.1/com.android.tools/sdk-common/31.6.0/6a0bd0ae73e72608ad61c937c7d145d9c77269f6/sdk-common-31.6.0.jar because:
[        ]   Build cache is disabled
[        ]   Caching not enabled.
[        ] Caching disabled for ExternalDependencyInstrumentingArtifactTransform: /root/.gradle/caches/8.14/transforms/4bd89432d6716ccc4fe8e0ef1cb3fc44/transformed/merge/instrumentation-dependencies.bin because:
[        ]   Build cache is disabled
[        ]   Caching not enabled.
[        ] Caching disabled for ExternalDependencyInstrumentingArtifactTransform: /root/.gradle/caches/8.14/transforms/29dd71e6941c4aebc3976e276cd7e464/transformed/merge/instrumentation-dependencies.bin because:
[        ]   Build cache is disabled
[        ]   Caching not enabled.
[        ] Caching disabled for ExternalDependencyInstrumentingArtifactTransform: /root/.gradle/caches/8.14/transforms/783e3d2273f03f2d2fcd45625447336b/transformed/merge/instrumentation-dependencies.bin because:
[        ]   Build cache is disabled
[        ]   Caching not enabled.
[        ] Caching disabled for ExternalDependencyInstrumentingArtifactTransform: /root/.gradle/caches/8.14/transforms/29f63461e229680093e13c18bb4a2c1c/transformed/merge/instrumentation-dependencies.bin because:
[        ]   Build cache is disabled
[        ]   Caching not enabled.
[        ] Caching disabled for ExternalDependencyInstrumentingArtifactTransform: /root/.gradle/caches/8.14/transforms/bb476fe1823cfd2c404bc53e0216e753/transformed/merge/instrumentation-dependencies.bin because:
[        ]   Build cache is disabled
[        ]   Caching not enabled.
[        ] Caching disabled for ExternalDependencyInstrumentingArtifactTransform: /root/.gradle/caches/8.14/transforms/eca7b50473343c9d3a84cf8177f0fbd1/transformed/merge/instrumentation-dependencies.bin because:
[        ]   Build cache is disabled
[        ]   Caching not enabled.
[        ] Caching disabled for ExternalDependencyInstrumentingArtifactTransform: /root/.gradle/caches/modules-2/files-2.1/com.android.tools.build/builder-test-api/8.6.0/eeeac19a4547d758cdd64e6aacbd53bb51d1ea79/builder-test-api-8.6.0.jar because:
[        ]   Build cache is disabled
[        ]   Caching not enabled.
[        ] Caching disabled for ExternalDependencyInstrumentingArtifactTransform: /root/.gradle/caches/modules-2/files-2.1/com.android.tools.build/gradle-settings-api/8.6.0/d100186833a4768f3d800d14d59dc13b2fc1db8f/gradle-settings-api-8.6.0.jar because:
[        ]   Build cache is disabled
[        ]   Caching not enabled.
[        ] Caching disabled for MergeInstrumentationAnalysisTransform: /root/.gradle/caches/8.14/transforms/a58ff7300a32ead2e30b5a0f45c90bfc/transformed/analysis/instrumentation-hierarchy.bin because:
[        ]   Build cache is disabled
[        ]   Caching not enabled.
[        ] Caching disabled for MergeInstrumentationAnalysisTransform: /root/.gradle/caches/8.14/transforms/fc5832eb4c7f1fe88ec973bd43575c8b/transformed/analysis/instrumentation-hierarchy.bin because:
[        ]   Build cache is disabled
[        ]   Caching not enabled.
[        ] Caching disabled for MergeInstrumentationAnalysisTransform: /root/.gradle/caches/8.14/transforms/a58ff7300a32ead2e30b5a0f45c90bfc/transformed/analysis/instrumentation-dependencies.bin because:
[        ]   Build cache is disabled
[        ]   Caching not enabled.
[        ] Caching disabled for MergeInstrumentationAnalysisTransform: /root/.gradle/caches/8.14/transforms/fc5832eb4c7f1fe88ec973bd43575c8b/transformed/analysis/instrumentation-dependencies.bin because:
[        ]   Build cache is disabled
[        ]   Caching not enabled.
[        ] Caching disabled for MergeInstrumentationAnalysisTransform: /root/.gradle/caches/modules-2/files-2.1/com.android.tools.build/aapt2-proto/8.6.0-11315950/53391aa56747d68af595877435ba51c07a268fbf/aapt2-proto-8.6.0-11315950.jar because:
[        ]   Build cache is disabled
[        ]   Caching not enabled.
[        ] Caching disabled for ExternalDependencyInstrumentingArtifactTransform: /root/.gradle/caches/8.14/transforms/b363fa2e03d281d3cf4d323c25b1b573/transformed/merge/instrumentation-dependencies.bin because:
[        ]   Build cache is disabled
[        ]   Caching not enabled.
[        ] Caching disabled for ExternalDependencyInstrumentingArtifactTransform: /root/.gradle/caches/modules-2/files-2.1/com.android.tools.lint/lint-model/31.6.0/cbd604d021ea85b496427591e08a2c7d35cb79ea/lint-model-31.6.0.jar because:
[        ]   Build cache is disabled
[        ]   Caching not enabled.
[        ] Caching disabled for MergeInstrumentationAnalysisTransform: /root/.gradle/caches/modules-2/files-2.1/com.android.tools.build/builder/8.6.0/58e80f76b16fb58f953653b9dcd3baf4dd524c80/builder-8.6.0.jar because:
[        ]   Build cache is disabled
[        ]   Caching not enabled.
[        ] Caching disabled for ExternalDependencyInstrumentingArtifactTransform: /root/.gradle/caches/modules-2/files-2.1/com.android.tools/repository/31.6.0/97e2e59d682d3f40706ec140f74e784bca0dc6dc/repository-31.6.0.jar because:
[        ]   Build cache is disabled
[        ]   Caching not enabled.
[        ] Caching disabled for MergeInstrumentationAnalysisTransform: /root/.gradle/caches/modules-2/files-2.1/com.android.tools.build/bundletool/1.16.0/88e6c67d315e7d2a860bb00b1bd93914f2c4fd33/bundletool-1.16.0.jar because:
[        ]   Build cache is disabled
[        ]   Caching not enabled.
[        ] Caching disabled for MergeInstrumentationAnalysisTransform: /root/.gradle/caches/8.14/transforms/4b5cf5c59f140f3f186c3f5ccf925c01/transformed/analysis/instrumentation-hierarchy.bin because:
[        ]   Build cache is disabled
[        ]   Caching not enabled.
[        ] Caching disabled for ExternalDependencyInstrumentingArtifactTransform: /root/.gradle/caches/8.14/transforms/f5dc6314a9d1091ed99ce139dc930637/transformed/merge/instrumentation-dependencies.bin because:
[        ]   Build cache is disabled
[        ]   Caching not enabled.
[        ] Caching disabled for MergeInstrumentationAnalysisTransform: /root/.gradle/caches/8.14/transforms/4b5cf5c59f140f3f186c3f5ccf925c01/transformed/analysis/instrumentation-dependencies.bin because:
[        ]   Build cache is disabled
[        ]   Caching not enabled.
[        ] Caching disabled for MergeInstrumentationAnalysisTransform: /root/.gradle/caches/8.14/transforms/a0f03d7866f4e479a7548d7854f4a117/transformed/analysis/instrumentation-hierarchy.bin because:
[        ]   Build cache is disabled
[        ]   Caching not enabled.
[        ] Caching disabled for MergeInstrumentationAnalysisTransform: /root/.gradle/caches/8.14/transforms/82e9f7501c43be83735fe3e28ae834b7/transformed/analysis/instrumentation-hierarchy.bin because:
[        ]   Build cache is disabled
[        ]   Caching not enabled.
[        ] Caching disabled for MergeInstrumentationAnalysisTransform: /root/.gradle/caches/8.14/transforms/82e9f7501c43be83735fe3e28ae834b7/transformed/analysis/instrumentation-dependencies.bin because:
[        ]   Build cache is disabled
[        ]   Caching not enabled.
[        ] Caching disabled for MergeInstrumentationAnalysisTransform: /root/.gradle/caches/8.14/transforms/a0f03d7866f4e479a7548d7854f4a117/transformed/analysis/instrumentation-dependencies.bin because:
[        ]   Build cache is disabled
[        ]   Caching not enabled.
[        ] Caching disabled for MergeInstrumentationAnalysisTransform: /root/.gradle/caches/modules-2/files-2.1/com.android.tools.analytics-library/crash/31.6.0/669e0dbea9c0612c1752365738497bea9627a6b9/crash-31.6.0.jar because:
[        ]   Build cache is disabled
[        ]   Caching not enabled.
[        ] Caching disabled for ExternalDependencyInstrumentingArtifactTransform: /root/.gradle/caches/modules-2/files-2.1/com.android.tools.build/manifest-merger/31.6.0/b7204a85737fc4ea695fc9a66261c69e72a06ed8/manifest-merger-31.6.0.jar because:
[        ]   Build cache is disabled
[        ]   Caching not enabled.
[        ] Caching disabled for ExternalDependencyInstrumentingArtifactTransform: /root/.gradle/caches/modules-2/files-2.1/com.android.tools.build/gradle-api/8.6.0/54297f6dca8060182b75d71095e988bd1d664688/gradle-api-8.6.0.jar because:
[        ]   Build cache is disabled
[        ]   Caching not enabled.
[        ] Caching disabled for MergeInstrumentationAnalysisTransform: /root/.gradle/caches/modules-2/files-2.1/com.android.tools.analytics-library/shared/31.6.0/45eea9de2d45308aa30272dca79ea59d6720eb4a/shared-31.6.0.jar because:
[        ]   Build cache is disabled
[        ]   Caching not enabled.
[        ] Caching disabled for ExternalDependencyInstrumentingArtifactTransform: /root/.gradle/caches/8.14/transforms/c87bc8cf6d19a4bd14698e0cbc3dbd41/transformed/merge/instrumentation-dependencies.bin because:
[        ]   Build cache is disabled
[        ]   Caching not enabled.
[        ] Caching disabled for MergeInstrumentationAnalysisTransform: /root/.gradle/caches/8.14/transforms/a744c1127ece7bc2354972930aa9686a/transformed/analysis/instrumentation-hierarchy.bin because:
[        ]   Build cache is disabled
[        ]   Caching not enabled.
[        ] Caching disabled for MergeInstrumentationAnalysisTransform: /root/.gradle/caches/modules-2/files-2.1/com.android.tools.analytics-library/tracker/31.6.0/6e10f330711874dceeb3935763d82d3792a7e13e/tracker-31.6.0.jar because:
[        ]   Build cache is disabled
[        ]   Caching not enabled.
[        ] Caching disabled for ExternalDependencyInstrumentingArtifactTransform: /root/.gradle/caches/8.14/transforms/d3c5c474904fa90fd5a969911adaffa7/transformed/merge/instrumentation-dependencies.bin because:
[        ]   Build cache is disabled
[        ]   Caching not enabled.
[        ] Caching disabled for MergeInstrumentationAnalysisTransform: /root/.gradle/caches/8.14/transforms/2aeb1d06bd5fc6cc254a8590f00dbe06/transformed/analysis/instrumentation-hierarchy.bin because:
[        ]   Build cache is disabled
[        ]   Caching not enabled.
[        ] Caching disabled for ExternalDependencyInstrumentingArtifactTransform: /root/.gradle/caches/8.14/transforms/26f41aa71674d94862cf836aa87393d4/transformed/merge/instrumentation-dependencies.bin because:
[        ]   Build cache is disabled
[        ]   Caching not enabled.
[        ] Caching disabled for MergeInstrumentationAnalysisTransform: /root/.gradle/caches/8.14/transforms/a744c1127ece7bc2354972930aa9686a/transformed/analysis/instrumentation-dependencies.bin because:
[        ]   Build cache is disabled
[        ]   Caching not enabled.
[        ] Caching disabled for ExternalDependencyInstrumentingArtifactTransform: /root/.gradle/caches/modules-2/files-2.1/com.android.tools.analytics-library/crash/31.6.0/669e0dbea9c0612c1752365738497bea9627a6b9/crash-31.6.0.jar because:
[        ]   Build cache is disabled
[        ]   Caching not enabled.
[  +89 ms] Caching disabled for MergeInstrumentationAnalysisTransform: /root/.gradle/caches/8.14/transforms/2aeb1d06bd5fc6cc254a8590f00dbe06/transformed/analysis/instrumentation-dependencies.bin because:
[        ]   Build cache is disabled
[        ]   Caching not enabled.
[        ] Caching disabled for MergeInstrumentationAnalysisTransform: /root/.gradle/caches/modules-2/files-2.1/com.android.tools.lint/lint-typedef-remover/31.6.0/644ab9b8a697ba83702c4e32eaaf95c504e1a522/lint-typedef-remover-31.6.0.jar because:
[        ]   Build cache is disabled
[        ]   Caching not enabled.
[        ] Caching disabled for ExternalDependencyInstrumentingArtifactTransform: /root/.gradle/caches/modules-2/files-2.1/com.android.tools.analytics-library/tracker/31.6.0/6e10f330711874dceeb3935763d82d3792a7e13e/tracker-31.6.0.jar because:
[        ]   Build cache is disabled
[        ]   Caching not enabled.
[        ] Caching disabled for MergeInstrumentationAnalysisTransform: /root/.gradle/caches/8.14/transforms/3565b7bd85ab3e1da3f11fb6ed7efe12/transformed/analysis/instrumentation-hierarchy.bin because:
[        ]   Build cache is disabled
[        ]   Caching not enabled.
[        ] Caching disabled for MergeInstrumentationAnalysisTransform: /root/.gradle/caches/modules-2/files-2.1/com.android.tools.build/gradle/8.6.0/dd6d5f2b123276f8153fc09eed3f41f298a5bd6b/gradle-8.6.0.jar because:
[        ]   Build cache is disabled
[        ]   Caching not enabled.
[        ] Caching disabled for ExternalDependencyInstrumentingArtifactTransform: /root/.gradle/caches/8.14/transforms/6dd76cdd496ad57e31275fe365777d6c/transformed/merge/instrumentation-dependencies.bin because:
[        ]   Build cache is disabled
[        ]   Caching not enabled.
[        ] Caching disabled for MergeInstrumentationAnalysisTransform: /root/.gradle/caches/8.14/transforms/3565b7bd85ab3e1da3f11fb6ed7efe12/transformed/analysis/instrumentation-dependencies.bin because:
[        ]   Build cache is disabled
[        ]   Caching not enabled.
[        ] Caching disabled for MergeInstrumentationAnalysisTransform: /root/.gradle/caches/8.14/transforms/33e197a2e0080fdd7941f4b38d36f6e6/transformed/analysis/instrumentation-hierarchy.bin because:
[        ]   Build cache is disabled
[        ]   Caching not enabled.
[        ] Caching disabled for ExternalDependencyInstrumentingArtifactTransform: /root/.gradle/caches/8.14/transforms/3ecf0e08e3886e915df3f80df63785de/transformed/merge/instrumentation-dependencies.bin because:
[        ]   Build cache is disabled
[        ]   Caching not enabled.
[        ] Caching disabled for ExternalDependencyInstrumentingArtifactTransform: /root/.gradle/caches/modules-2/files-2.1/com.android.tools.analytics-library/shared/31.6.0/45eea9de2d45308aa30272dca79ea59d6720eb4a/shared-31.6.0.jar because:
[        ]   Build cache is disabled
[        ]   Caching not enabled.
[        ] Caching disabled for MergeInstrumentationAnalysisTransform: /root/.gradle/caches/modules-2/files-2.1/androidx.databinding/databinding-compiler-common/8.6.0/56994ba47bfd6083f39afaf91a443e32ba365279/databinding-compiler-common-8.6.0.jar because:
[        ]   Build cache is disabled
[        ]   Caching not enabled.
[        ] Caching disabled for ExternalDependencyInstrumentingArtifactTransform: /root/.gradle/caches/modules-2/files-2.1/com.android.tools/sdklib/31.6.0/3c468f4b2cdd84a7429c6046c31bef32c0b57f1c/sdklib-31.6.0.jar because:
[        ]   Build cache is disabled
[        ]   Caching not enabled.
[        ] Caching disabled for MergeInstrumentationAnalysisTransform: /root/.gradle/caches/8.14/transforms/33e197a2e0080fdd7941f4b38d36f6e6/transformed/analysis/instrumentation-dependencies.bin because:
[        ]   Build cache is disabled
[        ]   Caching not enabled.
[        ] Caching disabled for ExternalDependencyInstrumentingArtifactTransform: /root/.gradle/caches/modules-2/files-2.1/com.android.tools.lint/lint-typedef-remover/31.6.0/644ab9b8a697ba83702c4e32eaaf95c504e1a522/lint-typedef-remover-31.6.0.jar because:
[        ]   Build cache is disabled
[        ]   Caching not enabled.
[        ] Caching disabled for MergeInstrumentationAnalysisTransform: /root/.gradle/caches/modules-2/files-2.1/androidx.databinding/databinding-common/8.6.0/2be3530b78477835e69dce953b17adc1dbc5c6fa/databinding-common-8.6.0.jar because:
[        ]   Build cache is disabled
[        ]   Caching not enabled.
[        ] Caching disabled for ExternalDependencyInstrumentingArtifactTransform: /root/.gradle/caches/modules-2/files-2.1/com.android.tools.build/aaptcompiler/8.6.0/a11efeda12fa0ccac5927c39ae3cb103c51dc94b/aaptcompiler-8.6.0.jar because:
[        ]   Build cache is disabled
[        ]   Caching not enabled.
[        ] Caching disabled for MergeInstrumentationAnalysisTransform: /root/.gradle/caches/8.14/transforms/6156472e5e917ad7f63080628dfe400b/transformed/analysis/instrumentation-hierarchy.bin because:
[        ]   Build cache is disabled
[        ]   Caching not enabled.
[        ] Caching disabled for MergeInstrumentationAnalysisTransform: /root/.gradle/caches/8.14/transforms/e19f177afdc96b41c74376b6ad0dc052/transformed/analysis/instrumentation-hierarchy.bin because:
[        ]   Build cache is disabled
[        ]   Caching not enabled.
[        ] Caching disabled for ExternalDependencyInstrumentingArtifactTransform: /root/.gradle/caches/8.14/transforms/0d310d46ab507d22b0bbedda9c675131/transformed/merge/instrumentation-dependencies.bin because:
[        ]   Build cache is disabled
[        ]   Caching not enabled.
[        ] Caching disabled for MergeInstrumentationAnalysisTransform: /root/.gradle/caches/modules-2/files-2.1/com.android.databinding/baseLibrary/8.6.0/7e7399239e52d4069896277615e005add7ae8e5a/baseLibrary-8.6.0.jar because:
[        ]   Build cache is disabled
[        ]   Caching not enabled.
[        ] Caching disabled for MergeInstrumentationAnalysisTransform: /root/.gradle/caches/8.14/transforms/e19f177afdc96b41c74376b6ad0dc052/transformed/analysis/instrumentation-dependencies.bin because:
[        ]   Build cache is disabled
[        ]   Caching not enabled.
[        ] Caching disabled for ExternalDependencyInstrumentingArtifactTransform: /root/.gradle/caches/8.14/transforms/d0a76757f898c002c9549bdf23c83505/transformed/merge/instrumentation-dependencies.bin because:
[        ]   Build cache is disabled
[        ]   Caching not enabled.
[        ] Caching disabled for MergeInstrumentationAnalysisTransform: /root/.gradle/caches/8.14/transforms/6156472e5e917ad7f63080628dfe400b/transformed/analysis/instrumentation-dependencies.bin because:
[        ]   Build cache is disabled
[        ]   Caching not enabled.
[        ] Caching disabled for MergeInstrumentationAnalysisTransform: /root/.gradle/caches/8.14/transforms/fe70ac551be1960268cc554cfd4a4b01/transformed/analysis/instrumentation-hierarchy.bin because:
[        ]   Build cache is disabled
[        ]   Caching not enabled.
[        ] Caching disabled for ExternalDependencyInstrumentingArtifactTransform: /root/.gradle/caches/8.14/transforms/dbd007cfc60e5145a8b08bb430a08e76/transformed/merge/instrumentation-dependencies.bin because:
[        ]   Build cache is disabled
[        ]   Caching not enabled.
[        ] Caching disabled for MergeInstrumentationAnalysisTransform: /root/.gradle/caches/8.14/transforms/eb85fa146dab2050ab3e1b10989411e2/transformed/analysis/instrumentation-hierarchy.bin because:
[        ]   Build cache is disabled
[        ]   Caching not enabled.
[        ] Caching disabled for MergeInstrumentationAnalysisTransform: /root/.gradle/caches/modules-2/files-2.1/com.android.tools.utp/android-device-provider-ddmlib-proto/31.6.0/732647a1df2d9405dbbc944ccb1a9153d7dc3e3a/android-device-provider-ddmlib-proto-31.6.0.jar because:
[        ]   Build cache is disabled
[        ]   Caching not enabled.
[        ] Caching disabled for MergeInstrumentationAnalysisTransform: /root/.gradle/caches/8.14/transforms/eb85fa146dab2050ab3e1b10989411e2/transformed/analysis/instrumentation-dependencies.bin because:
[        ]   Build cache is disabled
[        ]   Caching not enabled.
[        ] Caching disabled for MergeInstrumentationAnalysisTransform: /root/.gradle/caches/8.14/transforms/fe70ac551be1960268cc554cfd4a4b01/transformed/analysis/instrumentation-dependencies.bin because:
[        ]   Build cache is disabled
[        ]   Caching not enabled.
[        ] Caching disabled for MergeInstrumentationAnalysisTransform: /root/.gradle/caches/modules-2/files-2.1/com.android.tools.layoutlib/layoutlib-api/31.6.0/6abada4555fa60825ea5f353443a7e561445c4f0/layoutlib-api-31.6.0.jar because:
[        ]   Build cache is disabled
[        ]   Caching not enabled.
[        ] Caching disabled for ExternalDependencyInstrumentingArtifactTransform: /root/.gradle/caches/modules-2/files-2.1/com.android.databinding/baseLibrary/8.6.0/7e7399239e52d4069896277615e005add7ae8e5a/baseLibrary-8.6.0.jar because:
[        ]   Build cache is disabled
[        ]   Caching not enabled.
[        ] Caching disabled for ExternalDependencyInstrumentingArtifactTransform: /root/.gradle/caches/modules-2/files-2.1/com.android.tools.ddms/ddmlib/31.6.0/cec99d30da3f854bde3d734fabca09400097e4bd/ddmlib-31.6.0.jar because:
[        ]   Build cache is disabled
[        ]   Caching not enabled.
[        ] Caching disabled for ExternalDependencyInstrumentingArtifactTransform: /root/.gradle/caches/8.14/transforms/6a944bb35eaed85ba37cdc846449dc94/transformed/merge/instrumentation-dependencies.bin because:
[        ]   Build cache is disabled
[        ]   Caching not enabled.
[        ] Caching disabled for MergeInstrumentationAnalysisTransform: /root/.gradle/caches/modules-2/files-2.1/com.android.tools.utp/android-device-provider-gradle-proto/31.6.0/9f4923a6c0e213f00c1cc31720d1535f2d8517fe/android-device-provider-gradle-proto-31.6.0.jar because:
[        ]   Build cache is disabled
[        ]   Caching not enabled.
[        ] Caching disabled for ExternalDependencyInstrumentingArtifactTransform: /root/.gradle/caches/modules-2/files-2.1/androidx.databinding/databinding-common/8.6.0/2be3530b78477835e69dce953b17adc1dbc5c6fa/databinding-common-8.6.0.jar because:
[        ]   Build cache is disabled
[        ]   Caching not enabled.
[        ] Caching disabled for MergeInstrumentationAnalysisTransform: /root/.gradle/caches/modules-2/files-2.1/com.android.tools.utp/android-test-plugin-host-additional-test-output-proto/31.6.0/c02332c53d95a3e0ccd7ad9d6d97f8fec5d1a469/android-test-plugin-host-additional-test-output-proto-31.6.0.jar because:
[        ]   Build cache is disabled
[        ]   Caching not enabled.
[        ] Caching disabled for ExternalDependencyInstrumentingArtifactTransform: /root/.gradle/caches/8.14/transforms/42ab06203b7defc0094a302001f13b23/transformed/merge/instrumentation-dependencies.bin because:
[        ]   Build cache is disabled
[        ]   Caching not enabled.
[        ] Caching disabled for MergeInstrumentationAnalysisTransform: /root/.gradle/caches/8.14/transforms/06a32d8681b451a25b6a123ef9196726/transformed/analysis/instrumentation-hierarchy.bin because:
[        ]   Build cache is disabled
[        ]   Caching not enabled.
[        ] Caching disabled for ExternalDependencyInstrumentingArtifactTransform: /root/.gradle/caches/8.14/transforms/b7fdf749b9b29d6945fcbeb62c44aec5/transformed/merge/instrumentation-dependencies.bin because:
[        ]   Build cache is disabled
[        ]   Caching not enabled.
[        ] Caching disabled for MergeInstrumentationAnalysisTransform: /root/.gradle/caches/8.14/transforms/000ebb73ff25334dd15db331e55086cb/transformed/analysis/instrumentation-hierarchy.bin because:
[        ]   Build cache is disabled
[        ]   Caching not enabled.
[        ] Caching disabled for ExternalDependencyInstrumentingArtifactTransform: /root/.gradle/caches/modules-2/files-2.1/com.android.tools.build/aapt2-proto/8.6.0-11315950/53391aa56747d68af595877435ba51c07a268fbf/aapt2-proto-8.6.0-11315950.jar because:
[        ]   Build cache is disabled
[        ]   Caching not enabled.
[        ] Caching disabled for MergeInstrumentationAnalysisTransform: /root/.gradle/caches/8.14/transforms/8474f623d33d35bba48e851b68fcd1ed/transformed/analysis/instrumentation-hierarchy.bin because:
[        ]   Build cache is disabled
[        ]   Caching not enabled.
[        ] Caching disabled for ExternalDependencyInstrumentingArtifactTransform: /root/.gradle/caches/8.14/transforms/90a96d2800fc0bbd495dbb07e681f979/transformed/merge/instrumentation-dependencies.bin because:
[        ]   Build cache is disabled
[        ]   Caching not enabled.
[        ] Caching disabled for ExternalDependencyInstrumentingArtifactTransform: /root/.gradle/caches/modules-2/files-2.1/com.android.tools.utp/android-device-provider-ddmlib-proto/31.6.0/732647a1df2d9405dbbc944ccb1a9153d7dc3e3a/android-device-provider-ddmlib-proto-31.6.0.jar because:
[        ]   Build cache is disabled
[        ]   Caching not enabled.
[        ] Caching disabled for MergeInstrumentationAnalysisTransform: /root/.gradle/caches/8.14/transforms/06a32d8681b451a25b6a123ef9196726/transformed/analysis/instrumentation-dependencies.bin because:
[        ]   Build cache is disabled
[        ]   Caching not enabled.
[        ] Caching disabled for MergeInstrumentationAnalysisTransform: /root/.gradle/caches/8.14/transforms/000ebb73ff25334dd15db331e55086cb/transformed/analysis/instrumentation-dependencies.bin because:
[        ]   Build cache is disabled
[        ]   Caching not enabled.
[        ] Caching disabled for MergeInstrumentationAnalysisTransform: /root/.gradle/caches/8.14/transforms/8474f623d33d35bba48e851b68fcd1ed/transformed/analysis/instrumentation-dependencies.bin because:
[        ]   Build cache is disabled
[        ]   Caching not enabled.
[        ] Caching disabled for MergeInstrumentationAnalysisTransform: /root/.gradle/caches/8.14/transforms/9e6fa00df9d96dc4ababcc9959f4c278/transformed/analysis/instrumentation-hierarchy.bin because:
[        ]   Build cache is disabled
[        ]   Caching not enabled.
[        ] Caching disabled for MergeInstrumentationAnalysisTransform: /root/.gradle/caches/8.14/transforms/83cc04f74bf1f4cf73358f109b5e45f8/transformed/analysis/instrumentation-hierarchy.bin because:
[        ]   Build cache is disabled
[        ]   Caching not enabled.
[        ] Caching disabled for MergeInstrumentationAnalysisTransform: /root/.gradle/caches/modules-2/files-2.1/com.android.tools.utp/android-test-plugin-host-coverage-proto/31.6.0/c780344aab70a33c454ad697295e12278fed16db/android-test-plugin-host-coverage-proto-31.6.0.jar because:
[        ]   Build cache is disabled
[        ]   Caching not enabled.
[        ] Caching disabled for MergeInstrumentationAnalysisTransform: /root/.gradle/caches/8.14/transforms/9e6fa00df9d96dc4ababcc9959f4c278/transformed/analysis/instrumentation-dependencies.bin because:
[        ]   Build cache is disabled
[        ]   Caching not enabled.
[        ] Caching disabled for ExternalDependencyInstrumentingArtifactTransform: /root/.gradle/caches/modules-2/files-2.1/com.android.tools.utp/android-test-plugin-host-additional-test-output-proto/31.6.0/c02332c53d95a3e0ccd7ad9d6d97f8fec5d1a469/android-test-plugin-host-additional-test-output-proto-31.6.0.jar because:
[        ]   Build cache is disabled
[        ]   Caching not enabled.
[        ] Caching disabled for MergeInstrumentationAnalysisTransform: /root/.gradle/caches/modules-2/files-2.1/com.android.tools.utp/android-test-plugin-host-logcat-proto/31.6.0/d8f873c14c5c65746b97801c2c6cae506d0b3d29/android-test-plugin-host-logcat-proto-31.6.0.jar because:
[        ]   Build cache is disabled
[        ]   Caching not enabled.
[        ] Caching disabled for MergeInstrumentationAnalysisTransform: /root/.gradle/caches/8.14/transforms/83cc04f74bf1f4cf73358f109b5e45f8/transformed/analysis/instrumentation-dependencies.bin because:
[        ]   Build cache is disabled
[        ]   Caching not enabled.
[        ] Caching disabled for MergeInstrumentationAnalysisTransform: /root/.gradle/caches/modules-2/files-2.1/com.android.tools.utp/android-test-plugin-host-emulator-control-proto/31.6.0/faaddb0258a839e6ab89fe2acbe20ce29b403b43/android-test-plugin-host-emulator-control-proto-31.6.0.jar because:
[        ]   Build cache is disabled
[        ]   Caching not enabled.
[        ] Caching disabled for ExternalDependencyInstrumentingArtifactTransform: /root/.gradle/caches/8.14/transforms/3655b6ebda07fbde1b0ceba3dfff8b6d/transformed/merge/instrumentation-dependencies.bin because:
[        ]   Build cache is disabled
[        ]   Caching not enabled.
[        ] Caching disabled for ExternalDependencyInstrumentingArtifactTransform: /root/.gradle/caches/modules-2/files-2.1/com.android.tools.utp/android-device-provider-gradle-proto/31.6.0/9f4923a6c0e213f00c1cc31720d1535f2d8517fe/android-device-provider-gradle-proto-31.6.0.jar because:
[        ]   Build cache is disabled
[        ]   Caching not enabled.
[        ] Caching disabled for ExternalDependencyInstrumentingArtifactTransform: /root/.gradle/caches/modules-2/files-2.1/com.android.tools.layoutlib/layoutlib-api/31.6.0/6abada4555fa60825ea5f353443a7e561445c4f0/layoutlib-api-31.6.0.jar because:
[        ]   Build cache is disabled
[        ]   Caching not enabled.
[        ] Caching disabled for ExternalDependencyInstrumentingArtifactTransform: /root/.gradle/caches/8.14/transforms/3882772d5deb3fa2465f44f4ef71f779/transformed/merge/instrumentation-dependencies.bin because:
[        ]   Build cache is disabled
[        ]   Caching not enabled.
[        ] Caching disabled for MergeInstrumentationAnalysisTransform: /root/.gradle/caches/modules-2/files-2.1/com.android.tools.utp/android-test-plugin-host-retention-proto/31.6.0/8ef946d4477f3b40b3bcb7d151131483b6d77d67/android-test-plugin-host-retention-proto-31.6.0.jar because:
[        ]   Build cache is disabled
[        ]   Caching not enabled.
[        ] Caching disabled for MergeInstrumentationAnalysisTransform: /root/.gradle/caches/modules-2/files-2.1/com.android.tools.utp/android-test-plugin-host-apk-installer-proto/31.6.0/695cf71232626eeca4d84f72314196b270ca1c11/android-test-plugin-host-apk-installer-proto-31.6.0.jar because:
[        ]   Build cache is disabled
[        ]   Caching not enabled.
[        ] Caching disabled for MergeInstrumentationAnalysisTransform: /root/.gradle/caches/8.14/transforms/ccdb02de586d1b7209973e0960e923da/transformed/analysis/instrumentation-hierarchy.bin because:
[        ]   Build cache is disabled
[        ]   Caching not enabled.
[        ] Caching disabled for MergeInstrumentationAnalysisTransform: /root/.gradle/caches/8.14/transforms/370c4b2d0464902ab2e9ab31cb39f12b/transformed/analysis/instrumentation-hierarchy.bin because:
[        ]   Build cache is disabled
[        ]   Caching not enabled.
[        ] Caching disabled for MergeInstrumentationAnalysisTransform: /root/.gradle/caches/8.14/transforms/991885d9c7f7f0eb552f88e978c3b00a/transformed/analysis/instrumentation-hierarchy.bin because:
[        ]   Build cache is disabled
[        ]   Caching not enabled.
[        ] Caching disabled for ExternalDependencyInstrumentingArtifactTransform: /root/.gradle/caches/8.14/transforms/1443c020be0a2832828cfcc4b98ed23f/transformed/merge/instrumentation-dependencies.bin because:
[        ]   Build cache is disabled
[        ]   Caching not enabled.
[        ] Caching disabled for ExternalDependencyInstrumentingArtifactTransform: /root/.gradle/caches/8.14/transforms/f7587376aadc47e627164ab1565c25fc/transformed/merge/instrumentation-dependencies.bin because:
[        ]   Build cache is disabled
[        ]   Caching not enabled.
[        ] Caching disabled for ExternalDependencyInstrumentingArtifactTransform: /root/.gradle/caches/modules-2/files-2.1/com.android.tools.utp/android-test-plugin-host-coverage-proto/31.6.0/c780344aab70a33c454ad697295e12278fed16db/android-test-plugin-host-coverage-proto-31.6.0.jar because:
[        ]   Build cache is disabled
[        ]   Caching not enabled.
[        ] Caching disabled for MergeInstrumentationAnalysisTransform: /root/.gradle/caches/8.14/transforms/ccdb02de586d1b7209973e0960e923da/transformed/analysis/instrumentation-dependencies.bin because:
[        ]   Build cache is disabled
[        ]   Caching not enabled.
[        ] Caching disabled for MergeInstrumentationAnalysisTransform: /root/.gradle/caches/8.14/transforms/370c4b2d0464902ab2e9ab31cb39f12b/transformed/analysis/instrumentation-dependencies.bin because:
[        ]   Build cache is disabled
[        ]   Caching not enabled.
[        ] Caching disabled for ExternalDependencyInstrumentingArtifactTransform: /root/.gradle/caches/8.14/transforms/2b05124dd9aab2066e2482f3a8aa1632/transformed/merge/instrumentation-dependencies.bin because:
[        ]   Build cache is disabled
[        ]   Caching not enabled.
[        ] Caching disabled for MergeInstrumentationAnalysisTransform: /root/.gradle/caches/8.14/transforms/991885d9c7f7f0eb552f88e978c3b00a/transformed/analysis/instrumentation-dependencies.bin because:
[        ]   Build cache is disabled
[        ]   Caching not enabled.
[        ] Caching disabled for ExternalDependencyInstrumentingArtifactTransform: /root/.gradle/caches/modules-2/files-2.1/com.android.tools.utp/android-test-plugin-host-logcat-proto/31.6.0/d8f873c14c5c65746b97801c2c6cae506d0b3d29/android-test-plugin-host-logcat-proto-31.6.0.jar because:
[        ]   Build cache is disabled
[        ]   Caching not enabled.
[        ] Caching disabled for MergeInstrumentationAnalysisTransform: /root/.gradle/caches/8.14/transforms/26b55228661753cdb61bc26810c8929f/transformed/analysis/instrumentation-hierarchy.bin because:
[        ]   Build cache is disabled
[        ]   Caching not enabled.
[        ] Caching disabled for MergeInstrumentationAnalysisTransform: /root/.gradle/caches/modules-2/files-2.1/com.android.tools.build/builder-model/8.6.0/d604197f159f08b63f626c6d141918f1c04ba450/builder-model-8.6.0.jar because:
[        ]   Build cache is disabled
[        ]   Caching not enabled.
[        ] Caching disabled for ExternalDependencyInstrumentingArtifactTransform: /root/.gradle/caches/modules-2/files-2.1/com.android.tools.utp/android-test-plugin-host-emulator-control-proto/31.6.0/faaddb0258a839e6ab89fe2acbe20ce29b403b43/android-test-plugin-host-emulator-control-proto-31.6.0.jar because:
[        ]   Build cache is disabled
[        ]   Caching not enabled.
[        ] Caching disabled for MergeInstrumentationAnalysisTransform: /root/.gradle/caches/modules-2/files-2.1/com.android.tools/dvlib/31.6.0/8c475e80a82e3c293d792ea9a22847c43904c2fc/dvlib-31.6.0.jar because:
[        ]   Build cache is disabled
[        ]   Caching not enabled.
[        ] Caching disabled for MergeInstrumentationAnalysisTransform: /root/.gradle/caches/modules-2/files-2.1/com.android.tools.utp/android-test-plugin-result-listener-gradle-proto/31.6.0/f51d5e35aa252438265500d79fc2d314b7555b94/android-test-plugin-result-listener-gradle-proto-31.6.0.jar because:
[        ]   Build cache is disabled
[        ]   Caching not enabled.
[        ] Caching disabled for ExternalDependencyInstrumentingArtifactTransform: /root/.gradle/caches/modules-2/files-2.1/com.android.tools.utp/android-test-plugin-host-retention-proto/31.6.0/8ef946d4477f3b40b3bcb7d151131483b6d77d67/android-test-plugin-host-retention-proto-31.6.0.jar because:
[        ]   Build cache is disabled
[        ]   Caching not enabled.
[        ] Caching disabled for MergeInstrumentationAnalysisTransform: /root/.gradle/caches/8.14/transforms/26b55228661753cdb61bc26810c8929f/transformed/analysis/instrumentation-dependencies.bin because:
[        ]   Build cache is disabled
[        ]   Caching not enabled.
[        ] Caching disabled for ExternalDependencyInstrumentingArtifactTransform: /root/.gradle/caches/8.14/transforms/a1b16bb4b81c4325a0f528881d7f7f1a/transformed/merge/instrumentation-dependencies.bin because:
[        ]   Build cache is disabled
[        ]   Caching not enabled.
[        ] Caching disabled for ExternalDependencyInstrumentingArtifactTransform: /root/.gradle/caches/8.14/transforms/12d077dafd76a677af127e1934cf86af/transformed/merge/instrumentation-dependencies.bin because:
[        ]   Build cache is disabled
[        ]   Caching not enabled.
[        ] Caching disabled for MergeInstrumentationAnalysisTransform: /root/.gradle/caches/8.14/transforms/45f515a74421b5d14c88fcb72eeba950/transformed/analysis/instrumentation-hierarchy.bin because:
[        ]   Build cache is disabled
[        ]   Caching not enabled.
[        ] Caching disabled for MergeInstrumentationAnalysisTransform: /root/.gradle/caches/8.14/transforms/038f575baea171ba89eeecdce7d0cb1e/transformed/analysis/instrumentation-hierarchy.bin because:
[        ]   Build cache is disabled
[        ]   Caching not enabled.
[        ] Caching disabled for MergeInstrumentationAnalysisTransform: /root/.gradle/caches/8.14/transforms/45f515a74421b5d14c88fcb72eeba950/transformed/analysis/instrumentation-dependencies.bin because:
[        ]   Build cache is disabled
[        ]   Caching not enabled.
[        ] Caching disabled for MergeInstrumentationAnalysisTransform: /root/.gradle/caches/8.14/transforms/038f575baea171ba89eeecdce7d0cb1e/transformed/analysis/instrumentation-dependencies.bin because:
[        ]   Build cache is disabled
[        ]   Caching not enabled.
[        ] Caching disabled for ExternalDependencyInstrumentingArtifactTransform: /root/.gradle/caches/modules-2/files-2.1/com.android.tools.utp/android-test-plugin-host-apk-installer-proto/31.6.0/695cf71232626eeca4d84f72314196b270ca1c11/android-test-plugin-host-apk-installer-proto-31.6.0.jar because:
[        ]   Build cache is disabled
[        ]   Caching not enabled.
[        ] Caching disabled for MergeInstrumentationAnalysisTransform: /root/.gradle/caches/modules-2/files-2.1/com.android.tools/common/31.6.0/efe9e7cb9db0c21b65fe8816a98533da0957b33b/common-31.6.0.jar because:
[        ]   Build cache is disabled
[        ]   Caching not enabled.
[        ] Caching disabled for ExternalDependencyInstrumentingArtifactTransform: /root/.gradle/caches/modules-2/files-2.1/com.android.tools/dvlib/31.6.0/8c475e80a82e3c293d792ea9a22847c43904c2fc/dvlib-31.6.0.jar because:
[        ]   Build cache is disabled
[        ]   Caching not enabled.
[        ] Caching disabled for MergeInstrumentationAnalysisTransform: /root/.gradle/caches/8.14/transforms/8fc5c3035a16d1db96c9d750b4008169/transformed/analysis/instrumentation-hierarchy.bin because:
[        ]   Build cache is disabled
[        ]   Caching not enabled.
[        ] Caching disabled for ExternalDependencyInstrumentingArtifactTransform: /root/.gradle/caches/8.14/transforms/56f593893bdaddbdefd31322502f83e4/transformed/merge/instrumentation-dependencies.bin because:
[        ]   Build cache is disabled
[        ]   Caching not enabled.
[        ] Caching disabled for MergeInstrumentationAnalysisTransform: /root/.gradle/caches/8.14/transforms/680fc8c3b268f8c8277c9b3b135ba895/transformed/analysis/instrumentation-hierarchy.bin because:
[        ]   Build cache is disabled
[        ]   Caching not enabled.
[        ] Caching disabled for MergeInstrumentationAnalysisTransform: /root/.gradle/caches/modules-2/files-2.1/com.android.tools.build.jetifier/jetifier-core/1.0.0-beta10/6e621022a9c95af12a7004d6b55805bbd1126837/jetifier-core-1.0.0-beta10.jar because:
[        ]   Build cache is disabled
[        ]   Caching not enabled.
[        ] Caching disabled for MergeInstrumentationAnalysisTransform: /root/.gradle/caches/8.14/transforms/8fc5c3035a16d1db96c9d750b4008169/transformed/analysis/instrumentation-dependencies.bin because:
[        ]   Build cache is disabled
[        ]   Caching not enabled.
[        ] Caching disabled for ExternalDependencyInstrumentingArtifactTransform: /root/.gradle/caches/8.14/transforms/874544e94d47ec2db4ffe5710cb56512/transformed/merge/instrumentation-dependencies.bin because:
[        ]   Build cache is disabled
[        ]   Caching not enabled.
[        ] Caching disabled for MergeInstrumentationAnalysisTransform: /root/.gradle/caches/8.14/transforms/9c310f7b2385c233f772aed9ab7f8178/transformed/analysis/instrumentation-hierarchy.bin because:
[        ]   Build cache is disabled
[        ]   Caching not enabled.
[        ] Caching disabled for ExternalDependencyInstrumentingArtifactTransform: /root/.gradle/caches/modules-2/files-2.1/com.android.tools/sdk-common/31.6.0/6a0bd0ae73e72608ad61c937c7d145d9c77269f6/sdk-common-31.6.0.jar because:
[        ]   Build cache is disabled
[        ]   Caching not enabled.
[        ] Caching disabled for MergeInstrumentationAnalysisTransform: /root/.gradle/caches/8.14/transforms/680fc8c3b268f8c8277c9b3b135ba895/transformed/analysis/instrumentation-dependencies.bin because:
[        ]   Build cache is disabled
[        ]   Caching not enabled.
[        ] Caching disabled for MergeInstrumentationAnalysisTransform: /root/.gradle/caches/modules-2/files-2.1/org.jetbrains.kotlin/kotlin-reflect/1.9.20/34eeb4eed5f493cdbb760ef50a5653ec414006bf/kotlin-reflect-1.9.20.jar because:
[        ]   Build cache is disabled
[        ]   Caching not enabled.
[        ] Caching disabled for MergeInstrumentationAnalysisTransform: /root/.gradle/caches/8.14/transforms/6795bf1583fe459cf3a06be0bada5ce3/transformed/analysis/instrumentation-dependencies.bin because:
[        ]   Build cache is disabled
[        ]   Caching not enabled.
[        ] Caching disabled for MergeInstrumentationAnalysisTransform: /root/.gradle/caches/8.14/transforms/6128a36d6c5d81f189d6adbffa731ac0/transformed/analysis/instrumentation-dependencies.bin because:
[        ]   Build cache is disabled
[        ]   Caching not enabled.
[        ] Caching disabled for MergeInstrumentationAnalysisTransform: /root/.gradle/caches/8.14/transforms/9c310f7b2385c233f772aed9ab7f8178/transformed/analysis/instrumentation-dependencies.bin because:
[        ]   Build cache is disabled
[        ]   Caching not enabled.
[        ] Caching disabled for MergeInstrumentationAnalysisTransform: /root/.gradle/caches/8.14/transforms/8371811cf358d3aa8e15dfc29a0fb8e7/transformed/analysis/instrumentation-hierarchy.bin because:
[        ]   Build cache is disabled
[        ]   Caching not enabled.
[        ] Caching disabled for MergeInstrumentationAnalysisTransform: /root/.gradle/caches/modules-2/files-2.1/org.jetbrains.kotlin/kotlin-stdlib-jdk7/1.9.20/8b4b73f4e08efaae93fc01d8c6eaab58a72d2ab3/kotlin-stdlib-jdk7-1.9.20.jar because:
[        ]   Build cache is disabled
[        ]   Caching not enabled.
[        ] Caching disabled for MergeInstrumentationAnalysisTransform: /root/.gradle/caches/modules-2/files-2.1/com.android.tools.build.jetifier/jetifier-processor/1.0.0-beta10/946c39eb0c052ff4f60a8939648a8b99af20d604/jetifier-processor-1.0.0-beta10.jar because:
[        ]   Build cache is disabled
[        ]   Caching not enabled.
[        ] Caching disabled for MergeInstrumentationAnalysisTransform: /root/.gradle/caches/modules-2/files-2.1/org.jetbrains.kotlin/kotlin-stdlib-jdk8/1.9.20/e2b4d1f475ae0606d063a84fce4dccdb45c7e12a/kotlin-stdlib-jdk8-1.9.20.jar because:
[        ]   Build cache is disabled
[        ]   Caching not enabled.
[        ] Caching disabled for MergeInstrumentationAnalysisTransform: /root/.gradle/caches/modules-2/files-2.1/com.android.tools.build/transform-api/2.0.0-deprecated-use-gradle-api/47f6c56527c42425742fa9b56ffd3fd80763fe03/transform-api-2.0.0-deprecated-use-gradle-api.jar because:
[        ]   Build cache is disabled
[        ]   Caching not enabled.
[        ] Caching disabled for ExternalDependencyInstrumentingArtifactTransform: /root/.gradle/caches/modules-2/files-2.1/com.android.tools.build/builder-model/8.6.0/d604197f159f08b63f626c6d141918f1c04ba450/builder-model-8.6.0.jar because:
[        ]   Build cache is disabled
[        ]   Caching not enabled.
[        ] Caching disabled for MergeInstrumentationAnalysisTransform: /root/.gradle/caches/8.14/transforms/8371811cf358d3aa8e15dfc29a0fb8e7/transformed/analysis/instrumentation-dependencies.bin because:
[        ]   Build cache is disabled
[        ]   Caching not enabled.
[        ] Caching disabled for MergeInstrumentationAnalysisTransform: /root/.gradle/caches/8.14/transforms/ae58123eb45910051c0e5fa618a9082e/transformed/analysis/instrumentation-hierarchy.bin because:
[        ]   Build cache is disabled
[        ]   Caching not enabled.
[        ] Caching disabled for MergeInstrumentationAnalysisTransform: /root/.gradle/caches/modules-2/files-2.1/org.jetbrains.kotlin/kotlin-stdlib/1.9.20/e58b4816ac517e9cc5df1db051120c63d4cde669/kotlin-stdlib-1.9.20.jar because:
[        ]   Build cache is disabled
[        ]   Caching not enabled.
[        ] Caching disabled for MergeInstrumentationAnalysisTransform: /root/.gradle/caches/8.14/transforms/f659d362b93ad972651d1bdd2a9b7a9b/transformed/analysis/instrumentation-hierarchy.bin because:
[        ]   Build cache is disabled
[        ]   Caching not enabled.
[        ] Caching disabled for MergeInstrumentationAnalysisTransform: /root/.gradle/caches/8.14/transforms/bfb0a060fa29202905ad9bf2badd9ea6/transformed/analysis/instrumentation-hierarchy.bin because:
[        ]   Build cache is disabled
[        ]   Caching not enabled.
[        ] Caching disabled for MergeInstrumentationAnalysisTransform: /root/.gradle/caches/8.14/transforms/528c51ad191b1a2901f4557d0bbfe163/transformed/analysis/instrumentation-hierarchy.bin because:
[        ]   Build cache is disabled
[        ]   Caching not enabled.
[        ] Caching disabled for MergeInstrumentationAnalysisTransform: /root/.gradle/caches/8.14/transforms/7c26bb1bf31eb496c2767915a12b58e8/transformed/analysis/instrumentation-hierarchy.bin because:
[        ]   Build cache is disabled
[        ]   Caching not enabled.
[        ] Caching disabled for MergeInstrumentationAnalysisTransform: /root/.gradle/caches/8.14/transforms/f659d362b93ad972651d1bdd2a9b7a9b/transformed/analysis/instrumentation-dependencies.bin because:
[        ]   Build cache is disabled
[        ]   Caching not enabled.
[        ] Caching disabled for MergeInstrumentationAnalysisTransform: /root/.gradle/caches/8.14/transforms/ae58123eb45910051c0e5fa618a9082e/transformed/analysis/instrumentation-dependencies.bin because:
[        ]   Build cache is disabled
[        ]   Caching not enabled.
[        ] Caching disabled for MergeInstrumentationAnalysisTransform: /root/.gradle/caches/8.14/transforms/bfb0a060fa29202905ad9bf2badd9ea6/transformed/analysis/instrumentation-dependencies.bin because:
[        ]   Build cache is disabled
[        ]   Caching not enabled.
[        ] Caching disabled for MergeInstrumentationAnalysisTransform: /root/.gradle/caches/8.14/transforms/528c51ad191b1a2901f4557d0bbfe163/transformed/analysis/instrumentation-dependencies.bin because:
[        ]   Build cache is disabled
[        ]   Caching not enabled.
[        ] Caching disabled for MergeInstrumentationAnalysisTransform: /root/.gradle/caches/8.14/transforms/7c26bb1bf31eb496c2767915a12b58e8/transformed/analysis/instrumentation-dependencies.bin because:
[        ]   Build cache is disabled
[        ]   Caching not enabled.
[        ] Caching disabled for MergeInstrumentationAnalysisTransform: /root/.gradle/caches/modules-2/files-2.1/org.apache.httpcomponents/httpmime/4.5.6/164343da11db817e81e24e0d9869527e069850c9/httpmime-4.5.6.jar because:
[        ]   Build cache is disabled
[        ]   Caching not enabled.
[        ] Caching disabled for MergeInstrumentationAnalysisTransform: /root/.gradle/caches/modules-2/files-2.1/org.ow2.asm/asm-commons/9.6/f1a9e5508eff490744144565c47326c8648be309/asm-commons-9.6.jar because:
[        ]   Build cache is disabled
[        ]   Caching not enabled.
[        ] Caching disabled for MergeInstrumentationAnalysisTransform: /root/.gradle/caches/modules-2/files-2.1/commons-io/commons-io/2.13.0/8bb2bc9b4df17e2411533a0708a69f983bf5e83b/commons-io-2.13.0.jar because:
[        ]   Build cache is disabled
[        ]   Caching not enabled.
[        ] Caching disabled for MergeInstrumentationAnalysisTransform: /root/.gradle/caches/8.14/transforms/d5668f596b5205d8f1336ddd2e330e2b/transformed/analysis/instrumentation-hierarchy.bin because:
[        ]   Build cache is disabled
[        ]   Caching not enabled.
[        ] Caching disabled for MergeInstrumentationAnalysisTransform: /root/.gradle/caches/modules-2/files-2.1/org.ow2.asm/asm-util/9.6/f77caf84eb93786a749b2baa40865b9613e3eaee/asm-util-9.6.jar because:
[        ]   Build cache is disabled
[        ]   Caching not enabled.
[        ] Caching disabled for MergeInstrumentationAnalysisTransform: /root/.gradle/caches/modules-2/files-2.1/org.ow2.asm/asm-analysis/9.6/9ce6c7b174bd997fc2552dff47964546bd7a5ec3/asm-analysis-9.6.jar because:
[        ]   Build cache is disabled
[        ]   Caching not enabled.
[        ] Caching disabled for MergeInstrumentationAnalysisTransform: /root/.gradle/caches/8.14/transforms/45b1ec8b5025fef80f242ed9f1cadae7/transformed/analysis/instrumentation-hierarchy.bin because:
[        ]   Build cache is disabled
[        ]   Caching not enabled.
[        ] Caching disabled for ExternalDependencyInstrumentingArtifactTransform: /root/.gradle/caches/modules-2/files-2.1/androidx.databinding/databinding-compiler-common/8.6.0/56994ba47bfd6083f39afaf91a443e32ba365279/databinding-compiler-common-8.6.0.jar because:
[        ]   Build cache is disabled
[        ]   Caching not enabled.
[        ] Caching disabled for ExternalDependencyInstrumentingArtifactTransform: /root/.gradle/caches/modules-2/files-2.1/com.android.tools.utp/android-test-plugin-result-listener-gradle-proto/31.6.0/f51d5e35aa252438265500d79fc2d314b7555b94/android-test-plugin-result-listener-gradle-proto-31.6.0.jar because:
[        ]   Build cache is disabled
[        ]   Caching not enabled.
[        ] Caching disabled for MergeInstrumentationAnalysisTransform: /root/.gradle/caches/8.14/transforms/ede774ef94ed2f02896cf61d098f21b4/transformed/analysis/instrumentation-hierarchy.bin because:
[        ]   Build cache is disabled
[        ]   Caching not enabled.
[        ] Caching disabled for MergeInstrumentationAnalysisTransform: /root/.gradle/caches/8.14/transforms/7d0b495da3e94b9513f7899aa4fc052a/transformed/analysis/instrumentation-hierarchy.bin because:
[        ]   Build cache is disabled
[        ]   Caching not enabled.
[        ] Caching disabled for MergeInstrumentationAnalysisTransform: /root/.gradle/caches/modules-2/files-2.1/org.ow2.asm/asm-tree/9.6/c0cdda9d211e965d2a4448aa3fd86110f2f8c2de/asm-tree-9.6.jar because:
[        ]   Build cache is disabled
[        ]   Caching not enabled.
[        ] Caching disabled for MergeInstrumentationAnalysisTransform: /root/.gradle/caches/8.14/transforms/d5668f596b5205d8f1336ddd2e330e2b/transformed/analysis/instrumentation-dependencies.bin because:
[        ]   Build cache is disabled
[        ]   Caching not enabled.
[        ] Caching disabled for MergeInstrumentationAnalysisTransform: /root/.gradle/caches/8.14/transforms/38718154af92971d236fd5af51511df9/transformed/analysis/instrumentation-hierarchy.bin because:
[        ]   Build cache is disabled
[        ]   Caching not enabled.
[        ] Caching disabled for MergeInstrumentationAnalysisTransform: /root/.gradle/caches/8.14/transforms/45b1ec8b5025fef80f242ed9f1cadae7/transformed/analysis/instrumentation-dependencies.bin because:
[        ]   Build cache is disabled
[        ]   Caching not enabled.
[        ] Caching disabled for MergeInstrumentationAnalysisTransform: /root/.gradle/caches/8.14/transforms/7d0b495da3e94b9513f7899aa4fc052a/transformed/analysis/instrumentation-dependencies.bin because:
[        ]   Build cache is disabled
[        ]   Caching not enabled.
[        ] Caching disabled for MergeInstrumentationAnalysisTransform: /root/.gradle/caches/8.14/transforms/ede774ef94ed2f02896cf61d098f21b4/transformed/analysis/instrumentation-dependencies.bin because:
[        ]   Build cache is disabled
[        ]   Caching not enabled.
[        ] Caching disabled for MergeInstrumentationAnalysisTransform: /root/.gradle/caches/8.14/transforms/214e8f2365bd43e4a8ccb1573a478784/transformed/analysis/instrumentation-hierarchy.bin because:
[        ]   Build cache is disabled
[        ]   Caching not enabled.
[        ] Caching disabled for MergeInstrumentationAnalysisTransform: /root/.gradle/caches/8.14/transforms/01dcb191904ca6eecf15310e0a29551d/transformed/analysis/instrumentation-hierarchy.bin because:
[        ]   Build cache is disabled
[        ]   Caching not enabled.
[        ] Caching disabled for MergeInstrumentationAnalysisTransform: /root/.gradle/caches/8.14/transforms/8f3c72fc33a299bf4168ea60a7d6dcbd/transformed/analysis/instrumentation-hierarchy.bin because:
[        ]   Build cache is disabled
[        ]   Caching not enabled.
[        ] Caching disabled for MergeInstrumentationAnalysisTransform: /root/.gradle/caches/8.14/transforms/aa2582d1b1ce1010e7b54862c455938b/transformed/analysis/instrumentation-hierarchy.bin because:
[        ]   Build cache is disabled
[        ]   Caching not enabled.
[        ] Caching disabled for MergeInstrumentationAnalysisTransform: /root/.gradle/caches/8.14/transforms/38718154af92971d236fd5af51511df9/transformed/analysis/instrumentation-dependencies.bin because:
[        ]   Build cache is disabled
[        ]   Caching not enabled.
[        ] Caching disabled for MergeInstrumentationAnalysisTransform: /root/.gradle/caches/modules-2/files-2.1/org.ow2.asm/asm/9.6/aa205cf0a06dbd8e04ece91c0b37c3f5d567546a/asm-9.6.jar because:
[        ]   Build cache is disabled
[        ]   Caching not enabled.
[        ] Caching disabled for MergeInstrumentationAnalysisTransform: /root/.gradle/caches/8.14/transforms/aa2582d1b1ce1010e7b54862c455938b/transformed/analysis/instrumentation-dependencies.bin because:
[        ]   Build cache is disabled
[        ]   Caching not enabled.
[        ] Caching disabled for MergeInstrumentationAnalysisTransform: /root/.gradle/caches/8.14/transforms/01dcb191904ca6eecf15310e0a29551d/transformed/analysis/instrumentation-dependencies.bin because:
[        ]   Build cache is disabled
[        ]   Caching not enabled.
[        ] Caching disabled for MergeInstrumentationAnalysisTransform: /root/.gradle/caches/8.14/transforms/8f3c72fc33a299bf4168ea60a7d6dcbd/transformed/analysis/instrumentation-dependencies.bin because:
[        ]   Build cache is disabled
[        ]   Caching not enabled.
[        ] Caching disabled for MergeInstrumentationAnalysisTransform: /root/.gradle/caches/8.14/transforms/214e8f2365bd43e4a8ccb1573a478784/transformed/analysis/instrumentation-dependencies.bin because:
[        ]   Build cache is disabled
[        ]   Caching not enabled.
[        ] Caching disabled for MergeInstrumentationAnalysisTransform: /root/.gradle/caches/modules-2/files-2.1/net.sf.jopt-simple/jopt-simple/4.9/ee9e9eaa0a35360dcfeac129ff4923215fd65904/jopt-simple-4.9.jar because:
[        ]   Build cache is disabled
[        ]   Caching not enabled.
[        ] Caching disabled for MergeInstrumentationAnalysisTransform: /root/.gradle/caches/modules-2/files-2.1/com.android.tools.build/apkzlib/8.6.0/d656b52facbb301b8bdc1e40a5ae008bcf335fe9/apkzlib-8.6.0.jar because:
[        ]   Build cache is disabled
[        ]   Caching not enabled.
[        ] Caching disabled for MergeInstrumentationAnalysisTransform: /root/.gradle/caches/modules-2/files-2.1/org.glassfish.jaxb/jaxb-runtime/2.3.2/5528bc882ea499a09d720b42af11785c4fc6be2a/jaxb-runtime-2.3.2.jar because:
[        ]   Build cache is disabled
[        ]   Caching not enabled.
[        ] Caching disabled for MergeInstrumentationAnalysisTransform: /root/.gradle/caches/8.14/transforms/efac58d99f0f51e735754007b2842bc8/transformed/analysis/instrumentation-hierarchy.bin because:
[        ]   Build cache is disabled
[        ]   Caching not enabled.
[        ] Caching disabled for MergeInstrumentationAnalysisTransform: /root/.gradle/caches/modules-2/files-2.1/com.squareup/javapoet/1.10.0/712c178d35185d8261295913c9f2a7d6867a6007/javapoet-1.10.0.jar because:
[        ]   Build cache is disabled
[        ]   Caching not enabled.
[        ] Caching disabled for MergeInstrumentationAnalysisTransform: /root/.gradle/caches/modules-2/files-2.1/com.google.protobuf/protobuf-java-util/3.22.3/749cd4fe8ab52f37bc186193802ba19f5b284647/protobuf-java-util-3.22.3.jar because:
[        ]   Build cache is disabled
[        ]   Caching not enabled.
[        ] Caching disabled for MergeInstrumentationAnalysisTransform: /root/.gradle/caches/modules-2/files-2.1/io.grpc/grpc-protobuf/1.57.0/49986e40de6cbd14ba26247639b18ab0bac921c1/grpc-protobuf-1.57.0.jar because:
[        ]   Build cache is disabled
[        ]   Caching not enabled.
[        ] Caching disabled for ExternalDependencyInstrumentingArtifactTransform: /root/.gradle/caches/8.14/transforms/f2b473009cbade83c27b55c9a344050f/transformed/merge/instrumentation-dependencies.bin because:
[        ]   Build cache is disabled
[        ]   Caching not enabled.
[        ] Caching disabled for MergeInstrumentationAnalysisTransform: /root/.gradle/caches/modules-2/files-2.1/com.google.crypto.tink/tink/1.7.0/668b57f109d32349b2870448f06ae6f202713edc/tink-1.7.0.jar because:
[        ]   Build cache is disabled
[        ]   Caching not enabled.
[        ] Caching disabled for MergeInstrumentationAnalysisTransform: /root/.gradle/caches/modules-2/files-2.1/org.bouncycastle/bcpkix-jdk18on/1.77/ed953791ba0229747dd0fd9911e3d76a462acfd3/bcpkix-jdk18on-1.77.jar because:
[        ]   Build cache is disabled
[        ]   Caching not enabled.
[  +84 ms] Caching disabled for MergeInstrumentationAnalysisTransform: /root/.gradle/caches/8.14/transforms/efac58d99f0f51e735754007b2842bc8/transformed/analysis/instrumentation-dependencies.bin because:
[        ]   Build cache is disabled
[        ]   Caching not enabled.
[        ] Caching disabled for MergeInstrumentationAnalysisTransform: /root/.gradle/caches/8.14/transforms/bfaca779ac5e56361a91946c53f4cd63/transformed/analysis/instrumentation-hierarchy.bin because:
[        ]   Build cache is disabled
[        ]   Caching not enabled.
[        ] Caching disabled for MergeInstrumentationAnalysisTransform: /root/.gradle/caches/8.14/transforms/cb78427f11f5076a66f1c98fadb32a0a/transformed/analysis/instrumentation-hierarchy.bin because:
[        ]   Build cache is disabled
[        ]   Caching not enabled.
[        ] Caching disabled for MergeInstrumentationAnalysisTransform: /root/.gradle/caches/8.14/transforms/d9465b1bdaefa828a83347ca8060596e/transformed/analysis/instrumentation-hierarchy.bin because:
[        ]   Build cache is disabled
[        ]   Caching not enabled.
[        ] Caching disabled for MergeInstrumentationAnalysisTransform: /root/.gradle/caches/8.14/transforms/bfaca779ac5e56361a91946c53f4cd63/transformed/analysis/instrumentation-dependencies.bin because:
[        ]   Build cache is disabled
[        ]   Caching not enabled.
[        ] Caching disabled for MergeInstrumentationAnalysisTransform: /root/.gradle/caches/8.14/transforms/8ccd32509f720184b497148d398c1945/transformed/analysis/instrumentation-hierarchy.bin because:
[        ]   Build cache is disabled
[        ]   Caching not enabled.
[        ] Caching disabled for MergeInstrumentationAnalysisTransform: /root/.gradle/caches/8.14/transforms/ac37b94b66ef37ca4111bd7ebe9e0d89/transformed/analysis/instrumentation-hierarchy.bin because:
[        ]   Build cache is disabled
[        ]   Caching not enabled.
[        ] Caching disabled for MergeInstrumentationAnalysisTransform: /root/.gradle/caches/8.14/transforms/d9465b1bdaefa828a83347ca8060596e/transformed/analysis/instrumentation-dependencies.bin because:
[        ]   Build cache is disabled
[        ]   Caching not enabled.
[        ] Caching disabled for MergeInstrumentationAnalysisTransform: /root/.gradle/caches/8.14/transforms/b02d9f92549f890db45349caf6c783e0/transformed/analysis/instrumentation-hierarchy.bin because:
[        ]   Build cache is disabled
[        ]   Caching not enabled.
[        ] Caching disabled for MergeInstrumentationAnalysisTransform: /root/.gradle/caches/8.14/transforms/8ccd32509f720184b497148d398c1945/transformed/analysis/instrumentation-dependencies.bin because:
[        ]   Build cache is disabled
[        ]   Caching not enabled.
[        ] Caching disabled for MergeInstrumentationAnalysisTransform: /root/.gradle/caches/8.14/transforms/ac37b94b66ef37ca4111bd7ebe9e0d89/transformed/analysis/instrumentation-dependencies.bin because:
[        ]   Build cache is disabled
[        ]   Caching not enabled.
[        ] Caching disabled for MergeInstrumentationAnalysisTransform: /root/.gradle/caches/8.14/transforms/36ec3a703fdf06fb088dba35824c4671/transformed/analysis/instrumentation-hierarchy.bin because:
[        ]   Build cache is disabled
[        ]   Caching not enabled.
[        ] Caching disabled for ExternalDependencyInstrumentingArtifactTransform: /root/.gradle/caches/modules-2/files-2.1/com.android.tools/common/31.6.0/efe9e7cb9db0c21b65fe8816a98533da0957b33b/common-31.6.0.jar because:
[        ]   Build cache is disabled
[        ]   Caching not enabled.
[        ] Caching disabled for MergeInstrumentationAnalysisTransform: /root/.gradle/caches/8.14/transforms/b02d9f92549f890db45349caf6c783e0/transformed/analysis/instrumentation-dependencies.bin because:
[        ]   Build cache is disabled
[        ]   Caching not enabled.
[        ] Caching disabled for MergeInstrumentationAnalysisTransform: /root/.gradle/caches/modules-2/files-2.1/com.google.api.grpc/proto-google-common-protos/2.17.0/7edf1e3aa96dc3861f7a8f24556c714e9c5b292/proto-google-common-protos-2.17.0.jar because:
[        ]   Build cache is disabled
[        ]   Caching not enabled.
[        ] Caching disabled for MergeInstrumentationAnalysisTransform: /root/.gradle/caches/8.14/transforms/cb78427f11f5076a66f1c98fadb32a0a/transformed/analysis/instrumentation-dependencies.bin because:
[        ]   Build cache is disabled
[        ]   Caching not enabled.
[        ] Caching disabled for MergeInstrumentationAnalysisTransform: /root/.gradle/caches/8.14/transforms/36ec3a703fdf06fb088dba35824c4671/transformed/analysis/instrumentation-dependencies.bin because:
[        ]   Build cache is disabled
[        ]   Caching not enabled.
[        ] Caching disabled for MergeInstrumentationAnalysisTransform: /root/.gradle/caches/modules-2/files-2.1/io.grpc/grpc-core/1.57.0/2b6ef5166f31315098fff9bb85f33ab5fed58f6b/grpc-core-1.57.0.jar because:
[        ]   Build cache is disabled
[        ]   Caching not enabled.
[        ] Caching disabled for MergeInstrumentationAnalysisTransform: /root/.gradle/caches/8.14/transforms/9b0e98629bc06f5b01cc526ebfdfc3c3/transformed/analysis/instrumentation-hierarchy.bin because:
[        ]   Build cache is disabled
[        ]   Caching not enabled.
[        ] Caching disabled for MergeInstrumentationAnalysisTransform: /root/.gradle/caches/modules-2/files-2.1/com.android.tools.analytics-library/protos/31.6.0/a651e7f3d4ebd918607129e9d55e31f291fc7259/protos-31.6.0.jar because:
[        ]   Build cache is disabled
[        ]   Caching not enabled.
[        ] Caching disabled for MergeInstrumentationAnalysisTransform: /root/.gradle/caches/modules-2/files-2.1/io.grpc/grpc-netty/1.57.0/99cc01516c2fd1d134bf2585c2b38fa400804986/grpc-netty-1.57.0.jar because:
[        ]   Build cache is disabled
[        ]   Caching not enabled.
[        ] Caching disabled for MergeInstrumentationAnalysisTransform: /root/.gradle/caches/modules-2/files-2.1/com.google.code.gson/gson/2.10.1/b3add478d4382b78ea20b1671390a858002feb6c/gson-2.10.1.jar because:
[        ]   Build cache is disabled
[        ]   Caching not enabled.
[        ] Caching disabled for MergeInstrumentationAnalysisTransform: /root/.gradle/caches/8.14/transforms/29652b12d54e1ca59c7fe2266799493b/transformed/analysis/instrumentation-hierarchy.bin because:
[        ]   Build cache is disabled
[        ]   Caching not enabled.
[        ] Caching disabled for MergeInstrumentationAnalysisTransform: /root/.gradle/caches/modules-2/files-2.1/io.grpc/grpc-stub/1.57.0/262e1469c080164d5e2459f4908394d66f4e8828/grpc-stub-1.57.0.jar because:
[        ]   Build cache is disabled
[        ]   Caching not enabled.
[        ] Caching disabled for ExternalDependencyInstrumentingArtifactTransform: /root/.gradle/caches/8.14/transforms/77dfca0141b95d90b1ae9a3342f80938/transformed/merge/instrumentation-dependencies.bin because:
[        ]   Build cache is disabled
[        ]   Caching not enabled.
[        ] Caching disabled for MergeInstrumentationAnalysisTransform: /root/.gradle/caches/8.14/transforms/e1af31b6f6841aeef4f866f19498c6b7/transformed/analysis/instrumentation-hierarchy.bin because:
[        ]   Build cache is disabled
[        ]   Caching not enabled.
[        ] Caching disabled for MergeInstrumentationAnalysisTransform: /root/.gradle/caches/modules-2/files-2.1/com.google.testing.platform/core-proto/0.0.9-alpha02/ee54219cbb4a7fb83cdc528e9a85e0383f3ee726/core-proto-0.0.9-alpha02.jar because:
[        ]   Build cache is disabled
[        ]   Caching not enabled.
[        ] Caching disabled for MergeInstrumentationAnalysisTransform: /root/.gradle/caches/8.14/transforms/9b0e98629bc06f5b01cc526ebfdfc3c3/transformed/analysis/instrumentation-dependencies.bin because:
[        ]   Build cache is disabled
[        ]   Caching not enabled.
[        ] Caching disabled for MergeInstrumentationAnalysisTransform: /root/.gradle/caches/8.14/transforms/3ae60b3840f76fbc495a453c70c97bf0/transformed/analysis/instrumentation-hierarchy.bin because:
[        ]   Build cache is disabled
[        ]   Caching not enabled.
[        ] Caching disabled for MergeInstrumentationAnalysisTransform: /root/.gradle/caches/8.14/transforms/0b311fd0d807e0c08d7aad517a4b68f9/transformed/analysis/instrumentation-dependencies.bin because:
[        ]   Build cache is disabled
[        ]   Caching not enabled.
[        ] Caching disabled for MergeInstrumentationAnalysisTransform: /root/.gradle/caches/8.14/transforms/4bdbce4fba7b3272dca7d862f9a316c3/transformed/analysis/instrumentation-hierarchy.bin because:
[        ]   Build cache is disabled
[        ]   Caching not enabled.
[        ] Caching disabled for MergeInstrumentationAnalysisTransform: /root/.gradle/caches/8.14/transforms/29652b12d54e1ca59c7fe2266799493b/transformed/analysis/instrumentation-dependencies.bin because:
[        ]   Build cache is disabled
[        ]   Caching not enabled.
[        ] Caching disabled for MergeInstrumentationAnalysisTransform: /root/.gradle/caches/modules-2/files-2.1/com.google.protobuf/protobuf-java/3.22.3/fdee98b8f6abab73f146a4edb4c09e56f8278d03/protobuf-java-3.22.3.jar because:
[        ]   Build cache is disabled
[        ]   Caching not enabled.
[        ] Caching disabled for MergeInstrumentationAnalysisTransform: /root/.gradle/caches/8.14/transforms/dcb432963d78301e0f643399530533b7/transformed/analysis/instrumentation-hierarchy.bin because:
[        ]   Build cache is disabled
[        ]   Caching not enabled.
[        ] Caching disabled for MergeInstrumentationAnalysisTransform: /root/.gradle/caches/8.14/transforms/4bdbce4fba7b3272dca7d862f9a316c3/transformed/analysis/instrumentation-dependencies.bin because:
[        ]   Build cache is disabled
[        ]   Caching not enabled.
[        ] Caching disabled for MergeInstrumentationAnalysisTransform: /root/.gradle/caches/modules-2/files-2.1/net.sf.kxml/kxml2/2.3.0/ccbc77a5fd907ef863c29f3596c6f54ffa4e9442/kxml2-2.3.0.jar because:
[        ]   Build cache is disabled
[        ]   Caching not enabled.
[        ] Caching disabled for MergeInstrumentationAnalysisTransform: /root/.gradle/caches/8.14/transforms/3ae60b3840f76fbc495a453c70c97bf0/transformed/analysis/instrumentation-dependencies.bin because:
[        ]   Build cache is disabled
[        ]   Caching not enabled.
[        ] Caching disabled for MergeInstrumentationAnalysisTransform: /root/.gradle/caches/8.14/transforms/e1af31b6f6841aeef4f866f19498c6b7/transformed/analysis/instrumentation-dependencies.bin because:
[        ]   Build cache is disabled
[        ]   Caching not enabled.
[        ] Caching disabled for MergeInstrumentationAnalysisTransform: /root/.gradle/caches/modules-2/files-2.1/io.grpc/grpc-context/1.57.0/8d8f26a9b0bed637ee4592e1df3ef134ed2c54fd/grpc-context-1.57.0.jar because:
[        ]   Build cache is disabled
[        ]   Caching not enabled.
[        ] Caching disabled for ExternalDependencyInstrumentingArtifactTransform: /root/.gradle/caches/modules-2/files-2.1/com.android.tools.build/apkzlib/8.6.0/d656b52facbb301b8bdc1e40a5ae008bcf335fe9/apkzlib-8.6.0.jar because:
[        ]   Build cache is disabled
[        ]   Caching not enabled.
[        ] Caching disabled for MergeInstrumentationAnalysisTransform: /root/.gradle/caches/8.14/transforms/dcb432963d78301e0f643399530533b7/transformed/analysis/instrumentation-dependencies.bin because:
[        ]   Build cache is disabled
[        ]   Caching not enabled.
[        ] Caching disabled for MergeInstrumentationAnalysisTransform: /root/.gradle/caches/modules-2/files-2.1/org.tensorflow/tensorflow-lite-metadata/0.1.0-rc2/7aa9b3e16d85c2aae5eff741265315a37c9f731a/tensorflow-lite-metadata-0.1.0-rc2.jar because:
[        ]   Build cache is disabled
[        ]   Caching not enabled.
[        ] Caching disabled for MergeInstrumentationAnalysisTransform: /root/.gradle/caches/8.14/transforms/33f7d71be70ebe6292356bb23ca7f128/transformed/analysis/instrumentation-hierarchy.bin because:
[        ]   Build cache is disabled
[        ]   Caching not enabled.
[        ] Caching disabled for MergeInstrumentationAnalysisTransform: /root/.gradle/caches/8.14/transforms/1f33ebe59883eca7cf0b19e5fe8de863/transformed/analysis/instrumentation-dependencies.bin because:
[        ]   Build cache is disabled
[        ]   Caching not enabled.
[        ] Caching disabled for MergeInstrumentationAnalysisTransform: /root/.gradle/caches/8.14/transforms/7be62387c6ab0a21cf3299118e9fa20b/transformed/analysis/instrumentation-hierarchy.bin because:
[        ]   Build cache is disabled
[        ]   Caching not enabled.
[        ] Caching disabled for MergeInstrumentationAnalysisTransform: /root/.gradle/caches/modules-2/files-2.1/io.grpc/grpc-protobuf-lite/1.57.0/ca0084219b71d29cd9bfc3b81780aca91a965753/grpc-protobuf-lite-1.57.0.jar because:
[        ]   Build cache is disabled
[        ]   Caching not enabled.
[        ] Caching disabled for MergeInstrumentationAnalysisTransform: /root/.gradle/caches/modules-2/files-2.1/com.google.jimfs/jimfs/1.1/8fbd0579dc68aba6186935cc1bee21d2f3e7ec1c/jimfs-1.1.jar because:
[        ]   Build cache is disabled
[        ]   Caching not enabled.
[        ] Caching disabled for MergeInstrumentationAnalysisTransform: /root/.gradle/caches/modules-2/files-2.1/com.google.flatbuffers/flatbuffers-java/1.12.0/8201cc7b511177a37071249e891f2f2fea4b32e9/flatbuffers-java-1.12.0.jar because:
[        ]   Build cache is disabled
[        ]   Caching not enabled.
[        ] Caching disabled for MergeInstrumentationAnalysisTransform: /root/.gradle/caches/8.14/transforms/ba603a8e5cd50a7c88cc1c83cedbafe1/transformed/analysis/instrumentation-hierarchy.bin because:
[        ]   Build cache is disabled
[        ]   Caching not enabled.
[        ] Caching disabled for MergeInstrumentationAnalysisTransform: /root/.gradle/caches/8.14/transforms/c3dfc123658e13e4e7b54504f1eb7e8a/transformed/analysis/instrumentation-hierarchy.bin because:
[        ]   Build cache is disabled
[        ]   Caching not enabled.
[        ] Caching disabled for MergeInstrumentationAnalysisTransform: /root/.gradle/caches/8.14/transforms/33f7d71be70ebe6292356bb23ca7f128/transformed/analysis/instrumentation-dependencies.bin because:
[        ]   Build cache is disabled
[        ]   Caching not enabled.
[        ] Caching disabled for MergeInstrumentationAnalysisTransform: /root/.gradle/caches/modules-2/files-2.1/io.grpc/grpc-api/1.57.0/768ab3e583b213a3672ec776e70765b594e8bbe5/grpc-api-1.57.0.jar because:
[        ]   Build cache is disabled
[        ]   Caching not enabled.
[        ] Caching disabled for MergeInstrumentationAnalysisTransform: /root/.gradle/caches/8.14/transforms/7be62387c6ab0a21cf3299118e9fa20b/transformed/analysis/instrumentation-dependencies.bin because:
[        ]   Build cache is disabled
[        ]   Caching not enabled.
[        ] Caching disabled for MergeInstrumentationAnalysisTransform: /root/.gradle/caches/8.14/transforms/c3dfc123658e13e4e7b54504f1eb7e8a/transformed/analysis/instrumentation-dependencies.bin because:
[        ]   Build cache is disabled
[        ]   Caching not enabled.
[        ] Caching disabled for MergeInstrumentationAnalysisTransform: /root/.gradle/caches/modules-2/files-2.1/org.bouncycastle/bcutil-jdk18on/1.77/de3eaef351545fe8562cf29ddff4a403a45b49b7/bcutil-jdk18on-1.77.jar because:
[        ]   Build cache is disabled
[        ]   Caching not enabled.
[        ] Caching disabled for MergeInstrumentationAnalysisTransform: /root/.gradle/caches/8.14/transforms/3c31e71a7838345b49ffab5674d8ff5e/transformed/analysis/instrumentation-hierarchy.bin because:
[        ]   Build cache is disabled
[        ]   Caching not enabled.
[        ] Caching disabled for MergeInstrumentationAnalysisTransform: /root/.gradle/caches/modules-2/files-2.1/javax.inject/javax.inject/1/6975da39a7040257bd51d21a231b76c915872d38/javax.inject-1.jar because:
[        ]   Build cache is disabled
[        ]   Caching not enabled.
[        ] Caching disabled for MergeInstrumentationAnalysisTransform: /root/.gradle/caches/8.14/transforms/9d04d315a102c441141d3be66524f20d/transformed/analysis/instrumentation-hierarchy.bin because:
[        ]   Build cache is disabled
[        ]   Caching not enabled.
[        ] Caching disabled for MergeInstrumentationAnalysisTransform: /root/.gradle/caches/8.14/transforms/ba603a8e5cd50a7c88cc1c83cedbafe1/transformed/analysis/instrumentation-dependencies.bin because:
[        ]   Build cache is disabled
[        ]   Caching not enabled.
[        ] Caching disabled for MergeInstrumentationAnalysisTransform: /root/.gradle/caches/8.14/transforms/410b73183f139835f68024b4a9e6d4c0/transformed/analysis/instrumentation-hierarchy.bin because:
[        ]   Build cache is disabled
[        ]   Caching not enabled.
[        ] Caching disabled for MergeInstrumentationAnalysisTransform: /root/.gradle/caches/8.14/transforms/4bb2857926d6bbf63c2a8489c429fa99/transformed/analysis/instrumentation-hierarchy.bin because:
[        ]   Build cache is disabled
[        ]   Caching not enabled.
[        ] Caching disabled for MergeInstrumentationAnalysisTransform: /root/.gradle/caches/8.14/transforms/3c31e71a7838345b49ffab5674d8ff5e/transformed/analysis/instrumentation-dependencies.bin because:
[        ]   Build cache is disabled
[        ]   Caching not enabled.
[        ] Caching disabled for MergeInstrumentationAnalysisTransform: /root/.gradle/caches/8.14/transforms/f3a6428d10373325c1383925ba5e9024/transformed/analysis/instrumentation-dependencies.bin because:
[        ]   Build cache is disabled
[        ]   Caching not enabled.
[        ] Caching disabled for MergeInstrumentationAnalysisTransform: /root/.gradle/caches/8.14/transforms/1a1d3b61d5a868318f8594a976389b2b/transformed/analysis/instrumentation-hierarchy.bin because:
[        ]   Build cache is disabled
[        ]   Caching not enabled.
[        ] Caching disabled for MergeInstrumentationAnalysisTransform: /root/.gradle/caches/8.14/transforms/410b73183f139835f68024b4a9e6d4c0/transformed/analysis/instrumentation-dependencies.bin because:
[        ]   Build cache is disabled
[        ]   Caching not enabled.
[        ] Caching disabled for MergeInstrumentationAnalysisTransform: /root/.gradle/caches/8.14/transforms/9d04d315a102c441141d3be66524f20d/transformed/analysis/instrumentation-dependencies.bin because:
[        ]   Build cache is disabled
[        ]   Caching not enabled.
[        ] Caching disabled for MergeInstrumentationAnalysisTransform: /root/.gradle/caches/modules-2/files-2.1/com.google.dagger/dagger/2.28.3/10d83810ef9e19714116ed518896c90c6606d633/dagger-2.28.3.jar because:
[        ]   Build cache is disabled
[        ]   Caching not enabled.
[        ] Caching disabled for MergeInstrumentationAnalysisTransform: /root/.gradle/caches/8.14/transforms/4bb2857926d6bbf63c2a8489c429fa99/transformed/analysis/instrumentation-dependencies.bin because:
[        ]   Build cache is disabled
[        ]   Caching not enabled.
[        ] Caching disabled for MergeInstrumentationAnalysisTransform: /root/.gradle/caches/modules-2/files-2.1/com.google.guava/guava/32.0.1-jre/6e5d51a72d142f2d40a57dfb897188b36a95b489/guava-32.0.1-jre.jar because:
[        ]   Build cache is disabled
[        ]   Caching not enabled.
[        ] Caching disabled for MergeInstrumentationAnalysisTransform: /root/.gradle/caches/8.14/transforms/1a1d3b61d5a868318f8594a976389b2b/transformed/analysis/instrumentation-dependencies.bin because:
[        ]   Build cache is disabled
[        ]   Caching not enabled.
[        ] Caching disabled for MergeInstrumentationAnalysisTransform: /root/.gradle/caches/8.14/transforms/4078a1f6329ad76f1b7195067bed7e16/transformed/analysis/instrumentation-hierarchy.bin because:
[        ]   Build cache is disabled
[        ]   Caching not enabled.
[        ] Caching disabled for MergeInstrumentationAnalysisTransform: /root/.gradle/caches/modules-2/files-2.1/org.jetbrains.intellij.deps/trove4j/1.0.20200330/3afb14d5f9ceb459d724e907a21145e8ff394f02/trove4j-1.0.20200330.jar because:
[        ]   Build cache is disabled
[        ]   Caching not enabled.
[        ] Caching disabled for MergeInstrumentationAnalysisTransform: /root/.gradle/caches/modules-2/files-2.1/org.bouncycastle/bcprov-jdk18on/1.77/2cc971b6c20949c1ff98d1a4bc741ee848a09523/bcprov-jdk18on-1.77.jar because:
[        ]   Build cache is disabled
[        ]   Caching not enabled.
[        ] Caching disabled for MergeInstrumentationAnalysisTransform: /root/.gradle/caches/8.14/transforms/1bc8fa19eaff7a4be41d15420acf58d3/transformed/analysis/instrumentation-hierarchy.bin because:
[        ]   Build cache is disabled
[        ]   Caching not enabled.
[        ] Caching disabled for MergeInstrumentationAnalysisTransform: /root/.gradle/caches/modules-2/files-2.1/org.apache.httpcomponents/httpcore/4.4.16/51cf043c87253c9f58b539c9f7e44c8894223850/httpcore-4.4.16.jar because:
[        ]   Build cache is disabled
[        ]   Caching not enabled.
[        ] Caching disabled for MergeInstrumentationAnalysisTransform: /root/.gradle/caches/modules-2/files-2.1/org.jetbrains/annotations/23.0.0/8cc20c07506ec18e0834947b84a864bfc094484e/annotations-23.0.0.jar because:
[        ]   Build cache is disabled
[        ]   Caching not enabled.
[        ] Caching disabled for MergeInstrumentationAnalysisTransform: /root/.gradle/caches/8.14/transforms/4078a1f6329ad76f1b7195067bed7e16/transformed/analysis/instrumentation-dependencies.bin because:
[        ]   Build cache is disabled
[        ]   Caching not enabled.
[        ] Caching disabled for MergeInstrumentationAnalysisTransform: /root/.gradle/caches/modules-2/files-2.1/org.apache.httpcomponents/httpclient/4.5.14/1194890e6f56ec29177673f2f12d0b8e627dec98/httpclient-4.5.14.jar because:
[        ]   Build cache is disabled
[        ]   Caching not enabled.
[        ] Caching disabled for MergeInstrumentationAnalysisTransform: /root/.gradle/caches/8.14/transforms/9253edfb826e532f887955342fb4a0f3/transformed/analysis/instrumentation-dependencies.bin because:
[        ]   Build cache is disabled
[        ]   Caching not enabled.
[        ] Caching disabled for MergeInstrumentationAnalysisTransform: /root/.gradle/caches/modules-2/files-2.1/com.sun.activation/javax.activation/1.2.0/bf744c1e2776ed1de3c55c8dac1057ec331ef744/javax.activation-1.2.0.jar because:
[        ]   Build cache is disabled
[        ]   Caching not enabled.
[        ] Caching disabled for MergeInstrumentationAnalysisTransform: /root/.gradle/caches/modules-2/files-2.1/org.apache.commons/commons-compress/1.21/4ec95b60d4e86b5c95a0e919cb172a0af98011ef/commons-compress-1.21.jar because:
[        ]   Build cache is disabled
[        ]   Caching not enabled.
[        ] Caching disabled for MergeInstrumentationAnalysisTransform: /root/.gradle/caches/8.14/transforms/f62290c4265fae9fb0cf357d49462801/transformed/analysis/instrumentation-hierarchy.bin because:
[        ]   Build cache is disabled
[        ]   Caching not enabled.
[        ] Caching disabled for MergeInstrumentationAnalysisTransform: /root/.gradle/caches/8.14/transforms/1bc8fa19eaff7a4be41d15420acf58d3/transformed/analysis/instrumentation-dependencies.bin because:
[        ]   Build cache is disabled
[        ]   Caching not enabled.
[        ] Caching disabled for MergeInstrumentationAnalysisTransform: /root/.gradle/caches/8.14/transforms/63e0a1f75d91cde9ecfd6e29ce3f4dc8/transformed/analysis/instrumentation-hierarchy.bin because:
[        ]   Build cache is disabled
[        ]   Caching not enabled.
[        ] Caching disabled for MergeInstrumentationAnalysisTransform: /root/.gradle/caches/modules-2/files-2.1/com.android/signflinger/8.6.0/13f035dd8e7e470ff8f3216a0b46333187f26df5/signflinger-8.6.0.jar because:
[        ]   Build cache is disabled
[        ]   Caching not enabled.
[        ] Caching disabled for MergeInstrumentationAnalysisTransform: /root/.gradle/caches/8.14/transforms/e0226a994236d7bf90152c665abe60df/transformed/analysis/instrumentation-dependencies.bin because:
[        ]   Build cache is disabled
[        ]   Caching not enabled.
[        ] Caching disabled for MergeInstrumentationAnalysisTransform: /root/.gradle/caches/8.14/transforms/8c12647086c0a3ca5d593c8e6e97b7eb/transformed/analysis/instrumentation-hierarchy.bin because:
[        ]   Build cache is disabled
[        ]   Caching not enabled.
[        ] Caching disabled for MergeInstrumentationAnalysisTransform: /root/.gradle/caches/8.14/transforms/9a9891476629ac44014c62adfce6452d/transformed/analysis/instrumentation-hierarchy.bin because:
[        ]   Build cache is disabled
[        ]   Caching not enabled.
[        ] Caching disabled for MergeInstrumentationAnalysisTransform: /root/.gradle/caches/8.14/transforms/a9bb419057f2ec78198df5a5329559ea/transformed/analysis/instrumentation-hierarchy.bin because:
[        ]   Build cache is disabled
[        ]   Caching not enabled.
[        ] Caching disabled for MergeInstrumentationAnalysisTransform: /root/.gradle/caches/modules-2/files-2.1/com.android.tools/annotations/31.6.0/1946e7f75bc1615b4abfc0f83899934dfcbdf1fc/annotations-31.6.0.jar because:
[   +1 ms]   Build cache is disabled
[        ]   Caching not enabled.
[        ] Caching disabled for MergeInstrumentationAnalysisTransform: /root/.gradle/caches/8.14/transforms/f62290c4265fae9fb0cf357d49462801/transformed/analysis/instrumentation-dependencies.bin because:
[   +3 ms]   Build cache is disabled
[        ]   Caching not enabled.
[        ] Caching disabled for MergeInstrumentationAnalysisTransform: /root/.gradle/caches/8.14/transforms/63e0a1f75d91cde9ecfd6e29ce3f4dc8/transformed/analysis/instrumentation-dependencies.bin because:
[        ]   Build cache is disabled
[        ]   Caching not enabled.
[        ] Caching disabled for ExternalDependencyInstrumentingArtifactTransform: /root/.gradle/caches/8.14/transforms/5e364bbe4e3d3ffe7c91298b73ad8a58/transformed/merge/instrumentation-dependencies.bin because:
[        ]   Build cache is disabled
[        ]   Caching not enabled.
[        ] Caching disabled for MergeInstrumentationAnalysisTransform: /root/.gradle/caches/modules-2/files-2.1/com.android/zipflinger/8.6.0/de8e3267995699af356740cf562cbedb485f5763/zipflinger-8.6.0.jar because:
[        ]   Build cache is disabled
[        ]   Caching not enabled.
[        ] Caching disabled for MergeInstrumentationAnalysisTransform: /root/.gradle/caches/8.14/transforms/8c12647086c0a3ca5d593c8e6e97b7eb/transformed/analysis/instrumentation-dependencies.bin because:
[        ]   Build cache is disabled
[        ]   Caching not enabled.
[        ] Caching disabled for MergeInstrumentationAnalysisTransform: /root/.gradle/caches/modules-2/files-2.1/javax.annotation/javax.annotation-api/1.3.2/934c04d3cfef185a8008e7bf34331b79730a9d43/javax.annotation-api-1.3.2.jar because:
[        ]   Build cache is disabled
[        ]   Caching not enabled.
[        ] Caching disabled for MergeInstrumentationAnalysisTransform: /root/.gradle/caches/8.14/transforms/9a9891476629ac44014c62adfce6452d/transformed/analysis/instrumentation-dependencies.bin because:
[        ]   Build cache is disabled
[        ]   Caching not enabled.
[        ] Caching disabled for MergeInstrumentationAnalysisTransform: /root/.gradle/caches/8.14/transforms/0e4888efffc5b1de0f2cc5286369299e/transformed/analysis/instrumentation-hierarchy.bin because:
[        ]   Build cache is disabled
[        ]   Caching not enabled.
[        ] Caching disabled for MergeInstrumentationAnalysisTransform: /root/.gradle/caches/8.14/transforms/a9bb419057f2ec78198df5a5329559ea/transformed/analysis/instrumentation-dependencies.bin because:
[        ]   Build cache is disabled
[        ]   Caching not enabled.
[        ] Caching disabled for ExternalDependencyInstrumentingArtifactTransform: /root/.gradle/caches/8.14/transforms/9003a60d68c4bd65ea75ed53aa6cb967/transformed/merge/instrumentation-dependencies.bin because:
[        ]   Build cache is disabled
[        ]   Caching not enabled.
[        ] Caching disabled for ExternalDependencyInstrumentingArtifactTransform: /root/.gradle/caches/8.14/transforms/e6a4ecb269c88fa455812a2a08617b38/transformed/merge/instrumentation-dependencies.bin because:
[        ]   Build cache is disabled
[        ]   Caching not enabled.
[        ] Caching disabled for MergeInstrumentationAnalysisTransform: /root/.gradle/caches/modules-2/files-2.1/com.googlecode.juniversalchardet/juniversalchardet/1.0.3/cd49678784c46aa8789c060538e0154013bb421b/juniversalchardet-1.0.3.jar because:
[        ]   Build cache is disabled
[        ]   Caching not enabled.
[        ] Caching disabled for ExternalDependencyInstrumentingArtifactTransform: /root/.gradle/caches/modules-2/files-2.1/com.android/signflinger/8.6.0/13f035dd8e7e470ff8f3216a0b46333187f26df5/signflinger-8.6.0.jar because:
[        ]   Build cache is disabled
[        ]   Caching not enabled.
[        ] Caching disabled for MergeInstrumentationAnalysisTransform: /root/.gradle/caches/modules-2/files-2.1/org.jvnet.staxex/stax-ex/1.8.1/78011e483a21102fb4858f3e8f269a677e50aa23/stax-ex-1.8.1.jar because:
[        ]   Build cache is disabled
[        ]   Caching not enabled.
[        ] Caching disabled for MergeInstrumentationAnalysisTransform: /root/.gradle/caches/8.14/transforms/0e4888efffc5b1de0f2cc5286369299e/transformed/analysis/instrumentation-dependencies.bin because:
[        ]   Build cache is disabled
[        ]   Caching not enabled.
[        ] Caching disabled for MergeInstrumentationAnalysisTransform: /root/.gradle/caches/modules-2/files-2.1/org.glassfish.jaxb/txw2/2.3.2/ce5be7da2e442c25ec14c766cb60cb802741727b/txw2-2.3.2.jar because:
[        ]   Build cache is disabled
[        ]   Caching not enabled.
[        ] Caching disabled for MergeInstrumentationAnalysisTransform: /root/.gradle/caches/8.14/transforms/fefff9ef1ad0af2b4d20e97600842cb4/transformed/analysis/instrumentation-hierarchy.bin because:
[        ]   Build cache is disabled
[        ]   Caching not enabled.
[        ] Caching disabled for MergeInstrumentationAnalysisTransform: /root/.gradle/caches/8.14/transforms/c491d8608f57b6bb06428abd12a909c3/transformed/analysis/instrumentation-hierarchy.bin because:
[        ]   Build cache is disabled
[        ]   Caching not enabled.
[        ] Caching disabled for MergeInstrumentationAnalysisTransform: /root/.gradle/caches/8.14/transforms/9f7bf5a533b6fa8b7c91c970eaa2b8a2/transformed/analysis/instrumentation-dependencies.bin because:
[        ]   Build cache is disabled
[        ]   Caching not enabled.
[        ] Caching disabled for ExternalDependencyInstrumentingArtifactTransform: /root/.gradle/caches/modules-2/files-2.1/com.android.tools/annotations/31.6.0/1946e7f75bc1615b4abfc0f83899934dfcbdf1fc/annotations-31.6.0.jar because:
[        ]   Build cache is disabled
[        ]   Caching not enabled.
[        ] Caching disabled for MergeInstrumentationAnalysisTransform: /root/.gradle/caches/8.14/transforms/2e9ba682fa466731a5d84bfa3e2ce06a/transformed/analysis/instrumentation-dependencies.bin because:
[        ]   Build cache is disabled
[        ]   Caching not enabled.
[        ] Caching disabled for MergeInstrumentationAnalysisTransform: /root/.gradle/caches/modules-2/files-2.1/net.java.dev.jna/jna-platform/5.6.0/d18424ffb8bbfd036d71bcaab9b546858f2ef986/jna-platform-5.6.0.jar because:
[        ]   Build cache is disabled
[        ]   Caching not enabled.
[        ] Caching disabled for MergeInstrumentationAnalysisTransform: /root/.gradle/caches/modules-2/files-2.1/jakarta.xml.bind/jakarta.xml.bind-api/2.3.2/8d49996a4338670764d7ca4b85a1c4ccf7fe665d/jakarta.xml.bind-api-2.3.2.jar because:
[        ]   Build cache is disabled
[        ]   Caching not enabled.
[        ] Caching disabled for MergeInstrumentationAnalysisTransform: /root/.gradle/caches/8.14/transforms/fefff9ef1ad0af2b4d20e97600842cb4/transformed/analysis/instrumentation-dependencies.bin because:
[        ]   Build cache is disabled
[        ]   Caching not enabled.
[        ] Caching disabled for MergeInstrumentationAnalysisTransform: /root/.gradle/caches/8.14/transforms/c491d8608f57b6bb06428abd12a909c3/transformed/analysis/instrumentation-dependencies.bin because:
[        ]   Build cache is disabled
[        ]   Caching not enabled.
[        ] Caching disabled for ExternalDependencyInstrumentingArtifactTransform: /root/.gradle/caches/modules-2/files-2.1/com.android/zipflinger/8.6.0/de8e3267995699af356740cf562cbedb485f5763/zipflinger-8.6.0.jar because:
[        ]   Build cache is disabled
[        ]   Caching not enabled.
[        ] Caching disabled for MergeInstrumentationAnalysisTransform: /root/.gradle/caches/modules-2/files-2.1/com.sun.istack/istack-commons-runtime/3.0.8/d6a97364045aa6b99bf2d3c566a3f98599c2d296/istack-commons-runtime-3.0.8.jar because:
[        ]   Build cache is disabled
[        ]   Caching not enabled.
[        ] Caching disabled for MergeInstrumentationAnalysisTransform: /root/.gradle/caches/8.14/transforms/b964b2a10de25da1ef0fd6f921058bc2/transformed/analysis/instrumentation-hierarchy.bin because:
[        ]   Build cache is disabled
[        ]   Caching not enabled.
[        ] Caching disabled for MergeInstrumentationAnalysisTransform: /root/.gradle/caches/modules-2/files-2.1/com.google.auto.value/auto-value-annotations/1.6.2/ed193d86e0af90cc2342aedbe73c5d86b03fa09b/auto-value-annotations-1.6.2.jar because:
[        ]   Build cache is disabled
[        ]   Caching not enabled.
[        ] Caching disabled for MergeInstrumentationAnalysisTransform: /root/.gradle/caches/modules-2/files-2.1/com.google.errorprone/error_prone_annotations/2.18.0/89b684257096f548fa39a7df9fdaa409d4d4df91/error_prone_annotations-2.18.0.jar because:
[        ]   Build cache is disabled
[        ]   Caching not enabled.
[        ] Caching disabled for MergeInstrumentationAnalysisTransform: /root/.gradle/caches/8.14/transforms/b964b2a10de25da1ef0fd6f921058bc2/transformed/analysis/instrumentation-dependencies.bin because:
[        ]   Build cache is disabled
[        ]   Caching not enabled.
[        ] Caching disabled for MergeInstrumentationAnalysisTransform: /root/.gradle/caches/8.14/transforms/6f8bdd5d75a2382fcea921634ccf18cb/transformed/analysis/instrumentation-hierarchy.bin because:
[        ]   Build cache is disabled
[        ]   Caching not enabled.
[        ] Caching disabled for MergeInstrumentationAnalysisTransform: /root/.gradle/caches/8.14/transforms/d8695b060e50975c4594c2fcb6098560/transformed/analysis/instrumentation-hierarchy.bin because:
[        ]   Build cache is disabled
[        ]   Caching not enabled.
[        ] Caching disabled for MergeInstrumentationAnalysisTransform: /root/.gradle/caches/8.14/transforms/58004fb02668d400301539bc7fd0023b/transformed/analysis/instrumentation-hierarchy.bin because:
[        ]   Build cache is disabled
[        ]   Caching not enabled.
[        ] Caching disabled for MergeInstrumentationAnalysisTransform: /root/.gradle/caches/8.14/transforms/1e98e31a88d3569c883642359deaeb18/transformed/analysis/instrumentation-dependencies.bin because:
[        ]   Build cache is disabled
[        ]   Caching not enabled.
[        ] Caching disabled for MergeInstrumentationAnalysisTransform: /root/.gradle/caches/8.14/transforms/085ab5d22c0c73b805b5ceab6a9ea7ff/transformed/analysis/instrumentation-dependencies.bin because:
[        ]   Build cache is disabled
[        ]   Caching not enabled.
[        ] Caching disabled for MergeInstrumentationAnalysisTransform: /root/.gradle/caches/modules-2/files-2.1/com.sun.xml.fastinfoset/FastInfoset/1.2.16/4eb6a0adad553bf759ffe86927df6f3b848c8bea/FastInfoset-1.2.16.jar because:
[        ]   Build cache is disabled
[        ]   Caching not enabled.
[        ] Caching disabled for MergeInstrumentationAnalysisTransform: /root/.gradle/caches/8.14/transforms/ba62313f914ba6663c4cec7d64c7b39c/transformed/analysis/instrumentation-dependencies.bin because:
[        ]   Build cache is disabled
[        ]   Caching not enabled.
[        ] Caching disabled for MergeInstrumentationAnalysisTransform: /root/.gradle/caches/modules-2/files-2.1/org.bitbucket.b_c/jose4j/0.9.5/e4ca26802488e6f16e24558d74ac8775a955fdd3/jose4j-0.9.5.jar because:
[        ]   Build cache is disabled
[        ]   Caching not enabled.
[        ] Caching disabled for MergeInstrumentationAnalysisTransform: /root/.gradle/caches/modules-2/files-2.1/jakarta.activation/jakarta.activation-api/1.2.1/562a587face36ec7eff2db7f2fc95425c6602bc1/jakarta.activation-api-1.2.1.jar because:
[        ]   Build cache is disabled
[        ]   Caching not enabled.
[        ] Caching disabled for MergeInstrumentationAnalysisTransform: /root/.gradle/caches/8.14/transforms/6f8bdd5d75a2382fcea921634ccf18cb/transformed/analysis/instrumentation-dependencies.bin because:
[        ]   Build cache is disabled
[        ]   Caching not enabled.
[        ] Caching disabled for MergeInstrumentationAnalysisTransform: /root/.gradle/caches/8.14/transforms/d8695b060e50975c4594c2fcb6098560/transformed/analysis/instrumentation-dependencies.bin because:
[        ]   Build cache is disabled
[        ]   Caching not enabled.
[        ] Caching disabled for MergeInstrumentationAnalysisTransform: /root/.gradle/caches/8.14/transforms/58004fb02668d400301539bc7fd0023b/transformed/analysis/instrumentation-dependencies.bin because:
[        ]   Build cache is disabled
[        ]   Caching not enabled.
[        ] Caching disabled for MergeInstrumentationAnalysisTransform: /root/.gradle/caches/8.14/transforms/2c1c5505ea44e2d46dded4fbfa765af4/transformed/analysis/instrumentation-hierarchy.bin because:
[        ]   Build cache is disabled
[        ]   Caching not enabled.
[        ] Caching disabled for MergeInstrumentationAnalysisTransform: /root/.gradle/caches/8.14/transforms/fb49339d67fb50356730ac21e8958a82/transformed/analysis/instrumentation-hierarchy.bin because:
[        ]   Build cache is disabled
[        ]   Caching not enabled.
[        ] Caching disabled for MergeInstrumentationAnalysisTransform: /root/.gradle/caches/8.14/transforms/7c9f6714a8b6f78ce01392eec620352e/transformed/analysis/instrumentation-hierarchy.bin because:
[        ]   Build cache is disabled
[        ]   Caching not enabled.
[        ] Caching disabled for MergeInstrumentationAnalysisTransform: /root/.gradle/caches/modules-2/files-2.1/com.google.android/annotations/4.1.1.4/a1678ba907bf92691d879fef34e1a187038f9259/annotations-4.1.1.4.jar because:
[        ]   Build cache is disabled
[        ]   Caching not enabled.
[        ] Caching disabled for MergeInstrumentationAnalysisTransform: /root/.gradle/caches/8.14/transforms/2c1c5505ea44e2d46dded4fbfa765af4/transformed/analysis/instrumentation-dependencies.bin because:
[        ]   Build cache is disabled
[        ]   Caching not enabled.
[        ] Caching disabled for MergeInstrumentationAnalysisTransform: /root/.gradle/caches/modules-2/files-2.1/com.google.j2objc/j2objc-annotations/2.8/c85270e307e7b822f1086b93689124b89768e273/j2objc-annotations-2.8.jar because:
[        ]   Build cache is disabled
[        ]   Caching not enabled.
[        ] Caching disabled for MergeInstrumentationAnalysisTransform: /root/.gradle/caches/modules-2/files-2.1/org.codehaus.mojo/animal-sniffer-annotations/1.23/3c0daebd5f0e1ce72cc50c818321ac957aeb5d70/animal-sniffer-annotations-1.23.jar because:
[        ]   Build cache is disabled
[        ]   Caching not enabled.
[        ] Caching disabled for MergeInstrumentationAnalysisTransform: /root/.gradle/caches/8.14/transforms/7c9f6714a8b6f78ce01392eec620352e/transformed/analysis/instrumentation-dependencies.bin because:
[        ]   Build cache is disabled
[        ]   Caching not enabled.
[        ] Caching disabled for MergeInstrumentationAnalysisTransform: /root/.gradle/caches/modules-2/files-2.1/org.slf4j/slf4j-api/1.7.30/b5a4b6d16ab13e34a88fae84c35cd5d68cac922c/slf4j-api-1.7.30.jar because:
[        ]   Build cache is disabled
[        ]   Caching not enabled.
[        ] Caching disabled for MergeInstrumentationAnalysisTransform: /root/.gradle/caches/modules-2/files-2.1/com.google.code.findbugs/jsr305/3.0.2/25ea2e8b0c338a877313bd4672d3fe056ea78f0d/jsr305-3.0.2.jar because:
[        ]   Build cache is disabled
[        ]   Caching not enabled.
[        ] Caching disabled for MergeInstrumentationAnalysisTransform: /root/.gradle/caches/modules-2/files-2.1/org.jdom/jdom2/2.0.6/6f14738ec2e9dd0011e343717fa624a10f8aab64/jdom2-2.0.6.jar because:
[        ]   Build cache is disabled
[        ]   Caching not enabled.
[        ] Caching disabled for MergeInstrumentationAnalysisTransform: /root/.gradle/caches/8.14/transforms/fb49339d67fb50356730ac21e8958a82/transformed/analysis/instrumentation-dependencies.bin because:
[        ]   Build cache is disabled
[        ]   Caching not enabled.
[        ] Caching disabled for MergeInstrumentationAnalysisTransform: /root/.gradle/caches/8.14/transforms/6eea777d73d3847fc26b13a7fcb86bd1/transformed/analysis/instrumentation-hierarchy.bin because:
[        ]   Build cache is disabled
[        ]   Caching not enabled.
[        ] Caching disabled for MergeInstrumentationAnalysisTransform: /root/.gradle/caches/8.14/transforms/93aa9e21b58bd2147002bf0d45409f6d/transformed/analysis/instrumentation-hierarchy.bin because:
[        ]   Build cache is disabled
[        ]   Caching not enabled.
[        ] Caching disabled for MergeInstrumentationAnalysisTransform: /root/.gradle/caches/8.14/transforms/34914867655c864bc8af15d1c3172054/transformed/analysis/instrumentation-hierarchy.bin because:
[        ]   Build cache is disabled
[        ]   Caching not enabled.
[        ] Caching disabled for MergeInstrumentationAnalysisTransform: /root/.gradle/caches/8.14/transforms/059495c8615bae36d0fc93a846ab4920/transformed/analysis/instrumentation-hierarchy.bin because:
[        ]   Build cache is disabled
[        ]   Caching not enabled.
[        ] Caching disabled for MergeInstrumentationAnalysisTransform: /root/.gradle/caches/8.14/transforms/22c24790be97e98a9417f35d2063d1ed/transformed/analysis/instrumentation-dependencies.bin because:
[        ]   Build cache is disabled
[        ]   Caching not enabled.
[        ] Caching disabled for MergeInstrumentationAnalysisTransform: /root/.gradle/caches/8.14/transforms/6eea777d73d3847fc26b13a7fcb86bd1/transformed/analysis/instrumentation-dependencies.bin because:
[        ]   Build cache is disabled
[        ]   Caching not enabled.
[        ] Caching disabled for MergeInstrumentationAnalysisTransform: /root/.gradle/caches/8.14/transforms/059495c8615bae36d0fc93a846ab4920/transformed/analysis/instrumentation-dependencies.bin because:
[        ]   Build cache is disabled
[        ]   Caching not enabled.
[        ] Caching disabled for MergeInstrumentationAnalysisTransform: /root/.gradle/caches/8.14/transforms/34914867655c864bc8af15d1c3172054/transformed/analysis/instrumentation-dependencies.bin because:
[        ]   Build cache is disabled
[        ]   Caching not enabled.
[        ] Caching disabled for MergeInstrumentationAnalysisTransform: /root/.gradle/caches/modules-2/files-2.1/io.netty/netty-codec-http2/4.1.93.Final/f1625b43bde13ec057da0d2fe381ded2547a70e/netty-codec-http2-4.1.93.Final.jar because:
[        ]   Build cache is disabled
[        ]   Caching not enabled.
[        ] Caching disabled for MergeInstrumentationAnalysisTransform: /root/.gradle/caches/8.14/transforms/93aa9e21b58bd2147002bf0d45409f6d/transformed/analysis/instrumentation-dependencies.bin because:
[        ]   Build cache is disabled
[        ]   Caching not enabled.
[        ] Caching disabled for MergeInstrumentationAnalysisTransform: /root/.gradle/caches/modules-2/files-2.1/io.perfmark/perfmark-api/0.26.0/ef65452adaf20bf7d12ef55913aba24037b82738/perfmark-api-0.26.0.jar because:
[        ]   Build cache is disabled
[        ]   Caching not enabled.
[        ] Caching disabled for MergeInstrumentationAnalysisTransform: /root/.gradle/caches/modules-2/files-2.1/io.netty/netty-handler-proxy/4.1.93.Final/c165c1efe1b9c0cc22546a057b530611a088768b/netty-handler-proxy-4.1.93.Final.jar because:
[        ]   Build cache is disabled
[        ]   Caching not enabled.
[        ] Caching disabled for MergeInstrumentationAnalysisTransform: /root/.gradle/caches/8.14/transforms/f5da411549df55741a26aa8aab2bf4d0/transformed/analysis/instrumentation-hierarchy.bin because:
[        ]   Build cache is disabled
[        ]   Caching not enabled.
[  +70 ms] Caching disabled for MergeInstrumentationAnalysisTransform: /root/.gradle/caches/modules-2/files-2.1/org.checkerframework/checker-qual/3.33.0/de2b60b62da487644fc11f734e73c8b0b431238f/checker-qual-3.33.0.jar because:
[        ]   Build cache is disabled
[        ]   Caching not enabled.
[        ] Caching disabled for MergeInstrumentationAnalysisTransform: /root/.gradle/caches/modules-2/files-2.1/io.netty/netty-codec-http/4.1.93.Final/36acf0c94d03eb6ecef78a749a32cbb7dc0c57b4/netty-codec-http-4.1.93.Final.jar because:
[        ]   Build cache is disabled
[        ]   Caching not enabled.
[        ] Caching disabled for MergeInstrumentationAnalysisTransform: /root/.gradle/caches/8.14/transforms/2d6ad7057afe351af184d49f5efa7fa0/transformed/analysis/instrumentation-hierarchy.bin because:
[        ]   Build cache is disabled
[        ]   Caching not enabled.
[        ] Caching disabled for MergeInstrumentationAnalysisTransform: /root/.gradle/caches/8.14/transforms/2d952aba5eede5fb4e1f256b2006639a/transformed/analysis/instrumentation-dependencies.bin because:
[        ]   Build cache is disabled
[        ]   Caching not enabled.
[        ] Caching disabled for MergeInstrumentationAnalysisTransform: /root/.gradle/caches/8.14/transforms/f5da411549df55741a26aa8aab2bf4d0/transformed/analysis/instrumentation-dependencies.bin because:
[        ]   Build cache is disabled
[        ]   Caching not enabled.
[        ] Caching disabled for MergeInstrumentationAnalysisTransform: /root/.gradle/caches/8.14/transforms/b4e207aa96e8d470c5c1c936134d8f4c/transformed/analysis/instrumentation-dependencies.bin because:
[        ]   Build cache is disabled
[        ]   Caching not enabled.
[        ] Caching disabled for MergeInstrumentationAnalysisTransform: /root/.gradle/caches/8.14/transforms/8e362c5f3c362fbc630f6643bca41639/transformed/analysis/instrumentation-hierarchy.bin because:
[        ]   Build cache is disabled
[        ]   Caching not enabled.
[        ] Caching disabled for MergeInstrumentationAnalysisTransform: /root/.gradle/caches/modules-2/files-2.1/commons-codec/commons-codec/1.11/3acb4705652e16236558f0f4f2192cc33c3bd189/commons-codec-1.11.jar because:
[        ]   Build cache is disabled
[        ]   Caching not enabled.
[        ] Caching disabled for MergeInstrumentationAnalysisTransform: /root/.gradle/caches/modules-2/files-2.1/io.netty/netty-transport-native-unix-common/4.1.93.Final/f4fb8b4c8da539091f43abcbb9f0389e48807eea/netty-transport-native-unix-common-4.1.93.Final.jar because:
[        ]   Build cache is disabled
[        ]   Caching not enabled.
[        ] Caching disabled for MergeInstrumentationAnalysisTransform: /root/.gradle/caches/8.14/transforms/2d6ad7057afe351af184d49f5efa7fa0/transformed/analysis/instrumentation-dependencies.bin because:
[        ]   Build cache is disabled
[        ]   Caching not enabled.
[        ] Caching disabled for MergeInstrumentationAnalysisTransform: /root/.gradle/caches/modules-2/files-2.1/io.netty/netty-handler/4.1.93.Final/10f7ed9d8e1bfcba416074c70e5388be96116bfc/netty-handler-4.1.93.Final.jar because:
[        ]   Build cache is disabled
[        ]   Caching not enabled.
[        ] Caching disabled for MergeInstrumentationAnalysisTransform: /root/.gradle/caches/8.14/transforms/b61fb44fc1d8321fadf92de7a61bc6d5/transformed/analysis/instrumentation-hierarchy.bin because:
[        ]   Build cache is disabled
[        ]   Caching not enabled.
[        ] Caching disabled for MergeInstrumentationAnalysisTransform: /root/.gradle/caches/8.14/transforms/76a64f71bbd7e2d3272a45437d47cdd0/transformed/analysis/instrumentation-hierarchy.bin because:
[        ]   Build cache is disabled
[        ]   Caching not enabled.
[        ] Caching disabled for MergeInstrumentationAnalysisTransform: /root/.gradle/caches/8.14/transforms/55a85a0531de113e25f31ab47bad8e31/transformed/analysis/instrumentation-hierarchy.bin because:
[        ]   Build cache is disabled
[        ]   Caching not enabled.
[        ] Caching disabled for MergeInstrumentationAnalysisTransform: /root/.gradle/caches/8.14/transforms/709c5952c06f691f28b54c313b7a0c9a/transformed/analysis/instrumentation-hierarchy.bin because:
[        ]   Build cache is disabled
[        ]   Caching not enabled.
[        ] Caching disabled for MergeInstrumentationAnalysisTransform: /root/.gradle/caches/8.14/transforms/8e362c5f3c362fbc630f6643bca41639/transformed/analysis/instrumentation-dependencies.bin because:
[        ]   Build cache is disabled
[        ]   Caching not enabled.
[        ] Caching disabled for MergeInstrumentationAnalysisTransform: /root/.gradle/caches/modules-2/files-2.1/com.google.guava/failureaccess/1.0.1/1dcf1de382a0bf95a3d8b0849546c88bac1292c9/failureaccess-1.0.1.jar because:
[        ]   Build cache is disabled
[        ]   Caching not enabled.
[        ] Caching disabled for MergeInstrumentationAnalysisTransform: /root/.gradle/caches/modules-2/files-2.1/com.google.guava/listenablefuture/9999.0-empty-to-avoid-conflict-with-guava/b421526c5f297295adef1c886e5246c39d4ac629/listenablefuture-9999.0-empty-to-avoid-conflict-with-guava.jar because:
[        ]   Build cache is disabled
[        ]   Caching not enabled.
[        ] Caching disabled for MergeInstrumentationAnalysisTransform: /root/.gradle/caches/modules-2/files-2.1/com.android.tools.build/apksig/8.6.0/f005788487574c7d6ba23dea63bf8cb3a4f164a6/apksig-8.6.0.jar because:
[        ]   Build cache is disabled
[        ]   Caching not enabled.
[        ] Caching disabled for MergeInstrumentationAnalysisTransform: /root/.gradle/caches/modules-2/files-2.1/com.squareup/javawriter/2.5.0/81241ff7078ef14f42ea2a8995fa09c096256e6b/javawriter-2.5.0.jar because:
[        ]   Build cache is disabled
[        ]   Caching not enabled.
[        ] Caching disabled for MergeInstrumentationAnalysisTransform: /root/.gradle/caches/8.14/transforms/76a64f71bbd7e2d3272a45437d47cdd0/transformed/analysis/instrumentation-dependencies.bin because:
[        ]   Build cache is disabled
[        ]   Caching not enabled.
[        ] Caching disabled for MergeInstrumentationAnalysisTransform: /root/.gradle/caches/8.14/transforms/b61fb44fc1d8321fadf92de7a61bc6d5/transformed/analysis/instrumentation-dependencies.bin because:
[        ]   Build cache is disabled
[        ]   Caching not enabled.
[        ] Caching disabled for MergeInstrumentationAnalysisTransform: /root/.gradle/caches/8.14/transforms/709c5952c06f691f28b54c313b7a0c9a/transformed/analysis/instrumentation-dependencies.bin because:
[        ]   Build cache is disabled
[        ]   Caching not enabled.
[        ] Caching disabled for MergeInstrumentationAnalysisTransform: /root/.gradle/caches/8.14/transforms/55a85a0531de113e25f31ab47bad8e31/transformed/analysis/instrumentation-dependencies.bin because:
[        ]   Build cache is disabled
[        ]   Caching not enabled.
[        ] Caching disabled for MergeInstrumentationAnalysisTransform: /root/.gradle/caches/8.14/transforms/8bf72f769a0f728290cd5d67a8d37d13/transformed/analysis/instrumentation-hierarchy.bin because:
[        ]   Build cache is disabled
[        ]   Caching not enabled.
[        ] Caching disabled for MergeInstrumentationAnalysisTransform: /root/.gradle/caches/8.14/transforms/4aae65b5640f6afbbbc4bfb1e535d15a/transformed/analysis/instrumentation-hierarchy.bin because:
[        ]   Build cache is disabled
[        ]   Caching not enabled.
[        ] Caching disabled for MergeInstrumentationAnalysisTransform: /root/.gradle/caches/modules-2/files-2.1/io.netty/netty-codec/4.1.93.Final/503badb458b6586632be8d1f81aa4e5ab99a80fc/netty-codec-4.1.93.Final.jar because:
[        ]   Build cache is disabled
[        ]   Caching not enabled.
[        ] Caching disabled for MergeInstrumentationAnalysisTransform: /root/.gradle/caches/modules-2/files-2.1/io.netty/netty-codec-socks/4.1.93.Final/81ca78969afc60073e47c3b7b361cc3839392c73/netty-codec-socks-4.1.93.Final.jar because:
[        ]   Build cache is disabled
[        ]   Caching not enabled.
[        ] Caching disabled for MergeInstrumentationAnalysisTransform: /root/.gradle/caches/8.14/transforms/8bf72f769a0f728290cd5d67a8d37d13/transformed/analysis/instrumentation-dependencies.bin because:
[        ]   Build cache is disabled
[        ]   Caching not enabled.
[        ] Caching disabled for MergeInstrumentationAnalysisTransform: /root/.gradle/caches/8.14/transforms/0c969b6970336d635796ea19a95ff646/transformed/analysis/instrumentation-hierarchy.bin because:
[        ]   Build cache is disabled
[        ]   Caching not enabled.
[        ] Caching disabled for MergeInstrumentationAnalysisTransform: /root/.gradle/caches/modules-2/files-2.1/io.netty/netty-transport/4.1.93.Final/1a0894915c8027ce83b4d6a811c4e765955efd15/netty-transport-4.1.93.Final.jar because:
[        ]   Build cache is disabled
[        ]   Caching not enabled.
[        ] Caching disabled for ExternalDependencyInstrumentingArtifactTransform: /root/.gradle/caches/8.14/transforms/d9fb541413f25365a491d44a0efd3f96/transformed/merge/instrumentation-dependencies.bin because:
[        ]   Build cache is disabled
[        ]   Caching not enabled.
[        ] Caching disabled for MergeInstrumentationAnalysisTransform: /root/.gradle/caches/modules-2/files-2.1/net.java.dev.jna/jna/5.6.0/330f2244e9030119ab3030fc3fededc86713d9cc/jna-5.6.0.jar because:
[        ]   Build cache is disabled
[        ]   Caching not enabled.
[        ] Caching disabled for MergeInstrumentationAnalysisTransform: /root/.gradle/caches/8.14/transforms/0c969b6970336d635796ea19a95ff646/transformed/analysis/instrumentation-dependencies.bin because:
[        ]   Build cache is disabled
[        ]   Caching not enabled.
[        ] Caching disabled for MergeInstrumentationAnalysisTransform: /root/.gradle/caches/modules-2/files-2.1/commons-logging/commons-logging/1.2/4bfc12adfe4842bf07b657f0369c4cb522955686/commons-logging-1.2.jar because:
[        ]   Build cache is disabled
[        ]   Caching not enabled.
[        ] Caching disabled for MergeInstrumentationAnalysisTransform: /root/.gradle/caches/8.14/transforms/4aae65b5640f6afbbbc4bfb1e535d15a/transformed/analysis/instrumentation-dependencies.bin because:
[        ]   Build cache is disabled
[        ]   Caching not enabled.
[        ] Caching disabled for MergeInstrumentationAnalysisTransform: /root/.gradle/caches/modules-2/files-2.1/io.netty/netty-buffer/4.1.93.Final/87fac21f4ef95157866b07b48e3c707a2f13c581/netty-buffer-4.1.93.Final.jar because:
[        ]   Build cache is disabled
[        ]   Caching not enabled.
[        ] Caching disabled for MergeInstrumentationAnalysisTransform: /root/.gradle/caches/modules-2/files-2.1/io.netty/netty-resolver/4.1.93.Final/3860e99075f9e078364ed38f6d6fc8825b7a168a/netty-resolver-4.1.93.Final.jar because:
[        ]   Build cache is disabled
[        ]   Caching not enabled.
[        ] Caching disabled for MergeInstrumentationAnalysisTransform: /root/.gradle/caches/modules-2/files-2.1/io.netty/netty-common/4.1.93.Final/1cfc49b91b0d3ddb30c9f7d8467e5d02ae8babdf/netty-common-4.1.93.Final.jar because:
[        ]   Build cache is disabled
[        ]   Caching not enabled.
[        ] Caching disabled for ExternalDependencyInstrumentingArtifactTransform: /root/.gradle/caches/modules-2/files-2.1/com.android.tools.build/apksig/8.6.0/f005788487574c7d6ba23dea63bf8cb3a4f164a6/apksig-8.6.0.jar because:
[        ]   Build cache is disabled
[        ]   Caching not enabled.
[ +396 ms] Caching disabled for ExternalDependencyInstrumentingArtifactTransform: /root/.gradle/caches/modules-2/files-2.1/com.android.tools.analytics-library/protos/31.6.0/a651e7f3d4ebd918607129e9d55e31f291fc7259/protos-31.6.0.jar because:
[        ]   Build cache is disabled
[        ]   Caching not enabled.
[        ] Caching disabled for ExternalDependencyInstrumentingArtifactTransform: /root/.gradle/caches/modules-2/files-2.1/com.android.tools.build/builder/8.6.0/58e80f76b16fb58f953653b9dcd3baf4dd524c80/builder-8.6.0.jar because:
[        ]   Build cache is disabled
[        ]   Caching not enabled.
[  +99 ms] Caching disabled for ExternalDependencyInstrumentingArtifactTransform: /root/.gradle/caches/modules-2/files-2.1/com.android.tools.build/gradle/8.6.0/dd6d5f2b123276f8153fc09eed3f41f298a5bd6b/gradle-8.6.0.jar because:
[        ]   Build cache is disabled
[        ]   Caching not enabled.
[ +600 ms] Caching disabled for Groovy DSL script compilation (proj) because:
[        ]   Build cache is disabled
[        ]   Not worth caching.
[        ] Compiling build file '/root/.pub-cache/hosted/pub.dev/flutter_sound-9.30.0/android/build.gradle' using BuildScriptTransformer.
[        ] Using default execution profile
[+2099 ms] > Configure project :flutter_webrtc
[        ] Evaluating project ':flutter_webrtc' using build file '/root/.pub-cache/hosted/pub.dev/flutter_webrtc-1.3.0/android/build.gradle'.
[        ] Caching disabled for Groovy DSL script compilation (cp_proj) because:
[        ]   Build cache is disabled
[        ]   Not worth caching.
[        ] Compiling build file '/root/.pub-cache/hosted/pub.dev/flutter_webrtc-1.3.0/android/build.gradle' using SubsetScriptTransformer.
[        ] Resource missing. [HTTP GET: https://dl.google.com/dl/android/maven2/org/jetbrains/kotlin/kotlin-gradle-plugin/1.8.10/kotlin-gradle-plugin-1.8.10.pom]
[        ] Downloading https://dl.google.com/dl/android/maven2/com/android/tools/build/gradle/7.1.1/gradle-7.1.1.pom to /root/.gradle/.tmp/gradle_download7617003669310432257bin
[        ] Downloading https://repo.maven.apache.org/maven2/org/jetbrains/kotlin/kotlin-gradle-plugin/1.8.10/kotlin-gradle-plugin-1.8.10.pom to /root/.gradle/.tmp/gradle_download15399861662609211189bin
[        ] Downloading https://repo.maven.apache.org/maven2/org/jetbrains/kotlin/kotlin-gradle-plugin/1.8.10/kotlin-gradle-plugin-1.8.10.module to /root/.gradle/.tmp/gradle_download11679618257387450182bin
[        ] Downloading https://dl.google.com/dl/android/maven2/com/android/tools/build/gradle/7.1.1/gradle-7.1.1.module to /root/.gradle/.tmp/gradle_download18385489979339054480bin
[        ] Downloading https://dl.google.com/dl/android/maven2/com/android/tools/ddms/ddmlib/30.1.1/ddmlib-30.1.1.pom to /root/.gradle/.tmp/gradle_download13259159396499565687bin
[        ] Downloading https://dl.google.com/dl/android/maven2/com/android/tools/repository/30.1.1/repository-30.1.1.pom to /root/.gradle/.tmp/gradle_download6561580366949095292bin
[        ] Downloading https://dl.google.com/dl/android/maven2/com/android/databinding/baseLibrary/7.1.1/baseLibrary-7.1.1.pom to /root/.gradle/.tmp/gradle_download7499643982386248630bin
[        ] Downloading https://dl.google.com/dl/android/maven2/com/android/tools/analytics-library/shared/30.1.1/shared-30.1.1.pom to /root/.gradle/.tmp/gradle_download4146083680417284055bin
[        ] Downloading https://dl.google.com/dl/android/maven2/com/android/tools/sdklib/30.1.1/sdklib-30.1.1.pom to /root/.gradle/.tmp/gradle_download675622914426408354bin
[        ] Downloading https://dl.google.com/dl/android/maven2/androidx/databinding/databinding-common/7.1.1/databinding-common-7.1.1.pom to /root/.gradle/.tmp/gradle_download14258092194426035610bin
[        ] Downloading https://dl.google.com/dl/android/maven2/com/android/tools/sdk-common/30.1.1/sdk-common-30.1.1.pom to /root/.gradle/.tmp/gradle_download11454239519749149161bin
[        ] Downloading https://dl.google.com/dl/android/maven2/com/android/tools/build/aapt2-proto/7.1.1-7984345/aapt2-proto-7.1.1-7984345.pom to /root/.gradle/.tmp/gradle_download1963357361227145663bin
[        ] Downloading https://dl.google.com/dl/android/maven2/com/android/tools/lint/lint-model/30.1.1/lint-model-30.1.1.pom to /root/.gradle/.tmp/gradle_download3636826217426565900bin
[        ] Downloading https://dl.google.com/dl/android/maven2/com/android/tools/build/aaptcompiler/7.1.1/aaptcompiler-7.1.1.pom to /root/.gradle/.tmp/gradle_download4240483013041451955bin
[        ] Downloading https://dl.google.com/dl/android/maven2/androidx/databinding/databinding-compiler-common/7.1.1/databinding-compiler-common-7.1.1.pom to /root/.gradle/.tmp/gradle_download3199179082891165058bin
[        ] Downloading https://dl.google.com/dl/android/maven2/com/android/tools/analytics-library/crash/30.1.1/crash-30.1.1.pom to /root/.gradle/.tmp/gradle_download1914676076892988345bin
[        ] Downloading https://dl.google.com/dl/android/maven2/com/android/tools/ddms/ddmlib/30.1.1/ddmlib-30.1.1.module to /root/.gradle/.tmp/gradle_download13736121096063298643bin
[        ] Downloading https://dl.google.com/dl/android/maven2/com/android/tools/repository/30.1.1/repository-30.1.1.module to /root/.gradle/.tmp/gradle_download16857769803013130781bin
[        ] Downloading https://dl.google.com/dl/android/maven2/com/android/tools/analytics-library/shared/30.1.1/shared-30.1.1.module to /root/.gradle/.tmp/gradle_download14716378424883089045bin
[        ] Downloading https://dl.google.com/dl/android/maven2/com/android/tools/sdk-common/30.1.1/sdk-common-30.1.1.module to /root/.gradle/.tmp/gradle_download11280642873791564894bin
[        ] Downloading https://dl.google.com/dl/android/maven2/com/android/tools/analytics-library/crash/30.1.1/crash-30.1.1.module to /root/.gradle/.tmp/gradle_download13743321902800692903bin
[        ] Downloading https://dl.google.com/dl/android/maven2/com/android/tools/build/aaptcompiler/7.1.1/aaptcompiler-7.1.1.module to /root/.gradle/.tmp/gradle_download5592505055167118835bin
[        ] Downloading https://dl.google.com/dl/android/maven2/com/android/tools/build/aapt2-proto/7.1.1-7984345/aapt2-proto-7.1.1-7984345.module to /root/.gradle/.tmp/gradle_download15129501056299146840bin
[        ] Downloading https://dl.google.com/dl/android/maven2/com/android/tools/sdklib/30.1.1/sdklib-30.1.1.module to /root/.gradle/.tmp/gradle_download9764545565586230489bin
[        ] Downloading https://dl.google.com/dl/android/maven2/com/android/databinding/baseLibrary/7.1.1/baseLibrary-7.1.1.module to /root/.gradle/.tmp/gradle_download9619281786220974044bin
[        ] Downloading https://dl.google.com/dl/android/maven2/com/android/tools/lint/lint-model/30.1.1/lint-model-30.1.1.module to /root/.gradle/.tmp/gradle_download3747001403186909303bin
[        ] Downloading https://dl.google.com/dl/android/maven2/androidx/databinding/databinding-common/7.1.1/databinding-common-7.1.1.module to /root/.gradle/.tmp/gradle_download9473355446694808949bin
[        ] Downloading https://dl.google.com/dl/android/maven2/androidx/databinding/databinding-compiler-common/7.1.1/databinding-compiler-common-7.1.1.module to /root/.gradle/.tmp/gradle_download5793921424242943772bin
[        ] Downloading https://dl.google.com/dl/android/maven2/com/android/tools/build/builder-test-api/7.1.1/builder-test-api-7.1.1.pom to /root/.gradle/.tmp/gradle_download8037638508951022591bin
[        ] Downloading https://dl.google.com/dl/android/maven2/com/android/tools/layoutlib/layoutlib-api/30.1.1/layoutlib-api-30.1.1.pom to /root/.gradle/.tmp/gradle_download16335233405823398081bin
[ +197 ms] Resource missing. [HTTP GET: https://dl.google.com/dl/android/maven2/org/bouncycastle/bcpkix-jdk15on/1.56/bcpkix-jdk15on-1.56.pom]
[        ] Downloading https://dl.google.com/dl/android/maven2/com/android/tools/utp/android-test-plugin-result-listener-gradle-proto/30.1.1/android-test-plugin-result-listener-gradle-proto-30.1.1.pom to /root/.gradle/.tmp/gradle_download16880185084747485518bin
[        ] Downloading https://dl.google.com/dl/android/maven2/com/android/tools/utp/android-test-plugin-host-retention-proto/30.1.1/android-test-plugin-host-retention-proto-30.1.1.pom to /root/.gradle/.tmp/gradle_download16935535336433374168bin
[        ] Downloading https://dl.google.com/dl/android/maven2/com/android/tools/build/jetifier/jetifier-core/1.0.0-beta09/jetifier-core-1.0.0-beta09.pom to /root/.gradle/.tmp/gradle_download16573934308866288300bin
[        ] Resource missing. [HTTP GET: https://dl.google.com/dl/android/maven2/org/jetbrains/kotlin/kotlin-stdlib-jdk8/1.4.32/kotlin-stdlib-jdk8-1.4.32.pom]
[        ] Downloading https://dl.google.com/dl/android/maven2/com/android/tools/utp/android-test-plugin-host-additional-test-output-proto/30.1.1/android-test-plugin-host-additional-test-output-proto-30.1.1.pom to /root/.gradle/.tmp/gradle_download15376572519275519492bin
[        ] Downloading https://dl.google.com/dl/android/maven2/com/android/tools/utp/android-device-provider-gradle-proto/30.1.1/android-device-provider-gradle-proto-30.1.1.pom to /root/.gradle/.tmp/gradle_download14745557597993945459bin
[        ] Downloading https://dl.google.com/dl/android/maven2/com/android/tools/build/bundletool/1.8.0/bundletool-1.8.0.pom to /root/.gradle/.tmp/gradle_download11057983692710275420bin
[        ] Downloading https://dl.google.com/dl/android/maven2/com/android/tools/utp/android-test-plugin-host-coverage-proto/30.1.1/android-test-plugin-host-coverage-proto-30.1.1.pom to /root/.gradle/.tmp/gradle_download1677336876275734222bin
[        ] Downloading https://dl.google.com/dl/android/maven2/com/android/tools/utp/android-device-provider-ddmlib-proto/30.1.1/android-device-provider-ddmlib-proto-30.1.1.pom to /root/.gradle/.tmp/gradle_download7472212825337698188bin
[        ] Downloading https://repo.maven.apache.org/maven2/org/bouncycastle/bcpkix-jdk15on/1.56/bcpkix-jdk15on-1.56.pom to /root/.gradle/.tmp/gradle_download16568675090371787099bin
[        ] Downloading https://repo.maven.apache.org/maven2/org/jetbrains/kotlin/kotlin-stdlib-jdk8/1.4.32/kotlin-stdlib-jdk8-1.4.32.pom to /root/.gradle/.tmp/gradle_download18097049511052947171bin
[ +299 ms] Downloading https://dl.google.com/dl/android/maven2/com/android/tools/build/builder-test-api/7.1.1/builder-test-api-7.1.1.module to /root/.gradle/.tmp/gradle_download14879400182962467898bin
[        ] Downloading https://dl.google.com/dl/android/maven2/com/android/tools/layoutlib/layoutlib-api/30.1.1/layoutlib-api-30.1.1.module to /root/.gradle/.tmp/gradle_download5250544855478133240bin
[  +99 ms] Resource missing. [HTTP GET: https://dl.google.com/dl/android/maven2/com/google/protobuf/protobuf-java/3.10.0/protobuf-java-3.10.0.pom]
[        ] Resource missing. [HTTP GET: https://dl.google.com/dl/android/maven2/com/google/protobuf/protobuf-java-util/3.10.0/protobuf-java-util-3.10.0.pom]
[        ] Downloading https://repo.maven.apache.org/maven2/com/google/protobuf/protobuf-java/3.10.0/protobuf-java-3.10.0.pom to /root/.gradle/.tmp/gradle_download838175229470826753bin
[        ] Downloading https://dl.google.com/dl/android/maven2/com/android/tools/utp/android-test-plugin-host-coverage-proto/30.1.1/android-test-plugin-host-coverage-proto-30.1.1.module to /root/.gradle/.tmp/gradle_download76053372126555922bin
[        ] Downloading https://repo.maven.apache.org/maven2/com/google/protobuf/protobuf-java-util/3.10.0/protobuf-java-util-3.10.0.pom to /root/.gradle/.tmp/gradle_download1682566415270501522bin
[        ] Downloading https://dl.google.com/dl/android/maven2/com/android/tools/build/jetifier/jetifier-processor/1.0.0-beta09/jetifier-processor-1.0.0-beta09.pom to /root/.gradle/.tmp/gradle_download8408877146391739903bin
[        ] Downloading https://dl.google.com/dl/android/maven2/com/android/tools/utp/android-device-provider-ddmlib-proto/30.1.1/android-device-provider-ddmlib-proto-30.1.1.module to /root/.gradle/.tmp/gradle_download16760643042260052656bin
[        ] Downloading https://dl.google.com/dl/android/maven2/com/android/tools/utp/android-test-plugin-host-additional-test-output-proto/30.1.1/android-test-plugin-host-additional-test-output-proto-30.1.1.module to /root/.gradle/.tmp/gradle_download9952608625998474885bin
[        ] Downloading https://dl.google.com/dl/android/maven2/com/android/tools/utp/android-test-plugin-result-listener-gradle-proto/30.1.1/android-test-plugin-result-listener-gradle-proto-30.1.1.module to /root/.gradle/.tmp/gradle_download18263790785510893243bin
[        ] Resource missing. [HTTP GET: https://dl.google.com/dl/android/maven2/io/grpc/grpc-protobuf/1.21.1/grpc-protobuf-1.21.1.pom]
[  +99 ms] Resource missing. [HTTP GET: https://dl.google.com/dl/android/maven2/io/grpc/grpc-core/1.21.1/grpc-core-1.21.1.pom]
[        ] Downloading https://repo.maven.apache.org/maven2/io/grpc/grpc-protobuf/1.21.1/grpc-protobuf-1.21.1.pom to /root/.gradle/.tmp/gradle_download14154999423236063480bin
[        ] Downloading https://dl.google.com/dl/android/maven2/com/android/tools/utp/android-device-provider-gradle-proto/30.1.1/android-device-provider-gradle-proto-30.1.1.module to /root/.gradle/.tmp/gradle_download18238623176486667393bin
[        ] Downloading https://dl.google.com/dl/android/maven2/com/android/tools/utp/android-test-plugin-host-retention-proto/30.1.1/android-test-plugin-host-retention-proto-30.1.1.module to /root/.gradle/.tmp/gradle_download2417420060172537415bin
[        ] Resource missing. [HTTP GET: https://dl.google.com/dl/android/maven2/io/grpc/grpc-netty/1.21.1/grpc-netty-1.21.1.pom]
[        ] Downloading https://repo.maven.apache.org/maven2/io/grpc/grpc-core/1.21.1/grpc-core-1.21.1.pom to /root/.gradle/.tmp/gradle_download6180122531578618215bin
[        ] Downloading https://repo.maven.apache.org/maven2/io/grpc/grpc-netty/1.21.1/grpc-netty-1.21.1.pom to /root/.gradle/.tmp/gradle_download1213807652543854932bin
[ +199 ms] Resource missing. [HTTP GET: https://dl.google.com/dl/android/maven2/org/jetbrains/dokka/dokka-core/1.4.32/dokka-core-1.4.32.pom]
[        ] Resource missing. [HTTP GET: https://dl.google.com/dl/android/maven2/com/google/protobuf/protobuf-parent/3.10.0/protobuf-parent-3.10.0.pom]
[        ] Downloading https://repo.maven.apache.org/maven2/org/jetbrains/dokka/dokka-core/1.4.32/dokka-core-1.4.32.pom to /root/.gradle/.tmp/gradle_download7340874253908466691bin
[        ] Downloading https://repo.maven.apache.org/maven2/com/google/protobuf/protobuf-parent/3.10.0/protobuf-parent-3.10.0.pom to /root/.gradle/.tmp/gradle_download4995640258262663865bin
[        ] Downloading https://dl.google.com/dl/android/maven2/com/android/tools/build/builder/7.1.1/builder-7.1.1.pom to /root/.gradle/.tmp/gradle_download5250141500812362127bin
[        ] Downloading https://repo.maven.apache.org/maven2/org/jetbrains/dokka/dokka-core/1.4.32/dokka-core-1.4.32.module to /root/.gradle/.tmp/gradle_download521064044982212675bin
[        ] Resource missing. [HTTP GET: https://dl.google.com/dl/android/maven2/io/grpc/grpc-stub/1.21.1/grpc-stub-1.21.1.pom]
[        ] Downloading https://dl.google.com/dl/android/maven2/com/android/tools/build/gradle-api/7.1.1/gradle-api-7.1.1.pom to /root/.gradle/.tmp/gradle_download14649509213357085658bin
[        ] Downloading https://repo.maven.apache.org/maven2/io/grpc/grpc-stub/1.21.1/grpc-stub-1.21.1.pom to /root/.gradle/.tmp/gradle_download11835113384754961182bin
[  +99 ms] Downloading https://dl.google.com/dl/android/maven2/com/android/tools/build/builder-model/7.1.1/builder-model-7.1.1.pom to /root/.gradle/.tmp/gradle_download6305465148788975348bin
[ +299 ms] Resource missing. [HTTP GET: https://dl.google.com/dl/android/maven2/com/google/protobuf/protobuf-bom/3.10.0/protobuf-bom-3.10.0.pom]
[ +100 ms] Downloading https://repo.maven.apache.org/maven2/com/google/protobuf/protobuf-bom/3.10.0/protobuf-bom-3.10.0.pom to /root/.gradle/.tmp/gradle_download2579361269946712156bin
[        ] Downloading https://dl.google.com/dl/android/maven2/com/android/tools/build/builder-model/7.1.1/builder-model-7.1.1.module to /root/.gradle/.tmp/gradle_download1623472420281010566bin
[        ] Downloading https://dl.google.com/dl/android/maven2/com/android/tools/build/gradle-api/7.1.1/gradle-api-7.1.1.module to /root/.gradle/.tmp/gradle_download13525209147926497454bin
[        ] Downloading https://dl.google.com/dl/android/maven2/com/android/tools/build/builder/7.1.1/builder-7.1.1.module to /root/.gradle/.tmp/gradle_download5372626160343170340bin
[  +99 ms] Resource missing. [HTTP GET: https://dl.google.com/dl/android/maven2/org/jetbrains/kotlin/kotlin-klib-commonizer-api/1.8.10/kotlin-klib-commonizer-api-1.8.10.pom]
[        ] Resource missing. [HTTP GET: https://dl.google.com/dl/android/maven2/org/jetbrains/kotlin/kotlin-gradle-plugin-model/1.8.10/kotlin-gradle-plugin-model-1.8.10.pom]
[        ] Downloading https://repo.maven.apache.org/maven2/org/jetbrains/kotlin/kotlin-gradle-plugin-model/1.8.10/kotlin-gradle-plugin-model-1.8.10.pom to /root/.gradle/.tmp/gradle_download10500497140069211579bin
[        ] Downloading https://repo.maven.apache.org/maven2/org/jetbrains/kotlin/kotlin-klib-commonizer-api/1.8.10/kotlin-klib-commonizer-api-1.8.10.pom to /root/.gradle/.tmp/gradle_download11439760242649342188bin
[        ] Resource missing. [HTTP GET: https://dl.google.com/dl/android/maven2/org/jetbrains/kotlin/kotlin-compiler-embeddable/1.8.10/kotlin-compiler-embeddable-1.8.10.pom]
[        ] Resource missing. [HTTP GET: https://dl.google.com/dl/android/maven2/org/jetbrains/kotlin/kotlin-annotation-processing-gradle/1.8.10/kotlin-annotation-processing-gradle-1.8.10.pom]
[        ] Resource missing. [HTTP GET: https://dl.google.com/dl/android/maven2/org/jetbrains/kotlin/kotlin-util-klib/1.8.10/kotlin-util-klib-1.8.10.pom]
[        ] Downloading https://repo.maven.apache.org/maven2/org/jetbrains/kotlin/kotlin-gradle-plugin-model/1.8.10/kotlin-gradle-plugin-model-1.8.10.module to /root/.gradle/.tmp/gradle_download10500282166784605500bin
[  +99 ms] Resource missing. [HTTP GET: https://dl.google.com/dl/android/maven2/org/jetbrains/kotlin/kotlin-gradle-plugin-idea-proto/1.8.10/kotlin-gradle-plugin-idea-proto-1.8.10.pom]
[        ] Resource missing. [HTTP GET: https://dl.google.com/dl/android/maven2/org/jetbrains/kotlin/kotlin-gradle-plugin-idea/1.8.10/kotlin-gradle-plugin-idea-1.8.10.pom]
[        ] Downloading https://repo.maven.apache.org/maven2/org/jetbrains/kotlin/kotlin-compiler-embeddable/1.8.10/kotlin-compiler-embeddable-1.8.10.pom to /root/.gradle/.tmp/gradle_download7934523232405882224bin
[        ] Downloading https://repo.maven.apache.org/maven2/org/jetbrains/kotlin/kotlin-annotation-processing-gradle/1.8.10/kotlin-annotation-processing-gradle-1.8.10.pom to /root/.gradle/.tmp/gradle_download14124655896383817769bin
[        ] Downloading https://repo.maven.apache.org/maven2/org/jetbrains/kotlin/kotlin-gradle-plugin-idea-proto/1.8.10/kotlin-gradle-plugin-idea-proto-1.8.10.pom to /root/.gradle/.tmp/gradle_download3015709331879327128bin
[        ] Downloading https://repo.maven.apache.org/maven2/org/jetbrains/kotlin/kotlin-gradle-plugin-idea/1.8.10/kotlin-gradle-plugin-idea-1.8.10.pom to /root/.gradle/.tmp/gradle_download17554113439883054737bin
[        ] Downloading https://repo.maven.apache.org/maven2/org/jetbrains/kotlin/kotlin-util-klib/1.8.10/kotlin-util-klib-1.8.10.pom to /root/.gradle/.tmp/gradle_download1334590388523657492bin
[        ] Downloading https://repo.maven.apache.org/maven2/org/jetbrains/kotlin/kotlin-gradle-plugin-idea/1.8.10/kotlin-gradle-plugin-idea-1.8.10.module to /root/.gradle/.tmp/gradle_download17030143803719712011bin
[  +99 ms] Resource missing. [HTTP GET: https://dl.google.com/dl/android/maven2/org/jetbrains/kotlin/kotlin-gradle-plugin-api/1.8.10/kotlin-gradle-plugin-api-1.8.10.pom]
[        ] Resource missing. [HTTP GET: https://dl.google.com/dl/android/maven2/org/jetbrains/kotlin/kotlin-android-extensions/1.8.10/kotlin-android-extensions-1.8.10.pom]
[        ] Downloading https://repo.maven.apache.org/maven2/org/jetbrains/kotlin/kotlin-gradle-plugin-api/1.8.10/kotlin-gradle-plugin-api-1.8.10.pom to /root/.gradle/.tmp/gradle_download8698623339986189236bin
[        ] Downloading https://repo.maven.apache.org/maven2/org/jetbrains/kotlin/kotlin-android-extensions/1.8.10/kotlin-android-extensions-1.8.10.pom to /root/.gradle/.tmp/gradle_download8620375151847703935bin
[        ] Downloading https://repo.maven.apache.org/maven2/org/jetbrains/kotlin/kotlin-gradle-plugin-api/1.8.10/kotlin-gradle-plugin-api-1.8.10.module to /root/.gradle/.tmp/gradle_download3207164796187561364bin
[        ] Resource missing. [HTTP GET: https://dl.google.com/dl/android/maven2/org/jetbrains/kotlin/kotlin-tooling-core/1.8.10/kotlin-tooling-core-1.8.10.pom]
[        ] Downloading https://repo.maven.apache.org/maven2/org/jetbrains/kotlin/kotlin-tooling-core/1.8.10/kotlin-tooling-core-1.8.10.pom to /root/.gradle/.tmp/gradle_download13581389171792166479bin
[  +99 ms] Resource missing. [HTTP GET: https://dl.google.com/dl/android/maven2/org/jetbrains/kotlin/kotlin-project-model/1.8.10/kotlin-project-model-1.8.10.pom]
[  +99 ms] Downloading https://repo.maven.apache.org/maven2/org/jetbrains/kotlin/kotlin-project-model/1.8.10/kotlin-project-model-1.8.10.pom to /root/.gradle/.tmp/gradle_download1498901661408112158bin
[ +199 ms] Resource missing. [HTTP GET: https://dl.google.com/dl/android/maven2/org/jetbrains/kotlin/kotlin-scripting-compiler-embeddable/1.8.10/kotlin-scripting-compiler-embeddable-1.8.10.pom]
[        ] Resource missing. [HTTP GET: https://dl.google.com/dl/android/maven2/org/jetbrains/kotlin/kotlin-scripting-compiler-impl-embeddable/1.8.10/kotlin-scripting-compiler-impl-embeddable-1.8.10.pom]
[        ] Resource missing. [HTTP GET: https://dl.google.com/dl/android/maven2/org/jetbrains/kotlin/kotlin-compiler-runner/1.8.10/kotlin-compiler-runner-1.8.10.pom]
[        ] Downloading https://repo.maven.apache.org/maven2/org/jetbrains/kotlin/kotlin-scripting-compiler-embeddable/1.8.10/kotlin-scripting-compiler-embeddable-1.8.10.pom to /root/.gradle/.tmp/gradle_download7231734473266262240bin
[        ] Downloading https://repo.maven.apache.org/maven2/org/jetbrains/kotlin/kotlin-scripting-compiler-impl-embeddable/1.8.10/kotlin-scripting-compiler-impl-embeddable-1.8.10.pom to /root/.gradle/.tmp/gradle_download10392860625401598912bin
[  +99 ms] Downloading https://repo.maven.apache.org/maven2/org/jetbrains/kotlin/kotlin-compiler-runner/1.8.10/kotlin-compiler-runner-1.8.10.pom to /root/.gradle/.tmp/gradle_download5298278547245881677bin
[  +99 ms] Resource missing. [HTTP GET: https://dl.google.com/dl/android/maven2/org/bouncycastle/bcprov-jdk15on/1.56/bcprov-jdk15on-1.56.pom]
[        ] Downloading https://dl.google.com/dl/android/maven2/com/android/tools/common/30.1.1/common-30.1.1.pom to /root/.gradle/.tmp/gradle_download2442632524873069197bin
[        ] Resource missing. [HTTP GET: https://dl.google.com/dl/android/maven2/org/jetbrains/kotlin/kotlin-reflect/1.4.32/kotlin-reflect-1.4.32.pom]
[  +99 ms] Downloading https://repo.maven.apache.org/maven2/org/bouncycastle/bcprov-jdk15on/1.56/bcprov-jdk15on-1.56.pom to /root/.gradle/.tmp/gradle_download10633382403721362385bin
[        ] Downloading https://repo.maven.apache.org/maven2/org/jetbrains/kotlin/kotlin-reflect/1.4.32/kotlin-reflect-1.4.32.pom to /root/.gradle/.tmp/gradle_download7740986251945168834bin
[ +500 ms] Resource missing. [HTTP GET: https://dl.google.com/dl/android/maven2/org/apache/httpcomponents/httpcore/4.4.10/httpcore-4.4.10.pom]
[        ] Downloading https://dl.google.com/dl/android/maven2/com/android/tools/dvlib/30.1.1/dvlib-30.1.1.pom to /root/.gradle/.tmp/gradle_download3000053949433340121bin
[  +99 ms] Downloading https://repo.maven.apache.org/maven2/org/apache/httpcomponents/httpcore/4.4.10/httpcore-4.4.10.pom to /root/.gradle/.tmp/gradle_download9108278236351556469bin
[ +199 ms] Resource missing. [HTTP GET: https://dl.google.com/dl/android/maven2/org/apache/httpcomponents/httpcomponents-core/4.4.10/httpcomponents-core-4.4.10.pom]
[        ] Downloading https://repo.maven.apache.org/maven2/org/apache/httpcomponents/httpcomponents-core/4.4.10/httpcomponents-core-4.4.10.pom to /root/.gradle/.tmp/gradle_download9159102737799949484bin
[        ] Downloading https://dl.google.com/dl/android/maven2/com/android/tools/dvlib/30.1.1/dvlib-30.1.1.module to /root/.gradle/.tmp/gradle_download14585663742822929638bin
[ +499 ms] Resource missing. [HTTP GET: https://dl.google.com/dl/android/maven2/org/apache/httpcomponents/httpclient/4.5.6/httpclient-4.5.6.pom]
[        ] Downloading https://dl.google.com/dl/android/maven2/com/android/tools/annotations/30.1.1/annotations-30.1.1.pom to /root/.gradle/.tmp/gradle_download5302504476839371613bin
[        ] Downloading https://repo.maven.apache.org/maven2/org/apache/httpcomponents/httpclient/4.5.6/httpclient-4.5.6.pom to /root/.gradle/.tmp/gradle_download12767121626901177996bin
[ +200 ms] Downloading https://dl.google.com/dl/android/maven2/com/android/tools/analytics-library/protos/30.1.1/protos-30.1.1.pom to /root/.gradle/.tmp/gradle_download2775476024192033180bin
[ +499 ms] Downloading https://dl.google.com/dl/android/maven2/com/android/tools/analytics-library/protos/30.1.1/protos-30.1.1.module to /root/.gradle/.tmp/gradle_download521509557933836193bin
[ +300 ms] Resource missing. [HTTP GET: https://dl.google.com/dl/android/maven2/org/antlr/antlr4/4.5.3/antlr4-4.5.3.pom]
[        ] Downloading https://repo.maven.apache.org/maven2/org/antlr/antlr4/4.5.3/antlr4-4.5.3.pom to /root/.gradle/.tmp/gradle_download4725234688508912016bin
[ +499 ms] Resource missing. [HTTP GET: https://dl.google.com/dl/android/maven2/org/antlr/antlr4-master/4.5.3/antlr4-master-4.5.3.pom]
[        ] Downloading https://repo.maven.apache.org/maven2/org/antlr/antlr4-master/4.5.3/antlr4-master-4.5.3.pom to /root/.gradle/.tmp/gradle_download7112808188699027918bin
[ +299 ms] Resource missing. [HTTP GET: https://dl.google.com/dl/android/maven2/org/jetbrains/kotlin/kotlin-stdlib/1.4.32/kotlin-stdlib-1.4.32.pom]
[        ] Resource missing. [HTTP GET: https://dl.google.com/dl/android/maven2/org/jetbrains/kotlin/kotlin-stdlib-jdk7/1.4.32/kotlin-stdlib-jdk7-1.4.32.pom]
[        ] Downloading https://repo.maven.apache.org/maven2/org/jetbrains/kotlin/kotlin-stdlib/1.4.32/kotlin-stdlib-1.4.32.pom to /root/.gradle/.tmp/gradle_download6690114439803355893bin
[        ] Downloading https://repo.maven.apache.org/maven2/org/jetbrains/kotlin/kotlin-stdlib-jdk7/1.4.32/kotlin-stdlib-jdk7-1.4.32.pom to /root/.gradle/.tmp/gradle_download15682403092322049523bin
[ +499 ms] Resource missing. [HTTP GET: https://dl.google.com/dl/android/maven2/com/google/errorprone/error_prone_annotations/2.3.2/error_prone_annotations-2.3.2.pom]
[        ] Downloading https://repo.maven.apache.org/maven2/com/google/errorprone/error_prone_annotations/2.3.2/error_prone_annotations-2.3.2.pom to /root/.gradle/.tmp/gradle_download17413006172880448801bin
[ +300 ms] Resource missing. [HTTP GET: https://dl.google.com/dl/android/maven2/com/google/errorprone/error_prone_parent/2.3.2/error_prone_parent-2.3.2.pom]
[        ] Downloading https://repo.maven.apache.org/maven2/com/google/errorprone/error_prone_parent/2.3.2/error_prone_parent-2.3.2.pom to /root/.gradle/.tmp/gradle_download11423137319431504004bin
[  +99 ms] Resource missing. [HTTP GET: https://dl.google.com/dl/android/maven2/io/grpc/grpc-api/1.21.1/grpc-api-1.21.1.pom]
[ +100 ms] Downloading https://repo.maven.apache.org/maven2/io/grpc/grpc-api/1.21.1/grpc-api-1.21.1.pom to /root/.gradle/.tmp/gradle_download14412854634175317170bin
[        ] Resource missing. [HTTP GET: https://dl.google.com/dl/android/maven2/io/opencensus/opencensus-contrib-grpc-metrics/0.21.0/opencensus-contrib-grpc-metrics-0.21.0.pom]
[        ] Downloading https://repo.maven.apache.org/maven2/io/opencensus/opencensus-contrib-grpc-metrics/0.21.0/opencensus-contrib-grpc-metrics-0.21.0.pom to /root/.gradle/.tmp/gradle_download15756595784056625533bin
[ +399 ms] Resource missing. [HTTP GET: https://dl.google.com/dl/android/maven2/io/opencensus/opencensus-api/0.21.0/opencensus-api-0.21.0.pom]
[        ] Downloading https://repo.maven.apache.org/maven2/io/opencensus/opencensus-api/0.21.0/opencensus-api-0.21.0.pom to /root/.gradle/.tmp/gradle_download10323175515864164183bin
[ +199 ms] Resource missing. [HTTP GET: https://dl.google.com/dl/android/maven2/io/netty/netty-codec-http2/4.1.34.Final/netty-codec-http2-4.1.34.Final.pom]
[        ] Resource missing. [HTTP GET: https://dl.google.com/dl/android/maven2/io/netty/netty-handler-proxy/4.1.34.Final/netty-handler-proxy-4.1.34.Final.pom]
[  +99 ms] Downloading https://repo.maven.apache.org/maven2/io/netty/netty-handler-proxy/4.1.34.Final/netty-handler-proxy-4.1.34.Final.pom to /root/.gradle/.tmp/gradle_download7655175135444953142bin
[        ] Downloading https://repo.maven.apache.org/maven2/io/netty/netty-codec-http2/4.1.34.Final/netty-codec-http2-4.1.34.Final.pom to /root/.gradle/.tmp/gradle_download13669340879231189914bin
[ +500 ms] Resource missing. [HTTP GET: https://dl.google.com/dl/android/maven2/io/netty/netty-parent/4.1.34.Final/netty-parent-4.1.34.Final.pom]
[        ] Downloading https://repo.maven.apache.org/maven2/io/netty/netty-parent/4.1.34.Final/netty-parent-4.1.34.Final.pom to /root/.gradle/.tmp/gradle_download3136388339158418577bin
[  +99 ms] Resource missing. [HTTP GET: https://dl.google.com/dl/android/maven2/com/google/api/grpc/proto-google-common-protos/1.12.0/proto-google-common-protos-1.12.0.pom]
[        ] Downloading https://repo.maven.apache.org/maven2/com/google/api/grpc/proto-google-common-protos/1.12.0/proto-google-common-protos-1.12.0.pom to /root/.gradle/.tmp/gradle_download5178333595201549126bin
[  +99 ms] Resource missing. [HTTP GET: https://dl.google.com/dl/android/maven2/io/grpc/grpc-protobuf-lite/1.21.1/grpc-protobuf-lite-1.21.1.pom]
[        ] Downloading https://repo.maven.apache.org/maven2/io/grpc/grpc-protobuf-lite/1.21.1/grpc-protobuf-lite-1.21.1.pom to /root/.gradle/.tmp/gradle_download4288567663277233387bin
[ +300 ms] Resource missing. [HTTP GET: https://dl.google.com/dl/android/maven2/org/jetbrains/markdown/0.2.1/markdown-0.2.1.pom]
[        ] Resource missing. [HTTP GET: https://dl.google.com/dl/android/maven2/org/jetbrains/kotlinx/kotlinx-coroutines-core/1.4.1/kotlinx-coroutines-core-1.4.1.pom]
[        ] Resource missing. [HTTP GET: https://dl.google.com/dl/android/maven2/com/fasterxml/jackson/module/jackson-module-kotlin/2.11.1/jackson-module-kotlin-2.11.1.pom]
[        ] Downloading https://repo.maven.apache.org/maven2/org/jetbrains/markdown/0.2.1/markdown-0.2.1.pom to /root/.gradle/.tmp/gradle_download7875394691340714187bin
[        ] Downloading https://repo.maven.apache.org/maven2/com/fasterxml/jackson/module/jackson-module-kotlin/2.11.1/jackson-module-kotlin-2.11.1.pom to /root/.gradle/.tmp/gradle_download2957424637885119356bin
[        ] Downloading https://repo.maven.apache.org/maven2/org/jetbrains/kotlinx/kotlinx-coroutines-core/1.4.1/kotlinx-coroutines-core-1.4.1.pom to /root/.gradle/.tmp/gradle_download11712061739777016315bin
[        ] Downloading https://repo.maven.apache.org/maven2/org/jetbrains/markdown/0.2.1/markdown-0.2.1.module to /root/.gradle/.tmp/gradle_download5161032064580723375bin
[        ] Downloading https://repo.maven.apache.org/maven2/org/jetbrains/kotlinx/kotlinx-coroutines-core/1.4.1/kotlinx-coroutines-core-1.4.1.module to /root/.gradle/.tmp/gradle_download15667860578354323701bin
[ +199 ms] Resource missing. [HTTP GET: https://dl.google.com/dl/android/maven2/com/fasterxml/jackson/dataformat/jackson-dataformat-xml/2.11.1/jackson-dataformat-xml-2.11.1.pom]
[        ] Downloading https://repo.maven.apache.org/maven2/com/fasterxml/jackson/dataformat/jackson-dataformat-xml/2.11.1/jackson-dataformat-xml-2.11.1.pom to /root/.gradle/.tmp/gradle_download17050556904093499699bin
[        ] Resource missing. [HTTP GET: https://dl.google.com/dl/android/maven2/org/jsoup/jsoup/1.13.1/jsoup-1.13.1.pom]
[        ] Downloading https://repo.maven.apache.org/maven2/org/jsoup/jsoup/1.13.1/jsoup-1.13.1.pom to /root/.gradle/.tmp/gradle_download8529008315202368578bin
[ +299 ms] Resource missing. [HTTP GET: https://dl.google.com/dl/android/maven2/com/fasterxml/jackson/jackson-base/2.11.1/jackson-base-2.11.1.pom]
[        ] Downloading https://repo.maven.apache.org/maven2/com/fasterxml/jackson/jackson-base/2.11.1/jackson-base-2.11.1.pom to /root/.gradle/.tmp/gradle_download5844174777716411940bin
[ +199 ms] Resource missing. [HTTP GET: https://dl.google.com/dl/android/maven2/com/fasterxml/jackson/jackson-bom/2.11.1/jackson-bom-2.11.1.pom]
[  +99 ms] Downloading https://repo.maven.apache.org/maven2/com/fasterxml/jackson/jackson-bom/2.11.1/jackson-bom-2.11.1.pom to /root/.gradle/.tmp/gradle_download3395418515725444412bin
[ +500 ms] Resource missing. [HTTP GET: https://dl.google.com/dl/android/maven2/com/fasterxml/jackson/jackson-parent/2.11/jackson-parent-2.11.pom]
[        ] Downloading https://repo.maven.apache.org/maven2/com/fasterxml/jackson/jackson-parent/2.11/jackson-parent-2.11.pom to /root/.gradle/.tmp/gradle_download13062379703689156979bin
[ +199 ms] Resource missing. [HTTP GET: https://dl.google.com/dl/android/maven2/com/fasterxml/oss-parent/38/oss-parent-38.pom]
[        ] Downloading https://repo.maven.apache.org/maven2/com/fasterxml/oss-parent/38/oss-parent-38.pom to /root/.gradle/.tmp/gradle_download654151020070287356bin
[ +199 ms] Downloading https://dl.google.com/dl/android/maven2/com/android/tools/build/manifest-merger/30.1.1/manifest-merger-30.1.1.pom to /root/.gradle/.tmp/gradle_download17923435035732204779bin
[        ] Downloading https://dl.google.com/dl/android/maven2/com/android/signflinger/7.1.1/signflinger-7.1.1.pom to /root/.gradle/.tmp/gradle_download9543913283738613092bin
[        ] Downloading https://dl.google.com/dl/android/maven2/com/android/tools/build/apksig/7.1.1/apksig-7.1.1.pom to /root/.gradle/.tmp/gradle_download11021940645120247930bin
[        ] Downloading https://dl.google.com/dl/android/maven2/com/android/zipflinger/7.1.1/zipflinger-7.1.1.pom to /root/.gradle/.tmp/gradle_download13511314230317817856bin
[        ] Downloading https://dl.google.com/dl/android/maven2/com/android/tools/build/apkzlib/7.1.1/apkzlib-7.1.1.pom to /root/.gradle/.tmp/gradle_download18441160910619343230bin
[  +99 ms] Downloading https://dl.google.com/dl/android/maven2/com/android/tools/analytics-library/tracker/30.1.1/tracker-30.1.1.pom to /root/.gradle/.tmp/gradle_download4540365531473344684bin
[ +100 ms] Downloading https://dl.google.com/dl/android/maven2/com/android/signflinger/7.1.1/signflinger-7.1.1.module to /root/.gradle/.tmp/gradle_download16646844844178638390bin
[ +400 ms] Downloading https://dl.google.com/dl/android/maven2/com/android/tools/build/manifest-merger/30.1.1/manifest-merger-30.1.1.module to /root/.gradle/.tmp/gradle_download7529680266215944918bin
[        ] Downloading https://dl.google.com/dl/android/maven2/com/android/tools/analytics-library/tracker/30.1.1/tracker-30.1.1.module to /root/.gradle/.tmp/gradle_download8017997282310881672bin
[        ] Downloading https://dl.google.com/dl/android/maven2/com/android/zipflinger/7.1.1/zipflinger-7.1.1.module to /root/.gradle/.tmp/gradle_download11815624371144686240bin
[  +99 ms] Downloading https://dl.google.com/dl/android/maven2/com/android/tools/build/apksig/7.1.1/apksig-7.1.1.module to /root/.gradle/.tmp/gradle_download11016102507322669928bin
[        ] Downloading https://dl.google.com/dl/android/maven2/com/android/tools/build/apkzlib/7.1.1/apkzlib-7.1.1.module to /root/.gradle/.tmp/gradle_download11938364428201474421bin
[ +199 ms] Resource missing. [HTTP GET: https://dl.google.com/dl/android/maven2/org/jetbrains/kotlin/kotlin-native-utils/1.8.10/kotlin-native-utils-1.8.10.pom]
[        ] Downloading https://repo.maven.apache.org/maven2/org/jetbrains/kotlin/kotlin-native-utils/1.8.10/kotlin-native-utils-1.8.10.pom to /root/.gradle/.tmp/gradle_download4068702598190933656bin
[ +500 ms] Resource missing. [HTTP GET: https://dl.google.com/dl/android/maven2/org/jetbrains/kotlin/kotlin-util-io/1.8.10/kotlin-util-io-1.8.10.pom]
[        ] Downloading https://repo.maven.apache.org/maven2/org/jetbrains/kotlin/kotlin-util-io/1.8.10/kotlin-util-io-1.8.10.pom to /root/.gradle/.tmp/gradle_download7936866302553004023bin
[ +399 ms] Resource missing. [HTTP GET: https://dl.google.com/dl/android/maven2/org/jetbrains/kotlin/kotlin-daemon-embeddable/1.8.10/kotlin-daemon-embeddable-1.8.10.pom]
[        ] Downloading https://repo.maven.apache.org/maven2/org/jetbrains/kotlin/kotlin-daemon-embeddable/1.8.10/kotlin-daemon-embeddable-1.8.10.pom to /root/.gradle/.tmp/gradle_download8352865052811952642bin
[ +200 ms] Resource missing. [HTTP GET: https://dl.google.com/dl/android/maven2/org/jetbrains/kotlin/kotlin-daemon-client/1.8.10/kotlin-daemon-client-1.8.10.pom]
[        ] Downloading https://repo.maven.apache.org/maven2/org/jetbrains/kotlin/kotlin-daemon-client/1.8.10/kotlin-daemon-client-1.8.10.pom to /root/.gradle/.tmp/gradle_download10274285861318504302bin
[ +299 ms] Resource missing. [HTTP GET: https://dl.google.com/dl/android/maven2/org/jetbrains/kotlin/kotlin-build-common/1.8.10/kotlin-build-common-1.8.10.pom]
[        ] Downloading https://repo.maven.apache.org/maven2/org/jetbrains/kotlin/kotlin-build-common/1.8.10/kotlin-build-common-1.8.10.pom to /root/.gradle/.tmp/gradle_download14047732573967994721bin
[ +199 ms] Resource missing. [HTTP GET: https://dl.google.com/dl/android/maven2/org/jetbrains/kotlin/kotlin-scripting-common/1.8.10/kotlin-scripting-common-1.8.10.pom]
[        ] Resource missing. [HTTP GET: https://dl.google.com/dl/android/maven2/org/jetbrains/kotlin/kotlin-scripting-jvm/1.8.10/kotlin-scripting-jvm-1.8.10.pom]
[  +99 ms] Downloading https://repo.maven.apache.org/maven2/org/jetbrains/kotlin/kotlin-scripting-common/1.8.10/kotlin-scripting-common-1.8.10.pom to /root/.gradle/.tmp/gradle_download13867608393844130074bin
[        ] Downloading https://repo.maven.apache.org/maven2/org/jetbrains/kotlin/kotlin-scripting-jvm/1.8.10/kotlin-scripting-jvm-1.8.10.pom to /root/.gradle/.tmp/gradle_download11750365732411978157bin
[ +399 ms] Resource missing. [HTTP GET: https://dl.google.com/dl/android/maven2/org/jetbrains/kotlin/kotlin-stdlib-common/1.4.32/kotlin-stdlib-common-1.4.32.pom]
[        ] Downloading https://repo.maven.apache.org/maven2/org/jetbrains/kotlin/kotlin-stdlib-common/1.4.32/kotlin-stdlib-common-1.4.32.pom to /root/.gradle/.tmp/gradle_download11748474501909696425bin
[  +99 ms] Resource missing. [HTTP GET: https://dl.google.com/dl/android/maven2/io/grpc/grpc-context/1.21.1/grpc-context-1.21.1.pom]
[ +100 ms] Downloading https://repo.maven.apache.org/maven2/io/grpc/grpc-context/1.21.1/grpc-context-1.21.1.pom to /root/.gradle/.tmp/gradle_download14585880371942173086bin
[  +99 ms] Resource missing. [HTTP GET: https://dl.google.com/dl/android/maven2/org/codehaus/mojo/animal-sniffer-annotations/1.17/animal-sniffer-annotations-1.17.pom]
[        ] Downloading https://repo.maven.apache.org/maven2/org/codehaus/mojo/animal-sniffer-annotations/1.17/animal-sniffer-annotations-1.17.pom to /root/.gradle/.tmp/gradle_download9554335326519125784bin
[ +499 ms] Resource missing. [HTTP GET: https://dl.google.com/dl/android/maven2/org/codehaus/mojo/animal-sniffer-parent/1.17/animal-sniffer-parent-1.17.pom]
[        ] Downloading https://repo.maven.apache.org/maven2/org/codehaus/mojo/animal-sniffer-parent/1.17/animal-sniffer-parent-1.17.pom to /root/.gradle/.tmp/gradle_download1805554600029999772bin
[ +299 ms] Resource missing. [HTTP GET: https://dl.google.com/dl/android/maven2/org/codehaus/mojo/mojo-parent/40/mojo-parent-40.pom]
[        ] Downloading https://repo.maven.apache.org/maven2/org/codehaus/mojo/mojo-parent/40/mojo-parent-40.pom to /root/.gradle/.tmp/gradle_download16750284155488295068bin
[ +199 ms] Resource missing. [HTTP GET: https://dl.google.com/dl/android/maven2/io/netty/netty-handler/4.1.34.Final/netty-handler-4.1.34.Final.pom]
[        ] Resource missing. [HTTP GET: https://dl.google.com/dl/android/maven2/io/netty/netty-buffer/4.1.34.Final/netty-buffer-4.1.34.Final.pom]
[        ] Resource missing. [HTTP GET: https://dl.google.com/dl/android/maven2/io/netty/netty-common/4.1.34.Final/netty-common-4.1.34.Final.pom]
[        ] Resource missing. [HTTP GET: https://dl.google.com/dl/android/maven2/io/netty/netty-transport/4.1.34.Final/netty-transport-4.1.34.Final.pom]
[        ] Downloading https://repo.maven.apache.org/maven2/io/netty/netty-handler/4.1.34.Final/netty-handler-4.1.34.Final.pom to /root/.gradle/.tmp/gradle_download18215337829689783167bin
[        ] Downloading https://repo.maven.apache.org/maven2/io/netty/netty-buffer/4.1.34.Final/netty-buffer-4.1.34.Final.pom to /root/.gradle/.tmp/gradle_download3638965767857739059bin
[        ] Downloading https://repo.maven.apache.org/maven2/io/netty/netty-common/4.1.34.Final/netty-common-4.1.34.Final.pom to /root/.gradle/.tmp/gradle_download13532883241460871767bin
[        ] Downloading https://repo.maven.apache.org/maven2/io/netty/netty-transport/4.1.34.Final/netty-transport-4.1.34.Final.pom to /root/.gradle/.tmp/gradle_download3794138390712611932bin
[        ] Resource missing. [HTTP GET: https://dl.google.com/dl/android/maven2/io/netty/netty-codec-http/4.1.34.Final/netty-codec-http-4.1.34.Final.pom]
[        ] Downloading https://repo.maven.apache.org/maven2/io/netty/netty-codec-http/4.1.34.Final/netty-codec-http-4.1.34.Final.pom to /root/.gradle/.tmp/gradle_download11465178881200149634bin
[ +299 ms] Resource missing. [HTTP GET: https://dl.google.com/dl/android/maven2/io/netty/netty-codec/4.1.34.Final/netty-codec-4.1.34.Final.pom]
[        ] Downloading https://repo.maven.apache.org/maven2/io/netty/netty-codec/4.1.34.Final/netty-codec-4.1.34.Final.pom to /root/.gradle/.tmp/gradle_download3481962029369167829bin
[ +299 ms] Resource missing. [HTTP GET: https://dl.google.com/dl/android/maven2/io/netty/netty-codec-socks/4.1.34.Final/netty-codec-socks-4.1.34.Final.pom]
[        ] Downloading https://repo.maven.apache.org/maven2/io/netty/netty-codec-socks/4.1.34.Final/netty-codec-socks-4.1.34.Final.pom to /root/.gradle/.tmp/gradle_download15572719969585728020bin
[ +200 ms] Resource missing. [HTTP GET: https://dl.google.com/dl/android/maven2/com/fasterxml/jackson/core/jackson-databind/2.11.1/jackson-databind-2.11.1.pom]
[  +99 ms] Downloading https://repo.maven.apache.org/maven2/com/fasterxml/jackson/core/jackson-databind/2.11.1/jackson-databind-2.11.1.pom to /root/.gradle/.tmp/gradle_download12897057280369229162bin
[ +100 ms] Resource missing. [HTTP GET: https://dl.google.com/dl/android/maven2/com/fasterxml/jackson/core/jackson-annotations/2.11.1/jackson-annotations-2.11.1.pom]
[  +99 ms] Downloading https://repo.maven.apache.org/maven2/com/fasterxml/jackson/core/jackson-annotations/2.11.1/jackson-annotations-2.11.1.pom to /root/.gradle/.tmp/gradle_download3312706382263081563bin
[  +99 ms] Resource missing. [HTTP GET: https://dl.google.com/dl/android/maven2/com/fasterxml/jackson/core/jackson-core/2.11.1/jackson-core-2.11.1.pom]
[        ] Resource missing. [HTTP GET: https://dl.google.com/dl/android/maven2/com/fasterxml/woodstox/woodstox-core/6.2.1/woodstox-core-6.2.1.pom]
[        ] Downloading https://repo.maven.apache.org/maven2/com/fasterxml/woodstox/woodstox-core/6.2.1/woodstox-core-6.2.1.pom to /root/.gradle/.tmp/gradle_download4933843913907069784bin
[        ] Downloading https://repo.maven.apache.org/maven2/com/fasterxml/jackson/core/jackson-core/2.11.1/jackson-core-2.11.1.pom to /root/.gradle/.tmp/gradle_download5949211092723605578bin
[        ] Resource missing. [HTTP GET: https://dl.google.com/dl/android/maven2/com/fasterxml/jackson/module/jackson-module-jaxb-annotations/2.11.1/jackson-module-jaxb-annotations-2.11.1.pom]
[  +99 ms] Downloading https://repo.maven.apache.org/maven2/com/fasterxml/jackson/module/jackson-module-jaxb-annotations/2.11.1/jackson-module-jaxb-annotations-2.11.1.pom to /root/.gradle/.tmp/gradle_download5089049140908933133bin
[        ] Resource missing. [HTTP GET: https://dl.google.com/dl/android/maven2/org/codehaus/woodstox/stax2-api/4.2.1/stax2-api-4.2.1.pom]
[        ] Downloading https://repo.maven.apache.org/maven2/org/codehaus/woodstox/stax2-api/4.2.1/stax2-api-4.2.1.pom to /root/.gradle/.tmp/gradle_download6155001361799296976bin
[ +499 ms] Resource missing. [HTTP GET: https://dl.google.com/dl/android/maven2/com/fasterxml/jackson/module/jackson-modules-base/2.11.1/jackson-modules-base-2.11.1.pom]
[        ] Downloading https://repo.maven.apache.org/maven2/com/fasterxml/jackson/module/jackson-modules-base/2.11.1/jackson-modules-base-2.11.1.pom to /root/.gradle/.tmp/gradle_download9486304538641352754bin
[ +299 ms] Resource missing. [HTTP GET: https://dl.google.com/dl/android/maven2/org/jetbrains/markdown-jvm/0.2.1/markdown-jvm-0.2.1.pom]
[        ] Downloading https://repo.maven.apache.org/maven2/org/jetbrains/markdown-jvm/0.2.1/markdown-jvm-0.2.1.pom to /root/.gradle/.tmp/gradle_download16697992894528927596bin
[        ] Downloading https://repo.maven.apache.org/maven2/org/jetbrains/markdown-jvm/0.2.1/markdown-jvm-0.2.1.module to /root/.gradle/.tmp/gradle_download11516526752519804087bin
[ +599 ms] Resource missing. [HTTP GET: https://dl.google.com/dl/android/maven2/org/jetbrains/kotlin/kotlin-stdlib-jdk8/1.5.0/kotlin-stdlib-jdk8-1.5.0.pom]
[        ] Downloading https://repo.maven.apache.org/maven2/org/jetbrains/kotlin/kotlin-stdlib-jdk8/1.5.0/kotlin-stdlib-jdk8-1.5.0.pom to /root/.gradle/.tmp/gradle_download6659273971861284651bin
[ +299 ms] Resource missing. [HTTP GET: https://dl.google.com/dl/android/maven2/org/jetbrains/kotlin/kotlin-stdlib-common/1.5.0/kotlin-stdlib-common-1.5.0.pom]
[        ] Downloading https://repo.maven.apache.org/maven2/org/jetbrains/kotlin/kotlin-stdlib-common/1.5.0/kotlin-stdlib-common-1.5.0.pom to /root/.gradle/.tmp/gradle_download10904868064360686615bin
[ +499 ms] Resource missing. [HTTP GET: https://dl.google.com/dl/android/maven2/io/netty/netty-resolver/4.1.34.Final/netty-resolver-4.1.34.Final.pom]
[        ] Downloading https://repo.maven.apache.org/maven2/io/netty/netty-resolver/4.1.34.Final/netty-resolver-4.1.34.Final.pom to /root/.gradle/.tmp/gradle_download11022899511651717512bin
[ +299 ms] Resource missing. [HTTP GET: https://dl.google.com/dl/android/maven2/org/jetbrains/kotlin/kotlin-stdlib/1.5.0/kotlin-stdlib-1.5.0.pom]
[        ] Downloading https://repo.maven.apache.org/maven2/org/jetbrains/kotlin/kotlin-stdlib/1.5.0/kotlin-stdlib-1.5.0.pom to /root/.gradle/.tmp/gradle_download16970487250604711818bin
[ +399 ms] Resource missing. [HTTP GET: https://dl.google.com/dl/android/maven2/org/jetbrains/kotlin/kotlin-stdlib-jdk7/1.5.0/kotlin-stdlib-jdk7-1.5.0.pom]
[        ] Downloading https://repo.maven.apache.org/maven2/org/jetbrains/kotlin/kotlin-stdlib-jdk7/1.5.0/kotlin-stdlib-jdk7-1.5.0.pom to /root/.gradle/.tmp/gradle_download10571130511175108126bin
[ +100 ms] Downloading https://repo.maven.apache.org/maven2/org/jetbrains/kotlin/kotlin-gradle-plugin/1.8.10/kotlin-gradle-plugin-1.8.10-gradle76.jar to /root/.gradle/.tmp/gradle_download17867492438495659230bin
[  +99 ms] Downloading https://dl.google.com/dl/android/maven2/com/android/tools/build/gradle-api/7.1.1/gradle-api-7.1.1.jar to /root/.gradle/.tmp/gradle_download10070885100097430528bin
[        ] Downloading https://dl.google.com/dl/android/maven2/com/android/tools/build/manifest-merger/30.1.1/manifest-merger-30.1.1.jar to /root/.gradle/.tmp/gradle_download13282322410185490508bin
[        ] Downloading https://dl.google.com/dl/android/maven2/com/android/tools/sdk-common/30.1.1/sdk-common-30.1.1.jar to /root/.gradle/.tmp/gradle_download3732014999212609906bin
[        ] Downloading https://dl.google.com/dl/android/maven2/com/android/tools/lint/lint-model/30.1.1/lint-model-30.1.1.jar to /root/.gradle/.tmp/gradle_download3127937451709136684bin
[        ] Downloading https://dl.google.com/dl/android/maven2/com/android/tools/repository/30.1.1/repository-30.1.1.jar to /root/.gradle/.tmp/gradle_download8874461366027437232bin
[        ] Downloading https://dl.google.com/dl/android/maven2/com/android/tools/ddms/ddmlib/30.1.1/ddmlib-30.1.1.jar to /root/.gradle/.tmp/gradle_download9089944315566623804bin
[        ] Downloading https://dl.google.com/dl/android/maven2/com/android/tools/sdklib/30.1.1/sdklib-30.1.1.jar to /root/.gradle/.tmp/gradle_download17288472045412134840bin
[        ] Downloading https://dl.google.com/dl/android/maven2/com/android/tools/build/aaptcompiler/7.1.1/aaptcompiler-7.1.1.jar to /root/.gradle/.tmp/gradle_download7929295632053203223bin
[        ] Downloading https://dl.google.com/dl/android/maven2/com/android/tools/build/gradle/7.1.1/gradle-7.1.1.jar to /root/.gradle/.tmp/gradle_download15085142011284322432bin
[  +99 ms] Downloading https://dl.google.com/dl/android/maven2/com/android/tools/build/builder-test-api/7.1.1/builder-test-api-7.1.1.jar to /root/.gradle/.tmp/gradle_download3429721800761797663bin
[ +100 ms] Downloading https://dl.google.com/dl/android/maven2/com/android/tools/build/builder/7.1.1/builder-7.1.1.jar to /root/.gradle/.tmp/gradle_download6479960994183952595bin
[ +100 ms] Downloading https://dl.google.com/dl/android/maven2/com/android/tools/build/bundletool/1.8.0/bundletool-1.8.0.jar to /root/.gradle/.tmp/gradle_download14881837289662733359bin
[ +100 ms] Downloading https://dl.google.com/dl/android/maven2/androidx/databinding/databinding-compiler-common/7.1.1/databinding-compiler-common-7.1.1.jar to /root/.gradle/.tmp/gradle_download5158175973524797809bin
[ +199 ms] Downloading https://dl.google.com/dl/android/maven2/com/android/tools/utp/android-device-provider-gradle-proto/30.1.1/android-device-provider-gradle-proto-30.1.1.jar to /root/.gradle/.tmp/gradle_download13692327588794753937bin
[        ] Downloading https://dl.google.com/dl/android/maven2/com/android/tools/analytics-library/crash/30.1.1/crash-30.1.1.jar to /root/.gradle/.tmp/gradle_download2695085737686770551bin
[        ] Downloading https://dl.google.com/dl/android/maven2/com/android/tools/analytics-library/shared/30.1.1/shared-30.1.1.jar to /root/.gradle/.tmp/gradle_download17185355547461324032bin
[        ] Downloading https://dl.google.com/dl/android/maven2/com/android/tools/build/aapt2-proto/7.1.1-7984345/aapt2-proto-7.1.1-7984345.jar to /root/.gradle/.tmp/gradle_download17259370460087468433bin
[        ] Downloading https://dl.google.com/dl/android/maven2/androidx/databinding/databinding-common/7.1.1/databinding-common-7.1.1.jar to /root/.gradle/.tmp/gradle_download11448302253925769060bin
[        ] Downloading https://dl.google.com/dl/android/maven2/com/android/tools/utp/android-device-provider-ddmlib-proto/30.1.1/android-device-provider-ddmlib-proto-30.1.1.jar to /root/.gradle/.tmp/gradle_download13758881389647886257bin
[        ] Downloading https://dl.google.com/dl/android/maven2/com/android/tools/analytics-library/tracker/30.1.1/tracker-30.1.1.jar to /root/.gradle/.tmp/gradle_download8299759938096325154bin
[        ] Downloading https://dl.google.com/dl/android/maven2/com/android/databinding/baseLibrary/7.1.1/baseLibrary-7.1.1.jar to /root/.gradle/.tmp/gradle_download10373281826410887236bin
[        ] Downloading https://dl.google.com/dl/android/maven2/com/android/tools/layoutlib/layoutlib-api/30.1.1/layoutlib-api-30.1.1.jar to /root/.gradle/.tmp/gradle_download919129952048667724bin
[  +99 ms] Downloading https://repo.maven.apache.org/maven2/org/jetbrains/dokka/dokka-core/1.4.32/dokka-core-1.4.32.jar to /root/.gradle/.tmp/gradle_download3154925720539433863bin
[        ] Downloading https://repo.maven.apache.org/maven2/org/jetbrains/kotlin/kotlin-compiler-runner/1.8.10/kotlin-compiler-runner-1.8.10.jar to /root/.gradle/.tmp/gradle_download7390888796175995904bin
[        ] Downloading https://repo.maven.apache.org/maven2/org/jetbrains/kotlin/kotlin-daemon-client/1.8.10/kotlin-daemon-client-1.8.10.jar to /root/.gradle/.tmp/gradle_download14962816390347924920bin
[        ] Downloading https://repo.maven.apache.org/maven2/org/jetbrains/kotlin/kotlin-stdlib-jdk8/1.5.0/kotlin-stdlib-jdk8-1.5.0.jar to /root/.gradle/.tmp/gradle_download4201852682106700002bin
[  +99 ms] Downloading https://repo.maven.apache.org/maven2/org/bouncycastle/bcpkix-jdk15on/1.56/bcpkix-jdk15on-1.56.jar to /root/.gradle/.tmp/gradle_download6799734825119205535bin
[        ] Downloading https://repo.maven.apache.org/maven2/com/google/protobuf/protobuf-java-util/3.10.0/protobuf-java-util-3.10.0.jar to /root/.gradle/.tmp/gradle_download3146933912994101947bin
[        ] Downloading https://repo.maven.apache.org/maven2/io/grpc/grpc-protobuf/1.21.1/grpc-protobuf-1.21.1.jar to /root/.gradle/.tmp/gradle_download15034343036160197513bin
[  +99 ms] Downloading https://repo.maven.apache.org/maven2/com/google/protobuf/protobuf-java/3.10.0/protobuf-java-3.10.0.jar to /root/.gradle/.tmp/gradle_download11992660976957669962bin
[        ] Downloading https://repo.maven.apache.org/maven2/io/grpc/grpc-netty/1.21.1/grpc-netty-1.21.1.jar to /root/.gradle/.tmp/gradle_download3781565596936173610bin
[        ] Downloading https://dl.google.com/dl/android/maven2/com/android/tools/utp/android-test-plugin-host-additional-test-output-proto/30.1.1/android-test-plugin-host-additional-test-output-proto-30.1.1.jar to /root/.gradle/.tmp/gradle_download13361490743796584002bin
[        ] Downloading https://dl.google.com/dl/android/maven2/com/android/tools/build/apkzlib/7.1.1/apkzlib-7.1.1.jar to /root/.gradle/.tmp/gradle_download12315578498762556699bin
[        ] Downloading https://repo.maven.apache.org/maven2/io/grpc/grpc-core/1.21.1/grpc-core-1.21.1.jar to /root/.gradle/.tmp/gradle_download13860494151383084069bin
[        ] Downloading https://dl.google.com/dl/android/maven2/com/android/tools/utp/android-test-plugin-host-coverage-proto/30.1.1/android-test-plugin-host-coverage-proto-30.1.1.jar to /root/.gradle/.tmp/gradle_download11298593854816184463bin
[        ] Downloading https://dl.google.com/dl/android/maven2/com/android/tools/build/jetifier/jetifier-core/1.0.0-beta09/jetifier-core-1.0.0-beta09.jar to /root/.gradle/.tmp/gradle_download11135440082734760489bin
[        ] Downloading https://repo.maven.apache.org/maven2/com/google/code/gson/gson/2.8.6/gson-2.8.6.jar to /root/.gradle/.tmp/gradle_download10550549312194928546bin
[  +99 ms] Downloading https://dl.google.com/dl/android/maven2/com/android/tools/build/builder-model/7.1.1/builder-model-7.1.1.jar to /root/.gradle/.tmp/gradle_download8462557579637489289bin
[        ] Downloading https://dl.google.com/dl/android/maven2/com/android/tools/common/30.1.1/common-30.1.1.jar to /root/.gradle/.tmp/gradle_download301741633740412957bin
[        ] Downloading https://repo.maven.apache.org/maven2/org/jetbrains/kotlin/kotlin-gradle-plugin-api/1.8.10/kotlin-gradle-plugin-api-1.8.10-gradle76.jar to /root/.gradle/.tmp/gradle_download10153040589146805054bin
[        ] Downloading https://repo.maven.apache.org/maven2/org/jetbrains/kotlin/kotlin-gradle-plugin-model/1.8.10/kotlin-gradle-plugin-model-1.8.10.jar to /root/.gradle/.tmp/gradle_download2403391043381258220bin
[        ] Downloading https://repo.maven.apache.org/maven2/io/grpc/grpc-stub/1.21.1/grpc-stub-1.21.1.jar to /root/.gradle/.tmp/gradle_download15617419718072119824bin
[        ] Downloading https://repo.maven.apache.org/maven2/org/jetbrains/kotlin/kotlin-gradle-plugin-idea-proto/1.8.10/kotlin-gradle-plugin-idea-proto-1.8.10.jar to /root/.gradle/.tmp/gradle_download11212879993964406785bin
[        ] Downloading https://dl.google.com/dl/android/maven2/com/android/tools/build/jetifier/jetifier-processor/1.0.0-beta09/jetifier-processor-1.0.0-beta09.jar to /root/.gradle/.tmp/gradle_download3375566066103492537bin
[        ] Downloading https://dl.google.com/dl/android/maven2/com/android/tools/analytics-library/protos/30.1.1/protos-30.1.1.jar to /root/.gradle/.tmp/gradle_download13018545074836750892bin
[        ] Downloading https://dl.google.com/dl/android/maven2/com/android/tools/dvlib/30.1.1/dvlib-30.1.1.jar to /root/.gradle/.tmp/gradle_download770986277412412360bin
[        ] Downloading https://repo.maven.apache.org/maven2/org/jetbrains/kotlin/kotlin-gradle-plugin-api/1.8.10/kotlin-gradle-plugin-api-1.8.10.jar to /root/.gradle/.tmp/gradle_download7397951727514171125bin
[        ] Downloading https://repo.maven.apache.org/maven2/org/jetbrains/kotlin/kotlin-project-model/1.8.10/kotlin-project-model-1.8.10.jar to /root/.gradle/.tmp/gradle_download3495164936940402499bin
[        ] Downloading https://dl.google.com/dl/android/maven2/com/android/tools/utp/android-test-plugin-result-listener-gradle-proto/30.1.1/android-test-plugin-result-listener-gradle-proto-30.1.1.jar to /root/.gradle/.tmp/gradle_download7101046932839010456bin
[        ] Downloading https://repo.maven.apache.org/maven2/org/jetbrains/kotlin/kotlin-gradle-plugin-idea/1.8.10/kotlin-gradle-plugin-idea-1.8.10.jar to /root/.gradle/.tmp/gradle_download9067131638034664492bin
[        ] Downloading https://repo.maven.apache.org/maven2/org/jetbrains/kotlin/kotlin-tooling-core/1.8.10/kotlin-tooling-core-1.8.10.jar to /root/.gradle/.tmp/gradle_download2407869642121720579bin
[        ] Downloading https://repo.maven.apache.org/maven2/org/jetbrains/kotlin/kotlin-compiler-embeddable/1.8.10/kotlin-compiler-embeddable-1.8.10.jar to /root/.gradle/.tmp/gradle_download13546313239566156269bin
[        ] Downloading https://repo.maven.apache.org/maven2/org/jetbrains/kotlin/kotlin-scripting-compiler-embeddable/1.8.10/kotlin-scripting-compiler-embeddable-1.8.10.jar to /root/.gradle/.tmp/gradle_download6623671464631815594bin
[  +99 ms] Downloading https://repo.maven.apache.org/maven2/org/bouncycastle/bcprov-jdk15on/1.56/bcprov-jdk15on-1.56.jar to /root/.gradle/.tmp/gradle_download9759011819772813314bin
[        ] Downloading https://repo.maven.apache.org/maven2/org/jetbrains/kotlin/kotlin-scripting-compiler-impl-embeddable/1.8.10/kotlin-scripting-compiler-impl-embeddable-1.8.10.jar to /root/.gradle/.tmp/gradle_download8026236569488877626bin
[        ] Downloading https://repo.maven.apache.org/maven2/org/jetbrains/kotlin/kotlin-android-extensions/1.8.10/kotlin-android-extensions-1.8.10.jar to /root/.gradle/.tmp/gradle_download16178761723171247804bin
[        ] Downloading https://repo.maven.apache.org/maven2/org/jetbrains/kotlin/kotlin-annotation-processing-gradle/1.8.10/kotlin-annotation-processing-gradle-1.8.10.jar to /root/.gradle/.tmp/gradle_download1049915600797501488bin
[        ] Downloading https://repo.maven.apache.org/maven2/org/jetbrains/kotlin/kotlin-klib-commonizer-api/1.8.10/kotlin-klib-commonizer-api-1.8.10.jar to /root/.gradle/.tmp/gradle_download3781531313789538281bin
[        ] Downloading https://repo.maven.apache.org/maven2/org/jetbrains/kotlin/kotlin-util-klib/1.8.10/kotlin-util-klib-1.8.10.jar to /root/.gradle/.tmp/gradle_download10043950032259361413bin
[        ] Downloading https://repo.maven.apache.org/maven2/io/grpc/grpc-protobuf-lite/1.21.1/grpc-protobuf-lite-1.21.1.jar to /root/.gradle/.tmp/gradle_download5864462843759357577bin
[  +99 ms] Downloading https://repo.maven.apache.org/maven2/io/grpc/grpc-api/1.21.1/grpc-api-1.21.1.jar to /root/.gradle/.tmp/gradle_download15312256633615455851bin
[        ] Downloading https://repo.maven.apache.org/maven2/com/fasterxml/jackson/module/jackson-module-kotlin/2.11.1/jackson-module-kotlin-2.11.1.jar to /root/.gradle/.tmp/gradle_download13988461763020608355bin
[        ] Downloading https://repo.maven.apache.org/maven2/org/jetbrains/kotlin/kotlin-reflect/1.4.32/kotlin-reflect-1.4.32.jar to /root/.gradle/.tmp/gradle_download10051110158159030449bin
[        ] Downloading https://repo.maven.apache.org/maven2/org/apache/httpcomponents/httpclient/4.5.6/httpclient-4.5.6.jar to /root/.gradle/.tmp/gradle_download7365649798673098038bin
[        ] Downloading https://dl.google.com/dl/android/maven2/com/android/tools/utp/android-test-plugin-host-retention-proto/30.1.1/android-test-plugin-host-retention-proto-30.1.1.jar to /root/.gradle/.tmp/gradle_download1003939256380692302bin
[        ] Downloading https://repo.maven.apache.org/maven2/org/apache/httpcomponents/httpcore/4.4.10/httpcore-4.4.10.jar to /root/.gradle/.tmp/gradle_download8215483756278169908bin
[  +99 ms] Downloading https://repo.maven.apache.org/maven2/org/jetbrains/markdown-jvm/0.2.1/markdown-jvm-0.2.1.jar to /root/.gradle/.tmp/gradle_download17500965752758591519bin
[        ] Downloading https://repo.maven.apache.org/maven2/org/antlr/antlr4/4.5.3/antlr4-4.5.3.jar to /root/.gradle/.tmp/gradle_download17519528696520569259bin
[        ] Downloading https://repo.maven.apache.org/maven2/org/jetbrains/kotlin/kotlin-stdlib/1.5.0/kotlin-stdlib-1.5.0.jar to /root/.gradle/.tmp/gradle_download129516749964311453bin
[        ] Downloading https://repo.maven.apache.org/maven2/org/jetbrains/kotlin/kotlin-stdlib-jdk7/1.5.0/kotlin-stdlib-jdk7-1.5.0.jar to /root/.gradle/.tmp/gradle_download4030622309142408893bin
[        ] Downloading https://repo.maven.apache.org/maven2/com/fasterxml/jackson/dataformat/jackson-dataformat-xml/2.11.1/jackson-dataformat-xml-2.11.1.jar to /root/.gradle/.tmp/gradle_download3408816908313252644bin
[  +99 ms] Downloading https://repo.maven.apache.org/maven2/com/google/errorprone/error_prone_annotations/2.3.4/error_prone_annotations-2.3.4.jar to /root/.gradle/.tmp/gradle_download8729908640726401452bin
[        ] Downloading https://repo.maven.apache.org/maven2/com/fasterxml/jackson/module/jackson-module-jaxb-annotations/2.11.1/jackson-module-jaxb-annotations-2.11.1.jar to /root/.gradle/.tmp/gradle_download11374635813467574465bin
[        ] Downloading https://repo.maven.apache.org/maven2/io/opencensus/opencensus-contrib-grpc-metrics/0.21.0/opencensus-contrib-grpc-metrics-0.21.0.jar to /root/.gradle/.tmp/gradle_download8580617659076722966bin
[        ] Downloading https://repo.maven.apache.org/maven2/io/opencensus/opencensus-api/0.21.0/opencensus-api-0.21.0.jar to /root/.gradle/.tmp/gradle_download12839905490376715845bin
[        ] Downloading https://repo.maven.apache.org/maven2/io/netty/netty-codec-http2/4.1.34.Final/netty-codec-http2-4.1.34.Final.jar to /root/.gradle/.tmp/gradle_download12628149489997458234bin
[        ] Downloading https://repo.maven.apache.org/maven2/io/netty/netty-handler-proxy/4.1.34.Final/netty-handler-proxy-4.1.34.Final.jar to /root/.gradle/.tmp/gradle_download5542804650483060327bin
[        ] Downloading https://dl.google.com/dl/android/maven2/com/android/tools/annotations/30.1.1/annotations-30.1.1.jar to /root/.gradle/.tmp/gradle_download3806468453954625014bin
[        ] Downloading https://dl.google.com/dl/android/maven2/com/android/zipflinger/7.1.1/zipflinger-7.1.1.jar to /root/.gradle/.tmp/gradle_download6828919040395986072bin
[        ] Downloading https://repo.maven.apache.org/maven2/com/google/api/grpc/proto-google-common-protos/1.12.0/proto-google-common-protos-1.12.0.jar to /root/.gradle/.tmp/gradle_download783643935157019941bin
[        ] Downloading https://repo.maven.apache.org/maven2/commons-codec/commons-codec/1.10/commons-codec-1.10.jar to /root/.gradle/.tmp/gradle_download4279735444444603477bin
[        ] Downloading https://repo.maven.apache.org/maven2/org/jsoup/jsoup/1.13.1/jsoup-1.13.1.jar to /root/.gradle/.tmp/gradle_download218594785234668267bin
[        ] Downloading https://repo.maven.apache.org/maven2/org/jetbrains/kotlin/kotlin-build-common/1.8.10/kotlin-build-common-1.8.10.jar to /root/.gradle/.tmp/gradle_download17397515494620001639bin
[        ] Downloading https://repo.maven.apache.org/maven2/org/jetbrains/kotlin/kotlin-native-utils/1.8.10/kotlin-native-utils-1.8.10.jar to /root/.gradle/.tmp/gradle_download18185199378258880707bin
[        ] Downloading https://repo.maven.apache.org/maven2/org/jetbrains/kotlin/kotlin-scripting-jvm/1.8.10/kotlin-scripting-jvm-1.8.10.jar to /root/.gradle/.tmp/gradle_download5202718066244461545bin
[        ] Downloading https://repo.maven.apache.org/maven2/org/jetbrains/kotlin/kotlin-util-io/1.8.10/kotlin-util-io-1.8.10.jar to /root/.gradle/.tmp/gradle_download602457449993243166bin
[        ] Downloading https://repo.maven.apache.org/maven2/org/jetbrains/kotlin/kotlin-daemon-embeddable/1.8.10/kotlin-daemon-embeddable-1.8.10.jar to /root/.gradle/.tmp/gradle_download16514443989314218050bin
[  +99 ms] Downloading https://repo.maven.apache.org/maven2/org/jetbrains/kotlin/kotlin-scripting-common/1.8.10/kotlin-scripting-common-1.8.10.jar to /root/.gradle/.tmp/gradle_download2489173357726595070bin
[        ] Downloading https://repo.maven.apache.org/maven2/org/jetbrains/kotlin/kotlin-stdlib-common/1.5.0/kotlin-stdlib-common-1.5.0.jar to /root/.gradle/.tmp/gradle_download1575981654030365997bin
[        ] Downloading https://repo.maven.apache.org/maven2/io/grpc/grpc-context/1.21.1/grpc-context-1.21.1.jar to /root/.gradle/.tmp/gradle_download13296992444585871761bin
[        ] Downloading https://repo.maven.apache.org/maven2/org/codehaus/mojo/animal-sniffer-annotations/1.17/animal-sniffer-annotations-1.17.jar to /root/.gradle/.tmp/gradle_download17433529955858723185bin
[        ] Downloading https://repo.maven.apache.org/maven2/io/netty/netty-codec-http/4.1.34.Final/netty-codec-http-4.1.34.Final.jar to /root/.gradle/.tmp/gradle_download9365584528270446035bin
[        ] Downloading https://repo.maven.apache.org/maven2/io/netty/netty-handler/4.1.34.Final/netty-handler-4.1.34.Final.jar to /root/.gradle/.tmp/gradle_download13644460651287300318bin
[        ] Downloading https://repo.maven.apache.org/maven2/io/netty/netty-codec-socks/4.1.34.Final/netty-codec-socks-4.1.34.Final.jar to /root/.gradle/.tmp/gradle_download4249207201777883059bin
[        ] Downloading https://repo.maven.apache.org/maven2/com/fasterxml/jackson/core/jackson-annotations/2.11.1/jackson-annotations-2.11.1.jar to /root/.gradle/.tmp/gradle_download9165106318444689410bin
[        ] Downloading https://repo.maven.apache.org/maven2/io/netty/netty-resolver/4.1.34.Final/netty-resolver-4.1.34.Final.jar to /root/.gradle/.tmp/gradle_download2107014451612696329bin
[        ] Downloading https://repo.maven.apache.org/maven2/com/fasterxml/jackson/core/jackson-core/2.11.1/jackson-core-2.11.1.jar to /root/.gradle/.tmp/gradle_download7712048855444812019bin
[        ] Downloading https://repo.maven.apache.org/maven2/io/netty/netty-common/4.1.34.Final/netty-common-4.1.34.Final.jar to /root/.gradle/.tmp/gradle_download18231945770348547111bin
[        ] Downloading https://repo.maven.apache.org/maven2/com/fasterxml/jackson/core/jackson-databind/2.11.1/jackson-databind-2.11.1.jar to /root/.gradle/.tmp/gradle_download11544746325563521835bin
[        ] Downloading https://repo.maven.apache.org/maven2/io/netty/netty-codec/4.1.34.Final/netty-codec-4.1.34.Final.jar to /root/.gradle/.tmp/gradle_download15502589549818630838bin
[        ] Downloading https://repo.maven.apache.org/maven2/io/netty/netty-transport/4.1.34.Final/netty-transport-4.1.34.Final.jar to /root/.gradle/.tmp/gradle_download6721264563786489419bin
[        ] Downloading https://repo.maven.apache.org/maven2/io/netty/netty-buffer/4.1.34.Final/netty-buffer-4.1.34.Final.jar to /root/.gradle/.tmp/gradle_download12510152522127603227bin
[  +99 ms] Downloading https://repo.maven.apache.org/maven2/com/fasterxml/woodstox/woodstox-core/6.2.1/woodstox-core-6.2.1.jar to /root/.gradle/.tmp/gradle_download2411702311861098953bin
[        ] Downloading https://repo.maven.apache.org/maven2/org/codehaus/woodstox/stax2-api/4.2.1/stax2-api-4.2.1.jar to /root/.gradle/.tmp/gradle_download10632763680989713618bin
[        ] Downloading https://dl.google.com/dl/android/maven2/com/android/tools/build/apksig/7.1.1/apksig-7.1.1.jar to /root/.gradle/.tmp/gradle_download7497351559760817166bin
[  +99 ms] Downloading https://dl.google.com/dl/android/maven2/com/android/signflinger/7.1.1/signflinger-7.1.1.jar to /root/.gradle/.tmp/gradle_download2664702145024886703bin
[+1000 ms] Caching disabled for InstrumentationAnalysisTransform: /root/.gradle/caches/modules-2/files-2.1/com.android.tools.build/gradle/7.1.1/1eef71913725e5af39b15681cc294ce61c4ff599/gradle-7.1.1.jar because:
[        ]   Build cache is disabled
[        ]   Caching not enabled.
[ +101 ms] Caching disabled for InstrumentationAnalysisTransform: /root/.gradle/caches/modules-2/files-2.1/org.jetbrains.kotlin/kotlin-gradle-plugin/1.8.10/757bb47b8359d3fa7357bb931e44d6bed49becc5/kotlin-gradle-plugin-1.8.10-gradle76.jar because:
[        ]   Build cache is disabled
[        ]   Caching not enabled.
[        ] Caching disabled for InstrumentationAnalysisTransform: /root/.gradle/caches/modules-2/files-2.1/com.android.tools.lint/lint-model/30.1.1/3cd8a1a00d80a4c4ff72a403502ffdd0456733e6/lint-model-30.1.1.jar because:
[        ]   Build cache is disabled
[        ]   Caching not enabled.
[        ] Caching disabled for InstrumentationAnalysisTransform: /root/.gradle/caches/modules-2/files-2.1/com.android.tools.build/builder/7.1.1/12bf7a4cd32c4cd3fdc96ed8308e0cbfbe605e2/builder-7.1.1.jar because:
[        ]   Build cache is disabled
[        ]   Caching not enabled.
[        ] Caching disabled for InstrumentationAnalysisTransform: /root/.gradle/caches/modules-2/files-2.1/com.android.tools.build/manifest-merger/30.1.1/3f5aeb40322dc9908c41d7aabdcb24d7895be552/manifest-merger-30.1.1.jar because:
[        ]   Build cache is disabled
[        ]   Caching not enabled.
[        ] Caching disabled for InstrumentationAnalysisTransform: /root/.gradle/caches/modules-2/files-2.1/com.android.tools/sdk-common/30.1.1/469ad2de6d8386710dac7d0e5e0b106a52f19565/sdk-common-30.1.1.jar because:
[        ]   Build cache is disabled
[        ]   Caching not enabled.
[        ] Caching disabled for InstrumentationAnalysisTransform: /root/.gradle/caches/modules-2/files-2.1/com.android.tools/sdklib/30.1.1/8784a5ca3529dfee4ec0e26ed76847c8797c061f/sdklib-30.1.1.jar because:
[        ]   Build cache is disabled
[        ]   Caching not enabled.
[        ] Caching disabled for InstrumentationAnalysisTransform: /root/.gradle/caches/modules-2/files-2.1/com.android.tools/repository/30.1.1/e7e4a2ee570f715502ae5f77a1b5f9d5331f8902/repository-30.1.1.jar because:
[        ]   Build cache is disabled
[        ]   Caching not enabled.
[        ] Caching disabled for InstrumentationAnalysisTransform: /root/.gradle/caches/modules-2/files-2.1/com.android.tools.build/gradle-api/7.1.1/a3cf4e4fa7e9be3752bb88aeb5e93dc0612a4d81/gradle-api-7.1.1.jar because:
[        ]   Build cache is disabled
[        ]   Caching not enabled.
[        ] Caching disabled for InstrumentationAnalysisTransform: /root/.gradle/caches/modules-2/files-2.1/com.android.tools.build/builder-test-api/7.1.1/a8b2d43b0003230a058309f8fb8ddafc152815f2/builder-test-api-7.1.1.jar because:
[        ]   Build cache is disabled
[        ]   Caching not enabled.
[        ] Caching disabled for InstrumentationAnalysisTransform: /root/.gradle/caches/modules-2/files-2.1/com.android.tools.ddms/ddmlib/30.1.1/9089fc46b26d1fef2ea115f454039ecdac400a32/ddmlib-30.1.1.jar because:
[        ]   Build cache is disabled
[        ]   Caching not enabled.
[        ] Caching disabled for InstrumentationAnalysisTransform: /root/.gradle/caches/modules-2/files-2.1/com.android.tools.build/aaptcompiler/7.1.1/e7c8611333bbcf874d18b07126c73456cf566f56/aaptcompiler-7.1.1.jar because:
[        ]   Build cache is disabled
[        ]   Caching not enabled.
[        ] Caching disabled for InstrumentationAnalysisTransform: /root/.gradle/caches/modules-2/files-2.1/com.android.tools.build/bundletool/1.8.0/4838d4a346d7d7579dc88a7c53283bc7fde4fb11/bundletool-1.8.0.jar because:
[        ]   Build cache is disabled
[        ]   Caching not enabled.
[        ] Caching disabled for InstrumentationAnalysisTransform: /root/.gradle/caches/modules-2/files-2.1/com.android.tools.build/aapt2-proto/7.1.1-7984345/4a11f7e73338183615aed9e6ee8af6a3c022f193/aapt2-proto-7.1.1-7984345.jar because:
[        ]   Build cache is disabled
[        ]   Caching not enabled.
[        ] Caching disabled for InstrumentationAnalysisTransform: /root/.gradle/caches/modules-2/files-2.1/com.android.tools.analytics-library/crash/30.1.1/da3d4c98e21e699c93a1d8a8f814c5debd57ac5/crash-30.1.1.jar because:
[        ]   Build cache is disabled
[        ]   Caching not enabled.
[        ] Caching disabled for InstrumentationAnalysisTransform: /root/.gradle/caches/modules-2/files-2.1/com.android.tools.analytics-library/tracker/30.1.1/40523b372b2efdb6371ad8f084fe54b6d5abfc32/tracker-30.1.1.jar because:
[        ]   Build cache is disabled
[        ]   Caching not enabled.
[        ] Caching disabled for InstrumentationAnalysisTransform: /root/.gradle/caches/modules-2/files-2.1/com.android.tools.analytics-library/shared/30.1.1/2c87358290fd68329aa2087237f9cdc884a69707/shared-30.1.1.jar because:
[        ]   Build cache is disabled
[        ]   Caching not enabled.
[        ] Caching disabled for InstrumentationAnalysisTransform: /root/.gradle/caches/modules-2/files-2.1/androidx.databinding/databinding-compiler-common/7.1.1/5f6392ac15857000d6a28430c64f64c3adf3f01c/databinding-compiler-common-7.1.1.jar because:
[        ]   Build cache is disabled
[        ]   Caching not enabled.
[        ] Caching disabled for InstrumentationAnalysisTransform: /root/.gradle/caches/modules-2/files-2.1/androidx.databinding/databinding-common/7.1.1/5e61372061d66d85be52a57e09afa406fed1ab68/databinding-common-7.1.1.jar because:
[        ]   Build cache is disabled
[        ]   Caching not enabled.
[        ] Caching disabled for InstrumentationAnalysisTransform: /root/.gradle/caches/modules-2/files-2.1/com.android.tools.layoutlib/layoutlib-api/30.1.1/99a79999820d1f00e29b634efae92ea40bfad07d/layoutlib-api-30.1.1.jar because:
[        ]   Build cache is disabled
[        ]   Caching not enabled.
[        ] Caching disabled for InstrumentationAnalysisTransform: /root/.gradle/caches/modules-2/files-2.1/com.android.databinding/baseLibrary/7.1.1/2da7cbb78152d6893b6747f02935dbf9272b5b27/baseLibrary-7.1.1.jar because:
[        ]   Build cache is disabled
[        ]   Caching not enabled.
[        ] Caching disabled for InstrumentationAnalysisTransform: /root/.gradle/caches/modules-2/files-2.1/com.android.tools.utp/android-device-provider-ddmlib-proto/30.1.1/da85a350f32fc76494cc5f2998e47f0e5b9a120b/android-device-provider-ddmlib-proto-30.1.1.jar because:
[        ]   Build cache is disabled
[        ]   Caching not enabled.
[        ] Caching disabled for InstrumentationAnalysisTransform: /root/.gradle/caches/modules-2/files-2.1/com.android.tools.utp/android-device-provider-gradle-proto/30.1.1/2c141ae30a764a865f6424afc48f3d4e0d848e15/android-device-provider-gradle-proto-30.1.1.jar because:
[        ]   Build cache is disabled
[        ]   Caching not enabled.
[        ] Caching disabled for InstrumentationAnalysisTransform: /root/.gradle/caches/modules-2/files-2.1/com.android.tools.utp/android-test-plugin-host-additional-test-output-proto/30.1.1/1595751fefe9da56ee09f9bc7f13d04f99a4bf97/android-test-plugin-host-additional-test-output-proto-30.1.1.jar because:
[        ]   Build cache is disabled
[        ]   Caching not enabled.
[        ] Caching disabled for InstrumentationAnalysisTransform: /root/.gradle/caches/modules-2/files-2.1/com.android.tools.utp/android-test-plugin-host-coverage-proto/30.1.1/7442d828e3d77e57d9cc4e4dba002b652abd832d/android-test-plugin-host-coverage-proto-30.1.1.jar because:
[        ]   Build cache is disabled
[        ]   Caching not enabled.
[        ] Caching disabled for InstrumentationAnalysisTransform: /root/.gradle/caches/modules-2/files-2.1/com.android.tools.utp/android-test-plugin-host-retention-proto/30.1.1/74713b52e6a51fe15c2301a00ad887c6c35471ce/android-test-plugin-host-retention-proto-30.1.1.jar because:
[   +3 ms]   Build cache is disabled
[        ]   Caching not enabled.
[        ] Caching disabled for InstrumentationAnalysisTransform: /root/.gradle/caches/modules-2/files-2.1/com.android.tools.utp/android-test-plugin-result-listener-gradle-proto/30.1.1/55e6c9db9cb89adb84d4a3993e175986d59571b8/android-test-plugin-result-listener-gradle-proto-30.1.1.jar because:
[        ]   Build cache is disabled
[        ]   Caching not enabled.
[        ] Caching disabled for InstrumentationAnalysisTransform: /root/.gradle/caches/modules-2/files-2.1/org.jetbrains.dokka/dokka-core/1.4.32/3011d0a885e87643e41d41a902e5905934251499/dokka-core-1.4.32.jar because:
[        ]   Build cache is disabled
[        ]   Caching not enabled.
[        ] Caching disabled for InstrumentationAnalysisTransform: /root/.gradle/caches/modules-2/files-2.1/com.android.tools.build/builder-model/7.1.1/d6dc20d5019f0844cce78701b81b1d4782b884af/builder-model-7.1.1.jar because:
[        ]   Build cache is disabled
[        ]   Caching not enabled.
[        ] Caching disabled for InstrumentationAnalysisTransform: /root/.gradle/caches/modules-2/files-2.1/com.android.tools/dvlib/30.1.1/2a7befeee737b6a56e5a5d49e77c99a64614e955/dvlib-30.1.1.jar because:
[        ]   Build cache is disabled
[        ]   Caching not enabled.
[        ] Caching disabled for InstrumentationAnalysisTransform: /root/.gradle/caches/modules-2/files-2.1/com.android.tools/common/30.1.1/df561f19a94009b224ed5c3b42f615f81882b28/common-30.1.1.jar because:
[        ]   Build cache is disabled
[        ]   Caching not enabled.
[        ] Caching disabled for InstrumentationAnalysisTransform: /root/.gradle/caches/modules-2/files-2.1/org.jetbrains.kotlin/kotlin-compiler-runner/1.8.10/947e715f99979106792738979098751baa4dc7dc/kotlin-compiler-runner-1.8.10.jar because:
[        ]   Build cache is disabled
[   +2 ms]   Caching not enabled.
[        ] Caching disabled for InstrumentationAnalysisTransform: /root/.gradle/caches/modules-2/files-2.1/org.jetbrains.kotlin/kotlin-daemon-client/1.8.10/d0d648d6ae17e1690f9274602c87a06b13ca91db/kotlin-daemon-client-1.8.10.jar because:
[        ]   Build cache is disabled
[        ]   Caching not enabled.
[        ] Caching disabled for InstrumentationAnalysisTransform: /root/.gradle/caches/modules-2/files-2.1/org.jetbrains.kotlin/kotlin-stdlib-jdk8/1.5.0/65fbc439df2e4aad1f3769762d54534f1b564090/kotlin-stdlib-jdk8-1.5.0.jar because:
[        ]   Build cache is disabled
[        ]   Caching not enabled.
[        ] Caching disabled for InstrumentationAnalysisTransform: /root/.gradle/caches/modules-2/files-2.1/com.android.tools.build.jetifier/jetifier-processor/1.0.0-beta09/fb2a015ff56e24939a88593ac73b84e627864476/jetifier-processor-1.0.0-beta09.jar because:
[        ]   Build cache is disabled
[        ]   Caching not enabled.
[        ] Caching disabled for InstrumentationAnalysisTransform: /root/.gradle/caches/modules-2/files-2.1/com.android.tools.build/apkzlib/7.1.1/f33ce847854150059128ff21633e1135c3b8b10e/apkzlib-7.1.1.jar because:
[        ]   Build cache is disabled
[        ]   Caching not enabled.
[        ] Caching disabled for InstrumentationAnalysisTransform: /root/.gradle/caches/modules-2/files-2.1/org.bouncycastle/bcpkix-jdk15on/1.56/4648af70268b6fdb24674fb1fd7c1fcc73db1231/bcpkix-jdk15on-1.56.jar because:
[        ]   Build cache is disabled
[        ]   Caching not enabled.
[        ] Caching disabled for InstrumentationAnalysisTransform: /root/.gradle/caches/modules-2/files-2.1/com.android.tools.build.jetifier/jetifier-core/1.0.0-beta09/c98ee0e5579aed97e17f605a89b101115a2f5a61/jetifier-core-1.0.0-beta09.jar because:
[        ]   Build cache is disabled
[        ]   Caching not enabled.
[        ] Caching disabled for InstrumentationAnalysisTransform: /root/.gradle/caches/modules-2/files-2.1/com.google.protobuf/protobuf-java-util/3.10.0/a68c906db83e93babbb4024ce91e7441bb7598dd/protobuf-java-util-3.10.0.jar because:
[        ]   Build cache is disabled
[        ]   Caching not enabled.
[        ] Caching disabled for InstrumentationAnalysisTransform: /root/.gradle/caches/modules-2/files-2.1/io.grpc/grpc-protobuf/1.21.1/e2aa7a68b565e2180c934951cff7903d6d4fd3a0/grpc-protobuf-1.21.1.jar because:
[        ]   Build cache is disabled
[        ]   Caching not enabled.
[        ] Caching disabled for InstrumentationAnalysisTransform: /root/.gradle/caches/modules-2/files-2.1/com.android.tools.analytics-library/protos/30.1.1/a8eee5e72201792e52c53b1196dbdfecbc20dc7b/protos-30.1.1.jar because:
[        ]   Build cache is disabled
[        ]   Caching not enabled.
[        ] Caching disabled for InstrumentationAnalysisTransform: /root/.gradle/caches/modules-2/files-2.1/com.google.protobuf/protobuf-java/3.10.0/410b61dd0088aab4caa05739558d43df248958c9/protobuf-java-3.10.0.jar because:
[        ]   Build cache is disabled
[        ]   Caching not enabled.
[        ] Caching disabled for InstrumentationAnalysisTransform: /root/.gradle/caches/modules-2/files-2.1/io.grpc/grpc-core/1.21.1/ba6f9c6cc943e9f88e8716ede7ceaad3b8b14f8f/grpc-core-1.21.1.jar because:
[        ]   Build cache is disabled
[        ]   Caching not enabled.
[  +86 ms] Caching disabled for InstrumentationAnalysisTransform: /root/.gradle/caches/modules-2/files-2.1/io.grpc/grpc-netty/1.21.1/7d21fd499ac6856fec0754d6f3c1df03065e82e0/grpc-netty-1.21.1.jar because:
[        ]   Build cache is disabled
[        ]   Caching not enabled.
[        ] Caching disabled for InstrumentationAnalysisTransform: /root/.gradle/caches/modules-2/files-2.1/com.google.code.gson/gson/2.8.6/9180733b7df8542621dc12e21e87557e8c99b8cb/gson-2.8.6.jar because:
[        ]   Build cache is disabled
[        ]   Caching not enabled.
[        ] Caching disabled for InstrumentationAnalysisTransform: /root/.gradle/caches/modules-2/files-2.1/io.grpc/grpc-stub/1.21.1/a5646c3bfd04c9e40d6680cf474f8a64611cf3f6/grpc-stub-1.21.1.jar because:
[        ]   Build cache is disabled
[        ]   Caching not enabled.
[        ] Caching disabled for InstrumentationAnalysisTransform: /root/.gradle/caches/modules-2/files-2.1/org.jetbrains.kotlin/kotlin-gradle-plugin-model/1.8.10/22cff511171b6f721ba91e0a869c4a66108cf9dd/kotlin-gradle-plugin-model-1.8.10.jar because:
[        ]   Build cache is disabled
[        ]   Caching not enabled.
[        ] Caching disabled for InstrumentationAnalysisTransform: /root/.gradle/caches/modules-2/files-2.1/org.jetbrains.kotlin/kotlin-gradle-plugin-api/1.8.10/71bb7a6e45dfa34ee566f88280c2b1d0514cb473/kotlin-gradle-plugin-api-1.8.10-gradle76.jar because:
[        ]   Build cache is disabled
[        ]   Caching not enabled.
[        ] Caching disabled for InstrumentationAnalysisTransform: /root/.gradle/caches/modules-2/files-2.1/org.jetbrains.kotlin/kotlin-gradle-plugin-api/1.8.10/71bb7a6e45dfa34ee566f88280c2b1d0514cb473/kotlin-gradle-plugin-api-1.8.10.jar because:
[        ]   Build cache is disabled
[        ]   Caching not enabled.
[        ] Caching disabled for InstrumentationAnalysisTransform: /root/.gradle/caches/modules-2/files-2.1/org.jetbrains.kotlin/kotlin-gradle-plugin-idea-proto/1.8.10/e8e159ed51df71ce411e492cef6ed02548d7aae6/kotlin-gradle-plugin-idea-proto-1.8.10.jar because:
[        ]   Build cache is disabled
[        ]   Caching not enabled.
[        ] Caching disabled for InstrumentationAnalysisTransform: /root/.gradle/caches/modules-2/files-2.1/org.jetbrains.kotlin/kotlin-gradle-plugin-idea/1.8.10/6998138dffe44597dc30d038d26dbb1fabde2dd2/kotlin-gradle-plugin-idea-1.8.10.jar because:
[        ]   Build cache is disabled
[        ]   Caching not enabled.
[        ] Caching disabled for InstrumentationAnalysisTransform: /root/.gradle/caches/modules-2/files-2.1/org.jetbrains.kotlin/kotlin-project-model/1.8.10/b08f8eca6a556f00b9f2fbacc7aeafc6914b9f1d/kotlin-project-model-1.8.10.jar because:
[        ]   Build cache is disabled
[        ]   Caching not enabled.
[        ] Caching disabled for InstrumentationAnalysisTransform: /root/.gradle/caches/modules-2/files-2.1/org.jetbrains.kotlin/kotlin-util-klib/1.8.10/b0b80c15a34f518941f2d27e3a2311a0d87a43c5/kotlin-util-klib-1.8.10.jar because:
[        ]   Build cache is disabled
[        ]   Caching not enabled.
[        ] Caching disabled for InstrumentationAnalysisTransform: /root/.gradle/caches/modules-2/files-2.1/org.jetbrains.kotlin/kotlin-tooling-core/1.8.10/da3a4252e4b48833eb566227b2baecbaede8993/kotlin-tooling-core-1.8.10.jar because:
[        ]   Build cache is disabled
[        ]   Caching not enabled.
[        ] Caching disabled for InstrumentationAnalysisTransform: /root/.gradle/caches/modules-2/files-2.1/org.jetbrains.kotlin/kotlin-klib-commonizer-api/1.8.10/f9e8817583a6a8c0caadaf018eea55020fc0ddae/kotlin-klib-commonizer-api-1.8.10.jar because:
[        ]   Build cache is disabled
[        ]   Caching not enabled.
[        ] Caching disabled for InstrumentationAnalysisTransform: /root/.gradle/caches/modules-2/files-2.1/org.jetbrains.kotlin/kotlin-annotation-processing-gradle/1.8.10/ad05a4188f984f89630571206974f0cf52d7ab8f/kotlin-annotation-processing-gradle-1.8.10.jar because:
[        ]   Build cache is disabled
[        ]   Caching not enabled.
[        ] Caching disabled for InstrumentationAnalysisTransform: /root/.gradle/caches/modules-2/files-2.1/org.jetbrains.kotlin/kotlin-android-extensions/1.8.10/668153137124514e37448d30d21f3100a4b2f696/kotlin-android-extensions-1.8.10.jar because:
[        ]   Build cache is disabled
[        ]   Caching not enabled.
[ +103 ms] Caching disabled for InstrumentationAnalysisTransform: /root/.gradle/caches/modules-2/files-2.1/org.jetbrains.kotlin/kotlin-compiler-embeddable/1.8.10/b0757fd774344d54ce93f5ad6c30ba1c1731c8ff/kotlin-compiler-embeddable-1.8.10.jar because:
[        ]   Build cache is disabled
[        ]   Caching not enabled.
[        ] Caching disabled for InstrumentationAnalysisTransform: /root/.gradle/caches/modules-2/files-2.1/org.jetbrains.kotlin/kotlin-scripting-compiler-embeddable/1.8.10/1ddee9c78348b258aa716c171122be05fad17e52/kotlin-scripting-compiler-embeddable-1.8.10.jar because:
[        ]   Build cache is disabled
[        ]   Caching not enabled.
[        ] Caching disabled for InstrumentationAnalysisTransform: /root/.gradle/caches/modules-2/files-2.1/org.jetbrains.kotlin/kotlin-scripting-compiler-impl-embeddable/1.8.10/22495670dfc473c13022481fc6097d07e8507cdf/kotlin-scripting-compiler-impl-embeddable-1.8.10.jar because:
[        ]   Build cache is disabled
[        ]   Caching not enabled.
[        ] Caching disabled for InstrumentationAnalysisTransform: /root/.gradle/caches/modules-2/files-2.1/org.bouncycastle/bcprov-jdk15on/1.56/a153c6f9744a3e9dd6feab5e210e1c9861362ec7/bcprov-jdk15on-1.56.jar because:
[        ]   Build cache is disabled
[        ]   Caching not enabled.
[        ] Caching disabled for InstrumentationAnalysisTransform: /root/.gradle/caches/modules-2/files-2.1/io.grpc/grpc-protobuf-lite/1.21.1/fc62b16f89160ec81cfe0b4882bfd17a88148bde/grpc-protobuf-lite-1.21.1.jar because:
[        ]   Build cache is disabled
[        ]   Caching not enabled.
[        ] Caching disabled for InstrumentationAnalysisTransform: /root/.gradle/caches/modules-2/files-2.1/io.grpc/grpc-api/1.21.1/5b4ffc280fc4dd7b4ee2357a901b1a9f15404200/grpc-api-1.21.1.jar because:
[        ]   Build cache is disabled
[        ]   Caching not enabled.
[        ] Caching disabled for InstrumentationAnalysisTransform: /root/.gradle/caches/modules-2/files-2.1/com.fasterxml.jackson.module/jackson-module-kotlin/2.11.1/3e427205246f26dac2d2f2c9ba763cbeb7b919b3/jackson-module-kotlin-2.11.1.jar because:
[        ]   Build cache is disabled
[        ]   Caching not enabled.
[        ] Caching disabled for InstrumentationAnalysisTransform: /root/.gradle/caches/modules-2/files-2.1/org.jetbrains.kotlin/kotlin-reflect/1.4.32/ce852b166d97f0f1991b5130c2bb02e2ef6c554e/kotlin-reflect-1.4.32.jar because:
[        ]   Build cache is disabled
[        ]   Caching not enabled.
[        ] Caching disabled for InstrumentationAnalysisTransform: /root/.gradle/caches/modules-2/files-2.1/org.apache.httpcomponents/httpclient/4.5.6/1afe5621985efe90a92d0fbc9be86271efbe796f/httpclient-4.5.6.jar because:
[        ]   Build cache is disabled
[        ]   Caching not enabled.
[        ] Caching disabled for InstrumentationAnalysisTransform: /root/.gradle/caches/modules-2/files-2.1/org.apache.httpcomponents/httpcore/4.4.10/acc54d9b28bdffe4bbde89ed2e4a1e86b5285e2b/httpcore-4.4.10.jar because:
[        ]   Build cache is disabled
[        ]   Caching not enabled.
[        ] Caching disabled for InstrumentationAnalysisTransform: /root/.gradle/caches/modules-2/files-2.1/com.android/signflinger/7.1.1/978dab1a4a160798a2f63518136485ac5a82b69b/signflinger-7.1.1.jar because:
[        ]   Build cache is disabled
[        ]   Caching not enabled.
[        ] Caching disabled for InstrumentationAnalysisTransform: /root/.gradle/caches/modules-2/files-2.1/com.android/zipflinger/7.1.1/2cda77abf1e039d08c2e152666b6709f150bb97f/zipflinger-7.1.1.jar because:
[        ]   Build cache is disabled
[        ]   Caching not enabled.
[        ] Caching disabled for InstrumentationAnalysisTransform: /root/.gradle/caches/modules-2/files-2.1/com.android.tools/annotations/30.1.1/e0254d7202df74359763abadb4cb48e2ad0365e6/annotations-30.1.1.jar because:
[        ]   Build cache is disabled
[        ]   Caching not enabled.
[        ] Caching disabled for InstrumentationAnalysisTransform: /root/.gradle/caches/modules-2/files-2.1/org.antlr/antlr4/4.5.3/f35db7e4b2446e4174ba6a73db7bd6b3e6bb5da1/antlr4-4.5.3.jar because:
[        ]   Build cache is disabled
[        ]   Caching not enabled.
[        ] Caching disabled for InstrumentationAnalysisTransform: /root/.gradle/caches/modules-2/files-2.1/org.jetbrains/markdown-jvm/0.2.1/7e8952fa13f7a45739c9a5f576609a87bdcac588/markdown-jvm-0.2.1.jar because:
[        ]   Build cache is disabled
[        ]   Caching not enabled.
[        ] Caching disabled for InstrumentationAnalysisTransform: /root/.gradle/caches/modules-2/files-2.1/org.jetbrains.kotlin/kotlin-stdlib-jdk7/1.5.0/f61904618ea7be07a66e0545ffe8dc2c70a19b77/kotlin-stdlib-jdk7-1.5.0.jar because:
[        ]   Build cache is disabled
[        ]   Caching not enabled.
[        ] Caching disabled for InstrumentationAnalysisTransform: /root/.gradle/caches/modules-2/files-2.1/org.jetbrains.kotlin/kotlin-stdlib/1.5.0/29dae2501ca094416d15af0e21470cb634780444/kotlin-stdlib-1.5.0.jar because:
[        ]   Build cache is disabled
[        ]   Caching not enabled.
[        ] Caching disabled for InstrumentationAnalysisTransform: /root/.gradle/caches/modules-2/files-2.1/com.fasterxml.jackson.dataformat/jackson-dataformat-xml/2.11.1/656cda13be9698863e77064d33689cfc6a71b380/jackson-dataformat-xml-2.11.1.jar because:
[   +6 ms]   Build cache is disabled
[        ]   Caching not enabled.
[        ] Caching disabled for InstrumentationAnalysisTransform: /root/.gradle/caches/modules-2/files-2.1/com.fasterxml.jackson.module/jackson-module-jaxb-annotations/2.11.1/bdc322415a167c6b90f77fef535f24a61abefb67/jackson-module-jaxb-annotations-2.11.1.jar because:
[        ]   Build cache is disabled
[        ]   Caching not enabled.
[        ] Caching disabled for InstrumentationAnalysisTransform: /root/.gradle/caches/modules-2/files-2.1/com.google.errorprone/error_prone_annotations/2.3.4/dac170e4594de319655ffb62f41cbd6dbb5e601e/error_prone_annotations-2.3.4.jar because:
[        ]   Build cache is disabled
[        ]   Caching not enabled.
[        ] Caching disabled for InstrumentationAnalysisTransform: /root/.gradle/caches/modules-2/files-2.1/io.opencensus/opencensus-contrib-grpc-metrics/0.21.0/f07d3a325f1fe69ee40d6b409086964edfef4e69/opencensus-contrib-grpc-metrics-0.21.0.jar because:
[        ]   Build cache is disabled
[        ]   Caching not enabled.
[        ] Caching disabled for InstrumentationAnalysisTransform: /root/.gradle/caches/modules-2/files-2.1/io.opencensus/opencensus-api/0.21.0/73c07fe6458840443f670b21c7bf57657093b4e1/opencensus-api-0.21.0.jar because:
[        ]   Build cache is disabled
[        ]   Caching not enabled.
[        ] Caching disabled for InstrumentationAnalysisTransform: /root/.gradle/caches/modules-2/files-2.1/io.netty/netty-codec-http2/4.1.34.Final/66268942ed80beadaf6802e2fcf8983eef4fb7ec/netty-codec-http2-4.1.34.Final.jar because:
[        ]   Build cache is disabled
[        ]   Caching not enabled.
[  +86 ms] Caching disabled for InstrumentationAnalysisTransform: /root/.gradle/caches/modules-2/files-2.1/io.netty/netty-handler-proxy/4.1.34.Final/42b5a57a4bb895f4489a724cdc9e454bc5afe108/netty-handler-proxy-4.1.34.Final.jar because:
[        ]   Build cache is disabled
[        ]   Caching not enabled.
[        ] Caching disabled for InstrumentationAnalysisTransform: /root/.gradle/caches/modules-2/files-2.1/org.jsoup/jsoup/1.13.1/f9577f3732bb7caa4fee8aba5053158f4010c118/jsoup-1.13.1.jar because:
[        ]   Build cache is disabled
[        ]   Caching not enabled.
[        ] Caching disabled for InstrumentationAnalysisTransform: /root/.gradle/caches/modules-2/files-2.1/com.google.api.grpc/proto-google-common-protos/1.12.0/1140cc74df039deb044ed0e320035e674dc13062/proto-google-common-protos-1.12.0.jar because:
[        ]   Build cache is disabled
[        ]   Caching not enabled.
[        ] Caching disabled for InstrumentationAnalysisTransform: /root/.gradle/caches/modules-2/files-2.1/commons-codec/commons-codec/1.10/4b95f4897fa13f2cd904aee711aeafc0c5295cd8/commons-codec-1.10.jar because:
[        ]   Build cache is disabled
[        ]   Caching not enabled.
[        ] Caching disabled for InstrumentationAnalysisTransform: /root/.gradle/caches/modules-2/files-2.1/org.jetbrains.kotlin/kotlin-native-utils/1.8.10/e1de66d607c11818ccc6bddf36b1eb5f903327e8/kotlin-native-utils-1.8.10.jar because:
[        ]   Build cache is disabled
[        ]   Caching not enabled.
[        ] Caching disabled for InstrumentationAnalysisTransform: /root/.gradle/caches/modules-2/files-2.1/org.jetbrains.kotlin/kotlin-util-io/1.8.10/aa7685d78461d1098087d8816075d5ae27ac413b/kotlin-util-io-1.8.10.jar because:
[        ]   Build cache is disabled
[        ]   Caching not enabled.
[        ] Caching disabled for InstrumentationAnalysisTransform: /root/.gradle/caches/modules-2/files-2.1/com.android.tools.build/apksig/7.1.1/126465b2a1299b702d5c582904f4870655fd396e/apksig-7.1.1.jar because:
[        ]   Build cache is disabled
[        ]   Caching not enabled.
[        ] Caching disabled for InstrumentationAnalysisTransform: /root/.gradle/caches/modules-2/files-2.1/org.jetbrains.kotlin/kotlin-build-common/1.8.10/d720aa8f7fc4f63c97ce457099e9583baf2d1a27/kotlin-build-common-1.8.10.jar because:
[        ]   Build cache is disabled
[        ]   Caching not enabled.
[        ] Caching disabled for InstrumentationAnalysisTransform: /root/.gradle/caches/modules-2/files-2.1/org.jetbrains.kotlin/kotlin-daemon-embeddable/1.8.10/ad8541d9bc1cf9e52c3204161247910c2cf601d4/kotlin-daemon-embeddable-1.8.10.jar because:
[        ]   Build cache is disabled
[        ]   Caching not enabled.
[        ] Caching disabled for InstrumentationAnalysisTransform: /root/.gradle/caches/modules-2/files-2.1/org.jetbrains.kotlin/kotlin-scripting-jvm/1.8.10/85d7bed036617120f09209e52f38cae13809176f/kotlin-scripting-jvm-1.8.10.jar because:
[        ]   Build cache is disabled
[        ]   Caching not enabled.
[        ] Caching disabled for InstrumentationAnalysisTransform: /root/.gradle/caches/modules-2/files-2.1/org.jetbrains.kotlin/kotlin-scripting-common/1.8.10/605352a419127937229ab574b50146a4bb4122fa/kotlin-scripting-common-1.8.10.jar because:
[        ]   Build cache is disabled
[        ]   Caching not enabled.
[        ] Caching disabled for InstrumentationAnalysisTransform: /root/.gradle/caches/modules-2/files-2.1/org.jetbrains.kotlin/kotlin-stdlib-common/1.5.0/4080d69efca5e39e9b4972f125e40f1607bd6460/kotlin-stdlib-common-1.5.0.jar because:
[        ]   Build cache is disabled
[        ]   Caching not enabled.
[        ] Caching disabled for InstrumentationAnalysisTransform: /root/.gradle/caches/modules-2/files-2.1/io.grpc/grpc-context/1.21.1/aef9db74ded2d9ab229f9e184e35bebf6ac6fbdf/grpc-context-1.21.1.jar because:
[        ]   Build cache is disabled
[        ]   Caching not enabled.
[        ] Caching disabled for InstrumentationAnalysisTransform: /root/.gradle/caches/modules-2/files-2.1/org.codehaus.mojo/animal-sniffer-annotations/1.17/f97ce6decaea32b36101e37979f8b647f00681fb/animal-sniffer-annotations-1.17.jar because:
[        ]   Build cache is disabled
[        ]   Caching not enabled.
[        ] Caching disabled for InstrumentationAnalysisTransform: /root/.gradle/caches/modules-2/files-2.1/io.netty/netty-codec-http/4.1.34.Final/2887d87fbc1b057657348f61dc538f7296daf79/netty-codec-http-4.1.34.Final.jar because:
[        ]   Build cache is disabled
[        ]   Caching not enabled.
[        ] Caching disabled for InstrumentationAnalysisTransform: /root/.gradle/caches/modules-2/files-2.1/io.netty/netty-codec-socks/4.1.34.Final/345a10b91e4876cb6ec642a3c010ca187f361fa0/netty-codec-socks-4.1.34.Final.jar because:
[        ]   Build cache is disabled
[        ]   Caching not enabled.
[        ] Caching disabled for InstrumentationAnalysisTransform: /root/.gradle/caches/modules-2/files-2.1/io.netty/netty-handler/4.1.34.Final/96169098bebda3d1432f5421c338958063b3da52/netty-handler-4.1.34.Final.jar because:
[        ]   Build cache is disabled
[        ]   Caching not enabled.
[        ] Caching disabled for InstrumentationAnalysisTransform: /root/.gradle/caches/modules-2/files-2.1/io.netty/netty-codec/4.1.34.Final/cb53baf46cc55768f2e28d15cde399063555ea8/netty-codec-4.1.34.Final.jar because:
[        ]   Build cache is disabled
[        ]   Caching not enabled.
[        ] Caching disabled for InstrumentationAnalysisTransform: /root/.gradle/caches/modules-2/files-2.1/io.netty/netty-transport/4.1.34.Final/f57be6509efa6766d90e537a775930101f26b35c/netty-transport-4.1.34.Final.jar because:
[        ]   Build cache is disabled
[        ]   Caching not enabled.
[        ] Caching disabled for InstrumentationAnalysisTransform: /root/.gradle/caches/modules-2/files-2.1/io.netty/netty-buffer/4.1.34.Final/8afc2027eadc7848127553ebb490ea0e2b199d4e/netty-buffer-4.1.34.Final.jar because:
[        ]   Build cache is disabled
[        ]   Caching not enabled.
[        ] Caching disabled for InstrumentationAnalysisTransform: /root/.gradle/caches/modules-2/files-2.1/io.netty/netty-resolver/4.1.34.Final/528789e98eef519960a56e44569ecb2260782fd7/netty-resolver-4.1.34.Final.jar because:
[        ]   Build cache is disabled
[        ]   Caching not enabled.
[        ] Caching disabled for InstrumentationAnalysisTransform: /root/.gradle/caches/modules-2/files-2.1/io.netty/netty-common/4.1.34.Final/2dffa21967d36cae446b6905bd5fb39750fcba43/netty-common-4.1.34.Final.jar because:
[        ]   Build cache is disabled
[        ]   Caching not enabled.
[        ] Caching disabled for InstrumentationAnalysisTransform: /root/.gradle/caches/modules-2/files-2.1/com.fasterxml.jackson.core/jackson-annotations/2.11.1/f083c4ac0fb8b3c6b8d5b62cd54122228ef62cee/jackson-annotations-2.11.1.jar because:
[        ]   Build cache is disabled
[        ]   Caching not enabled.
[        ] Caching disabled for InstrumentationAnalysisTransform: /root/.gradle/caches/modules-2/files-2.1/com.fasterxml.jackson.core/jackson-databind/2.11.1/f5d24a1dcf46000316d40c8c61196c48dd5677c5/jackson-databind-2.11.1.jar because:
[        ]   Build cache is disabled
[        ]   Caching not enabled.
[        ] Caching disabled for InstrumentationAnalysisTransform: /root/.gradle/caches/modules-2/files-2.1/com.fasterxml.woodstox/woodstox-core/6.2.1/1600925b1ec7c7a3403c8f068ad62feead13132f/woodstox-core-6.2.1.jar because:
[        ]   Build cache is disabled
[        ]   Caching not enabled.
[        ] Caching disabled for InstrumentationAnalysisTransform: /root/.gradle/caches/modules-2/files-2.1/com.fasterxml.jackson.core/jackson-core/2.11.1/8b02908d53183fdf9758e7e20f2fdee87613a962/jackson-core-2.11.1.jar because:
[        ]   Build cache is disabled
[        ]   Caching not enabled.
[        ] Caching disabled for InstrumentationAnalysisTransform: /root/.gradle/caches/modules-2/files-2.1/org.codehaus.woodstox/stax2-api/4.2.1/a3f7325c52240418c2ba257b103c3c550e140c83/stax2-api-4.2.1.jar because:
[        ]   Build cache is disabled
[        ]   Caching not enabled.
[ +796 ms] Caching disabled for MergeInstrumentationAnalysisTransform: /root/.gradle/caches/8.14/transforms/17e14328bf09a3746fa1e1e0ce8bf381/transformed/.gradle-instrumented-classpath.marker because:
[        ]   Build cache is disabled
[        ]   Caching not enabled.
[        ] Caching disabled for MergeInstrumentationAnalysisTransform: /root/.gradle/caches/8.14/transforms/18fd44536f2197447316e4b01fc36b90/transformed/analysis/instrumentation-hierarchy.bin because:
[        ]   Build cache is disabled
[        ]   Caching not enabled.
[        ] Caching disabled for MergeInstrumentationAnalysisTransform: /root/.gradle/caches/8.14/transforms/17e14328bf09a3746fa1e1e0ce8bf381/transformed/analysis/instrumentation-hierarchy.bin because:
[        ]   Build cache is disabled
[        ]   Caching not enabled.
[        ] Caching disabled for MergeInstrumentationAnalysisTransform: /root/.gradle/caches/8.14/transforms/b962da984707634893a3b1328b5e4b6d/transformed/analysis/instrumentation-hierarchy.bin because:
[        ]   Build cache is disabled
[        ]   Caching not enabled.
[        ] Caching disabled for MergeInstrumentationAnalysisTransform: /root/.gradle/caches/8.14/transforms/8fef7623a07f1b00118d1d66e1d9c21d/transformed/analysis/instrumentation-hierarchy.bin because:
[        ]   Build cache is disabled
[        ]   Caching not enabled.
[        ] Caching disabled for MergeInstrumentationAnalysisTransform: /root/.gradle/caches/8.14/transforms/5bad13760cd60b5f8152add671e47ae8/transformed/analysis/instrumentation-hierarchy.bin because:
[        ]   Build cache is disabled
[        ]   Caching not enabled.
[        ] Caching disabled for MergeInstrumentationAnalysisTransform: /root/.gradle/caches/8.14/transforms/1fc730fc4a563ab5f2585783f41f1622/transformed/analysis/instrumentation-hierarchy.bin because:
[        ]   Build cache is disabled
[        ]   Caching not enabled.
[        ] Caching disabled for MergeInstrumentationAnalysisTransform: /root/.gradle/caches/8.14/transforms/261e695435eec4b0c36bc90bbbbc3f14/transformed/analysis/instrumentation-hierarchy.bin because:
[        ]   Build cache is disabled
[        ]   Caching not enabled.
[        ] Caching disabled for MergeInstrumentationAnalysisTransform: /root/.gradle/caches/8.14/transforms/a3f03b38e67f8df268c15f972b7c48dd/transformed/analysis/instrumentation-hierarchy.bin because:
[        ]   Build cache is disabled
[        ]   Caching not enabled.
[        ] Caching disabled for MergeInstrumentationAnalysisTransform: /root/.gradle/caches/8.14/transforms/53b2ff8a813ba8755211c7b980167083/transformed/analysis/instrumentation-hierarchy.bin because:
[        ]   Build cache is disabled
[        ]   Caching not enabled.
[        ] Caching disabled for MergeInstrumentationAnalysisTransform: /root/.gradle/caches/8.14/transforms/31f2412d7c2d1fd92be035fa1c14ce9c/transformed/analysis/instrumentation-hierarchy.bin because:
[        ]   Build cache is disabled
[        ]   Caching not enabled.
[        ] Caching disabled for MergeInstrumentationAnalysisTransform: /root/.gradle/caches/8.14/transforms/4537c93d58acef8627770e201be90cd6/transformed/analysis/instrumentation-hierarchy.bin because:
[        ]   Build cache is disabled
[        ]   Caching not enabled.
[        ] Caching disabled for MergeInstrumentationAnalysisTransform: /root/.gradle/caches/8.14/transforms/c6b1f0026c66741f860998a7db8a8334/transformed/analysis/instrumentation-hierarchy.bin because:
[        ]   Build cache is disabled
[        ]   Caching not enabled.
[        ] Caching disabled for MergeInstrumentationAnalysisTransform: /root/.gradle/caches/8.14/transforms/17e14328bf09a3746fa1e1e0ce8bf381/transformed/analysis/instrumentation-dependencies.bin because:
[        ]   Build cache is disabled
[        ]   Caching not enabled.
[        ] Caching disabled for MergeInstrumentationAnalysisTransform: /root/.gradle/caches/8.14/transforms/261e695435eec4b0c36bc90bbbbc3f14/transformed/analysis/instrumentation-dependencies.bin because:
[        ]   Build cache is disabled
[        ]   Caching not enabled.
[        ] Caching disabled for MergeInstrumentationAnalysisTransform: /root/.gradle/caches/8.14/transforms/18fd44536f2197447316e4b01fc36b90/transformed/analysis/instrumentation-dependencies.bin because:
[        ]   Build cache is disabled
[        ]   Caching not enabled.
[        ] Caching disabled for MergeInstrumentationAnalysisTransform: /root/.gradle/caches/8.14/transforms/1fc730fc4a563ab5f2585783f41f1622/transformed/analysis/instrumentation-dependencies.bin because:
[        ]   Build cache is disabled
[        ]   Caching not enabled.
[        ] Caching disabled for MergeInstrumentationAnalysisTransform: /root/.gradle/caches/8.14/transforms/b962da984707634893a3b1328b5e4b6d/transformed/analysis/instrumentation-dependencies.bin because:
[        ]   Build cache is disabled
[        ]   Caching not enabled.
[        ] Caching disabled for MergeInstrumentationAnalysisTransform: /root/.gradle/caches/8.14/transforms/5bad13760cd60b5f8152add671e47ae8/transformed/analysis/instrumentation-dependencies.bin because:
[        ]   Build cache is disabled
[        ]   Caching not enabled.
[        ] Caching disabled for MergeInstrumentationAnalysisTransform: /root/.gradle/caches/8.14/transforms/53b2ff8a813ba8755211c7b980167083/transformed/analysis/instrumentation-dependencies.bin because:
[        ]   Build cache is disabled
[        ]   Caching not enabled.
[        ] Caching disabled for MergeInstrumentationAnalysisTransform: /root/.gradle/caches/8.14/transforms/a3f03b38e67f8df268c15f972b7c48dd/transformed/analysis/instrumentation-dependencies.bin because:
[        ]   Build cache is disabled
[        ]   Caching not enabled.
[        ] Caching disabled for MergeInstrumentationAnalysisTransform: /root/.gradle/caches/8.14/transforms/4537c93d58acef8627770e201be90cd6/transformed/analysis/instrumentation-dependencies.bin because:
[        ]   Build cache is disabled
[        ]   Caching not enabled.
[        ] Caching disabled for MergeInstrumentationAnalysisTransform: /root/.gradle/caches/8.14/transforms/c6b1f0026c66741f860998a7db8a8334/transformed/analysis/instrumentation-dependencies.bin because:
[        ]   Build cache is disabled
[        ]   Caching not enabled.
[        ] Caching disabled for MergeInstrumentationAnalysisTransform: /root/.gradle/caches/8.14/transforms/31f2412d7c2d1fd92be035fa1c14ce9c/transformed/analysis/instrumentation-dependencies.bin because:
[        ]   Build cache is disabled
[        ]   Caching not enabled.
[        ] Caching disabled for MergeInstrumentationAnalysisTransform: /root/.gradle/caches/8.14/transforms/8fef7623a07f1b00118d1d66e1d9c21d/transformed/analysis/instrumentation-dependencies.bin because:
[        ]   Build cache is disabled
[        ]   Caching not enabled.
[  +98 ms] Caching disabled for MergeInstrumentationAnalysisTransform: /root/.gradle/caches/modules-2/files-2.1/com.android.tools.build/gradle-api/7.1.1/a3cf4e4fa7e9be3752bb88aeb5e93dc0612a4d81/gradle-api-7.1.1.jar because:
[        ]   Build cache is disabled
[        ]   Caching not enabled.
[        ] Caching disabled for MergeInstrumentationAnalysisTransform: /root/.gradle/caches/modules-2/files-2.1/com.android.tools.lint/lint-model/30.1.1/3cd8a1a00d80a4c4ff72a403502ffdd0456733e6/lint-model-30.1.1.jar because:
[        ]   Build cache is disabled
[        ]   Caching not enabled.
[        ] Caching disabled for MergeInstrumentationAnalysisTransform: /root/.gradle/caches/modules-2/files-2.1/com.android.tools.build/builder-test-api/7.1.1/a8b2d43b0003230a058309f8fb8ddafc152815f2/builder-test-api-7.1.1.jar because:
[        ]   Build cache is disabled
[        ]   Caching not enabled.
[        ] Caching disabled for MergeInstrumentationAnalysisTransform: /root/.gradle/caches/modules-2/files-2.1/com.android.tools.build/aaptcompiler/7.1.1/e7c8611333bbcf874d18b07126c73456cf566f56/aaptcompiler-7.1.1.jar because:
[        ]   Build cache is disabled
[        ]   Caching not enabled.
[        ] Caching disabled for MergeInstrumentationAnalysisTransform: /root/.gradle/caches/modules-2/files-2.1/com.android.tools.build/manifest-merger/30.1.1/3f5aeb40322dc9908c41d7aabdcb24d7895be552/manifest-merger-30.1.1.jar because:
[        ]   Build cache is disabled
[        ]   Caching not enabled.
[        ] Caching disabled for MergeInstrumentationAnalysisTransform: /root/.gradle/caches/modules-2/files-2.1/com.android.tools.ddms/ddmlib/30.1.1/9089fc46b26d1fef2ea115f454039ecdac400a32/ddmlib-30.1.1.jar because:
[        ]   Build cache is disabled
[        ]   Caching not enabled.
[        ] Caching disabled for ExternalDependencyInstrumentingArtifactTransform: /root/.gradle/caches/8.14/transforms/ecc8b5e29bae96a54091b532b75a61c8/transformed/merge/instrumentation-dependencies.bin because:
[        ]   Build cache is disabled
[        ]   Caching not enabled.
[        ] Caching disabled for MergeInstrumentationAnalysisTransform: /root/.gradle/caches/modules-2/files-2.1/com.android.tools/repository/30.1.1/e7e4a2ee570f715502ae5f77a1b5f9d5331f8902/repository-30.1.1.jar because:
[        ]   Build cache is disabled
[        ]   Caching not enabled.
[        ] Caching disabled for MergeInstrumentationAnalysisTransform: /root/.gradle/caches/modules-2/files-2.1/com.android.tools/sdk-common/30.1.1/469ad2de6d8386710dac7d0e5e0b106a52f19565/sdk-common-30.1.1.jar because:
[        ]   Build cache is disabled
[        ]   Caching not enabled.
[        ] Caching disabled for MergeInstrumentationAnalysisTransform: /root/.gradle/caches/modules-2/files-2.1/com.android.tools/sdklib/30.1.1/8784a5ca3529dfee4ec0e26ed76847c8797c061f/sdklib-30.1.1.jar because:
[        ]   Build cache is disabled
[        ]   Caching not enabled.
[        ] Caching disabled for ExternalDependencyInstrumentingArtifactTransform: /root/.gradle/caches/8.14/transforms/8e7e80fd2190066e3d761e8b3cda5906/transformed/merge/instrumentation-dependencies.bin because:
[        ]   Build cache is disabled
[        ]   Caching not enabled.
[        ] Caching disabled for ExternalDependencyInstrumentingArtifactTransform: /root/.gradle/caches/8.14/transforms/89912b9d7866c4c8f45939f9ae3b1f4e/transformed/merge/instrumentation-dependencies.bin because:
[        ]   Build cache is disabled
[        ]   Caching not enabled.
[        ] Caching disabled for ExternalDependencyInstrumentingArtifactTransform: /root/.gradle/caches/8.14/transforms/b3ad5ff4055a2ff513e95dfd2860216d/transformed/merge/instrumentation-dependencies.bin because:
[        ]   Build cache is disabled
[        ]   Caching not enabled.
[        ] Caching disabled for ExternalDependencyInstrumentingArtifactTransform: /root/.gradle/caches/8.14/transforms/0fd49102a9d10b00555a07e7512b9f6d/transformed/merge/instrumentation-dependencies.bin because:
[        ]   Build cache is disabled
[        ]   Caching not enabled.
[        ] Caching disabled for ExternalDependencyInstrumentingArtifactTransform: /root/.gradle/caches/8.14/transforms/db6d4b17d7d32cd2ee2b7ceb89d6960e/transformed/merge/instrumentation-dependencies.bin because:
[        ]   Build cache is disabled
[        ]   Caching not enabled.
[        ] Caching disabled for ExternalDependencyInstrumentingArtifactTransform: /root/.gradle/caches/8.14/transforms/3737f042f58c17bc90d0ecd85964cee2/transformed/merge/instrumentation-dependencies.bin because:
[        ]   Build cache is disabled
[        ]   Caching not enabled.
[        ] Caching disabled for ExternalDependencyInstrumentingArtifactTransform: /root/.gradle/caches/8.14/transforms/8eab905066d31a6da0ea3b7e7791f246/transformed/merge/instrumentation-dependencies.bin because:
[        ]   Build cache is disabled
[        ]   Caching not enabled.
[        ] Caching disabled for ExternalDependencyInstrumentingArtifactTransform: /root/.gradle/caches/8.14/transforms/5df4ee6597f91158028063755871cc4e/transformed/merge/instrumentation-dependencies.bin because:
[        ]   Build cache is disabled
[        ]   Caching not enabled.
[        ] Caching disabled for ExternalDependencyInstrumentingArtifactTransform: /root/.gradle/caches/modules-2/files-2.1/com.android.tools.build/builder-test-api/7.1.1/a8b2d43b0003230a058309f8fb8ddafc152815f2/builder-test-api-7.1.1.jar because:
[        ]   Build cache is disabled
[        ]   Caching not enabled.
[        ] Caching disabled for MergeInstrumentationAnalysisTransform: /root/.gradle/caches/8.14/transforms/fa78df8c285cb8e2a25a732c923354f6/transformed/analysis/instrumentation-hierarchy.bin because:
[        ]   Build cache is disabled
[        ]   Caching not enabled.
[        ] Caching disabled for MergeInstrumentationAnalysisTransform: /root/.gradle/caches/8.14/transforms/fa78df8c285cb8e2a25a732c923354f6/transformed/analysis/instrumentation-dependencies.bin because:
[        ]   Build cache is disabled
[        ]   Caching not enabled.
[ +100 ms] Caching disabled for ExternalDependencyInstrumentingArtifactTransform: /root/.gradle/caches/modules-2/files-2.1/com.android.tools.lint/lint-model/30.1.1/3cd8a1a00d80a4c4ff72a403502ffdd0456733e6/lint-model-30.1.1.jar because:
[        ]   Build cache is disabled
[        ]   Caching not enabled.
[        ] Caching disabled for ExternalDependencyInstrumentingArtifactTransform: /root/.gradle/caches/modules-2/files-2.1/com.android.tools.build/gradle-api/7.1.1/a3cf4e4fa7e9be3752bb88aeb5e93dc0612a4d81/gradle-api-7.1.1.jar because:
[        ]   Build cache is disabled
[        ]   Caching not enabled.
[        ] Caching disabled for MergeInstrumentationAnalysisTransform: /root/.gradle/caches/modules-2/files-2.1/com.android.tools.build/builder/7.1.1/12bf7a4cd32c4cd3fdc96ed8308e0cbfbe605e2/builder-7.1.1.jar because:
[        ]   Build cache is disabled
[        ]   Caching not enabled.
[        ] Caching disabled for ExternalDependencyInstrumentingArtifactTransform: /root/.gradle/caches/modules-2/files-2.1/com.android.tools/repository/30.1.1/e7e4a2ee570f715502ae5f77a1b5f9d5331f8902/repository-30.1.1.jar because:
[        ]   Build cache is disabled
[        ]   Caching not enabled.
[        ] Caching disabled for MergeInstrumentationAnalysisTransform: /root/.gradle/caches/8.14/transforms/dbcb77080119acf327e56a76d77f016a/transformed/analysis/instrumentation-hierarchy.bin because:
[        ]   Build cache is disabled
[        ]   Caching not enabled.
[        ] Caching disabled for MergeInstrumentationAnalysisTransform: /root/.gradle/caches/8.14/transforms/aab18db2901bb5f46fb4261ab13f4213/transformed/analysis/instrumentation-hierarchy.bin because:
[        ]   Build cache is disabled
[        ]   Caching not enabled.
[        ] Caching disabled for MergeInstrumentationAnalysisTransform: /root/.gradle/caches/8.14/transforms/9cbb3ee72e7275ed01aee00b4102dab8/transformed/analysis/instrumentation-hierarchy.bin because:
[        ]   Build cache is disabled
[        ]   Caching not enabled.
[        ] Caching disabled for ExternalDependencyInstrumentingArtifactTransform: /root/.gradle/caches/8.14/transforms/7f0999aafb06ce635a181dfae23b069c/transformed/merge/instrumentation-dependencies.bin because:
[        ]   Build cache is disabled
[        ]   Caching not enabled.
[        ] Caching disabled for MergeInstrumentationAnalysisTransform: /root/.gradle/caches/8.14/transforms/dbcb77080119acf327e56a76d77f016a/transformed/analysis/instrumentation-dependencies.bin because:
[        ]   Build cache is disabled
[        ]   Caching not enabled.
[        ] Caching disabled for ExternalDependencyInstrumentingArtifactTransform: /root/.gradle/caches/modules-2/files-2.1/com.android.tools.build/manifest-merger/30.1.1/3f5aeb40322dc9908c41d7aabdcb24d7895be552/manifest-merger-30.1.1.jar because:
[        ]   Build cache is disabled
[        ]   Caching not enabled.
[        ] Caching disabled for MergeInstrumentationAnalysisTransform: /root/.gradle/caches/8.14/transforms/aab18db2901bb5f46fb4261ab13f4213/transformed/analysis/instrumentation-dependencies.bin because:
[        ]   Build cache is disabled
[        ]   Caching not enabled.
[        ] Caching disabled for MergeInstrumentationAnalysisTransform: /root/.gradle/caches/8.14/transforms/9cbb3ee72e7275ed01aee00b4102dab8/transformed/analysis/instrumentation-dependencies.bin because:
[        ]   Build cache is disabled
[        ]   Caching not enabled.
[        ] Caching disabled for MergeInstrumentationAnalysisTransform: /root/.gradle/caches/8.14/transforms/39010670112ec4bb60bf47f95c18a891/transformed/analysis/instrumentation-hierarchy.bin because:
[        ]   Build cache is disabled
[        ]   Caching not enabled.
[        ] Caching disabled for MergeInstrumentationAnalysisTransform: /root/.gradle/caches/modules-2/files-2.1/com.android.tools.analytics-library/crash/30.1.1/da3d4c98e21e699c93a1d8a8f814c5debd57ac5/crash-30.1.1.jar because:
[        ]   Build cache is disabled
[        ]   Caching not enabled.
[        ] Caching disabled for MergeInstrumentationAnalysisTransform: /root/.gradle/caches/modules-2/files-2.1/com.android.tools.build/aapt2-proto/7.1.1-7984345/4a11f7e73338183615aed9e6ee8af6a3c022f193/aapt2-proto-7.1.1-7984345.jar because:
[        ]   Build cache is disabled
[        ]   Caching not enabled.
[        ] Caching disabled for MergeInstrumentationAnalysisTransform: /root/.gradle/caches/modules-2/files-2.1/com.android.tools.analytics-library/tracker/30.1.1/40523b372b2efdb6371ad8f084fe54b6d5abfc32/tracker-30.1.1.jar because:
[        ]   Build cache is disabled
[        ]   Caching not enabled.
[        ] Caching disabled for ExternalDependencyInstrumentingArtifactTransform: /root/.gradle/caches/8.14/transforms/2e1732592167c07fa99e4c918eb6480d/transformed/merge/instrumentation-dependencies.bin because:
[        ]   Build cache is disabled
[        ]   Caching not enabled.
[        ] Caching disabled for MergeInstrumentationAnalysisTransform: /root/.gradle/caches/modules-2/files-2.1/com.android.tools.build/gradle/7.1.1/1eef71913725e5af39b15681cc294ce61c4ff599/gradle-7.1.1.jar because:
[        ]   Build cache is disabled
[        ]   Caching not enabled.
[        ] Caching disabled for ExternalDependencyInstrumentingArtifactTransform: /root/.gradle/caches/8.14/transforms/e8011916ddaa671a8d89d95c628b1ba4/transformed/merge/instrumentation-dependencies.bin because:
[        ]   Build cache is disabled
[        ]   Caching not enabled.
[        ] Caching disabled for ExternalDependencyInstrumentingArtifactTransform: /root/.gradle/caches/8.14/transforms/4c1eee87722dcd926352d3b4a8792250/transformed/merge/instrumentation-dependencies.bin because:
[        ]   Build cache is disabled
[        ]   Caching not enabled.
[        ] Caching disabled for MergeInstrumentationAnalysisTransform: /root/.gradle/caches/8.14/transforms/39010670112ec4bb60bf47f95c18a891/transformed/analysis/instrumentation-dependencies.bin because:
[        ]   Build cache is disabled
[        ]   Caching not enabled.
[        ] Caching disabled for MergeInstrumentationAnalysisTransform: /root/.gradle/caches/modules-2/files-2.1/org.jetbrains.kotlin/kotlin-gradle-plugin/1.8.10/757bb47b8359d3fa7357bb931e44d6bed49becc5/kotlin-gradle-plugin-1.8.10-gradle76.jar because:
[        ]   Build cache is disabled
[        ]   Caching not enabled.
[        ] Caching disabled for ExternalDependencyInstrumentingArtifactTransform: /root/.gradle/caches/8.14/transforms/aa979fd51c0ed04199d6f730a1e3afcc/transformed/merge/instrumentation-dependencies.bin because:
[        ]   Build cache is disabled
[        ]   Caching not enabled.
[        ] Caching disabled for MergeInstrumentationAnalysisTransform: /root/.gradle/caches/modules-2/files-2.1/com.android.tools.build/bundletool/1.8.0/4838d4a346d7d7579dc88a7c53283bc7fde4fb11/bundletool-1.8.0.jar because:
[        ]   Build cache is disabled
[        ]   Caching not enabled.
[        ] Caching disabled for ExternalDependencyInstrumentingArtifactTransform: /root/.gradle/caches/modules-2/files-2.1/com.android.tools.analytics-library/crash/30.1.1/da3d4c98e21e699c93a1d8a8f814c5debd57ac5/crash-30.1.1.jar because:
[        ]   Build cache is disabled
[        ]   Caching not enabled.
[        ] Caching disabled for ExternalDependencyInstrumentingArtifactTransform: /root/.gradle/caches/8.14/transforms/5c838a8498d5b1f9fecbf926144cbe75/transformed/merge/instrumentation-dependencies.bin because:
[        ]   Build cache is disabled
[        ]   Caching not enabled.
[        ] Caching disabled for MergeInstrumentationAnalysisTransform: /root/.gradle/caches/modules-2/files-2.1/com.android.tools.analytics-library/shared/30.1.1/2c87358290fd68329aa2087237f9cdc884a69707/shared-30.1.1.jar because:
[        ]   Build cache is disabled
[        ]   Caching not enabled.
[        ] Caching disabled for ExternalDependencyInstrumentingArtifactTransform: /root/.gradle/caches/modules-2/files-2.1/com.android.tools.build/aaptcompiler/7.1.1/e7c8611333bbcf874d18b07126c73456cf566f56/aaptcompiler-7.1.1.jar because:
[        ]   Build cache is disabled
[        ]   Caching not enabled.
[        ] Caching disabled for ExternalDependencyInstrumentingArtifactTransform: /root/.gradle/caches/8.14/transforms/1fb4fa819953896a1f1877c348a5db3a/transformed/merge/instrumentation-dependencies.bin because:
[        ]   Build cache is disabled
[        ]   Caching not enabled.
[        ] Caching disabled for ExternalDependencyInstrumentingArtifactTransform: /root/.gradle/caches/modules-2/files-2.1/com.android.tools.analytics-library/tracker/30.1.1/40523b372b2efdb6371ad8f084fe54b6d5abfc32/tracker-30.1.1.jar because:
[        ]   Build cache is disabled
[        ]   Caching not enabled.
[        ] Caching disabled for ExternalDependencyInstrumentingArtifactTransform: /root/.gradle/caches/8.14/transforms/3acf4325b39768d87dad67356e7ebb5d/transformed/merge/instrumentation-dependencies.bin because:
[        ]   Build cache is disabled
[        ]   Caching not enabled.
[        ] Caching disabled for MergeInstrumentationAnalysisTransform: /root/.gradle/caches/8.14/transforms/38522cc52acd2b00ed7b594bc934c0f0/transformed/analysis/instrumentation-hierarchy.bin because:
[        ]   Build cache is disabled
[        ]   Caching not enabled.
[        ] Caching disabled for ExternalDependencyInstrumentingArtifactTransform: /root/.gradle/caches/modules-2/files-2.1/com.android.tools.ddms/ddmlib/30.1.1/9089fc46b26d1fef2ea115f454039ecdac400a32/ddmlib-30.1.1.jar because:
[        ]   Build cache is disabled
[        ]   Caching not enabled.
[        ] Caching disabled for MergeInstrumentationAnalysisTransform: /root/.gradle/caches/8.14/transforms/03b7ff84f7792b852bb52bb9e5367c78/transformed/analysis/instrumentation-hierarchy.bin because:
[        ]   Build cache is disabled
[        ]   Caching not enabled.
[        ] Caching disabled for MergeInstrumentationAnalysisTransform: /root/.gradle/caches/8.14/transforms/38522cc52acd2b00ed7b594bc934c0f0/transformed/analysis/instrumentation-dependencies.bin because:
[        ]   Build cache is disabled
[        ]   Caching not enabled.
[        ] Caching disabled for MergeInstrumentationAnalysisTransform: /root/.gradle/caches/8.14/transforms/757a6ac4ed6d1ad784bb60d19a259e60/transformed/analysis/instrumentation-hierarchy.bin because:
[        ]   Build cache is disabled
[        ]   Caching not enabled.
[        ] Caching disabled for MergeInstrumentationAnalysisTransform: /root/.gradle/caches/8.14/transforms/6d52a8cb4459f83926a8f544014cf1fb/transformed/analysis/instrumentation-hierarchy.bin because:
[        ]   Build cache is disabled
[        ]   Caching not enabled.
[        ] Caching disabled for MergeInstrumentationAnalysisTransform: /root/.gradle/caches/8.14/transforms/03b7ff84f7792b852bb52bb9e5367c78/transformed/analysis/instrumentation-dependencies.bin because:
[        ]   Build cache is disabled
[        ]   Caching not enabled.
[        ] Caching disabled for ExternalDependencyInstrumentingArtifactTransform: /root/.gradle/caches/modules-2/files-2.1/com.android.tools/sdklib/30.1.1/8784a5ca3529dfee4ec0e26ed76847c8797c061f/sdklib-30.1.1.jar because:
[   +2 ms]   Build cache is disabled
[        ]   Caching not enabled.
[        ] Caching disabled for MergeInstrumentationAnalysisTransform: /root/.gradle/caches/modules-2/files-2.1/androidx.databinding/databinding-common/7.1.1/5e61372061d66d85be52a57e09afa406fed1ab68/databinding-common-7.1.1.jar because:
[        ]   Build cache is disabled
[        ]   Caching not enabled.
[        ] Caching disabled for MergeInstrumentationAnalysisTransform: /root/.gradle/caches/8.14/transforms/757a6ac4ed6d1ad784bb60d19a259e60/transformed/analysis/instrumentation-dependencies.bin because:
[        ]   Build cache is disabled
[        ]   Caching not enabled.
[        ] Caching disabled for MergeInstrumentationAnalysisTransform: /root/.gradle/caches/8.14/transforms/6d52a8cb4459f83926a8f544014cf1fb/transformed/analysis/instrumentation-dependencies.bin because:
[        ]   Build cache is disabled
[        ]   Caching not enabled.
[        ] Caching disabled for MergeInstrumentationAnalysisTransform: /root/.gradle/caches/8.14/transforms/70fe88d427a661ba7ee0f326f7dbff4d/transformed/analysis/instrumentation-hierarchy.bin because:
[        ]   Build cache is disabled
[        ]   Caching not enabled.
[        ] Caching disabled for MergeInstrumentationAnalysisTransform: /root/.gradle/caches/modules-2/files-2.1/androidx.databinding/databinding-compiler-common/7.1.1/5f6392ac15857000d6a28430c64f64c3adf3f01c/databinding-compiler-common-7.1.1.jar because:
[        ]   Build cache is disabled
[        ]   Caching not enabled.
[        ] Caching disabled for ExternalDependencyInstrumentingArtifactTransform: /root/.gradle/caches/8.14/transforms/7cbfb7b33ad43b27662d58f07f68d91f/transformed/merge/instrumentation-dependencies.bin because:
[        ]   Build cache is disabled
[        ]   Caching not enabled.
[        ] Caching disabled for MergeInstrumentationAnalysisTransform: /root/.gradle/caches/8.14/transforms/70fe88d427a661ba7ee0f326f7dbff4d/transformed/analysis/instrumentation-dependencies.bin because:
[        ]   Build cache is disabled
[        ]   Caching not enabled.
[        ] Caching disabled for ExternalDependencyInstrumentingArtifactTransform: /root/.gradle/caches/modules-2/files-2.1/com.android.tools.analytics-library/shared/30.1.1/2c87358290fd68329aa2087237f9cdc884a69707/shared-30.1.1.jar because:
[        ]   Build cache is disabled
[        ]   Caching not enabled.
[        ] Caching disabled for MergeInstrumentationAnalysisTransform: /root/.gradle/caches/modules-2/files-2.1/com.android.databinding/baseLibrary/7.1.1/2da7cbb78152d6893b6747f02935dbf9272b5b27/baseLibrary-7.1.1.jar because:
[        ]   Build cache is disabled
[        ]   Caching not enabled.
[        ] Caching disabled for MergeInstrumentationAnalysisTransform: /root/.gradle/caches/modules-2/files-2.1/com.android.tools.layoutlib/layoutlib-api/30.1.1/99a79999820d1f00e29b634efae92ea40bfad07d/layoutlib-api-30.1.1.jar because:
[        ]   Build cache is disabled
[        ]   Caching not enabled.
[        ] Caching disabled for ExternalDependencyInstrumentingArtifactTransform: /root/.gradle/caches/8.14/transforms/9f0cc6067f8a2d381ca57e12c26262a2/transformed/merge/instrumentation-dependencies.bin because:
[        ]   Build cache is disabled
[        ]   Caching not enabled.
[        ] Caching disabled for MergeInstrumentationAnalysisTransform: /root/.gradle/caches/8.14/transforms/cf5171702e63f430efe917eb2cd74a2c/transformed/analysis/instrumentation-hierarchy.bin because:
[        ]   Build cache is disabled
[        ]   Caching not enabled.
[        ] Caching disabled for MergeInstrumentationAnalysisTransform: /root/.gradle/caches/modules-2/files-2.1/com.android.tools.utp/android-device-provider-ddmlib-proto/30.1.1/da85a350f32fc76494cc5f2998e47f0e5b9a120b/android-device-provider-ddmlib-proto-30.1.1.jar because:
[        ]   Build cache is disabled
[        ]   Caching not enabled.
[        ] Caching disabled for ExternalDependencyInstrumentingArtifactTransform: /root/.gradle/caches/8.14/transforms/fd546042761961b3737c29b01522f63c/transformed/merge/instrumentation-dependencies.bin because:
[        ]   Build cache is disabled
[        ]   Caching not enabled.
[        ] Caching disabled for ExternalDependencyInstrumentingArtifactTransform: /root/.gradle/caches/8.14/transforms/bee651524b9ba1eea793bd9d33c83286/transformed/merge/instrumentation-dependencies.bin because:
[        ]   Build cache is disabled
[        ]   Caching not enabled.
[        ] Caching disabled for MergeInstrumentationAnalysisTransform: /root/.gradle/caches/8.14/transforms/cf5171702e63f430efe917eb2cd74a2c/transformed/analysis/instrumentation-dependencies.bin because:
[        ]   Build cache is disabled
[        ]   Caching not enabled.
[        ] Caching disabled for ExternalDependencyInstrumentingArtifactTransform: /root/.gradle/caches/modules-2/files-2.1/androidx.databinding/databinding-common/7.1.1/5e61372061d66d85be52a57e09afa406fed1ab68/databinding-common-7.1.1.jar because:
[        ]   Build cache is disabled
[        ]   Caching not enabled.
[        ] Caching disabled for ExternalDependencyInstrumentingArtifactTransform: /root/.gradle/caches/8.14/transforms/1d880bced9f2c54d81b41aa978d8b88a/transformed/merge/instrumentation-dependencies.bin because:
[        ]   Build cache is disabled
[        ]   Caching not enabled.
[        ] Caching disabled for MergeInstrumentationAnalysisTransform: /root/.gradle/caches/modules-2/files-2.1/com.android.tools.utp/android-device-provider-gradle-proto/30.1.1/2c141ae30a764a865f6424afc48f3d4e0d848e15/android-device-provider-gradle-proto-30.1.1.jar because:
[        ]   Build cache is disabled
[        ]   Caching not enabled.
[        ] Caching disabled for MergeInstrumentationAnalysisTransform: /root/.gradle/caches/8.14/transforms/1b7ee72fd9a5897b9573b7d8736b3bf1/transformed/analysis/instrumentation-hierarchy.bin because:
[        ]   Build cache is disabled
[        ]   Caching not enabled.
[        ] Caching disabled for MergeInstrumentationAnalysisTransform: /root/.gradle/caches/8.14/transforms/1b7ee72fd9a5897b9573b7d8736b3bf1/transformed/analysis/instrumentation-dependencies.bin because:
[        ]   Build cache is disabled
[        ]   Caching not enabled.
[        ] Caching disabled for ExternalDependencyInstrumentingArtifactTransform: /root/.gradle/caches/modules-2/files-2.1/com.android.tools.utp/android-device-provider-ddmlib-proto/30.1.1/da85a350f32fc76494cc5f2998e47f0e5b9a120b/android-device-provider-ddmlib-proto-30.1.1.jar because:
[        ]   Build cache is disabled
[        ]   Caching not enabled.
[        ] Caching disabled for ExternalDependencyInstrumentingArtifactTransform: /root/.gradle/caches/8.14/transforms/cf87a15dc8578d2b9ea8c7f1998e0ac9/transformed/merge/instrumentation-dependencies.bin because:
[        ]   Build cache is disabled
[        ]   Caching not enabled.
[        ] Caching disabled for ExternalDependencyInstrumentingArtifactTransform: /root/.gradle/caches/modules-2/files-2.1/com.android.databinding/baseLibrary/7.1.1/2da7cbb78152d6893b6747f02935dbf9272b5b27/baseLibrary-7.1.1.jar because:
[        ]   Build cache is disabled
[        ]   Caching not enabled.
[        ] Caching disabled for MergeInstrumentationAnalysisTransform: /root/.gradle/caches/8.14/transforms/be16c18066e528034e92876be92cad35/transformed/analysis/instrumentation-hierarchy.bin because:
[        ]   Build cache is disabled
[        ]   Caching not enabled.
[        ] Caching disabled for MergeInstrumentationAnalysisTransform: /root/.gradle/caches/modules-2/files-2.1/com.android.tools.utp/android-test-plugin-host-additional-test-output-proto/30.1.1/1595751fefe9da56ee09f9bc7f13d04f99a4bf97/android-test-plugin-host-additional-test-output-proto-30.1.1.jar because:
[        ]   Build cache is disabled
[        ]   Caching not enabled.
[        ] Caching disabled for ExternalDependencyInstrumentingArtifactTransform: /root/.gradle/caches/modules-2/files-2.1/com.android.tools.layoutlib/layoutlib-api/30.1.1/99a79999820d1f00e29b634efae92ea40bfad07d/layoutlib-api-30.1.1.jar because:
[        ]   Build cache is disabled
[        ]   Caching not enabled.
[        ] Caching disabled for ExternalDependencyInstrumentingArtifactTransform: /root/.gradle/caches/8.14/transforms/caf1792305da9f641530b0c2cfb6e806/transformed/merge/instrumentation-dependencies.bin because:
[        ]   Build cache is disabled
[        ]   Caching not enabled.
[        ] Caching disabled for MergeInstrumentationAnalysisTransform: /root/.gradle/caches/8.14/transforms/6ef5bd3ddd73f808772dc8e478309229/transformed/analysis/instrumentation-hierarchy.bin because:
[        ]   Build cache is disabled
[        ]   Caching not enabled.
[        ] Caching disabled for ExternalDependencyInstrumentingArtifactTransform: /root/.gradle/caches/modules-2/files-2.1/com.android.tools.utp/android-device-provider-gradle-proto/30.1.1/2c141ae30a764a865f6424afc48f3d4e0d848e15/android-device-provider-gradle-proto-30.1.1.jar because:
[        ]   Build cache is disabled
[        ]   Caching not enabled.
[        ] Caching disabled for MergeInstrumentationAnalysisTransform: /root/.gradle/caches/8.14/transforms/be16c18066e528034e92876be92cad35/transformed/analysis/instrumentation-dependencies.bin because:
[        ]   Build cache is disabled
[        ]   Caching not enabled.
[        ] Caching disabled for MergeInstrumentationAnalysisTransform: /root/.gradle/caches/8.14/transforms/6ef5bd3ddd73f808772dc8e478309229/transformed/analysis/instrumentation-dependencies.bin because:
[        ]   Build cache is disabled
[        ]   Caching not enabled.
[        ] Caching disabled for MergeInstrumentationAnalysisTransform: /root/.gradle/caches/8.14/transforms/d83cac7aa52bb5d1a792cb8039356ffe/transformed/analysis/instrumentation-hierarchy.bin because:
[   +2 ms]   Build cache is disabled
[        ]   Caching not enabled.
[        ] Caching disabled for MergeInstrumentationAnalysisTransform: /root/.gradle/caches/modules-2/files-2.1/com.android.tools.utp/android-test-plugin-host-coverage-proto/30.1.1/7442d828e3d77e57d9cc4e4dba002b652abd832d/android-test-plugin-host-coverage-proto-30.1.1.jar because:
[        ]   Build cache is disabled
[        ]   Caching not enabled.
[        ] Caching disabled for MergeInstrumentationAnalysisTransform: /root/.gradle/caches/8.14/transforms/d83cac7aa52bb5d1a792cb8039356ffe/transformed/analysis/instrumentation-dependencies.bin because:
[        ]   Build cache is disabled
[        ]   Caching not enabled.
[        ] Caching disabled for MergeInstrumentationAnalysisTransform: /root/.gradle/caches/8.14/transforms/18322870ac7fd49b6c8c28714da8681c/transformed/analysis/instrumentation-hierarchy.bin because:
[        ]   Build cache is disabled
[        ]   Caching not enabled.
[        ] Caching disabled for MergeInstrumentationAnalysisTransform: /root/.gradle/caches/modules-2/files-2.1/com.android.tools.utp/android-test-plugin-host-retention-proto/30.1.1/74713b52e6a51fe15c2301a00ad887c6c35471ce/android-test-plugin-host-retention-proto-30.1.1.jar because:
[        ]   Build cache is disabled
[        ]   Caching not enabled.
[  +66 ms] Caching disabled for MergeInstrumentationAnalysisTransform: /root/.gradle/caches/8.14/transforms/18322870ac7fd49b6c8c28714da8681c/transformed/analysis/instrumentation-dependencies.bin because:
[        ]   Build cache is disabled
[        ]   Caching not enabled.
[        ] Caching disabled for ExternalDependencyInstrumentingArtifactTransform: /root/.gradle/caches/8.14/transforms/10914f2ef00f91fd6794575353bca642/transformed/merge/instrumentation-dependencies.bin because:
[        ]   Build cache is disabled
[        ]   Caching not enabled.
[        ] Caching disabled for ExternalDependencyInstrumentingArtifactTransform: /root/.gradle/caches/modules-2/files-2.1/com.android.tools.utp/android-test-plugin-host-additional-test-output-proto/30.1.1/1595751fefe9da56ee09f9bc7f13d04f99a4bf97/android-test-plugin-host-additional-test-output-proto-30.1.1.jar because:
[        ]   Build cache is disabled
[        ]   Caching not enabled.
[        ] Caching disabled for ExternalDependencyInstrumentingArtifactTransform: /root/.gradle/caches/8.14/transforms/63b5d3b23462990534a534829f28cc36/transformed/merge/instrumentation-dependencies.bin because:
[        ]   Build cache is disabled
[        ]   Caching not enabled.
[        ] Caching disabled for MergeInstrumentationAnalysisTransform: /root/.gradle/caches/modules-2/files-2.1/com.android.tools.utp/android-test-plugin-result-listener-gradle-proto/30.1.1/55e6c9db9cb89adb84d4a3993e175986d59571b8/android-test-plugin-result-listener-gradle-proto-30.1.1.jar because:
[        ]   Build cache is disabled
[        ]   Caching not enabled.
[        ] Caching disabled for MergeInstrumentationAnalysisTransform: /root/.gradle/caches/8.14/transforms/e9b550fde3fa8b46937513b82ca3f927/transformed/analysis/instrumentation-hierarchy.bin because:
[        ]   Build cache is disabled
[        ]   Caching not enabled.
[        ] Caching disabled for ExternalDependencyInstrumentingArtifactTransform: /root/.gradle/caches/8.14/transforms/c85bf7514779fc01352bcb1d0bf490ba/transformed/merge/instrumentation-dependencies.bin because:
[        ]   Build cache is disabled
[        ]   Caching not enabled.
[        ] Caching disabled for MergeInstrumentationAnalysisTransform: /root/.gradle/caches/modules-2/files-2.1/org.jetbrains.dokka/dokka-core/1.4.32/3011d0a885e87643e41d41a902e5905934251499/dokka-core-1.4.32.jar because:
[        ]   Build cache is disabled
[        ]   Caching not enabled.
[        ] Caching disabled for ExternalDependencyInstrumentingArtifactTransform: /root/.gradle/caches/8.14/transforms/55ab6b1af56ca067c0697ab57d9cb3e4/transformed/merge/instrumentation-dependencies.bin because:
[        ]   Build cache is disabled
[        ]   Caching not enabled.
[        ] Caching disabled for ExternalDependencyInstrumentingArtifactTransform: /root/.gradle/caches/modules-2/files-2.1/com.android.tools.utp/android-test-plugin-host-coverage-proto/30.1.1/7442d828e3d77e57d9cc4e4dba002b652abd832d/android-test-plugin-host-coverage-proto-30.1.1.jar because:
[        ]   Build cache is disabled
[        ]   Caching not enabled.
[        ] Caching disabled for MergeInstrumentationAnalysisTransform: /root/.gradle/caches/8.14/transforms/21632a800296cf756dfd9738cdff0fe1/transformed/analysis/instrumentation-hierarchy.bin because:
[        ]   Build cache is disabled
[        ]   Caching not enabled.
[        ] Caching disabled for ExternalDependencyInstrumentingArtifactTransform: /root/.gradle/caches/modules-2/files-2.1/com.android.tools.utp/android-test-plugin-host-retention-proto/30.1.1/74713b52e6a51fe15c2301a00ad887c6c35471ce/android-test-plugin-host-retention-proto-30.1.1.jar because:
[        ]   Build cache is disabled
[        ]   Caching not enabled.
[        ] Caching disabled for MergeInstrumentationAnalysisTransform: /root/.gradle/caches/8.14/transforms/21632a800296cf756dfd9738cdff0fe1/transformed/analysis/instrumentation-dependencies.bin because:
[        ]   Build cache is disabled
[        ]   Caching not enabled.
[        ] Caching disabled for ExternalDependencyInstrumentingArtifactTransform: /root/.gradle/caches/modules-2/files-2.1/com.android.tools.build/aapt2-proto/7.1.1-7984345/4a11f7e73338183615aed9e6ee8af6a3c022f193/aapt2-proto-7.1.1-7984345.jar because:
[        ]   Build cache is disabled
[        ]   Caching not enabled.
[        ] Caching disabled for MergeInstrumentationAnalysisTransform: /root/.gradle/caches/8.14/transforms/e9b550fde3fa8b46937513b82ca3f927/transformed/analysis/instrumentation-dependencies.bin because:
[        ]   Build cache is disabled
[        ]   Caching not enabled.
[        ] Caching disabled for ExternalDependencyInstrumentingArtifactTransform: /root/.gradle/caches/modules-2/files-2.1/com.android.tools/sdk-common/30.1.1/469ad2de6d8386710dac7d0e5e0b106a52f19565/sdk-common-30.1.1.jar because:
[        ]   Build cache is disabled
[        ]   Caching not enabled.
[        ] Caching disabled for MergeInstrumentationAnalysisTransform: /root/.gradle/caches/8.14/transforms/bf74e46cf6b6a0ef53159d5aaa7aafd8/transformed/analysis/instrumentation-hierarchy.bin because:
[        ]   Build cache is disabled
[        ]   Caching not enabled.
[        ] Caching disabled for MergeInstrumentationAnalysisTransform: /root/.gradle/caches/modules-2/files-2.1/com.android.tools/dvlib/30.1.1/2a7befeee737b6a56e5a5d49e77c99a64614e955/dvlib-30.1.1.jar because:
[        ]   Build cache is disabled
[        ]   Caching not enabled.
[        ] Caching disabled for MergeInstrumentationAnalysisTransform: /root/.gradle/caches/8.14/transforms/890b6282364b16820108a20caed66630/transformed/analysis/instrumentation-hierarchy.bin because:
[        ]   Build cache is disabled
[        ]   Caching not enabled.
[        ] Caching disabled for MergeInstrumentationAnalysisTransform: /root/.gradle/caches/8.14/transforms/bf74e46cf6b6a0ef53159d5aaa7aafd8/transformed/analysis/instrumentation-dependencies.bin because:
[        ]   Build cache is disabled
[        ]   Caching not enabled.
[        ] Caching disabled for MergeInstrumentationAnalysisTransform: /root/.gradle/caches/8.14/transforms/d1e5ef19d1effa0bbafdd515e1706570/transformed/analysis/instrumentation-hierarchy.bin because:
[        ]   Build cache is disabled
[        ]   Caching not enabled.
[        ] Caching disabled for ExternalDependencyInstrumentingArtifactTransform: /root/.gradle/caches/8.14/transforms/fe04254d926d74abbb739c4b3ba3be5c/transformed/merge/instrumentation-dependencies.bin because:
[        ]   Build cache is disabled
[        ]   Caching not enabled.
[        ] Caching disabled for MergeInstrumentationAnalysisTransform: /root/.gradle/caches/8.14/transforms/890b6282364b16820108a20caed66630/transformed/analysis/instrumentation-dependencies.bin because:
[        ]   Build cache is disabled
[        ]   Caching not enabled.
[        ] Caching disabled for ExternalDependencyInstrumentingArtifactTransform: /root/.gradle/caches/modules-2/files-2.1/androidx.databinding/databinding-compiler-common/7.1.1/5f6392ac15857000d6a28430c64f64c3adf3f01c/databinding-compiler-common-7.1.1.jar because:
[        ]   Build cache is disabled
[        ]   Caching not enabled.
[        ] Caching disabled for MergeInstrumentationAnalysisTransform: /root/.gradle/caches/modules-2/files-2.1/com.android.tools.build/builder-model/7.1.1/d6dc20d5019f0844cce78701b81b1d4782b884af/builder-model-7.1.1.jar because:
[        ]   Build cache is disabled
[        ]   Caching not enabled.
[        ] Caching disabled for MergeInstrumentationAnalysisTransform: /root/.gradle/caches/8.14/transforms/d1e5ef19d1effa0bbafdd515e1706570/transformed/analysis/instrumentation-dependencies.bin because:
[        ]   Build cache is disabled
[        ]   Caching not enabled.
[        ] Caching disabled for ExternalDependencyInstrumentingArtifactTransform: /root/.gradle/caches/modules-2/files-2.1/com.android.tools.utp/android-test-plugin-result-listener-gradle-proto/30.1.1/55e6c9db9cb89adb84d4a3993e175986d59571b8/android-test-plugin-result-listener-gradle-proto-30.1.1.jar because:
[        ]   Build cache is disabled
[        ]   Caching not enabled.
[        ] Caching disabled for ExternalDependencyInstrumentingArtifactTransform: /root/.gradle/caches/modules-2/files-2.1/com.android.tools/dvlib/30.1.1/2a7befeee737b6a56e5a5d49e77c99a64614e955/dvlib-30.1.1.jar because:
[        ]   Build cache is disabled
[        ]   Caching not enabled.
[        ] Caching disabled for MergeInstrumentationAnalysisTransform: /root/.gradle/caches/modules-2/files-2.1/com.android.tools/common/30.1.1/df561f19a94009b224ed5c3b42f615f81882b28/common-30.1.1.jar because:
[        ]   Build cache is disabled
[        ]   Caching not enabled.
[        ] Caching disabled for MergeInstrumentationAnalysisTransform: /root/.gradle/caches/8.14/transforms/266258840c87d77d7e6964a7b00a8de5/transformed/analysis/instrumentation-hierarchy.bin because:
[        ]   Build cache is disabled
[        ]   Caching not enabled.
[        ] Caching disabled for MergeInstrumentationAnalysisTransform: /root/.gradle/caches/modules-2/files-2.1/org.jetbrains.kotlin/kotlin-compiler-runner/1.8.10/947e715f99979106792738979098751baa4dc7dc/kotlin-compiler-runner-1.8.10.jar because:
[        ]   Build cache is disabled
[        ]   Caching not enabled.
[        ] Caching disabled for ExternalDependencyInstrumentingArtifactTransform: /root/.gradle/caches/8.14/transforms/04714220af6f2fcd482fa187f2ee1b30/transformed/merge/instrumentation-dependencies.bin because:
[        ]   Build cache is disabled
[        ]   Caching not enabled.
[        ] Caching disabled for MergeInstrumentationAnalysisTransform: /root/.gradle/caches/modules-2/files-2.1/org.jetbrains.kotlin/kotlin-daemon-client/1.8.10/d0d648d6ae17e1690f9274602c87a06b13ca91db/kotlin-daemon-client-1.8.10.jar because:
[        ]   Build cache is disabled
[        ]   Caching not enabled.
[        ] Caching disabled for MergeInstrumentationAnalysisTransform: /root/.gradle/caches/8.14/transforms/266258840c87d77d7e6964a7b00a8de5/transformed/analysis/instrumentation-dependencies.bin because:
[        ]   Build cache is disabled
[        ]   Caching not enabled.
[        ] Caching disabled for MergeInstrumentationAnalysisTransform: /root/.gradle/caches/8.14/transforms/c5859ac303e1d4376c8f4def19ce993f/transformed/analysis/instrumentation-hierarchy.bin because:
[        ]   Build cache is disabled
[        ]   Caching not enabled.
[        ] Caching disabled for ExternalDependencyInstrumentingArtifactTransform: /root/.gradle/caches/8.14/transforms/061f981c35b39bc00ddf466314a46ea1/transformed/merge/instrumentation-dependencies.bin because:
[        ]   Build cache is disabled
[        ]   Caching not enabled.
[        ] Caching disabled for ExternalDependencyInstrumentingArtifactTransform: /root/.gradle/caches/8.14/transforms/088929239a3cf81da9f47af235bdebf3/transformed/merge/instrumentation-dependencies.bin because:
[        ]   Build cache is disabled
[        ]   Caching not enabled.
[        ] Caching disabled for MergeInstrumentationAnalysisTransform: /root/.gradle/caches/8.14/transforms/6128a36d6c5d81f189d6adbffa731ac0/transformed/analysis/instrumentation-hierarchy.bin because:
[        ]   Build cache is disabled
[        ]   Caching not enabled.
[        ] Caching disabled for ExternalDependencyInstrumentingArtifactTransform: /root/.gradle/caches/8.14/transforms/0ecf198be8b8dde07914d1606f5aae15/transformed/merge/instrumentation-dependencies.bin because:
[        ]   Build cache is disabled
[        ]   Caching not enabled.
[        ] Caching disabled for MergeInstrumentationAnalysisTransform: /root/.gradle/caches/8.14/transforms/c5859ac303e1d4376c8f4def19ce993f/transformed/analysis/instrumentation-dependencies.bin because:
[        ]   Build cache is disabled
[        ]   Caching not enabled.
[        ] Caching disabled for MergeInstrumentationAnalysisTransform: /root/.gradle/caches/modules-2/files-2.1/org.jetbrains.kotlinx/kotlinx-coroutines-core-jvm/1.5.0/d8cebccdcddd029022aa8646a5a953ff88b13ac8/kotlinx-coroutines-core-jvm-1.5.0.jar because:
[        ]   Build cache is disabled
[        ]   Caching not enabled.
[        ] Caching disabled for ExternalDependencyInstrumentingArtifactTransform: /root/.gradle/caches/modules-2/files-2.1/com.android.tools.build/builder-model/7.1.1/d6dc20d5019f0844cce78701b81b1d4782b884af/builder-model-7.1.1.jar because:
[        ]   Build cache is disabled
[        ]   Caching not enabled.
[        ] Caching disabled for MergeInstrumentationAnalysisTransform: /root/.gradle/caches/8.14/transforms/6128a36d6c5d81f189d6adbffa731ac0/transformed/analysis/instrumentation-dependencies.bin because:
[        ]   Build cache is disabled
[        ]   Caching not enabled.
[        ] Caching disabled for MergeInstrumentationAnalysisTransform: /root/.gradle/caches/modules-2/files-2.1/org.jetbrains.kotlin/kotlin-stdlib-jdk8/1.5.0/65fbc439df2e4aad1f3769762d54534f1b564090/kotlin-stdlib-jdk8-1.5.0.jar because:
[        ]   Build cache is disabled
[        ]   Caching not enabled.
[        ] Caching disabled for MergeInstrumentationAnalysisTransform: /root/.gradle/caches/8.14/transforms/8371811cf358d3aa8e15dfc29a0fb8e7/transformed/analysis/instrumentation-hierarchy.bin because:
[        ]   Build cache is disabled
[        ]   Caching not enabled.
[        ] Caching disabled for ExternalDependencyInstrumentingArtifactTransform: /root/.gradle/caches/8.14/transforms/5e55fa392ceb0bafed71b409e7d29d3f/transformed/merge/instrumentation-dependencies.bin because:
[        ]   Build cache is disabled
[        ]   Caching not enabled.
[        ] Caching disabled for ExternalDependencyInstrumentingArtifactTransform: /root/.gradle/caches/modules-2/files-2.1/org.jetbrains.kotlin/kotlin-compiler-runner/1.8.10/947e715f99979106792738979098751baa4dc7dc/kotlin-compiler-runner-1.8.10.jar because:
[        ]   Build cache is disabled
[        ]   Caching not enabled.
[        ] Caching disabled for MergeInstrumentationAnalysisTransform: /root/.gradle/caches/8.14/transforms/8371811cf358d3aa8e15dfc29a0fb8e7/transformed/analysis/instrumentation-dependencies.bin because:
[        ]   Build cache is disabled
[        ]   Caching not enabled.
[        ] Caching disabled for MergeInstrumentationAnalysisTransform: /root/.gradle/caches/8.14/transforms/e9244e186eb1c3470adaa77098f26554/transformed/analysis/instrumentation-hierarchy.bin because:
[        ]   Build cache is disabled
[        ]   Caching not enabled.
[        ] Caching disabled for MergeInstrumentationAnalysisTransform: /root/.gradle/caches/modules-2/files-2.1/com.android.tools.build/transform-api/2.0.0-deprecated-use-gradle-api/47f6c56527c42425742fa9b56ffd3fd80763fe03/transform-api-2.0.0-deprecated-use-gradle-api.jar because:
[        ]   Build cache is disabled
[        ]   Caching not enabled.
[        ] Caching disabled for MergeInstrumentationAnalysisTransform: /root/.gradle/caches/8.14/transforms/e9244e186eb1c3470adaa77098f26554/transformed/analysis/instrumentation-dependencies.bin because:
[        ]   Build cache is disabled
[        ]   Caching not enabled.
[        ] Caching disabled for MergeInstrumentationAnalysisTransform: /root/.gradle/caches/8.14/transforms/1e9e8c30fe146e948e90faf2f51af8a1/transformed/analysis/instrumentation-hierarchy.bin because:
[        ]   Build cache is disabled
[        ]   Caching not enabled.
[        ] Caching disabled for MergeInstrumentationAnalysisTransform: /root/.gradle/caches/8.14/transforms/fcfea6f17972da807d58f6aebb12b1f7/transformed/analysis/instrumentation-hierarchy.bin because:
[        ]   Build cache is disabled
[        ]   Caching not enabled.
[        ] Caching disabled for ExternalDependencyInstrumentingArtifactTransform: /root/.gradle/caches/modules-2/files-2.1/org.jetbrains.kotlin/kotlin-stdlib-jdk8/1.5.0/65fbc439df2e4aad1f3769762d54534f1b564090/kotlin-stdlib-jdk8-1.5.0.jar because:
[        ]   Build cache is disabled
[        ]   Caching not enabled.
[        ] Caching disabled for MergeInstrumentationAnalysisTransform: /root/.gradle/caches/modules-2/files-2.1/commons-io/commons-io/2.4/b1b6ea3b7e4aa4f492509a4952029cd8e48019ad/commons-io-2.4.jar because:
[        ]   Build cache is disabled
[        ]   Caching not enabled.
[        ] Caching disabled for MergeInstrumentationAnalysisTransform: /root/.gradle/caches/8.14/transforms/1e9e8c30fe146e948e90faf2f51af8a1/transformed/analysis/instrumentation-dependencies.bin because:
[        ]   Build cache is disabled
[        ]   Caching not enabled.
[        ] Caching disabled for MergeInstrumentationAnalysisTransform: /root/.gradle/caches/8.14/transforms/fcfea6f17972da807d58f6aebb12b1f7/transformed/analysis/instrumentation-dependencies.bin because:
[        ]   Build cache is disabled
[        ]   Caching not enabled.
[        ] Caching disabled for MergeInstrumentationAnalysisTransform: /root/.gradle/caches/8.14/transforms/651977a47269bb70670f0eb7116e3ee1/transformed/analysis/instrumentation-hierarchy.bin because:
[        ]   Build cache is disabled
[        ]   Caching not enabled.
[        ] Caching disabled for MergeInstrumentationAnalysisTransform: /root/.gradle/caches/8.14/transforms/3b8f922445e9a1b56d68be389aac27a0/transformed/analysis/instrumentation-hierarchy.bin because:
[        ]   Build cache is disabled
[        ]   Caching not enabled.
[        ] Caching disabled for MergeInstrumentationAnalysisTransform: /root/.gradle/caches/modules-2/files-2.1/com.android.tools.build.jetifier/jetifier-processor/1.0.0-beta09/fb2a015ff56e24939a88593ac73b84e627864476/jetifier-processor-1.0.0-beta09.jar because:
[        ]   Build cache is disabled
[        ]   Caching not enabled.
[        ] Caching disabled for MergeInstrumentationAnalysisTransform: /root/.gradle/caches/8.14/transforms/651977a47269bb70670f0eb7116e3ee1/transformed/analysis/instrumentation-dependencies.bin because:
[        ]   Build cache is disabled
[        ]   Caching not enabled.
[        ] Caching disabled for MergeInstrumentationAnalysisTransform: /root/.gradle/caches/modules-2/files-2.1/org.ow2.asm/asm-commons/9.1/8b971b182eb5cf100b9e8d4119152d83e00e0fdd/asm-commons-9.1.jar because:
[        ]   Build cache is disabled
[        ]   Caching not enabled.
[        ] Caching disabled for MergeInstrumentationAnalysisTransform: /root/.gradle/caches/8.14/transforms/3b8f922445e9a1b56d68be389aac27a0/transformed/analysis/instrumentation-dependencies.bin because:
[        ]   Build cache is disabled
[        ]   Caching not enabled.
[        ] Caching disabled for ExternalDependencyInstrumentingArtifactTransform: /root/.gradle/caches/8.14/transforms/4dd6c31c3b5681527bcbdfedd4541d56/transformed/merge/instrumentation-dependencies.bin because:
[        ]   Build cache is disabled
[        ]   Caching not enabled.
[        ] Caching disabled for MergeInstrumentationAnalysisTransform: /root/.gradle/caches/8.14/transforms/bba26ce9d4929ee6f0a1b57416514b2e/transformed/analysis/instrumentation-hierarchy.bin because:
[        ]   Build cache is disabled
[        ]   Caching not enabled.
[        ] Caching disabled for MergeInstrumentationAnalysisTransform: /root/.gradle/caches/8.14/transforms/bba26ce9d4929ee6f0a1b57416514b2e/transformed/analysis/instrumentation-dependencies.bin because:
[        ]   Build cache is disabled
[        ]   Caching not enabled.
[        ] Caching disabled for MergeInstrumentationAnalysisTransform: /root/.gradle/caches/modules-2/files-2.1/org.ow2.asm/asm-analysis/9.1/4f61b83b81d8b659958f4bcc48907e93ecea55a0/asm-analysis-9.1.jar because:
[        ]   Build cache is disabled
[        ]   Caching not enabled.
[        ] Caching disabled for MergeInstrumentationAnalysisTransform: /root/.gradle/caches/modules-2/files-2.1/org.ow2.asm/asm-util/9.1/36464a45d871779f3383a8a9aba2b26562a86729/asm-util-9.1.jar because:
[        ]   Build cache is disabled
[        ]   Caching not enabled.
[        ] Caching disabled for ExternalDependencyInstrumentingArtifactTransform: /root/.gradle/caches/modules-2/files-2.1/com.android.tools/common/30.1.1/df561f19a94009b224ed5c3b42f615f81882b28/common-30.1.1.jar because:
[        ]   Build cache is disabled
[        ]   Caching not enabled.
[        ] Caching disabled for MergeInstrumentationAnalysisTransform: /root/.gradle/caches/8.14/transforms/94e13879a5a5c7de37f139831c6350f2/transformed/analysis/instrumentation-hierarchy.bin because:
[        ]   Build cache is disabled
[        ]   Caching not enabled.
[        ] Caching disabled for MergeInstrumentationAnalysisTransform: /root/.gradle/caches/8.14/transforms/24273519dcc2fc487d1520a13e026fa2/transformed/analysis/instrumentation-hierarchy.bin because:
[        ]   Build cache is disabled
[        ]   Caching not enabled.
[        ] Caching disabled for MergeInstrumentationAnalysisTransform: /root/.gradle/caches/8.14/transforms/ed65f91c00c1a66aae67d6519b91a504/transformed/analysis/instrumentation-hierarchy.bin because:
[        ]   Build cache is disabled
[        ]   Caching not enabled.
[        ] Caching disabled for ExternalDependencyInstrumentingArtifactTransform: /root/.gradle/caches/modules-2/files-2.1/org.jetbrains.dokka/dokka-core/1.4.32/3011d0a885e87643e41d41a902e5905934251499/dokka-core-1.4.32.jar because:
[        ]   Build cache is disabled
[        ]   Caching not enabled.
[        ] Caching disabled for ExternalDependencyInstrumentingArtifactTransform: /root/.gradle/caches/modules-2/files-2.1/org.jetbrains.kotlin/kotlin-daemon-client/1.8.10/d0d648d6ae17e1690f9274602c87a06b13ca91db/kotlin-daemon-client-1.8.10.jar because:
[        ]   Build cache is disabled
[        ]   Caching not enabled.
[        ] Caching disabled for MergeInstrumentationAnalysisTransform: /root/.gradle/caches/8.14/transforms/94e13879a5a5c7de37f139831c6350f2/transformed/analysis/instrumentation-dependencies.bin because:
[        ]   Build cache is disabled
[        ]   Caching not enabled.
[        ] Caching disabled for MergeInstrumentationAnalysisTransform: /root/.gradle/caches/modules-2/files-2.1/org.ow2.asm/asm-tree/9.1/c333f2a855069cb8eb17a40a3eb8b1b67755d0eb/asm-tree-9.1.jar because:
[        ]   Build cache is disabled
[        ]   Caching not enabled.
[        ] Caching disabled for MergeInstrumentationAnalysisTransform: /root/.gradle/caches/8.14/transforms/ed65f91c00c1a66aae67d6519b91a504/transformed/analysis/instrumentation-dependencies.bin because:
[        ]   Build cache is disabled
[        ]   Caching not enabled.
[        ] Caching disabled for MergeInstrumentationAnalysisTransform: /root/.gradle/caches/8.14/transforms/24273519dcc2fc487d1520a13e026fa2/transformed/analysis/instrumentation-dependencies.bin because:
[        ]   Build cache is disabled
[        ]   Caching not enabled.
[        ] Caching disabled for MergeInstrumentationAnalysisTransform: /root/.gradle/caches/8.14/transforms/7d0b495da3e94b9513f7899aa4fc052a/transformed/analysis/instrumentation-hierarchy.bin because:
[        ]   Build cache is disabled
[        ]   Caching not enabled.
[        ] Caching disabled for MergeInstrumentationAnalysisTransform: /root/.gradle/caches/8.14/transforms/041eba63e7ce85d7556b402cd7fc89ad/transformed/analysis/instrumentation-hierarchy.bin because:
[        ]   Build cache is disabled
[        ]   Caching not enabled.
[        ] Caching disabled for ExternalDependencyInstrumentingArtifactTransform: /root/.gradle/caches/modules-2/files-2.1/com.android.tools.build.jetifier/jetifier-processor/1.0.0-beta09/fb2a015ff56e24939a88593ac73b84e627864476/jetifier-processor-1.0.0-beta09.jar because:
[        ]   Build cache is disabled
[        ]   Caching not enabled.
[        ] Caching disabled for MergeInstrumentationAnalysisTransform: /root/.gradle/caches/8.14/transforms/38718154af92971d236fd5af51511df9/transformed/analysis/instrumentation-hierarchy.bin because:
[        ]   Build cache is disabled
[        ]   Caching not enabled.
[        ] Caching disabled for MergeInstrumentationAnalysisTransform: /root/.gradle/caches/modules-2/files-2.1/org.ow2.asm/asm/9.1/a99500cf6eea30535eeac6be73899d048f8d12a8/asm-9.1.jar because:
[        ]   Build cache is disabled
[        ]   Caching not enabled.
[        ] Caching disabled for MergeInstrumentationAnalysisTransform: /root/.gradle/caches/8.14/transforms/7d0b495da3e94b9513f7899aa4fc052a/transformed/analysis/instrumentation-dependencies.bin because:
[        ]   Build cache is disabled
[        ]   Caching not enabled.
[        ] Caching disabled for MergeInstrumentationAnalysisTransform: /root/.gradle/caches/modules-2/files-2.1/com.android.tools.build/apkzlib/7.1.1/f33ce847854150059128ff21633e1135c3b8b10e/apkzlib-7.1.1.jar because:
[        ]   Build cache is disabled
[        ]   Caching not enabled.
[        ] Caching disabled for MergeInstrumentationAnalysisTransform: /root/.gradle/caches/8.14/transforms/041eba63e7ce85d7556b402cd7fc89ad/transformed/analysis/instrumentation-dependencies.bin because:
[        ]   Build cache is disabled
[        ]   Caching not enabled.
[        ] Caching disabled for MergeInstrumentationAnalysisTransform: /root/.gradle/caches/8.14/transforms/38718154af92971d236fd5af51511df9/transformed/analysis/instrumentation-dependencies.bin because:
[        ]   Build cache is disabled
[        ]   Caching not enabled.
[        ] Caching disabled for MergeInstrumentationAnalysisTransform: /root/.gradle/caches/8.14/transforms/214e8f2365bd43e4a8ccb1573a478784/transformed/analysis/instrumentation-hierarchy.bin because:
[        ]   Build cache is disabled
[        ]   Caching not enabled.
[        ] Caching disabled for MergeInstrumentationAnalysisTransform: /root/.gradle/caches/modules-2/files-2.1/org.bouncycastle/bcpkix-jdk15on/1.56/4648af70268b6fdb24674fb1fd7c1fcc73db1231/bcpkix-jdk15on-1.56.jar because:
[        ]   Build cache is disabled
[        ]   Caching not enabled.
[        ] Caching disabled for MergeInstrumentationAnalysisTransform: /root/.gradle/caches/8.14/transforms/eb560120bbaa186b3ae616ab701c9794/transformed/analysis/instrumentation-hierarchy.bin because:
[        ]   Build cache is disabled
[        ]   Caching not enabled.
[        ] Caching disabled for ExternalDependencyInstrumentingArtifactTransform: /root/.gradle/caches/8.14/transforms/affff5066c6ee89a7c6048a0db021943/transformed/merge/instrumentation-dependencies.bin because:
[        ]   Build cache is disabled
[        ]   Caching not enabled.
[        ] Caching disabled for MergeInstrumentationAnalysisTransform: /root/.gradle/caches/modules-2/files-2.1/com.android.tools.build.jetifier/jetifier-core/1.0.0-beta09/c98ee0e5579aed97e17f605a89b101115a2f5a61/jetifier-core-1.0.0-beta09.jar because:
[        ]   Build cache is disabled
[        ]   Caching not enabled.
[        ] Caching disabled for MergeInstrumentationAnalysisTransform: /root/.gradle/caches/8.14/transforms/214e8f2365bd43e4a8ccb1573a478784/transformed/analysis/instrumentation-dependencies.bin because:
[        ]   Build cache is disabled
[        ]   Caching not enabled.
[        ] Caching disabled for MergeInstrumentationAnalysisTransform: /root/.gradle/caches/8.14/transforms/eb560120bbaa186b3ae616ab701c9794/transformed/analysis/instrumentation-dependencies.bin because:
[        ]   Build cache is disabled
[        ]   Caching not enabled.
[        ] Caching disabled for MergeInstrumentationAnalysisTransform: /root/.gradle/caches/modules-2/files-2.1/org.glassfish.jaxb/jaxb-runtime/2.3.2/5528bc882ea499a09d720b42af11785c4fc6be2a/jaxb-runtime-2.3.2.jar because:
[        ]   Build cache is disabled
[        ]   Caching not enabled.
[        ] Caching disabled for MergeInstrumentationAnalysisTransform: /root/.gradle/caches/modules-2/files-2.1/net.sf.jopt-simple/jopt-simple/4.9/ee9e9eaa0a35360dcfeac129ff4923215fd65904/jopt-simple-4.9.jar because:
[        ]   Build cache is disabled
[        ]   Caching not enabled.
[        ] Caching disabled for ExternalDependencyInstrumentingArtifactTransform: /root/.gradle/caches/8.14/transforms/4a896d59fc05cda891432301db607ba6/transformed/merge/instrumentation-dependencies.bin because:
[        ]   Build cache is disabled
[        ]   Caching not enabled.
[        ] Caching disabled for ExternalDependencyInstrumentingArtifactTransform: /root/.gradle/caches/8.14/transforms/425b40e94906dc8af039dfacd41a00a6/transformed/merge/instrumentation-dependencies.bin because:
[        ]   Build cache is disabled
[        ]   Caching not enabled.
[        ] Caching disabled for MergeInstrumentationAnalysisTransform: /root/.gradle/caches/8.14/transforms/0caf9b8b758f698ac5771df40cb2730d/transformed/analysis/instrumentation-hierarchy.bin because:
[        ]   Build cache is disabled
[        ]   Caching not enabled.
[        ] Caching disabled for MergeInstrumentationAnalysisTransform: /root/.gradle/caches/modules-2/files-2.1/com.squareup/javapoet/1.10.0/712c178d35185d8261295913c9f2a7d6867a6007/javapoet-1.10.0.jar because:
[        ]   Build cache is disabled
[        ]   Caching not enabled.
[        ] Caching disabled for MergeInstrumentationAnalysisTransform: /root/.gradle/caches/8.14/transforms/ba19182bbadb15511df0cad1a3f6baed/transformed/analysis/instrumentation-hierarchy.bin because:
[        ]   Build cache is disabled
[        ]   Caching not enabled.
[        ] Caching disabled for MergeInstrumentationAnalysisTransform: /root/.gradle/caches/modules-2/files-2.1/com.google.protobuf/protobuf-java-util/3.10.0/a68c906db83e93babbb4024ce91e7441bb7598dd/protobuf-java-util-3.10.0.jar because:
[        ]   Build cache is disabled
[        ]   Caching not enabled.
[        ] Caching disabled for MergeInstrumentationAnalysisTransform: /root/.gradle/caches/8.14/transforms/ba19182bbadb15511df0cad1a3f6baed/transformed/analysis/instrumentation-dependencies.bin because:
[        ]   Build cache is disabled
[        ]   Caching not enabled.
[        ] Caching disabled for MergeInstrumentationAnalysisTransform: /root/.gradle/caches/8.14/transforms/0caf9b8b758f698ac5771df40cb2730d/transformed/analysis/instrumentation-dependencies.bin because:
[        ]   Build cache is disabled
[        ]   Caching not enabled.
[        ] Caching disabled for MergeInstrumentationAnalysisTransform: /root/.gradle/caches/8.14/transforms/aca7e2b8c9581121da69d12d67b52ff7/transformed/analysis/instrumentation-hierarchy.bin because:
[        ]   Build cache is disabled
[        ]   Caching not enabled.
[        ] Caching disabled for ExternalDependencyInstrumentingArtifactTransform: /root/.gradle/caches/8.14/transforms/74079630db78a1e9c12340bb1d1da030/transformed/merge/instrumentation-dependencies.bin because:
[        ]   Build cache is disabled
[        ]   Caching not enabled.
[        ] Caching disabled for MergeInstrumentationAnalysisTransform: /root/.gradle/caches/8.14/transforms/aca7e2b8c9581121da69d12d67b52ff7/transformed/analysis/instrumentation-dependencies.bin because:
[        ]   Build cache is disabled
[        ]   Caching not enabled.
[        ] Caching disabled for MergeInstrumentationAnalysisTransform: /root/.gradle/caches/modules-2/files-2.1/io.grpc/grpc-protobuf/1.21.1/e2aa7a68b565e2180c934951cff7903d6d4fd3a0/grpc-protobuf-1.21.1.jar because:
[        ]   Build cache is disabled
[        ]   Caching not enabled.
[        ] Caching disabled for MergeInstrumentationAnalysisTransform: /root/.gradle/caches/modules-2/files-2.1/com.google.crypto.tink/tink/1.3.0-rc2/c7efb1ecc3b667b8a0789a1b019b06269037e19b/tink-1.3.0-rc2.jar because:
[        ]   Build cache is disabled
[        ]   Caching not enabled.
[        ] Caching disabled for ExternalDependencyInstrumentingArtifactTransform: /root/.gradle/caches/8.14/transforms/3c1aa988b1a53108411fa5935af933dd/transformed/merge/instrumentation-dependencies.bin because:
[        ]   Build cache is disabled
[        ]   Caching not enabled.
[        ] Caching disabled for MergeInstrumentationAnalysisTransform: /root/.gradle/caches/8.14/transforms/fcd3c9a149dfb88fdee2e2a39cba3dbe/transformed/analysis/instrumentation-hierarchy.bin because:
[        ]   Build cache is disabled
[        ]   Caching not enabled.
[        ] Caching disabled for MergeInstrumentationAnalysisTransform: /root/.gradle/caches/modules-2/files-2.1/com.android.tools.analytics-library/protos/30.1.1/a8eee5e72201792e52c53b1196dbdfecbc20dc7b/protos-30.1.1.jar because:
[        ]   Build cache is disabled
[        ]   Caching not enabled.
[        ] Caching disabled for MergeInstrumentationAnalysisTransform: /root/.gradle/caches/8.14/transforms/fcd3c9a149dfb88fdee2e2a39cba3dbe/transformed/analysis/instrumentation-dependencies.bin because:
[        ]   Build cache is disabled
[        ]   Caching not enabled.
[        ] Caching disabled for ExternalDependencyInstrumentingArtifactTransform: /root/.gradle/caches/8.14/transforms/0a61e3bad34efb7672dccdbdbbc62b41/transformed/merge/instrumentation-dependencies.bin because:
[        ]   Build cache is disabled
[        ]   Caching not enabled.
[        ] Caching disabled for ExternalDependencyInstrumentingArtifactTransform: /root/.gradle/caches/modules-2/files-2.1/com.android.tools.build.jetifier/jetifier-core/1.0.0-beta09/c98ee0e5579aed97e17f605a89b101115a2f5a61/jetifier-core-1.0.0-beta09.jar because:
[        ]   Build cache is disabled
[        ]   Caching not enabled.
[        ] Caching disabled for ExternalDependencyInstrumentingArtifactTransform: /root/.gradle/caches/modules-2/files-2.1/io.grpc/grpc-protobuf/1.21.1/e2aa7a68b565e2180c934951cff7903d6d4fd3a0/grpc-protobuf-1.21.1.jar because:
[        ]   Build cache is disabled
[        ]   Caching not enabled.
[        ] Caching disabled for ExternalDependencyInstrumentingArtifactTransform: /root/.gradle/caches/modules-2/files-2.1/com.google.protobuf/protobuf-java-util/3.10.0/a68c906db83e93babbb4024ce91e7441bb7598dd/protobuf-java-util-3.10.0.jar because:
[        ]   Build cache is disabled
[        ]   Caching not enabled.
[        ] Caching disabled for MergeInstrumentationAnalysisTransform: /root/.gradle/caches/8.14/transforms/b0292ee90c229b1c55e66259196bffe8/transformed/analysis/instrumentation-hierarchy.bin because:
[        ]   Build cache is disabled
[        ]   Caching not enabled.
[        ] Caching disabled for MergeInstrumentationAnalysisTransform: /root/.gradle/caches/8.14/transforms/6b592c84d0f88e9ac3b2f741445a8803/transformed/analysis/instrumentation-hierarchy.bin because:
[        ]   Build cache is disabled
[        ]   Caching not enabled.
[        ] Caching disabled for MergeInstrumentationAnalysisTransform: /root/.gradle/caches/modules-2/files-2.1/com.google.protobuf/protobuf-java/3.10.0/410b61dd0088aab4caa05739558d43df248958c9/protobuf-java-3.10.0.jar because:
[        ]   Build cache is disabled
[        ]   Caching not enabled.
[        ] Caching disabled for MergeInstrumentationAnalysisTransform: /root/.gradle/caches/8.14/transforms/b0292ee90c229b1c55e66259196bffe8/transformed/analysis/instrumentation-dependencies.bin because:
[        ]   Build cache is disabled
[        ]   Caching not enabled.
[  +67 ms] Caching disabled for MergeInstrumentationAnalysisTransform: /root/.gradle/caches/8.14/transforms/6b592c84d0f88e9ac3b2f741445a8803/transformed/analysis/instrumentation-dependencies.bin because:
[        ]   Build cache is disabled
[        ]   Caching not enabled.
[        ] Caching disabled for ExternalDependencyInstrumentingArtifactTransform: /root/.gradle/caches/8.14/transforms/a094f0820b964936567114f0b553124d/transformed/merge/instrumentation-dependencies.bin because:
[        ]   Build cache is disabled
[        ]   Caching not enabled.
[        ] Caching disabled for MergeInstrumentationAnalysisTransform: /root/.gradle/caches/8.14/transforms/f54d83957c5f24c843c3f7102bb90b2a/transformed/analysis/instrumentation-hierarchy.bin because:
[        ]   Build cache is disabled
[        ]   Caching not enabled.
[        ] Caching disabled for ExternalDependencyInstrumentingArtifactTransform: /root/.gradle/caches/modules-2/files-2.1/com.android.tools.build/apkzlib/7.1.1/f33ce847854150059128ff21633e1135c3b8b10e/apkzlib-7.1.1.jar because:
[        ]   Build cache is disabled
[        ]   Caching not enabled.
[        ] Caching disabled for MergeInstrumentationAnalysisTransform: /root/.gradle/caches/modules-2/files-2.1/io.grpc/grpc-netty/1.21.1/7d21fd499ac6856fec0754d6f3c1df03065e82e0/grpc-netty-1.21.1.jar because:
[        ]   Build cache is disabled
[        ]   Caching not enabled.
[        ] Caching disabled for MergeInstrumentationAnalysisTransform: /root/.gradle/caches/8.14/transforms/f54d83957c5f24c843c3f7102bb90b2a/transformed/analysis/instrumentation-dependencies.bin because:
[        ]   Build cache is disabled
[        ]   Caching not enabled.
[        ] Caching disabled for MergeInstrumentationAnalysisTransform: /root/.gradle/caches/8.14/transforms/e501789bf852f5bafc8bcb3c3ec8e351/transformed/analysis/instrumentation-hierarchy.bin because:
[        ]   Build cache is disabled
[        ]   Caching not enabled.
[        ] Caching disabled for MergeInstrumentationAnalysisTransform: /root/.gradle/caches/modules-2/files-2.1/io.grpc/grpc-core/1.21.1/ba6f9c6cc943e9f88e8716ede7ceaad3b8b14f8f/grpc-core-1.21.1.jar because:
[        ]   Build cache is disabled
[        ]   Caching not enabled.
[        ] Caching disabled for MergeInstrumentationAnalysisTransform: /root/.gradle/caches/8.14/transforms/e501789bf852f5bafc8bcb3c3ec8e351/transformed/analysis/instrumentation-dependencies.bin because:
[        ]   Build cache is disabled
[        ]   Caching not enabled.
[        ] Caching disabled for ExternalDependencyInstrumentingArtifactTransform: /root/.gradle/caches/8.14/transforms/14bbe59730e81ac8c061a4241f62481f/transformed/merge/instrumentation-dependencies.bin because:
[        ]   Build cache is disabled
[        ]   Caching not enabled.
[        ] Caching disabled for ExternalDependencyInstrumentingArtifactTransform: /root/.gradle/caches/8.14/transforms/c0e4625d7588cfa01f86ad86d259f598/transformed/merge/instrumentation-dependencies.bin because:
[        ]   Build cache is disabled
[        ]   Caching not enabled.
[        ] Caching disabled for MergeInstrumentationAnalysisTransform: /root/.gradle/caches/modules-2/files-2.1/io.grpc/grpc-stub/1.21.1/a5646c3bfd04c9e40d6680cf474f8a64611cf3f6/grpc-stub-1.21.1.jar because:
[        ]   Build cache is disabled
[        ]   Caching not enabled.
[        ] Caching disabled for MergeInstrumentationAnalysisTransform: /root/.gradle/caches/modules-2/files-2.1/com.google.code.gson/gson/2.8.6/9180733b7df8542621dc12e21e87557e8c99b8cb/gson-2.8.6.jar because:
[        ]   Build cache is disabled
[        ]   Caching not enabled.
[        ] Caching disabled for ExternalDependencyInstrumentingArtifactTransform: /root/.gradle/caches/8.14/transforms/b2692c625a0b85b707f4a8fc5a927d8d/transformed/merge/instrumentation-dependencies.bin because:
[        ]   Build cache is disabled
[        ]   Caching not enabled.
[        ] Caching disabled for ExternalDependencyInstrumentingArtifactTransform: /root/.gradle/caches/8.14/transforms/7c246f085270a51467e3cbd9d79647d8/transformed/merge/instrumentation-dependencies.bin because:
[        ]   Build cache is disabled
[        ]   Caching not enabled.
[        ] Caching disabled for ExternalDependencyInstrumentingArtifactTransform: /root/.gradle/caches/modules-2/files-2.1/io.grpc/grpc-stub/1.21.1/a5646c3bfd04c9e40d6680cf474f8a64611cf3f6/grpc-stub-1.21.1.jar because:
[        ]   Build cache is disabled
[        ]   Caching not enabled.
[        ] Caching disabled for MergeInstrumentationAnalysisTransform: /root/.gradle/caches/8.14/transforms/c0b595e3e9d61ac7a292f8061405097a/transformed/analysis/instrumentation-hierarchy.bin because:
[        ]   Build cache is disabled
[        ]   Caching not enabled.
[        ] Caching disabled for MergeInstrumentationAnalysisTransform: /root/.gradle/caches/8.14/transforms/c0b595e3e9d61ac7a292f8061405097a/transformed/analysis/instrumentation-dependencies.bin because:
[        ]   Build cache is disabled
[        ]   Caching not enabled.
[        ] Caching disabled for MergeInstrumentationAnalysisTransform: /root/.gradle/caches/modules-2/files-2.1/com.google.testing.platform/core-proto/0.0.8-alpha07/901b629a7684aa0cae060a7f23f385297add1e26/core-proto-0.0.8-alpha07.jar because:
[        ]   Build cache is disabled
[        ]   Caching not enabled.
[        ] Caching disabled for MergeInstrumentationAnalysisTransform: /root/.gradle/caches/8.14/transforms/29652b12d54e1ca59c7fe2266799493b/transformed/analysis/instrumentation-hierarchy.bin because:
[        ]   Build cache is disabled
[        ]   Caching not enabled.
[        ] Caching disabled for ExternalDependencyInstrumentingArtifactTransform: /root/.gradle/caches/modules-2/files-2.1/org.bouncycastle/bcpkix-jdk15on/1.56/4648af70268b6fdb24674fb1fd7c1fcc73db1231/bcpkix-jdk15on-1.56.jar because:
[        ]   Build cache is disabled
[        ]   Caching not enabled.
[        ] Caching disabled for MergeInstrumentationAnalysisTransform: /root/.gradle/caches/8.14/transforms/29652b12d54e1ca59c7fe2266799493b/transformed/analysis/instrumentation-dependencies.bin because:
[        ]   Build cache is disabled
[        ]   Caching not enabled.
[        ] Caching disabled for ExternalDependencyInstrumentingArtifactTransform: /root/.gradle/caches/modules-2/files-2.1/io.grpc/grpc-netty/1.21.1/7d21fd499ac6856fec0754d6f3c1df03065e82e0/grpc-netty-1.21.1.jar because:
[        ]   Build cache is disabled
[        ]   Caching not enabled.
[        ] Caching disabled for MergeInstrumentationAnalysisTransform: /root/.gradle/caches/8.14/transforms/e1af31b6f6841aeef4f866f19498c6b7/transformed/analysis/instrumentation-hierarchy.bin because:
[        ]   Build cache is disabled
[        ]   Caching not enabled.
[        ] Caching disabled for MergeInstrumentationAnalysisTransform: /root/.gradle/caches/8.14/transforms/e1af31b6f6841aeef4f866f19498c6b7/transformed/analysis/instrumentation-dependencies.bin because:
[        ]   Build cache is disabled
[        ]   Caching not enabled.
[        ] Caching disabled for MergeInstrumentationAnalysisTransform: /root/.gradle/caches/8.14/transforms/e7d6e3f594b2b0696111b25fd47002f4/transformed/analysis/instrumentation-dependencies.bin because:
[        ]   Build cache is disabled
[        ]   Caching not enabled.
[  +95 ms] Caching disabled for MergeInstrumentationAnalysisTransform: /root/.gradle/caches/modules-2/files-2.1/org.tensorflow/tensorflow-lite-metadata/0.1.0-rc2/7aa9b3e16d85c2aae5eff741265315a37c9f731a/tensorflow-lite-metadata-0.1.0-rc2.jar because:
[        ]   Build cache is disabled
[        ]   Caching not enabled.
[        ] Caching disabled for ExternalDependencyInstrumentingArtifactTransform: /root/.gradle/caches/modules-2/files-2.1/com.google.code.gson/gson/2.8.6/9180733b7df8542621dc12e21e87557e8c99b8cb/gson-2.8.6.jar because:
[        ]   Build cache is disabled
[        ]   Caching not enabled.
[        ] Caching disabled for MergeInstrumentationAnalysisTransform: /root/.gradle/caches/modules-2/files-2.1/com.google.flatbuffers/flatbuffers-java/1.12.0/8201cc7b511177a37071249e891f2f2fea4b32e9/flatbuffers-java-1.12.0.jar because:
[        ]   Build cache is disabled
[        ]   Caching not enabled.
[        ] Caching disabled for MergeInstrumentationAnalysisTransform: /root/.gradle/caches/8.14/transforms/97b33581213f200e14b0ea98166e60c2/transformed/analysis/instrumentation-hierarchy.bin because:
[        ]   Build cache is disabled
[        ]   Caching not enabled.
[        ] Caching disabled for MergeInstrumentationAnalysisTransform: /root/.gradle/caches/modules-2/files-2.1/org.jetbrains.kotlin/kotlin-gradle-plugin-model/1.8.10/22cff511171b6f721ba91e0a869c4a66108cf9dd/kotlin-gradle-plugin-model-1.8.10.jar because:
[        ]   Build cache is disabled
[        ]   Caching not enabled.
[        ] Caching disabled for MergeInstrumentationAnalysisTransform: /root/.gradle/caches/8.14/transforms/44017887f63fbf4d48417e0b1e7ba72d/transformed/analysis/instrumentation-hierarchy.bin because:
[        ]   Build cache is disabled
[        ]   Caching not enabled.
[        ] Caching disabled for MergeInstrumentationAnalysisTransform: /root/.gradle/caches/8.14/transforms/97b33581213f200e14b0ea98166e60c2/transformed/analysis/instrumentation-dependencies.bin because:
[        ]   Build cache is disabled
[        ]   Caching not enabled.
[        ] Caching disabled for ExternalDependencyInstrumentingArtifactTransform: /root/.gradle/caches/8.14/transforms/0a91940f07b260b787e58b54f00ab058/transformed/merge/instrumentation-dependencies.bin because:
[        ]   Build cache is disabled
[        ]   Caching not enabled.
[        ] Caching disabled for MergeInstrumentationAnalysisTransform: /root/.gradle/caches/8.14/transforms/d9a2db7244f9a696a65aba6c6ddb18c6/transformed/analysis/instrumentation-dependencies.bin because:
[        ]   Build cache is disabled
[        ]   Caching not enabled.
[        ] Caching disabled for MergeInstrumentationAnalysisTransform: /root/.gradle/caches/8.14/transforms/44017887f63fbf4d48417e0b1e7ba72d/transformed/analysis/instrumentation-dependencies.bin because:
[        ]   Build cache is disabled
[        ]   Caching not enabled.
[        ] Caching disabled for ExternalDependencyInstrumentingArtifactTransform: /root/.gradle/caches/modules-2/files-2.1/org.jetbrains.kotlin/kotlin-gradle-plugin-model/1.8.10/22cff511171b6f721ba91e0a869c4a66108cf9dd/kotlin-gradle-plugin-model-1.8.10.jar because:
[        ]   Build cache is disabled
[        ]   Caching not enabled.
[        ] Caching disabled for MergeInstrumentationAnalysisTransform: /root/.gradle/caches/modules-2/files-2.1/org.jetbrains.kotlin/kotlin-gradle-plugin-api/1.8.10/71bb7a6e45dfa34ee566f88280c2b1d0514cb473/kotlin-gradle-plugin-api-1.8.10-gradle76.jar because:
[        ]   Build cache is disabled
[        ]   Caching not enabled.
[        ] Caching disabled for MergeInstrumentationAnalysisTransform: /root/.gradle/caches/8.14/transforms/108f48a94dfe579f3cf2c7864298ead9/transformed/analysis/instrumentation-hierarchy.bin because:
[        ]   Build cache is disabled
[        ]   Caching not enabled.
[        ] Caching disabled for ExternalDependencyInstrumentingArtifactTransform: /root/.gradle/caches/8.14/transforms/07d3e92ea106259764ce4067ba454233/transformed/merge/instrumentation-dependencies.bin because:
[        ]   Build cache is disabled
[        ]   Caching not enabled.
[        ] Caching disabled for MergeInstrumentationAnalysisTransform: /root/.gradle/caches/modules-2/files-2.1/org.jetbrains.kotlin/kotlin-gradle-plugin-api/1.8.10/71bb7a6e45dfa34ee566f88280c2b1d0514cb473/kotlin-gradle-plugin-api-1.8.10.jar because:
[        ]   Build cache is disabled
[        ]   Caching not enabled.
[        ] Caching disabled for MergeInstrumentationAnalysisTransform: /root/.gradle/caches/modules-2/files-2.1/org.jetbrains.kotlin/kotlin-gradle-plugin-idea-proto/1.8.10/e8e159ed51df71ce411e492cef6ed02548d7aae6/kotlin-gradle-plugin-idea-proto-1.8.10.jar because:
[        ]   Build cache is disabled
[        ]   Caching not enabled.
[        ] Caching disabled for ExternalDependencyInstrumentingArtifactTransform: /root/.gradle/caches/8.14/transforms/d981440fe4f1a728c8a48bbeb7fb3890/transformed/merge/instrumentation-dependencies.bin because:
[        ]   Build cache is disabled
[        ]   Caching not enabled.
[        ] Caching disabled for MergeInstrumentationAnalysisTransform: /root/.gradle/caches/8.14/transforms/108f48a94dfe579f3cf2c7864298ead9/transformed/analysis/instrumentation-dependencies.bin because:
[        ]   Build cache is disabled
[        ]   Caching not enabled.
[        ] Caching disabled for ExternalDependencyInstrumentingArtifactTransform: /root/.gradle/caches/modules-2/files-2.1/io.grpc/grpc-core/1.21.1/ba6f9c6cc943e9f88e8716ede7ceaad3b8b14f8f/grpc-core-1.21.1.jar because:
[        ]   Build cache is disabled
[        ]   Caching not enabled.
[        ] Caching disabled for ExternalDependencyInstrumentingArtifactTransform: /root/.gradle/caches/8.14/transforms/b54e2b13c720670112f1408d64acabed/transformed/merge/instrumentation-dependencies.bin because:
[        ]   Build cache is disabled
[        ]   Caching not enabled.
[        ] Caching disabled for MergeInstrumentationAnalysisTransform: /root/.gradle/caches/8.14/transforms/40cb230f48f0324984558670b637de34/transformed/analysis/instrumentation-hierarchy.bin because:
[        ]   Build cache is disabled
[        ]   Caching not enabled.
[        ] Caching disabled for MergeInstrumentationAnalysisTransform: /root/.gradle/caches/modules-2/files-2.1/org.jetbrains.kotlin/kotlin-gradle-plugin-idea/1.8.10/6998138dffe44597dc30d038d26dbb1fabde2dd2/kotlin-gradle-plugin-idea-1.8.10.jar because:
[        ]   Build cache is disabled
[        ]   Caching not enabled.
[   +2 ms] Caching disabled for ExternalDependencyInstrumentingArtifactTransform: /root/.gradle/caches/8.14/transforms/9c4784446dd1906ea9421e8a027599fb/transformed/merge/instrumentation-dependencies.bin because:
[        ]   Build cache is disabled
[        ]   Caching not enabled.
[        ] Caching disabled for MergeInstrumentationAnalysisTransform: /root/.gradle/caches/8.14/transforms/40cb230f48f0324984558670b637de34/transformed/analysis/instrumentation-dependencies.bin because:
[        ]   Build cache is disabled
[        ]   Caching not enabled.
[        ] Caching disabled for MergeInstrumentationAnalysisTransform: /root/.gradle/caches/modules-2/files-2.1/org.jetbrains.kotlin/kotlin-project-model/1.8.10/b08f8eca6a556f00b9f2fbacc7aeafc6914b9f1d/kotlin-project-model-1.8.10.jar because:
[        ]   Build cache is disabled
[        ]   Caching not enabled.
[   +1 ms] Caching disabled for ExternalDependencyInstrumentingArtifactTransform: /root/.gradle/caches/8.14/transforms/ffb68e6d63db04b5e9ba2c068fdc359b/transformed/merge/instrumentation-dependencies.bin because:
[        ]   Build cache is disabled
[        ]   Caching not enabled.
[        ] Caching disabled for ExternalDependencyInstrumentingArtifactTransform: /root/.gradle/caches/modules-2/files-2.1/org.jetbrains.kotlin/kotlin-gradle-plugin-api/1.8.10/71bb7a6e45dfa34ee566f88280c2b1d0514cb473/kotlin-gradle-plugin-api-1.8.10.jar because:
[        ]   Build cache is disabled
[        ]   Caching not enabled.
[        ] Caching disabled for ExternalDependencyInstrumentingArtifactTransform: /root/.gradle/caches/modules-2/files-2.1/org.jetbrains.kotlin/kotlin-gradle-plugin-api/1.8.10/71bb7a6e45dfa34ee566f88280c2b1d0514cb473/kotlin-gradle-plugin-api-1.8.10-gradle76.jar because:
[        ]   Build cache is disabled
[        ]   Caching not enabled.
[        ] Caching disabled for ExternalDependencyInstrumentingArtifactTransform: /root/.gradle/caches/modules-2/files-2.1/org.jetbrains.kotlin/kotlin-gradle-plugin-idea/1.8.10/6998138dffe44597dc30d038d26dbb1fabde2dd2/kotlin-gradle-plugin-idea-1.8.10.jar because:
[        ]   Build cache is disabled
[        ]   Caching not enabled.
[        ] Caching disabled for MergeInstrumentationAnalysisTransform: /root/.gradle/caches/8.14/transforms/d0942a93ba9cc590a8872921cf10a6c7/transformed/analysis/instrumentation-hierarchy.bin because:
[        ]   Build cache is disabled
[        ]   Caching not enabled.
[        ] Caching disabled for MergeInstrumentationAnalysisTransform: /root/.gradle/caches/8.14/transforms/03ec54bb3b72bf2ce8df4c22972ce630/transformed/analysis/instrumentation-hierarchy.bin because:
[        ]   Build cache is disabled
[        ]   Caching not enabled.
[        ] Caching disabled for MergeInstrumentationAnalysisTransform: /root/.gradle/caches/8.14/transforms/d0942a93ba9cc590a8872921cf10a6c7/transformed/analysis/instrumentation-dependencies.bin because:
[        ]   Build cache is disabled
[        ]   Caching not enabled.
[        ] Caching disabled for MergeInstrumentationAnalysisTransform: /root/.gradle/caches/8.14/transforms/03ec54bb3b72bf2ce8df4c22972ce630/transformed/analysis/instrumentation-dependencies.bin because:
[        ]   Build cache is disabled
[        ]   Caching not enabled.
[        ] Caching disabled for MergeInstrumentationAnalysisTransform: /root/.gradle/caches/modules-2/files-2.1/org.jetbrains.kotlin/kotlin-tooling-core/1.8.10/da3a4252e4b48833eb566227b2baecbaede8993/kotlin-tooling-core-1.8.10.jar because:
[        ]   Build cache is disabled
[        ]   Caching not enabled.
[        ] Caching disabled for MergeInstrumentationAnalysisTransform: /root/.gradle/caches/modules-2/files-2.1/org.jetbrains.kotlin/kotlin-klib-commonizer-api/1.8.10/f9e8817583a6a8c0caadaf018eea55020fc0ddae/kotlin-klib-commonizer-api-1.8.10.jar because:
[        ]   Build cache is disabled
[        ]   Caching not enabled.
[        ] Caching disabled for ExternalDependencyInstrumentingArtifactTransform: /root/.gradle/caches/8.14/transforms/1afce287d360a4acd9326beb64fe8e99/transformed/merge/instrumentation-dependencies.bin because:
[        ]   Build cache is disabled
[        ]   Caching not enabled.
[        ] Caching disabled for ExternalDependencyInstrumentingArtifactTransform: /root/.gradle/caches/modules-2/files-2.1/org.jetbrains.kotlin/kotlin-project-model/1.8.10/b08f8eca6a556f00b9f2fbacc7aeafc6914b9f1d/kotlin-project-model-1.8.10.jar because:
[        ]   Build cache is disabled
[        ]   Caching not enabled.
[        ] Caching disabled for ExternalDependencyInstrumentingArtifactTransform: /root/.gradle/caches/8.14/transforms/1eb2bd2ea78ec38a96c0909e36bf5454/transformed/merge/instrumentation-dependencies.bin because:
[        ]   Build cache is disabled
[        ]   Caching not enabled.
[        ] Caching disabled for MergeInstrumentationAnalysisTransform: /root/.gradle/caches/8.14/transforms/390943fd7b3d8098a1fa52ddc6e2999f/transformed/analysis/instrumentation-hierarchy.bin because:
[        ]   Build cache is disabled
[        ]   Caching not enabled.
[        ] Caching disabled for ExternalDependencyInstrumentingArtifactTransform: /root/.gradle/caches/modules-2/files-2.1/org.jetbrains.kotlin/kotlin-tooling-core/1.8.10/da3a4252e4b48833eb566227b2baecbaede8993/kotlin-tooling-core-1.8.10.jar because:
[        ]   Build cache is disabled
[        ]   Caching not enabled.
[        ] Caching disabled for MergeInstrumentationAnalysisTransform: /root/.gradle/caches/8.14/transforms/390943fd7b3d8098a1fa52ddc6e2999f/transformed/analysis/instrumentation-dependencies.bin because:
[        ]   Build cache is disabled
[        ]   Caching not enabled.
[        ] Caching disabled for MergeInstrumentationAnalysisTransform: /root/.gradle/caches/8.14/transforms/41947ac92705781cda1d818ee130f180/transformed/analysis/instrumentation-hierarchy.bin because:
[        ]   Build cache is disabled
[        ]   Caching not enabled.
[        ] Caching disabled for MergeInstrumentationAnalysisTransform: /root/.gradle/caches/8.14/transforms/41947ac92705781cda1d818ee130f180/transformed/analysis/instrumentation-dependencies.bin because:
[        ]   Build cache is disabled
[        ]   Caching not enabled.
[        ] Caching disabled for MergeInstrumentationAnalysisTransform: /root/.gradle/caches/modules-2/files-2.1/org.jetbrains.kotlin/kotlin-annotation-processing-gradle/1.8.10/ad05a4188f984f89630571206974f0cf52d7ab8f/kotlin-annotation-processing-gradle-1.8.10.jar because:
[        ]   Build cache is disabled
[        ]   Caching not enabled.
[        ] Caching disabled for ExternalDependencyInstrumentingArtifactTransform: /root/.gradle/caches/modules-2/files-2.1/org.jetbrains.kotlin/kotlin-klib-commonizer-api/1.8.10/f9e8817583a6a8c0caadaf018eea55020fc0ddae/kotlin-klib-commonizer-api-1.8.10.jar because:
[        ]   Build cache is disabled
[        ]   Caching not enabled.
[        ] Caching disabled for MergeInstrumentationAnalysisTransform: /root/.gradle/caches/modules-2/files-2.1/org.jetbrains.kotlin/kotlin-android-extensions/1.8.10/668153137124514e37448d30d21f3100a4b2f696/kotlin-android-extensions-1.8.10.jar because:
[        ]   Build cache is disabled
[        ]   Caching not enabled.
[        ] Caching disabled for ExternalDependencyInstrumentingArtifactTransform: /root/.gradle/caches/8.14/transforms/072be949a5fcf5dcb1bc9f3d31e76eff/transformed/merge/instrumentation-dependencies.bin because:
[        ]   Build cache is disabled
[        ]   Caching not enabled.
[        ] Caching disabled for MergeInstrumentationAnalysisTransform: /root/.gradle/caches/8.14/transforms/f1c5c26c7c43ab95178d4c88e19bd6f7/transformed/analysis/instrumentation-hierarchy.bin because:
[        ]   Build cache is disabled
[        ]   Caching not enabled.
[        ] Caching disabled for ExternalDependencyInstrumentingArtifactTransform: /root/.gradle/caches/8.14/transforms/3178a79b3e7cae43badfacbb4284b068/transformed/merge/instrumentation-dependencies.bin because:
[        ]   Build cache is disabled
[   +2 ms]   Caching not enabled.
[        ] Caching disabled for MergeInstrumentationAnalysisTransform: /root/.gradle/caches/8.14/transforms/f1c5c26c7c43ab95178d4c88e19bd6f7/transformed/analysis/instrumentation-dependencies.bin because:
[        ]   Build cache is disabled
[        ]   Caching not enabled.
[  +83 ms] Caching disabled for ExternalDependencyInstrumentingArtifactTransform: /root/.gradle/caches/modules-2/files-2.1/org.jetbrains.kotlin/kotlin-android-extensions/1.8.10/668153137124514e37448d30d21f3100a4b2f696/kotlin-android-extensions-1.8.10.jar because:
[        ]   Build cache is disabled
[        ]   Caching not enabled.
[        ] Caching disabled for ExternalDependencyInstrumentingArtifactTransform: /root/.gradle/caches/modules-2/files-2.1/org.jetbrains.kotlin/kotlin-annotation-processing-gradle/1.8.10/ad05a4188f984f89630571206974f0cf52d7ab8f/kotlin-annotation-processing-gradle-1.8.10.jar because:
[        ]   Build cache is disabled
[        ]   Caching not enabled.
[        ] Caching disabled for MergeInstrumentationAnalysisTransform: /root/.gradle/caches/8.14/transforms/ccb3ded68d4cab92568908313e3e73bb/transformed/analysis/instrumentation-hierarchy.bin because:
[        ]   Build cache is disabled
[        ]   Caching not enabled.
[        ] Caching disabled for MergeInstrumentationAnalysisTransform: /root/.gradle/caches/8.14/transforms/9e2e1d6397ae3a8484a6ecf7bceb54e0/transformed/analysis/instrumentation-hierarchy.bin because:
[   +1 ms]   Build cache is disabled
[        ]   Caching not enabled.
[        ] Caching disabled for ExternalDependencyInstrumentingArtifactTransform: /root/.gradle/caches/modules-2/files-2.1/com.google.protobuf/protobuf-java/3.10.0/410b61dd0088aab4caa05739558d43df248958c9/protobuf-java-3.10.0.jar because:
[        ]   Build cache is disabled
[        ]   Caching not enabled.
[   +2 ms] Caching disabled for MergeInstrumentationAnalysisTransform: /root/.gradle/caches/8.14/transforms/84ef41427b450012129e017c97c5c31e/transformed/analysis/instrumentation-hierarchy.bin because:
[        ]   Build cache is disabled
[        ]   Caching not enabled.
[        ] Caching disabled for MergeInstrumentationAnalysisTransform: /root/.gradle/caches/8.14/transforms/ccb3ded68d4cab92568908313e3e73bb/transformed/analysis/instrumentation-dependencies.bin because:
[        ]   Build cache is disabled
[        ]   Caching not enabled.
[        ] Caching disabled for MergeInstrumentationAnalysisTransform: /root/.gradle/caches/8.14/transforms/9e2e1d6397ae3a8484a6ecf7bceb54e0/transformed/analysis/instrumentation-dependencies.bin because:
[        ]   Build cache is disabled
[        ]   Caching not enabled.
[        ] Caching disabled for MergeInstrumentationAnalysisTransform: /root/.gradle/caches/8.14/transforms/84ef41427b450012129e017c97c5c31e/transformed/analysis/instrumentation-dependencies.bin because:
[        ]   Build cache is disabled
[        ]   Caching not enabled.
[        ] Caching disabled for MergeInstrumentationAnalysisTransform: /root/.gradle/caches/8.14/transforms/76f45d0ae5da0e4ce0fa615a110498a3/transformed/analysis/instrumentation-hierarchy.bin because:
[        ]   Build cache is disabled
[        ]   Caching not enabled.
[        ] Caching disabled for MergeInstrumentationAnalysisTransform: /root/.gradle/caches/8.14/transforms/76f45d0ae5da0e4ce0fa615a110498a3/transformed/analysis/instrumentation-dependencies.bin because:
[        ]   Build cache is disabled
[        ]   Caching not enabled.
[        ] Caching disabled for MergeInstrumentationAnalysisTransform: /root/.gradle/caches/modules-2/files-2.1/org.jetbrains.kotlin/kotlin-scripting-compiler-embeddable/1.8.10/1ddee9c78348b258aa716c171122be05fad17e52/kotlin-scripting-compiler-embeddable-1.8.10.jar because:
[        ]   Build cache is disabled
[        ]   Caching not enabled.
[        ] Caching disabled for MergeInstrumentationAnalysisTransform: /root/.gradle/caches/modules-2/files-2.1/org.jetbrains.kotlin/kotlin-util-klib/1.8.10/b0b80c15a34f518941f2d27e3a2311a0d87a43c5/kotlin-util-klib-1.8.10.jar because:
[        ]   Build cache is disabled
[        ]   Caching not enabled.
[        ] Caching disabled for MergeInstrumentationAnalysisTransform: /root/.gradle/caches/modules-2/files-2.1/org.jetbrains.kotlin/kotlin-scripting-compiler-impl-embeddable/1.8.10/22495670dfc473c13022481fc6097d07e8507cdf/kotlin-scripting-compiler-impl-embeddable-1.8.10.jar because:
[        ]   Build cache is disabled
[        ]   Caching not enabled.
[        ] Caching disabled for ExternalDependencyInstrumentingArtifactTransform: /root/.gradle/caches/8.14/transforms/81ae6d2b0845ea7235eb57c922092011/transformed/merge/instrumentation-dependencies.bin because:
[        ]   Build cache is disabled
[   +1 ms]   Caching not enabled.
[   +1 ms] Caching disabled for ExternalDependencyInstrumentingArtifactTransform: /root/.gradle/caches/8.14/transforms/aa23e61cb493cc4143ac626e9541c1bc/transformed/merge/instrumentation-dependencies.bin because:
[   +1 ms]   Build cache is disabled
[   +2 ms]   Caching not enabled.
[   +2 ms] Caching disabled for ExternalDependencyInstrumentingArtifactTransform: /root/.gradle/caches/8.14/transforms/26b876bec02d654060b567b1f1a26360/transformed/merge/instrumentation-dependencies.bin because:
[        ]   Build cache is disabled
[        ]   Caching not enabled.
[        ] Caching disabled for MergeInstrumentationAnalysisTransform: /root/.gradle/caches/modules-2/files-2.1/org.bouncycastle/bcprov-jdk15on/1.56/a153c6f9744a3e9dd6feab5e210e1c9861362ec7/bcprov-jdk15on-1.56.jar because:
[        ]   Build cache is disabled
[        ]   Caching not enabled.
[        ] Caching disabled for ExternalDependencyInstrumentingArtifactTransform: /root/.gradle/caches/8.14/transforms/1845e3718594a796b15a51fe18665913/transformed/merge/instrumentation-dependencies.bin because:
[        ]   Build cache is disabled
[        ]   Caching not enabled.
[   +1 ms] Caching disabled for ExternalDependencyInstrumentingArtifactTransform: /root/.gradle/caches/modules-2/files-2.1/org.jetbrains.kotlin/kotlin-util-klib/1.8.10/b0b80c15a34f518941f2d27e3a2311a0d87a43c5/kotlin-util-klib-1.8.10.jar because:
[        ]   Build cache is disabled
[        ]   Caching not enabled.
[        ] Caching disabled for MergeInstrumentationAnalysisTransform: /root/.gradle/caches/8.14/transforms/3ae60b3840f76fbc495a453c70c97bf0/transformed/analysis/instrumentation-hierarchy.bin because:
[        ]   Build cache is disabled
[        ]   Caching not enabled.
[        ] Caching disabled for MergeInstrumentationAnalysisTransform: /root/.gradle/caches/8.14/transforms/3ae60b3840f76fbc495a453c70c97bf0/transformed/analysis/instrumentation-dependencies.bin because:
[        ]   Build cache is disabled
[        ]   Caching not enabled.
[        ] Caching disabled for ExternalDependencyInstrumentingArtifactTransform: /root/.gradle/caches/modules-2/files-2.1/org.jetbrains.kotlin/kotlin-scripting-compiler-impl-embeddable/1.8.10/22495670dfc473c13022481fc6097d07e8507cdf/kotlin-scripting-compiler-impl-embeddable-1.8.10.jar because:
[        ]   Build cache is disabled
[        ]   Caching not enabled.
[        ] Caching disabled for ExternalDependencyInstrumentingArtifactTransform: /root/.gradle/caches/modules-2/files-2.1/org.jetbrains.kotlin/kotlin-scripting-compiler-embeddable/1.8.10/1ddee9c78348b258aa716c171122be05fad17e52/kotlin-scripting-compiler-embeddable-1.8.10.jar because:
[        ]   Build cache is disabled
[        ]   Caching not enabled.
[        ] Caching disabled for MergeInstrumentationAnalysisTransform: /root/.gradle/caches/modules-2/files-2.1/com.google.jimfs/jimfs/1.1/8fbd0579dc68aba6186935cc1bee21d2f3e7ec1c/jimfs-1.1.jar because:
[        ]   Build cache is disabled
[        ]   Caching not enabled.
[        ] Caching disabled for MergeInstrumentationAnalysisTransform: /root/.gradle/caches/8.14/transforms/1a72ca820849978319997c3a7bf2b3c7/transformed/analysis/instrumentation-hierarchy.bin because:
[        ]   Build cache is disabled
[        ]   Caching not enabled.
[        ] Caching disabled for MergeInstrumentationAnalysisTransform: /root/.gradle/caches/8.14/transforms/f645ff1c6db9fcf10341816e678433ba/transformed/analysis/instrumentation-hierarchy.bin because:
[        ]   Build cache is disabled
[        ]   Caching not enabled.
[        ] Caching disabled for MergeInstrumentationAnalysisTransform: /root/.gradle/caches/8.14/transforms/d5fd20e75605ecea7e6c5461c41660f7/transformed/analysis/instrumentation-hierarchy.bin because:
[        ]   Build cache is disabled
[        ]   Caching not enabled.
[        ] Caching disabled for MergeInstrumentationAnalysisTransform: /root/.gradle/caches/8.14/transforms/f645ff1c6db9fcf10341816e678433ba/transformed/analysis/instrumentation-dependencies.bin because:
[        ]   Build cache is disabled
[        ]   Caching not enabled.
[        ] Caching disabled for MergeInstrumentationAnalysisTransform: /root/.gradle/caches/8.14/transforms/1a72ca820849978319997c3a7bf2b3c7/transformed/analysis/instrumentation-dependencies.bin because:
[        ]   Build cache is disabled
[        ]   Caching not enabled.
[        ] Caching disabled for MergeInstrumentationAnalysisTransform: /root/.gradle/caches/8.14/transforms/d5fd20e75605ecea7e6c5461c41660f7/transformed/analysis/instrumentation-dependencies.bin because:
[        ]   Build cache is disabled
[        ]   Caching not enabled.
[        ] Caching disabled for MergeInstrumentationAnalysisTransform: /root/.gradle/caches/modules-2/files-2.1/io.grpc/grpc-api/1.21.1/5b4ffc280fc4dd7b4ee2357a901b1a9f15404200/grpc-api-1.21.1.jar because:
[        ]   Build cache is disabled
[        ]   Caching not enabled.
[        ] Caching disabled for ExternalDependencyInstrumentingArtifactTransform: /root/.gradle/caches/8.14/transforms/940e69f443cb7cb2ce0ce7963d99630a/transformed/merge/instrumentation-dependencies.bin because:
[        ]   Build cache is disabled
[        ]   Caching not enabled.
[        ] Caching disabled for MergeInstrumentationAnalysisTransform: /root/.gradle/caches/modules-2/files-2.1/io.grpc/grpc-protobuf-lite/1.21.1/fc62b16f89160ec81cfe0b4882bfd17a88148bde/grpc-protobuf-lite-1.21.1.jar because:
[        ]   Build cache is disabled
[        ]   Caching not enabled.
[  +74 ms] Caching disabled for ExternalDependencyInstrumentingArtifactTransform: /root/.gradle/caches/8.14/transforms/471e871533002746290c4937b593b6fe/transformed/merge/instrumentation-dependencies.bin because:
[        ]   Build cache is disabled
[        ]   Caching not enabled.
[        ] Caching disabled for ExternalDependencyInstrumentingArtifactTransform: /root/.gradle/caches/modules-2/files-2.1/io.grpc/grpc-protobuf-lite/1.21.1/fc62b16f89160ec81cfe0b4882bfd17a88148bde/grpc-protobuf-lite-1.21.1.jar because:
[        ]   Build cache is disabled
[        ]   Caching not enabled.
[        ] Caching disabled for MergeInstrumentationAnalysisTransform: /root/.gradle/caches/modules-2/files-2.1/org.jetbrains.kotlin/kotlin-compiler-embeddable/1.8.10/b0757fd774344d54ce93f5ad6c30ba1c1731c8ff/kotlin-compiler-embeddable-1.8.10.jar because:
[        ]   Build cache is disabled
[        ]   Caching not enabled.
[        ] Caching disabled for MergeInstrumentationAnalysisTransform: /root/.gradle/caches/modules-2/files-2.1/com.google.guava/guava/30.1-jre/d0c3ce2311c9e36e73228da25a6e99b2ab826f/guava-30.1-jre.jar because:
[        ]   Build cache is disabled
[        ]   Caching not enabled.
[        ] Caching disabled for MergeInstrumentationAnalysisTransform: /root/.gradle/caches/8.14/transforms/f37697c2d5557942e0f0263058b5b0e7/transformed/analysis/instrumentation-hierarchy.bin because:
[        ]   Build cache is disabled
[        ]   Caching not enabled.
[        ] Caching disabled for ExternalDependencyInstrumentingArtifactTransform: /root/.gradle/caches/8.14/transforms/8bb8366aec4ab34d6f6970b10f2163c6/transformed/merge/instrumentation-dependencies.bin because:
[        ]   Build cache is disabled
[        ]   Caching not enabled.
[        ] Caching disabled for ExternalDependencyInstrumentingArtifactTransform: /root/.gradle/caches/modules-2/files-2.1/io.grpc/grpc-api/1.21.1/5b4ffc280fc4dd7b4ee2357a901b1a9f15404200/grpc-api-1.21.1.jar because:
[        ]   Build cache is disabled
[        ]   Caching not enabled.
[        ] Caching disabled for MergeInstrumentationAnalysisTransform: /root/.gradle/caches/8.14/transforms/f37697c2d5557942e0f0263058b5b0e7/transformed/analysis/instrumentation-dependencies.bin because:
[        ]   Build cache is disabled
[        ]   Caching not enabled.
[        ] Caching disabled for MergeInstrumentationAnalysisTransform: /root/.gradle/caches/8.14/transforms/0367148b6994784364452e87b3b7e7a2/transformed/analysis/instrumentation-hierarchy.bin because:
[        ]   Build cache is disabled
[        ]   Caching not enabled.
[        ] Caching disabled for MergeInstrumentationAnalysisTransform: /root/.gradle/caches/8.14/transforms/0367148b6994784364452e87b3b7e7a2/transformed/analysis/instrumentation-dependencies.bin because:
[        ]   Build cache is disabled
[        ]   Caching not enabled.
[        ] Caching disabled for MergeInstrumentationAnalysisTransform: /root/.gradle/caches/modules-2/files-2.1/com.fasterxml.jackson.module/jackson-module-kotlin/2.11.1/3e427205246f26dac2d2f2c9ba763cbeb7b919b3/jackson-module-kotlin-2.11.1.jar because:
[        ]   Build cache is disabled
[        ]   Caching not enabled.
[        ] Caching disabled for MergeInstrumentationAnalysisTransform: /root/.gradle/caches/modules-2/files-2.1/org.jetbrains.kotlin/kotlin-reflect/1.4.32/ce852b166d97f0f1991b5130c2bb02e2ef6c554e/kotlin-reflect-1.4.32.jar because:
[        ]   Build cache is disabled
[        ]   Caching not enabled.
[        ] Caching disabled for ExternalDependencyInstrumentingArtifactTransform: /root/.gradle/caches/8.14/transforms/7d4252db32b6623571bf0a2b2dd97618/transformed/merge/instrumentation-dependencies.bin because:
[        ]   Build cache is disabled
[        ]   Caching not enabled.
[        ] Caching disabled for MergeInstrumentationAnalysisTransform: /root/.gradle/caches/8.14/transforms/ba603a8e5cd50a7c88cc1c83cedbafe1/transformed/analysis/instrumentation-hierarchy.bin because:
[        ]   Build cache is disabled
[        ]   Caching not enabled.
[        ] Caching disabled for MergeInstrumentationAnalysisTransform: /root/.gradle/caches/8.14/transforms/ba603a8e5cd50a7c88cc1c83cedbafe1/transformed/analysis/instrumentation-dependencies.bin because:
[        ]   Build cache is disabled
[        ]   Caching not enabled.
[        ] Caching disabled for MergeInstrumentationAnalysisTransform: /root/.gradle/caches/modules-2/files-2.1/com.google.dagger/dagger/2.28.3/10d83810ef9e19714116ed518896c90c6606d633/dagger-2.28.3.jar because:
[        ]   Build cache is disabled
[        ]   Caching not enabled.
[        ] Caching disabled for MergeInstrumentationAnalysisTransform: /root/.gradle/caches/8.14/transforms/1f33ebe59883eca7cf0b19e5fe8de863/transformed/analysis/instrumentation-dependencies.bin because:
[        ]   Build cache is disabled
[        ]   Caching not enabled.
[        ] Caching disabled for ExternalDependencyInstrumentingArtifactTransform: /root/.gradle/caches/8.14/transforms/5b512cda4aaccd97ac9cb23cea265af0/transformed/merge/instrumentation-dependencies.bin because:
[        ]   Build cache is disabled
[        ]   Caching not enabled.
[        ] Caching disabled for MergeInstrumentationAnalysisTransform: /root/.gradle/caches/modules-2/files-2.1/javax.inject/javax.inject/1/6975da39a7040257bd51d21a231b76c915872d38/javax.inject-1.jar because:
[        ]   Build cache is disabled
[        ]   Caching not enabled.
[        ] Caching disabled for MergeInstrumentationAnalysisTransform: /root/.gradle/caches/8.14/transforms/9b0e98629bc06f5b01cc526ebfdfc3c3/transformed/analysis/instrumentation-hierarchy.bin because:
[        ]   Build cache is disabled
[        ]   Caching not enabled.
[        ] Caching disabled for MergeInstrumentationAnalysisTransform: /root/.gradle/caches/8.14/transforms/9b0e98629bc06f5b01cc526ebfdfc3c3/transformed/analysis/instrumentation-dependencies.bin because:
[        ]   Build cache is disabled
[        ]   Caching not enabled.
[        ] Caching disabled for MergeInstrumentationAnalysisTransform: /root/.gradle/caches/modules-2/files-2.1/net.sf.kxml/kxml2/2.3.0/ccbc77a5fd907ef863c29f3596c6f54ffa4e9442/kxml2-2.3.0.jar because:
[        ]   Build cache is disabled
[        ]   Caching not enabled.
[        ] Caching disabled for MergeInstrumentationAnalysisTransform: /root/.gradle/caches/8.14/transforms/3c31e71a7838345b49ffab5674d8ff5e/transformed/analysis/instrumentation-hierarchy.bin because:
[        ]   Build cache is disabled
[        ]   Caching not enabled.
[        ] Caching disabled for MergeInstrumentationAnalysisTransform: /root/.gradle/caches/8.14/transforms/3c31e71a7838345b49ffab5674d8ff5e/transformed/analysis/instrumentation-dependencies.bin because:
[        ]   Build cache is disabled
[        ]   Caching not enabled.
[        ] Caching disabled for ExternalDependencyInstrumentingArtifactTransform: /root/.gradle/caches/modules-2/files-2.1/com.fasterxml.jackson.module/jackson-module-kotlin/2.11.1/3e427205246f26dac2d2f2c9ba763cbeb7b919b3/jackson-module-kotlin-2.11.1.jar because:
[        ]   Build cache is disabled
[        ]   Caching not enabled.
[        ] Caching disabled for MergeInstrumentationAnalysisTransform: /root/.gradle/caches/8.14/transforms/23e095634903846b1e4d36d18c569164/transformed/analysis/instrumentation-hierarchy.bin because:
[        ]   Build cache is disabled
[        ]   Caching not enabled.
[        ] Caching disabled for MergeInstrumentationAnalysisTransform: /root/.gradle/caches/8.14/transforms/23e095634903846b1e4d36d18c569164/transformed/analysis/instrumentation-dependencies.bin because:
[        ]   Build cache is disabled
[        ]   Caching not enabled.
[        ] Caching disabled for MergeInstrumentationAnalysisTransform: /root/.gradle/caches/modules-2/files-2.1/org.jetbrains.intellij.deps/trove4j/1.0.20200330/3afb14d5f9ceb459d724e907a21145e8ff394f02/trove4j-1.0.20200330.jar because:
[        ]   Build cache is disabled
[        ]   Caching not enabled.
[        ] Caching disabled for MergeInstrumentationAnalysisTransform: /root/.gradle/caches/modules-2/files-2.1/xerces/xercesImpl/2.12.0/f02c844149fd306601f20e0b34853a670bef7fa2/xercesImpl-2.12.0.jar because:
[        ]   Build cache is disabled
[        ]   Caching not enabled.
[        ] Caching disabled for MergeInstrumentationAnalysisTransform: /root/.gradle/caches/8.14/transforms/a4fed51b1a8b098ceba69849a357f8be/transformed/analysis/instrumentation-hierarchy.bin because:
[        ]   Build cache is disabled
[        ]   Caching not enabled.
[        ] Caching disabled for MergeInstrumentationAnalysisTransform: /root/.gradle/caches/8.14/transforms/4a46342fec0eed953782c78eed885b93/transformed/analysis/instrumentation-hierarchy.bin because:
[   +5 ms]   Build cache is disabled
[        ]   Caching not enabled.
[ +115 ms] Caching disabled for MergeInstrumentationAnalysisTransform: /root/.gradle/caches/8.14/transforms/a4fed51b1a8b098ceba69849a357f8be/transformed/analysis/instrumentation-dependencies.bin because:
[        ]   Build cache is disabled
[        ]   Caching not enabled.
[        ] Caching disabled for MergeInstrumentationAnalysisTransform: /root/.gradle/caches/8.14/transforms/4a46342fec0eed953782c78eed885b93/transformed/analysis/instrumentation-dependencies.bin because:
[        ]   Build cache is disabled
[        ]   Caching not enabled.
[        ] Caching disabled for MergeInstrumentationAnalysisTransform: /root/.gradle/caches/modules-2/files-2.1/org.apache.commons/commons-compress/1.20/b8df472b31e1f17c232d2ad78ceb1c84e00c641b/commons-compress-1.20.jar because:
[        ]   Build cache is disabled
[        ]   Caching not enabled.
[        ] Caching disabled for MergeInstrumentationAnalysisTransform: /root/.gradle/caches/8.14/transforms/905810160674e5021432839fcc38109e/transformed/analysis/instrumentation-hierarchy.bin because:
[        ]   Build cache is disabled
[        ]   Caching not enabled.
[        ] Caching disabled for MergeInstrumentationAnalysisTransform: /root/.gradle/caches/modules-2/files-2.1/org.apache.httpcomponents/httpclient/4.5.6/1afe5621985efe90a92d0fbc9be86271efbe796f/httpclient-4.5.6.jar because:
[        ]   Build cache is disabled
[        ]   Caching not enabled.
[        ] Caching disabled for MergeInstrumentationAnalysisTransform: /root/.gradle/caches/8.14/transforms/905810160674e5021432839fcc38109e/transformed/analysis/instrumentation-dependencies.bin because:
[        ]   Build cache is disabled
[        ]   Caching not enabled.
[        ] Caching disabled for ExternalDependencyInstrumentingArtifactTransform: /root/.gradle/caches/8.14/transforms/505e25e12c014fca24b23c084fd88a7c/transformed/merge/instrumentation-dependencies.bin because:
[        ]   Build cache is disabled
[        ]   Caching not enabled.
[        ] Caching disabled for MergeInstrumentationAnalysisTransform: /root/.gradle/caches/modules-2/files-2.1/org.apache.httpcomponents/httpcore/4.4.10/acc54d9b28bdffe4bbde89ed2e4a1e86b5285e2b/httpcore-4.4.10.jar because:
[        ]   Build cache is disabled
[        ]   Caching not enabled.
[        ] Caching disabled for ExternalDependencyInstrumentingArtifactTransform: /root/.gradle/caches/8.14/transforms/66e88793859295be85711e139a60d78e/transformed/merge/instrumentation-dependencies.bin because:
[        ]   Build cache is disabled
[        ]   Caching not enabled.
[        ] Caching disabled for ExternalDependencyInstrumentingArtifactTransform: /root/.gradle/caches/modules-2/files-2.1/org.apache.httpcomponents/httpcore/4.4.10/acc54d9b28bdffe4bbde89ed2e4a1e86b5285e2b/httpcore-4.4.10.jar because:
[        ]   Build cache is disabled
[        ]   Caching not enabled.
[        ] Caching disabled for MergeInstrumentationAnalysisTransform: /root/.gradle/caches/8.14/transforms/1a1d3b61d5a868318f8594a976389b2b/transformed/analysis/instrumentation-hierarchy.bin because:
[        ]   Build cache is disabled
[        ]   Caching not enabled.
[        ] Caching disabled for MergeInstrumentationAnalysisTransform: /root/.gradle/caches/8.14/transforms/1a1d3b61d5a868318f8594a976389b2b/transformed/analysis/instrumentation-dependencies.bin because:
[        ]   Build cache is disabled
[        ]   Caching not enabled.
[        ] Caching disabled for MergeInstrumentationAnalysisTransform: /root/.gradle/caches/modules-2/files-2.1/com.sun.activation/javax.activation/1.2.0/bf744c1e2776ed1de3c55c8dac1057ec331ef744/javax.activation-1.2.0.jar because:
[        ]   Build cache is disabled
[        ]   Caching not enabled.
[        ] Caching disabled for MergeInstrumentationAnalysisTransform: /root/.gradle/caches/8.14/transforms/5669f4ac311b79832bec5eb23e2f1345/transformed/analysis/instrumentation-hierarchy.bin because:
[        ]   Build cache is disabled
[        ]   Caching not enabled.
[        ] Caching disabled for ExternalDependencyInstrumentingArtifactTransform: /root/.gradle/caches/modules-2/files-2.1/org.jetbrains.kotlin/kotlin-gradle-plugin-idea-proto/1.8.10/e8e159ed51df71ce411e492cef6ed02548d7aae6/kotlin-gradle-plugin-idea-proto-1.8.10.jar because:
[        ]   Build cache is disabled
[        ]   Caching not enabled.
[        ] Caching disabled for MergeInstrumentationAnalysisTransform: /root/.gradle/caches/8.14/transforms/5669f4ac311b79832bec5eb23e2f1345/transformed/analysis/instrumentation-dependencies.bin because:
[        ]   Build cache is disabled
[        ]   Caching not enabled.
[        ] Caching disabled for MergeInstrumentationAnalysisTransform: /root/.gradle/caches/8.14/transforms/45bd9612721377a343d287ca66ce3788/transformed/analysis/instrumentation-hierarchy.bin because:
[        ]   Build cache is disabled
[        ]   Caching not enabled.
[        ] Caching disabled for MergeInstrumentationAnalysisTransform: /root/.gradle/caches/modules-2/files-2.1/com.android/signflinger/7.1.1/978dab1a4a160798a2f63518136485ac5a82b69b/signflinger-7.1.1.jar because:
[        ]   Build cache is disabled
[        ]   Caching not enabled.
[  +72 ms] Caching disabled for MergeInstrumentationAnalysisTransform: /root/.gradle/caches/8.14/transforms/45bd9612721377a343d287ca66ce3788/transformed/analysis/instrumentation-dependencies.bin because:
[        ]   Build cache is disabled
[        ]   Caching not enabled.
[        ] Caching disabled for ExternalDependencyInstrumentingArtifactTransform: /root/.gradle/caches/8.14/transforms/5d31ba29a5148b904d02327f88c5d119/transformed/merge/instrumentation-dependencies.bin because:
[        ]   Build cache is disabled
[        ]   Caching not enabled.
[        ] Caching disabled for MergeInstrumentationAnalysisTransform: /root/.gradle/caches/modules-2/files-2.1/com.android/zipflinger/7.1.1/2cda77abf1e039d08c2e152666b6709f150bb97f/zipflinger-7.1.1.jar because:
[        ]   Build cache is disabled
[        ]   Caching not enabled.
[        ] Caching disabled for ExternalDependencyInstrumentingArtifactTransform: /root/.gradle/caches/modules-2/files-2.1/com.android/signflinger/7.1.1/978dab1a4a160798a2f63518136485ac5a82b69b/signflinger-7.1.1.jar because:
[        ]   Build cache is disabled
[        ]   Caching not enabled.
[        ] Caching disabled for ExternalDependencyInstrumentingArtifactTransform: /root/.gradle/caches/8.14/transforms/64012ad4d61dc585a059d22b59e7160b/transformed/merge/instrumentation-dependencies.bin because:
[        ]   Build cache is disabled
[        ]   Caching not enabled.
[        ] Caching disabled for MergeInstrumentationAnalysisTransform: /root/.gradle/caches/8.14/transforms/fe0f93fcbdc6a36e4094011f52e6e4da/transformed/analysis/instrumentation-dependencies.bin because:
[        ]   Build cache is disabled
[        ]   Caching not enabled.
[        ] Caching disabled for MergeInstrumentationAnalysisTransform: /root/.gradle/caches/modules-2/files-2.1/com.android.tools/annotations/30.1.1/e0254d7202df74359763abadb4cb48e2ad0365e6/annotations-30.1.1.jar because:
[        ]   Build cache is disabled
[        ]   Caching not enabled.
[        ] Caching disabled for ExternalDependencyInstrumentingArtifactTransform: /root/.gradle/caches/8.14/transforms/b9dc108935a153ee97da5c583708d08c/transformed/merge/instrumentation-dependencies.bin because:
[        ]   Build cache is disabled
[        ]   Caching not enabled.
[        ] Caching disabled for ExternalDependencyInstrumentingArtifactTransform: /root/.gradle/caches/modules-2/files-2.1/com.android/zipflinger/7.1.1/2cda77abf1e039d08c2e152666b6709f150bb97f/zipflinger-7.1.1.jar because:
[        ]   Build cache is disabled
[        ]   Caching not enabled.
[        ] Caching disabled for ExternalDependencyInstrumentingArtifactTransform: /root/.gradle/caches/modules-2/files-2.1/com.android.tools/annotations/30.1.1/e0254d7202df74359763abadb4cb48e2ad0365e6/annotations-30.1.1.jar because:
[        ]   Build cache is disabled
[        ]   Caching not enabled.
[        ] Caching disabled for MergeInstrumentationAnalysisTransform: /root/.gradle/caches/8.14/transforms/f62290c4265fae9fb0cf357d49462801/transformed/analysis/instrumentation-hierarchy.bin because:
[        ]   Build cache is disabled
[        ]   Caching not enabled.
[        ] Caching disabled for MergeInstrumentationAnalysisTransform: /root/.gradle/caches/8.14/transforms/f62290c4265fae9fb0cf357d49462801/transformed/analysis/instrumentation-dependencies.bin because:
[        ]   Build cache is disabled
[        ]   Caching not enabled.
[        ] Caching disabled for MergeInstrumentationAnalysisTransform: /root/.gradle/caches/8.14/transforms/b89eca7ddfed89225202968d72fe396e/transformed/analysis/instrumentation-hierarchy.bin because:
[        ]   Build cache is disabled
[        ]   Caching not enabled.
[        ] Caching disabled for MergeInstrumentationAnalysisTransform: /root/.gradle/caches/modules-2/files-2.1/net.java.dev.jna/jna-platform/5.6.0/d18424ffb8bbfd036d71bcaab9b546858f2ef986/jna-platform-5.6.0.jar because:
[        ]   Build cache is disabled
[        ]   Caching not enabled.
[        ] Caching disabled for MergeInstrumentationAnalysisTransform: /root/.gradle/caches/8.14/transforms/63e0a1f75d91cde9ecfd6e29ce3f4dc8/transformed/analysis/instrumentation-hierarchy.bin because:
[        ]   Build cache is disabled
[        ]   Caching not enabled.
[   +1 ms] Caching disabled for MergeInstrumentationAnalysisTransform: /root/.gradle/caches/8.14/transforms/63e0a1f75d91cde9ecfd6e29ce3f4dc8/transformed/analysis/instrumentation-dependencies.bin because:
[        ]   Build cache is disabled
[        ]   Caching not enabled.
[        ] Caching disabled for MergeInstrumentationAnalysisTransform: /root/.gradle/caches/modules-2/files-2.1/com.googlecode.juniversalchardet/juniversalchardet/1.0.3/cd49678784c46aa8789c060538e0154013bb421b/juniversalchardet-1.0.3.jar because:
[        ]   Build cache is disabled
[        ]   Caching not enabled.
[        ] Caching disabled for MergeInstrumentationAnalysisTransform: /root/.gradle/caches/8.14/transforms/61f36443063e05b4e97d4ab31617e5a1/transformed/analysis/instrumentation-hierarchy.bin because:
[        ]   Build cache is disabled
[        ]   Caching not enabled.
[        ] Caching disabled for MergeInstrumentationAnalysisTransform: /root/.gradle/caches/8.14/transforms/61f36443063e05b4e97d4ab31617e5a1/transformed/analysis/instrumentation-dependencies.bin because:
[        ]   Build cache is disabled
[        ]   Caching not enabled.
[        ] Caching disabled for ExternalDependencyInstrumentingArtifactTransform: /root/.gradle/caches/modules-2/files-2.1/org.apache.httpcomponents/httpclient/4.5.6/1afe5621985efe90a92d0fbc9be86271efbe796f/httpclient-4.5.6.jar because:
[        ]   Build cache is disabled
[        ]   Caching not enabled.
[        ] Caching disabled for MergeInstrumentationAnalysisTransform: /root/.gradle/caches/modules-2/files-2.1/org.jetbrains/markdown-jvm/0.2.1/7e8952fa13f7a45739c9a5f576609a87bdcac588/markdown-jvm-0.2.1.jar because:
[        ]   Build cache is disabled
[        ]   Caching not enabled.
[        ] Caching disabled for MergeInstrumentationAnalysisTransform: /root/.gradle/caches/8.14/transforms/17bc55879d0c5ee0d31df79979e1ec8f/transformed/analysis/instrumentation-hierarchy.bin because:
[        ]   Build cache is disabled
[        ]   Caching not enabled.
[        ] Caching disabled for ExternalDependencyInstrumentingArtifactTransform: /root/.gradle/caches/modules-2/files-2.1/com.android.tools.analytics-library/protos/30.1.1/a8eee5e72201792e52c53b1196dbdfecbc20dc7b/protos-30.1.1.jar because:
[        ]   Build cache is disabled
[        ]   Caching not enabled.
[        ] Caching disabled for ExternalDependencyInstrumentingArtifactTransform: /root/.gradle/caches/8.14/transforms/4bd207f030878c09697adb436b25ebc5/transformed/merge/instrumentation-dependencies.bin because:
[        ]   Build cache is disabled
[        ]   Caching not enabled.
[        ] Caching disabled for MergeInstrumentationAnalysisTransform: /root/.gradle/caches/8.14/transforms/17bc55879d0c5ee0d31df79979e1ec8f/transformed/analysis/instrumentation-dependencies.bin because:
[        ]   Build cache is disabled
[        ]   Caching not enabled.
[  +88 ms] Caching disabled for MergeInstrumentationAnalysisTransform: /root/.gradle/caches/8.14/transforms/317e84a8566cade65e983773095a5e3d/transformed/analysis/instrumentation-hierarchy.bin because:
[        ]   Build cache is disabled
[        ]   Caching not enabled.
[        ] Caching disabled for MergeInstrumentationAnalysisTransform: /root/.gradle/caches/modules-2/files-2.1/org.jetbrains.kotlin/kotlin-stdlib-jdk7/1.5.0/f61904618ea7be07a66e0545ffe8dc2c70a19b77/kotlin-stdlib-jdk7-1.5.0.jar because:
[        ]   Build cache is disabled
[        ]   Caching not enabled.
[        ] Caching disabled for MergeInstrumentationAnalysisTransform: /root/.gradle/caches/8.14/transforms/317e84a8566cade65e983773095a5e3d/transformed/analysis/instrumentation-dependencies.bin because:
[        ]   Build cache is disabled
[        ]   Caching not enabled.
[        ] Caching disabled for ExternalDependencyInstrumentingArtifactTransform: /root/.gradle/caches/8.14/transforms/00774bad604aa284af4a6f2ddb275df7/transformed/merge/instrumentation-dependencies.bin because:
[        ]   Build cache is disabled
[        ]   Caching not enabled.
[        ] Caching disabled for MergeInstrumentationAnalysisTransform: /root/.gradle/caches/8.14/transforms/b89eca7ddfed89225202968d72fe396e/transformed/analysis/instrumentation-dependencies.bin because:
[   +1 ms]   Build cache is disabled
[        ]   Caching not enabled.
[        ] Caching disabled for ExternalDependencyInstrumentingArtifactTransform: /root/.gradle/caches/modules-2/files-2.1/com.android.tools.build/gradle/7.1.1/1eef71913725e5af39b15681cc294ce61c4ff599/gradle-7.1.1.jar because:
[        ]   Build cache is disabled
[        ]   Caching not enabled.
[        ] Caching disabled for MergeInstrumentationAnalysisTransform: /root/.gradle/caches/modules-2/files-2.1/org.jetbrains.kotlin/kotlin-stdlib/1.5.0/29dae2501ca094416d15af0e21470cb634780444/kotlin-stdlib-1.5.0.jar because:
[        ]   Build cache is disabled
[        ]   Caching not enabled.
[        ] Caching disabled for MergeInstrumentationAnalysisTransform: /root/.gradle/caches/modules-2/files-2.1/org.antlr/antlr4/4.5.3/f35db7e4b2446e4174ba6a73db7bd6b3e6bb5da1/antlr4-4.5.3.jar because:
[        ]   Build cache is disabled
[        ]   Caching not enabled.
[        ] Caching disabled for ExternalDependencyInstrumentingArtifactTransform: /root/.gradle/caches/modules-2/files-2.1/org.jetbrains.kotlin/kotlin-stdlib-jdk7/1.5.0/f61904618ea7be07a66e0545ffe8dc2c70a19b77/kotlin-stdlib-jdk7-1.5.0.jar because:
[        ]   Build cache is disabled
[        ]   Caching not enabled.
[        ] Caching disabled for ExternalDependencyInstrumentingArtifactTransform: /root/.gradle/caches/modules-2/files-2.1/org.bouncycastle/bcprov-jdk15on/1.56/a153c6f9744a3e9dd6feab5e210e1c9861362ec7/bcprov-jdk15on-1.56.jar because:
[        ]   Build cache is disabled
[        ]   Caching not enabled.
[        ] Caching disabled for ExternalDependencyInstrumentingArtifactTransform: /root/.gradle/caches/8.14/transforms/8cd7adcc825378f1db89d4956cfc1b53/transformed/merge/instrumentation-dependencies.bin because:
[        ]   Build cache is disabled
[        ]   Caching not enabled.
[        ] Caching disabled for ExternalDependencyInstrumentingArtifactTransform: /root/.gradle/caches/8.14/transforms/30ff6aee9e4a56b4acf3d1cf34b18709/transformed/merge/instrumentation-dependencies.bin because:
[        ]   Build cache is disabled
[        ]   Caching not enabled.
[        ] Caching disabled for MergeInstrumentationAnalysisTransform: /root/.gradle/caches/8.14/transforms/fe297a5a19d5a52b75d06ba229378ac0/transformed/analysis/instrumentation-dependencies.bin because:
[        ]   Build cache is disabled
[        ]   Caching not enabled.
[        ] Caching disabled for MergeInstrumentationAnalysisTransform: /root/.gradle/caches/8.14/transforms/8c12647086c0a3ca5d593c8e6e97b7eb/transformed/analysis/instrumentation-hierarchy.bin because:
[        ]   Build cache is disabled
[        ]   Caching not enabled.
[        ] Caching disabled for MergeInstrumentationAnalysisTransform: /root/.gradle/caches/8.14/transforms/b9c3de9de1c4ecd7ee91a2f7d6c1c6e7/transformed/analysis/instrumentation-hierarchy.bin because:
[        ]   Build cache is disabled
[        ]   Caching not enabled.
[        ] Caching disabled for MergeInstrumentationAnalysisTransform: /root/.gradle/caches/8.14/transforms/8c12647086c0a3ca5d593c8e6e97b7eb/transformed/analysis/instrumentation-dependencies.bin because:
[        ]   Build cache is disabled
[        ]   Caching not enabled.
[        ] Caching disabled for MergeInstrumentationAnalysisTransform: /root/.gradle/caches/modules-2/files-2.1/org.jetbrains/annotations/13.0/919f0dfe192fb4e063e7dacadee7f8bb9a2672a9/annotations-13.0.jar because:
[        ]   Build cache is disabled
[        ]   Caching not enabled.
[        ] Caching disabled for MergeInstrumentationAnalysisTransform: /root/.gradle/caches/8.14/transforms/b9c3de9de1c4ecd7ee91a2f7d6c1c6e7/transformed/analysis/instrumentation-dependencies.bin because:
[        ]   Build cache is disabled
[        ]   Caching not enabled.
[        ] Caching disabled for MergeInstrumentationAnalysisTransform: /root/.gradle/caches/8.14/transforms/36d3024093a33045210df37ff6f4d207/transformed/analysis/instrumentation-hierarchy.bin because:
[        ]   Build cache is disabled
[        ]   Caching not enabled.
[        ] Caching disabled for MergeInstrumentationAnalysisTransform: /root/.gradle/caches/8.14/transforms/36d3024093a33045210df37ff6f4d207/transformed/analysis/instrumentation-dependencies.bin because:
[        ]   Build cache is disabled
[        ]   Caching not enabled.
[        ] Caching disabled for MergeInstrumentationAnalysisTransform: /root/.gradle/caches/modules-2/files-2.1/org.jvnet.staxex/stax-ex/1.8.1/78011e483a21102fb4858f3e8f269a677e50aa23/stax-ex-1.8.1.jar because:
[        ]   Build cache is disabled
[        ]   Caching not enabled.
[        ] Caching disabled for MergeInstrumentationAnalysisTransform: /root/.gradle/caches/modules-2/files-2.1/com.fasterxml.jackson.dataformat/jackson-dataformat-xml/2.11.1/656cda13be9698863e77064d33689cfc6a71b380/jackson-dataformat-xml-2.11.1.jar because:
[        ]   Build cache is disabled
[        ]   Caching not enabled.
[        ] Caching disabled for ExternalDependencyInstrumentingArtifactTransform: /root/.gradle/caches/8.14/transforms/99f8733d742c7f24c32b180779e21649/transformed/merge/instrumentation-dependencies.bin because:
[        ]   Build cache is disabled
[        ]   Caching not enabled.
[        ] Caching disabled for MergeInstrumentationAnalysisTransform: /root/.gradle/caches/modules-2/files-2.1/com.fasterxml.jackson.module/jackson-module-jaxb-annotations/2.11.1/bdc322415a167c6b90f77fef535f24a61abefb67/jackson-module-jaxb-annotations-2.11.1.jar because:
[        ]   Build cache is disabled
[        ]   Caching not enabled.
[        ] Caching disabled for MergeInstrumentationAnalysisTransform: /root/.gradle/caches/8.14/transforms/a9bb419057f2ec78198df5a5329559ea/transformed/analysis/instrumentation-hierarchy.bin because:
[        ]   Build cache is disabled
[        ]   Caching not enabled.
[        ] Caching disabled for ExternalDependencyInstrumentingArtifactTransform: /root/.gradle/caches/modules-2/files-2.1/org.jetbrains/markdown-jvm/0.2.1/7e8952fa13f7a45739c9a5f576609a87bdcac588/markdown-jvm-0.2.1.jar because:
[        ]   Build cache is disabled
[        ]   Caching not enabled.
[        ] Caching disabled for ExternalDependencyInstrumentingArtifactTransform: /root/.gradle/caches/8.14/transforms/3d1a6568a372959e2f9da7fb5bd82d71/transformed/merge/instrumentation-dependencies.bin because:
[        ]   Build cache is disabled
[        ]   Caching not enabled.
[        ] Caching disabled for MergeInstrumentationAnalysisTransform: /root/.gradle/caches/8.14/transforms/a9bb419057f2ec78198df5a5329559ea/transformed/analysis/instrumentation-dependencies.bin because:
[        ]   Build cache is disabled
[        ]   Caching not enabled.
[        ] Caching disabled for MergeInstrumentationAnalysisTransform: /root/.gradle/caches/8.14/transforms/9a9891476629ac44014c62adfce6452d/transformed/analysis/instrumentation-hierarchy.bin because:
[        ]   Build cache is disabled
[        ]   Caching not enabled.
[        ] Caching disabled for ExternalDependencyInstrumentingArtifactTransform: /root/.gradle/caches/modules-2/files-2.1/com.fasterxml.jackson.module/jackson-module-jaxb-annotations/2.11.1/bdc322415a167c6b90f77fef535f24a61abefb67/jackson-module-jaxb-annotations-2.11.1.jar because:
[        ]   Build cache is disabled
[        ]   Caching not enabled.
[        ] Caching disabled for MergeInstrumentationAnalysisTransform: /root/.gradle/caches/modules-2/files-2.1/jakarta.xml.bind/jakarta.xml.bind-api/2.3.2/8d49996a4338670764d7ca4b85a1c4ccf7fe665d/jakarta.xml.bind-api-2.3.2.jar because:
[        ]   Build cache is disabled
[        ]   Caching not enabled.
[        ] Caching disabled for MergeInstrumentationAnalysisTransform: /root/.gradle/caches/8.14/transforms/9a9891476629ac44014c62adfce6452d/transformed/analysis/instrumentation-dependencies.bin because:
[        ]   Build cache is disabled
[        ]   Caching not enabled.
[        ] Caching disabled for MergeInstrumentationAnalysisTransform: /root/.gradle/caches/modules-2/files-2.1/org.glassfish.jaxb/txw2/2.3.2/ce5be7da2e442c25ec14c766cb60cb802741727b/txw2-2.3.2.jar because:
[        ]   Build cache is disabled
[        ]   Caching not enabled.
[        ] Caching disabled for MergeInstrumentationAnalysisTransform: /root/.gradle/caches/8.14/transforms/fefff9ef1ad0af2b4d20e97600842cb4/transformed/analysis/instrumentation-hierarchy.bin because:
[        ]   Build cache is disabled
[        ]   Caching not enabled.
[        ] Caching disabled for MergeInstrumentationAnalysisTransform: /root/.gradle/caches/8.14/transforms/0e4888efffc5b1de0f2cc5286369299e/transformed/analysis/instrumentation-hierarchy.bin because:
[        ]   Build cache is disabled
[        ]   Caching not enabled.
[        ] Caching disabled for MergeInstrumentationAnalysisTransform: /root/.gradle/caches/8.14/transforms/c491d8608f57b6bb06428abd12a909c3/transformed/analysis/instrumentation-hierarchy.bin because:
[        ]   Build cache is disabled
[        ]   Caching not enabled.
[        ] Caching disabled for MergeInstrumentationAnalysisTransform: /root/.gradle/caches/8.14/transforms/fefff9ef1ad0af2b4d20e97600842cb4/transformed/analysis/instrumentation-dependencies.bin because:
[        ]   Build cache is disabled
[        ]   Caching not enabled.
[        ] Caching disabled for ExternalDependencyInstrumentingArtifactTransform: /root/.gradle/caches/modules-2/files-2.1/com.fasterxml.jackson.dataformat/jackson-dataformat-xml/2.11.1/656cda13be9698863e77064d33689cfc6a71b380/jackson-dataformat-xml-2.11.1.jar because:
[        ]   Build cache is disabled
[        ]   Caching not enabled.
[        ] Caching disabled for MergeInstrumentationAnalysisTransform: /root/.gradle/caches/8.14/transforms/0e4888efffc5b1de0f2cc5286369299e/transformed/analysis/instrumentation-dependencies.bin because:
[        ]   Build cache is disabled
[        ]   Caching not enabled.
[        ] Caching disabled for MergeInstrumentationAnalysisTransform: /root/.gradle/caches/modules-2/files-2.1/com.sun.istack/istack-commons-runtime/3.0.8/d6a97364045aa6b99bf2d3c566a3f98599c2d296/istack-commons-runtime-3.0.8.jar because:
[        ]   Build cache is disabled
[        ]   Caching not enabled.
[        ] Caching disabled for MergeInstrumentationAnalysisTransform: /root/.gradle/caches/modules-2/files-2.1/com.sun.xml.fastinfoset/FastInfoset/1.2.16/4eb6a0adad553bf759ffe86927df6f3b848c8bea/FastInfoset-1.2.16.jar because:
[        ]   Build cache is disabled
[        ]   Caching not enabled.
[        ] Caching disabled for MergeInstrumentationAnalysisTransform: /root/.gradle/caches/8.14/transforms/c491d8608f57b6bb06428abd12a909c3/transformed/analysis/instrumentation-dependencies.bin because:
[        ]   Build cache is disabled
[        ]   Caching not enabled.
[        ] Caching disabled for MergeInstrumentationAnalysisTransform: /root/.gradle/caches/8.14/transforms/9f7bf5a533b6fa8b7c91c970eaa2b8a2/transformed/analysis/instrumentation-dependencies.bin because:
[        ]   Build cache is disabled
[        ]   Caching not enabled.
[        ] Caching disabled for MergeInstrumentationAnalysisTransform: /root/.gradle/caches/8.14/transforms/19151fb75b93b4c9a894f93289cf76c6/transformed/analysis/instrumentation-dependencies.bin because:
[        ]   Build cache is disabled
[        ]   Caching not enabled.
[        ] Caching disabled for MergeInstrumentationAnalysisTransform: /root/.gradle/caches/8.14/transforms/02afc11b8ec1264570aeb56b58c49aa9/transformed/analysis/instrumentation-hierarchy.bin because:
[        ]   Build cache is disabled
[        ]   Caching not enabled.
[        ] Caching disabled for MergeInstrumentationAnalysisTransform: /root/.gradle/caches/modules-2/files-2.1/com.google.auto.value/auto-value-annotations/1.6.2/ed193d86e0af90cc2342aedbe73c5d86b03fa09b/auto-value-annotations-1.6.2.jar because:
[        ]   Build cache is disabled
[        ]   Caching not enabled.
[        ] Caching disabled for MergeInstrumentationAnalysisTransform: /root/.gradle/caches/8.14/transforms/02afc11b8ec1264570aeb56b58c49aa9/transformed/analysis/instrumentation-dependencies.bin because:
[        ]   Build cache is disabled
[        ]   Caching not enabled.
[        ] Caching disabled for MergeInstrumentationAnalysisTransform: /root/.gradle/caches/modules-2/files-2.1/jakarta.activation/jakarta.activation-api/1.2.1/562a587face36ec7eff2db7f2fc95425c6602bc1/jakarta.activation-api-1.2.1.jar because:
[        ]   Build cache is disabled
[        ]   Caching not enabled.
[        ] Caching disabled for MergeInstrumentationAnalysisTransform: /root/.gradle/caches/modules-2/files-2.1/com.google.errorprone/error_prone_annotations/2.3.4/dac170e4594de319655ffb62f41cbd6dbb5e601e/error_prone_annotations-2.3.4.jar because:
[        ]   Build cache is disabled
[        ]   Caching not enabled.
[        ] Caching disabled for MergeInstrumentationAnalysisTransform: /root/.gradle/caches/8.14/transforms/6f8bdd5d75a2382fcea921634ccf18cb/transformed/analysis/instrumentation-hierarchy.bin because:
[        ]   Build cache is disabled
[        ]   Caching not enabled.
[        ] Caching disabled for MergeInstrumentationAnalysisTransform: /root/.gradle/caches/modules-2/files-2.1/org.bitbucket.b_c/jose4j/0.7.0/478ee8518687f9b01f20912fc7edd9d7b46d06da/jose4j-0.7.0.jar because:
[        ]   Build cache is disabled
[        ]   Caching not enabled.
[        ] Caching disabled for ExternalDependencyInstrumentingArtifactTransform: /root/.gradle/caches/8.14/transforms/75a4ed1832bc99b41f072ab3086b0e3d/transformed/merge/instrumentation-dependencies.bin because:
[        ]   Build cache is disabled
[        ]   Caching not enabled.
[        ] Caching disabled for MergeInstrumentationAnalysisTransform: /root/.gradle/caches/8.14/transforms/58004fb02668d400301539bc7fd0023b/transformed/analysis/instrumentation-hierarchy.bin because:
[        ]   Build cache is disabled
[        ]   Caching not enabled.
[        ] Caching disabled for MergeInstrumentationAnalysisTransform: /root/.gradle/caches/8.14/transforms/58004fb02668d400301539bc7fd0023b/transformed/analysis/instrumentation-dependencies.bin because:
[        ]   Build cache is disabled
[        ]   Caching not enabled.
[        ] Caching disabled for MergeInstrumentationAnalysisTransform: /root/.gradle/caches/8.14/transforms/6f8bdd5d75a2382fcea921634ccf18cb/transformed/analysis/instrumentation-dependencies.bin because:
[        ]   Build cache is disabled
[        ]   Caching not enabled.
[        ] Caching disabled for MergeInstrumentationAnalysisTransform: /root/.gradle/caches/8.14/transforms/a0a758dbf4a91f39a905105ea67080ca/transformed/analysis/instrumentation-dependencies.bin because:
[        ]   Build cache is disabled
[        ]   Caching not enabled.
[        ] Caching disabled for ExternalDependencyInstrumentingArtifactTransform: /root/.gradle/caches/modules-2/files-2.1/org.jetbrains.kotlin/kotlin-reflect/1.4.32/ce852b166d97f0f1991b5130c2bb02e2ef6c554e/kotlin-reflect-1.4.32.jar because:
[        ]   Build cache is disabled
[        ]   Caching not enabled.
[        ] Caching disabled for ExternalDependencyInstrumentingArtifactTransform: /root/.gradle/caches/modules-2/files-2.1/com.google.errorprone/error_prone_annotations/2.3.4/dac170e4594de319655ffb62f41cbd6dbb5e601e/error_prone_annotations-2.3.4.jar because:
[        ]   Build cache is disabled
[        ]   Caching not enabled.
[        ] Caching disabled for MergeInstrumentationAnalysisTransform: /root/.gradle/caches/modules-2/files-2.1/io.opencensus/opencensus-contrib-grpc-metrics/0.21.0/f07d3a325f1fe69ee40d6b409086964edfef4e69/opencensus-contrib-grpc-metrics-0.21.0.jar because:
[        ]   Build cache is disabled
[        ]   Caching not enabled.
[        ] Caching disabled for MergeInstrumentationAnalysisTransform: /root/.gradle/caches/modules-2/files-2.1/org.slf4j/slf4j-api/1.7.30/b5a4b6d16ab13e34a88fae84c35cd5d68cac922c/slf4j-api-1.7.30.jar because:
[        ]   Build cache is disabled
[        ]   Caching not enabled.
[        ] Caching disabled for MergeInstrumentationAnalysisTransform: /root/.gradle/caches/8.14/transforms/c775bb48c897bdd86206d425c7886f5c/transformed/analysis/instrumentation-hierarchy.bin because:
[        ]   Build cache is disabled
[        ]   Caching not enabled.
[        ] Caching disabled for MergeInstrumentationAnalysisTransform: /root/.gradle/caches/8.14/transforms/085ab5d22c0c73b805b5ceab6a9ea7ff/transformed/analysis/instrumentation-dependencies.bin because:
[        ]   Build cache is disabled
[        ]   Caching not enabled.
[        ] Caching disabled for MergeInstrumentationAnalysisTransform: /root/.gradle/caches/modules-2/files-2.1/org.jdom/jdom2/2.0.6/6f14738ec2e9dd0011e343717fa624a10f8aab64/jdom2-2.0.6.jar because:
[        ]   Build cache is disabled
[        ]   Caching not enabled.
[        ] Caching disabled for MergeInstrumentationAnalysisTransform: /root/.gradle/caches/8.14/transforms/8835a3447b53c1b35ccf45442eca48d4/transformed/analysis/instrumentation-hierarchy.bin because:
[        ]   Build cache is disabled
[        ]   Caching not enabled.
[        ] Caching disabled for ExternalDependencyInstrumentingArtifactTransform: /root/.gradle/caches/8.14/transforms/e8a08515394a5120982188619f798e4c/transformed/merge/instrumentation-dependencies.bin because:
[        ]   Build cache is disabled
[        ]   Caching not enabled.
[        ] Caching disabled for MergeInstrumentationAnalysisTransform: /root/.gradle/caches/8.14/transforms/c775bb48c897bdd86206d425c7886f5c/transformed/analysis/instrumentation-dependencies.bin because:
[        ]   Build cache is disabled
[        ]   Caching not enabled.
[        ] Caching disabled for MergeInstrumentationAnalysisTransform: /root/.gradle/caches/8.14/transforms/e169418639dbe28ea507e2081db9d8ce/transformed/analysis/instrumentation-hierarchy.bin because:
[        ]   Build cache is disabled
[        ]   Caching not enabled.
[        ] Caching disabled for MergeInstrumentationAnalysisTransform: /root/.gradle/caches/modules-2/files-2.1/com.google.android/annotations/4.1.1.4/a1678ba907bf92691d879fef34e1a187038f9259/annotations-4.1.1.4.jar because:
[        ]   Build cache is disabled
[        ]   Caching not enabled.
[        ] Caching disabled for MergeInstrumentationAnalysisTransform: /root/.gradle/caches/8.14/transforms/8835a3447b53c1b35ccf45442eca48d4/transformed/analysis/instrumentation-dependencies.bin because:
[        ]   Build cache is disabled
[        ]   Caching not enabled.
[        ] Caching disabled for MergeInstrumentationAnalysisTransform: /root/.gradle/caches/8.14/transforms/e169418639dbe28ea507e2081db9d8ce/transformed/analysis/instrumentation-dependencies.bin because:
[        ]   Build cache is disabled
[        ]   Caching not enabled.
[        ] Caching disabled for MergeInstrumentationAnalysisTransform: /root/.gradle/caches/8.14/transforms/b4013ab13f4a3b60374240a6dc801b1d/transformed/analysis/instrumentation-hierarchy.bin because:
[        ]   Build cache is disabled
[        ]   Caching not enabled.
[  +76 ms] Caching disabled for MergeInstrumentationAnalysisTransform: /root/.gradle/caches/8.14/transforms/b4013ab13f4a3b60374240a6dc801b1d/transformed/analysis/instrumentation-dependencies.bin because:
[        ]   Build cache is disabled
[        ]   Caching not enabled.
[        ] Caching disabled for MergeInstrumentationAnalysisTransform: /root/.gradle/caches/modules-2/files-2.1/io.netty/netty-handler-proxy/4.1.34.Final/42b5a57a4bb895f4489a724cdc9e454bc5afe108/netty-handler-proxy-4.1.34.Final.jar because:
[        ]   Build cache is disabled
[        ]   Caching not enabled.
[        ] Caching disabled for MergeInstrumentationAnalysisTransform: /root/.gradle/caches/modules-2/files-2.1/io.opencensus/opencensus-api/0.21.0/73c07fe6458840443f670b21c7bf57657093b4e1/opencensus-api-0.21.0.jar because:
[        ]   Build cache is disabled
[        ]   Caching not enabled.
[        ] Caching disabled for MergeInstrumentationAnalysisTransform: /root/.gradle/caches/modules-2/files-2.1/io.netty/netty-codec-http2/4.1.34.Final/66268942ed80beadaf6802e2fcf8983eef4fb7ec/netty-codec-http2-4.1.34.Final.jar because:
[        ]   Build cache is disabled
[        ]   Caching not enabled.
[        ] Caching disabled for MergeInstrumentationAnalysisTransform: /root/.gradle/caches/modules-2/files-2.1/com.google.api.grpc/proto-google-common-protos/1.12.0/1140cc74df039deb044ed0e320035e674dc13062/proto-google-common-protos-1.12.0.jar because:
[        ]   Build cache is disabled
[        ]   Caching not enabled.
[        ] Caching disabled for ExternalDependencyInstrumentingArtifactTransform: /root/.gradle/caches/modules-2/files-2.1/io.opencensus/opencensus-contrib-grpc-metrics/0.21.0/f07d3a325f1fe69ee40d6b409086964edfef4e69/opencensus-contrib-grpc-metrics-0.21.0.jar because:
[        ]   Build cache is disabled
[        ]   Caching not enabled.
[        ] Caching disabled for ExternalDependencyInstrumentingArtifactTransform: /root/.gradle/caches/8.14/transforms/bcc54a1135a6f989453c1956df77db74/transformed/merge/instrumentation-dependencies.bin because:
[        ]   Build cache is disabled
[        ]   Caching not enabled.
[        ] Caching disabled for ExternalDependencyInstrumentingArtifactTransform: /root/.gradle/caches/8.14/transforms/4f73824df4a4e84b878ac80aa5451ead/transformed/merge/instrumentation-dependencies.bin because:
[        ]   Build cache is disabled
[        ]   Caching not enabled.
[        ] Caching disabled for ExternalDependencyInstrumentingArtifactTransform: /root/.gradle/caches/8.14/transforms/1c5c033f9c24944fae58b7b8a3c4e68c/transformed/merge/instrumentation-dependencies.bin because:
[        ]   Build cache is disabled
[        ]   Caching not enabled.
[        ] Caching disabled for MergeInstrumentationAnalysisTransform: /root/.gradle/caches/8.14/transforms/761bb3eed1c702fd47170b0531a74362/transformed/analysis/instrumentation-hierarchy.bin because:
[        ]   Build cache is disabled
[        ]   Caching not enabled.
[        ] Caching disabled for ExternalDependencyInstrumentingArtifactTransform: /root/.gradle/caches/8.14/transforms/ea79f1cd01d592996846abf454850b00/transformed/merge/instrumentation-dependencies.bin because:
[        ]   Build cache is disabled
[        ]   Caching not enabled.
[        ] Caching disabled for ExternalDependencyInstrumentingArtifactTransform: /root/.gradle/caches/modules-2/files-2.1/io.netty/netty-handler-proxy/4.1.34.Final/42b5a57a4bb895f4489a724cdc9e454bc5afe108/netty-handler-proxy-4.1.34.Final.jar because:
[        ]   Build cache is disabled
[        ]   Caching not enabled.
[        ] Caching disabled for MergeInstrumentationAnalysisTransform: /root/.gradle/caches/8.14/transforms/761bb3eed1c702fd47170b0531a74362/transformed/analysis/instrumentation-dependencies.bin because:
[        ]   Build cache is disabled
[        ]   Caching not enabled.
[        ] Caching disabled for MergeInstrumentationAnalysisTransform: /root/.gradle/caches/8.14/transforms/9abbc2cbef8193f3730d0aed9e2555a7/transformed/analysis/instrumentation-hierarchy.bin because:
[        ]   Build cache is disabled
[        ]   Caching not enabled.
[        ] Caching disabled for MergeInstrumentationAnalysisTransform: /root/.gradle/caches/8.14/transforms/9abbc2cbef8193f3730d0aed9e2555a7/transformed/analysis/instrumentation-dependencies.bin because:
[        ]   Build cache is disabled
[        ]   Caching not enabled.
[        ] Caching disabled for MergeInstrumentationAnalysisTransform: /root/.gradle/caches/modules-2/files-2.1/org.json/json/20180813/8566b2b0391d9d4479ea225645c6ed47ef17fe41/json-20180813.jar because:
[        ]   Build cache is disabled
[        ]   Caching not enabled.
[        ] Caching disabled for MergeInstrumentationAnalysisTransform: /root/.gradle/caches/modules-2/files-2.1/org.jsoup/jsoup/1.13.1/f9577f3732bb7caa4fee8aba5053158f4010c118/jsoup-1.13.1.jar because:
[        ]   Build cache is disabled
[        ]   Caching not enabled.
[        ] Caching disabled for MergeInstrumentationAnalysisTransform: /root/.gradle/caches/8.14/transforms/e201c0cf51eed97888ab0bb875f7cb6f/transformed/analysis/instrumentation-hierarchy.bin because:
[        ]   Build cache is disabled
[        ]   Caching not enabled.
[        ] Caching disabled for MergeInstrumentationAnalysisTransform: /root/.gradle/caches/8.14/transforms/e201c0cf51eed97888ab0bb875f7cb6f/transformed/analysis/instrumentation-dependencies.bin because:
[        ]   Build cache is disabled
[        ]   Caching not enabled.
[        ] Caching disabled for ExternalDependencyInstrumentingArtifactTransform: /root/.gradle/caches/8.14/transforms/3b12a82bf05e986ef8756ccb77d7438e/transformed/merge/instrumentation-dependencies.bin because:
[        ]   Build cache is disabled
[        ]   Caching not enabled.
[        ] Caching disabled for MergeInstrumentationAnalysisTransform: /root/.gradle/caches/modules-2/files-2.1/org.checkerframework/checker-qual/3.5.0/2f50520c8abea66fbd8d26e481d3aef5c673b510/checker-qual-3.5.0.jar because:
[        ]   Build cache is disabled
[        ]   Caching not enabled.
[        ] Caching disabled for MergeInstrumentationAnalysisTransform: /root/.gradle/caches/8.14/transforms/61eb812d189ab78c6f4c7460c6d1102f/transformed/analysis/instrumentation-hierarchy.bin because:
[        ]   Build cache is disabled
[        ]   Caching not enabled.
[        ] Caching disabled for MergeInstrumentationAnalysisTransform: /root/.gradle/caches/8.14/transforms/61eb812d189ab78c6f4c7460c6d1102f/transformed/analysis/instrumentation-dependencies.bin because:
[        ]   Build cache is disabled
[        ]   Caching not enabled.
[        ] Caching disabled for ExternalDependencyInstrumentingArtifactTransform: /root/.gradle/caches/modules-2/files-2.1/io.netty/netty-codec-http2/4.1.34.Final/66268942ed80beadaf6802e2fcf8983eef4fb7ec/netty-codec-http2-4.1.34.Final.jar because:
[        ]   Build cache is disabled
[        ]   Caching not enabled.
[        ] Caching disabled for MergeInstrumentationAnalysisTransform: /root/.gradle/caches/modules-2/files-2.1/commons-codec/commons-codec/1.10/4b95f4897fa13f2cd904aee711aeafc0c5295cd8/commons-codec-1.10.jar because:
[        ]   Build cache is disabled
[        ]   Caching not enabled.
[        ] Caching disabled for MergeInstrumentationAnalysisTransform: /root/.gradle/caches/8.14/transforms/3af4b0d915314dad8e25e6cfc258b672/transformed/analysis/instrumentation-hierarchy.bin because:
[        ]   Build cache is disabled
[        ]   Caching not enabled.
[        ] Caching disabled for ExternalDependencyInstrumentingArtifactTransform: /root/.gradle/caches/modules-2/files-2.1/org.antlr/antlr4/4.5.3/f35db7e4b2446e4174ba6a73db7bd6b3e6bb5da1/antlr4-4.5.3.jar because:
[        ]   Build cache is disabled
[        ]   Caching not enabled.
[        ] Caching disabled for ExternalDependencyInstrumentingArtifactTransform: /root/.gradle/caches/8.14/transforms/dd27705fac6e72d3fa3b900f73384f2a/transformed/merge/instrumentation-dependencies.bin because:
[        ]   Build cache is disabled
[        ]   Caching not enabled.
[        ] Caching disabled for MergeInstrumentationAnalysisTransform: /root/.gradle/caches/8.14/transforms/3af4b0d915314dad8e25e6cfc258b672/transformed/analysis/instrumentation-dependencies.bin because:
[        ]   Build cache is disabled
[        ]   Caching not enabled.
[        ] Caching disabled for MergeInstrumentationAnalysisTransform: /root/.gradle/caches/8.14/transforms/fda2b745c1dd9dc4ecf43a8b6b539847/transformed/analysis/instrumentation-hierarchy.bin because:
[        ]   Build cache is disabled
[        ]   Caching not enabled.
[        ] Caching disabled for MergeInstrumentationAnalysisTransform: /root/.gradle/caches/8.14/transforms/fda2b745c1dd9dc4ecf43a8b6b539847/transformed/analysis/instrumentation-dependencies.bin because:
[        ]   Build cache is disabled
[        ]   Caching not enabled.
[        ] Caching disabled for ExternalDependencyInstrumentingArtifactTransform: /root/.gradle/caches/modules-2/files-2.1/io.opencensus/opencensus-api/0.21.0/73c07fe6458840443f670b21c7bf57657093b4e1/opencensus-api-0.21.0.jar because:
[        ]   Build cache is disabled
[        ]   Caching not enabled.
[        ] Caching disabled for MergeInstrumentationAnalysisTransform: /root/.gradle/caches/modules-2/files-2.1/com.googlecode.json-simple/json-simple/1.1/5e303a03d04e6788dddfa3655272580ae0fc13bb/json-simple-1.1.jar because:
[        ]   Build cache is disabled
[        ]   Caching not enabled.
[        ] Caching disabled for MergeInstrumentationAnalysisTransform: /root/.gradle/caches/8.14/transforms/a285c98ef4597d1443c7a5915775b7d5/transformed/analysis/instrumentation-hierarchy.bin because:
[        ]   Build cache is disabled
[        ]   Caching not enabled.
[        ] Caching disabled for ExternalDependencyInstrumentingArtifactTransform: /root/.gradle/caches/modules-2/files-2.1/org.jsoup/jsoup/1.13.1/f9577f3732bb7caa4fee8aba5053158f4010c118/jsoup-1.13.1.jar because:
[        ]   Build cache is disabled
[        ]   Caching not enabled.
[        ] Caching disabled for MergeInstrumentationAnalysisTransform: /root/.gradle/caches/8.14/transforms/2d6ad7057afe351af184d49f5efa7fa0/transformed/analysis/instrumentation-hierarchy.bin because:
[        ]   Build cache is disabled
[        ]   Caching not enabled.
[  +88 ms] Caching disabled for MergeInstrumentationAnalysisTransform: /root/.gradle/caches/8.14/transforms/2d6ad7057afe351af184d49f5efa7fa0/transformed/analysis/instrumentation-dependencies.bin because:
[        ]   Build cache is disabled
[        ]   Caching not enabled.
[        ] Caching disabled for MergeInstrumentationAnalysisTransform: /root/.gradle/caches/8.14/transforms/a285c98ef4597d1443c7a5915775b7d5/transformed/analysis/instrumentation-dependencies.bin because:
[        ]   Build cache is disabled
[        ]   Caching not enabled.
[        ] Caching disabled for MergeInstrumentationAnalysisTransform: /root/.gradle/caches/8.14/transforms/154d049b83019c1cdb48fbd4a28463de/transformed/analysis/instrumentation-hierarchy.bin because:
[        ]   Build cache is disabled
[   +2 ms]   Caching not enabled.
[        ] Caching disabled for ExternalDependencyInstrumentingArtifactTransform: /root/.gradle/caches/modules-2/files-2.1/commons-codec/commons-codec/1.10/4b95f4897fa13f2cd904aee711aeafc0c5295cd8/commons-codec-1.10.jar because:
[        ]   Build cache is disabled
[        ]   Caching not enabled.
[        ] Caching disabled for ExternalDependencyInstrumentingArtifactTransform: /root/.gradle/caches/modules-2/files-2.1/org.jetbrains.kotlin/kotlin-stdlib/1.5.0/29dae2501ca094416d15af0e21470cb634780444/kotlin-stdlib-1.5.0.jar because:
[        ]   Build cache is disabled
[        ]   Caching not enabled.
[        ] Caching disabled for MergeInstrumentationAnalysisTransform: /root/.gradle/caches/8.14/transforms/154d049b83019c1cdb48fbd4a28463de/transformed/analysis/instrumentation-dependencies.bin because:
[        ]   Build cache is disabled
[        ]   Caching not enabled.
[        ] Caching disabled for MergeInstrumentationAnalysisTransform: /root/.gradle/caches/modules-2/files-2.1/com.squareup/javawriter/2.5.0/81241ff7078ef14f42ea2a8995fa09c096256e6b/javawriter-2.5.0.jar because:
[        ]   Build cache is disabled
[        ]   Caching not enabled.
[        ] Caching disabled for MergeInstrumentationAnalysisTransform: /root/.gradle/caches/8.14/transforms/1e8f29b77dcff16f2b5930e39f943249/transformed/analysis/instrumentation-hierarchy.bin because:
[        ]   Build cache is disabled
[        ]   Caching not enabled.
[        ] Caching disabled for MergeInstrumentationAnalysisTransform: /root/.gradle/caches/modules-2/files-2.1/com.android.tools.build/apksig/7.1.1/126465b2a1299b702d5c582904f4870655fd396e/apksig-7.1.1.jar because:
[        ]   Build cache is disabled
[        ]   Caching not enabled.
[        ] Caching disabled for MergeInstrumentationAnalysisTransform: /root/.gradle/caches/modules-2/files-2.1/it.unimi.dsi/fastutil/8.4.0/60fbeaa50799581f6244fcff1cebba0353ec0141/fastutil-8.4.0.jar because:
[        ]   Build cache is disabled
[        ]   Caching not enabled.
[        ] Caching disabled for MergeInstrumentationAnalysisTransform: /root/.gradle/caches/modules-2/files-2.1/org.jetbrains.kotlin/kotlin-native-utils/1.8.10/e1de66d607c11818ccc6bddf36b1eb5f903327e8/kotlin-native-utils-1.8.10.jar because:
[        ]   Build cache is disabled
[        ]   Caching not enabled.
[        ] Caching disabled for MergeInstrumentationAnalysisTransform: /root/.gradle/caches/8.14/transforms/1e8f29b77dcff16f2b5930e39f943249/transformed/analysis/instrumentation-dependencies.bin because:
[        ]   Build cache is disabled
[        ]   Caching not enabled.
[        ] Caching disabled for ExternalDependencyInstrumentingArtifactTransform: /root/.gradle/caches/8.14/transforms/6a3041618421026812756b730d3e6919/transformed/merge/instrumentation-dependencies.bin because:
[        ]   Build cache is disabled
[        ]   Caching not enabled.
[        ] Caching disabled for MergeInstrumentationAnalysisTransform: /root/.gradle/caches/8.14/transforms/32ed02917c322ef3bc1bc636fcc5e66b/transformed/analysis/instrumentation-hierarchy.bin because:
[        ]   Build cache is disabled
[        ]   Caching not enabled.
[        ] Caching disabled for ExternalDependencyInstrumentingArtifactTransform: /root/.gradle/caches/8.14/transforms/d37c11d51963370b1c0bb5a73078ab44/transformed/merge/instrumentation-dependencies.bin because:
[        ]   Build cache is disabled
[        ]   Caching not enabled.
[        ] Caching disabled for MergeInstrumentationAnalysisTransform: /root/.gradle/caches/8.14/transforms/2f3c865b23ca9f24eb8e2ab7bc51821e/transformed/analysis/instrumentation-hierarchy.bin because:
[        ]   Build cache is disabled
[        ]   Caching not enabled.
[        ] Caching disabled for MergeInstrumentationAnalysisTransform: /root/.gradle/caches/8.14/transforms/b61fb44fc1d8321fadf92de7a61bc6d5/transformed/analysis/instrumentation-hierarchy.bin because:
[        ]   Build cache is disabled
[        ]   Caching not enabled.
[        ] Caching disabled for MergeInstrumentationAnalysisTransform: /root/.gradle/caches/8.14/transforms/32ed02917c322ef3bc1bc636fcc5e66b/transformed/analysis/instrumentation-dependencies.bin because:
[        ]   Build cache is disabled
[        ]   Caching not enabled.
[        ] Caching disabled for MergeInstrumentationAnalysisTransform: /root/.gradle/caches/8.14/transforms/b61fb44fc1d8321fadf92de7a61bc6d5/transformed/analysis/instrumentation-dependencies.bin because:
[        ]   Build cache is disabled
[        ]   Caching not enabled.
[        ] Caching disabled for MergeInstrumentationAnalysisTransform: /root/.gradle/caches/8.14/transforms/2f3c865b23ca9f24eb8e2ab7bc51821e/transformed/analysis/instrumentation-dependencies.bin because:
[        ]   Build cache is disabled
[        ]   Caching not enabled.
[        ] Caching disabled for MergeInstrumentationAnalysisTransform: /root/.gradle/caches/modules-2/files-2.1/org.jetbrains.kotlin/kotlin-util-io/1.8.10/aa7685d78461d1098087d8816075d5ae27ac413b/kotlin-util-io-1.8.10.jar because:
[        ]   Build cache is disabled
[        ]   Caching not enabled.
[        ] Caching disabled for MergeInstrumentationAnalysisTransform: /root/.gradle/caches/modules-2/files-2.1/net.java.dev.jna/jna/5.6.0/330f2244e9030119ab3030fc3fededc86713d9cc/jna-5.6.0.jar because:
[        ]   Build cache is disabled
[        ]   Caching not enabled.
[        ] Caching disabled for ExternalDependencyInstrumentingArtifactTransform: /root/.gradle/caches/8.14/transforms/d77f9146e1448e0b53e4250415b83071/transformed/merge/instrumentation-dependencies.bin because:
[        ]   Build cache is disabled
[        ]   Caching not enabled.
[        ] Caching disabled for MergeInstrumentationAnalysisTransform: /root/.gradle/caches/8.14/transforms/25827bc64766edb81f9d2e3bae16b104/transformed/analysis/instrumentation-hierarchy.bin because:
[        ]   Build cache is disabled
[        ]   Caching not enabled.
[        ] Caching disabled for MergeInstrumentationAnalysisTransform: /root/.gradle/caches/modules-2/files-2.1/org.jetbrains.kotlin/kotlin-build-common/1.8.10/d720aa8f7fc4f63c97ce457099e9583baf2d1a27/kotlin-build-common-1.8.10.jar because:
[        ]   Build cache is disabled
[        ]   Caching not enabled.
[        ] Caching disabled for MergeInstrumentationAnalysisTransform: /root/.gradle/caches/modules-2/files-2.1/org.jetbrains.kotlin/kotlin-daemon-embeddable/1.8.10/ad8541d9bc1cf9e52c3204161247910c2cf601d4/kotlin-daemon-embeddable-1.8.10.jar because:
[        ]   Build cache is disabled
[        ]   Caching not enabled.
[        ] Caching disabled for MergeInstrumentationAnalysisTransform: /root/.gradle/caches/8.14/transforms/25827bc64766edb81f9d2e3bae16b104/transformed/analysis/instrumentation-dependencies.bin because:
[        ]   Build cache is disabled
[        ]   Caching not enabled.
[        ] Caching disabled for ExternalDependencyInstrumentingArtifactTransform: /root/.gradle/caches/8.14/transforms/6bc7f9280da5e96c96bf40407e9fa8b6/transformed/merge/instrumentation-dependencies.bin because:
[        ]   Build cache is disabled
[        ]   Caching not enabled.
[        ] Caching disabled for ExternalDependencyInstrumentingArtifactTransform: /root/.gradle/caches/8.14/transforms/4085a8a55c2309a5672dc63c92824ac2/transformed/merge/instrumentation-dependencies.bin because:
[        ]   Build cache is disabled
[        ]   Caching not enabled.
[        ] Caching disabled for ExternalDependencyInstrumentingArtifactTransform: /root/.gradle/caches/modules-2/files-2.1/org.jetbrains.kotlin/kotlin-native-utils/1.8.10/e1de66d607c11818ccc6bddf36b1eb5f903327e8/kotlin-native-utils-1.8.10.jar because:
[        ]   Build cache is disabled
[        ]   Caching not enabled.
[        ] Caching disabled for ExternalDependencyInstrumentingArtifactTransform: /root/.gradle/caches/modules-2/files-2.1/org.jetbrains.kotlin/kotlin-util-io/1.8.10/aa7685d78461d1098087d8816075d5ae27ac413b/kotlin-util-io-1.8.10.jar because:
[        ]   Build cache is disabled
[        ]   Caching not enabled.
[        ] Caching disabled for MergeInstrumentationAnalysisTransform: /root/.gradle/caches/modules-2/files-2.1/org.jetbrains.kotlin/kotlin-scripting-jvm/1.8.10/85d7bed036617120f09209e52f38cae13809176f/kotlin-scripting-jvm-1.8.10.jar because:
[        ]   Build cache is disabled
[        ]   Caching not enabled.
[        ] Caching disabled for MergeInstrumentationAnalysisTransform: /root/.gradle/caches/8.14/transforms/ac9238dd3cbd11b1498e614447533b6f/transformed/analysis/instrumentation-hierarchy.bin because:
[        ]   Build cache is disabled
[        ]   Caching not enabled.
[        ] Caching disabled for MergeInstrumentationAnalysisTransform: /root/.gradle/caches/8.14/transforms/2d952aba5eede5fb4e1f256b2006639a/transformed/analysis/instrumentation-dependencies.bin because:
[        ]   Build cache is disabled
[        ]   Caching not enabled.
[        ] Caching disabled for MergeInstrumentationAnalysisTransform: /root/.gradle/caches/8.14/transforms/ac9238dd3cbd11b1498e614447533b6f/transformed/analysis/instrumentation-dependencies.bin because:
[        ]   Build cache is disabled
[        ]   Caching not enabled.
[        ] Caching disabled for ExternalDependencyInstrumentingArtifactTransform: /root/.gradle/caches/8.14/transforms/1054a13fda197437f40be299533a84b1/transformed/merge/instrumentation-dependencies.bin because:
[        ]   Build cache is disabled
[        ]   Caching not enabled.
[        ] Caching disabled for MergeInstrumentationAnalysisTransform: /root/.gradle/caches/modules-2/files-2.1/com.google.guava/failureaccess/1.0.1/1dcf1de382a0bf95a3d8b0849546c88bac1292c9/failureaccess-1.0.1.jar because:
[        ]   Build cache is disabled
[        ]   Caching not enabled.
[        ] Caching disabled for MergeInstrumentationAnalysisTransform: /root/.gradle/caches/modules-2/files-2.1/org.jetbrains.kotlin/kotlin-scripting-common/1.8.10/605352a419127937229ab574b50146a4bb4122fa/kotlin-scripting-common-1.8.10.jar because:
[        ]   Build cache is disabled
[        ]   Caching not enabled.
[        ] Caching disabled for MergeInstrumentationAnalysisTransform: /root/.gradle/caches/8.14/transforms/b4e207aa96e8d470c5c1c936134d8f4c/transformed/analysis/instrumentation-dependencies.bin because:
[        ]   Build cache is disabled
[        ]   Caching not enabled.
[        ] Caching disabled for ExternalDependencyInstrumentingArtifactTransform: /root/.gradle/caches/modules-2/files-2.1/com.android.tools.build/apksig/7.1.1/126465b2a1299b702d5c582904f4870655fd396e/apksig-7.1.1.jar because:
[        ]   Build cache is disabled
[        ]   Caching not enabled.
[        ] Caching disabled for MergeInstrumentationAnalysisTransform: /root/.gradle/caches/modules-2/files-2.1/com.google.guava/listenablefuture/9999.0-empty-to-avoid-conflict-with-guava/b421526c5f297295adef1c886e5246c39d4ac629/listenablefuture-9999.0-empty-to-avoid-conflict-with-guava.jar because:
[        ]   Build cache is disabled
[        ]   Caching not enabled.
[        ] Caching disabled for ExternalDependencyInstrumentingArtifactTransform: /root/.gradle/caches/8.14/transforms/b3a957c680fd35a690b9828875c61b25/transformed/merge/instrumentation-dependencies.bin because:
[        ]   Build cache is disabled
[        ]   Caching not enabled.
[        ] Caching disabled for MergeInstrumentationAnalysisTransform: /root/.gradle/caches/8.14/transforms/d8695b060e50975c4594c2fcb6098560/transformed/analysis/instrumentation-hierarchy.bin because:
[        ]   Build cache is disabled
[        ]   Caching not enabled.
[        ] Caching disabled for MergeInstrumentationAnalysisTransform: /root/.gradle/caches/8.14/transforms/c04565228a40c2a592032fe842819095/transformed/analysis/instrumentation-dependencies.bin because:
[        ]   Build cache is disabled
[        ]   Caching not enabled.
[        ] Caching disabled for ExternalDependencyInstrumentingArtifactTransform: /root/.gradle/caches/modules-2/files-2.1/com.google.api.grpc/proto-google-common-protos/1.12.0/1140cc74df039deb044ed0e320035e674dc13062/proto-google-common-protos-1.12.0.jar because:
[        ]   Build cache is disabled
[        ]   Caching not enabled.
[        ] Caching disabled for MergeInstrumentationAnalysisTransform: /root/.gradle/caches/8.14/transforms/d8695b060e50975c4594c2fcb6098560/transformed/analysis/instrumentation-dependencies.bin because:
[        ]   Build cache is disabled
[        ]   Caching not enabled.
[        ] Caching disabled for MergeInstrumentationAnalysisTransform: /root/.gradle/caches/modules-2/files-2.1/com.google.j2objc/j2objc-annotations/1.3/ba035118bc8bac37d7eff77700720999acd9986d/j2objc-annotations-1.3.jar because:
[        ]   Build cache is disabled
[        ]   Caching not enabled.
[        ] Caching disabled for ExternalDependencyInstrumentingArtifactTransform: /root/.gradle/caches/modules-2/files-2.1/org.jetbrains.kotlin/kotlin-scripting-jvm/1.8.10/85d7bed036617120f09209e52f38cae13809176f/kotlin-scripting-jvm-1.8.10.jar because:
[        ]   Build cache is disabled
[        ]   Caching not enabled.
[        ] Caching disabled for MergeInstrumentationAnalysisTransform: /root/.gradle/caches/8.14/transforms/e9f9892790f994b7f50c4e7e25403e05/transformed/analysis/instrumentation-hierarchy.bin because:
[        ]   Build cache is disabled
[        ]   Caching not enabled.
[        ] Caching disabled for MergeInstrumentationAnalysisTransform: /root/.gradle/caches/8.14/transforms/8e362c5f3c362fbc630f6643bca41639/transformed/analysis/instrumentation-hierarchy.bin because:
[        ]   Build cache is disabled
[        ]   Caching not enabled.
[        ] Caching disabled for MergeInstrumentationAnalysisTransform: /root/.gradle/caches/modules-2/files-2.1/com.google.code.findbugs/jsr305/3.0.2/25ea2e8b0c338a877313bd4672d3fe056ea78f0d/jsr305-3.0.2.jar because:
[        ]   Build cache is disabled
[        ]   Caching not enabled.
[        ] Caching disabled for MergeInstrumentationAnalysisTransform: /root/.gradle/caches/8.14/transforms/e9f9892790f994b7f50c4e7e25403e05/transformed/analysis/instrumentation-dependencies.bin because:
[        ]   Build cache is disabled
[        ]   Caching not enabled.
[        ] Caching disabled for MergeInstrumentationAnalysisTransform: /root/.gradle/caches/8.14/transforms/1695b87295f7008a081b9f2571d5266f/transformed/analysis/instrumentation-dependencies.bin because:
[        ]   Build cache is disabled
[        ]   Caching not enabled.
[        ] Caching disabled for MergeInstrumentationAnalysisTransform: /root/.gradle/caches/8.14/transforms/8e362c5f3c362fbc630f6643bca41639/transformed/analysis/instrumentation-dependencies.bin because:
[        ]   Build cache is disabled
[        ]   Caching not enabled.
[        ] Caching disabled for MergeInstrumentationAnalysisTransform: /root/.gradle/caches/8.14/transforms/4ef70c406ebbfdf556bef4efe3605e2b/transformed/analysis/instrumentation-hierarchy.bin because:
[        ]   Build cache is disabled
[        ]   Caching not enabled.
[        ] Caching disabled for MergeInstrumentationAnalysisTransform: /root/.gradle/caches/modules-2/files-2.1/xml-apis/xml-apis/1.4.01/3789d9fada2d3d458c4ba2de349d48780f381ee3/xml-apis-1.4.01.jar because:
[        ]   Build cache is disabled
[        ]   Caching not enabled.
[        ] Caching disabled for MergeInstrumentationAnalysisTransform: /root/.gradle/caches/8.14/transforms/4ef70c406ebbfdf556bef4efe3605e2b/transformed/analysis/instrumentation-dependencies.bin because:
[        ]   Build cache is disabled
[        ]   Caching not enabled.
[        ] Caching disabled for MergeInstrumentationAnalysisTransform: /root/.gradle/caches/modules-2/files-2.1/org.jetbrains.kotlin/kotlin-stdlib-common/1.5.0/4080d69efca5e39e9b4972f125e40f1607bd6460/kotlin-stdlib-common-1.5.0.jar because:
[        ]   Build cache is disabled
[        ]   Caching not enabled.
[        ] Caching disabled for ExternalDependencyInstrumentingArtifactTransform: /root/.gradle/caches/modules-2/files-2.1/org.jetbrains.kotlin/kotlin-scripting-common/1.8.10/605352a419127937229ab574b50146a4bb4122fa/kotlin-scripting-common-1.8.10.jar because:
[        ]   Build cache is disabled
[        ]   Caching not enabled.
[        ] Caching disabled for MergeInstrumentationAnalysisTransform: /root/.gradle/caches/modules-2/files-2.1/commons-logging/commons-logging/1.2/4bfc12adfe4842bf07b657f0369c4cb522955686/commons-logging-1.2.jar because:
[        ]   Build cache is disabled
[        ]   Caching not enabled.
[        ] Caching disabled for MergeInstrumentationAnalysisTransform: /root/.gradle/caches/8.14/transforms/0f40679cbfd078edfe62f894df3fdb27/transformed/analysis/instrumentation-dependencies.bin because:
[        ]   Build cache is disabled
[        ]   Caching not enabled.
[        ] Caching disabled for ExternalDependencyInstrumentingArtifactTransform: /root/.gradle/caches/modules-2/files-2.1/org.jetbrains.kotlin/kotlin-build-common/1.8.10/d720aa8f7fc4f63c97ce457099e9583baf2d1a27/kotlin-build-common-1.8.10.jar because:
[        ]   Build cache is disabled
[        ]   Caching not enabled.
[        ] Caching disabled for ExternalDependencyInstrumentingArtifactTransform: /root/.gradle/caches/8.14/transforms/077e53ae2afe12b37aa219c6d7bd57f8/transformed/merge/instrumentation-dependencies.bin because:
[        ]   Build cache is disabled
[        ]   Caching not enabled.
[        ] Caching disabled for MergeInstrumentationAnalysisTransform: /root/.gradle/caches/8.14/transforms/b339661a9d4fceae017f1a0d5d50812e/transformed/analysis/instrumentation-hierarchy.bin because:
[        ]   Build cache is disabled
[        ]   Caching not enabled.
[        ] Caching disabled for MergeInstrumentationAnalysisTransform: /root/.gradle/caches/8.14/transforms/455497d009270b715da2eb0030bae886/transformed/analysis/instrumentation-hierarchy.bin because:
[        ]   Build cache is disabled
[        ]   Caching not enabled.
[        ] Caching disabled for MergeInstrumentationAnalysisTransform: /root/.gradle/caches/modules-2/files-2.1/io.grpc/grpc-context/1.21.1/aef9db74ded2d9ab229f9e184e35bebf6ac6fbdf/grpc-context-1.21.1.jar because:
[        ]   Build cache is disabled
[        ]   Caching not enabled.
[        ] Caching disabled for MergeInstrumentationAnalysisTransform: /root/.gradle/caches/8.14/transforms/e441986251ab1020a5a86d07991d4194/transformed/analysis/instrumentation-hierarchy.bin because:
[        ]   Build cache is disabled
[        ]   Caching not enabled.
[        ] Caching disabled for MergeInstrumentationAnalysisTransform: /root/.gradle/caches/8.14/transforms/b339661a9d4fceae017f1a0d5d50812e/transformed/analysis/instrumentation-dependencies.bin because:
[        ]   Build cache is disabled
[        ]   Caching not enabled.
[        ] Caching disabled for MergeInstrumentationAnalysisTransform: /root/.gradle/caches/modules-2/files-2.1/org.codehaus.mojo/animal-sniffer-annotations/1.17/f97ce6decaea32b36101e37979f8b647f00681fb/animal-sniffer-annotations-1.17.jar because:
[        ]   Build cache is disabled
[        ]   Caching not enabled.
[  +79 ms] Caching disabled for MergeInstrumentationAnalysisTransform: /root/.gradle/caches/8.14/transforms/e441986251ab1020a5a86d07991d4194/transformed/analysis/instrumentation-dependencies.bin because:
[        ]   Build cache is disabled
[        ]   Caching not enabled.
[        ] Caching disabled for MergeInstrumentationAnalysisTransform: /root/.gradle/caches/8.14/transforms/455497d009270b715da2eb0030bae886/transformed/analysis/instrumentation-dependencies.bin because:
[        ]   Build cache is disabled
[        ]   Caching not enabled.
[        ] Caching disabled for ExternalDependencyInstrumentingArtifactTransform: /root/.gradle/caches/modules-2/files-2.1/org.jetbrains.kotlin/kotlin-stdlib-common/1.5.0/4080d69efca5e39e9b4972f125e40f1607bd6460/kotlin-stdlib-common-1.5.0.jar because:
[        ]   Build cache is disabled
[        ]   Caching not enabled.
[        ] Caching disabled for MergeInstrumentationAnalysisTransform: /root/.gradle/caches/modules-2/files-2.1/io.netty/netty-codec-http/4.1.34.Final/2887d87fbc1b057657348f61dc538f7296daf79/netty-codec-http-4.1.34.Final.jar because:
[        ]   Build cache is disabled
[        ]   Caching not enabled.
[        ] Caching disabled for ExternalDependencyInstrumentingArtifactTransform: /root/.gradle/caches/8.14/transforms/d33de13cb338ab034f13cf797a89ff21/transformed/merge/instrumentation-dependencies.bin because:
[        ]   Build cache is disabled
[        ]   Caching not enabled.
[        ] Caching disabled for ExternalDependencyInstrumentingArtifactTransform: /root/.gradle/caches/8.14/transforms/d9e37acf34568e3af5152d38b7a25ed9/transformed/merge/instrumentation-dependencies.bin because:
[        ]   Build cache is disabled
[        ]   Caching not enabled.
[        ] Caching disabled for MergeInstrumentationAnalysisTransform: /root/.gradle/caches/modules-2/files-2.1/io.netty/netty-codec-socks/4.1.34.Final/345a10b91e4876cb6ec642a3c010ca187f361fa0/netty-codec-socks-4.1.34.Final.jar because:
[        ]   Build cache is disabled
[        ]   Caching not enabled.
[        ] Caching disabled for MergeInstrumentationAnalysisTransform: /root/.gradle/caches/8.14/transforms/4d4e56d9df07c1c5b8b953f921e709bc/transformed/analysis/instrumentation-hierarchy.bin because:
[        ]   Build cache is disabled
[        ]   Caching not enabled.
[        ] Caching disabled for ExternalDependencyInstrumentingArtifactTransform: /root/.gradle/caches/8.14/transforms/4c0d1f7a51d13f3f7217b6be01f19f28/transformed/merge/instrumentation-dependencies.bin because:
[        ]   Build cache is disabled
[        ]   Caching not enabled.
[        ] Caching disabled for ExternalDependencyInstrumentingArtifactTransform: /root/.gradle/caches/8.14/transforms/16e8ca5845ec13589e9c452ff3c2370b/transformed/merge/instrumentation-dependencies.bin because:
[        ]   Build cache is disabled
[        ]   Caching not enabled.
[        ] Caching disabled for MergeInstrumentationAnalysisTransform: /root/.gradle/caches/modules-2/files-2.1/io.netty/netty-handler/4.1.34.Final/96169098bebda3d1432f5421c338958063b3da52/netty-handler-4.1.34.Final.jar because:
[        ]   Build cache is disabled
[        ]   Caching not enabled.
[        ] Caching disabled for ExternalDependencyInstrumentingArtifactTransform: /root/.gradle/caches/modules-2/files-2.1/org.codehaus.mojo/animal-sniffer-annotations/1.17/f97ce6decaea32b36101e37979f8b647f00681fb/animal-sniffer-annotations-1.17.jar because:
[        ]   Build cache is disabled
[        ]   Caching not enabled.
[        ] Caching disabled for ExternalDependencyInstrumentingArtifactTransform: /root/.gradle/caches/8.14/transforms/e2dd074352fe5c07ab6fc7a797b4b4b3/transformed/merge/instrumentation-dependencies.bin because:
[        ]   Build cache is disabled
[        ]   Caching not enabled.
[        ] Caching disabled for ExternalDependencyInstrumentingArtifactTransform: /root/.gradle/caches/modules-2/files-2.1/io.grpc/grpc-context/1.21.1/aef9db74ded2d9ab229f9e184e35bebf6ac6fbdf/grpc-context-1.21.1.jar because:
[        ]   Build cache is disabled
[        ]   Caching not enabled.
[        ] Caching disabled for MergeInstrumentationAnalysisTransform: /root/.gradle/caches/8.14/transforms/4d4e56d9df07c1c5b8b953f921e709bc/transformed/analysis/instrumentation-dependencies.bin because:
[        ]   Build cache is disabled
[        ]   Caching not enabled.
[        ] Caching disabled for MergeInstrumentationAnalysisTransform: /root/.gradle/caches/8.14/transforms/75406b554708c774490e96eead64073b/transformed/analysis/instrumentation-hierarchy.bin because:
[        ]   Build cache is disabled
[        ]   Caching not enabled.
[        ] Caching disabled for MergeInstrumentationAnalysisTransform: /root/.gradle/caches/8.14/transforms/be576982bef00767613fd1ffe19c2da6/transformed/analysis/instrumentation-hierarchy.bin because:
[        ]   Build cache is disabled
[        ]   Caching not enabled.
[        ] Caching disabled for MergeInstrumentationAnalysisTransform: /root/.gradle/caches/8.14/transforms/75406b554708c774490e96eead64073b/transformed/analysis/instrumentation-dependencies.bin because:
[        ]   Build cache is disabled
[        ]   Caching not enabled.
[        ] Caching disabled for MergeInstrumentationAnalysisTransform: /root/.gradle/caches/8.14/transforms/be576982bef00767613fd1ffe19c2da6/transformed/analysis/instrumentation-dependencies.bin because:
[        ]   Build cache is disabled
[        ]   Caching not enabled.
[        ] Caching disabled for ExternalDependencyInstrumentingArtifactTransform: /root/.gradle/caches/modules-2/files-2.1/io.netty/netty-codec-socks/4.1.34.Final/345a10b91e4876cb6ec642a3c010ca187f361fa0/netty-codec-socks-4.1.34.Final.jar because:
[        ]   Build cache is disabled
[        ]   Caching not enabled.
[        ] Caching disabled for MergeInstrumentationAnalysisTransform: /root/.gradle/caches/modules-2/files-2.1/io.netty/netty-codec/4.1.34.Final/cb53baf46cc55768f2e28d15cde399063555ea8/netty-codec-4.1.34.Final.jar because:
[        ]   Build cache is disabled
[        ]   Caching not enabled.
[        ] Caching disabled for MergeInstrumentationAnalysisTransform: /root/.gradle/caches/8.14/transforms/d3638d31a2342f89778ad29ec1e18db7/transformed/analysis/instrumentation-hierarchy.bin because:
[        ]   Build cache is disabled
[        ]   Caching not enabled.
[        ] Caching disabled for MergeInstrumentationAnalysisTransform: /root/.gradle/caches/modules-2/files-2.1/io.netty/netty-buffer/4.1.34.Final/8afc2027eadc7848127553ebb490ea0e2b199d4e/netty-buffer-4.1.34.Final.jar because:
[        ]   Build cache is disabled
[        ]   Caching not enabled.
[        ] Caching disabled for ExternalDependencyInstrumentingArtifactTransform: /root/.gradle/caches/modules-2/files-2.1/org.jetbrains.kotlin/kotlin-daemon-embeddable/1.8.10/ad8541d9bc1cf9e52c3204161247910c2cf601d4/kotlin-daemon-embeddable-1.8.10.jar because:
[        ]   Build cache is disabled
[        ]   Caching not enabled.
[        ] Caching disabled for MergeInstrumentationAnalysisTransform: /root/.gradle/caches/modules-2/files-2.1/io.netty/netty-transport/4.1.34.Final/f57be6509efa6766d90e537a775930101f26b35c/netty-transport-4.1.34.Final.jar because:
[        ]   Build cache is disabled
[        ]   Caching not enabled.
[        ] Caching disabled for ExternalDependencyInstrumentingArtifactTransform: /root/.gradle/caches/8.14/transforms/f4a0f6d6a6f490c8560e7e8f33558199/transformed/merge/instrumentation-dependencies.bin because:
[        ]   Build cache is disabled
[        ]   Caching not enabled.
[        ] Caching disabled for MergeInstrumentationAnalysisTransform: /root/.gradle/caches/8.14/transforms/d3638d31a2342f89778ad29ec1e18db7/transformed/analysis/instrumentation-dependencies.bin because:
[        ]   Build cache is disabled
[        ]   Caching not enabled.
[        ] Caching disabled for MergeInstrumentationAnalysisTransform: /root/.gradle/caches/8.14/transforms/54b66159691474caa3bd7339da54e82b/transformed/analysis/instrumentation-hierarchy.bin because:
[        ]   Build cache is disabled
[        ]   Caching not enabled.
[        ] Caching disabled for ExternalDependencyInstrumentingArtifactTransform: /root/.gradle/caches/8.14/transforms/7410a514e86b47ab9e5b12f026eee13c/transformed/merge/instrumentation-dependencies.bin because:
[        ]   Build cache is disabled
[        ]   Caching not enabled.
[        ] Caching disabled for MergeInstrumentationAnalysisTransform: /root/.gradle/caches/8.14/transforms/54b66159691474caa3bd7339da54e82b/transformed/analysis/instrumentation-dependencies.bin because:
[        ]   Build cache is disabled
[        ]   Caching not enabled.
[        ] Caching disabled for MergeInstrumentationAnalysisTransform: /root/.gradle/caches/modules-2/files-2.1/io.netty/netty-resolver/4.1.34.Final/528789e98eef519960a56e44569ecb2260782fd7/netty-resolver-4.1.34.Final.jar because:
[        ]   Build cache is disabled
[        ]   Caching not enabled.
[        ] Caching disabled for MergeInstrumentationAnalysisTransform: /root/.gradle/caches/modules-2/files-2.1/io.netty/netty-common/4.1.34.Final/2dffa21967d36cae446b6905bd5fb39750fcba43/netty-common-4.1.34.Final.jar because:
[        ]   Build cache is disabled
[        ]   Caching not enabled.
[        ] Caching disabled for ExternalDependencyInstrumentingArtifactTransform: /root/.gradle/caches/8.14/transforms/dd9ca6b6a5966722f631c0871fcc4775/transformed/merge/instrumentation-dependencies.bin because:
[        ]   Build cache is disabled
[        ]   Caching not enabled.
[        ] Caching disabled for ExternalDependencyInstrumentingArtifactTransform: /root/.gradle/caches/8.14/transforms/8ad046a2f8f1b7b7119d864dde271cbf/transformed/merge/instrumentation-dependencies.bin because:
[        ]   Build cache is disabled
[        ]   Caching not enabled.
[        ] Caching disabled for ExternalDependencyInstrumentingArtifactTransform: /root/.gradle/caches/modules-2/files-2.1/io.netty/netty-resolver/4.1.34.Final/528789e98eef519960a56e44569ecb2260782fd7/netty-resolver-4.1.34.Final.jar because:
[        ]   Build cache is disabled
[        ]   Caching not enabled.
[        ] Caching disabled for MergeInstrumentationAnalysisTransform: /root/.gradle/caches/8.14/transforms/ac5bf8c9c11093332125b85efa76b5e3/transformed/analysis/instrumentation-hierarchy.bin because:
[        ]   Build cache is disabled
[        ]   Caching not enabled.
[        ] Caching disabled for ExternalDependencyInstrumentingArtifactTransform: /root/.gradle/caches/modules-2/files-2.1/io.netty/netty-handler/4.1.34.Final/96169098bebda3d1432f5421c338958063b3da52/netty-handler-4.1.34.Final.jar because:
[        ]   Build cache is disabled
[        ]   Caching not enabled.
[        ] Caching disabled for ExternalDependencyInstrumentingArtifactTransform: /root/.gradle/caches/8.14/transforms/6a543a96d03eca9157b76b64d60a7af2/transformed/merge/instrumentation-dependencies.bin because:
[        ]   Build cache is disabled
[        ]   Caching not enabled.
[        ] Caching disabled for ExternalDependencyInstrumentingArtifactTransform: /root/.gradle/caches/modules-2/files-2.1/com.android.tools.build/bundletool/1.8.0/4838d4a346d7d7579dc88a7c53283bc7fde4fb11/bundletool-1.8.0.jar because:
[        ]   Build cache is disabled
[        ]   Caching not enabled.
[        ] Caching disabled for MergeInstrumentationAnalysisTransform: /root/.gradle/caches/8.14/transforms/ac5bf8c9c11093332125b85efa76b5e3/transformed/analysis/instrumentation-dependencies.bin because:
[        ]   Build cache is disabled
[        ]   Caching not enabled.
[        ] Caching disabled for MergeInstrumentationAnalysisTransform: /root/.gradle/caches/8.14/transforms/66c7b890dc86d8217b7879774592d0ec/transformed/analysis/instrumentation-hierarchy.bin because:
[        ]   Build cache is disabled
[        ]   Caching not enabled.
[        ] Caching disabled for MergeInstrumentationAnalysisTransform: /root/.gradle/caches/8.14/transforms/66c7b890dc86d8217b7879774592d0ec/transformed/analysis/instrumentation-dependencies.bin because:
[        ]   Build cache is disabled
[        ]   Caching not enabled.
[        ] Caching disabled for MergeInstrumentationAnalysisTransform: /root/.gradle/caches/modules-2/files-2.1/com.fasterxml.jackson.core/jackson-databind/2.11.1/f5d24a1dcf46000316d40c8c61196c48dd5677c5/jackson-databind-2.11.1.jar because:
[        ]   Build cache is disabled
[        ]   Caching not enabled.
[        ] Caching disabled for MergeInstrumentationAnalysisTransform: /root/.gradle/caches/modules-2/files-2.1/com.fasterxml.jackson.core/jackson-annotations/2.11.1/f083c4ac0fb8b3c6b8d5b62cd54122228ef62cee/jackson-annotations-2.11.1.jar because:
[        ]   Build cache is disabled
[        ]   Caching not enabled.
[        ] Caching disabled for ExternalDependencyInstrumentingArtifactTransform: /root/.gradle/caches/8.14/transforms/97badda86c88a9d64c97999809101d1d/transformed/merge/instrumentation-dependencies.bin because:
[        ]   Build cache is disabled
[        ]   Caching not enabled.
[        ] Caching disabled for ExternalDependencyInstrumentingArtifactTransform: /root/.gradle/caches/8.14/transforms/5bfa514b7cf53b22d8c51940b781f895/transformed/merge/instrumentation-dependencies.bin because:
[        ]   Build cache is disabled
[        ]   Caching not enabled.
[        ] Caching disabled for ExternalDependencyInstrumentingArtifactTransform: /root/.gradle/caches/modules-2/files-2.1/com.fasterxml.jackson.core/jackson-annotations/2.11.1/f083c4ac0fb8b3c6b8d5b62cd54122228ef62cee/jackson-annotations-2.11.1.jar because:
[        ]   Build cache is disabled
[        ]   Caching not enabled.
[        ] Caching disabled for MergeInstrumentationAnalysisTransform: /root/.gradle/caches/8.14/transforms/66dcb0905246e3d0d9d05df93819f8b8/transformed/analysis/instrumentation-hierarchy.bin because:
[        ]   Build cache is disabled
[        ]   Caching not enabled.
[        ] Caching disabled for ExternalDependencyInstrumentingArtifactTransform: /root/.gradle/caches/modules-2/files-2.1/io.netty/netty-transport/4.1.34.Final/f57be6509efa6766d90e537a775930101f26b35c/netty-transport-4.1.34.Final.jar because:
[        ]   Build cache is disabled
[        ]   Caching not enabled.
[        ] Caching disabled for MergeInstrumentationAnalysisTransform: /root/.gradle/caches/8.14/transforms/66dcb0905246e3d0d9d05df93819f8b8/transformed/analysis/instrumentation-dependencies.bin because:
[        ]   Build cache is disabled
[        ]   Caching not enabled.
[        ] Caching disabled for MergeInstrumentationAnalysisTransform: /root/.gradle/caches/modules-2/files-2.1/com.fasterxml.jackson.core/jackson-core/2.11.1/8b02908d53183fdf9758e7e20f2fdee87613a962/jackson-core-2.11.1.jar because:
[        ]   Build cache is disabled
[        ]   Caching not enabled.
[        ] Caching disabled for MergeInstrumentationAnalysisTransform: /root/.gradle/caches/8.14/transforms/7393314a9e62f6eef1d03e3e285143c9/transformed/analysis/instrumentation-hierarchy.bin because:
[        ]   Build cache is disabled
[        ]   Caching not enabled.
[        ] Caching disabled for MergeInstrumentationAnalysisTransform: /root/.gradle/caches/8.14/transforms/7393314a9e62f6eef1d03e3e285143c9/transformed/analysis/instrumentation-dependencies.bin because:
[        ]   Build cache is disabled
[        ]   Caching not enabled.
[        ] Caching disabled for ExternalDependencyInstrumentingArtifactTransform: /root/.gradle/caches/8.14/transforms/8a38d227525e1e1ae24aea9327d4cdff/transformed/merge/instrumentation-dependencies.bin because:
[        ]   Build cache is disabled
[        ]   Caching not enabled.
[        ] Caching disabled for ExternalDependencyInstrumentingArtifactTransform: /root/.gradle/caches/modules-2/files-2.1/io.netty/netty-buffer/4.1.34.Final/8afc2027eadc7848127553ebb490ea0e2b199d4e/netty-buffer-4.1.34.Final.jar because:
[        ]   Build cache is disabled
[        ]   Caching not enabled.
[        ] Caching disabled for MergeInstrumentationAnalysisTransform: /root/.gradle/caches/8.14/transforms/0d7725c13ebdc6e25265a403124590c0/transformed/analysis/instrumentation-hierarchy.bin because:
[        ]   Build cache is disabled
[        ]   Caching not enabled.
[        ] Caching disabled for MergeInstrumentationAnalysisTransform: /root/.gradle/caches/8.14/transforms/0d7725c13ebdc6e25265a403124590c0/transformed/analysis/instrumentation-dependencies.bin because:
[        ]   Build cache is disabled
[        ]   Caching not enabled.
[  +86 ms] Caching disabled for MergeInstrumentationAnalysisTransform: /root/.gradle/caches/modules-2/files-2.1/org.codehaus.woodstox/stax2-api/4.2.1/a3f7325c52240418c2ba257b103c3c550e140c83/stax2-api-4.2.1.jar because:
[        ]   Build cache is disabled
[        ]   Caching not enabled.
[        ] Caching disabled for MergeInstrumentationAnalysisTransform: /root/.gradle/caches/modules-2/files-2.1/com.fasterxml.woodstox/woodstox-core/6.2.1/1600925b1ec7c7a3403c8f068ad62feead13132f/woodstox-core-6.2.1.jar because:
[        ]   Build cache is disabled
[        ]   Caching not enabled.
[        ] Caching disabled for ExternalDependencyInstrumentingArtifactTransform: /root/.gradle/caches/8.14/transforms/b6bf38184f59b28cd8f8521a8c8accd8/transformed/merge/instrumentation-dependencies.bin because:
[        ]   Build cache is disabled
[        ]   Caching not enabled.
[        ] Caching disabled for ExternalDependencyInstrumentingArtifactTransform: /root/.gradle/caches/modules-2/files-2.1/io.netty/netty-common/4.1.34.Final/2dffa21967d36cae446b6905bd5fb39750fcba43/netty-common-4.1.34.Final.jar because:
[        ]   Build cache is disabled
[        ]   Caching not enabled.
[        ] Caching disabled for ExternalDependencyInstrumentingArtifactTransform: /root/.gradle/caches/8.14/transforms/fa2a694d30eec14aa1739bd61eb98f56/transformed/merge/instrumentation-dependencies.bin because:
[        ]   Build cache is disabled
[        ]   Caching not enabled.
[        ] Caching disabled for ExternalDependencyInstrumentingArtifactTransform: /root/.gradle/caches/modules-2/files-2.1/org.jetbrains.kotlin/kotlin-gradle-plugin/1.8.10/757bb47b8359d3fa7357bb931e44d6bed49becc5/kotlin-gradle-plugin-1.8.10-gradle76.jar because:
[        ]   Build cache is disabled
[        ]   Caching not enabled.
[        ] Caching disabled for ExternalDependencyInstrumentingArtifactTransform: /root/.gradle/caches/modules-2/files-2.1/io.netty/netty-codec-http/4.1.34.Final/2887d87fbc1b057657348f61dc538f7296daf79/netty-codec-http-4.1.34.Final.jar because:
[        ]   Build cache is disabled
[        ]   Caching not enabled.
[        ] Caching disabled for ExternalDependencyInstrumentingArtifactTransform: /root/.gradle/caches/modules-2/files-2.1/io.netty/netty-codec/4.1.34.Final/cb53baf46cc55768f2e28d15cde399063555ea8/netty-codec-4.1.34.Final.jar because:
[        ]   Build cache is disabled
[        ]   Caching not enabled.
[        ] Caching disabled for ExternalDependencyInstrumentingArtifactTransform: /root/.gradle/caches/modules-2/files-2.1/org.codehaus.woodstox/stax2-api/4.2.1/a3f7325c52240418c2ba257b103c3c550e140c83/stax2-api-4.2.1.jar because:
[        ]   Build cache is disabled
[        ]   Caching not enabled.
[        ] Caching disabled for ExternalDependencyInstrumentingArtifactTransform: /root/.gradle/caches/modules-2/files-2.1/com.fasterxml.jackson.core/jackson-core/2.11.1/8b02908d53183fdf9758e7e20f2fdee87613a962/jackson-core-2.11.1.jar because:
[        ]   Build cache is disabled
[        ]   Caching not enabled.
[        ] Caching disabled for ExternalDependencyInstrumentingArtifactTransform: /root/.gradle/caches/modules-2/files-2.1/com.fasterxml.jackson.core/jackson-databind/2.11.1/f5d24a1dcf46000316d40c8c61196c48dd5677c5/jackson-databind-2.11.1.jar because:
[        ]   Build cache is disabled
[        ]   Caching not enabled.
[        ] Caching disabled for ExternalDependencyInstrumentingArtifactTransform: /root/.gradle/caches/modules-2/files-2.1/com.fasterxml.woodstox/woodstox-core/6.2.1/1600925b1ec7c7a3403c8f068ad62feead13132f/woodstox-core-6.2.1.jar because:
[        ]   Build cache is disabled
[        ]   Caching not enabled.
[        ] Caching disabled for ExternalDependencyInstrumentingArtifactTransform: /root/.gradle/caches/modules-2/files-2.1/com.android.tools.build/builder/7.1.1/12bf7a4cd32c4cd3fdc96ed8308e0cbfbe605e2/builder-7.1.1.jar because:
[        ]   Build cache is disabled
[        ]   Caching not enabled.
[        ] Caching disabled for MergeInstrumentationAnalysisTransform: /root/.gradle/caches/modules-2/files-2.1/org.apache.httpcomponents/httpmime/4.5.6/164343da11db817e81e24e0d9869527e069850c9/httpmime-4.5.6.jar because:
[        ]   Build cache is disabled
[        ]   Caching not enabled.
[+2698 ms] Caching disabled for ExternalDependencyInstrumentingArtifactTransform: /root/.gradle/caches/modules-2/files-2.1/org.jetbrains.kotlin/kotlin-compiler-embeddable/1.8.10/b0757fd774344d54ce93f5ad6c30ba1c1731c8ff/kotlin-compiler-embeddable-1.8.10.jar because:
[        ]   Build cache is disabled
[        ]   Caching not enabled.
[+2199 ms] Caching disabled for Groovy DSL script compilation (proj) because:
[        ]   Build cache is disabled
[        ]   Not worth caching.
[        ] Compiling build file '/root/.pub-cache/hosted/pub.dev/flutter_webrtc-1.3.0/android/build.gradle' using BuildScriptTransformer.
[  +99 ms] Using default execution profile
[        ] Using Kotlin Gradle Plugin gradle813 variant
[+1999 ms] > Configure project :geolocator_android
[        ] Evaluating project ':geolocator_android' using build file '/root/.pub-cache/hosted/pub.dev/geolocator_android-4.6.2/android/build.gradle'.
[        ] Caching disabled for Groovy DSL script compilation (cp_proj) because:
[        ]   Build cache is disabled
[        ]   Not worth caching.
[        ] Compiling build file '/root/.pub-cache/hosted/pub.dev/geolocator_android-4.6.2/android/build.gradle' using SubsetScriptTransformer.
[        ] Downloading https://dl.google.com/dl/android/maven2/com/android/tools/build/gradle/8.0.2/gradle-8.0.2.pom to /root/.gradle/.tmp/gradle_download16826168768328607010bin
[        ] Downloading https://dl.google.com/dl/android/maven2/com/android/tools/build/gradle/8.0.2/gradle-8.0.2.module to /root/.gradle/.tmp/gradle_download10731703290011248131bin
[        ] Downloading https://dl.google.com/dl/android/maven2/com/android/tools/build/gradle-settings-api/8.0.2/gradle-settings-api-8.0.2.pom to /root/.gradle/.tmp/gradle_download13645945162092090885bin
[        ] Downloading https://dl.google.com/dl/android/maven2/com/android/tools/sdk-common/31.0.2/sdk-common-31.0.2.pom to /root/.gradle/.tmp/gradle_download928241262987342979bin
[        ] Downloading https://dl.google.com/dl/android/maven2/com/android/tools/lint/lint-typedef-remover/31.0.2/lint-typedef-remover-31.0.2.pom to /root/.gradle/.tmp/gradle_download4520614303994610933bin
[        ] Downloading https://dl.google.com/dl/android/maven2/com/android/tools/build/aapt2-proto/8.0.2-9289358/aapt2-proto-8.0.2-9289358.pom to /root/.gradle/.tmp/gradle_download11417617247622226135bin
[        ] Downloading https://dl.google.com/dl/android/maven2/com/android/tools/analytics-library/shared/31.0.2/shared-31.0.2.pom to /root/.gradle/.tmp/gradle_download14877754979236310055bin
[        ] Downloading https://dl.google.com/dl/android/maven2/com/android/tools/analytics-library/crash/31.0.2/crash-31.0.2.pom to /root/.gradle/.tmp/gradle_download656083917359371232bin
[        ] Downloading https://dl.google.com/dl/android/maven2/com/android/tools/sdklib/31.0.2/sdklib-31.0.2.pom to /root/.gradle/.tmp/gradle_download13232330145733067185bin
[        ] Downloading https://dl.google.com/dl/android/maven2/com/android/tools/build/aaptcompiler/8.0.2/aaptcompiler-8.0.2.pom to /root/.gradle/.tmp/gradle_download17335167101917361083bin
[        ] Downloading https://dl.google.com/dl/android/maven2/com/android/tools/repository/31.0.2/repository-31.0.2.pom to /root/.gradle/.tmp/gradle_download5388646699360235906bin
[        ] Downloading https://dl.google.com/dl/android/maven2/com/android/tools/lint/lint-model/31.0.2/lint-model-31.0.2.pom to /root/.gradle/.tmp/gradle_download9427991898511915206bin
[        ] Downloading https://dl.google.com/dl/android/maven2/androidx/databinding/databinding-compiler-common/8.0.2/databinding-compiler-common-8.0.2.pom to /root/.gradle/.tmp/gradle_download2037755552417693824bin
[        ] Downloading https://dl.google.com/dl/android/maven2/com/android/tools/build/gradle-settings-api/8.0.2/gradle-settings-api-8.0.2.module to /root/.gradle/.tmp/gradle_download9812427395050377989bin
[        ] Downloading https://dl.google.com/dl/android/maven2/com/android/tools/utp/android-device-provider-ddmlib-proto/31.0.2/android-device-provider-ddmlib-proto-31.0.2.pom to /root/.gradle/.tmp/gradle_download4630044460754714435bin
[        ] Downloading https://dl.google.com/dl/android/maven2/com/android/tools/ddms/ddmlib/31.0.2/ddmlib-31.0.2.pom to /root/.gradle/.tmp/gradle_download8100198368377875413bin
[        ] Downloading https://dl.google.com/dl/android/maven2/com/android/tools/layoutlib/layoutlib-api/31.0.2/layoutlib-api-31.0.2.pom to /root/.gradle/.tmp/gradle_download8386107437248545601bin
[        ] Downloading https://dl.google.com/dl/android/maven2/com/android/tools/build/aaptcompiler/8.0.2/aaptcompiler-8.0.2.module to /root/.gradle/.tmp/gradle_download9316036898092841124bin
[        ] Downloading https://dl.google.com/dl/android/maven2/com/android/tools/build/builder-test-api/8.0.2/builder-test-api-8.0.2.pom to /root/.gradle/.tmp/gradle_download2105743629096588595bin
[        ] Downloading https://dl.google.com/dl/android/maven2/com/android/tools/utp/android-test-plugin-host-coverage-proto/31.0.2/android-test-plugin-host-coverage-proto-31.0.2.pom to /root/.gradle/.tmp/gradle_download12901526270208675866bin
[        ] Downloading https://dl.google.com/dl/android/maven2/com/android/tools/utp/android-device-provider-gradle-proto/31.0.2/android-device-provider-gradle-proto-31.0.2.pom to /root/.gradle/.tmp/gradle_download17726582862811127691bin
[        ] Downloading https://dl.google.com/dl/android/maven2/com/android/tools/utp/android-test-plugin-host-logcat-proto/31.0.2/android-test-plugin-host-logcat-proto-31.0.2.pom to /root/.gradle/.tmp/gradle_download2134267132582284014bin
[        ] Downloading https://dl.google.com/dl/android/maven2/com/android/tools/build/aapt2-proto/8.0.2-9289358/aapt2-proto-8.0.2-9289358.module to /root/.gradle/.tmp/gradle_download1212961060594749866bin
[        ] Downloading https://dl.google.com/dl/android/maven2/com/android/databinding/baseLibrary/8.0.2/baseLibrary-8.0.2.pom to /root/.gradle/.tmp/gradle_download13563113159250985230bin
[        ] Downloading https://dl.google.com/dl/android/maven2/androidx/databinding/databinding-common/8.0.2/databinding-common-8.0.2.pom to /root/.gradle/.tmp/gradle_download4417374431228725952bin
[        ] Downloading https://dl.google.com/dl/android/maven2/com/android/tools/utp/android-test-plugin-host-additional-test-output-proto/31.0.2/android-test-plugin-host-additional-test-output-proto-31.0.2.pom to /root/.gradle/.tmp/gradle_download4687542391456257099bin
[  +98 ms] Resource missing. [HTTP GET: https://dl.google.com/dl/android/maven2/com/google/protobuf/protobuf-java-util/3.19.3/protobuf-java-util-3.19.3.pom]
[        ] Downloading https://dl.google.com/dl/android/maven2/com/android/tools/build/builder-model/8.0.2/builder-model-8.0.2.pom to /root/.gradle/.tmp/gradle_download11479194670325128448bin
[        ] Resource missing. [HTTP GET: https://dl.google.com/dl/android/maven2/io/grpc/grpc-core/1.45.1/grpc-core-1.45.1.pom]
[        ] Resource missing. [HTTP GET: https://dl.google.com/dl/android/maven2/io/grpc/grpc-stub/1.45.1/grpc-stub-1.45.1.pom]
[        ] Resource missing. [HTTP GET: https://dl.google.com/dl/android/maven2/com/google/protobuf/protobuf-java/3.19.3/protobuf-java-3.19.3.pom]
[        ] Downloading https://dl.google.com/dl/android/maven2/com/android/tools/build/builder/8.0.2/builder-8.0.2.pom to /root/.gradle/.tmp/gradle_download4669680811763115553bin
[        ] Downloading https://dl.google.com/dl/android/maven2/com/android/tools/utp/android-test-plugin-result-listener-gradle-proto/31.0.2/android-test-plugin-result-listener-gradle-proto-31.0.2.pom to /root/.gradle/.tmp/gradle_download1117285248385827778bin
[        ] Downloading https://repo.maven.apache.org/maven2/com/google/protobuf/protobuf-java-util/3.19.3/protobuf-java-util-3.19.3.pom to /root/.gradle/.tmp/gradle_download7138529143886712960bin
[        ] Downloading https://dl.google.com/dl/android/maven2/com/android/tools/build/bundletool/1.13.2/bundletool-1.13.2.pom to /root/.gradle/.tmp/gradle_download10250083140452915186bin
[        ] Downloading https://repo.maven.apache.org/maven2/io/grpc/grpc-core/1.45.1/grpc-core-1.45.1.pom to /root/.gradle/.tmp/gradle_download12051400024359342299bin
[        ] Downloading https://dl.google.com/dl/android/maven2/com/android/tools/utp/android-test-plugin-host-retention-proto/31.0.2/android-test-plugin-host-retention-proto-31.0.2.pom to /root/.gradle/.tmp/gradle_download7778007256906137605bin
[        ] Downloading https://dl.google.com/dl/android/maven2/com/android/tools/build/builder-test-api/8.0.2/builder-test-api-8.0.2.module to /root/.gradle/.tmp/gradle_download14095657276620105963bin
[        ] Downloading https://repo.maven.apache.org/maven2/com/google/protobuf/protobuf-java/3.19.3/protobuf-java-3.19.3.pom to /root/.gradle/.tmp/gradle_download11005274077801347372bin
[        ] Downloading https://repo.maven.apache.org/maven2/io/grpc/grpc-stub/1.45.1/grpc-stub-1.45.1.pom to /root/.gradle/.tmp/gradle_download8121231482851888455bin
[ +399 ms] Resource missing. [HTTP GET: https://dl.google.com/dl/android/maven2/io/grpc/grpc-netty/1.45.1/grpc-netty-1.45.1.pom]
[        ] Downloading https://repo.maven.apache.org/maven2/io/grpc/grpc-netty/1.45.1/grpc-netty-1.45.1.pom to /root/.gradle/.tmp/gradle_download8333613339666860290bin
[ +100 ms] Downloading https://dl.google.com/dl/android/maven2/com/android/tools/build/gradle-api/8.0.2/gradle-api-8.0.2.pom to /root/.gradle/.tmp/gradle_download13286304248057585849bin
[        ] Resource missing. [HTTP GET: https://dl.google.com/dl/android/maven2/io/grpc/grpc-protobuf/1.45.1/grpc-protobuf-1.45.1.pom]
[        ] Downloading https://repo.maven.apache.org/maven2/io/grpc/grpc-protobuf/1.45.1/grpc-protobuf-1.45.1.pom to /root/.gradle/.tmp/gradle_download17806636768499550001bin
[        ] Resource missing. [HTTP GET: https://dl.google.com/dl/android/maven2/com/google/protobuf/protobuf-parent/3.19.3/protobuf-parent-3.19.3.pom]
[  +99 ms] Downloading https://dl.google.com/dl/android/maven2/com/android/tools/build/builder-model/8.0.2/builder-model-8.0.2.module to /root/.gradle/.tmp/gradle_download17173464560489832651bin
[        ] Downloading https://repo.maven.apache.org/maven2/com/google/protobuf/protobuf-parent/3.19.3/protobuf-parent-3.19.3.pom to /root/.gradle/.tmp/gradle_download15314447952607641518bin
[        ] Downloading https://dl.google.com/dl/android/maven2/com/android/tools/build/builder/8.0.2/builder-8.0.2.module to /root/.gradle/.tmp/gradle_download4993780967788749866bin
[  +99 ms] Resource missing. [HTTP GET: https://dl.google.com/dl/android/maven2/com/google/protobuf/protobuf-bom/3.19.3/protobuf-bom-3.19.3.pom]
[        ] Downloading https://dl.google.com/dl/android/maven2/com/android/tools/build/gradle-api/8.0.2/gradle-api-8.0.2.module to /root/.gradle/.tmp/gradle_download11700274517451897221bin
[        ] Downloading https://repo.maven.apache.org/maven2/com/google/protobuf/protobuf-bom/3.19.3/protobuf-bom-3.19.3.pom to /root/.gradle/.tmp/gradle_download13343823539302025942bin
[ +699 ms] Resource missing. [HTTP GET: https://dl.google.com/dl/android/maven2/com/google/guava/guava/31.0.1-jre/guava-31.0.1-jre.pom]
[        ] Downloading https://dl.google.com/dl/android/maven2/com/android/tools/common/31.0.2/common-31.0.2.pom to /root/.gradle/.tmp/gradle_download1124188434132689883bin
[  +99 ms] Downloading https://repo.maven.apache.org/maven2/com/google/guava/guava/31.0.1-jre/guava-31.0.1-jre.pom to /root/.gradle/.tmp/gradle_download14312143378356490208bin
[ +100 ms] Resource missing. [HTTP GET: https://dl.google.com/dl/android/maven2/com/google/guava/guava-parent/31.0.1-jre/guava-parent-31.0.1-jre.pom]
[        ] Downloading https://repo.maven.apache.org/maven2/com/google/guava/guava-parent/31.0.1-jre/guava-parent-31.0.1-jre.pom to /root/.gradle/.tmp/gradle_download9687551933938194898bin
[ +199 ms] Resource missing. [HTTP GET: https://dl.google.com/dl/android/maven2/org/apache/httpcomponents/httpcore/4.4.15/httpcore-4.4.15.pom]
[        ] Downloading https://repo.maven.apache.org/maven2/org/apache/httpcomponents/httpcore/4.4.15/httpcore-4.4.15.pom to /root/.gradle/.tmp/gradle_download667653422670038558bin
[ +399 ms] Downloading https://dl.google.com/dl/android/maven2/com/android/tools/dvlib/31.0.2/dvlib-31.0.2.pom to /root/.gradle/.tmp/gradle_download17993845519767423031bin
[ +299 ms] Resource missing. [HTTP GET: https://dl.google.com/dl/android/maven2/org/apache/httpcomponents/httpcomponents-core/4.4.15/httpcomponents-core-4.4.15.pom]
[        ] Downloading https://repo.maven.apache.org/maven2/org/apache/httpcomponents/httpcomponents-core/4.4.15/httpcomponents-core-4.4.15.pom to /root/.gradle/.tmp/gradle_download17586322230317498758bin
[ +199 ms] Downloading https://dl.google.com/dl/android/maven2/com/android/tools/annotations/31.0.2/annotations-31.0.2.pom to /root/.gradle/.tmp/gradle_download17858016103803555947bin
[ +499 ms] Downloading https://dl.google.com/dl/android/maven2/com/android/tools/analytics-library/protos/31.0.2/protos-31.0.2.pom to /root/.gradle/.tmp/gradle_download6289316865919436739bin
[ +200 ms] Resource missing. [HTTP GET: https://dl.google.com/dl/android/maven2/com/google/errorprone/error_prone_annotations/2.5.1/error_prone_annotations-2.5.1.pom]
[  +99 ms] Downloading https://repo.maven.apache.org/maven2/com/google/errorprone/error_prone_annotations/2.5.1/error_prone_annotations-2.5.1.pom to /root/.gradle/.tmp/gradle_download16473703818244320839bin
[ +400 ms] Resource missing. [HTTP GET: https://dl.google.com/dl/android/maven2/com/google/errorprone/error_prone_parent/2.5.1/error_prone_parent-2.5.1.pom]
[        ] Downloading https://repo.maven.apache.org/maven2/com/google/errorprone/error_prone_parent/2.5.1/error_prone_parent-2.5.1.pom to /root/.gradle/.tmp/gradle_download5494120973437589436bin
[ +299 ms] Resource missing. [HTTP GET: https://dl.google.com/dl/android/maven2/com/google/errorprone/error_prone_annotations/2.10.0/error_prone_annotations-2.10.0.pom]
[        ] Downloading https://repo.maven.apache.org/maven2/com/google/errorprone/error_prone_annotations/2.10.0/error_prone_annotations-2.10.0.pom to /root/.gradle/.tmp/gradle_download5837610785013537066bin
[ +399 ms] Resource missing. [HTTP GET: https://dl.google.com/dl/android/maven2/com/google/errorprone/error_prone_parent/2.10.0/error_prone_parent-2.10.0.pom]
[        ] Downloading https://repo.maven.apache.org/maven2/com/google/errorprone/error_prone_parent/2.10.0/error_prone_parent-2.10.0.pom to /root/.gradle/.tmp/gradle_download15765192590408138783bin
[ +300 ms] Resource missing. [HTTP GET: https://dl.google.com/dl/android/maven2/io/grpc/grpc-api/1.45.1/grpc-api-1.45.1.pom]
[        ] Downloading https://repo.maven.apache.org/maven2/io/grpc/grpc-api/1.45.1/grpc-api-1.45.1.pom to /root/.gradle/.tmp/gradle_download1377255042429670756bin
[ +199 ms] Resource missing. [HTTP GET: https://dl.google.com/dl/android/maven2/io/netty/netty-handler-proxy/4.1.72.Final/netty-handler-proxy-4.1.72.Final.pom]
[        ] Downloading https://repo.maven.apache.org/maven2/io/netty/netty-handler-proxy/4.1.72.Final/netty-handler-proxy-4.1.72.Final.pom to /root/.gradle/.tmp/gradle_download13211863962055665076bin
[ +199 ms] Resource missing. [HTTP GET: https://dl.google.com/dl/android/maven2/io/netty/netty-codec-http2/4.1.72.Final/netty-codec-http2-4.1.72.Final.pom]
[  +99 ms] Downloading https://repo.maven.apache.org/maven2/io/netty/netty-codec-http2/4.1.72.Final/netty-codec-http2-4.1.72.Final.pom to /root/.gradle/.tmp/gradle_download3460211448766683229bin
[ +199 ms] Resource missing. [HTTP GET: https://dl.google.com/dl/android/maven2/io/netty/netty-parent/4.1.72.Final/netty-parent-4.1.72.Final.pom]
[  +99 ms] Downloading https://repo.maven.apache.org/maven2/io/netty/netty-parent/4.1.72.Final/netty-parent-4.1.72.Final.pom to /root/.gradle/.tmp/gradle_download17983746816116196906bin
[ +199 ms] Resource missing. [HTTP GET: https://dl.google.com/dl/android/maven2/io/grpc/grpc-protobuf-lite/1.45.1/grpc-protobuf-lite-1.45.1.pom]
[        ] Downloading https://repo.maven.apache.org/maven2/io/grpc/grpc-protobuf-lite/1.45.1/grpc-protobuf-lite-1.45.1.pom to /root/.gradle/.tmp/gradle_download10925791450752360931bin
[  +99 ms] Downloading https://dl.google.com/dl/android/maven2/com/android/tools/analytics-library/tracker/31.0.2/tracker-31.0.2.pom to /root/.gradle/.tmp/gradle_download16896392968560896107bin
[        ] Downloading https://dl.google.com/dl/android/maven2/com/android/tools/build/manifest-merger/31.0.2/manifest-merger-31.0.2.pom to /root/.gradle/.tmp/gradle_download12026070137520871197bin
[  +99 ms] Downloading https://dl.google.com/dl/android/maven2/com/android/zipflinger/8.0.2/zipflinger-8.0.2.pom to /root/.gradle/.tmp/gradle_download5539585593824030304bin
[        ] Downloading https://dl.google.com/dl/android/maven2/com/android/tools/build/apksig/8.0.2/apksig-8.0.2.pom to /root/.gradle/.tmp/gradle_download11977341615920781885bin
[ +299 ms] Downloading https://dl.google.com/dl/android/maven2/com/android/signflinger/8.0.2/signflinger-8.0.2.pom to /root/.gradle/.tmp/gradle_download9169415729968342017bin
[ +300 ms] Downloading https://dl.google.com/dl/android/maven2/com/android/tools/build/manifest-merger/31.0.2/manifest-merger-31.0.2.module to /root/.gradle/.tmp/gradle_download7780119061447872776bin
[        ] Downloading https://dl.google.com/dl/android/maven2/com/android/tools/build/apkzlib/8.0.2/apkzlib-8.0.2.pom to /root/.gradle/.tmp/gradle_download6904586941602863395bin
[ +199 ms] Resource missing. [HTTP GET: https://dl.google.com/dl/android/maven2/org/checkerframework/checker-qual/3.12.0/checker-qual-3.12.0.pom]
[        ] Downloading https://repo.maven.apache.org/maven2/org/checkerframework/checker-qual/3.12.0/checker-qual-3.12.0.pom to /root/.gradle/.tmp/gradle_download9045191879362167418bin
[        ] Downloading https://repo.maven.apache.org/maven2/org/checkerframework/checker-qual/3.12.0/checker-qual-3.12.0.module to /root/.gradle/.tmp/gradle_download2773766154718154757bin
[ +499 ms] Resource missing. [HTTP GET: https://dl.google.com/dl/android/maven2/io/grpc/grpc-context/1.45.1/grpc-context-1.45.1.pom]
[        ] Downloading https://repo.maven.apache.org/maven2/io/grpc/grpc-context/1.45.1/grpc-context-1.45.1.pom to /root/.gradle/.tmp/gradle_download9288692880007689301bin
[  +99 ms] Resource missing. [HTTP GET: https://dl.google.com/dl/android/maven2/io/netty/netty-buffer/4.1.72.Final/netty-buffer-4.1.72.Final.pom]
[        ] Resource missing. [HTTP GET: https://dl.google.com/dl/android/maven2/io/netty/netty-common/4.1.72.Final/netty-common-4.1.72.Final.pom]
[        ] Downloading https://repo.maven.apache.org/maven2/io/netty/netty-buffer/4.1.72.Final/netty-buffer-4.1.72.Final.pom to /root/.gradle/.tmp/gradle_download6235273619480075420bin
[        ] Downloading https://repo.maven.apache.org/maven2/io/netty/netty-common/4.1.72.Final/netty-common-4.1.72.Final.pom to /root/.gradle/.tmp/gradle_download8418345376141781441bin
[        ] Resource missing. [HTTP GET: https://dl.google.com/dl/android/maven2/io/netty/netty-codec-http/4.1.72.Final/netty-codec-http-4.1.72.Final.pom]
[        ] Resource missing. [HTTP GET: https://dl.google.com/dl/android/maven2/io/netty/netty-transport/4.1.72.Final/netty-transport-4.1.72.Final.pom]
[  +99 ms] Downloading https://repo.maven.apache.org/maven2/io/netty/netty-codec-http/4.1.72.Final/netty-codec-http-4.1.72.Final.pom to /root/.gradle/.tmp/gradle_download15973042376228444636bin
[        ] Downloading https://repo.maven.apache.org/maven2/io/netty/netty-transport/4.1.72.Final/netty-transport-4.1.72.Final.pom to /root/.gradle/.tmp/gradle_download17855740540721631650bin
[        ] Resource missing. [HTTP GET: https://dl.google.com/dl/android/maven2/io/netty/netty-codec/4.1.72.Final/netty-codec-4.1.72.Final.pom]
[        ] Downloading https://repo.maven.apache.org/maven2/io/netty/netty-codec/4.1.72.Final/netty-codec-4.1.72.Final.pom to /root/.gradle/.tmp/gradle_download7457517331778343497bin
[ +499 ms] Resource missing. [HTTP GET: https://dl.google.com/dl/android/maven2/io/netty/netty-handler/4.1.72.Final/netty-handler-4.1.72.Final.pom]
[        ] Downloading https://repo.maven.apache.org/maven2/io/netty/netty-handler/4.1.72.Final/netty-handler-4.1.72.Final.pom to /root/.gradle/.tmp/gradle_download8604288646048200868bin
[ +199 ms] Resource missing. [HTTP GET: https://dl.google.com/dl/android/maven2/io/netty/netty-codec-socks/4.1.72.Final/netty-codec-socks-4.1.72.Final.pom]
[        ] Downloading https://repo.maven.apache.org/maven2/io/netty/netty-codec-socks/4.1.72.Final/netty-codec-socks-4.1.72.Final.pom to /root/.gradle/.tmp/gradle_download10346107035059055676bin
[ +499 ms] Resource missing. [HTTP GET: https://dl.google.com/dl/android/maven2/io/netty/netty-resolver/4.1.72.Final/netty-resolver-4.1.72.Final.pom]
[ +100 ms] Downloading https://repo.maven.apache.org/maven2/io/netty/netty-resolver/4.1.72.Final/netty-resolver-4.1.72.Final.pom to /root/.gradle/.tmp/gradle_download640689068442975962bin
[ +199 ms] Resource missing. [HTTP GET: https://dl.google.com/dl/android/maven2/io/netty/netty-tcnative-classes/2.0.46.Final/netty-tcnative-classes-2.0.46.Final.pom]
[        ] Downloading https://repo.maven.apache.org/maven2/io/netty/netty-tcnative-classes/2.0.46.Final/netty-tcnative-classes-2.0.46.Final.pom to /root/.gradle/.tmp/gradle_download7404504304413589425bin
[ +499 ms] Resource missing. [HTTP GET: https://dl.google.com/dl/android/maven2/io/netty/netty-tcnative-parent/2.0.46.Final/netty-tcnative-parent-2.0.46.Final.pom]
[ +100 ms] Downloading https://repo.maven.apache.org/maven2/io/netty/netty-tcnative-parent/2.0.46.Final/netty-tcnative-parent-2.0.46.Final.pom to /root/.gradle/.tmp/gradle_download13772888307405386142bin
[  +99 ms] Downloading https://dl.google.com/dl/android/maven2/com/android/tools/build/manifest-merger/31.0.2/manifest-merger-31.0.2.jar to /root/.gradle/.tmp/gradle_download3053793525967895919bin
[        ] Downloading https://dl.google.com/dl/android/maven2/com/android/tools/build/builder/8.0.2/builder-8.0.2.jar to /root/.gradle/.tmp/gradle_download17852005831814913912bin
[        ] Downloading https://dl.google.com/dl/android/maven2/com/android/tools/build/aaptcompiler/8.0.2/aaptcompiler-8.0.2.jar to /root/.gradle/.tmp/gradle_download16685932725729641259bin
[        ] Downloading https://dl.google.com/dl/android/maven2/com/android/tools/ddms/ddmlib/31.0.2/ddmlib-31.0.2.jar to /root/.gradle/.tmp/gradle_download9822514286517844163bin
[        ] Downloading https://dl.google.com/dl/android/maven2/com/android/tools/sdk-common/31.0.2/sdk-common-31.0.2.jar to /root/.gradle/.tmp/gradle_download14056833610213692187bin
[  +99 ms] Downloading https://dl.google.com/dl/android/maven2/com/android/tools/sdklib/31.0.2/sdklib-31.0.2.jar to /root/.gradle/.tmp/gradle_download11387537486924974763bin
[        ] Downloading https://dl.google.com/dl/android/maven2/com/android/tools/build/gradle-api/8.0.2/gradle-api-8.0.2.jar to /root/.gradle/.tmp/gradle_download17041397985942766697bin
[        ] Downloading https://dl.google.com/dl/android/maven2/com/android/tools/build/gradle/8.0.2/gradle-8.0.2.jar to /root/.gradle/.tmp/gradle_download17027016055623042107bin
[ +300 ms] Downloading https://dl.google.com/dl/android/maven2/com/android/tools/lint/lint-model/31.0.2/lint-model-31.0.2.jar to /root/.gradle/.tmp/gradle_download12228673560655450380bin
[        ] Downloading https://dl.google.com/dl/android/maven2/com/android/tools/analytics-library/shared/31.0.2/shared-31.0.2.jar to /root/.gradle/.tmp/gradle_download4501166360025506869bin
[  +99 ms] Downloading https://dl.google.com/dl/android/maven2/com/android/tools/build/builder-test-api/8.0.2/builder-test-api-8.0.2.jar to /root/.gradle/.tmp/gradle_download3052426875027304439bin
[   +2 ms] Downloading https://dl.google.com/dl/android/maven2/com/android/tools/build/gradle-settings-api/8.0.2/gradle-settings-api-8.0.2.jar to /root/.gradle/.tmp/gradle_download15082161200878415635bin
[  +97 ms] Downloading https://dl.google.com/dl/android/maven2/com/android/tools/repository/31.0.2/repository-31.0.2.jar to /root/.gradle/.tmp/gradle_download8075264491923221474bin
[        ] Downloading https://dl.google.com/dl/android/maven2/com/android/tools/lint/lint-typedef-remover/31.0.2/lint-typedef-remover-31.0.2.jar to /root/.gradle/.tmp/gradle_download7913491382544816404bin
[        ] Downloading https://dl.google.com/dl/android/maven2/com/android/tools/analytics-library/crash/31.0.2/crash-31.0.2.jar to /root/.gradle/.tmp/gradle_download6357070116532881773bin
[        ] Downloading https://dl.google.com/dl/android/maven2/com/android/tools/analytics-library/tracker/31.0.2/tracker-31.0.2.jar to /root/.gradle/.tmp/gradle_download18293034602308407727bin
[        ] Downloading https://dl.google.com/dl/android/maven2/com/android/tools/build/bundletool/1.13.2/bundletool-1.13.2.jar to /root/.gradle/.tmp/gradle_download10747022290324449313bin
[        ] Downloading https://dl.google.com/dl/android/maven2/com/android/tools/build/aapt2-proto/8.0.2-9289358/aapt2-proto-8.0.2-9289358.jar to /root/.gradle/.tmp/gradle_download16045141830073277202bin
[        ] Downloading https://dl.google.com/dl/android/maven2/androidx/databinding/databinding-compiler-common/8.0.2/databinding-compiler-common-8.0.2.jar to /root/.gradle/.tmp/gradle_download12532298805419421628bin
[  +99 ms] Downloading https://dl.google.com/dl/android/maven2/androidx/databinding/databinding-common/8.0.2/databinding-common-8.0.2.jar to /root/.gradle/.tmp/gradle_download13170083807882656715bin
[        ] Downloading https://dl.google.com/dl/android/maven2/com/android/tools/layoutlib/layoutlib-api/31.0.2/layoutlib-api-31.0.2.jar to /root/.gradle/.tmp/gradle_download13111718561655406063bin
[        ] Downloading https://dl.google.com/dl/android/maven2/com/android/databinding/baseLibrary/8.0.2/baseLibrary-8.0.2.jar to /root/.gradle/.tmp/gradle_download17093360134168478174bin
[ +199 ms] Downloading https://dl.google.com/dl/android/maven2/com/android/tools/utp/android-test-plugin-host-coverage-proto/31.0.2/android-test-plugin-host-coverage-proto-31.0.2.jar to /root/.gradle/.tmp/gradle_download4013073440670173207bin
[        ] Downloading https://dl.google.com/dl/android/maven2/com/android/tools/utp/android-device-provider-gradle-proto/31.0.2/android-device-provider-gradle-proto-31.0.2.jar to /root/.gradle/.tmp/gradle_download7920298664719652177bin
[        ] Downloading https://repo.maven.apache.org/maven2/com/google/protobuf/protobuf-java-util/3.19.3/protobuf-java-util-3.19.3.jar to /root/.gradle/.tmp/gradle_download1067745114406031318bin
[        ] Downloading https://repo.maven.apache.org/maven2/io/grpc/grpc-protobuf/1.45.1/grpc-protobuf-1.45.1.jar to /root/.gradle/.tmp/gradle_download13931175286191973146bin
[        ] Downloading https://dl.google.com/dl/android/maven2/com/android/tools/utp/android-test-plugin-host-retention-proto/31.0.2/android-test-plugin-host-retention-proto-31.0.2.jar to /root/.gradle/.tmp/gradle_download7428319420824611128bin
[  +99 ms] Downloading https://dl.google.com/dl/android/maven2/com/android/tools/build/builder-model/8.0.2/builder-model-8.0.2.jar to /root/.gradle/.tmp/gradle_download13898677210734848184bin
[        ] Downloading https://dl.google.com/dl/android/maven2/com/android/tools/dvlib/31.0.2/dvlib-31.0.2.jar to /root/.gradle/.tmp/gradle_download15558692384330336643bin
[        ] Downloading https://repo.maven.apache.org/maven2/com/google/protobuf/protobuf-java/3.19.3/protobuf-java-3.19.3.jar to /root/.gradle/.tmp/gradle_download17778317887425083247bin
[        ] Downloading https://dl.google.com/dl/android/maven2/com/android/tools/utp/android-test-plugin-host-additional-test-output-proto/31.0.2/android-test-plugin-host-additional-test-output-proto-31.0.2.jar to /root/.gradle/.tmp/gradle_download18396325914442752682bin
[        ] Downloading https://repo.maven.apache.org/maven2/io/grpc/grpc-core/1.45.1/grpc-core-1.45.1.jar to /root/.gradle/.tmp/gradle_download6260738767415722226bin
[        ] Downloading https://repo.maven.apache.org/maven2/io/grpc/grpc-netty/1.45.1/grpc-netty-1.45.1.jar to /root/.gradle/.tmp/gradle_download15245211234571169497bin
[        ] Downloading https://repo.maven.apache.org/maven2/io/grpc/grpc-stub/1.45.1/grpc-stub-1.45.1.jar to /root/.gradle/.tmp/gradle_download17447562267185888557bin
[  +99 ms] Downloading https://repo.maven.apache.org/maven2/io/grpc/grpc-api/1.45.1/grpc-api-1.45.1.jar to /root/.gradle/.tmp/gradle_download17844991259313674696bin
[        ] Downloading https://dl.google.com/dl/android/maven2/com/android/tools/utp/android-device-provider-ddmlib-proto/31.0.2/android-device-provider-ddmlib-proto-31.0.2.jar to /root/.gradle/.tmp/gradle_download2931630270239327625bin
[        ] Downloading https://repo.maven.apache.org/maven2/io/grpc/grpc-protobuf-lite/1.45.1/grpc-protobuf-lite-1.45.1.jar to /root/.gradle/.tmp/gradle_download12825829134779599546bin
[        ] Downloading https://repo.maven.apache.org/maven2/com/google/guava/guava/31.0.1-jre/guava-31.0.1-jre.jar to /root/.gradle/.tmp/gradle_download5500360915442930746bin
[  +99 ms] Downloading https://repo.maven.apache.org/maven2/org/apache/httpcomponents/httpcore/4.4.15/httpcore-4.4.15.jar to /root/.gradle/.tmp/gradle_download2380645694013161293bin
[        ] Downloading https://repo.maven.apache.org/maven2/io/netty/netty-codec-http2/4.1.72.Final/netty-codec-http2-4.1.72.Final.jar to /root/.gradle/.tmp/gradle_download1118364845728313676bin
[        ] Downloading https://repo.maven.apache.org/maven2/com/google/errorprone/error_prone_annotations/2.10.0/error_prone_annotations-2.10.0.jar to /root/.gradle/.tmp/gradle_download16591526622552011124bin
[        ] Downloading https://dl.google.com/dl/android/maven2/com/android/tools/utp/android-test-plugin-host-logcat-proto/31.0.2/android-test-plugin-host-logcat-proto-31.0.2.jar to /root/.gradle/.tmp/gradle_download13564239862565951126bin
[        ] Downloading https://dl.google.com/dl/android/maven2/com/android/tools/utp/android-test-plugin-result-listener-gradle-proto/31.0.2/android-test-plugin-result-listener-gradle-proto-31.0.2.jar to /root/.gradle/.tmp/gradle_download12320974319292857927bin
[  +99 ms] Downloading https://dl.google.com/dl/android/maven2/com/android/tools/build/apkzlib/8.0.2/apkzlib-8.0.2.jar to /root/.gradle/.tmp/gradle_download949150949202114545bin
[        ] Downloading https://repo.maven.apache.org/maven2/io/netty/netty-handler-proxy/4.1.72.Final/netty-handler-proxy-4.1.72.Final.jar to /root/.gradle/.tmp/gradle_download14368063634187728078bin
[        ] Downloading https://repo.maven.apache.org/maven2/org/checkerframework/checker-qual/3.12.0/checker-qual-3.12.0.jar to /root/.gradle/.tmp/gradle_download6961022580664358435bin
[        ] Downloading https://repo.maven.apache.org/maven2/io/grpc/grpc-context/1.45.1/grpc-context-1.45.1.jar to /root/.gradle/.tmp/gradle_download16055695250834691790bin
[        ] Downloading https://repo.maven.apache.org/maven2/io/netty/netty-codec/4.1.72.Final/netty-codec-4.1.72.Final.jar to /root/.gradle/.tmp/gradle_download11987308245893403326bin
[        ] Downloading https://repo.maven.apache.org/maven2/io/netty/netty-codec-socks/4.1.72.Final/netty-codec-socks-4.1.72.Final.jar to /root/.gradle/.tmp/gradle_download4319212933942972506bin
[        ] Downloading https://repo.maven.apache.org/maven2/io/netty/netty-codec-http/4.1.72.Final/netty-codec-http-4.1.72.Final.jar to /root/.gradle/.tmp/gradle_download6394032357885021644bin
[        ] Downloading https://repo.maven.apache.org/maven2/io/netty/netty-handler/4.1.72.Final/netty-handler-4.1.72.Final.jar to /root/.gradle/.tmp/gradle_download8758223254791179612bin
[        ] Downloading https://dl.google.com/dl/android/maven2/com/android/zipflinger/8.0.2/zipflinger-8.0.2.jar to /root/.gradle/.tmp/gradle_download16089058897286232913bin
[        ] Downloading https://dl.google.com/dl/android/maven2/com/android/signflinger/8.0.2/signflinger-8.0.2.jar to /root/.gradle/.tmp/gradle_download15231581411473965370bin
[  +99 ms] Downloading https://repo.maven.apache.org/maven2/io/netty/netty-transport/4.1.72.Final/netty-transport-4.1.72.Final.jar to /root/.gradle/.tmp/gradle_download5248663989822426645bin
[        ] Downloading https://repo.maven.apache.org/maven2/io/netty/netty-buffer/4.1.72.Final/netty-buffer-4.1.72.Final.jar to /root/.gradle/.tmp/gradle_download3035343059717246508bin
[        ] Downloading https://repo.maven.apache.org/maven2/io/netty/netty-resolver/4.1.72.Final/netty-resolver-4.1.72.Final.jar to /root/.gradle/.tmp/gradle_download13487652093356301469bin
[        ] Downloading https://dl.google.com/dl/android/maven2/com/android/tools/annotations/31.0.2/annotations-31.0.2.jar to /root/.gradle/.tmp/gradle_download8294609524351137659bin
[        ] Downloading https://repo.maven.apache.org/maven2/io/netty/netty-common/4.1.72.Final/netty-common-4.1.72.Final.jar to /root/.gradle/.tmp/gradle_download4762684821835728978bin
[        ] Downloading https://repo.maven.apache.org/maven2/io/netty/netty-tcnative-classes/2.0.46.Final/netty-tcnative-classes-2.0.46.Final.jar to /root/.gradle/.tmp/gradle_download11284521487551140702bin
[        ] Downloading https://dl.google.com/dl/android/maven2/com/android/tools/analytics-library/protos/31.0.2/protos-31.0.2.jar to /root/.gradle/.tmp/gradle_download12598572637549949178bin
[        ] Downloading https://dl.google.com/dl/android/maven2/com/android/tools/build/apksig/8.0.2/apksig-8.0.2.jar to /root/.gradle/.tmp/gradle_download535379777832651273bin
[  +99 ms] Downloading https://dl.google.com/dl/android/maven2/com/android/tools/common/31.0.2/common-31.0.2.jar to /root/.gradle/.tmp/gradle_download12120468614173872509bin
[ +200 ms] Caching disabled for InstrumentationAnalysisTransform: /root/.gradle/caches/modules-2/files-2.1/com.android.tools.build/gradle/8.0.2/5ca111c1d40e29d3c661a0805f4754c56938d010/gradle-8.0.2.jar because:
[        ]   Build cache is disabled
[        ]   Caching not enabled.
[        ] Caching disabled for InstrumentationAnalysisTransform: /root/.gradle/caches/modules-2/files-2.1/com.android.tools.build/gradle-settings-api/8.0.2/df1aeb5b973f38f9a93e563d5bb5c153e20fbc3a/gradle-settings-api-8.0.2.jar because:
[        ]   Build cache is disabled
[        ]   Caching not enabled.
[        ] Caching disabled for InstrumentationAnalysisTransform: /root/.gradle/caches/modules-2/files-2.1/com.android.tools.lint/lint-model/31.0.2/db18224b011462f0c24656733be1324ce822090/lint-model-31.0.2.jar because:
[        ]   Build cache is disabled
[        ]   Caching not enabled.
[        ] Caching disabled for InstrumentationAnalysisTransform: /root/.gradle/caches/modules-2/files-2.1/com.android.tools.build/builder/8.0.2/c4593dc89c1d43aef054ca0d43f9a686d1be02a4/builder-8.0.2.jar because:
[        ]   Build cache is disabled
[        ]   Caching not enabled.
[        ] Caching disabled for InstrumentationAnalysisTransform: /root/.gradle/caches/modules-2/files-2.1/com.android.tools.build/manifest-merger/31.0.2/20ef30dccc1e9252c9cd94151c9f722fe87b3d9f/manifest-merger-31.0.2.jar because:
[        ]   Build cache is disabled
[        ]   Caching not enabled.
[        ] Caching disabled for InstrumentationAnalysisTransform: /root/.gradle/caches/modules-2/files-2.1/com.android.tools/sdk-common/31.0.2/578e46520c75b415184b9c5bf45f7414f17b286a/sdk-common-31.0.2.jar because:
[        ]   Build cache is disabled
[        ]   Caching not enabled.
[        ] Caching disabled for InstrumentationAnalysisTransform: /root/.gradle/caches/modules-2/files-2.1/com.android.tools/sdklib/31.0.2/92055f99986f01d63d9e3f4de8bf5208197d7802/sdklib-31.0.2.jar because:
[        ]   Build cache is disabled
[        ]   Caching not enabled.
[        ] Caching disabled for InstrumentationAnalysisTransform: /root/.gradle/caches/modules-2/files-2.1/com.android.tools/repository/31.0.2/c9facaca740e41683fc978551b909da1f6ed211b/repository-31.0.2.jar because:
[        ]   Build cache is disabled
[        ]   Caching not enabled.
[        ] Caching disabled for InstrumentationAnalysisTransform: /root/.gradle/caches/modules-2/files-2.1/com.android.tools.build/gradle-api/8.0.2/fc413f3e38089c88444fdf2a9836c211e214ce0f/gradle-api-8.0.2.jar because:
[        ]   Build cache is disabled
[        ]   Caching not enabled.
[        ] Caching disabled for InstrumentationAnalysisTransform: /root/.gradle/caches/modules-2/files-2.1/com.android.tools.build/builder-test-api/8.0.2/e9f9a18d0e22b3a9c2879e13dd46d9c6066bcaa9/builder-test-api-8.0.2.jar because:
[        ]   Build cache is disabled
[        ]   Caching not enabled.
[        ] Caching disabled for InstrumentationAnalysisTransform: /root/.gradle/caches/modules-2/files-2.1/com.android.tools.ddms/ddmlib/31.0.2/4841ca3d8fb995267eea0e73e812f1c76025a09e/ddmlib-31.0.2.jar because:
[        ]   Build cache is disabled
[        ]   Caching not enabled.
[        ] Caching disabled for InstrumentationAnalysisTransform: /root/.gradle/caches/modules-2/files-2.1/com.android.tools.build/aaptcompiler/8.0.2/dbf7dec9353171252df58dec7f5ecbb997273c4f/aaptcompiler-8.0.2.jar because:
[        ]   Build cache is disabled
[        ]   Caching not enabled.
[        ] Caching disabled for InstrumentationAnalysisTransform: /root/.gradle/caches/modules-2/files-2.1/com.android.tools.build/bundletool/1.13.2/798e2bed735e55d91270aa363d2817a05c49b022/bundletool-1.13.2.jar because:
[        ]   Build cache is disabled
[        ]   Caching not enabled.
[        ] Caching disabled for InstrumentationAnalysisTransform: /root/.gradle/caches/modules-2/files-2.1/com.android.tools.build/aapt2-proto/8.0.2-9289358/b773c761b39c71cade1b9ae1c826b5cce53a3760/aapt2-proto-8.0.2-9289358.jar because:
[        ]   Build cache is disabled
[        ]   Caching not enabled.
[        ] Caching disabled for InstrumentationAnalysisTransform: /root/.gradle/caches/modules-2/files-2.1/com.android.tools.analytics-library/crash/31.0.2/130a30174838af6a9aab4c060248991136cc4a1e/crash-31.0.2.jar because:
[        ]   Build cache is disabled
[        ]   Caching not enabled.
[        ] Caching disabled for InstrumentationAnalysisTransform: /root/.gradle/caches/modules-2/files-2.1/com.android.tools.analytics-library/tracker/31.0.2/93e267ae33339e3e4c31513a481d4e5da25a3f3c/tracker-31.0.2.jar because:
[        ]   Build cache is disabled
[        ]   Caching not enabled.
[        ] Caching disabled for InstrumentationAnalysisTransform: /root/.gradle/caches/modules-2/files-2.1/com.android.tools.analytics-library/shared/31.0.2/7552ea5c8af6a8a256c66fbebf00c868394a253d/shared-31.0.2.jar because:
[        ]   Build cache is disabled
[        ]   Caching not enabled.
[        ] Caching disabled for InstrumentationAnalysisTransform: /root/.gradle/caches/modules-2/files-2.1/com.android.tools.lint/lint-typedef-remover/31.0.2/dc294605db32e2a07fd9bba72a4e337eba837a03/lint-typedef-remover-31.0.2.jar because:
[        ]   Build cache is disabled
[        ]   Caching not enabled.
[        ] Caching disabled for InstrumentationAnalysisTransform: /root/.gradle/caches/modules-2/files-2.1/androidx.databinding/databinding-compiler-common/8.0.2/4d4b862515ba043bfe963d09dab8eea0194e00e3/databinding-compiler-common-8.0.2.jar because:
[        ]   Build cache is disabled
[        ]   Caching not enabled.
[        ] Caching disabled for InstrumentationAnalysisTransform: /root/.gradle/caches/modules-2/files-2.1/androidx.databinding/databinding-common/8.0.2/84ed411631d2c4113f4ad992669fe3f50a83f072/databinding-common-8.0.2.jar because:
[        ]   Build cache is disabled
[        ]   Caching not enabled.
[        ] Caching disabled for InstrumentationAnalysisTransform: /root/.gradle/caches/modules-2/files-2.1/com.android.databinding/baseLibrary/8.0.2/816af75743910bbee1f2a4e0620683bc3ec6e453/baseLibrary-8.0.2.jar because:
[        ]   Build cache is disabled
[        ]   Caching not enabled.
[        ] Caching disabled for InstrumentationAnalysisTransform: /root/.gradle/caches/modules-2/files-2.1/com.android.tools.layoutlib/layoutlib-api/31.0.2/d5df6c18a46cc2360b8310b62a7fad1c130cb685/layoutlib-api-31.0.2.jar because:
[        ]   Build cache is disabled
[        ]   Caching not enabled.
[        ] Caching disabled for InstrumentationAnalysisTransform: /root/.gradle/caches/modules-2/files-2.1/com.android.tools.utp/android-device-provider-ddmlib-proto/31.0.2/7e8d418bf45f4f9f8cc1708429aa996d34b938b2/android-device-provider-ddmlib-proto-31.0.2.jar because:
[        ]   Build cache is disabled
[        ]   Caching not enabled.
[        ] Caching disabled for InstrumentationAnalysisTransform: /root/.gradle/caches/modules-2/files-2.1/com.android.tools.utp/android-device-provider-gradle-proto/31.0.2/22011eee9bd4de4e651cf55446fb65c812a2e442/android-device-provider-gradle-proto-31.0.2.jar because:
[        ]   Build cache is disabled
[        ]   Caching not enabled.
[        ] Caching disabled for InstrumentationAnalysisTransform: /root/.gradle/caches/modules-2/files-2.1/com.android.tools.utp/android-test-plugin-host-additional-test-output-proto/31.0.2/b8976b9ae955caa037a485c1c18fb0f4334c6fec/android-test-plugin-host-additional-test-output-proto-31.0.2.jar because:
[        ]   Build cache is disabled
[        ]   Caching not enabled.
[        ] Caching disabled for InstrumentationAnalysisTransform: /root/.gradle/caches/modules-2/files-2.1/com.android.tools.utp/android-test-plugin-host-coverage-proto/31.0.2/1a03db90bb6487372b10ee06c667447a85a8034b/android-test-plugin-host-coverage-proto-31.0.2.jar because:
[        ]   Build cache is disabled
[        ]   Caching not enabled.
[  +92 ms] Caching disabled for InstrumentationAnalysisTransform: /root/.gradle/caches/modules-2/files-2.1/com.android.tools.utp/android-test-plugin-host-logcat-proto/31.0.2/70f3b50e00822fdff5f60753a122d53ee99ae0aa/android-test-plugin-host-logcat-proto-31.0.2.jar because:
[        ]   Build cache is disabled
[        ]   Caching not enabled.
[        ] Caching disabled for InstrumentationAnalysisTransform: /root/.gradle/caches/modules-2/files-2.1/com.android.tools.utp/android-test-plugin-host-retention-proto/31.0.2/6be4fb1cdcba03d41d6c9888b914518bdc2d38d2/android-test-plugin-host-retention-proto-31.0.2.jar because:
[        ]   Build cache is disabled
[        ]   Caching not enabled.
[        ] Caching disabled for InstrumentationAnalysisTransform: /root/.gradle/caches/modules-2/files-2.1/com.android.tools.utp/android-test-plugin-result-listener-gradle-proto/31.0.2/39441225d84dc85587d2c87845058544e9140160/android-test-plugin-result-listener-gradle-proto-31.0.2.jar because:
[        ]   Build cache is disabled
[        ]   Caching not enabled.
[        ] Caching disabled for InstrumentationAnalysisTransform: /root/.gradle/caches/modules-2/files-2.1/com.android.tools.build/builder-model/8.0.2/a6d231c69cb96367baa8d554c93b18986ac092e5/builder-model-8.0.2.jar because:
[        ]   Build cache is disabled
[        ]   Caching not enabled.
[        ] Caching disabled for InstrumentationAnalysisTransform: /root/.gradle/caches/modules-2/files-2.1/com.android.tools/dvlib/31.0.2/ef8dfce1e50dc4b683cdb8ce9507cc87878ebcb5/dvlib-31.0.2.jar because:
[        ]   Build cache is disabled
[        ]   Caching not enabled.
[        ] Caching disabled for InstrumentationAnalysisTransform: /root/.gradle/caches/modules-2/files-2.1/com.android.tools/common/31.0.2/e78240c4a0e406eaa2bb6d6aa633c7cd4c8a5866/common-31.0.2.jar because:
[        ]   Build cache is disabled
[        ]   Caching not enabled.
[        ] Caching disabled for InstrumentationAnalysisTransform: /root/.gradle/caches/modules-2/files-2.1/com.android.tools.build/apkzlib/8.0.2/ad7136410ad4c88b1d1dea24ddeb5f9379e157e5/apkzlib-8.0.2.jar because:
[        ]   Build cache is disabled
[        ]   Caching not enabled.
[        ] Caching disabled for InstrumentationAnalysisTransform: /root/.gradle/caches/modules-2/files-2.1/com.google.protobuf/protobuf-java-util/3.19.3/3e6812cbbb7e6faffa7b56438740dec510e1fc1a/protobuf-java-util-3.19.3.jar because:
[        ]   Build cache is disabled
[        ]   Caching not enabled.
[        ] Caching disabled for InstrumentationAnalysisTransform: /root/.gradle/caches/modules-2/files-2.1/io.grpc/grpc-protobuf/1.45.1/480d2a8c2592c7067d2fe9cc773d3a36402bc463/grpc-protobuf-1.45.1.jar because:
[        ]   Build cache is disabled
[        ]   Caching not enabled.
[        ] Caching disabled for InstrumentationAnalysisTransform: /root/.gradle/caches/modules-2/files-2.1/com.android.tools.analytics-library/protos/31.0.2/1a391ebfcfc6b3fbd249f12f58bd301c3f13855f/protos-31.0.2.jar because:
[        ]   Build cache is disabled
[        ]   Caching not enabled.
[        ] Caching disabled for InstrumentationAnalysisTransform: /root/.gradle/caches/modules-2/files-2.1/com.google.protobuf/protobuf-java/3.19.3/4b57f1b1b9e281231c3fcfc039ce3021e29ff570/protobuf-java-3.19.3.jar because:
[        ]   Build cache is disabled
[        ]   Caching not enabled.
[        ] Caching disabled for InstrumentationAnalysisTransform: /root/.gradle/caches/modules-2/files-2.1/io.grpc/grpc-netty/1.45.1/e2a1bc48548213144f00aa709c4da92626b35cd8/grpc-netty-1.45.1.jar because:
[        ]   Build cache is disabled
[        ]   Caching not enabled.
[        ] Caching disabled for InstrumentationAnalysisTransform: /root/.gradle/caches/modules-2/files-2.1/io.grpc/grpc-stub/1.45.1/3cf1d4ef88808bbabea5d929b78854ccc7f95242/grpc-stub-1.45.1.jar because:
[        ]   Build cache is disabled
[        ]   Caching not enabled.
[        ] Caching disabled for InstrumentationAnalysisTransform: /root/.gradle/caches/modules-2/files-2.1/io.grpc/grpc-core/1.45.1/9d886fc7d591fac00cd1bbd2347ba66efb31ef20/grpc-core-1.45.1.jar because:
[        ]   Build cache is disabled
[        ]   Caching not enabled.
[        ] Caching disabled for InstrumentationAnalysisTransform: /root/.gradle/caches/modules-2/files-2.1/io.grpc/grpc-protobuf-lite/1.45.1/a842605124e6542550b2da550a9acae1443a945/grpc-protobuf-lite-1.45.1.jar because:
[        ]   Build cache is disabled
[        ]   Caching not enabled.
[        ] Caching disabled for InstrumentationAnalysisTransform: /root/.gradle/caches/modules-2/files-2.1/io.grpc/grpc-api/1.45.1/521df70b1f69648d5f418015ee594fc15a065dfc/grpc-api-1.45.1.jar because:
[        ]   Build cache is disabled
[        ]   Caching not enabled.
[        ] Caching disabled for InstrumentationAnalysisTransform: /root/.gradle/caches/modules-2/files-2.1/com.google.guava/guava/31.0.1-jre/119ea2b2bc205b138974d351777b20f02b92704b/guava-31.0.1-jre.jar because:
[        ]   Build cache is disabled
[        ]   Caching not enabled.
[        ] Caching disabled for InstrumentationAnalysisTransform: /root/.gradle/caches/modules-2/files-2.1/org.apache.httpcomponents/httpcore/4.4.15/7f2e0c573eaa7a74bac2e89b359e1f73d92a0a1d/httpcore-4.4.15.jar because:
[        ]   Build cache is disabled
[        ]   Caching not enabled.
[        ] Caching disabled for InstrumentationAnalysisTransform: /root/.gradle/caches/modules-2/files-2.1/com.android/signflinger/8.0.2/eadca001587305c0d2498104183497eaa7013ce2/signflinger-8.0.2.jar because:
[        ]   Build cache is disabled
[        ]   Caching not enabled.
[        ] Caching disabled for InstrumentationAnalysisTransform: /root/.gradle/caches/modules-2/files-2.1/com.android/zipflinger/8.0.2/c8905e73d011fc1683db2dfd08397ab250672d4e/zipflinger-8.0.2.jar because:
[        ]   Build cache is disabled
[        ]   Caching not enabled.
[   +1 ms] Caching disabled for InstrumentationAnalysisTransform: /root/.gradle/caches/modules-2/files-2.1/com.google.errorprone/error_prone_annotations/2.10.0/9bc20b94d3ac42489cf6ce1e42509c86f6f861a1/error_prone_annotations-2.10.0.jar because:
[        ]   Build cache is disabled
[        ]   Caching not enabled.
[        ] Caching disabled for InstrumentationAnalysisTransform: /root/.gradle/caches/modules-2/files-2.1/com.android.tools/annotations/31.0.2/9251cabb9830e0f59e30e8e99f58af7bbc97c34f/annotations-31.0.2.jar because:
[        ]   Build cache is disabled
[        ]   Caching not enabled.
[        ] Caching disabled for InstrumentationAnalysisTransform: /root/.gradle/caches/modules-2/files-2.1/io.netty/netty-codec-http2/4.1.72.Final/4b269e666fbace27d2c1efa57703e99b09655822/netty-codec-http2-4.1.72.Final.jar because:
[        ]   Build cache is disabled
[        ]   Caching not enabled.
[        ] Caching disabled for InstrumentationAnalysisTransform: /root/.gradle/caches/modules-2/files-2.1/io.netty/netty-handler-proxy/4.1.72.Final/90de0fe610454d4296052ae36acb8a6a1d0333f1/netty-handler-proxy-4.1.72.Final.jar because:
[        ]   Build cache is disabled
[        ]   Caching not enabled.
[        ] Caching disabled for InstrumentationAnalysisTransform: /root/.gradle/caches/modules-2/files-2.1/org.checkerframework/checker-qual/3.12.0/d5692f0526415fcc6de94bb5bfbd3afd9dd3b3e5/checker-qual-3.12.0.jar because:
[        ]   Build cache is disabled
[        ]   Caching not enabled.
[        ] Caching disabled for InstrumentationAnalysisTransform: /root/.gradle/caches/modules-2/files-2.1/io.grpc/grpc-context/1.45.1/485a08c019cc78914a477b1dfc7052820b8d822c/grpc-context-1.45.1.jar because:
[        ]   Build cache is disabled
[        ]   Caching not enabled.
[        ] Caching disabled for InstrumentationAnalysisTransform: /root/.gradle/caches/modules-2/files-2.1/com.android.tools.build/apksig/8.0.2/dda491097f106bdd32f4c8e664a58d3ba650fba/apksig-8.0.2.jar because:
[        ]   Build cache is disabled
[        ]   Caching not enabled.
[        ] Caching disabled for InstrumentationAnalysisTransform: /root/.gradle/caches/modules-2/files-2.1/io.netty/netty-codec-http/4.1.72.Final/a8f062d67303a5e4b2bc2ad48fb4fd8c99108e45/netty-codec-http-4.1.72.Final.jar because:
[        ]   Build cache is disabled
[        ]   Caching not enabled.
[        ] Caching disabled for InstrumentationAnalysisTransform: /root/.gradle/caches/modules-2/files-2.1/io.netty/netty-handler/4.1.72.Final/9feee089fee606c64be90c0332db9aef1f7d8e46/netty-handler-4.1.72.Final.jar because:
[        ]   Build cache is disabled
[        ]   Caching not enabled.
[        ] Caching disabled for InstrumentationAnalysisTransform: /root/.gradle/caches/modules-2/files-2.1/io.netty/netty-codec-socks/4.1.72.Final/d3bc427b6e2dc4bb6dc9d18d1cc47f8530970a8b/netty-codec-socks-4.1.72.Final.jar because:
[        ]   Build cache is disabled
[        ]   Caching not enabled.
[        ] Caching disabled for InstrumentationAnalysisTransform: /root/.gradle/caches/modules-2/files-2.1/io.netty/netty-transport/4.1.72.Final/99138b436a584879355aca8fe3c64b46227d5d79/netty-transport-4.1.72.Final.jar because:
[        ]   Build cache is disabled
[        ]   Caching not enabled.
[        ] Caching disabled for InstrumentationAnalysisTransform: /root/.gradle/caches/modules-2/files-2.1/io.netty/netty-codec/4.1.72.Final/613c4019d687db4e9a5532564e442f83c4474ed7/netty-codec-4.1.72.Final.jar because:
[        ]   Build cache is disabled
[        ]   Caching not enabled.
[        ] Caching disabled for InstrumentationAnalysisTransform: /root/.gradle/caches/modules-2/files-2.1/io.netty/netty-buffer/4.1.72.Final/f306eec3f79541f9b8af9c471a0d5b63b7996272/netty-buffer-4.1.72.Final.jar because:
[        ]   Build cache is disabled
[        ]   Caching not enabled.
[        ] Caching disabled for InstrumentationAnalysisTransform: /root/.gradle/caches/modules-2/files-2.1/io.netty/netty-resolver/4.1.72.Final/4ff458458ea32ed1156086820b624a815fcbf2c0/netty-resolver-4.1.72.Final.jar because:
[        ]   Build cache is disabled
[        ]   Caching not enabled.
[        ] Caching disabled for InstrumentationAnalysisTransform: /root/.gradle/caches/modules-2/files-2.1/io.netty/netty-tcnative-classes/2.0.46.Final/9937a832d9c19861822d345b48ced388b645aa5f/netty-tcnative-classes-2.0.46.Final.jar because:
[        ]   Build cache is disabled
[        ]   Caching not enabled.
[        ] Caching disabled for InstrumentationAnalysisTransform: /root/.gradle/caches/modules-2/files-2.1/io.netty/netty-common/4.1.72.Final/a55bac9c3af5f59828207b551a96ac19bbfc341e/netty-common-4.1.72.Final.jar because:
[        ]   Build cache is disabled
[        ]   Caching not enabled.
[ +191 ms] Caching disabled for MergeInstrumentationAnalysisTransform: /root/.gradle/caches/8.14/transforms/431e4f1d719803ad97d3f606bd1707d7/transformed/.gradle-instrumented-classpath.marker because:
[        ]   Build cache is disabled
[        ]   Caching not enabled.
[        ] Caching disabled for MergeInstrumentationAnalysisTransform: /root/.gradle/caches/8.14/transforms/3ed27091c70a63092b85506306196e9e/transformed/analysis/instrumentation-hierarchy.bin because:
[   +1 ms]   Build cache is disabled
[        ]   Caching not enabled.
[        ] Caching disabled for MergeInstrumentationAnalysisTransform: /root/.gradle/caches/8.14/transforms/5fcd8c449c525702bfd55d5b73824628/transformed/analysis/instrumentation-hierarchy.bin because:
[        ]   Build cache is disabled
[        ]   Caching not enabled.
[        ] Caching disabled for MergeInstrumentationAnalysisTransform: /root/.gradle/caches/8.14/transforms/9539c6d1a3a77379135fd580e9ed230a/transformed/analysis/instrumentation-hierarchy.bin because:
[        ]   Build cache is disabled
[        ]   Caching not enabled.
[        ] Caching disabled for MergeInstrumentationAnalysisTransform: /root/.gradle/caches/8.14/transforms/a76ff31f2e303c00f113fedcfaee316b/transformed/analysis/instrumentation-hierarchy.bin because:
[        ]   Build cache is disabled
[        ]   Caching not enabled.
[        ] Caching disabled for MergeInstrumentationAnalysisTransform: /root/.gradle/caches/8.14/transforms/764490cc4f4a8a931259e8fe81e188a0/transformed/analysis/instrumentation-hierarchy.bin because:
[        ]   Build cache is disabled
[        ]   Caching not enabled.
[        ] Caching disabled for MergeInstrumentationAnalysisTransform: /root/.gradle/caches/8.14/transforms/8bb8f82cc86e3d17f786a8654ab97a3e/transformed/analysis/instrumentation-hierarchy.bin because:
[        ]   Build cache is disabled
[        ]   Caching not enabled.
[        ] Caching disabled for MergeInstrumentationAnalysisTransform: /root/.gradle/caches/8.14/transforms/86b165731580ec5864aae61a62a5b60f/transformed/analysis/instrumentation-hierarchy.bin because:
[        ]   Build cache is disabled
[        ]   Caching not enabled.
[        ] Caching disabled for MergeInstrumentationAnalysisTransform: /root/.gradle/caches/8.14/transforms/674b9279ac73468aafdb56b8bbfd6747/transformed/analysis/instrumentation-hierarchy.bin because:
[        ]   Build cache is disabled
[        ]   Caching not enabled.
[        ] Caching disabled for MergeInstrumentationAnalysisTransform: /root/.gradle/caches/8.14/transforms/5be32be54cd9af3fc94147589244350d/transformed/analysis/instrumentation-hierarchy.bin because:
[        ]   Build cache is disabled
[        ]   Caching not enabled.
[        ] Caching disabled for MergeInstrumentationAnalysisTransform: /root/.gradle/caches/8.14/transforms/68842e4db78753b55d57484e49de9225/transformed/analysis/instrumentation-hierarchy.bin because:
[        ]   Build cache is disabled
[        ]   Caching not enabled.
[        ] Caching disabled for MergeInstrumentationAnalysisTransform: /root/.gradle/caches/8.14/transforms/431e4f1d719803ad97d3f606bd1707d7/transformed/analysis/instrumentation-hierarchy.bin because:
[        ]   Build cache is disabled
[        ]   Caching not enabled.
[        ] Caching disabled for MergeInstrumentationAnalysisTransform: /root/.gradle/caches/8.14/transforms/8acdf0002b32db404615bc136a8f7a12/transformed/analysis/instrumentation-hierarchy.bin because:
[        ]   Build cache is disabled
[        ]   Caching not enabled.
[        ] Caching disabled for MergeInstrumentationAnalysisTransform: /root/.gradle/caches/8.14/transforms/3ed27091c70a63092b85506306196e9e/transformed/analysis/instrumentation-dependencies.bin because:
[        ]   Build cache is disabled
[        ]   Caching not enabled.
[        ] Caching disabled for MergeInstrumentationAnalysisTransform: /root/.gradle/caches/8.14/transforms/8bb8f82cc86e3d17f786a8654ab97a3e/transformed/analysis/instrumentation-dependencies.bin because:
[        ]   Build cache is disabled
[        ]   Caching not enabled.
[        ] Caching disabled for MergeInstrumentationAnalysisTransform: /root/.gradle/caches/8.14/transforms/5fcd8c449c525702bfd55d5b73824628/transformed/analysis/instrumentation-dependencies.bin because:
[        ]   Build cache is disabled
[        ]   Caching not enabled.
[        ] Caching disabled for MergeInstrumentationAnalysisTransform: /root/.gradle/caches/8.14/transforms/a76ff31f2e303c00f113fedcfaee316b/transformed/analysis/instrumentation-dependencies.bin because:
[        ]   Build cache is disabled
[        ]   Caching not enabled.
[        ] Caching disabled for MergeInstrumentationAnalysisTransform: /root/.gradle/caches/8.14/transforms/674b9279ac73468aafdb56b8bbfd6747/transformed/analysis/instrumentation-dependencies.bin because:
[        ]   Build cache is disabled
[        ]   Caching not enabled.
[        ] Caching disabled for MergeInstrumentationAnalysisTransform: /root/.gradle/caches/8.14/transforms/764490cc4f4a8a931259e8fe81e188a0/transformed/analysis/instrumentation-dependencies.bin because:
[        ]   Build cache is disabled
[        ]   Caching not enabled.
[        ] Caching disabled for MergeInstrumentationAnalysisTransform: /root/.gradle/caches/8.14/transforms/86b165731580ec5864aae61a62a5b60f/transformed/analysis/instrumentation-dependencies.bin because:
[        ]   Build cache is disabled
[        ]   Caching not enabled.
[        ] Caching disabled for MergeInstrumentationAnalysisTransform: /root/.gradle/caches/8.14/transforms/9539c6d1a3a77379135fd580e9ed230a/transformed/analysis/instrumentation-dependencies.bin because:
[        ]   Build cache is disabled
[        ]   Caching not enabled.
[        ] Caching disabled for MergeInstrumentationAnalysisTransform: /root/.gradle/caches/8.14/transforms/8acdf0002b32db404615bc136a8f7a12/transformed/analysis/instrumentation-dependencies.bin because:
[        ]   Build cache is disabled
[        ]   Caching not enabled.
[        ] Caching disabled for MergeInstrumentationAnalysisTransform: /root/.gradle/caches/8.14/transforms/5be32be54cd9af3fc94147589244350d/transformed/analysis/instrumentation-dependencies.bin because:
[        ]   Build cache is disabled
[        ]   Caching not enabled.
[        ] Caching disabled for MergeInstrumentationAnalysisTransform: /root/.gradle/caches/8.14/transforms/68842e4db78753b55d57484e49de9225/transformed/analysis/instrumentation-dependencies.bin because:
[        ]   Build cache is disabled
[        ]   Caching not enabled.
[        ] Caching disabled for MergeInstrumentationAnalysisTransform: /root/.gradle/caches/8.14/transforms/431e4f1d719803ad97d3f606bd1707d7/transformed/analysis/instrumentation-dependencies.bin because:
[        ]   Build cache is disabled
[        ]   Caching not enabled.
[        ] Caching disabled for MergeInstrumentationAnalysisTransform: /root/.gradle/caches/modules-2/files-2.1/com.android.tools.build/manifest-merger/31.0.2/20ef30dccc1e9252c9cd94151c9f722fe87b3d9f/manifest-merger-31.0.2.jar because:
[        ]   Build cache is disabled
[        ]   Caching not enabled.
[        ] Caching disabled for MergeInstrumentationAnalysisTransform: /root/.gradle/caches/modules-2/files-2.1/com.android.tools.build/gradle-settings-api/8.0.2/df1aeb5b973f38f9a93e563d5bb5c153e20fbc3a/gradle-settings-api-8.0.2.jar because:
[        ]   Build cache is disabled
[        ]   Caching not enabled.
[        ] Caching disabled for MergeInstrumentationAnalysisTransform: /root/.gradle/caches/modules-2/files-2.1/com.android.tools.build/gradle-api/8.0.2/fc413f3e38089c88444fdf2a9836c211e214ce0f/gradle-api-8.0.2.jar because:
[        ]   Build cache is disabled
[        ]   Caching not enabled.
[        ] Caching disabled for MergeInstrumentationAnalysisTransform: /root/.gradle/caches/modules-2/files-2.1/com.android.tools.lint/lint-model/31.0.2/db18224b011462f0c24656733be1324ce822090/lint-model-31.0.2.jar because:
[        ]   Build cache is disabled
[        ]   Caching not enabled.
[        ] Caching disabled for MergeInstrumentationAnalysisTransform: /root/.gradle/caches/modules-2/files-2.1/com.android.tools/repository/31.0.2/c9facaca740e41683fc978551b909da1f6ed211b/repository-31.0.2.jar because:
[        ]   Build cache is disabled
[        ]   Caching not enabled.
[        ] Caching disabled for MergeInstrumentationAnalysisTransform: /root/.gradle/caches/modules-2/files-2.1/com.android.tools.build/aaptcompiler/8.0.2/dbf7dec9353171252df58dec7f5ecbb997273c4f/aaptcompiler-8.0.2.jar because:
[        ]   Build cache is disabled
[        ]   Caching not enabled.
[        ] Caching disabled for MergeInstrumentationAnalysisTransform: /root/.gradle/caches/modules-2/files-2.1/com.android.tools.build/builder-test-api/8.0.2/e9f9a18d0e22b3a9c2879e13dd46d9c6066bcaa9/builder-test-api-8.0.2.jar because:
[        ]   Build cache is disabled
[        ]   Caching not enabled.
[        ] Caching disabled for MergeInstrumentationAnalysisTransform: /root/.gradle/caches/modules-2/files-2.1/com.android.tools/sdklib/31.0.2/92055f99986f01d63d9e3f4de8bf5208197d7802/sdklib-31.0.2.jar because:
[        ]   Build cache is disabled
[        ]   Caching not enabled.
[        ] Caching disabled for MergeInstrumentationAnalysisTransform: /root/.gradle/caches/modules-2/files-2.1/com.android.tools.ddms/ddmlib/31.0.2/4841ca3d8fb995267eea0e73e812f1c76025a09e/ddmlib-31.0.2.jar because:
[        ]   Build cache is disabled
[        ]   Caching not enabled.
[   +5 ms] Caching disabled for ExternalDependencyInstrumentingArtifactTransform: /root/.gradle/caches/8.14/transforms/6018d670c537bc2b3a72f8d161c10e30/transformed/merge/instrumentation-dependencies.bin because:
[        ]   Build cache is disabled
[        ]   Caching not enabled.
[        ] Caching disabled for ExternalDependencyInstrumentingArtifactTransform: /root/.gradle/caches/8.14/transforms/f0e4ad909483f743970b01fafdae8c62/transformed/merge/instrumentation-dependencies.bin because:
[   +1 ms]   Build cache is disabled
[        ]   Caching not enabled.
[        ] Caching disabled for ExternalDependencyInstrumentingArtifactTransform: /root/.gradle/caches/8.14/transforms/10dbe62dac2e6d05724f2b1565b039ec/transformed/merge/instrumentation-dependencies.bin because:
[        ]   Build cache is disabled
[        ]   Caching not enabled.
[        ] Caching disabled for MergeInstrumentationAnalysisTransform: /root/.gradle/caches/modules-2/files-2.1/com.android.tools/sdk-common/31.0.2/578e46520c75b415184b9c5bf45f7414f17b286a/sdk-common-31.0.2.jar because:
[        ]   Build cache is disabled
[        ]   Caching not enabled.
[        ] Caching disabled for ExternalDependencyInstrumentingArtifactTransform: /root/.gradle/caches/8.14/transforms/47d771a2499058eecce2c690bb76731a/transformed/merge/instrumentation-dependencies.bin because:
[        ]   Build cache is disabled
[        ]   Caching not enabled.
[        ] Caching disabled for ExternalDependencyInstrumentingArtifactTransform: /root/.gradle/caches/8.14/transforms/076351c4171f613300ed39f02644fcc2/transformed/merge/instrumentation-dependencies.bin because:
[        ]   Build cache is disabled
[        ]   Caching not enabled.
[        ] Caching disabled for ExternalDependencyInstrumentingArtifactTransform: /root/.gradle/caches/8.14/transforms/f060eb0c5a76c7e1d5457f7bda45722f/transformed/merge/instrumentation-dependencies.bin because:
[        ]   Build cache is disabled
[        ]   Caching not enabled.
[        ] Caching disabled for ExternalDependencyInstrumentingArtifactTransform: /root/.gradle/caches/8.14/transforms/fbf995fa5b7f3421ce068ec89219070b/transformed/merge/instrumentation-dependencies.bin because:
[        ]   Build cache is disabled
[        ]   Caching not enabled.
[        ] Caching disabled for ExternalDependencyInstrumentingArtifactTransform: /root/.gradle/caches/8.14/transforms/a0f74fce3e05402c19a173828aaa82e9/transformed/merge/instrumentation-dependencies.bin because:
[        ]   Build cache is disabled
[        ]   Caching not enabled.
[        ] Caching disabled for ExternalDependencyInstrumentingArtifactTransform: /root/.gradle/caches/8.14/transforms/d7d7df90fd9b89f2f323423639d60df5/transformed/merge/instrumentation-dependencies.bin because:
[        ]   Build cache is disabled
[        ]   Caching not enabled.
[        ] Caching disabled for ExternalDependencyInstrumentingArtifactTransform: /root/.gradle/caches/8.14/transforms/388b34601866857f2e93b091ef9973ad/transformed/merge/instrumentation-dependencies.bin because:
[        ]   Build cache is disabled
[        ]   Caching not enabled.
[        ] Caching disabled for ExternalDependencyInstrumentingArtifactTransform: /root/.gradle/caches/modules-2/files-2.1/com.android.tools.build/builder-test-api/8.0.2/e9f9a18d0e22b3a9c2879e13dd46d9c6066bcaa9/builder-test-api-8.0.2.jar because:
[        ]   Build cache is disabled
[        ]   Caching not enabled.
[        ] Caching disabled for MergeInstrumentationAnalysisTransform: /root/.gradle/caches/8.14/transforms/d72e0705623f95fe2dd18f7706b1957e/transformed/analysis/instrumentation-hierarchy.bin because:
[        ]   Build cache is disabled
[        ]   Caching not enabled.
[        ] Caching disabled for ExternalDependencyInstrumentingArtifactTransform: /root/.gradle/caches/modules-2/files-2.1/com.android.tools.build/gradle-settings-api/8.0.2/df1aeb5b973f38f9a93e563d5bb5c153e20fbc3a/gradle-settings-api-8.0.2.jar because:
[        ]   Build cache is disabled
[        ]   Caching not enabled.
[        ] Caching disabled for MergeInstrumentationAnalysisTransform: /root/.gradle/caches/modules-2/files-2.1/com.android.tools.build/builder/8.0.2/c4593dc89c1d43aef054ca0d43f9a686d1be02a4/builder-8.0.2.jar because:
[        ]   Build cache is disabled
[        ]   Caching not enabled.
[        ] Caching disabled for MergeInstrumentationAnalysisTransform: /root/.gradle/caches/8.14/transforms/d72e0705623f95fe2dd18f7706b1957e/transformed/analysis/instrumentation-dependencies.bin because:
[        ]   Build cache is disabled
[        ]   Caching not enabled.
[  +79 ms] Caching disabled for MergeInstrumentationAnalysisTransform: /root/.gradle/caches/8.14/transforms/55b46ac611f7cb7e06729cd3104309a2/transformed/analysis/instrumentation-hierarchy.bin because:
[        ]   Build cache is disabled
[        ]   Caching not enabled.
[        ] Caching disabled for ExternalDependencyInstrumentingArtifactTransform: /root/.gradle/caches/8.14/transforms/2721002d2d8844f330d46d0f6c3342e4/transformed/merge/instrumentation-dependencies.bin because:
[        ]   Build cache is disabled
[   +1 ms]   Caching not enabled.
[        ] Caching disabled for ExternalDependencyInstrumentingArtifactTransform: /root/.gradle/caches/modules-2/files-2.1/com.android.tools.lint/lint-model/31.0.2/db18224b011462f0c24656733be1324ce822090/lint-model-31.0.2.jar because:
[        ]   Build cache is disabled
[        ]   Caching not enabled.
[        ] Caching disabled for MergeInstrumentationAnalysisTransform: /root/.gradle/caches/8.14/transforms/55b46ac611f7cb7e06729cd3104309a2/transformed/analysis/instrumentation-dependencies.bin because:
[        ]   Build cache is disabled
[        ]   Caching not enabled.
[        ] Caching disabled for MergeInstrumentationAnalysisTransform: /root/.gradle/caches/8.14/transforms/54e75fe7880ca5c27f46872aba46c41a/transformed/analysis/instrumentation-hierarchy.bin because:
[        ]   Build cache is disabled
[        ]   Caching not enabled.
[        ] Caching disabled for ExternalDependencyInstrumentingArtifactTransform: /root/.gradle/caches/modules-2/files-2.1/com.android.tools/repository/31.0.2/c9facaca740e41683fc978551b909da1f6ed211b/repository-31.0.2.jar because:
[        ]   Build cache is disabled
[        ]   Caching not enabled.
[        ] Caching disabled for MergeInstrumentationAnalysisTransform: /root/.gradle/caches/modules-2/files-2.1/com.android.tools.build/aapt2-proto/8.0.2-9289358/b773c761b39c71cade1b9ae1c826b5cce53a3760/aapt2-proto-8.0.2-9289358.jar because:
[        ]   Build cache is disabled
[        ]   Caching not enabled.
[        ] Caching disabled for ExternalDependencyInstrumentingArtifactTransform: /root/.gradle/caches/modules-2/files-2.1/com.android.tools.build/manifest-merger/31.0.2/20ef30dccc1e9252c9cd94151c9f722fe87b3d9f/manifest-merger-31.0.2.jar because:
[        ]   Build cache is disabled
[        ]   Caching not enabled.
[        ] Caching disabled for MergeInstrumentationAnalysisTransform: /root/.gradle/caches/8.14/transforms/54e75fe7880ca5c27f46872aba46c41a/transformed/analysis/instrumentation-dependencies.bin because:
[        ]   Build cache is disabled
[        ]   Caching not enabled.
[        ] Caching disabled for MergeInstrumentationAnalysisTransform: /root/.gradle/caches/modules-2/files-2.1/com.android.tools.build/gradle/8.0.2/5ca111c1d40e29d3c661a0805f4754c56938d010/gradle-8.0.2.jar because:
[        ]   Build cache is disabled
[        ]   Caching not enabled.
[        ] Caching disabled for MergeInstrumentationAnalysisTransform: /root/.gradle/caches/8.14/transforms/9eb8a49315342d694854b1d7231d2c5c/transformed/analysis/instrumentation-hierarchy.bin because:
[        ]   Build cache is disabled
[        ]   Caching not enabled.
[        ] Caching disabled for ExternalDependencyInstrumentingArtifactTransform: /root/.gradle/caches/modules-2/files-2.1/com.android.tools.build/gradle-api/8.0.2/fc413f3e38089c88444fdf2a9836c211e214ce0f/gradle-api-8.0.2.jar because:
[        ]   Build cache is disabled
[        ]   Caching not enabled.
[        ] Caching disabled for ExternalDependencyInstrumentingArtifactTransform: /root/.gradle/caches/8.14/transforms/05994632ec75d06705819931c546e7e0/transformed/merge/instrumentation-dependencies.bin because:
[        ]   Build cache is disabled
[        ]   Caching not enabled.
[        ] Caching disabled for MergeInstrumentationAnalysisTransform: /root/.gradle/caches/8.14/transforms/ade62a98e60f1d6177307d05e6edb19a/transformed/analysis/instrumentation-hierarchy.bin because:
[        ]   Build cache is disabled
[        ]   Caching not enabled.
[        ] Caching disabled for ExternalDependencyInstrumentingArtifactTransform: /root/.gradle/caches/8.14/transforms/98af0690af99bd3a11e8693f3377c26e/transformed/merge/instrumentation-dependencies.bin because:
[        ]   Build cache is disabled
[   +2 ms]   Caching not enabled.
[        ] Caching disabled for MergeInstrumentationAnalysisTransform: /root/.gradle/caches/8.14/transforms/9eb8a49315342d694854b1d7231d2c5c/transformed/analysis/instrumentation-dependencies.bin because:
[        ]   Build cache is disabled
[        ]   Caching not enabled.
[        ] Caching disabled for MergeInstrumentationAnalysisTransform: /root/.gradle/caches/modules-2/files-2.1/com.android.tools.analytics-library/crash/31.0.2/130a30174838af6a9aab4c060248991136cc4a1e/crash-31.0.2.jar because:
[        ]   Build cache is disabled
[        ]   Caching not enabled.
[        ] Caching disabled for MergeInstrumentationAnalysisTransform: /root/.gradle/caches/8.14/transforms/1ad514a9b68131450e90d3dc59bf4cfc/transformed/analysis/instrumentation-hierarchy.bin because:
[        ]   Build cache is disabled
[        ]   Caching not enabled.
[        ] Caching disabled for MergeInstrumentationAnalysisTransform: /root/.gradle/caches/8.14/transforms/ade62a98e60f1d6177307d05e6edb19a/transformed/analysis/instrumentation-dependencies.bin because:
[        ]   Build cache is disabled
[        ]   Caching not enabled.
[        ] Caching disabled for MergeInstrumentationAnalysisTransform: /root/.gradle/caches/8.14/transforms/1ad514a9b68131450e90d3dc59bf4cfc/transformed/analysis/instrumentation-dependencies.bin because:
[        ]   Build cache is disabled
[        ]   Caching not enabled.
[        ] Caching disabled for MergeInstrumentationAnalysisTransform: /root/.gradle/caches/modules-2/files-2.1/com.android.tools.analytics-library/tracker/31.0.2/93e267ae33339e3e4c31513a481d4e5da25a3f3c/tracker-31.0.2.jar because:
[        ]   Build cache is disabled
[        ]   Caching not enabled.
[        ] Caching disabled for ExternalDependencyInstrumentingArtifactTransform: /root/.gradle/caches/8.14/transforms/7e3051e5013924da25a2ba742d60bbf8/transformed/merge/instrumentation-dependencies.bin because:
[        ]   Build cache is disabled
[        ]   Caching not enabled.
[        ] Caching disabled for ExternalDependencyInstrumentingArtifactTransform: /root/.gradle/caches/modules-2/files-2.1/com.android.tools/sdklib/31.0.2/92055f99986f01d63d9e3f4de8bf5208197d7802/sdklib-31.0.2.jar because:
[        ]   Build cache is disabled
[        ]   Caching not enabled.
[        ] Caching disabled for MergeInstrumentationAnalysisTransform: /root/.gradle/caches/modules-2/files-2.1/com.android.tools.analytics-library/shared/31.0.2/7552ea5c8af6a8a256c66fbebf00c868394a253d/shared-31.0.2.jar because:
[        ]   Build cache is disabled
[        ]   Caching not enabled.
[        ] Caching disabled for MergeInstrumentationAnalysisTransform: /root/.gradle/caches/modules-2/files-2.1/com.android.tools.lint/lint-typedef-remover/31.0.2/dc294605db32e2a07fd9bba72a4e337eba837a03/lint-typedef-remover-31.0.2.jar because:
[        ]   Build cache is disabled
[        ]   Caching not enabled.
[        ] Caching disabled for MergeInstrumentationAnalysisTransform: /root/.gradle/caches/modules-2/files-2.1/com.android.tools.build/bundletool/1.13.2/798e2bed735e55d91270aa363d2817a05c49b022/bundletool-1.13.2.jar because:
[        ]   Build cache is disabled
[        ]   Caching not enabled.
[        ] Caching disabled for ExternalDependencyInstrumentingArtifactTransform: /root/.gradle/caches/8.14/transforms/fbeccc07d2e6a77fc81026c31d0dca00/transformed/merge/instrumentation-dependencies.bin because:
[        ]   Build cache is disabled
[        ]   Caching not enabled.
[        ] Caching disabled for ExternalDependencyInstrumentingArtifactTransform: /root/.gradle/caches/modules-2/files-2.1/com.android.tools.ddms/ddmlib/31.0.2/4841ca3d8fb995267eea0e73e812f1c76025a09e/ddmlib-31.0.2.jar because:
[        ]   Build cache is disabled
[        ]   Caching not enabled.
[        ] Caching disabled for ExternalDependencyInstrumentingArtifactTransform: /root/.gradle/caches/modules-2/files-2.1/com.android.tools.build/aaptcompiler/8.0.2/dbf7dec9353171252df58dec7f5ecbb997273c4f/aaptcompiler-8.0.2.jar because:
[        ]   Build cache is disabled
[        ]   Caching not enabled.
[        ] Caching disabled for MergeInstrumentationAnalysisTransform: /root/.gradle/caches/8.14/transforms/739a856d10ea9f0dabb2ac4ca1174efd/transformed/analysis/instrumentation-hierarchy.bin because:
[        ]   Build cache is disabled
[        ]   Caching not enabled.
[        ] Caching disabled for ExternalDependencyInstrumentingArtifactTransform: /root/.gradle/caches/8.14/transforms/ed0fef39b2dd75bc23a05ec4e5c50a64/transformed/merge/instrumentation-dependencies.bin because:
[        ]   Build cache is disabled
[        ]   Caching not enabled.
[        ] Caching disabled for ExternalDependencyInstrumentingArtifactTransform: /root/.gradle/caches/8.14/transforms/7eced5ca07c74a080f1cac0a386d052c/transformed/merge/instrumentation-dependencies.bin because:
[        ]   Build cache is disabled
[        ]   Caching not enabled.
[        ] Caching disabled for ExternalDependencyInstrumentingArtifactTransform: /root/.gradle/caches/8.14/transforms/7f68e4c43b5b114c99c3cfbfa56336c6/transformed/merge/instrumentation-dependencies.bin because:
[        ]   Build cache is disabled
[        ]   Caching not enabled.
[        ] Caching disabled for ExternalDependencyInstrumentingArtifactTransform: /root/.gradle/caches/modules-2/files-2.1/com.android.tools.analytics-library/crash/31.0.2/130a30174838af6a9aab4c060248991136cc4a1e/crash-31.0.2.jar because:
[        ]   Build cache is disabled
[        ]   Caching not enabled.
[        ] Caching disabled for MergeInstrumentationAnalysisTransform: /root/.gradle/caches/8.14/transforms/b048f036f81e584d6321db861d32a9cb/transformed/analysis/instrumentation-hierarchy.bin because:
[        ]   Build cache is disabled
[        ]   Caching not enabled.
[        ] Caching disabled for MergeInstrumentationAnalysisTransform: /root/.gradle/caches/8.14/transforms/73d6bc7a4912c18bd32bc8e9df8904a0/transformed/analysis/instrumentation-hierarchy.bin because:
[        ]   Build cache is disabled
[        ]   Caching not enabled.
[        ] Caching disabled for MergeInstrumentationAnalysisTransform: /root/.gradle/caches/8.14/transforms/739a856d10ea9f0dabb2ac4ca1174efd/transformed/analysis/instrumentation-dependencies.bin because:
[        ]   Build cache is disabled
[        ]   Caching not enabled.
[        ] Caching disabled for MergeInstrumentationAnalysisTransform: /root/.gradle/caches/8.14/transforms/b048f036f81e584d6321db861d32a9cb/transformed/analysis/instrumentation-dependencies.bin because:
[        ]   Build cache is disabled
[        ]   Caching not enabled.
[        ] Caching disabled for MergeInstrumentationAnalysisTransform: /root/.gradle/caches/8.14/transforms/73d6bc7a4912c18bd32bc8e9df8904a0/transformed/analysis/instrumentation-dependencies.bin because:
[        ]   Build cache is disabled
[        ]   Caching not enabled.
[        ] Caching disabled for MergeInstrumentationAnalysisTransform: /root/.gradle/caches/8.14/transforms/06b83ca65ebbe5ac5544cb83d1fce139/transformed/analysis/instrumentation-hierarchy.bin because:
[        ]   Build cache is disabled
[        ]   Caching not enabled.
[        ] Caching disabled for ExternalDependencyInstrumentingArtifactTransform: /root/.gradle/caches/modules-2/files-2.1/com.android.tools.analytics-library/tracker/31.0.2/93e267ae33339e3e4c31513a481d4e5da25a3f3c/tracker-31.0.2.jar because:
[        ]   Build cache is disabled
[        ]   Caching not enabled.
[        ] Caching disabled for ExternalDependencyInstrumentingArtifactTransform: /root/.gradle/caches/modules-2/files-2.1/com.android.tools.lint/lint-typedef-remover/31.0.2/dc294605db32e2a07fd9bba72a4e337eba837a03/lint-typedef-remover-31.0.2.jar because:
[        ]   Build cache is disabled
[        ]   Caching not enabled.
[        ] Caching disabled for MergeInstrumentationAnalysisTransform: /root/.gradle/caches/8.14/transforms/0505d3e772e53f535960ec395aca5893/transformed/analysis/instrumentation-hierarchy.bin because:
[        ]   Build cache is disabled
[        ]   Caching not enabled.
[        ] Caching disabled for MergeInstrumentationAnalysisTransform: /root/.gradle/caches/modules-2/files-2.1/androidx.databinding/databinding-common/8.0.2/84ed411631d2c4113f4ad992669fe3f50a83f072/databinding-common-8.0.2.jar because:
[        ]   Build cache is disabled
[        ]   Caching not enabled.
[        ] Caching disabled for MergeInstrumentationAnalysisTransform: /root/.gradle/caches/8.14/transforms/06b83ca65ebbe5ac5544cb83d1fce139/transformed/analysis/instrumentation-dependencies.bin because:
[        ]   Build cache is disabled
[        ]   Caching not enabled.
[        ] Caching disabled for MergeInstrumentationAnalysisTransform: /root/.gradle/caches/modules-2/files-2.1/com.android.databinding/baseLibrary/8.0.2/816af75743910bbee1f2a4e0620683bc3ec6e453/baseLibrary-8.0.2.jar because:
[        ]   Build cache is disabled
[        ]   Caching not enabled.
[        ] Caching disabled for MergeInstrumentationAnalysisTransform: /root/.gradle/caches/modules-2/files-2.1/androidx.databinding/databinding-compiler-common/8.0.2/4d4b862515ba043bfe963d09dab8eea0194e00e3/databinding-compiler-common-8.0.2.jar because:
[        ]   Build cache is disabled
[        ]   Caching not enabled.
[        ] Caching disabled for MergeInstrumentationAnalysisTransform: /root/.gradle/caches/8.14/transforms/41fe4c1e7985254c5be704e02d9897cd/transformed/analysis/instrumentation-hierarchy.bin because:
[        ]   Build cache is disabled
[        ]   Caching not enabled.
[        ] Caching disabled for ExternalDependencyInstrumentingArtifactTransform: /root/.gradle/caches/8.14/transforms/40cc9f2d9641a79fb00b9b01f5d68128/transformed/merge/instrumentation-dependencies.bin because:
[        ]   Build cache is disabled
[        ]   Caching not enabled.
[        ] Caching disabled for MergeInstrumentationAnalysisTransform: /root/.gradle/caches/8.14/transforms/0505d3e772e53f535960ec395aca5893/transformed/analysis/instrumentation-dependencies.bin because:
[        ]   Build cache is disabled
[        ]   Caching not enabled.
[        ] Caching disabled for ExternalDependencyInstrumentingArtifactTransform: /root/.gradle/caches/8.14/transforms/0b97050b9ec4c0bd39333d4004c671bb/transformed/merge/instrumentation-dependencies.bin because:
[        ]   Build cache is disabled
[        ]   Caching not enabled.
[        ] Caching disabled for MergeInstrumentationAnalysisTransform: /root/.gradle/caches/modules-2/files-2.1/com.android.tools.layoutlib/layoutlib-api/31.0.2/d5df6c18a46cc2360b8310b62a7fad1c130cb685/layoutlib-api-31.0.2.jar because:
[        ]   Build cache is disabled
[        ]   Caching not enabled.
[        ] Caching disabled for MergeInstrumentationAnalysisTransform: /root/.gradle/caches/8.14/transforms/41fe4c1e7985254c5be704e02d9897cd/transformed/analysis/instrumentation-dependencies.bin because:
[        ]   Build cache is disabled
[        ]   Caching not enabled.
[        ] Caching disabled for ExternalDependencyInstrumentingArtifactTransform: /root/.gradle/caches/modules-2/files-2.1/com.android.tools.analytics-library/shared/31.0.2/7552ea5c8af6a8a256c66fbebf00c868394a253d/shared-31.0.2.jar because:
[        ]   Build cache is disabled
[        ]   Caching not enabled.
[        ] Caching disabled for ExternalDependencyInstrumentingArtifactTransform: /root/.gradle/caches/8.14/transforms/14535c052bcaaa656ea3d9e4034cc624/transformed/merge/instrumentation-dependencies.bin because:
[        ]   Build cache is disabled
[        ]   Caching not enabled.
[        ] Caching disabled for ExternalDependencyInstrumentingArtifactTransform: /root/.gradle/caches/8.14/transforms/0678389e02a4dbad6b8f5a592007796b/transformed/merge/instrumentation-dependencies.bin because:
[        ]   Build cache is disabled
[        ]   Caching not enabled.
[        ] Caching disabled for MergeInstrumentationAnalysisTransform: /root/.gradle/caches/8.14/transforms/f69b2139ffb4d8a0d34338eeb7e3c682/transformed/analysis/instrumentation-hierarchy.bin because:
[        ]   Build cache is disabled
[        ]   Caching not enabled.
[        ] Caching disabled for MergeInstrumentationAnalysisTransform: /root/.gradle/caches/modules-2/files-2.1/com.android.tools.utp/android-device-provider-ddmlib-proto/31.0.2/7e8d418bf45f4f9f8cc1708429aa996d34b938b2/android-device-provider-ddmlib-proto-31.0.2.jar because:
[        ]   Build cache is disabled
[        ]   Caching not enabled.
[        ] Caching disabled for ExternalDependencyInstrumentingArtifactTransform: /root/.gradle/caches/modules-2/files-2.1/com.android.databinding/baseLibrary/8.0.2/816af75743910bbee1f2a4e0620683bc3ec6e453/baseLibrary-8.0.2.jar because:
[        ]   Build cache is disabled
[        ]   Caching not enabled.
[  +80 ms] Caching disabled for MergeInstrumentationAnalysisTransform: /root/.gradle/caches/modules-2/files-2.1/com.android.tools.utp/android-device-provider-gradle-proto/31.0.2/22011eee9bd4de4e651cf55446fb65c812a2e442/android-device-provider-gradle-proto-31.0.2.jar because:
[        ]   Build cache is disabled
[        ]   Caching not enabled.
[        ] Caching disabled for MergeInstrumentationAnalysisTransform: /root/.gradle/caches/8.14/transforms/f69b2139ffb4d8a0d34338eeb7e3c682/transformed/analysis/instrumentation-dependencies.bin because:
[        ]   Build cache is disabled
[        ]   Caching not enabled.
[        ] Caching disabled for MergeInstrumentationAnalysisTransform: /root/.gradle/caches/8.14/transforms/8087ce1b783d3be129695f0bcce2a4a6/transformed/analysis/instrumentation-hierarchy.bin because:
[        ]   Build cache is disabled
[        ]   Caching not enabled.
[        ] Caching disabled for ExternalDependencyInstrumentingArtifactTransform: /root/.gradle/caches/8.14/transforms/85ff0d0090dec8a1b433291d33c9a553/transformed/merge/instrumentation-dependencies.bin because:
[        ]   Build cache is disabled
[        ]   Caching not enabled.
[        ] Caching disabled for MergeInstrumentationAnalysisTransform: /root/.gradle/caches/modules-2/files-2.1/com.android.tools.utp/android-test-plugin-host-additional-test-output-proto/31.0.2/b8976b9ae955caa037a485c1c18fb0f4334c6fec/android-test-plugin-host-additional-test-output-proto-31.0.2.jar because:
[        ]   Build cache is disabled
[        ]   Caching not enabled.
[        ] Caching disabled for ExternalDependencyInstrumentingArtifactTransform: /root/.gradle/caches/modules-2/files-2.1/androidx.databinding/databinding-common/8.0.2/84ed411631d2c4113f4ad992669fe3f50a83f072/databinding-common-8.0.2.jar because:
[        ]   Build cache is disabled
[        ]   Caching not enabled.
[        ] Caching disabled for ExternalDependencyInstrumentingArtifactTransform: /root/.gradle/caches/8.14/transforms/a30481da2b2d0b2e02b91ccf49609c8f/transformed/merge/instrumentation-dependencies.bin because:
[        ]   Build cache is disabled
[        ]   Caching not enabled.
[        ] Caching disabled for ExternalDependencyInstrumentingArtifactTransform: /root/.gradle/caches/8.14/transforms/a25c58d19fc20657514c137c15123539/transformed/merge/instrumentation-dependencies.bin because:
[        ]   Build cache is disabled
[        ]   Caching not enabled.
[        ] Caching disabled for ExternalDependencyInstrumentingArtifactTransform: /root/.gradle/caches/modules-2/files-2.1/com.android.tools.layoutlib/layoutlib-api/31.0.2/d5df6c18a46cc2360b8310b62a7fad1c130cb685/layoutlib-api-31.0.2.jar because:
[        ]   Build cache is disabled
[        ]   Caching not enabled.
[        ] Caching disabled for MergeInstrumentationAnalysisTransform: /root/.gradle/caches/8.14/transforms/8087ce1b783d3be129695f0bcce2a4a6/transformed/analysis/instrumentation-dependencies.bin because:
[        ]   Build cache is disabled
[        ]   Caching not enabled.
[        ] Caching disabled for MergeInstrumentationAnalysisTransform: /root/.gradle/caches/8.14/transforms/1338f9c9fd5d85dd480c3280f5caa261/transformed/analysis/instrumentation-hierarchy.bin because:
[        ]   Build cache is disabled
[        ]   Caching not enabled.
[        ] Caching disabled for ExternalDependencyInstrumentingArtifactTransform: /root/.gradle/caches/modules-2/files-2.1/com.android.tools.utp/android-device-provider-ddmlib-proto/31.0.2/7e8d418bf45f4f9f8cc1708429aa996d34b938b2/android-device-provider-ddmlib-proto-31.0.2.jar because:
[        ]   Build cache is disabled
[        ]   Caching not enabled.
[        ] Caching disabled for MergeInstrumentationAnalysisTransform: /root/.gradle/caches/8.14/transforms/cdca043481423f3510a3476ebdce7e0f/transformed/analysis/instrumentation-hierarchy.bin because:
[        ]   Build cache is disabled
[        ]   Caching not enabled.
[        ] Caching disabled for ExternalDependencyInstrumentingArtifactTransform: /root/.gradle/caches/modules-2/files-2.1/com.android.tools.utp/android-test-plugin-host-additional-test-output-proto/31.0.2/b8976b9ae955caa037a485c1c18fb0f4334c6fec/android-test-plugin-host-additional-test-output-proto-31.0.2.jar because:
[        ]   Build cache is disabled
[        ]   Caching not enabled.
[        ] Caching disabled for MergeInstrumentationAnalysisTransform: /root/.gradle/caches/8.14/transforms/3cd93a62b5bacc356d3108e9f227e2f2/transformed/analysis/instrumentation-hierarchy.bin because:
[        ]   Build cache is disabled
[        ]   Caching not enabled.
[        ] Caching disabled for MergeInstrumentationAnalysisTransform: /root/.gradle/caches/8.14/transforms/1338f9c9fd5d85dd480c3280f5caa261/transformed/analysis/instrumentation-dependencies.bin because:
[        ]   Build cache is disabled
[        ]   Caching not enabled.
[        ] Caching disabled for MergeInstrumentationAnalysisTransform: /root/.gradle/caches/8.14/transforms/3cd93a62b5bacc356d3108e9f227e2f2/transformed/analysis/instrumentation-dependencies.bin because:
[        ]   Build cache is disabled
[        ]   Caching not enabled.
[        ] Caching disabled for MergeInstrumentationAnalysisTransform: /root/.gradle/caches/8.14/transforms/cdca043481423f3510a3476ebdce7e0f/transformed/analysis/instrumentation-dependencies.bin because:
[        ]   Build cache is disabled
[        ]   Caching not enabled.
[        ] Caching disabled for MergeInstrumentationAnalysisTransform: /root/.gradle/caches/modules-2/files-2.1/com.android.tools.utp/android-test-plugin-host-coverage-proto/31.0.2/1a03db90bb6487372b10ee06c667447a85a8034b/android-test-plugin-host-coverage-proto-31.0.2.jar because:
[        ]   Build cache is disabled
[        ]   Caching not enabled.
[        ] Caching disabled for MergeInstrumentationAnalysisTransform: /root/.gradle/caches/modules-2/files-2.1/com.android.tools.utp/android-test-plugin-host-logcat-proto/31.0.2/70f3b50e00822fdff5f60753a122d53ee99ae0aa/android-test-plugin-host-logcat-proto-31.0.2.jar because:
[        ]   Build cache is disabled
[        ]   Caching not enabled.
[        ] Caching disabled for ExternalDependencyInstrumentingArtifactTransform: /root/.gradle/caches/modules-2/files-2.1/com.android.tools.utp/android-device-provider-gradle-proto/31.0.2/22011eee9bd4de4e651cf55446fb65c812a2e442/android-device-provider-gradle-proto-31.0.2.jar because:
[        ]   Build cache is disabled
[        ]   Caching not enabled.
[        ] Caching disabled for ExternalDependencyInstrumentingArtifactTransform: /root/.gradle/caches/8.14/transforms/c82b1a4a90ebadbe2ee85524aa70fa8e/transformed/merge/instrumentation-dependencies.bin because:
[        ]   Build cache is disabled
[        ]   Caching not enabled.
[        ] Caching disabled for MergeInstrumentationAnalysisTransform: /root/.gradle/caches/8.14/transforms/2267f1502e21532078e00ef671f705a4/transformed/analysis/instrumentation-hierarchy.bin because:
[        ]   Build cache is disabled
[        ]   Caching not enabled.
[        ] Caching disabled for MergeInstrumentationAnalysisTransform: /root/.gradle/caches/modules-2/files-2.1/com.android.tools.utp/android-test-plugin-result-listener-gradle-proto/31.0.2/39441225d84dc85587d2c87845058544e9140160/android-test-plugin-result-listener-gradle-proto-31.0.2.jar because:
[        ]   Build cache is disabled
[        ]   Caching not enabled.
[        ] Caching disabled for ExternalDependencyInstrumentingArtifactTransform: /root/.gradle/caches/8.14/transforms/df7f290f9c65b6d7117d4fcd1f6d4913/transformed/merge/instrumentation-dependencies.bin because:
[        ]   Build cache is disabled
[        ]   Caching not enabled.
[        ] Caching disabled for MergeInstrumentationAnalysisTransform: /root/.gradle/caches/modules-2/files-2.1/com.android.tools.utp/android-test-plugin-host-retention-proto/31.0.2/6be4fb1cdcba03d41d6c9888b914518bdc2d38d2/android-test-plugin-host-retention-proto-31.0.2.jar because:
[        ]   Build cache is disabled
[        ]   Caching not enabled.
[        ] Caching disabled for MergeInstrumentationAnalysisTransform: /root/.gradle/caches/8.14/transforms/2267f1502e21532078e00ef671f705a4/transformed/analysis/instrumentation-dependencies.bin because:
[        ]   Build cache is disabled
[        ]   Caching not enabled.
[        ] Caching disabled for ExternalDependencyInstrumentingArtifactTransform: /root/.gradle/caches/8.14/transforms/cabd8327d1209da6bc3c405456b1a894/transformed/merge/instrumentation-dependencies.bin because:
[        ]   Build cache is disabled
[        ]   Caching not enabled.
[        ] Caching disabled for ExternalDependencyInstrumentingArtifactTransform: /root/.gradle/caches/modules-2/files-2.1/com.android.tools.utp/android-test-plugin-host-coverage-proto/31.0.2/1a03db90bb6487372b10ee06c667447a85a8034b/android-test-plugin-host-coverage-proto-31.0.2.jar because:
[        ]   Build cache is disabled
[        ]   Caching not enabled.
[        ] Caching disabled for ExternalDependencyInstrumentingArtifactTransform: /root/.gradle/caches/modules-2/files-2.1/com.android.tools.build/aapt2-proto/8.0.2-9289358/b773c761b39c71cade1b9ae1c826b5cce53a3760/aapt2-proto-8.0.2-9289358.jar because:
[        ]   Build cache is disabled
[        ]   Caching not enabled.
[        ] Caching disabled for MergeInstrumentationAnalysisTransform: /root/.gradle/caches/8.14/transforms/dc2227f4f15d048ab5904378d9c7fc2a/transformed/analysis/instrumentation-hierarchy.bin because:
[        ]   Build cache is disabled
[        ]   Caching not enabled.
[        ] Caching disabled for ExternalDependencyInstrumentingArtifactTransform: /root/.gradle/caches/8.14/transforms/a0ca692e9b204b4acd124d04372d1eb2/transformed/merge/instrumentation-dependencies.bin because:
[        ]   Build cache is disabled
[        ]   Caching not enabled.
[        ] Caching disabled for MergeInstrumentationAnalysisTransform: /root/.gradle/caches/8.14/transforms/31f956b29168267da6a223d834dbddc6/transformed/analysis/instrumentation-hierarchy.bin because:
[        ]   Build cache is disabled
[        ]   Caching not enabled.
[        ] Caching disabled for MergeInstrumentationAnalysisTransform: /root/.gradle/caches/8.14/transforms/dc2227f4f15d048ab5904378d9c7fc2a/transformed/analysis/instrumentation-dependencies.bin because:
[        ]   Build cache is disabled
[        ]   Caching not enabled.
[        ] Caching disabled for MergeInstrumentationAnalysisTransform: /root/.gradle/caches/modules-2/files-2.1/com.android.tools.build/builder-model/8.0.2/a6d231c69cb96367baa8d554c93b18986ac092e5/builder-model-8.0.2.jar because:
[        ]   Build cache is disabled
[        ]   Caching not enabled.
[        ] Caching disabled for ExternalDependencyInstrumentingArtifactTransform: /root/.gradle/caches/modules-2/files-2.1/com.android.tools.utp/android-test-plugin-host-logcat-proto/31.0.2/70f3b50e00822fdff5f60753a122d53ee99ae0aa/android-test-plugin-host-logcat-proto-31.0.2.jar because:
[        ]   Build cache is disabled
[        ]   Caching not enabled.
[        ] Caching disabled for ExternalDependencyInstrumentingArtifactTransform: /root/.gradle/caches/modules-2/files-2.1/com.android.tools.utp/android-test-plugin-host-retention-proto/31.0.2/6be4fb1cdcba03d41d6c9888b914518bdc2d38d2/android-test-plugin-host-retention-proto-31.0.2.jar because:
[        ]   Build cache is disabled
[        ]   Caching not enabled.
[        ] Caching disabled for MergeInstrumentationAnalysisTransform: /root/.gradle/caches/8.14/transforms/3e45a9b56d4fc26c069539706ce66a16/transformed/analysis/instrumentation-hierarchy.bin because:
[        ]   Build cache is disabled
[        ]   Caching not enabled.
[        ] Caching disabled for ExternalDependencyInstrumentingArtifactTransform: /root/.gradle/caches/modules-2/files-2.1/com.android.tools/sdk-common/31.0.2/578e46520c75b415184b9c5bf45f7414f17b286a/sdk-common-31.0.2.jar because:
[        ]   Build cache is disabled
[        ]   Caching not enabled.
[        ] Caching disabled for MergeInstrumentationAnalysisTransform: /root/.gradle/caches/8.14/transforms/31f956b29168267da6a223d834dbddc6/transformed/analysis/instrumentation-dependencies.bin because:
[        ]   Build cache is disabled
[        ]   Caching not enabled.
[        ] Caching disabled for MergeInstrumentationAnalysisTransform: /root/.gradle/caches/modules-2/files-2.1/com.android.tools/dvlib/31.0.2/ef8dfce1e50dc4b683cdb8ce9507cc87878ebcb5/dvlib-31.0.2.jar because:
[        ]   Build cache is disabled
[        ]   Caching not enabled.
[        ] Caching disabled for ExternalDependencyInstrumentingArtifactTransform: /root/.gradle/caches/modules-2/files-2.1/com.android.tools.utp/android-test-plugin-result-listener-gradle-proto/31.0.2/39441225d84dc85587d2c87845058544e9140160/android-test-plugin-result-listener-gradle-proto-31.0.2.jar because:
[        ]   Build cache is disabled
[        ]   Caching not enabled.
[        ] Caching disabled for ExternalDependencyInstrumentingArtifactTransform: /root/.gradle/caches/8.14/transforms/324da60afca7175cb6f0b42d1ec74343/transformed/merge/instrumentation-dependencies.bin because:
[        ]   Build cache is disabled
[        ]   Caching not enabled.
[        ] Caching disabled for MergeInstrumentationAnalysisTransform: /root/.gradle/caches/8.14/transforms/3e45a9b56d4fc26c069539706ce66a16/transformed/analysis/instrumentation-dependencies.bin because:
[        ]   Build cache is disabled
[        ]   Caching not enabled.
[        ] Caching disabled for MergeInstrumentationAnalysisTransform: /root/.gradle/caches/8.14/transforms/6128a36d6c5d81f189d6adbffa731ac0/transformed/analysis/instrumentation-hierarchy.bin because:
[        ]   Build cache is disabled
[        ]   Caching not enabled.
[        ] Caching disabled for ExternalDependencyInstrumentingArtifactTransform: /root/.gradle/caches/8.14/transforms/dbdc975eb4ef65b397845bd3d55a046c/transformed/merge/instrumentation-dependencies.bin because:
[        ]   Build cache is disabled
[        ]   Caching not enabled.
[        ] Caching disabled for MergeInstrumentationAnalysisTransform: /root/.gradle/caches/8.14/transforms/8371811cf358d3aa8e15dfc29a0fb8e7/transformed/analysis/instrumentation-hierarchy.bin because:
[        ]   Build cache is disabled
[        ]   Caching not enabled.
[        ] Caching disabled for MergeInstrumentationAnalysisTransform: /root/.gradle/caches/modules-2/files-2.1/com.android.tools/common/31.0.2/e78240c4a0e406eaa2bb6d6aa633c7cd4c8a5866/common-31.0.2.jar because:
[        ]   Build cache is disabled
[        ]   Caching not enabled.
[        ] Caching disabled for MergeInstrumentationAnalysisTransform: /root/.gradle/caches/8.14/transforms/e9244e186eb1c3470adaa77098f26554/transformed/analysis/instrumentation-hierarchy.bin because:
[        ]   Build cache is disabled
[        ]   Caching not enabled.
[        ] Caching disabled for MergeInstrumentationAnalysisTransform: /root/.gradle/caches/8.14/transforms/8371811cf358d3aa8e15dfc29a0fb8e7/transformed/analysis/instrumentation-dependencies.bin because:
[        ]   Build cache is disabled
[        ]   Caching not enabled.
[        ] Caching disabled for MergeInstrumentationAnalysisTransform: /root/.gradle/caches/8.14/transforms/8fc5c3035a16d1db96c9d750b4008169/transformed/analysis/instrumentation-hierarchy.bin because:
[        ]   Build cache is disabled
[        ]   Caching not enabled.
[        ] Caching disabled for MergeInstrumentationAnalysisTransform: /root/.gradle/caches/8.14/transforms/6128a36d6c5d81f189d6adbffa731ac0/transformed/analysis/instrumentation-dependencies.bin because:
[        ]   Build cache is disabled
[        ]   Caching not enabled.
[        ] Caching disabled for MergeInstrumentationAnalysisTransform: /root/.gradle/caches/modules-2/files-2.1/org.jetbrains.kotlin/kotlin-stdlib-jdk8/1.7.10/d70d7d2c56371f7aa18f32e984e3e2e998fe9081/kotlin-stdlib-jdk8-1.7.10.jar because:
[        ]   Build cache is disabled
[        ]   Caching not enabled.
[        ] Caching disabled for MergeInstrumentationAnalysisTransform: /root/.gradle/caches/8.14/transforms/e9244e186eb1c3470adaa77098f26554/transformed/analysis/instrumentation-dependencies.bin because:
[        ]   Build cache is disabled
[        ]   Caching not enabled.
[        ] Caching disabled for ExternalDependencyInstrumentingArtifactTransform: /root/.gradle/caches/modules-2/files-2.1/com.android.tools/dvlib/31.0.2/ef8dfce1e50dc4b683cdb8ce9507cc87878ebcb5/dvlib-31.0.2.jar because:
[        ]   Build cache is disabled
[        ]   Caching not enabled.
[        ] Caching disabled for ExternalDependencyInstrumentingArtifactTransform: /root/.gradle/caches/8.14/transforms/4b4ced18f0073453025c0448a1d3a1e3/transformed/merge/instrumentation-dependencies.bin because:
[        ]   Build cache is disabled
[        ]   Caching not enabled.
[        ] Caching disabled for MergeInstrumentationAnalysisTransform: /root/.gradle/caches/modules-2/files-2.1/org.apache.httpcomponents/httpmime/4.5.6/164343da11db817e81e24e0d9869527e069850c9/httpmime-4.5.6.jar because:
[        ]   Build cache is disabled
[        ]   Caching not enabled.
[        ] Caching disabled for MergeInstrumentationAnalysisTransform: /root/.gradle/caches/8.14/transforms/8fc5c3035a16d1db96c9d750b4008169/transformed/analysis/instrumentation-dependencies.bin because:
[        ]   Build cache is disabled
[        ]   Caching not enabled.
[        ] Caching disabled for MergeInstrumentationAnalysisTransform: /root/.gradle/caches/8.14/transforms/d99272768b62a8e687bad3a4811c79bb/transformed/analysis/instrumentation-hierarchy.bin because:
[        ]   Build cache is disabled
[        ]   Caching not enabled.
[        ] Caching disabled for MergeInstrumentationAnalysisTransform: /root/.gradle/caches/modules-2/files-2.1/com.android.tools.build/transform-api/2.0.0-deprecated-use-gradle-api/47f6c56527c42425742fa9b56ffd3fd80763fe03/transform-api-2.0.0-deprecated-use-gradle-api.jar because:
[        ]   Build cache is disabled
[        ]   Caching not enabled.
[        ] Caching disabled for MergeInstrumentationAnalysisTransform: /root/.gradle/caches/8.14/transforms/4be6fb07844ee31250d5fca969f49517/transformed/analysis/instrumentation-hierarchy.bin because:
[        ]   Build cache is disabled
[        ]   Caching not enabled.
[        ] Caching disabled for MergeInstrumentationAnalysisTransform: /root/.gradle/caches/modules-2/files-2.1/commons-io/commons-io/2.4/b1b6ea3b7e4aa4f492509a4952029cd8e48019ad/commons-io-2.4.jar because:
[        ]   Build cache is disabled
[        ]   Caching not enabled.
[        ] Caching disabled for MergeInstrumentationAnalysisTransform: /root/.gradle/caches/8.14/transforms/d99272768b62a8e687bad3a4811c79bb/transformed/analysis/instrumentation-dependencies.bin because:
[        ]   Build cache is disabled
[        ]   Caching not enabled.
[        ] Caching disabled for ExternalDependencyInstrumentingArtifactTransform: /root/.gradle/caches/modules-2/files-2.1/com.android.tools.build/builder-model/8.0.2/a6d231c69cb96367baa8d554c93b18986ac092e5/builder-model-8.0.2.jar because:
[        ]   Build cache is disabled
[        ]   Caching not enabled.
[        ] Caching disabled for MergeInstrumentationAnalysisTransform: /root/.gradle/caches/8.14/transforms/4be6fb07844ee31250d5fca969f49517/transformed/analysis/instrumentation-dependencies.bin because:
[        ]   Build cache is disabled
[        ]   Caching not enabled.
[        ] Caching disabled for MergeInstrumentationAnalysisTransform: /root/.gradle/caches/8.14/transforms/8c9a8453f682249b13829a5d5b0fcacd/transformed/analysis/instrumentation-hierarchy.bin because:
[        ]   Build cache is disabled
[        ]   Caching not enabled.
[        ] Caching disabled for MergeInstrumentationAnalysisTransform: /root/.gradle/caches/modules-2/files-2.1/com.android.tools.build.jetifier/jetifier-processor/1.0.0-beta10/946c39eb0c052ff4f60a8939648a8b99af20d604/jetifier-processor-1.0.0-beta10.jar because:
[        ]   Build cache is disabled
[        ]   Caching not enabled.
[        ] Caching disabled for MergeInstrumentationAnalysisTransform: /root/.gradle/caches/8.14/transforms/f6553c2af7a5b0e2bc81648d843da3f1/transformed/analysis/instrumentation-hierarchy.bin because:
[        ]   Build cache is disabled
[        ]   Caching not enabled.
[        ] Caching disabled for ExternalDependencyInstrumentingArtifactTransform: /root/.gradle/caches/modules-2/files-2.1/androidx.databinding/databinding-compiler-common/8.0.2/4d4b862515ba043bfe963d09dab8eea0194e00e3/databinding-compiler-common-8.0.2.jar because:
[        ]   Build cache is disabled
[        ]   Caching not enabled.
[        ] Caching disabled for MergeInstrumentationAnalysisTransform: /root/.gradle/caches/8.14/transforms/31d7bd5d34902e124aa212ddd6dcf1ad/transformed/analysis/instrumentation-hierarchy.bin because:
[        ]   Build cache is disabled
[        ]   Caching not enabled.
[        ] Caching disabled for MergeInstrumentationAnalysisTransform: /root/.gradle/caches/modules-2/files-2.1/org.ow2.asm/asm-commons/9.2/f4d7f0fc9054386f2893b602454d48e07d4fbead/asm-commons-9.2.jar because:
[        ]   Build cache is disabled
[        ]   Caching not enabled.
[        ] Caching disabled for MergeInstrumentationAnalysisTransform: /root/.gradle/caches/modules-2/files-2.1/org.ow2.asm/asm-util/9.2/fbc178fc5ba3dab50fd7e8a5317b8b647c8e8946/asm-util-9.2.jar because:
[        ]   Build cache is disabled
[        ]   Caching not enabled.
[        ] Caching disabled for MergeInstrumentationAnalysisTransform: /root/.gradle/caches/8.14/transforms/8c9a8453f682249b13829a5d5b0fcacd/transformed/analysis/instrumentation-dependencies.bin because:
[        ]   Build cache is disabled
[        ]   Caching not enabled.
[        ] Caching disabled for MergeInstrumentationAnalysisTransform: /root/.gradle/caches/8.14/transforms/f6553c2af7a5b0e2bc81648d843da3f1/transformed/analysis/instrumentation-dependencies.bin because:
[        ]   Build cache is disabled
[        ]   Caching not enabled.
[        ] Caching disabled for MergeInstrumentationAnalysisTransform: /root/.gradle/caches/8.14/transforms/2841815b6b23531f2b6d0e66c2c331b7/transformed/analysis/instrumentation-hierarchy.bin because:
[        ]   Build cache is disabled
[        ]   Caching not enabled.
[        ] Caching disabled for MergeInstrumentationAnalysisTransform: /root/.gradle/caches/8.14/transforms/31d7bd5d34902e124aa212ddd6dcf1ad/transformed/analysis/instrumentation-dependencies.bin because:
[        ]   Build cache is disabled
[        ]   Caching not enabled.
[        ] Caching disabled for MergeInstrumentationAnalysisTransform: /root/.gradle/caches/8.14/transforms/aefa1cef986932ae3e12e922552e8f69/transformed/analysis/instrumentation-hierarchy.bin because:
[        ]   Build cache is disabled
[        ]   Caching not enabled.
[        ] Caching disabled for MergeInstrumentationAnalysisTransform: /root/.gradle/caches/8.14/transforms/38718154af92971d236fd5af51511df9/transformed/analysis/instrumentation-hierarchy.bin because:
[        ]   Build cache is disabled
[        ]   Caching not enabled.
[        ] Caching disabled for MergeInstrumentationAnalysisTransform: /root/.gradle/caches/8.14/transforms/7d0b495da3e94b9513f7899aa4fc052a/transformed/analysis/instrumentation-hierarchy.bin because:
[        ]   Build cache is disabled
[        ]   Caching not enabled.
[        ] Caching disabled for MergeInstrumentationAnalysisTransform: /root/.gradle/caches/8.14/transforms/45f515a74421b5d14c88fcb72eeba950/transformed/analysis/instrumentation-hierarchy.bin because:
[        ]   Build cache is disabled
[        ]   Caching not enabled.
[        ] Caching disabled for MergeInstrumentationAnalysisTransform: /root/.gradle/caches/modules-2/files-2.1/org.ow2.asm/asm-tree/9.2/d96c99a30f5e1a19b0e609dbb19a44d8518ac01e/asm-tree-9.2.jar because:
[        ]   Build cache is disabled
[        ]   Caching not enabled.
[        ] Caching disabled for MergeInstrumentationAnalysisTransform: /root/.gradle/caches/8.14/transforms/2841815b6b23531f2b6d0e66c2c331b7/transformed/analysis/instrumentation-dependencies.bin because:
[        ]   Build cache is disabled
[        ]   Caching not enabled.
[        ] Caching disabled for MergeInstrumentationAnalysisTransform: /root/.gradle/caches/modules-2/files-2.1/org.ow2.asm/asm-analysis/9.2/7487dd756daf96cab9986e44b9d7bcb796a61c10/asm-analysis-9.2.jar because:
[        ]   Build cache is disabled
[        ]   Caching not enabled.
[        ] Caching disabled for MergeInstrumentationAnalysisTransform: /root/.gradle/caches/8.14/transforms/aefa1cef986932ae3e12e922552e8f69/transformed/analysis/instrumentation-dependencies.bin because:
[        ]   Build cache is disabled
[        ]   Caching not enabled.
[        ] Caching disabled for MergeInstrumentationAnalysisTransform: /root/.gradle/caches/8.14/transforms/7d0b495da3e94b9513f7899aa4fc052a/transformed/analysis/instrumentation-dependencies.bin because:
[        ]   Build cache is disabled
[        ]   Caching not enabled.
[        ] Caching disabled for MergeInstrumentationAnalysisTransform: /root/.gradle/caches/8.14/transforms/45f515a74421b5d14c88fcb72eeba950/transformed/analysis/instrumentation-dependencies.bin because:
[        ]   Build cache is disabled
[        ]   Caching not enabled.
[        ] Caching disabled for MergeInstrumentationAnalysisTransform: /root/.gradle/caches/8.14/transforms/214e8f2365bd43e4a8ccb1573a478784/transformed/analysis/instrumentation-hierarchy.bin because:
[        ]   Build cache is disabled
[        ]   Caching not enabled.
[        ] Caching disabled for MergeInstrumentationAnalysisTransform: /root/.gradle/caches/modules-2/files-2.1/org.ow2.asm/asm/9.2/81a03f76019c67362299c40e0ba13405f5467bff/asm-9.2.jar because:
[        ]   Build cache is disabled
[        ]   Caching not enabled.
[        ] Caching disabled for MergeInstrumentationAnalysisTransform: /root/.gradle/caches/8.14/transforms/38718154af92971d236fd5af51511df9/transformed/analysis/instrumentation-dependencies.bin because:
[        ]   Build cache is disabled
[        ]   Caching not enabled.
[        ] Caching disabled for MergeInstrumentationAnalysisTransform: /root/.gradle/caches/8.14/transforms/b151d41c0d08d04605bcd0f0d4bce1f8/transformed/analysis/instrumentation-hierarchy.bin because:
[        ]   Build cache is disabled
[        ]   Caching not enabled.
[        ] Caching disabled for MergeInstrumentationAnalysisTransform: /root/.gradle/caches/modules-2/files-2.1/com.android.tools.build/apkzlib/8.0.2/ad7136410ad4c88b1d1dea24ddeb5f9379e157e5/apkzlib-8.0.2.jar because:
[        ]   Build cache is disabled
[        ]   Caching not enabled.
[        ] Caching disabled for MergeInstrumentationAnalysisTransform: /root/.gradle/caches/8.14/transforms/214e8f2365bd43e4a8ccb1573a478784/transformed/analysis/instrumentation-dependencies.bin because:
[        ]   Build cache is disabled
[        ]   Caching not enabled.
[        ] Caching disabled for MergeInstrumentationAnalysisTransform: /root/.gradle/caches/modules-2/files-2.1/org.bouncycastle/bcpkix-jdk15on/1.67/5f48020a2a60a8d6bcbecceca23529d225b28efb/bcpkix-jdk15on-1.67.jar because:
[        ]   Build cache is disabled
[        ]   Caching not enabled.
[        ] Caching disabled for MergeInstrumentationAnalysisTransform: /root/.gradle/caches/8.14/transforms/b151d41c0d08d04605bcd0f0d4bce1f8/transformed/analysis/instrumentation-dependencies.bin because:
[        ]   Build cache is disabled
[        ]   Caching not enabled.
[        ] Caching disabled for MergeInstrumentationAnalysisTransform: /root/.gradle/caches/modules-2/files-2.1/com.android.tools.build.jetifier/jetifier-core/1.0.0-beta10/6e621022a9c95af12a7004d6b55805bbd1126837/jetifier-core-1.0.0-beta10.jar because:
[        ]   Build cache is disabled
[        ]   Caching not enabled.
[        ] Caching disabled for MergeInstrumentationAnalysisTransform: /root/.gradle/caches/8.14/transforms/159844a99a9e875a03267ac8bd99b745/transformed/analysis/instrumentation-hierarchy.bin because:
[        ]   Build cache is disabled
[        ]   Caching not enabled.
[        ] Caching disabled for MergeInstrumentationAnalysisTransform: /root/.gradle/caches/8.14/transforms/8f3c72fc33a299bf4168ea60a7d6dcbd/transformed/analysis/instrumentation-hierarchy.bin because:
[        ]   Build cache is disabled
[        ]   Caching not enabled.
[        ] Caching disabled for MergeInstrumentationAnalysisTransform: /root/.gradle/caches/modules-2/files-2.1/org.glassfish.jaxb/jaxb-runtime/2.3.2/5528bc882ea499a09d720b42af11785c4fc6be2a/jaxb-runtime-2.3.2.jar because:
[        ]   Build cache is disabled
[        ]   Caching not enabled.
[        ] Caching disabled for MergeInstrumentationAnalysisTransform: /root/.gradle/caches/modules-2/files-2.1/com.squareup/javapoet/1.10.0/712c178d35185d8261295913c9f2a7d6867a6007/javapoet-1.10.0.jar because:
[        ]   Build cache is disabled
[        ]   Caching not enabled.
[        ] Caching disabled for MergeInstrumentationAnalysisTransform: /root/.gradle/caches/8.14/transforms/159844a99a9e875a03267ac8bd99b745/transformed/analysis/instrumentation-dependencies.bin because:
[        ]   Build cache is disabled
[        ]   Caching not enabled.
[        ] Caching disabled for ExternalDependencyInstrumentingArtifactTransform: /root/.gradle/caches/8.14/transforms/6ed22dddfe2df4fac3ef5c2417328da1/transformed/merge/instrumentation-dependencies.bin because:
[        ]   Build cache is disabled
[        ]   Caching not enabled.
[        ] Caching disabled for MergeInstrumentationAnalysisTransform: /root/.gradle/caches/8.14/transforms/f5150a421b879a0f572779d1f0800a38/transformed/analysis/instrumentation-hierarchy.bin because:
[        ]   Build cache is disabled
[        ]   Caching not enabled.
[        ] Caching disabled for MergeInstrumentationAnalysisTransform: /root/.gradle/caches/8.14/transforms/8f3c72fc33a299bf4168ea60a7d6dcbd/transformed/analysis/instrumentation-dependencies.bin because:
[        ]   Build cache is disabled
[        ]   Caching not enabled.
[        ] Caching disabled for MergeInstrumentationAnalysisTransform: /root/.gradle/caches/modules-2/files-2.1/com.google.protobuf/protobuf-java-util/3.19.3/3e6812cbbb7e6faffa7b56438740dec510e1fc1a/protobuf-java-util-3.19.3.jar because:
[        ]   Build cache is disabled
[        ]   Caching not enabled.
[        ] Caching disabled for MergeInstrumentationAnalysisTransform: /root/.gradle/caches/modules-2/files-2.1/net.sf.jopt-simple/jopt-simple/4.9/ee9e9eaa0a35360dcfeac129ff4923215fd65904/jopt-simple-4.9.jar because:
[        ]   Build cache is disabled
[        ]   Caching not enabled.
[        ] Caching disabled for MergeInstrumentationAnalysisTransform: /root/.gradle/caches/8.14/transforms/792cb9c7b77094b2979a89e0f6813390/transformed/analysis/instrumentation-hierarchy.bin because:
[        ]   Build cache is disabled
[        ]   Caching not enabled.
[        ] Caching disabled for ExternalDependencyInstrumentingArtifactTransform: /root/.gradle/caches/8.14/transforms/30f2c4d697dbdd2e5383b6055c8d350f/transformed/merge/instrumentation-dependencies.bin because:
[        ]   Build cache is disabled
[        ]   Caching not enabled.
[        ] Caching disabled for MergeInstrumentationAnalysisTransform: /root/.gradle/caches/8.14/transforms/49d33b0f8d292b9727ecde589dd8db16/transformed/analysis/instrumentation-hierarchy.bin because:
[        ]   Build cache is disabled
[        ]   Caching not enabled.
[        ] Caching disabled for MergeInstrumentationAnalysisTransform: /root/.gradle/caches/modules-2/files-2.1/com.google.crypto.tink/tink/1.7.0/668b57f109d32349b2870448f06ae6f202713edc/tink-1.7.0.jar because:
[        ]   Build cache is disabled
[        ]   Caching not enabled.
[  +80 ms] Caching disabled for MergeInstrumentationAnalysisTransform: /root/.gradle/caches/8.14/transforms/f5150a421b879a0f572779d1f0800a38/transformed/analysis/instrumentation-dependencies.bin because:
[   +3 ms]   Build cache is disabled
[        ]   Caching not enabled.
[        ] Caching disabled for MergeInstrumentationAnalysisTransform: /root/.gradle/caches/8.14/transforms/792cb9c7b77094b2979a89e0f6813390/transformed/analysis/instrumentation-dependencies.bin because:
[        ]   Build cache is disabled
[        ]   Caching not enabled.
[        ] Caching disabled for MergeInstrumentationAnalysisTransform: /root/.gradle/caches/modules-2/files-2.1/io.grpc/grpc-protobuf/1.45.1/480d2a8c2592c7067d2fe9cc773d3a36402bc463/grpc-protobuf-1.45.1.jar because:
[        ]   Build cache is disabled
[        ]   Caching not enabled.
[        ] Caching disabled for MergeInstrumentationAnalysisTransform: /root/.gradle/caches/8.14/transforms/975cc7fa82892f7c90007cef414d2313/transformed/analysis/instrumentation-hierarchy.bin because:
[        ]   Build cache is disabled
[        ]   Caching not enabled.
[        ] Caching disabled for MergeInstrumentationAnalysisTransform: /root/.gradle/caches/8.14/transforms/49d33b0f8d292b9727ecde589dd8db16/transformed/analysis/instrumentation-dependencies.bin because:
[        ]   Build cache is disabled
[        ]   Caching not enabled.
[        ] Caching disabled for MergeInstrumentationAnalysisTransform: /root/.gradle/caches/8.14/transforms/22c823b7d19f9a92820f3be955278468/transformed/analysis/instrumentation-hierarchy.bin because:
[        ]   Build cache is disabled
[        ]   Caching not enabled.
[        ] Caching disabled for ExternalDependencyInstrumentingArtifactTransform: /root/.gradle/caches/8.14/transforms/584256bba1ada7a24945e78f50e7b803/transformed/merge/instrumentation-dependencies.bin because:
[        ]   Build cache is disabled
[        ]   Caching not enabled.
[        ] Caching disabled for MergeInstrumentationAnalysisTransform: /root/.gradle/caches/modules-2/files-2.1/com.google.api.grpc/proto-google-common-protos/2.0.1/20827628ea2b9f69ae22987b2aedb0050e9c470d/proto-google-common-protos-2.0.1.jar because:
[        ]   Build cache is disabled
[        ]   Caching not enabled.
[        ] Caching disabled for MergeInstrumentationAnalysisTransform: /root/.gradle/caches/8.14/transforms/975cc7fa82892f7c90007cef414d2313/transformed/analysis/instrumentation-dependencies.bin because:
[        ]   Build cache is disabled
[        ]   Caching not enabled.
[        ] Caching disabled for MergeInstrumentationAnalysisTransform: /root/.gradle/caches/8.14/transforms/22c823b7d19f9a92820f3be955278468/transformed/analysis/instrumentation-dependencies.bin because:
[        ]   Build cache is disabled
[        ]   Caching not enabled.
[        ] Caching disabled for MergeInstrumentationAnalysisTransform: /root/.gradle/caches/modules-2/files-2.1/com.android.tools.analytics-library/protos/31.0.2/1a391ebfcfc6b3fbd249f12f58bd301c3f13855f/protos-31.0.2.jar because:
[        ]   Build cache is disabled
[        ]   Caching not enabled.
[        ] Caching disabled for MergeInstrumentationAnalysisTransform: /root/.gradle/caches/modules-2/files-2.1/com.google.protobuf/protobuf-java/3.19.3/4b57f1b1b9e281231c3fcfc039ce3021e29ff570/protobuf-java-3.19.3.jar because:
[        ]   Build cache is disabled
[        ]   Caching not enabled.
[        ] Caching disabled for ExternalDependencyInstrumentingArtifactTransform: /root/.gradle/caches/modules-2/files-2.1/com.android.tools/common/31.0.2/e78240c4a0e406eaa2bb6d6aa633c7cd4c8a5866/common-31.0.2.jar because:
[        ]   Build cache is disabled
[        ]   Caching not enabled.
[        ] Caching disabled for ExternalDependencyInstrumentingArtifactTransform: /root/.gradle/caches/modules-2/files-2.1/com.android.tools.build/apkzlib/8.0.2/ad7136410ad4c88b1d1dea24ddeb5f9379e157e5/apkzlib-8.0.2.jar because:
[        ]   Build cache is disabled
[        ]   Caching not enabled.
[        ] Caching disabled for ExternalDependencyInstrumentingArtifactTransform: /root/.gradle/caches/8.14/transforms/01b24d3490204427f9c6a254e6d9340f/transformed/merge/instrumentation-dependencies.bin because:
[        ]   Build cache is disabled
[        ]   Caching not enabled.
[        ] Caching disabled for MergeInstrumentationAnalysisTransform: /root/.gradle/caches/8.14/transforms/1e65a939a84c50dc5637f10e635ac0e8/transformed/analysis/instrumentation-hierarchy.bin because:
[        ]   Build cache is disabled
[        ]   Caching not enabled.
[        ] Caching disabled for ExternalDependencyInstrumentingArtifactTransform: /root/.gradle/caches/modules-2/files-2.1/com.google.protobuf/protobuf-java-util/3.19.3/3e6812cbbb7e6faffa7b56438740dec510e1fc1a/protobuf-java-util-3.19.3.jar because:
[        ]   Build cache is disabled
[        ]   Caching not enabled.
[        ] Caching disabled for MergeInstrumentationAnalysisTransform: /root/.gradle/caches/modules-2/files-2.1/io.grpc/grpc-netty/1.45.1/e2a1bc48548213144f00aa709c4da92626b35cd8/grpc-netty-1.45.1.jar because:
[        ]   Build cache is disabled
[        ]   Caching not enabled.
[        ] Caching disabled for ExternalDependencyInstrumentingArtifactTransform: /root/.gradle/caches/8.14/transforms/3eeb10e23c26086611c8405e4709ae02/transformed/merge/instrumentation-dependencies.bin because:
[        ]   Build cache is disabled
[        ]   Caching not enabled.
[        ] Caching disabled for ExternalDependencyInstrumentingArtifactTransform: /root/.gradle/caches/modules-2/files-2.1/io.grpc/grpc-protobuf/1.45.1/480d2a8c2592c7067d2fe9cc773d3a36402bc463/grpc-protobuf-1.45.1.jar because:
[        ]   Build cache is disabled
[        ]   Caching not enabled.
[        ] Caching disabled for ExternalDependencyInstrumentingArtifactTransform: /root/.gradle/caches/8.14/transforms/e8d217bec2b22a7b474c08b91386ce21/transformed/merge/instrumentation-dependencies.bin because:
[        ]   Build cache is disabled
[        ]   Caching not enabled.
[        ] Caching disabled for MergeInstrumentationAnalysisTransform: /root/.gradle/caches/8.14/transforms/1e65a939a84c50dc5637f10e635ac0e8/transformed/analysis/instrumentation-dependencies.bin because:
[        ]   Build cache is disabled
[        ]   Caching not enabled.
[        ] Caching disabled for MergeInstrumentationAnalysisTransform: /root/.gradle/caches/8.14/transforms/86b461e745d6e10a87d288e0396f7dab/transformed/analysis/instrumentation-hierarchy.bin because:
[        ]   Build cache is disabled
[        ]   Caching not enabled.
[        ] Caching disabled for MergeInstrumentationAnalysisTransform: /root/.gradle/caches/8.14/transforms/a56f136059c6b29606e4676ce65b9e4c/transformed/analysis/instrumentation-hierarchy.bin because:
[        ]   Build cache is disabled
[        ]   Caching not enabled.
[        ] Caching disabled for MergeInstrumentationAnalysisTransform: /root/.gradle/caches/8.14/transforms/29652b12d54e1ca59c7fe2266799493b/transformed/analysis/instrumentation-hierarchy.bin because:
[        ]   Build cache is disabled
[        ]   Caching not enabled.
[        ] Caching disabled for MergeInstrumentationAnalysisTransform: /root/.gradle/caches/modules-2/files-2.1/io.grpc/grpc-core/1.45.1/9d886fc7d591fac00cd1bbd2347ba66efb31ef20/grpc-core-1.45.1.jar because:
[        ]   Build cache is disabled
[        ]   Caching not enabled.
[        ] Caching disabled for MergeInstrumentationAnalysisTransform: /root/.gradle/caches/8.14/transforms/86b461e745d6e10a87d288e0396f7dab/transformed/analysis/instrumentation-dependencies.bin because:
[        ]   Build cache is disabled
[        ]   Caching not enabled.
[        ] Caching disabled for MergeInstrumentationAnalysisTransform: /root/.gradle/caches/8.14/transforms/29652b12d54e1ca59c7fe2266799493b/transformed/analysis/instrumentation-dependencies.bin because:
[        ]   Build cache is disabled
[        ]   Caching not enabled.
[        ] Caching disabled for MergeInstrumentationAnalysisTransform: /root/.gradle/caches/8.14/transforms/a56f136059c6b29606e4676ce65b9e4c/transformed/analysis/instrumentation-dependencies.bin because:
[        ]   Build cache is disabled
[        ]   Caching not enabled.
[        ] Caching disabled for MergeInstrumentationAnalysisTransform: /root/.gradle/caches/8.14/transforms/e1af31b6f6841aeef4f866f19498c6b7/transformed/analysis/instrumentation-hierarchy.bin because:
[        ]   Build cache is disabled
[        ]   Caching not enabled.
[        ] Caching disabled for ExternalDependencyInstrumentingArtifactTransform: /root/.gradle/caches/8.14/transforms/f05d1f02c1db80e887f4295ad61714db/transformed/merge/instrumentation-dependencies.bin because:
[        ]   Build cache is disabled
[        ]   Caching not enabled.
[        ] Caching disabled for MergeInstrumentationAnalysisTransform: /root/.gradle/caches/8.14/transforms/e1af31b6f6841aeef4f866f19498c6b7/transformed/analysis/instrumentation-dependencies.bin because:
[        ]   Build cache is disabled
[        ]   Caching not enabled.
[        ] Caching disabled for MergeInstrumentationAnalysisTransform: /root/.gradle/caches/modules-2/files-2.1/com.google.code.gson/gson/2.8.9/8a432c1d6825781e21a02db2e2c33c5fde2833b9/gson-2.8.9.jar because:
[        ]   Build cache is disabled
[        ]   Caching not enabled.
[        ] Caching disabled for MergeInstrumentationAnalysisTransform: /root/.gradle/caches/modules-2/files-2.1/com.google.testing.platform/core-proto/0.0.8-alpha08/72ca52065789993f2f029b34d797813c467d5d74/core-proto-0.0.8-alpha08.jar because:
[        ]   Build cache is disabled
[        ]   Caching not enabled.
[        ] Caching disabled for MergeInstrumentationAnalysisTransform: /root/.gradle/caches/modules-2/files-2.1/io.grpc/grpc-stub/1.45.1/3cf1d4ef88808bbabea5d929b78854ccc7f95242/grpc-stub-1.45.1.jar because:
[        ]   Build cache is disabled
[        ]   Caching not enabled.
[        ] Caching disabled for MergeInstrumentationAnalysisTransform: /root/.gradle/caches/8.14/transforms/3ae60b3840f76fbc495a453c70c97bf0/transformed/analysis/instrumentation-hierarchy.bin because:
[        ]   Build cache is disabled
[        ]   Caching not enabled.
[        ] Caching disabled for MergeInstrumentationAnalysisTransform: /root/.gradle/caches/8.14/transforms/5e1a2f32d1a05384871154f280fde272/transformed/analysis/instrumentation-hierarchy.bin because:
[        ]   Build cache is disabled
[        ]   Caching not enabled.
[        ] Caching disabled for MergeInstrumentationAnalysisTransform: /root/.gradle/caches/modules-2/files-2.1/org.tensorflow/tensorflow-lite-metadata/0.1.0-rc2/7aa9b3e16d85c2aae5eff741265315a37c9f731a/tensorflow-lite-metadata-0.1.0-rc2.jar because:
[        ]   Build cache is disabled
[        ]   Caching not enabled.
[        ] Caching disabled for ExternalDependencyInstrumentingArtifactTransform: /root/.gradle/caches/8.14/transforms/1f4ea186f7c177559ab9ade2ab067f18/transformed/merge/instrumentation-dependencies.bin because:
[        ]   Build cache is disabled
[        ]   Caching not enabled.
[        ] Caching disabled for MergeInstrumentationAnalysisTransform: /root/.gradle/caches/8.14/transforms/3ae60b3840f76fbc495a453c70c97bf0/transformed/analysis/instrumentation-dependencies.bin because:
[        ]   Build cache is disabled
[        ]   Caching not enabled.
[        ] Caching disabled for MergeInstrumentationAnalysisTransform: /root/.gradle/caches/modules-2/files-2.1/com.google.flatbuffers/flatbuffers-java/1.12.0/8201cc7b511177a37071249e891f2f2fea4b32e9/flatbuffers-java-1.12.0.jar because:
[        ]   Build cache is disabled
[        ]   Caching not enabled.
[        ] Caching disabled for MergeInstrumentationAnalysisTransform: /root/.gradle/caches/8.14/transforms/5e1a2f32d1a05384871154f280fde272/transformed/analysis/instrumentation-dependencies.bin because:
[        ]   Build cache is disabled
[        ]   Caching not enabled.
[        ] Caching disabled for MergeInstrumentationAnalysisTransform: /root/.gradle/caches/8.14/transforms/9975a1251fc8f831e5502f13dd3c93b1/transformed/analysis/instrumentation-hierarchy.bin because:
[        ]   Build cache is disabled
[        ]   Caching not enabled.
[        ] Caching disabled for MergeInstrumentationAnalysisTransform: /root/.gradle/caches/8.14/transforms/a27f8f323f42a330a9eff73eafecd6e0/transformed/analysis/instrumentation-hierarchy.bin because:
[        ]   Build cache is disabled
[        ]   Caching not enabled.
[        ] Caching disabled for MergeInstrumentationAnalysisTransform: /root/.gradle/caches/modules-2/files-2.1/com.google.jimfs/jimfs/1.1/8fbd0579dc68aba6186935cc1bee21d2f3e7ec1c/jimfs-1.1.jar because:
[        ]   Build cache is disabled
[        ]   Caching not enabled.
[        ] Caching disabled for ExternalDependencyInstrumentingArtifactTransform: /root/.gradle/caches/modules-2/files-2.1/io.grpc/grpc-stub/1.45.1/3cf1d4ef88808bbabea5d929b78854ccc7f95242/grpc-stub-1.45.1.jar because:
[        ]   Build cache is disabled
[        ]   Caching not enabled.
[        ] Caching disabled for MergeInstrumentationAnalysisTransform: /root/.gradle/caches/8.14/transforms/9975a1251fc8f831e5502f13dd3c93b1/transformed/analysis/instrumentation-dependencies.bin because:
[        ]   Build cache is disabled
[        ]   Caching not enabled.
[        ] Caching disabled for MergeInstrumentationAnalysisTransform: /root/.gradle/caches/8.14/transforms/ba603a8e5cd50a7c88cc1c83cedbafe1/transformed/analysis/instrumentation-hierarchy.bin because:
[        ]   Build cache is disabled
[        ]   Caching not enabled.
[        ] Caching disabled for MergeInstrumentationAnalysisTransform: /root/.gradle/caches/8.14/transforms/a27f8f323f42a330a9eff73eafecd6e0/transformed/analysis/instrumentation-dependencies.bin because:
[        ]   Build cache is disabled
[        ]   Caching not enabled.
[        ] Caching disabled for MergeInstrumentationAnalysisTransform: /root/.gradle/caches/8.14/transforms/ba603a8e5cd50a7c88cc1c83cedbafe1/transformed/analysis/instrumentation-dependencies.bin because:
[        ]   Build cache is disabled
[        ]   Caching not enabled.
[        ] Caching disabled for MergeInstrumentationAnalysisTransform: /root/.gradle/caches/8.14/transforms/1f33ebe59883eca7cf0b19e5fe8de863/transformed/analysis/instrumentation-dependencies.bin because:
[        ]   Build cache is disabled
[        ]   Caching not enabled.
[        ] Caching disabled for MergeInstrumentationAnalysisTransform: /root/.gradle/caches/modules-2/files-2.1/io.grpc/grpc-protobuf-lite/1.45.1/a842605124e6542550b2da550a9acae1443a945/grpc-protobuf-lite-1.45.1.jar because:
[        ]   Build cache is disabled
[        ]   Caching not enabled.
[        ] Caching disabled for ExternalDependencyInstrumentingArtifactTransform: /root/.gradle/caches/modules-2/files-2.1/io.grpc/grpc-netty/1.45.1/e2a1bc48548213144f00aa709c4da92626b35cd8/grpc-netty-1.45.1.jar because:
[        ]   Build cache is disabled
[        ]   Caching not enabled.
[        ] Caching disabled for MergeInstrumentationAnalysisTransform: /root/.gradle/caches/modules-2/files-2.1/io.grpc/grpc-api/1.45.1/521df70b1f69648d5f418015ee594fc15a065dfc/grpc-api-1.45.1.jar because:
[        ]   Build cache is disabled
[        ]   Caching not enabled.
[        ] Caching disabled for ExternalDependencyInstrumentingArtifactTransform: /root/.gradle/caches/8.14/transforms/b6964f43e89fd578f93dee13d9c79ee6/transformed/merge/instrumentation-dependencies.bin because:
[        ]   Build cache is disabled
[        ]   Caching not enabled.
[        ] Caching disabled for MergeInstrumentationAnalysisTransform: /root/.gradle/caches/modules-2/files-2.1/javax.inject/javax.inject/1/6975da39a7040257bd51d21a231b76c915872d38/javax.inject-1.jar because:
[        ]   Build cache is disabled
[        ]   Caching not enabled.
[        ] Caching disabled for MergeInstrumentationAnalysisTransform: /root/.gradle/caches/8.14/transforms/9b0e98629bc06f5b01cc526ebfdfc3c3/transformed/analysis/instrumentation-hierarchy.bin because:
[        ]   Build cache is disabled
[        ]   Caching not enabled.
[        ] Caching disabled for ExternalDependencyInstrumentingArtifactTransform: /root/.gradle/caches/8.14/transforms/798c10ab3008b5806b6de6c5972eb94c/transformed/merge/instrumentation-dependencies.bin because:
[        ]   Build cache is disabled
[        ]   Caching not enabled.
[        ] Caching disabled for MergeInstrumentationAnalysisTransform: /root/.gradle/caches/modules-2/files-2.1/com.google.dagger/dagger/2.28.3/10d83810ef9e19714116ed518896c90c6606d633/dagger-2.28.3.jar because:
[        ]   Build cache is disabled
[        ]   Caching not enabled.
[        ] Caching disabled for MergeInstrumentationAnalysisTransform: /root/.gradle/caches/8.14/transforms/f805d7e08d3fd67d4774c3e86f99ef63/transformed/analysis/instrumentation-hierarchy.bin because:
[        ]   Build cache is disabled
[        ]   Caching not enabled.
[        ] Caching disabled for MergeInstrumentationAnalysisTransform: /root/.gradle/caches/modules-2/files-2.1/com.google.guava/guava/31.0.1-jre/119ea2b2bc205b138974d351777b20f02b92704b/guava-31.0.1-jre.jar because:
[        ]   Build cache is disabled
[        ]   Caching not enabled.
[        ] Caching disabled for MergeInstrumentationAnalysisTransform: /root/.gradle/caches/8.14/transforms/9b0e98629bc06f5b01cc526ebfdfc3c3/transformed/analysis/instrumentation-dependencies.bin because:
[        ]   Build cache is disabled
[        ]   Caching not enabled.
[        ] Caching disabled for ExternalDependencyInstrumentingArtifactTransform: /root/.gradle/caches/modules-2/files-2.1/io.grpc/grpc-protobuf-lite/1.45.1/a842605124e6542550b2da550a9acae1443a945/grpc-protobuf-lite-1.45.1.jar because:
[        ]   Build cache is disabled
[        ]   Caching not enabled.
[        ] Caching disabled for MergeInstrumentationAnalysisTransform: /root/.gradle/caches/8.14/transforms/3c31e71a7838345b49ffab5674d8ff5e/transformed/analysis/instrumentation-hierarchy.bin because:
[        ]   Build cache is disabled
[        ]   Caching not enabled.
[        ] Caching disabled for MergeInstrumentationAnalysisTransform: /root/.gradle/caches/8.14/transforms/f805d7e08d3fd67d4774c3e86f99ef63/transformed/analysis/instrumentation-dependencies.bin because:
[        ]   Build cache is disabled
[        ]   Caching not enabled.
[        ] Caching disabled for ExternalDependencyInstrumentingArtifactTransform: /root/.gradle/caches/8.14/transforms/d2ecfba5005681265dd8f329879b92fb/transformed/merge/instrumentation-dependencies.bin because:
[        ]   Build cache is disabled
[        ]   Caching not enabled.
[        ] Caching disabled for MergeInstrumentationAnalysisTransform: /root/.gradle/caches/8.14/transforms/6e87fed15181a08976306911f6e44287/transformed/analysis/instrumentation-hierarchy.bin because:
[        ]   Build cache is disabled
[        ]   Caching not enabled.
[        ] Caching disabled for MergeInstrumentationAnalysisTransform: /root/.gradle/caches/8.14/transforms/3c31e71a7838345b49ffab5674d8ff5e/transformed/analysis/instrumentation-dependencies.bin because:
[        ]   Build cache is disabled
[        ]   Caching not enabled.
[        ] Caching disabled for MergeInstrumentationAnalysisTransform: /root/.gradle/caches/8.14/transforms/6e87fed15181a08976306911f6e44287/transformed/analysis/instrumentation-dependencies.bin because:
[        ]   Build cache is disabled
[        ]   Caching not enabled.
[        ] Caching disabled for MergeInstrumentationAnalysisTransform: /root/.gradle/caches/modules-2/files-2.1/net.sf.kxml/kxml2/2.3.0/ccbc77a5fd907ef863c29f3596c6f54ffa4e9442/kxml2-2.3.0.jar because:
[        ]   Build cache is disabled
[        ]   Caching not enabled.
[        ] Caching disabled for MergeInstrumentationAnalysisTransform: /root/.gradle/caches/8.14/transforms/23e095634903846b1e4d36d18c569164/transformed/analysis/instrumentation-hierarchy.bin because:
[        ]   Build cache is disabled
[        ]   Caching not enabled.
[        ] Caching disabled for MergeInstrumentationAnalysisTransform: /root/.gradle/caches/8.14/transforms/23e095634903846b1e4d36d18c569164/transformed/analysis/instrumentation-dependencies.bin because:
[        ]   Build cache is disabled
[        ]   Caching not enabled.
[        ] Caching disabled for MergeInstrumentationAnalysisTransform: /root/.gradle/caches/modules-2/files-2.1/org.bouncycastle/bcprov-jdk15on/1.67/8c0998045da87dbc2f1d4b6480458ed811ca7b82/bcprov-jdk15on-1.67.jar because:
[        ]   Build cache is disabled
[        ]   Caching not enabled.
[        ] Caching disabled for MergeInstrumentationAnalysisTransform: /root/.gradle/caches/modules-2/files-2.1/org.jetbrains.kotlin/kotlin-reflect/1.7.10/165e600dfea6185cf5efa700756294cc4904dbeb/kotlin-reflect-1.7.10.jar because:
[        ]   Build cache is disabled
[        ]   Caching not enabled.
[  +80 ms] Caching disabled for MergeInstrumentationAnalysisTransform: /root/.gradle/caches/modules-2/files-2.1/org.jetbrains.intellij.deps/trove4j/1.0.20200330/3afb14d5f9ceb459d724e907a21145e8ff394f02/trove4j-1.0.20200330.jar because:
[   +1 ms]   Build cache is disabled
[        ]   Caching not enabled.
[        ] Caching disabled for ExternalDependencyInstrumentingArtifactTransform: /root/.gradle/caches/modules-2/files-2.1/io.grpc/grpc-core/1.45.1/9d886fc7d591fac00cd1bbd2347ba66efb31ef20/grpc-core-1.45.1.jar because:
[        ]   Build cache is disabled
[        ]   Caching not enabled.
[        ] Caching disabled for MergeInstrumentationAnalysisTransform: /root/.gradle/caches/8.14/transforms/a4fed51b1a8b098ceba69849a357f8be/transformed/analysis/instrumentation-hierarchy.bin because:
[        ]   Build cache is disabled
[        ]   Caching not enabled.
[   +2 ms] Caching disabled for MergeInstrumentationAnalysisTransform: /root/.gradle/caches/8.14/transforms/a0c26581fa6656fe0cc9cbbf4cebacc3/transformed/analysis/instrumentation-hierarchy.bin because:
[        ]   Build cache is disabled
[        ]   Caching not enabled.
[        ] Caching disabled for MergeInstrumentationAnalysisTransform: /root/.gradle/caches/8.14/transforms/0b75ec30a4c75063289499649e9e9982/transformed/analysis/instrumentation-hierarchy.bin because:
[        ]   Build cache is disabled
[        ]   Caching not enabled.
[        ] Caching disabled for MergeInstrumentationAnalysisTransform: /root/.gradle/caches/8.14/transforms/a0c26581fa6656fe0cc9cbbf4cebacc3/transformed/analysis/instrumentation-dependencies.bin because:
[        ]   Build cache is disabled
[        ]   Caching not enabled.
[        ] Caching disabled for MergeInstrumentationAnalysisTransform: /root/.gradle/caches/8.14/transforms/1a1d3b61d5a868318f8594a976389b2b/transformed/analysis/instrumentation-hierarchy.bin because:
[        ]   Build cache is disabled
[        ]   Caching not enabled.
[        ] Caching disabled for MergeInstrumentationAnalysisTransform: /root/.gradle/caches/8.14/transforms/a4fed51b1a8b098ceba69849a357f8be/transformed/analysis/instrumentation-dependencies.bin because:
[        ]   Build cache is disabled
[        ]   Caching not enabled.
[        ] Caching disabled for ExternalDependencyInstrumentingArtifactTransform: /root/.gradle/caches/modules-2/files-2.1/io.grpc/grpc-api/1.45.1/521df70b1f69648d5f418015ee594fc15a065dfc/grpc-api-1.45.1.jar because:
[        ]   Build cache is disabled
[        ]   Caching not enabled.
[        ] Caching disabled for MergeInstrumentationAnalysisTransform: /root/.gradle/caches/8.14/transforms/0b75ec30a4c75063289499649e9e9982/transformed/analysis/instrumentation-dependencies.bin because:
[        ]   Build cache is disabled
[        ]   Caching not enabled.
[        ] Caching disabled for MergeInstrumentationAnalysisTransform: /root/.gradle/caches/modules-2/files-2.1/xerces/xercesImpl/2.12.0/f02c844149fd306601f20e0b34853a670bef7fa2/xercesImpl-2.12.0.jar because:
[        ]   Build cache is disabled
[        ]   Caching not enabled.
[        ] Caching disabled for MergeInstrumentationAnalysisTransform: /root/.gradle/caches/8.14/transforms/1a1d3b61d5a868318f8594a976389b2b/transformed/analysis/instrumentation-dependencies.bin because:
[        ]   Build cache is disabled
[        ]   Caching not enabled.
[        ] Caching disabled for MergeInstrumentationAnalysisTransform: /root/.gradle/caches/8.14/transforms/0a92adb5ade4a50ad2c9cfae82aec0b4/transformed/analysis/instrumentation-hierarchy.bin because:
[        ]   Build cache is disabled
[        ]   Caching not enabled.
[        ] Caching disabled for MergeInstrumentationAnalysisTransform: /root/.gradle/caches/modules-2/files-2.1/org.apache.httpcomponents/httpclient/4.5.13/e5f6cae5ca7ecaac1ec2827a9e2d65ae2869cada/httpclient-4.5.13.jar because:
[        ]   Build cache is disabled
[        ]   Caching not enabled.
[        ] Caching disabled for MergeInstrumentationAnalysisTransform: /root/.gradle/caches/8.14/transforms/5ee1d9892ee2708729e00268155727ad/transformed/analysis/instrumentation-hierarchy.bin because:
[        ]   Build cache is disabled
[        ]   Caching not enabled.
[        ] Caching disabled for MergeInstrumentationAnalysisTransform: /root/.gradle/caches/modules-2/files-2.1/org.apache.commons/commons-compress/1.20/b8df472b31e1f17c232d2ad78ceb1c84e00c641b/commons-compress-1.20.jar because:
[        ]   Build cache is disabled
[        ]   Caching not enabled.
[        ] Caching disabled for MergeInstrumentationAnalysisTransform: /root/.gradle/caches/8.14/transforms/0a92adb5ade4a50ad2c9cfae82aec0b4/transformed/analysis/instrumentation-dependencies.bin because:
[        ]   Build cache is disabled
[        ]   Caching not enabled.
[   +1 ms] Caching disabled for MergeInstrumentationAnalysisTransform: /root/.gradle/caches/modules-2/files-2.1/org.apache.httpcomponents/httpcore/4.4.15/7f2e0c573eaa7a74bac2e89b359e1f73d92a0a1d/httpcore-4.4.15.jar because:
[        ]   Build cache is disabled
[        ]   Caching not enabled.
[        ] Caching disabled for MergeInstrumentationAnalysisTransform: /root/.gradle/caches/8.14/transforms/fe297a5a19d5a52b75d06ba229378ac0/transformed/analysis/instrumentation-dependencies.bin because:
[        ]   Build cache is disabled
[        ]   Caching not enabled.
[        ] Caching disabled for MergeInstrumentationAnalysisTransform: /root/.gradle/caches/8.14/transforms/5ee1d9892ee2708729e00268155727ad/transformed/analysis/instrumentation-dependencies.bin because:
[        ]   Build cache is disabled
[   +2 ms]   Caching not enabled.
[        ] Caching disabled for MergeInstrumentationAnalysisTransform: /root/.gradle/caches/modules-2/files-2.1/com.sun.activation/javax.activation/1.2.0/bf744c1e2776ed1de3c55c8dac1057ec331ef744/javax.activation-1.2.0.jar because:
[        ]   Build cache is disabled
[        ]   Caching not enabled.
[        ] Caching disabled for MergeInstrumentationAnalysisTransform: /root/.gradle/caches/modules-2/files-2.1/org.jetbrains/annotations/13.0/919f0dfe192fb4e063e7dacadee7f8bb9a2672a9/annotations-13.0.jar because:
[        ]   Build cache is disabled
[        ]   Caching not enabled.
[        ] Caching disabled for MergeInstrumentationAnalysisTransform: /root/.gradle/caches/8.14/transforms/9d9db33769008ce2d50528e5a4bafbe7/transformed/analysis/instrumentation-hierarchy.bin because:
[        ]   Build cache is disabled
[        ]   Caching not enabled.
[        ] Caching disabled for ExternalDependencyInstrumentingArtifactTransform: /root/.gradle/caches/8.14/transforms/2805acd50ee5e8dc66f2319e14f58874/transformed/merge/instrumentation-dependencies.bin because:
[        ]   Build cache is disabled
[        ]   Caching not enabled.
[        ] Caching disabled for MergeInstrumentationAnalysisTransform: /root/.gradle/caches/modules-2/files-2.1/org.jetbrains.kotlin/kotlin-stdlib-jdk7/1.7.10/1ef73fee66f45d52c67e2aca12fd945dbe0659bf/kotlin-stdlib-jdk7-1.7.10.jar because:
[        ]   Build cache is disabled
[        ]   Caching not enabled.
[        ] Caching disabled for MergeInstrumentationAnalysisTransform: /root/.gradle/caches/8.14/transforms/b56223c3177265516e98b41b56346f97/transformed/analysis/instrumentation-hierarchy.bin because:
[        ]   Build cache is disabled
[        ]   Caching not enabled.
[        ] Caching disabled for MergeInstrumentationAnalysisTransform: /root/.gradle/caches/8.14/transforms/327e0c50a28d31238b539009e88e007c/transformed/analysis/instrumentation-dependencies.bin because:
[        ]   Build cache is disabled
[        ]   Caching not enabled.
[        ] Caching disabled for MergeInstrumentationAnalysisTransform: /root/.gradle/caches/8.14/transforms/9d9db33769008ce2d50528e5a4bafbe7/transformed/analysis/instrumentation-dependencies.bin because:
[        ]   Build cache is disabled
[        ]   Caching not enabled.
[        ] Caching disabled for MergeInstrumentationAnalysisTransform: /root/.gradle/caches/modules-2/files-2.1/org.jetbrains.kotlin/kotlin-stdlib/1.7.10/d2abf9e77736acc4450dc4a3f707fa2c10f5099d/kotlin-stdlib-1.7.10.jar because:
[        ]   Build cache is disabled
[        ]   Caching not enabled.
[        ] Caching disabled for MergeInstrumentationAnalysisTransform: /root/.gradle/caches/8.14/transforms/f62290c4265fae9fb0cf357d49462801/transformed/analysis/instrumentation-hierarchy.bin because:
[        ]   Build cache is disabled
[        ]   Caching not enabled.
[        ] Caching disabled for MergeInstrumentationAnalysisTransform: /root/.gradle/caches/8.14/transforms/b56223c3177265516e98b41b56346f97/transformed/analysis/instrumentation-dependencies.bin because:
[        ]   Build cache is disabled
[        ]   Caching not enabled.
[        ] Caching disabled for MergeInstrumentationAnalysisTransform: /root/.gradle/caches/8.14/transforms/63e0a1f75d91cde9ecfd6e29ce3f4dc8/transformed/analysis/instrumentation-hierarchy.bin because:
[        ]   Build cache is disabled
[        ]   Caching not enabled.
[        ] Caching disabled for MergeInstrumentationAnalysisTransform: /root/.gradle/caches/8.14/transforms/f62290c4265fae9fb0cf357d49462801/transformed/analysis/instrumentation-dependencies.bin because:
[        ]   Build cache is disabled
[        ]   Caching not enabled.
[        ] Caching disabled for MergeInstrumentationAnalysisTransform: /root/.gradle/caches/modules-2/files-2.1/com.android.tools/annotations/31.0.2/9251cabb9830e0f59e30e8e99f58af7bbc97c34f/annotations-31.0.2.jar because:
[        ]   Build cache is disabled
[        ]   Caching not enabled.
[        ] Caching disabled for MergeInstrumentationAnalysisTransform: /root/.gradle/caches/modules-2/files-2.1/com.android/signflinger/8.0.2/eadca001587305c0d2498104183497eaa7013ce2/signflinger-8.0.2.jar because:
[        ]   Build cache is disabled
[        ]   Caching not enabled.
[        ] Caching disabled for MergeInstrumentationAnalysisTransform: /root/.gradle/caches/8.14/transforms/63e0a1f75d91cde9ecfd6e29ce3f4dc8/transformed/analysis/instrumentation-dependencies.bin because:
[        ]   Build cache is disabled
[        ]   Caching not enabled.
[        ] Caching disabled for ExternalDependencyInstrumentingArtifactTransform: /root/.gradle/caches/8.14/transforms/99406dfa0c5b6ad2dbbbb9895c5ae61a/transformed/merge/instrumentation-dependencies.bin because:
[        ]   Build cache is disabled
[        ]   Caching not enabled.
[        ] Caching disabled for MergeInstrumentationAnalysisTransform: /root/.gradle/caches/modules-2/files-2.1/net.java.dev.jna/jna-platform/5.6.0/d18424ffb8bbfd036d71bcaab9b546858f2ef986/jna-platform-5.6.0.jar because:
[        ]   Build cache is disabled
[        ]   Caching not enabled.
[        ] Caching disabled for MergeInstrumentationAnalysisTransform: /root/.gradle/caches/modules-2/files-2.1/com.android/zipflinger/8.0.2/c8905e73d011fc1683db2dfd08397ab250672d4e/zipflinger-8.0.2.jar because:
[        ]   Build cache is disabled
[        ]   Caching not enabled.
[        ] Caching disabled for ExternalDependencyInstrumentingArtifactTransform: /root/.gradle/caches/8.14/transforms/1d78ac1852ee79e4dab54527209a1e7f/transformed/merge/instrumentation-dependencies.bin because:
[        ]   Build cache is disabled
[        ]   Caching not enabled.
[        ] Caching disabled for ExternalDependencyInstrumentingArtifactTransform: /root/.gradle/caches/8.14/transforms/7b0327f970d2f8a39c285d97ea8657d0/transformed/merge/instrumentation-dependencies.bin because:
[        ]   Build cache is disabled
[        ]   Caching not enabled.
[        ] Caching disabled for MergeInstrumentationAnalysisTransform: /root/.gradle/caches/modules-2/files-2.1/com.googlecode.juniversalchardet/juniversalchardet/1.0.3/cd49678784c46aa8789c060538e0154013bb421b/juniversalchardet-1.0.3.jar because:
[        ]   Build cache is disabled
[        ]   Caching not enabled.
[        ] Caching disabled for MergeInstrumentationAnalysisTransform: /root/.gradle/caches/8.14/transforms/e0226a994236d7bf90152c665abe60df/transformed/analysis/instrumentation-dependencies.bin because:
[        ]   Build cache is disabled
[        ]   Caching not enabled.
[        ] Caching disabled for ExternalDependencyInstrumentingArtifactTransform: /root/.gradle/caches/modules-2/files-2.1/com.android/signflinger/8.0.2/eadca001587305c0d2498104183497eaa7013ce2/signflinger-8.0.2.jar because:
[        ]   Build cache is disabled
[        ]   Caching not enabled.
[        ] Caching disabled for MergeInstrumentationAnalysisTransform: /root/.gradle/caches/8.14/transforms/8c12647086c0a3ca5d593c8e6e97b7eb/transformed/analysis/instrumentation-hierarchy.bin because:
[        ]   Build cache is disabled
[        ]   Caching not enabled.
[        ] Caching disabled for MergeInstrumentationAnalysisTransform: /root/.gradle/caches/modules-2/files-2.1/javax.annotation/javax.annotation-api/1.3.2/934c04d3cfef185a8008e7bf34331b79730a9d43/javax.annotation-api-1.3.2.jar because:
[        ]   Build cache is disabled
[        ]   Caching not enabled.
[   +1 ms] Caching disabled for MergeInstrumentationAnalysisTransform: /root/.gradle/caches/8.14/transforms/a9bb419057f2ec78198df5a5329559ea/transformed/analysis/instrumentation-hierarchy.bin because:
[        ]   Build cache is disabled
[        ]   Caching not enabled.
[        ] Caching disabled for MergeInstrumentationAnalysisTransform: /root/.gradle/caches/8.14/transforms/8c12647086c0a3ca5d593c8e6e97b7eb/transformed/analysis/instrumentation-dependencies.bin because:
[        ]   Build cache is disabled
[        ]   Caching not enabled.
[        ] Caching disabled for ExternalDependencyInstrumentingArtifactTransform: /root/.gradle/caches/modules-2/files-2.1/com.android.tools/annotations/31.0.2/9251cabb9830e0f59e30e8e99f58af7bbc97c34f/annotations-31.0.2.jar because:
[        ]   Build cache is disabled
[        ]   Caching not enabled.
[        ] Caching disabled for MergeInstrumentationAnalysisTransform: /root/.gradle/caches/8.14/transforms/9a9891476629ac44014c62adfce6452d/transformed/analysis/instrumentation-hierarchy.bin because:
[        ]   Build cache is disabled
[        ]   Caching not enabled.
[        ] Caching disabled for ExternalDependencyInstrumentingArtifactTransform: /root/.gradle/caches/modules-2/files-2.1/com.android/zipflinger/8.0.2/c8905e73d011fc1683db2dfd08397ab250672d4e/zipflinger-8.0.2.jar because:
[        ]   Build cache is disabled
[        ]   Caching not enabled.
[        ] Caching disabled for MergeInstrumentationAnalysisTransform: /root/.gradle/caches/8.14/transforms/a9bb419057f2ec78198df5a5329559ea/transformed/analysis/instrumentation-dependencies.bin because:
[        ]   Build cache is disabled
[        ]   Caching not enabled.
[        ] Caching disabled for MergeInstrumentationAnalysisTransform: /root/.gradle/caches/modules-2/files-2.1/org.jvnet.staxex/stax-ex/1.8.1/78011e483a21102fb4858f3e8f269a677e50aa23/stax-ex-1.8.1.jar because:
[        ]   Build cache is disabled
[        ]   Caching not enabled.
[        ] Caching disabled for MergeInstrumentationAnalysisTransform: /root/.gradle/caches/8.14/transforms/0e4888efffc5b1de0f2cc5286369299e/transformed/analysis/instrumentation-hierarchy.bin because:
[        ]   Build cache is disabled
[        ]   Caching not enabled.
[        ] Caching disabled for MergeInstrumentationAnalysisTransform: /root/.gradle/caches/8.14/transforms/9a9891476629ac44014c62adfce6452d/transformed/analysis/instrumentation-dependencies.bin because:
[   +1 ms]   Build cache is disabled
[        ]   Caching not enabled.
[        ] Caching disabled for MergeInstrumentationAnalysisTransform: /root/.gradle/caches/8.14/transforms/fefff9ef1ad0af2b4d20e97600842cb4/transformed/analysis/instrumentation-hierarchy.bin because:
[        ]   Build cache is disabled
[        ]   Caching not enabled.
[        ] Caching disabled for MergeInstrumentationAnalysisTransform: /root/.gradle/caches/8.14/transforms/c491d8608f57b6bb06428abd12a909c3/transformed/analysis/instrumentation-hierarchy.bin because:
[        ]   Build cache is disabled
[        ]   Caching not enabled.
[        ] Caching disabled for MergeInstrumentationAnalysisTransform: /root/.gradle/caches/8.14/transforms/0e4888efffc5b1de0f2cc5286369299e/transformed/analysis/instrumentation-dependencies.bin because:
[        ]   Build cache is disabled
[        ]   Caching not enabled.
[        ] Caching disabled for MergeInstrumentationAnalysisTransform: /root/.gradle/caches/8.14/transforms/fefff9ef1ad0af2b4d20e97600842cb4/transformed/analysis/instrumentation-dependencies.bin because:
[        ]   Build cache is disabled
[        ]   Caching not enabled.
[        ] Caching disabled for MergeInstrumentationAnalysisTransform: /root/.gradle/caches/modules-2/files-2.1/jakarta.xml.bind/jakarta.xml.bind-api/2.3.2/8d49996a4338670764d7ca4b85a1c4ccf7fe665d/jakarta.xml.bind-api-2.3.2.jar because:
[        ]   Build cache is disabled
[        ]   Caching not enabled.
[        ] Caching disabled for MergeInstrumentationAnalysisTransform: /root/.gradle/caches/8.14/transforms/c491d8608f57b6bb06428abd12a909c3/transformed/analysis/instrumentation-dependencies.bin because:
[        ]   Build cache is disabled
[        ]   Caching not enabled.
[        ] Caching disabled for MergeInstrumentationAnalysisTransform: /root/.gradle/caches/modules-2/files-2.1/org.glassfish.jaxb/txw2/2.3.2/ce5be7da2e442c25ec14c766cb60cb802741727b/txw2-2.3.2.jar because:
[        ]   Build cache is disabled
[        ]   Caching not enabled.
[        ] Caching disabled for MergeInstrumentationAnalysisTransform: /root/.gradle/caches/8.14/transforms/9f7bf5a533b6fa8b7c91c970eaa2b8a2/transformed/analysis/instrumentation-dependencies.bin because:
[        ]   Build cache is disabled
[        ]   Caching not enabled.
[        ] Caching disabled for MergeInstrumentationAnalysisTransform: /root/.gradle/caches/modules-2/files-2.1/com.sun.istack/istack-commons-runtime/3.0.8/d6a97364045aa6b99bf2d3c566a3f98599c2d296/istack-commons-runtime-3.0.8.jar because:
[        ]   Build cache is disabled
[        ]   Caching not enabled.
[        ] Caching disabled for ExternalDependencyInstrumentingArtifactTransform: /root/.gradle/caches/modules-2/files-2.1/org.apache.httpcomponents/httpcore/4.4.15/7f2e0c573eaa7a74bac2e89b359e1f73d92a0a1d/httpcore-4.4.15.jar because:
[        ]   Build cache is disabled
[        ]   Caching not enabled.
[        ] Caching disabled for MergeInstrumentationAnalysisTransform: /root/.gradle/caches/modules-2/files-2.1/jakarta.activation/jakarta.activation-api/1.2.1/562a587face36ec7eff2db7f2fc95425c6602bc1/jakarta.activation-api-1.2.1.jar because:
[        ]   Build cache is disabled
[        ]   Caching not enabled.
[        ] Caching disabled for MergeInstrumentationAnalysisTransform: /root/.gradle/caches/8.14/transforms/78e02451688092e8b1188efc318e7f63/transformed/analysis/instrumentation-dependencies.bin because:
[        ]   Build cache is disabled
[        ]   Caching not enabled.
[        ] Caching disabled for MergeInstrumentationAnalysisTransform: /root/.gradle/caches/modules-2/files-2.1/com.sun.xml.fastinfoset/FastInfoset/1.2.16/4eb6a0adad553bf759ffe86927df6f3b848c8bea/FastInfoset-1.2.16.jar because:
[        ]   Build cache is disabled
[        ]   Caching not enabled.
[        ] Caching disabled for MergeInstrumentationAnalysisTransform: /root/.gradle/caches/8.14/transforms/6f8bdd5d75a2382fcea921634ccf18cb/transformed/analysis/instrumentation-hierarchy.bin because:
[        ]   Build cache is disabled
[        ]   Caching not enabled.
[        ] Caching disabled for MergeInstrumentationAnalysisTransform: /root/.gradle/caches/8.14/transforms/02afc11b8ec1264570aeb56b58c49aa9/transformed/analysis/instrumentation-hierarchy.bin because:
[        ]   Build cache is disabled
[        ]   Caching not enabled.
[        ] Caching disabled for MergeInstrumentationAnalysisTransform: /root/.gradle/caches/modules-2/files-2.1/com.google.auto.value/auto-value-annotations/1.6.2/ed193d86e0af90cc2342aedbe73c5d86b03fa09b/auto-value-annotations-1.6.2.jar because:
[        ]   Build cache is disabled
[        ]   Caching not enabled.
[        ] Caching disabled for MergeInstrumentationAnalysisTransform: /root/.gradle/caches/8.14/transforms/58004fb02668d400301539bc7fd0023b/transformed/analysis/instrumentation-hierarchy.bin because:
[        ]   Build cache is disabled
[        ]   Caching not enabled.
[        ] Caching disabled for MergeInstrumentationAnalysisTransform: /root/.gradle/caches/8.14/transforms/02afc11b8ec1264570aeb56b58c49aa9/transformed/analysis/instrumentation-dependencies.bin because:
[        ]   Build cache is disabled
[        ]   Caching not enabled.
[        ] Caching disabled for MergeInstrumentationAnalysisTransform: /root/.gradle/caches/8.14/transforms/6f8bdd5d75a2382fcea921634ccf18cb/transformed/analysis/instrumentation-dependencies.bin because:
[        ]   Build cache is disabled
[        ]   Caching not enabled.
[        ] Caching disabled for MergeInstrumentationAnalysisTransform: /root/.gradle/caches/modules-2/files-2.1/com.google.errorprone/error_prone_annotations/2.10.0/9bc20b94d3ac42489cf6ce1e42509c86f6f861a1/error_prone_annotations-2.10.0.jar because:
[        ]   Build cache is disabled
[        ]   Caching not enabled.
[        ] Caching disabled for MergeInstrumentationAnalysisTransform: /root/.gradle/caches/8.14/transforms/c04565228a40c2a592032fe842819095/transformed/analysis/instrumentation-dependencies.bin because:
[        ]   Build cache is disabled
[        ]   Caching not enabled.
[        ] Caching disabled for MergeInstrumentationAnalysisTransform: /root/.gradle/caches/8.14/transforms/d8695b060e50975c4594c2fcb6098560/transformed/analysis/instrumentation-hierarchy.bin because:
[        ]   Build cache is disabled
[        ]   Caching not enabled.
[        ] Caching disabled for MergeInstrumentationAnalysisTransform: /root/.gradle/caches/8.14/transforms/58004fb02668d400301539bc7fd0023b/transformed/analysis/instrumentation-dependencies.bin because:
[        ]   Build cache is disabled
[   +2 ms]   Caching not enabled.
[        ] Caching disabled for MergeInstrumentationAnalysisTransform: /root/.gradle/caches/8.14/transforms/d8695b060e50975c4594c2fcb6098560/transformed/analysis/instrumentation-dependencies.bin because:
[        ]   Build cache is disabled
[        ]   Caching not enabled.
[        ] Caching disabled for MergeInstrumentationAnalysisTransform: /root/.gradle/caches/modules-2/files-2.1/org.bitbucket.b_c/jose4j/0.7.0/478ee8518687f9b01f20912fc7edd9d7b46d06da/jose4j-0.7.0.jar because:
[        ]   Build cache is disabled
[        ]   Caching not enabled.
[        ] Caching disabled for MergeInstrumentationAnalysisTransform: /root/.gradle/caches/modules-2/files-2.1/org.slf4j/slf4j-api/1.7.30/b5a4b6d16ab13e34a88fae84c35cd5d68cac922c/slf4j-api-1.7.30.jar because:
[        ]   Build cache is disabled
[        ]   Caching not enabled.
[        ] Caching disabled for ExternalDependencyInstrumentingArtifactTransform: /root/.gradle/caches/8.14/transforms/b09ad3a2ec14b852bdc4e583be15727c/transformed/merge/instrumentation-dependencies.bin because:
[        ]   Build cache is disabled
[        ]   Caching not enabled.
[        ] Caching disabled for ExternalDependencyInstrumentingArtifactTransform: /root/.gradle/caches/modules-2/files-2.1/com.google.protobuf/protobuf-java/3.19.3/4b57f1b1b9e281231c3fcfc039ce3021e29ff570/protobuf-java-3.19.3.jar because:
[        ]   Build cache is disabled
[        ]   Caching not enabled.
[        ] Caching disabled for MergeInstrumentationAnalysisTransform: /root/.gradle/caches/modules-2/files-2.1/com.google.j2objc/j2objc-annotations/1.3/ba035118bc8bac37d7eff77700720999acd9986d/j2objc-annotations-1.3.jar because:
[        ]   Build cache is disabled
[        ]   Caching not enabled.
[        ] Caching disabled for MergeInstrumentationAnalysisTransform: /root/.gradle/caches/modules-2/files-2.1/org.jdom/jdom2/2.0.6/6f14738ec2e9dd0011e343717fa624a10f8aab64/jdom2-2.0.6.jar because:
[        ]   Build cache is disabled
[        ]   Caching not enabled.
[        ] Caching disabled for MergeInstrumentationAnalysisTransform: /root/.gradle/caches/modules-2/files-2.1/com.google.code.findbugs/jsr305/3.0.2/25ea2e8b0c338a877313bd4672d3fe056ea78f0d/jsr305-3.0.2.jar because:
[        ]   Build cache is disabled
[        ]   Caching not enabled.
[        ] Caching disabled for MergeInstrumentationAnalysisTransform: /root/.gradle/caches/8.14/transforms/6b4896d50078fc41c74f8e4a72b63e60/transformed/analysis/instrumentation-dependencies.bin because:
[        ]   Build cache is disabled
[        ]   Caching not enabled.
[        ] Caching disabled for MergeInstrumentationAnalysisTransform: /root/.gradle/caches/8.14/transforms/085ab5d22c0c73b805b5ceab6a9ea7ff/transformed/analysis/instrumentation-dependencies.bin because:
[        ]   Build cache is disabled
[        ]   Caching not enabled.
[        ] Caching disabled for MergeInstrumentationAnalysisTransform: /root/.gradle/caches/8.14/transforms/61eabbdd592209c866189e9368efd599/transformed/analysis/instrumentation-hierarchy.bin because:
[        ]   Build cache is disabled
[        ]   Caching not enabled.
[        ] Caching disabled for ExternalDependencyInstrumentingArtifactTransform: /root/.gradle/caches/modules-2/files-2.1/com.google.errorprone/error_prone_annotations/2.10.0/9bc20b94d3ac42489cf6ce1e42509c86f6f861a1/error_prone_annotations-2.10.0.jar because:
[        ]   Build cache is disabled
[        ]   Caching not enabled.
[        ] Caching disabled for MergeInstrumentationAnalysisTransform: /root/.gradle/caches/8.14/transforms/1c64fe326b882aa37de9238b95461df2/transformed/analysis/instrumentation-hierarchy.bin because:
[        ]   Build cache is disabled
[        ]   Caching not enabled.
[        ] Caching disabled for MergeInstrumentationAnalysisTransform: /root/.gradle/caches/8.14/transforms/2435f7b817e8be6cac23167f5f6df65a/transformed/analysis/instrumentation-hierarchy.bin because:
[        ]   Build cache is disabled
[        ]   Caching not enabled.
[  +59 ms] Caching disabled for MergeInstrumentationAnalysisTransform: /root/.gradle/caches/8.14/transforms/782649645c3a53e9d7f4af9d024e9995/transformed/analysis/instrumentation-dependencies.bin because:
[        ]   Build cache is disabled
[        ]   Caching not enabled.
[        ] Caching disabled for MergeInstrumentationAnalysisTransform: /root/.gradle/caches/8.14/transforms/059495c8615bae36d0fc93a846ab4920/transformed/analysis/instrumentation-hierarchy.bin because:
[        ]   Build cache is disabled
[        ]   Caching not enabled.
[        ] Caching disabled for MergeInstrumentationAnalysisTransform: /root/.gradle/caches/8.14/transforms/1c64fe326b882aa37de9238b95461df2/transformed/analysis/instrumentation-dependencies.bin because:
[        ]   Build cache is disabled
[        ]   Caching not enabled.
[        ] Caching disabled for MergeInstrumentationAnalysisTransform: /root/.gradle/caches/8.14/transforms/61eabbdd592209c866189e9368efd599/transformed/analysis/instrumentation-dependencies.bin because:
[        ]   Build cache is disabled
[        ]   Caching not enabled.
[        ] Caching disabled for MergeInstrumentationAnalysisTransform: /root/.gradle/caches/8.14/transforms/2435f7b817e8be6cac23167f5f6df65a/transformed/analysis/instrumentation-dependencies.bin because:
[        ]   Build cache is disabled
[        ]   Caching not enabled.
[        ] Caching disabled for MergeInstrumentationAnalysisTransform: /root/.gradle/caches/modules-2/files-2.1/org.codehaus.mojo/animal-sniffer-annotations/1.19/1536e1a8fd552dc05f12b5f0827fbb2ee3d5a89b/animal-sniffer-annotations-1.19.jar because:
[        ]   Build cache is disabled
[        ]   Caching not enabled.
[        ] Caching disabled for MergeInstrumentationAnalysisTransform: /root/.gradle/caches/8.14/transforms/059495c8615bae36d0fc93a846ab4920/transformed/analysis/instrumentation-dependencies.bin because:
[        ]   Build cache is disabled
[        ]   Caching not enabled.
[        ] Caching disabled for MergeInstrumentationAnalysisTransform: /root/.gradle/caches/modules-2/files-2.1/com.google.android/annotations/4.1.1.4/a1678ba907bf92691d879fef34e1a187038f9259/annotations-4.1.1.4.jar because:
[        ]   Build cache is disabled
[        ]   Caching not enabled.
[        ] Caching disabled for MergeInstrumentationAnalysisTransform: /root/.gradle/caches/modules-2/files-2.1/io.netty/netty-handler-proxy/4.1.72.Final/90de0fe610454d4296052ae36acb8a6a1d0333f1/netty-handler-proxy-4.1.72.Final.jar because:
[        ]   Build cache is disabled
[        ]   Caching not enabled.
[        ] Caching disabled for MergeInstrumentationAnalysisTransform: /root/.gradle/caches/8.14/transforms/be4910687f40d46fb3c663d42a789a6a/transformed/analysis/instrumentation-hierarchy.bin because:
[        ]   Build cache is disabled
[        ]   Caching not enabled.
[        ] Caching disabled for MergeInstrumentationAnalysisTransform: /root/.gradle/caches/8.14/transforms/2d6ad7057afe351af184d49f5efa7fa0/transformed/analysis/instrumentation-hierarchy.bin because:
[        ]   Build cache is disabled
[        ]   Caching not enabled.
[        ] Caching disabled for MergeInstrumentationAnalysisTransform: /root/.gradle/caches/modules-2/files-2.1/io.perfmark/perfmark-api/0.23.0/b813b7539fae6550541da8caafd6add86d4e22f/perfmark-api-0.23.0.jar because:
[        ]   Build cache is disabled
[        ]   Caching not enabled.
[        ] Caching disabled for MergeInstrumentationAnalysisTransform: /root/.gradle/caches/8.14/transforms/2d6ad7057afe351af184d49f5efa7fa0/transformed/analysis/instrumentation-dependencies.bin because:
[        ]   Build cache is disabled
[        ]   Caching not enabled.
[        ] Caching disabled for MergeInstrumentationAnalysisTransform: /root/.gradle/caches/modules-2/files-2.1/org.checkerframework/checker-qual/3.12.0/d5692f0526415fcc6de94bb5bfbd3afd9dd3b3e5/checker-qual-3.12.0.jar because:
[        ]   Build cache is disabled
[        ]   Caching not enabled.
[        ] Caching disabled for ExternalDependencyInstrumentingArtifactTransform: /root/.gradle/caches/8.14/transforms/a5754238107972e8bc7b95ab02a1ae0a/transformed/merge/instrumentation-dependencies.bin because:
[        ]   Build cache is disabled
[        ]   Caching not enabled.
[        ] Caching disabled for MergeInstrumentationAnalysisTransform: /root/.gradle/caches/modules-2/files-2.1/commons-codec/commons-codec/1.11/3acb4705652e16236558f0f4f2192cc33c3bd189/commons-codec-1.11.jar because:
[        ]   Build cache is disabled
[        ]   Caching not enabled.
[        ] Caching disabled for MergeInstrumentationAnalysisTransform: /root/.gradle/caches/8.14/transforms/be4910687f40d46fb3c663d42a789a6a/transformed/analysis/instrumentation-dependencies.bin because:
[        ]   Build cache is disabled
[        ]   Caching not enabled.
[        ] Caching disabled for MergeInstrumentationAnalysisTransform: /root/.gradle/caches/8.14/transforms/2d952aba5eede5fb4e1f256b2006639a/transformed/analysis/instrumentation-dependencies.bin because:
[        ]   Build cache is disabled
[        ]   Caching not enabled.
[        ] Caching disabled for MergeInstrumentationAnalysisTransform: /root/.gradle/caches/8.14/transforms/b4e207aa96e8d470c5c1c936134d8f4c/transformed/analysis/instrumentation-dependencies.bin because:
[        ]   Build cache is disabled
[        ]   Caching not enabled.
[        ] Caching disabled for MergeInstrumentationAnalysisTransform: /root/.gradle/caches/modules-2/files-2.1/io.netty/netty-codec-http2/4.1.72.Final/4b269e666fbace27d2c1efa57703e99b09655822/netty-codec-http2-4.1.72.Final.jar because:
[        ]   Build cache is disabled
[        ]   Caching not enabled.
[        ] Caching disabled for ExternalDependencyInstrumentingArtifactTransform: /root/.gradle/caches/8.14/transforms/b2c9a462c61c36b674c2f3a3a56aafb0/transformed/merge/instrumentation-dependencies.bin because:
[        ]   Build cache is disabled
[        ]   Caching not enabled.
[        ] Caching disabled for MergeInstrumentationAnalysisTransform: /root/.gradle/caches/modules-2/files-2.1/com.squareup/javawriter/2.5.0/81241ff7078ef14f42ea2a8995fa09c096256e6b/javawriter-2.5.0.jar because:
[        ]   Build cache is disabled
[        ]   Caching not enabled.
[        ] Caching disabled for MergeInstrumentationAnalysisTransform: /root/.gradle/caches/modules-2/files-2.1/com.google.guava/failureaccess/1.0.1/1dcf1de382a0bf95a3d8b0849546c88bac1292c9/failureaccess-1.0.1.jar because:
[        ]   Build cache is disabled
[        ]   Caching not enabled.
[        ] Caching disabled for MergeInstrumentationAnalysisTransform: /root/.gradle/caches/modules-2/files-2.1/com.google.guava/listenablefuture/9999.0-empty-to-avoid-conflict-with-guava/b421526c5f297295adef1c886e5246c39d4ac629/listenablefuture-9999.0-empty-to-avoid-conflict-with-guava.jar because:
[        ]   Build cache is disabled
[        ]   Caching not enabled.
[        ] Caching disabled for ExternalDependencyInstrumentingArtifactTransform: /root/.gradle/caches/8.14/transforms/5c3781643d9d9748db5ef9f4217b483c/transformed/merge/instrumentation-dependencies.bin because:
[        ]   Build cache is disabled
[        ]   Caching not enabled.
[        ] Caching disabled for MergeInstrumentationAnalysisTransform: /root/.gradle/caches/8.14/transforms/8e362c5f3c362fbc630f6643bca41639/transformed/analysis/instrumentation-hierarchy.bin because:
[        ]   Build cache is disabled
[        ]   Caching not enabled.
[        ] Caching disabled for MergeInstrumentationAnalysisTransform: /root/.gradle/caches/8.14/transforms/e9f9892790f994b7f50c4e7e25403e05/transformed/analysis/instrumentation-hierarchy.bin because:
[        ]   Build cache is disabled
[        ]   Caching not enabled.
[        ] Caching disabled for MergeInstrumentationAnalysisTransform: /root/.gradle/caches/8.14/transforms/b61fb44fc1d8321fadf92de7a61bc6d5/transformed/analysis/instrumentation-hierarchy.bin because:
[        ]   Build cache is disabled
[        ]   Caching not enabled.
[        ] Caching disabled for ExternalDependencyInstrumentingArtifactTransform: /root/.gradle/caches/modules-2/files-2.1/io.netty/netty-handler-proxy/4.1.72.Final/90de0fe610454d4296052ae36acb8a6a1d0333f1/netty-handler-proxy-4.1.72.Final.jar because:
[        ]   Build cache is disabled
[        ]   Caching not enabled.
[        ] Caching disabled for MergeInstrumentationAnalysisTransform: /root/.gradle/caches/modules-2/files-2.1/com.android.tools.build/apksig/8.0.2/dda491097f106bdd32f4c8e664a58d3ba650fba/apksig-8.0.2.jar because:
[        ]   Build cache is disabled
[        ]   Caching not enabled.
[        ] Caching disabled for MergeInstrumentationAnalysisTransform: /root/.gradle/caches/8.14/transforms/8e362c5f3c362fbc630f6643bca41639/transformed/analysis/instrumentation-dependencies.bin because:
[        ]   Build cache is disabled
[        ]   Caching not enabled.
[        ] Caching disabled for MergeInstrumentationAnalysisTransform: /root/.gradle/caches/8.14/transforms/b61fb44fc1d8321fadf92de7a61bc6d5/transformed/analysis/instrumentation-dependencies.bin because:
[        ]   Build cache is disabled
[        ]   Caching not enabled.
[        ] Caching disabled for ExternalDependencyInstrumentingArtifactTransform: /root/.gradle/caches/8.14/transforms/280e9d27d7871901471cc3a3d5ac6b3b/transformed/merge/instrumentation-dependencies.bin because:
[        ]   Build cache is disabled
[        ]   Caching not enabled.
[        ] Caching disabled for MergeInstrumentationAnalysisTransform: /root/.gradle/caches/modules-2/files-2.1/commons-logging/commons-logging/1.2/4bfc12adfe4842bf07b657f0369c4cb522955686/commons-logging-1.2.jar because:
[        ]   Build cache is disabled
[        ]   Caching not enabled.
[        ] Caching disabled for ExternalDependencyInstrumentingArtifactTransform: /root/.gradle/caches/modules-2/files-2.1/org.checkerframework/checker-qual/3.12.0/d5692f0526415fcc6de94bb5bfbd3afd9dd3b3e5/checker-qual-3.12.0.jar because:
[        ]   Build cache is disabled
[        ]   Caching not enabled.
[        ] Caching disabled for MergeInstrumentationAnalysisTransform: /root/.gradle/caches/8.14/transforms/7a70fb4d213a8fbd641b889c88117e06/transformed/analysis/instrumentation-dependencies.bin because:
[        ]   Build cache is disabled
[        ]   Caching not enabled.
[        ] Caching disabled for MergeInstrumentationAnalysisTransform: /root/.gradle/caches/modules-2/files-2.1/org.jetbrains.kotlin/kotlin-stdlib-common/1.7.10/bac80c520d0a9e3f3673bc2658c6ed02ef45a76a/kotlin-stdlib-common-1.7.10.jar because:
[        ]   Build cache is disabled
[        ]   Caching not enabled.
[        ] Caching disabled for MergeInstrumentationAnalysisTransform: /root/.gradle/caches/8.14/transforms/0b2fc128b45510be124b327a03e0acaf/transformed/analysis/instrumentation-hierarchy.bin because:
[        ]   Build cache is disabled
[        ]   Caching not enabled.
[        ] Caching disabled for MergeInstrumentationAnalysisTransform: /root/.gradle/caches/8.14/transforms/0b2fc128b45510be124b327a03e0acaf/transformed/analysis/instrumentation-dependencies.bin because:
[        ]   Build cache is disabled
[        ]   Caching not enabled.
[  +95 ms] Caching disabled for ExternalDependencyInstrumentingArtifactTransform: /root/.gradle/caches/modules-2/files-2.1/com.android.tools.build/apksig/8.0.2/dda491097f106bdd32f4c8e664a58d3ba650fba/apksig-8.0.2.jar because:
[        ]   Build cache is disabled
[        ]   Caching not enabled.
[        ] Caching disabled for MergeInstrumentationAnalysisTransform: /root/.gradle/caches/modules-2/files-2.1/io.netty/netty-codec-http/4.1.72.Final/a8f062d67303a5e4b2bc2ad48fb4fd8c99108e45/netty-codec-http-4.1.72.Final.jar because:
[        ]   Build cache is disabled
[        ]   Caching not enabled.
[        ] Caching disabled for ExternalDependencyInstrumentingArtifactTransform: /root/.gradle/caches/8.14/transforms/adb89ec364b61e92d528ed47a3f5286f/transformed/merge/instrumentation-dependencies.bin because:
[        ]   Build cache is disabled
[        ]   Caching not enabled.
[        ] Caching disabled for MergeInstrumentationAnalysisTransform: /root/.gradle/caches/8.14/transforms/05a37d88c697991b2cf0d42f64b2e713/transformed/analysis/instrumentation-hierarchy.bin because:
[        ]   Build cache is disabled
[        ]   Caching not enabled.
[        ] Caching disabled for MergeInstrumentationAnalysisTransform: /root/.gradle/caches/8.14/transforms/05a37d88c697991b2cf0d42f64b2e713/transformed/analysis/instrumentation-dependencies.bin because:
[        ]   Build cache is disabled
[        ]   Caching not enabled.
[        ] Caching disabled for MergeInstrumentationAnalysisTransform: /root/.gradle/caches/modules-2/files-2.1/io.netty/netty-handler/4.1.72.Final/9feee089fee606c64be90c0332db9aef1f7d8e46/netty-handler-4.1.72.Final.jar because:
[        ]   Build cache is disabled
[        ]   Caching not enabled.
[        ] Caching disabled for ExternalDependencyInstrumentingArtifactTransform: /root/.gradle/caches/8.14/transforms/ac69cf96eba66a8271cc4c07229afe68/transformed/merge/instrumentation-dependencies.bin because:
[        ]   Build cache is disabled
[        ]   Caching not enabled.
[        ] Caching disabled for ExternalDependencyInstrumentingArtifactTransform: /root/.gradle/caches/modules-2/files-2.1/io.netty/netty-handler/4.1.72.Final/9feee089fee606c64be90c0332db9aef1f7d8e46/netty-handler-4.1.72.Final.jar because:
[        ]   Build cache is disabled
[        ]   Caching not enabled.
[        ] Caching disabled for ExternalDependencyInstrumentingArtifactTransform: /root/.gradle/caches/modules-2/files-2.1/io.netty/netty-codec-http/4.1.72.Final/a8f062d67303a5e4b2bc2ad48fb4fd8c99108e45/netty-codec-http-4.1.72.Final.jar because:
[        ]   Build cache is disabled
[        ]   Caching not enabled.
[        ] Caching disabled for MergeInstrumentationAnalysisTransform: /root/.gradle/caches/8.14/transforms/a9144774249ea4154c7dd917f71c8402/transformed/analysis/instrumentation-hierarchy.bin because:
[        ]   Build cache is disabled
[        ]   Caching not enabled.
[        ] Caching disabled for MergeInstrumentationAnalysisTransform: /root/.gradle/caches/8.14/transforms/5fdfb420204ad7ed29c5fb2a74879053/transformed/analysis/instrumentation-hierarchy.bin because:
[        ]   Build cache is disabled
[        ]   Caching not enabled.
[        ] Caching disabled for MergeInstrumentationAnalysisTransform: /root/.gradle/caches/8.14/transforms/a9144774249ea4154c7dd917f71c8402/transformed/analysis/instrumentation-dependencies.bin because:
[        ]   Build cache is disabled
[        ]   Caching not enabled.
[        ] Caching disabled for MergeInstrumentationAnalysisTransform: /root/.gradle/caches/8.14/transforms/5fdfb420204ad7ed29c5fb2a74879053/transformed/analysis/instrumentation-dependencies.bin because:
[        ]   Build cache is disabled
[        ]   Caching not enabled.
[        ] Caching disabled for MergeInstrumentationAnalysisTransform: /root/.gradle/caches/modules-2/files-2.1/io.netty/netty-codec-socks/4.1.72.Final/d3bc427b6e2dc4bb6dc9d18d1cc47f8530970a8b/netty-codec-socks-4.1.72.Final.jar because:
[        ]   Build cache is disabled
[        ]   Caching not enabled.
[        ] Caching disabled for MergeInstrumentationAnalysisTransform: /root/.gradle/caches/8.14/transforms/e9f9892790f994b7f50c4e7e25403e05/transformed/analysis/instrumentation-dependencies.bin because:
[        ]   Build cache is disabled
[        ]   Caching not enabled.
[        ] Caching disabled for MergeInstrumentationAnalysisTransform: /root/.gradle/caches/modules-2/files-2.1/io.netty/netty-codec/4.1.72.Final/613c4019d687db4e9a5532564e442f83c4474ed7/netty-codec-4.1.72.Final.jar because:
[        ]   Build cache is disabled
[        ]   Caching not enabled.
[        ] Caching disabled for ExternalDependencyInstrumentingArtifactTransform: /root/.gradle/caches/modules-2/files-2.1/com.google.guava/guava/31.0.1-jre/119ea2b2bc205b138974d351777b20f02b92704b/guava-31.0.1-jre.jar because:
[        ]   Build cache is disabled
[        ]   Caching not enabled.
[        ] Caching disabled for ExternalDependencyInstrumentingArtifactTransform: /root/.gradle/caches/8.14/transforms/ec370b85e87dabd2c941ca89cf7191e9/transformed/merge/instrumentation-dependencies.bin because:
[        ]   Build cache is disabled
[        ]   Caching not enabled.
[        ] Caching disabled for ExternalDependencyInstrumentingArtifactTransform: /root/.gradle/caches/8.14/transforms/73e8aacbe4db02a01f36f1a4c5e24179/transformed/merge/instrumentation-dependencies.bin because:
[        ]   Build cache is disabled
[        ]   Caching not enabled.
[        ] Caching disabled for MergeInstrumentationAnalysisTransform: /root/.gradle/caches/modules-2/files-2.1/xml-apis/xml-apis/1.4.01/3789d9fada2d3d458c4ba2de349d48780f381ee3/xml-apis-1.4.01.jar because:
[        ]   Build cache is disabled
[        ]   Caching not enabled.
[        ] Caching disabled for MergeInstrumentationAnalysisTransform: /root/.gradle/caches/8.14/transforms/d5df5425c17b12890d4ce6bf8582a029/transformed/analysis/instrumentation-hierarchy.bin because:
[        ]   Build cache is disabled
[        ]   Caching not enabled.
[        ] Caching disabled for MergeInstrumentationAnalysisTransform: /root/.gradle/caches/8.14/transforms/ce9abbde795f83cb2305533bb38b4149/transformed/analysis/instrumentation-hierarchy.bin because:
[        ]   Build cache is disabled
[        ]   Caching not enabled.
[        ] Caching disabled for MergeInstrumentationAnalysisTransform: /root/.gradle/caches/8.14/transforms/d5df5425c17b12890d4ce6bf8582a029/transformed/analysis/instrumentation-dependencies.bin because:
[        ]   Build cache is disabled
[        ]   Caching not enabled.
[        ] Caching disabled for MergeInstrumentationAnalysisTransform: /root/.gradle/caches/8.14/transforms/ce9abbde795f83cb2305533bb38b4149/transformed/analysis/instrumentation-dependencies.bin because:
[        ]   Build cache is disabled
[        ]   Caching not enabled.
[        ] Caching disabled for MergeInstrumentationAnalysisTransform: /root/.gradle/caches/modules-2/files-2.1/io.netty/netty-buffer/4.1.72.Final/f306eec3f79541f9b8af9c471a0d5b63b7996272/netty-buffer-4.1.72.Final.jar because:
[        ]   Build cache is disabled
[        ]   Caching not enabled.
[        ] Caching disabled for MergeInstrumentationAnalysisTransform: /root/.gradle/caches/modules-2/files-2.1/io.netty/netty-transport/4.1.72.Final/99138b436a584879355aca8fe3c64b46227d5d79/netty-transport-4.1.72.Final.jar because:
[        ]   Build cache is disabled
[        ]   Caching not enabled.
[        ] Caching disabled for ExternalDependencyInstrumentingArtifactTransform: /root/.gradle/caches/8.14/transforms/7e1e777ea047c02a25dcd6e4c6f58b54/transformed/merge/instrumentation-dependencies.bin because:
[   +6 ms]   Build cache is disabled
[        ]   Caching not enabled.
[        ] Caching disabled for ExternalDependencyInstrumentingArtifactTransform: /root/.gradle/caches/8.14/transforms/43773d64e34509ed26134a2bd43ddfbc/transformed/merge/instrumentation-dependencies.bin because:
[        ]   Build cache is disabled
[        ]   Caching not enabled.
[        ] Caching disabled for ExternalDependencyInstrumentingArtifactTransform: /root/.gradle/caches/modules-2/files-2.1/io.netty/netty-codec-socks/4.1.72.Final/d3bc427b6e2dc4bb6dc9d18d1cc47f8530970a8b/netty-codec-socks-4.1.72.Final.jar because:
[        ]   Build cache is disabled
[        ]   Caching not enabled.
[        ] Caching disabled for MergeInstrumentationAnalysisTransform: /root/.gradle/caches/8.14/transforms/178d0f0a6e901b878c7025e14ea4329e/transformed/analysis/instrumentation-hierarchy.bin because:
[        ]   Build cache is disabled
[        ]   Caching not enabled.
[        ] Caching disabled for MergeInstrumentationAnalysisTransform: /root/.gradle/caches/8.14/transforms/178d0f0a6e901b878c7025e14ea4329e/transformed/analysis/instrumentation-dependencies.bin because:
[        ]   Build cache is disabled
[        ]   Caching not enabled.
[        ] Caching disabled for MergeInstrumentationAnalysisTransform: /root/.gradle/caches/modules-2/files-2.1/io.netty/netty-resolver/4.1.72.Final/4ff458458ea32ed1156086820b624a815fcbf2c0/netty-resolver-4.1.72.Final.jar because:
[        ]   Build cache is disabled
[        ]   Caching not enabled.
[        ] Caching disabled for ExternalDependencyInstrumentingArtifactTransform: /root/.gradle/caches/8.14/transforms/f6af730d24d27b5998cf14edc65fcf0b/transformed/merge/instrumentation-dependencies.bin because:
[        ]   Build cache is disabled
[        ]   Caching not enabled.
[        ] Caching disabled for ExternalDependencyInstrumentingArtifactTransform: /root/.gradle/caches/modules-2/files-2.1/io.netty/netty-resolver/4.1.72.Final/4ff458458ea32ed1156086820b624a815fcbf2c0/netty-resolver-4.1.72.Final.jar because:
[        ]   Build cache is disabled
[        ]   Caching not enabled.
[  +88 ms] Caching disabled for ExternalDependencyInstrumentingArtifactTransform: /root/.gradle/caches/modules-2/files-2.1/io.netty/netty-codec/4.1.72.Final/613c4019d687db4e9a5532564e442f83c4474ed7/netty-codec-4.1.72.Final.jar because:
[        ]   Build cache is disabled
[        ]   Caching not enabled.
[        ] Caching disabled for MergeInstrumentationAnalysisTransform: /root/.gradle/caches/8.14/transforms/c655fc02f5f2f44dd0b0cd2f42396d5d/transformed/analysis/instrumentation-hierarchy.bin because:
[        ]   Build cache is disabled
[        ]   Caching not enabled.
[        ] Caching disabled for MergeInstrumentationAnalysisTransform: /root/.gradle/caches/8.14/transforms/c655fc02f5f2f44dd0b0cd2f42396d5d/transformed/analysis/instrumentation-dependencies.bin because:
[        ]   Build cache is disabled
[        ]   Caching not enabled.
[        ] Caching disabled for MergeInstrumentationAnalysisTransform: /root/.gradle/caches/8.14/transforms/4e5c4b669bf612b72faa5c82bd8b026c/transformed/analysis/instrumentation-hierarchy.bin because:
[        ]   Build cache is disabled
[        ]   Caching not enabled.
[        ] Caching disabled for MergeInstrumentationAnalysisTransform: /root/.gradle/caches/8.14/transforms/4e5c4b669bf612b72faa5c82bd8b026c/transformed/analysis/instrumentation-dependencies.bin because:
[        ]   Build cache is disabled
[        ]   Caching not enabled.
[        ] Caching disabled for MergeInstrumentationAnalysisTransform: /root/.gradle/caches/modules-2/files-2.1/io.netty/netty-common/4.1.72.Final/a55bac9c3af5f59828207b551a96ac19bbfc341e/netty-common-4.1.72.Final.jar because:
[        ]   Build cache is disabled
[        ]   Caching not enabled.
[        ] Caching disabled for MergeInstrumentationAnalysisTransform: /root/.gradle/caches/modules-2/files-2.1/io.netty/netty-tcnative-classes/2.0.46.Final/9937a832d9c19861822d345b48ced388b645aa5f/netty-tcnative-classes-2.0.46.Final.jar because:
[        ]   Build cache is disabled
[        ]   Caching not enabled.
[        ] Caching disabled for ExternalDependencyInstrumentingArtifactTransform: /root/.gradle/caches/8.14/transforms/276b7b02e7b5f7ed2532933d4b26b781/transformed/merge/instrumentation-dependencies.bin because:
[        ]   Build cache is disabled
[        ]   Caching not enabled.
[        ] Caching disabled for ExternalDependencyInstrumentingArtifactTransform: /root/.gradle/caches/8.14/transforms/5a8f1545c7d53c3c89010b4948c48281/transformed/merge/instrumentation-dependencies.bin because:
[        ]   Build cache is disabled
[        ]   Caching not enabled.
[        ] Caching disabled for ExternalDependencyInstrumentingArtifactTransform: /root/.gradle/caches/modules-2/files-2.1/io.netty/netty-buffer/4.1.72.Final/f306eec3f79541f9b8af9c471a0d5b63b7996272/netty-buffer-4.1.72.Final.jar because:
[        ]   Build cache is disabled
[        ]   Caching not enabled.
[        ] Caching disabled for ExternalDependencyInstrumentingArtifactTransform: /root/.gradle/caches/modules-2/files-2.1/io.netty/netty-transport/4.1.72.Final/99138b436a584879355aca8fe3c64b46227d5d79/netty-transport-4.1.72.Final.jar because:
[        ]   Build cache is disabled
[        ]   Caching not enabled.
[        ] Caching disabled for ExternalDependencyInstrumentingArtifactTransform: /root/.gradle/caches/modules-2/files-2.1/io.netty/netty-tcnative-classes/2.0.46.Final/9937a832d9c19861822d345b48ced388b645aa5f/netty-tcnative-classes-2.0.46.Final.jar because:
[        ]   Build cache is disabled
[        ]   Caching not enabled.
[        ] Caching disabled for ExternalDependencyInstrumentingArtifactTransform: /root/.gradle/caches/modules-2/files-2.1/io.netty/netty-common/4.1.72.Final/a55bac9c3af5f59828207b551a96ac19bbfc341e/netty-common-4.1.72.Final.jar because:
[        ]   Build cache is disabled
[        ]   Caching not enabled.
[ +195 ms] Caching disabled for ExternalDependencyInstrumentingArtifactTransform: /root/.gradle/caches/modules-2/files-2.1/com.android.tools.build/builder/8.0.2/c4593dc89c1d43aef054ca0d43f9a686d1be02a4/builder-8.0.2.jar because:
[        ]   Build cache is disabled
[        ]   Caching not enabled.
[        ] Caching disabled for ExternalDependencyInstrumentingArtifactTransform: /root/.gradle/caches/modules-2/files-2.1/io.netty/netty-codec-http2/4.1.72.Final/4b269e666fbace27d2c1efa57703e99b09655822/netty-codec-http2-4.1.72.Final.jar because:
[        ]   Build cache is disabled
[        ]   Caching not enabled.
[        ] Caching disabled for ExternalDependencyInstrumentingArtifactTransform: /root/.gradle/caches/modules-2/files-2.1/com.android.tools.analytics-library/protos/31.0.2/1a391ebfcfc6b3fbd249f12f58bd301c3f13855f/protos-31.0.2.jar because:
[        ]   Build cache is disabled
[        ]   Caching not enabled.
[        ] Caching disabled for MergeInstrumentationAnalysisTransform: /root/.gradle/caches/8.14/transforms/953a5260ca21b03c44ccb42c411f0190/transformed/analysis/instrumentation-hierarchy.bin because:
[        ]   Build cache is disabled
[        ]   Caching not enabled.
[        ] Caching disabled for MergeInstrumentationAnalysisTransform: /root/.gradle/caches/8.14/transforms/953a5260ca21b03c44ccb42c411f0190/transformed/analysis/instrumentation-dependencies.bin because:
[        ]   Build cache is disabled
[        ]   Caching not enabled.
[        ] Caching disabled for MergeInstrumentationAnalysisTransform: /root/.gradle/caches/modules-2/files-2.1/io.grpc/grpc-context/1.45.1/485a08c019cc78914a477b1dfc7052820b8d822c/grpc-context-1.45.1.jar because:
[        ]   Build cache is disabled
[        ]   Caching not enabled.
[        ] Caching disabled for ExternalDependencyInstrumentingArtifactTransform: /root/.gradle/caches/8.14/transforms/dd62d30ebcdab19878fd009308a512c1/transformed/merge/instrumentation-dependencies.bin because:
[        ]   Build cache is disabled
[        ]   Caching not enabled.
[        ] Caching disabled for ExternalDependencyInstrumentingArtifactTransform: /root/.gradle/caches/modules-2/files-2.1/io.grpc/grpc-context/1.45.1/485a08c019cc78914a477b1dfc7052820b8d822c/grpc-context-1.45.1.jar because:
[        ]   Build cache is disabled
[        ]   Caching not enabled.
[  +99 ms] Caching disabled for MergeInstrumentationAnalysisTransform: /root/.gradle/caches/modules-2/files-2.1/net.java.dev.jna/jna/5.6.0/330f2244e9030119ab3030fc3fededc86713d9cc/jna-5.6.0.jar because:
[        ]   Build cache is disabled
[        ]   Caching not enabled.
[        ] Caching disabled for ExternalDependencyInstrumentingArtifactTransform: /root/.gradle/caches/modules-2/files-2.1/com.android.tools.build/gradle/8.0.2/5ca111c1d40e29d3c661a0805f4754c56938d010/gradle-8.0.2.jar because:
[        ]   Build cache is disabled
[        ]   Caching not enabled.
[ +199 ms] Caching disabled for ExternalDependencyInstrumentingArtifactTransform: /root/.gradle/caches/modules-2/files-2.1/com.android.tools.build/bundletool/1.13.2/798e2bed735e55d91270aa363d2817a05c49b022/bundletool-1.13.2.jar because:
[        ]   Build cache is disabled
[        ]   Caching not enabled.
[ +899 ms] Caching disabled for Groovy DSL script compilation (proj) because:
[        ]   Build cache is disabled
[        ]   Not worth caching.
[        ] Compiling build file '/root/.pub-cache/hosted/pub.dev/geolocator_android-4.6.2/android/build.gradle' using BuildScriptTransformer.
[        ] Using default execution profile
[ +299 ms] > Configure project :image_picker_android
[        ] Evaluating project ':image_picker_android' using build file '/root/.pub-cache/hosted/pub.dev/image_picker_android-0.8.13+13/android/build.gradle'.
[        ] Caching disabled for Groovy DSL script compilation (cp_proj) because:
[        ]   Build cache is disabled
[        ]   Not worth caching.
[        ] Compiling build file '/root/.pub-cache/hosted/pub.dev/image_picker_android-0.8.13+13/android/build.gradle' using SubsetScriptTransformer.
[        ] Caching disabled for Groovy DSL script compilation (proj) because:
[        ]   Build cache is disabled
[        ]   Not worth caching.
[        ] Compiling build file '/root/.pub-cache/hosted/pub.dev/image_picker_android-0.8.13+13/android/build.gradle' using BuildScriptTransformer.
[        ] Using default execution profile
[+1999 ms] > Configure project :livekit_client
[        ] Evaluating project ':livekit_client' using build file '/root/.pub-cache/hosted/pub.dev/livekit_client-2.6.2/android/build.gradle'.
[        ] Caching disabled for Groovy DSL script compilation (cp_proj) because:
[        ]   Build cache is disabled
[        ]   Not worth caching.
[        ] Compiling build file '/root/.pub-cache/hosted/pub.dev/livekit_client-2.6.2/android/build.gradle' using SubsetScriptTransformer.
[        ] Resource missing. [HTTP GET: https://dl.google.com/dl/android/maven2/org/jetbrains/kotlin/kotlin-gradle-plugin/1.8.22/kotlin-gradle-plugin-1.8.22.pom]
[        ] Downloading https://dl.google.com/dl/android/maven2/com/android/tools/build/gradle/8.1.0/gradle-8.1.0.pom to /root/.gradle/.tmp/gradle_download987815736703841131bin
[        ] Downloading https://repo.maven.apache.org/maven2/org/jetbrains/kotlin/kotlin-gradle-plugin/1.8.22/kotlin-gradle-plugin-1.8.22.pom to /root/.gradle/.tmp/gradle_download16719964798068317846bin
[        ] Resource missing. [HTTP GET: https://dl.google.com/dl/android/maven2/org/jetbrains/kotlin/kotlin-gradle-plugins-bom/1.8.22/kotlin-gradle-plugins-bom-1.8.22.pom]
[        ] Downloading https://repo.maven.apache.org/maven2/org/jetbrains/kotlin/kotlin-gradle-plugins-bom/1.8.22/kotlin-gradle-plugins-bom-1.8.22.pom to /root/.gradle/.tmp/gradle_download13024508051056287370bin
[        ] Downloading https://dl.google.com/dl/android/maven2/com/android/tools/build/gradle/8.1.0/gradle-8.1.0.module to /root/.gradle/.tmp/gradle_download2790018419429923340bin
[        ] Downloading https://repo.maven.apache.org/maven2/org/jetbrains/kotlin/kotlin-gradle-plugins-bom/1.8.22/kotlin-gradle-plugins-bom-1.8.22.module to /root/.gradle/.tmp/gradle_download1144168533535796207bin
[        ] Downloading https://repo.maven.apache.org/maven2/org/jetbrains/kotlin/kotlin-gradle-plugin/1.8.22/kotlin-gradle-plugin-1.8.22.module to /root/.gradle/.tmp/gradle_download17367390422455487100bin
[        ] Downloading https://dl.google.com/dl/android/maven2/com/android/tools/build/aapt2-proto/8.1.0-10154469/aapt2-proto-8.1.0-10154469.pom to /root/.gradle/.tmp/gradle_download4651099006539400676bin
[        ] Downloading https://dl.google.com/dl/android/maven2/com/android/tools/ddms/ddmlib/31.1.0/ddmlib-31.1.0.pom to /root/.gradle/.tmp/gradle_download15105872087962623093bin
[        ] Downloading https://dl.google.com/dl/android/maven2/com/android/tools/sdklib/31.1.0/sdklib-31.1.0.pom to /root/.gradle/.tmp/gradle_download14515363802796124232bin
[        ] Downloading https://dl.google.com/dl/android/maven2/com/android/tools/lint/lint-model/31.1.0/lint-model-31.1.0.pom to /root/.gradle/.tmp/gradle_download1738815077928003882bin
[        ] Downloading https://dl.google.com/dl/android/maven2/com/android/tools/build/aaptcompiler/8.1.0/aaptcompiler-8.1.0.pom to /root/.gradle/.tmp/gradle_download11967059284384547690bin
[        ] Downloading https://dl.google.com/dl/android/maven2/com/android/tools/lint/lint-typedef-remover/31.1.0/lint-typedef-remover-31.1.0.pom to /root/.gradle/.tmp/gradle_download936415104853180854bin
[        ] Downloading https://dl.google.com/dl/android/maven2/androidx/databinding/databinding-compiler-common/8.1.0/databinding-compiler-common-8.1.0.pom to /root/.gradle/.tmp/gradle_download3816538100171045160bin
[        ] Downloading https://dl.google.com/dl/android/maven2/com/android/tools/analytics-library/crash/31.1.0/crash-31.1.0.pom to /root/.gradle/.tmp/gradle_download8921751779731537025bin
[        ] Downloading https://dl.google.com/dl/android/maven2/com/android/tools/sdk-common/31.1.0/sdk-common-31.1.0.pom to /root/.gradle/.tmp/gradle_download5924215964312729356bin
[        ] Downloading https://dl.google.com/dl/android/maven2/com/android/tools/build/gradle-settings-api/8.1.0/gradle-settings-api-8.1.0.pom to /root/.gradle/.tmp/gradle_download3333834961471211470bin
[        ] Downloading https://dl.google.com/dl/android/maven2/com/android/tools/repository/31.1.0/repository-31.1.0.pom to /root/.gradle/.tmp/gradle_download15877366357438295120bin
[        ] Downloading https://dl.google.com/dl/android/maven2/com/android/tools/analytics-library/shared/31.1.0/shared-31.1.0.pom to /root/.gradle/.tmp/gradle_download5883021158349106933bin
[        ] Downloading https://dl.google.com/dl/android/maven2/com/android/tools/build/aapt2-proto/8.1.0-10154469/aapt2-proto-8.1.0-10154469.module to /root/.gradle/.tmp/gradle_download18074173273134527594bin
[        ] Downloading https://dl.google.com/dl/android/maven2/androidx/databinding/databinding-common/8.1.0/databinding-common-8.1.0.pom to /root/.gradle/.tmp/gradle_download999270481684656886bin
[        ] Downloading https://dl.google.com/dl/android/maven2/com/android/tools/utp/android-device-provider-gradle-proto/31.1.0/android-device-provider-gradle-proto-31.1.0.pom to /root/.gradle/.tmp/gradle_download13410404453253968646bin
[        ] Downloading https://dl.google.com/dl/android/maven2/com/android/tools/build/gradle-settings-api/8.1.0/gradle-settings-api-8.1.0.module to /root/.gradle/.tmp/gradle_download17173998814637632102bin
[        ] Downloading https://dl.google.com/dl/android/maven2/com/android/tools/utp/android-test-plugin-host-emulator-control-proto/31.1.0/android-test-plugin-host-emulator-control-proto-31.1.0.pom to /root/.gradle/.tmp/gradle_download5456710348472086390bin
[        ] Downloading https://dl.google.com/dl/android/maven2/com/android/tools/build/builder-test-api/8.1.0/builder-test-api-8.1.0.pom to /root/.gradle/.tmp/gradle_download7546780899300602040bin
[        ] Downloading https://dl.google.com/dl/android/maven2/com/android/tools/utp/android-device-provider-ddmlib-proto/31.1.0/android-device-provider-ddmlib-proto-31.1.0.pom to /root/.gradle/.tmp/gradle_download13031117185956517928bin
[        ] Downloading https://dl.google.com/dl/android/maven2/com/android/databinding/baseLibrary/8.1.0/baseLibrary-8.1.0.pom to /root/.gradle/.tmp/gradle_download4934323506011701406bin
[        ] Downloading https://dl.google.com/dl/android/maven2/com/android/tools/layoutlib/layoutlib-api/31.1.0/layoutlib-api-31.1.0.pom to /root/.gradle/.tmp/gradle_download16391389414193997332bin
[        ] Downloading https://dl.google.com/dl/android/maven2/com/android/tools/utp/android-test-plugin-host-logcat-proto/31.1.0/android-test-plugin-host-logcat-proto-31.1.0.pom to /root/.gradle/.tmp/gradle_download6517731799472735427bin
[  +98 ms] Downloading https://dl.google.com/dl/android/maven2/com/android/tools/utp/android-test-plugin-host-additional-test-output-proto/31.1.0/android-test-plugin-host-additional-test-output-proto-31.1.0.pom to /root/.gradle/.tmp/gradle_download16937161393482871509bin
[        ] Downloading https://dl.google.com/dl/android/maven2/com/android/tools/utp/android-test-plugin-host-apk-installer-proto/31.1.0/android-test-plugin-host-apk-installer-proto-31.1.0.pom to /root/.gradle/.tmp/gradle_download1566832741600142706bin
[        ] Downloading https://dl.google.com/dl/android/maven2/com/android/tools/utp/android-test-plugin-host-coverage-proto/31.1.0/android-test-plugin-host-coverage-proto-31.1.0.pom to /root/.gradle/.tmp/gradle_download4589584726891720965bin
[        ] Downloading https://dl.google.com/dl/android/maven2/com/android/tools/build/aaptcompiler/8.1.0/aaptcompiler-8.1.0.module to /root/.gradle/.tmp/gradle_download2379515524967280855bin
[ +199 ms] Resource missing. [HTTP GET: https://dl.google.com/dl/android/maven2/org/jetbrains/kotlin/kotlin-stdlib-jdk8/1.8.20-RC2/kotlin-stdlib-jdk8-1.8.20-RC2.pom]
[        ] Downloading https://dl.google.com/dl/android/maven2/com/android/tools/build/bundletool/1.14.0/bundletool-1.14.0.pom to /root/.gradle/.tmp/gradle_download12546238913263501920bin
[        ] Downloading https://dl.google.com/dl/android/maven2/com/android/tools/utp/android-test-plugin-host-retention-proto/31.1.0/android-test-plugin-host-retention-proto-31.1.0.pom to /root/.gradle/.tmp/gradle_download6464859328661855277bin
[        ] Downloading https://dl.google.com/dl/android/maven2/com/android/tools/utp/android-test-plugin-result-listener-gradle-proto/31.1.0/android-test-plugin-result-listener-gradle-proto-31.1.0.pom to /root/.gradle/.tmp/gradle_download3593553325913725430bin
[        ] Downloading https://dl.google.com/dl/android/maven2/com/android/tools/build/builder/8.1.0/builder-8.1.0.pom to /root/.gradle/.tmp/gradle_download15243964501903180373bin
[        ] Downloading https://dl.google.com/dl/android/maven2/com/android/tools/build/gradle-api/8.1.0/gradle-api-8.1.0.pom to /root/.gradle/.tmp/gradle_download18199061739332117491bin
[        ] Downloading https://repo.maven.apache.org/maven2/org/jetbrains/kotlin/kotlin-stdlib-jdk8/1.8.20-RC2/kotlin-stdlib-jdk8-1.8.20-RC2.pom to /root/.gradle/.tmp/gradle_download4747093650540404404bin
[ +299 ms] Downloading https://dl.google.com/dl/android/maven2/com/android/tools/build/builder-model/8.1.0/builder-model-8.1.0.pom to /root/.gradle/.tmp/gradle_download13215361463399922402bin
[        ] Downloading https://dl.google.com/dl/android/maven2/com/android/tools/build/builder-test-api/8.1.0/builder-test-api-8.1.0.module to /root/.gradle/.tmp/gradle_download6864104358384262332bin
[  +99 ms] Downloading https://dl.google.com/dl/android/maven2/com/android/tools/build/builder/8.1.0/builder-8.1.0.module to /root/.gradle/.tmp/gradle_download15949959154664303395bin
[        ] Downloading https://dl.google.com/dl/android/maven2/com/android/tools/build/gradle-api/8.1.0/gradle-api-8.1.0.module to /root/.gradle/.tmp/gradle_download1405483058111796355bin
[ +100 ms] Downloading https://dl.google.com/dl/android/maven2/com/android/tools/build/builder-model/8.1.0/builder-model-8.1.0.module to /root/.gradle/.tmp/gradle_download9196139248955585352bin
[  +99 ms] Resource missing. [HTTP GET: https://dl.google.com/dl/android/maven2/org/jetbrains/kotlin/kotlin-project-model/1.8.22/kotlin-project-model-1.8.22.pom]
[        ] Downloading https://repo.maven.apache.org/maven2/org/jetbrains/kotlin/kotlin-project-model/1.8.22/kotlin-project-model-1.8.22.pom to /root/.gradle/.tmp/gradle_download2434683808427269045bin
[  +99 ms] Resource missing. [HTTP GET: https://dl.google.com/dl/android/maven2/org/jetbrains/kotlin/kotlin-android-extensions/1.8.22/kotlin-android-extensions-1.8.22.pom]
[        ] Resource missing. [HTTP GET: https://dl.google.com/dl/android/maven2/org/jetbrains/kotlin/kotlin-compiler-embeddable/1.8.22/kotlin-compiler-embeddable-1.8.22.pom]
[        ] Resource missing. [HTTP GET: https://dl.google.com/dl/android/maven2/org/jetbrains/kotlin/kotlin-tooling-core/1.8.22/kotlin-tooling-core-1.8.22.pom]
[        ] Resource missing. [HTTP GET: https://dl.google.com/dl/android/maven2/org/jetbrains/kotlin/kotlin-klib-commonizer-api/1.8.22/kotlin-klib-commonizer-api-1.8.22.pom]
[        ] Resource missing. [HTTP GET: https://dl.google.com/dl/android/maven2/org/jetbrains/kotlin/kotlin-gradle-plugin-api/1.8.22/kotlin-gradle-plugin-api-1.8.22.pom]
[        ] Downloading https://repo.maven.apache.org/maven2/org/jetbrains/kotlin/kotlin-android-extensions/1.8.22/kotlin-android-extensions-1.8.22.pom to /root/.gradle/.tmp/gradle_download17287249221349029763bin
[        ] Resource missing. [HTTP GET: https://dl.google.com/dl/android/maven2/org/jetbrains/kotlin/kotlin-gradle-plugin-idea/1.8.22/kotlin-gradle-plugin-idea-1.8.22.pom]
[        ] Downloading https://repo.maven.apache.org/maven2/org/jetbrains/kotlin/kotlin-tooling-core/1.8.22/kotlin-tooling-core-1.8.22.pom to /root/.gradle/.tmp/gradle_download10750368327868998400bin
[        ] Downloading https://repo.maven.apache.org/maven2/org/jetbrains/kotlin/kotlin-compiler-embeddable/1.8.22/kotlin-compiler-embeddable-1.8.22.pom to /root/.gradle/.tmp/gradle_download8086760270011282286bin
[        ] Downloading https://repo.maven.apache.org/maven2/org/jetbrains/kotlin/kotlin-klib-commonizer-api/1.8.22/kotlin-klib-commonizer-api-1.8.22.pom to /root/.gradle/.tmp/gradle_download6669655071186542348bin
[        ] Downloading https://repo.maven.apache.org/maven2/org/jetbrains/kotlin/kotlin-gradle-plugin-api/1.8.22/kotlin-gradle-plugin-api-1.8.22.pom to /root/.gradle/.tmp/gradle_download6628489908346450340bin
[        ] Downloading https://repo.maven.apache.org/maven2/org/jetbrains/kotlin/kotlin-gradle-plugin-idea/1.8.22/kotlin-gradle-plugin-idea-1.8.22.pom to /root/.gradle/.tmp/gradle_download15986599671491670520bin
[        ] Downloading https://repo.maven.apache.org/maven2/org/jetbrains/kotlin/kotlin-gradle-plugin-api/1.8.22/kotlin-gradle-plugin-api-1.8.22.module to /root/.gradle/.tmp/gradle_download5609577124074882196bin
[        ] Downloading https://repo.maven.apache.org/maven2/org/jetbrains/kotlin/kotlin-gradle-plugin-idea/1.8.22/kotlin-gradle-plugin-idea-1.8.22.module to /root/.gradle/.tmp/gradle_download5802795639574654049bin
[  +99 ms] Resource missing. [HTTP GET: https://dl.google.com/dl/android/maven2/org/jetbrains/kotlin/kotlin-gradle-plugin-idea-proto/1.8.22/kotlin-gradle-plugin-idea-proto-1.8.22.pom]
[        ] Downloading https://repo.maven.apache.org/maven2/org/jetbrains/kotlin/kotlin-gradle-plugin-idea-proto/1.8.22/kotlin-gradle-plugin-idea-proto-1.8.22.pom to /root/.gradle/.tmp/gradle_download3317095284850030184bin
[  +99 ms] Resource missing. [HTTP GET: https://dl.google.com/dl/android/maven2/org/jetbrains/kotlin/kotlin-annotation-processing-gradle/1.8.22/kotlin-annotation-processing-gradle-1.8.22.pom]
[        ] Resource missing. [HTTP GET: https://dl.google.com/dl/android/maven2/org/jetbrains/kotlin/kotlin-util-klib/1.8.22/kotlin-util-klib-1.8.22.pom]
[  +99 ms] Downloading https://repo.maven.apache.org/maven2/org/jetbrains/kotlin/kotlin-annotation-processing-gradle/1.8.22/kotlin-annotation-processing-gradle-1.8.22.pom to /root/.gradle/.tmp/gradle_download9450238731192701383bin
[        ] Downloading https://repo.maven.apache.org/maven2/org/jetbrains/kotlin/kotlin-util-klib/1.8.22/kotlin-util-klib-1.8.22.pom to /root/.gradle/.tmp/gradle_download1815618235319526496bin
[        ] Resource missing. [HTTP GET: https://dl.google.com/dl/android/maven2/org/jetbrains/kotlin/kotlin-gradle-plugin-model/1.8.22/kotlin-gradle-plugin-model-1.8.22.pom]
[ +100 ms] Downloading https://repo.maven.apache.org/maven2/org/jetbrains/kotlin/kotlin-gradle-plugin-model/1.8.22/kotlin-gradle-plugin-model-1.8.22.pom to /root/.gradle/.tmp/gradle_download16443697011150617363bin
[        ] Downloading https://repo.maven.apache.org/maven2/org/jetbrains/kotlin/kotlin-gradle-plugin-model/1.8.22/kotlin-gradle-plugin-model-1.8.22.module to /root/.gradle/.tmp/gradle_download2777331994395993421bin
[  +99 ms] Resource missing. [HTTP GET: https://dl.google.com/dl/android/maven2/org/jetbrains/kotlin/kotlin-scripting-compiler-embeddable/1.8.22/kotlin-scripting-compiler-embeddable-1.8.22.pom]
[        ] Downloading https://repo.maven.apache.org/maven2/org/jetbrains/kotlin/kotlin-scripting-compiler-embeddable/1.8.22/kotlin-scripting-compiler-embeddable-1.8.22.pom to /root/.gradle/.tmp/gradle_download16918417524732269157bin
[        ] Resource missing. [HTTP GET: https://dl.google.com/dl/android/maven2/org/jetbrains/kotlin/kotlin-compiler-runner/1.8.22/kotlin-compiler-runner-1.8.22.pom]
[  +99 ms] Downloading https://repo.maven.apache.org/maven2/org/jetbrains/kotlin/kotlin-compiler-runner/1.8.22/kotlin-compiler-runner-1.8.22.pom to /root/.gradle/.tmp/gradle_download3509152456542677617bin
[        ] Resource missing. [HTTP GET: https://dl.google.com/dl/android/maven2/org/jetbrains/kotlin/kotlin-scripting-compiler-impl-embeddable/1.8.22/kotlin-scripting-compiler-impl-embeddable-1.8.22.pom]
[        ] Downloading https://repo.maven.apache.org/maven2/org/jetbrains/kotlin/kotlin-scripting-compiler-impl-embeddable/1.8.22/kotlin-scripting-compiler-impl-embeddable-1.8.22.pom to /root/.gradle/.tmp/gradle_download12441123401369935325bin
[  +99 ms] Resource missing. [HTTP GET: https://dl.google.com/dl/android/maven2/com/google/guava/guava/31.1-jre/guava-31.1-jre.pom]
[        ] Resource missing. [HTTP GET: https://dl.google.com/dl/android/maven2/org/jetbrains/kotlin/kotlin-reflect/1.8.20-RC2/kotlin-reflect-1.8.20-RC2.pom]
[  +99 ms] Downloading https://repo.maven.apache.org/maven2/org/jetbrains/kotlin/kotlin-reflect/1.8.20-RC2/kotlin-reflect-1.8.20-RC2.pom to /root/.gradle/.tmp/gradle_download8642086138272590400bin
[        ] Downloading https://repo.maven.apache.org/maven2/com/google/guava/guava/31.1-jre/guava-31.1-jre.pom to /root/.gradle/.tmp/gradle_download2016431422240782004bin
[        ] Downloading https://dl.google.com/dl/android/maven2/com/android/tools/common/31.1.0/common-31.1.0.pom to /root/.gradle/.tmp/gradle_download3288944510425732966bin
[ +500 ms] Resource missing. [HTTP GET: https://dl.google.com/dl/android/maven2/com/google/guava/guava-parent/31.1-jre/guava-parent-31.1-jre.pom]
[  +99 ms] Downloading https://repo.maven.apache.org/maven2/com/google/guava/guava-parent/31.1-jre/guava-parent-31.1-jre.pom to /root/.gradle/.tmp/gradle_download6067800159337807219bin
[  +99 ms] Downloading https://dl.google.com/dl/android/maven2/com/android/tools/dvlib/31.1.0/dvlib-31.1.0.pom to /root/.gradle/.tmp/gradle_download10729658296059126242bin
[ +699 ms] Downloading https://dl.google.com/dl/android/maven2/com/android/tools/annotations/31.1.0/annotations-31.1.0.pom to /root/.gradle/.tmp/gradle_download1052505519032031824bin
[ +300 ms] Downloading https://dl.google.com/dl/android/maven2/com/android/tools/analytics-library/protos/31.1.0/protos-31.1.0.pom to /root/.gradle/.tmp/gradle_download3215699773830269679bin
[  +99 ms] Resource missing. [HTTP GET: https://dl.google.com/dl/android/maven2/org/jetbrains/kotlin/kotlin-stdlib/1.8.20-RC2/kotlin-stdlib-1.8.20-RC2.pom]
[  +99 ms] Downloading https://repo.maven.apache.org/maven2/org/jetbrains/kotlin/kotlin-stdlib/1.8.20-RC2/kotlin-stdlib-1.8.20-RC2.pom to /root/.gradle/.tmp/gradle_download4888043935048239420bin
[ +300 ms] Resource missing. [HTTP GET: https://dl.google.com/dl/android/maven2/org/jetbrains/kotlin/kotlin-stdlib-jdk7/1.8.20-RC2/kotlin-stdlib-jdk7-1.8.20-RC2.pom]
[        ] Downloading https://repo.maven.apache.org/maven2/org/jetbrains/kotlin/kotlin-stdlib-jdk7/1.8.20-RC2/kotlin-stdlib-jdk7-1.8.20-RC2.pom to /root/.gradle/.tmp/gradle_download16136805186005377867bin
[ +199 ms] Downloading https://dl.google.com/dl/android/maven2/com/android/tools/build/apksig/8.1.0/apksig-8.1.0.pom to /root/.gradle/.tmp/gradle_download5168713076696878135bin
[        ] Downloading https://dl.google.com/dl/android/maven2/com/android/tools/build/apkzlib/8.1.0/apkzlib-8.1.0.pom to /root/.gradle/.tmp/gradle_download10523209950273834752bin
[        ] Downloading https://dl.google.com/dl/android/maven2/com/android/zipflinger/8.1.0/zipflinger-8.1.0.pom to /root/.gradle/.tmp/gradle_download13346061009374438812bin
[        ] Downloading https://dl.google.com/dl/android/maven2/com/android/tools/analytics-library/tracker/31.1.0/tracker-31.1.0.pom to /root/.gradle/.tmp/gradle_download2440287320229786996bin
[        ] Downloading https://dl.google.com/dl/android/maven2/com/android/signflinger/8.1.0/signflinger-8.1.0.pom to /root/.gradle/.tmp/gradle_download12965708957053024217bin
[        ] Downloading https://dl.google.com/dl/android/maven2/com/android/tools/build/manifest-merger/31.1.0/manifest-merger-31.1.0.pom to /root/.gradle/.tmp/gradle_download14503166395804310162bin
[ +599 ms] Downloading https://dl.google.com/dl/android/maven2/com/android/tools/build/manifest-merger/31.1.0/manifest-merger-31.1.0.module to /root/.gradle/.tmp/gradle_download16902012576289568569bin
[ +199 ms] Resource missing. [HTTP GET: https://dl.google.com/dl/android/maven2/org/jetbrains/kotlin/kotlin-gradle-plugin-annotations/1.8.22/kotlin-gradle-plugin-annotations-1.8.22.pom]
[        ] Resource missing. [HTTP GET: https://dl.google.com/dl/android/maven2/org/jetbrains/kotlin/kotlin-native-utils/1.8.22/kotlin-native-utils-1.8.22.pom]
[        ] Downloading https://repo.maven.apache.org/maven2/org/jetbrains/kotlin/kotlin-gradle-plugin-annotations/1.8.22/kotlin-gradle-plugin-annotations-1.8.22.pom to /root/.gradle/.tmp/gradle_download2953392216738111808bin
[        ] Downloading https://repo.maven.apache.org/maven2/org/jetbrains/kotlin/kotlin-native-utils/1.8.22/kotlin-native-utils-1.8.22.pom to /root/.gradle/.tmp/gradle_download3324106146587145543bin
[ +499 ms] Resource missing. [HTTP GET: https://dl.google.com/dl/android/maven2/org/jetbrains/kotlin/kotlin-util-io/1.8.22/kotlin-util-io-1.8.22.pom]
[        ] Downloading https://repo.maven.apache.org/maven2/org/jetbrains/kotlin/kotlin-util-io/1.8.22/kotlin-util-io-1.8.22.pom to /root/.gradle/.tmp/gradle_download13924271057579466370bin
[ +299 ms] Resource missing. [HTTP GET: https://dl.google.com/dl/android/maven2/org/jetbrains/kotlin/kotlin-daemon-embeddable/1.8.22/kotlin-daemon-embeddable-1.8.22.pom]
[        ] Downloading https://repo.maven.apache.org/maven2/org/jetbrains/kotlin/kotlin-daemon-embeddable/1.8.22/kotlin-daemon-embeddable-1.8.22.pom to /root/.gradle/.tmp/gradle_download7010142940451738281bin
[ +500 ms] Resource missing. [HTTP GET: https://dl.google.com/dl/android/maven2/org/jetbrains/kotlin/kotlin-daemon-client/1.8.22/kotlin-daemon-client-1.8.22.pom]
[ +100 ms] Downloading https://repo.maven.apache.org/maven2/org/jetbrains/kotlin/kotlin-daemon-client/1.8.22/kotlin-daemon-client-1.8.22.pom to /root/.gradle/.tmp/gradle_download8737802953879393477bin
[ +200 ms] Resource missing. [HTTP GET: https://dl.google.com/dl/android/maven2/org/jetbrains/kotlin/kotlin-scripting-jvm/1.8.22/kotlin-scripting-jvm-1.8.22.pom]
[        ] Resource missing. [HTTP GET: https://dl.google.com/dl/android/maven2/org/jetbrains/kotlin/kotlin-scripting-common/1.8.22/kotlin-scripting-common-1.8.22.pom]
[  +99 ms] Downloading https://repo.maven.apache.org/maven2/org/jetbrains/kotlin/kotlin-scripting-common/1.8.22/kotlin-scripting-common-1.8.22.pom to /root/.gradle/.tmp/gradle_download5718363574200244081bin
[        ] Downloading https://repo.maven.apache.org/maven2/org/jetbrains/kotlin/kotlin-scripting-jvm/1.8.22/kotlin-scripting-jvm-1.8.22.pom to /root/.gradle/.tmp/gradle_download12661683884092298524bin
[ +400 ms] Resource missing. [HTTP GET: https://dl.google.com/dl/android/maven2/org/jetbrains/kotlin/kotlin-stdlib-common/1.8.20-RC2/kotlin-stdlib-common-1.8.20-RC2.pom]
[        ] Downloading https://repo.maven.apache.org/maven2/org/jetbrains/kotlin/kotlin-stdlib-common/1.8.20-RC2/kotlin-stdlib-common-1.8.20-RC2.pom to /root/.gradle/.tmp/gradle_download10750988554663437930bin
[  +99 ms] Downloading https://repo.maven.apache.org/maven2/org/jetbrains/kotlin/kotlin-gradle-plugin-api/1.8.22/kotlin-gradle-plugin-api-1.8.22-gradle76.jar to /root/.gradle/.tmp/gradle_download4498085165989142480bin
[        ] Downloading https://repo.maven.apache.org/maven2/org/jetbrains/kotlin/kotlin-gradle-plugin-api/1.8.22/kotlin-gradle-plugin-api-1.8.22.jar to /root/.gradle/.tmp/gradle_download7327942959097079192bin
[        ] Downloading https://repo.maven.apache.org/maven2/org/jetbrains/kotlin/kotlin-gradle-plugin/1.8.22/kotlin-gradle-plugin-1.8.22-gradle76.jar to /root/.gradle/.tmp/gradle_download11259425072344130391bin
[        ] Downloading https://repo.maven.apache.org/maven2/org/jetbrains/kotlin/kotlin-gradle-plugin-model/1.8.22/kotlin-gradle-plugin-model-1.8.22.jar to /root/.gradle/.tmp/gradle_download10420610851800424942bin
[  +99 ms] Downloading https://dl.google.com/dl/android/maven2/com/android/tools/build/manifest-merger/31.1.0/manifest-merger-31.1.0.jar to /root/.gradle/.tmp/gradle_download8669717807202670130bin
[        ] Downloading https://dl.google.com/dl/android/maven2/com/android/tools/build/gradle-api/8.1.0/gradle-api-8.1.0.jar to /root/.gradle/.tmp/gradle_download10489266147390337405bin
[        ] Downloading https://dl.google.com/dl/android/maven2/com/android/tools/lint/lint-model/31.1.0/lint-model-31.1.0.jar to /root/.gradle/.tmp/gradle_download5649744273625058067bin
[        ] Downloading https://dl.google.com/dl/android/maven2/com/android/tools/build/builder/8.1.0/builder-8.1.0.jar to /root/.gradle/.tmp/gradle_download8700791270182175462bin
[        ] Downloading https://dl.google.com/dl/android/maven2/com/android/tools/repository/31.1.0/repository-31.1.0.jar to /root/.gradle/.tmp/gradle_download10385165526393035850bin
[        ] Downloading https://dl.google.com/dl/android/maven2/com/android/tools/sdk-common/31.1.0/sdk-common-31.1.0.jar to /root/.gradle/.tmp/gradle_download4979804204854573310bin
[ +101 ms] Downloading https://dl.google.com/dl/android/maven2/com/android/tools/sdklib/31.1.0/sdklib-31.1.0.jar to /root/.gradle/.tmp/gradle_download11565526394499205083bin
[        ] Downloading https://dl.google.com/dl/android/maven2/com/android/tools/ddms/ddmlib/31.1.0/ddmlib-31.1.0.jar to /root/.gradle/.tmp/gradle_download17837226110632933557bin
[        ] Downloading https://dl.google.com/dl/android/maven2/com/android/tools/build/builder-test-api/8.1.0/builder-test-api-8.1.0.jar to /root/.gradle/.tmp/gradle_download5314209575591221965bin
[        ] Downloading https://dl.google.com/dl/android/maven2/com/android/tools/build/gradle-settings-api/8.1.0/gradle-settings-api-8.1.0.jar to /root/.gradle/.tmp/gradle_download203537626341180775bin
[        ] Downloading https://dl.google.com/dl/android/maven2/com/android/tools/build/gradle/8.1.0/gradle-8.1.0.jar to /root/.gradle/.tmp/gradle_download12724274175236815913bin
[ +497 ms] Downloading https://dl.google.com/dl/android/maven2/com/android/tools/analytics-library/tracker/31.1.0/tracker-31.1.0.jar to /root/.gradle/.tmp/gradle_download7122414586840330629bin
[        ] Downloading https://dl.google.com/dl/android/maven2/com/android/tools/analytics-library/crash/31.1.0/crash-31.1.0.jar to /root/.gradle/.tmp/gradle_download17545719219957889530bin
[        ] Downloading https://dl.google.com/dl/android/maven2/com/android/tools/build/aapt2-proto/8.1.0-10154469/aapt2-proto-8.1.0-10154469.jar to /root/.gradle/.tmp/gradle_download12174905714240218603bin
[        ] Downloading https://dl.google.com/dl/android/maven2/com/android/tools/build/aaptcompiler/8.1.0/aaptcompiler-8.1.0.jar to /root/.gradle/.tmp/gradle_download8711477952172799305bin
[        ] Downloading https://dl.google.com/dl/android/maven2/com/android/tools/analytics-library/shared/31.1.0/shared-31.1.0.jar to /root/.gradle/.tmp/gradle_download14766310630146114530bin
[  +99 ms] Downloading https://dl.google.com/dl/android/maven2/androidx/databinding/databinding-common/8.1.0/databinding-common-8.1.0.jar to /root/.gradle/.tmp/gradle_download16330516361998554942bin
[        ] Downloading https://dl.google.com/dl/android/maven2/com/android/tools/build/bundletool/1.14.0/bundletool-1.14.0.jar to /root/.gradle/.tmp/gradle_download825412865301453074bin
[        ] Downloading https://dl.google.com/dl/android/maven2/androidx/databinding/databinding-compiler-common/8.1.0/databinding-compiler-common-8.1.0.jar to /root/.gradle/.tmp/gradle_download17170316966199077504bin
[ +199 ms] Downloading https://dl.google.com/dl/android/maven2/com/android/tools/layoutlib/layoutlib-api/31.1.0/layoutlib-api-31.1.0.jar to /root/.gradle/.tmp/gradle_download1823519134342612790bin
[        ] Downloading https://dl.google.com/dl/android/maven2/com/android/tools/utp/android-device-provider-ddmlib-proto/31.1.0/android-device-provider-ddmlib-proto-31.1.0.jar to /root/.gradle/.tmp/gradle_download17972326976985688140bin
[        ] Downloading https://dl.google.com/dl/android/maven2/com/android/tools/lint/lint-typedef-remover/31.1.0/lint-typedef-remover-31.1.0.jar to /root/.gradle/.tmp/gradle_download7401157149935695195bin
[        ] Downloading https://dl.google.com/dl/android/maven2/com/android/tools/utp/android-test-plugin-host-additional-test-output-proto/31.1.0/android-test-plugin-host-additional-test-output-proto-31.1.0.jar to /root/.gradle/.tmp/gradle_download11366802279508123109bin
[ +100 ms] Downloading https://dl.google.com/dl/android/maven2/com/android/tools/utp/android-test-plugin-host-coverage-proto/31.1.0/android-test-plugin-host-coverage-proto-31.1.0.jar to /root/.gradle/.tmp/gradle_download1074162069827530015bin
[        ] Downloading https://dl.google.com/dl/android/maven2/com/android/tools/utp/android-test-plugin-host-logcat-proto/31.1.0/android-test-plugin-host-logcat-proto-31.1.0.jar to /root/.gradle/.tmp/gradle_download5720164135173140198bin
[        ] Downloading https://dl.google.com/dl/android/maven2/com/android/tools/utp/android-test-plugin-host-retention-proto/31.1.0/android-test-plugin-host-retention-proto-31.1.0.jar to /root/.gradle/.tmp/gradle_download13476015788589114228bin
[        ] Downloading https://dl.google.com/dl/android/maven2/com/android/tools/utp/android-test-plugin-host-emulator-control-proto/31.1.0/android-test-plugin-host-emulator-control-proto-31.1.0.jar to /root/.gradle/.tmp/gradle_download4387975025923908234bin
[  +99 ms] Downloading https://repo.maven.apache.org/maven2/org/jetbrains/kotlin/kotlin-stdlib-jdk8/1.8.20-RC2/kotlin-stdlib-jdk8-1.8.20-RC2.jar to /root/.gradle/.tmp/gradle_download1866741068249005049bin
[        ] Downloading https://dl.google.com/dl/android/maven2/com/android/tools/utp/android-device-provider-gradle-proto/31.1.0/android-device-provider-gradle-proto-31.1.0.jar to /root/.gradle/.tmp/gradle_download2798443963491730989bin
[        ] Downloading https://repo.maven.apache.org/maven2/org/jetbrains/kotlin/kotlin-gradle-plugin-idea-proto/1.8.22/kotlin-gradle-plugin-idea-proto-1.8.22.jar to /root/.gradle/.tmp/gradle_download11067438495285466026bin
[        ] Downloading https://repo.maven.apache.org/maven2/org/jetbrains/kotlin/kotlin-gradle-plugin-idea/1.8.22/kotlin-gradle-plugin-idea-1.8.22.jar to /root/.gradle/.tmp/gradle_download11675600771873173945bin
[ +100 ms] Downloading https://repo.maven.apache.org/maven2/org/jetbrains/kotlin/kotlin-project-model/1.8.22/kotlin-project-model-1.8.22.jar to /root/.gradle/.tmp/gradle_download15621547368832528988bin
[ +100 ms] Downloading https://repo.maven.apache.org/maven2/org/jetbrains/kotlin/kotlin-tooling-core/1.8.22/kotlin-tooling-core-1.8.22.jar to /root/.gradle/.tmp/gradle_download15450165163392693523bin
[        ] Downloading https://repo.maven.apache.org/maven2/org/jetbrains/kotlin/kotlin-util-klib/1.8.22/kotlin-util-klib-1.8.22.jar to /root/.gradle/.tmp/gradle_download9270804254424592990bin
[        ] Downloading https://dl.google.com/dl/android/maven2/com/android/tools/build/builder-model/8.1.0/builder-model-8.1.0.jar to /root/.gradle/.tmp/gradle_download11497239372637446905bin
[        ] Downloading https://repo.maven.apache.org/maven2/org/jetbrains/kotlin/kotlin-klib-commonizer-api/1.8.22/kotlin-klib-commonizer-api-1.8.22.jar to /root/.gradle/.tmp/gradle_download9107738300646424096bin
[        ] Downloading https://repo.maven.apache.org/maven2/org/jetbrains/kotlin/kotlin-annotation-processing-gradle/1.8.22/kotlin-annotation-processing-gradle-1.8.22.jar to /root/.gradle/.tmp/gradle_download8735130200538347485bin
[  +99 ms] Downloading https://repo.maven.apache.org/maven2/org/jetbrains/kotlin/kotlin-compiler-runner/1.8.22/kotlin-compiler-runner-1.8.22.jar to /root/.gradle/.tmp/gradle_download15302142937745765035bin
[        ] Downloading https://repo.maven.apache.org/maven2/org/jetbrains/kotlin/kotlin-android-extensions/1.8.22/kotlin-android-extensions-1.8.22.jar to /root/.gradle/.tmp/gradle_download6666667189112512091bin
[        ] Downloading https://repo.maven.apache.org/maven2/org/jetbrains/kotlin/kotlin-scripting-compiler-embeddable/1.8.22/kotlin-scripting-compiler-embeddable-1.8.22.jar to /root/.gradle/.tmp/gradle_download15033343284074969699bin
[        ] Downloading https://repo.maven.apache.org/maven2/org/jetbrains/kotlin/kotlin-compiler-embeddable/1.8.22/kotlin-compiler-embeddable-1.8.22.jar to /root/.gradle/.tmp/gradle_download10182256221293162384bin
[        ] Downloading https://repo.maven.apache.org/maven2/org/jetbrains/kotlin/kotlin-scripting-compiler-impl-embeddable/1.8.22/kotlin-scripting-compiler-impl-embeddable-1.8.22.jar to /root/.gradle/.tmp/gradle_download5464720387965777799bin
[        ] Downloading https://dl.google.com/dl/android/maven2/com/android/tools/utp/android-test-plugin-result-listener-gradle-proto/31.1.0/android-test-plugin-result-listener-gradle-proto-31.1.0.jar to /root/.gradle/.tmp/gradle_download15664779506980282884bin
[        ] Downloading https://dl.google.com/dl/android/maven2/com/android/databinding/baseLibrary/8.1.0/baseLibrary-8.1.0.jar to /root/.gradle/.tmp/gradle_download13760881711039286531bin
[        ] Downloading https://repo.maven.apache.org/maven2/org/jetbrains/kotlin/kotlin-reflect/1.8.20-RC2/kotlin-reflect-1.8.20-RC2.jar to /root/.gradle/.tmp/gradle_download8635060212940851905bin
[        ] Downloading https://repo.maven.apache.org/maven2/com/google/guava/guava/31.1-jre/guava-31.1-jre.jar to /root/.gradle/.tmp/gradle_download14136995978514852030bin
[  +99 ms] Downloading https://dl.google.com/dl/android/maven2/com/android/tools/dvlib/31.1.0/dvlib-31.1.0.jar to /root/.gradle/.tmp/gradle_download15795250368997150449bin
[        ] Downloading https://repo.maven.apache.org/maven2/org/jetbrains/kotlin/kotlin-stdlib-jdk7/1.8.20-RC2/kotlin-stdlib-jdk7-1.8.20-RC2.jar to /root/.gradle/.tmp/gradle_download2872756563948217041bin
[        ] Downloading https://dl.google.com/dl/android/maven2/com/android/tools/common/31.1.0/common-31.1.0.jar to /root/.gradle/.tmp/gradle_download7107593215233910297bin
[        ] Downloading https://dl.google.com/dl/android/maven2/com/android/tools/utp/android-test-plugin-host-apk-installer-proto/31.1.0/android-test-plugin-host-apk-installer-proto-31.1.0.jar to /root/.gradle/.tmp/gradle_download7835470893540954527bin
[        ] Downloading https://repo.maven.apache.org/maven2/com/google/errorprone/error_prone_annotations/2.11.0/error_prone_annotations-2.11.0.jar to /root/.gradle/.tmp/gradle_download13346911176569860211bin
[  +99 ms] Downloading https://repo.maven.apache.org/maven2/org/jetbrains/kotlin/kotlin-stdlib/1.8.20-RC2/kotlin-stdlib-1.8.20-RC2.jar to /root/.gradle/.tmp/gradle_download9550698442389750908bin
[        ] Downloading https://dl.google.com/dl/android/maven2/com/android/tools/build/apkzlib/8.1.0/apkzlib-8.1.0.jar to /root/.gradle/.tmp/gradle_download3560045027640296133bin
[        ] Downloading https://dl.google.com/dl/android/maven2/com/android/tools/analytics-library/protos/31.1.0/protos-31.1.0.jar to /root/.gradle/.tmp/gradle_download10405543391599910710bin
[        ] Downloading https://repo.maven.apache.org/maven2/org/jetbrains/kotlin/kotlin-native-utils/1.8.22/kotlin-native-utils-1.8.22.jar to /root/.gradle/.tmp/gradle_download6794902064294367995bin
[        ] Downloading https://repo.maven.apache.org/maven2/org/jetbrains/kotlin/kotlin-gradle-plugin-annotations/1.8.22/kotlin-gradle-plugin-annotations-1.8.22.jar to /root/.gradle/.tmp/gradle_download9919399838724237448bin
[        ] Downloading https://dl.google.com/dl/android/maven2/com/android/signflinger/8.1.0/signflinger-8.1.0.jar to /root/.gradle/.tmp/gradle_download7459195080298422651bin
[        ] Downloading https://repo.maven.apache.org/maven2/org/jetbrains/kotlin/kotlin-daemon-embeddable/1.8.22/kotlin-daemon-embeddable-1.8.22.jar to /root/.gradle/.tmp/gradle_download3924977780930920219bin
[        ] Downloading https://repo.maven.apache.org/maven2/org/jetbrains/kotlin/kotlin-daemon-client/1.8.22/kotlin-daemon-client-1.8.22.jar to /root/.gradle/.tmp/gradle_download7091211281252217133bin
[  +99 ms] Downloading https://repo.maven.apache.org/maven2/org/jetbrains/kotlin/kotlin-util-io/1.8.22/kotlin-util-io-1.8.22.jar to /root/.gradle/.tmp/gradle_download16182919439745180984bin
[        ] Downloading https://dl.google.com/dl/android/maven2/com/android/zipflinger/8.1.0/zipflinger-8.1.0.jar to /root/.gradle/.tmp/gradle_download17463988532692482233bin
[        ] Downloading https://dl.google.com/dl/android/maven2/com/android/tools/build/apksig/8.1.0/apksig-8.1.0.jar to /root/.gradle/.tmp/gradle_download13266506106436867460bin
[        ] Downloading https://repo.maven.apache.org/maven2/org/jetbrains/kotlin/kotlin-scripting-jvm/1.8.22/kotlin-scripting-jvm-1.8.22.jar to /root/.gradle/.tmp/gradle_download16789416081929294305bin
[        ] Downloading https://repo.maven.apache.org/maven2/org/jetbrains/kotlin/kotlin-stdlib-common/1.8.20-RC2/kotlin-stdlib-common-1.8.20-RC2.jar to /root/.gradle/.tmp/gradle_download4180714116030550157bin
[  +99 ms] Downloading https://dl.google.com/dl/android/maven2/com/android/tools/annotations/31.1.0/annotations-31.1.0.jar to /root/.gradle/.tmp/gradle_download9124366181456847966bin
[        ] Downloading https://repo.maven.apache.org/maven2/org/jetbrains/kotlin/kotlin-scripting-common/1.8.22/kotlin-scripting-common-1.8.22.jar to /root/.gradle/.tmp/gradle_download10175027710236904610bin
[+2400 ms] Caching disabled for InstrumentationAnalysisTransform: /root/.gradle/caches/modules-2/files-2.1/com.android.tools.build/gradle/8.1.0/fcd4612dc9b74db28fdb6a4b6a6ddc6008970428/gradle-8.1.0.jar because:
[        ]   Build cache is disabled
[        ]   Caching not enabled.
[        ] Caching disabled for InstrumentationAnalysisTransform: /root/.gradle/caches/modules-2/files-2.1/org.jetbrains.kotlin/kotlin-gradle-plugin-model/1.8.22/3607c42ee2a7b827e978906ffc26f34c5241ae91/kotlin-gradle-plugin-model-1.8.22.jar because:
[        ]   Build cache is disabled
[        ]   Caching not enabled.
[        ] Caching disabled for InstrumentationAnalysisTransform: /root/.gradle/caches/modules-2/files-2.1/org.jetbrains.kotlin/kotlin-gradle-plugin-api/1.8.22/e80d104a6f9e944d8de71ad13338859884657613/kotlin-gradle-plugin-api-1.8.22-gradle76.jar because:
[        ]   Build cache is disabled
[        ]   Caching not enabled.
[        ] Caching disabled for InstrumentationAnalysisTransform: /root/.gradle/caches/modules-2/files-2.1/org.jetbrains.kotlin/kotlin-gradle-plugin-api/1.8.22/e80d104a6f9e944d8de71ad13338859884657613/kotlin-gradle-plugin-api-1.8.22.jar because:
[        ]   Build cache is disabled
[        ]   Caching not enabled.
[        ] Caching disabled for InstrumentationAnalysisTransform: /root/.gradle/caches/modules-2/files-2.1/com.android.tools.build/gradle-settings-api/8.1.0/94f32208a0483da77152c31a8b363a52175916a1/gradle-settings-api-8.1.0.jar because:
[        ]   Build cache is disabled
[        ]   Caching not enabled.
[        ] Caching disabled for InstrumentationAnalysisTransform: /root/.gradle/caches/modules-2/files-2.1/org.jetbrains.kotlin/kotlin-gradle-plugin/1.8.22/35314735f9b890dd8192307a3894e5556b08031e/kotlin-gradle-plugin-1.8.22-gradle76.jar because:
[        ]   Build cache is disabled
[        ]   Caching not enabled.
[        ] Caching disabled for InstrumentationAnalysisTransform: /root/.gradle/caches/modules-2/files-2.1/com.android.tools.lint/lint-model/31.1.0/2a8baf9946bcb0d2fe3d171930fddd414447926f/lint-model-31.1.0.jar because:
[        ]   Build cache is disabled
[        ]   Caching not enabled.
[ +100 ms] Caching disabled for InstrumentationAnalysisTransform: /root/.gradle/caches/modules-2/files-2.1/com.android.tools.build/builder/8.1.0/602b620b1ee65828181b543bc1790efdfde39cf/builder-8.1.0.jar because:
[        ]   Build cache is disabled
[        ]   Caching not enabled.
[        ] Caching disabled for InstrumentationAnalysisTransform: /root/.gradle/caches/modules-2/files-2.1/com.android.tools.build/manifest-merger/31.1.0/3ce36db8d2fb98ea746949e1b104d3e96fac9904/manifest-merger-31.1.0.jar because:
[        ]   Build cache is disabled
[        ]   Caching not enabled.
[        ] Caching disabled for InstrumentationAnalysisTransform: /root/.gradle/caches/modules-2/files-2.1/com.android.tools/sdk-common/31.1.0/a7450a5a1fc9574099f661f44dd056637de82dc6/sdk-common-31.1.0.jar because:
[   +2 ms]   Build cache is disabled
[        ]   Caching not enabled.
[        ] Caching disabled for InstrumentationAnalysisTransform: /root/.gradle/caches/modules-2/files-2.1/com.android.tools/sdklib/31.1.0/1ee002c6e1a7c207e2f03eba15864479ad8afe6f/sdklib-31.1.0.jar because:
[        ]   Build cache is disabled
[        ]   Caching not enabled.
[        ] Caching disabled for InstrumentationAnalysisTransform: /root/.gradle/caches/modules-2/files-2.1/com.android.tools/repository/31.1.0/371ee5bee7cb5fbd24569a2c07944be4ee2b8ce7/repository-31.1.0.jar because:
[        ]   Build cache is disabled
[        ]   Caching not enabled.
[        ] Caching disabled for InstrumentationAnalysisTransform: /root/.gradle/caches/modules-2/files-2.1/com.android.tools.build/gradle-api/8.1.0/1aeab1b41ec5589e60d868aac74746400f359f03/gradle-api-8.1.0.jar because:
[        ]   Build cache is disabled
[        ]   Caching not enabled.
[        ] Caching disabled for InstrumentationAnalysisTransform: /root/.gradle/caches/modules-2/files-2.1/com.android.tools.build/builder-test-api/8.1.0/544697daba5e821497608daa54d2b2cbd6684ce/builder-test-api-8.1.0.jar because:
[        ]   Build cache is disabled
[        ]   Caching not enabled.
[        ] Caching disabled for InstrumentationAnalysisTransform: /root/.gradle/caches/modules-2/files-2.1/com.android.tools.ddms/ddmlib/31.1.0/8c5f283b9aa267c37b9b632484a2ab4ccd1205d7/ddmlib-31.1.0.jar because:
[        ]   Build cache is disabled
[        ]   Caching not enabled.
[        ] Caching disabled for InstrumentationAnalysisTransform: /root/.gradle/caches/modules-2/files-2.1/com.android.tools.build/aaptcompiler/8.1.0/3bdf36820041ab51fe1b45b165cfd395d11effcc/aaptcompiler-8.1.0.jar because:
[        ]   Build cache is disabled
[        ]   Caching not enabled.
[        ] Caching disabled for InstrumentationAnalysisTransform: /root/.gradle/caches/modules-2/files-2.1/com.android.tools.build/bundletool/1.14.0/2fcb426b5e62cc6e879369fdbbe915bb0a43c3e1/bundletool-1.14.0.jar because:
[        ]   Build cache is disabled
[        ]   Caching not enabled.
[        ] Caching disabled for InstrumentationAnalysisTransform: /root/.gradle/caches/modules-2/files-2.1/com.android.tools.build/aapt2-proto/8.1.0-10154469/49bcae5918bf1f4a4177b33d44473055d9e5fe1c/aapt2-proto-8.1.0-10154469.jar because:
[        ]   Build cache is disabled
[        ]   Caching not enabled.
[        ] Caching disabled for InstrumentationAnalysisTransform: /root/.gradle/caches/modules-2/files-2.1/com.android.tools.analytics-library/crash/31.1.0/745eed5bd3b46fecd9a285aaf033e64b570b1d68/crash-31.1.0.jar because:
[        ]   Build cache is disabled
[        ]   Caching not enabled.
[        ] Caching disabled for InstrumentationAnalysisTransform: /root/.gradle/caches/modules-2/files-2.1/com.android.tools.analytics-library/tracker/31.1.0/4defc338e33c908b6910577a18b4000987325e9f/tracker-31.1.0.jar because:
[        ]   Build cache is disabled
[        ]   Caching not enabled.
[        ] Caching disabled for InstrumentationAnalysisTransform: /root/.gradle/caches/modules-2/files-2.1/com.android.tools.analytics-library/shared/31.1.0/2f264944222d494cc74fa2feb2b13e08f4b61c7/shared-31.1.0.jar because:
[        ]   Build cache is disabled
[        ]   Caching not enabled.
[        ] Caching disabled for InstrumentationAnalysisTransform: /root/.gradle/caches/modules-2/files-2.1/com.android.tools.lint/lint-typedef-remover/31.1.0/644ab9b8a697ba83702c4e32eaaf95c504e1a522/lint-typedef-remover-31.1.0.jar because:
[        ]   Build cache is disabled
[        ]   Caching not enabled.
[        ] Caching disabled for InstrumentationAnalysisTransform: /root/.gradle/caches/modules-2/files-2.1/androidx.databinding/databinding-compiler-common/8.1.0/a1c7a90144aedb0b918534ea90f928e18855264b/databinding-compiler-common-8.1.0.jar because:
[        ]   Build cache is disabled
[        ]   Caching not enabled.
[        ] Caching disabled for InstrumentationAnalysisTransform: /root/.gradle/caches/modules-2/files-2.1/androidx.databinding/databinding-common/8.1.0/2be3530b78477835e69dce953b17adc1dbc5c6fa/databinding-common-8.1.0.jar because:
[        ]   Build cache is disabled
[        ]   Caching not enabled.
[        ] Caching disabled for InstrumentationAnalysisTransform: /root/.gradle/caches/modules-2/files-2.1/com.android.databinding/baseLibrary/8.1.0/7e7399239e52d4069896277615e005add7ae8e5a/baseLibrary-8.1.0.jar because:
[        ]   Build cache is disabled
[        ]   Caching not enabled.
[        ] Caching disabled for InstrumentationAnalysisTransform: /root/.gradle/caches/modules-2/files-2.1/com.android.tools.layoutlib/layoutlib-api/31.1.0/3803332e9fa1f20ac5b4368c54fa9ba830a4e49f/layoutlib-api-31.1.0.jar because:
[        ]   Build cache is disabled
[        ]   Caching not enabled.
[        ] Caching disabled for InstrumentationAnalysisTransform: /root/.gradle/caches/modules-2/files-2.1/com.android.tools.utp/android-device-provider-ddmlib-proto/31.1.0/70f460be43fe32ed535b1d34a9966ac955191ce1/android-device-provider-ddmlib-proto-31.1.0.jar because:
[        ]   Build cache is disabled
[        ]   Caching not enabled.
[        ] Caching disabled for InstrumentationAnalysisTransform: /root/.gradle/caches/modules-2/files-2.1/com.android.tools.utp/android-test-plugin-host-additional-test-output-proto/31.1.0/94f0a14f0c6cceff5a0374a2d4e0e50bac122899/android-test-plugin-host-additional-test-output-proto-31.1.0.jar because:
[        ]   Build cache is disabled
[        ]   Caching not enabled.
[        ] Caching disabled for InstrumentationAnalysisTransform: /root/.gradle/caches/modules-2/files-2.1/com.android.tools.utp/android-test-plugin-host-coverage-proto/31.1.0/7b3dfe6654185ce95c2e815c3dcbc488a3ea567e/android-test-plugin-host-coverage-proto-31.1.0.jar because:
[        ]   Build cache is disabled
[        ]   Caching not enabled.
[        ] Caching disabled for InstrumentationAnalysisTransform: /root/.gradle/caches/modules-2/files-2.1/com.android.tools.utp/android-device-provider-gradle-proto/31.1.0/622ec6748a5fd9804d1f1a1239826cbd73a960bc/android-device-provider-gradle-proto-31.1.0.jar because:
[        ]   Build cache is disabled
[        ]   Caching not enabled.
[        ] Caching disabled for InstrumentationAnalysisTransform: /root/.gradle/caches/modules-2/files-2.1/com.android.tools.utp/android-test-plugin-host-emulator-control-proto/31.1.0/11cb514e23daa4b9e3b8bd395014aa58ada6bcec/android-test-plugin-host-emulator-control-proto-31.1.0.jar because:
[        ]   Build cache is disabled
[        ]   Caching not enabled.
[        ] Caching disabled for InstrumentationAnalysisTransform: /root/.gradle/caches/modules-2/files-2.1/com.android.tools.utp/android-test-plugin-host-logcat-proto/31.1.0/fd1c47673952b6b7a50173005322d40a3a106604/android-test-plugin-host-logcat-proto-31.1.0.jar because:
[        ]   Build cache is disabled
[        ]   Caching not enabled.
[        ] Caching disabled for InstrumentationAnalysisTransform: /root/.gradle/caches/modules-2/files-2.1/com.android.tools.utp/android-test-plugin-host-apk-installer-proto/31.1.0/c14a7d0b4e1166a2035b26be175fcd52ce167844/android-test-plugin-host-apk-installer-proto-31.1.0.jar because:
[        ]   Build cache is disabled
[        ]   Caching not enabled.
[        ] Caching disabled for InstrumentationAnalysisTransform: /root/.gradle/caches/modules-2/files-2.1/com.android.tools.utp/android-test-plugin-host-retention-proto/31.1.0/4319b864edee0328f75afbc17ac4ae8997679420/android-test-plugin-host-retention-proto-31.1.0.jar because:
[        ]   Build cache is disabled
[        ]   Caching not enabled.
[        ] Caching disabled for InstrumentationAnalysisTransform: /root/.gradle/caches/modules-2/files-2.1/com.android.tools.utp/android-test-plugin-result-listener-gradle-proto/31.1.0/12e0c415c599bd8768dc1e3db076bbe921db1e08/android-test-plugin-result-listener-gradle-proto-31.1.0.jar because:
[        ]   Build cache is disabled
[        ]   Caching not enabled.
[        ] Caching disabled for InstrumentationAnalysisTransform: /root/.gradle/caches/modules-2/files-2.1/com.android.tools.build/builder-model/8.1.0/daa3c68c4610cdbfdd38f5681d11865190a65389/builder-model-8.1.0.jar because:
[        ]   Build cache is disabled
[        ]   Caching not enabled.
[        ] Caching disabled for InstrumentationAnalysisTransform: /root/.gradle/caches/modules-2/files-2.1/com.android.tools/dvlib/31.1.0/73f9e701a49ce55a5efc5ade01238f5fa9b2655d/dvlib-31.1.0.jar because:
[        ]   Build cache is disabled
[        ]   Caching not enabled.
[        ] Caching disabled for InstrumentationAnalysisTransform: /root/.gradle/caches/modules-2/files-2.1/com.android.tools/common/31.1.0/91b8f318da2aeabbbf7042d5a965d5c0292fca80/common-31.1.0.jar because:
[        ]   Build cache is disabled
[        ]   Caching not enabled.
[        ] Caching disabled for InstrumentationAnalysisTransform: /root/.gradle/caches/modules-2/files-2.1/org.jetbrains.kotlin/kotlin-stdlib-jdk8/1.8.20-RC2/3f3b892b2b7261138cc4ad48117553b1eb7e8fc7/kotlin-stdlib-jdk8-1.8.20-RC2.jar because:
[        ]   Build cache is disabled
[        ]   Caching not enabled.
[        ] Caching disabled for InstrumentationAnalysisTransform: /root/.gradle/caches/modules-2/files-2.1/com.android.tools.build/apkzlib/8.1.0/cac4447eae289138e1cbbfe13a0d8bb6b4255e56/apkzlib-8.1.0.jar because:
[        ]   Build cache is disabled
[        ]   Caching not enabled.
[        ] Caching disabled for InstrumentationAnalysisTransform: /root/.gradle/caches/modules-2/files-2.1/com.android.tools.analytics-library/protos/31.1.0/99ddc33efcbf4e614f52ac43b718f439e367aae3/protos-31.1.0.jar because:
[        ]   Build cache is disabled
[        ]   Caching not enabled.
[        ] Caching disabled for InstrumentationAnalysisTransform: /root/.gradle/caches/modules-2/files-2.1/org.jetbrains.kotlin/kotlin-gradle-plugin-idea-proto/1.8.22/3b251e51fc3df911a5d99e3bad2aa99faf5cff44/kotlin-gradle-plugin-idea-proto-1.8.22.jar because:
[        ]   Build cache is disabled
[        ]   Caching not enabled.
[        ] Caching disabled for InstrumentationAnalysisTransform: /root/.gradle/caches/modules-2/files-2.1/org.jetbrains.kotlin/kotlin-gradle-plugin-idea/1.8.22/13317df8a0bde5c9ff11de6bfc24ca47466786a9/kotlin-gradle-plugin-idea-1.8.22.jar because:
[        ]   Build cache is disabled
[        ]   Caching not enabled.
[        ] Caching disabled for InstrumentationAnalysisTransform: /root/.gradle/caches/modules-2/files-2.1/org.jetbrains.kotlin/kotlin-project-model/1.8.22/3cbfe8165834b2554b516b620d168af6f635fbda/kotlin-project-model-1.8.22.jar because:
[        ]   Build cache is disabled
[        ]   Caching not enabled.
[        ] Caching disabled for InstrumentationAnalysisTransform: /root/.gradle/caches/modules-2/files-2.1/org.jetbrains.kotlin/kotlin-tooling-core/1.8.22/6ab3d6c8e8d13c2748ecf0b74978fbd191def027/kotlin-tooling-core-1.8.22.jar because:
[        ]   Build cache is disabled
[        ]   Caching not enabled.
[  +88 ms] Caching disabled for InstrumentationAnalysisTransform: /root/.gradle/caches/modules-2/files-2.1/org.jetbrains.kotlin/kotlin-util-klib/1.8.22/d484370a3da8335f797a64fbec1874cf19e48677/kotlin-util-klib-1.8.22.jar because:
[        ]   Build cache is disabled
[        ]   Caching not enabled.
[        ] Caching disabled for InstrumentationAnalysisTransform: /root/.gradle/caches/modules-2/files-2.1/org.jetbrains.kotlin/kotlin-klib-commonizer-api/1.8.22/f0af2584b657433abca539ccb0aaee9bd1771371/kotlin-klib-commonizer-api-1.8.22.jar because:
[        ]   Build cache is disabled
[        ]   Caching not enabled.
[        ] Caching disabled for InstrumentationAnalysisTransform: /root/.gradle/caches/modules-2/files-2.1/org.jetbrains.kotlin/kotlin-annotation-processing-gradle/1.8.22/28dab7e0ee9ce62c03bf97de3543c911dc653700/kotlin-annotation-processing-gradle-1.8.22.jar because:
[        ]   Build cache is disabled
[        ]   Caching not enabled.
[        ] Caching disabled for InstrumentationAnalysisTransform: /root/.gradle/caches/modules-2/files-2.1/org.jetbrains.kotlin/kotlin-android-extensions/1.8.22/cd27e52201413ca700dbd41ecfa5b650d4efb011/kotlin-android-extensions-1.8.22.jar because:
[        ]   Build cache is disabled
[        ]   Caching not enabled.
[        ] Caching disabled for InstrumentationAnalysisTransform: /root/.gradle/caches/modules-2/files-2.1/org.jetbrains.kotlin/kotlin-compiler-runner/1.8.22/4890a8a8075cc80d366c69390c915853148b3a41/kotlin-compiler-runner-1.8.22.jar because:
[        ]   Build cache is disabled
[        ]   Caching not enabled.
[  +99 ms] Caching disabled for InstrumentationAnalysisTransform: /root/.gradle/caches/modules-2/files-2.1/org.jetbrains.kotlin/kotlin-compiler-embeddable/1.8.22/e2cf111da088dc807a74157741b4cd4b664edfb7/kotlin-compiler-embeddable-1.8.22.jar because:
[        ]   Build cache is disabled
[        ]   Caching not enabled.
[        ] Caching disabled for InstrumentationAnalysisTransform: /root/.gradle/caches/modules-2/files-2.1/org.jetbrains.kotlin/kotlin-scripting-compiler-embeddable/1.8.22/3ab8e0416ba65a54c227c806cc034a462a08ff7/kotlin-scripting-compiler-embeddable-1.8.22.jar because:
[        ]   Build cache is disabled
[        ]   Caching not enabled.
[        ] Caching disabled for InstrumentationAnalysisTransform: /root/.gradle/caches/modules-2/files-2.1/org.jetbrains.kotlin/kotlin-scripting-compiler-impl-embeddable/1.8.22/5703e4c2d1596a35912296fe484400d19129b3d2/kotlin-scripting-compiler-impl-embeddable-1.8.22.jar because:
[        ]   Build cache is disabled
[        ]   Caching not enabled.
[        ] Caching disabled for InstrumentationAnalysisTransform: /root/.gradle/caches/modules-2/files-2.1/com.google.guava/guava/31.1-jre/60458f877d055d0c9114d9e1a2efb737b4bc282c/guava-31.1-jre.jar because:
[        ]   Build cache is disabled
[        ]   Caching not enabled.
[        ] Caching disabled for InstrumentationAnalysisTransform: /root/.gradle/caches/modules-2/files-2.1/org.jetbrains.kotlin/kotlin-reflect/1.8.20-RC2/23853310e93f1c418a827be6fabe6f903addd231/kotlin-reflect-1.8.20-RC2.jar because:
[        ]   Build cache is disabled
[        ]   Caching not enabled.
[        ] Caching disabled for InstrumentationAnalysisTransform: /root/.gradle/caches/modules-2/files-2.1/org.jetbrains.kotlin/kotlin-stdlib-jdk7/1.8.20-RC2/d100f7cb452c22f937a7bcca2efcc45cc77c7b15/kotlin-stdlib-jdk7-1.8.20-RC2.jar because:
[        ]   Build cache is disabled
[        ]   Caching not enabled.
[        ] Caching disabled for InstrumentationAnalysisTransform: /root/.gradle/caches/modules-2/files-2.1/org.jetbrains.kotlin/kotlin-stdlib/1.8.20-RC2/436a3cf44ea8dc1c65d7a59abda28e232b05d84a/kotlin-stdlib-1.8.20-RC2.jar because:
[        ]   Build cache is disabled
[        ]   Caching not enabled.
[        ] Caching disabled for InstrumentationAnalysisTransform: /root/.gradle/caches/modules-2/files-2.1/com.android/signflinger/8.1.0/13f035dd8e7e470ff8f3216a0b46333187f26df5/signflinger-8.1.0.jar because:
[        ]   Build cache is disabled
[        ]   Caching not enabled.
[        ] Caching disabled for InstrumentationAnalysisTransform: /root/.gradle/caches/modules-2/files-2.1/com.android/zipflinger/8.1.0/b450a19b332659b4190f0af34bc734a7e21d464e/zipflinger-8.1.0.jar because:
[        ]   Build cache is disabled
[        ]   Caching not enabled.
[        ] Caching disabled for InstrumentationAnalysisTransform: /root/.gradle/caches/modules-2/files-2.1/com.android.tools/annotations/31.1.0/d70720d1aed8e56163636f82782985acfe66eba8/annotations-31.1.0.jar because:
[        ]   Build cache is disabled
[        ]   Caching not enabled.
[        ] Caching disabled for InstrumentationAnalysisTransform: /root/.gradle/caches/modules-2/files-2.1/com.google.errorprone/error_prone_annotations/2.11.0/c5a0ace696d3f8b1c1d8cc036d8c03cc0cbe6b69/error_prone_annotations-2.11.0.jar because:
[        ]   Build cache is disabled
[        ]   Caching not enabled.
[        ] Caching disabled for InstrumentationAnalysisTransform: /root/.gradle/caches/modules-2/files-2.1/com.android.tools.build/apksig/8.1.0/9125e1bb9607abb6d2d582f6b551360b0258658a/apksig-8.1.0.jar because:
[        ]   Build cache is disabled
[        ]   Caching not enabled.
[        ] Caching disabled for InstrumentationAnalysisTransform: /root/.gradle/caches/modules-2/files-2.1/org.jetbrains.kotlin/kotlin-gradle-plugin-annotations/1.8.22/ce5334a47551d2bc8e66fe0ef5b1b39d5fdb9858/kotlin-gradle-plugin-annotations-1.8.22.jar because:
[        ]   Build cache is disabled
[        ]   Caching not enabled.
[        ] Caching disabled for InstrumentationAnalysisTransform: /root/.gradle/caches/modules-2/files-2.1/org.jetbrains.kotlin/kotlin-native-utils/1.8.22/84b8c08d5a1233b91a921ec955d6f9b27fb64eaf/kotlin-native-utils-1.8.22.jar because:
[        ]   Build cache is disabled
[        ]   Caching not enabled.
[        ] Caching disabled for InstrumentationAnalysisTransform: /root/.gradle/caches/modules-2/files-2.1/org.jetbrains.kotlin/kotlin-util-io/1.8.22/9307f0864dc0819670160931d872796a96987de2/kotlin-util-io-1.8.22.jar because:
[        ]   Build cache is disabled
[        ]   Caching not enabled.
[        ] Caching disabled for InstrumentationAnalysisTransform: /root/.gradle/caches/modules-2/files-2.1/org.jetbrains.kotlin/kotlin-daemon-embeddable/1.8.22/7d9f7e06a59d2fcbc9b373400c146f42fd722e81/kotlin-daemon-embeddable-1.8.22.jar because:
[        ]   Build cache is disabled
[        ]   Caching not enabled.
[        ] Caching disabled for InstrumentationAnalysisTransform: /root/.gradle/caches/modules-2/files-2.1/org.jetbrains.kotlin/kotlin-daemon-client/1.8.22/4e0b5ecce1712586007f86e5286a9c527da29bd9/kotlin-daemon-client-1.8.22.jar because:
[        ]   Build cache is disabled
[        ]   Caching not enabled.
[        ] Caching disabled for InstrumentationAnalysisTransform: /root/.gradle/caches/modules-2/files-2.1/org.jetbrains.kotlin/kotlin-scripting-jvm/1.8.22/3291898dd4e49d49b921cd7baf679399ddfcd49d/kotlin-scripting-jvm-1.8.22.jar because:
[        ]   Build cache is disabled
[        ]   Caching not enabled.
[        ] Caching disabled for InstrumentationAnalysisTransform: /root/.gradle/caches/modules-2/files-2.1/org.jetbrains.kotlin/kotlin-scripting-common/1.8.22/2ceb06ea7e19b183f3363ca8961be973c232937a/kotlin-scripting-common-1.8.22.jar because:
[        ]   Build cache is disabled
[        ]   Caching not enabled.
[        ] Caching disabled for InstrumentationAnalysisTransform: /root/.gradle/caches/modules-2/files-2.1/org.jetbrains.kotlin/kotlin-stdlib-common/1.8.20-RC2/948fe79545343155ae7e6669c40ac9e086170e82/kotlin-stdlib-common-1.8.20-RC2.jar because:
[        ]   Build cache is disabled
[        ]   Caching not enabled.
[ +897 ms] Caching disabled for MergeInstrumentationAnalysisTransform: /root/.gradle/caches/8.14/transforms/2ccff119f0afedc163c706666808d4f8/transformed/.gradle-instrumented-classpath.marker because:
[        ]   Build cache is disabled
[        ]   Caching not enabled.
[        ] Caching disabled for MergeInstrumentationAnalysisTransform: /root/.gradle/caches/8.14/transforms/2ccff119f0afedc163c706666808d4f8/transformed/analysis/instrumentation-hierarchy.bin because:
[        ]   Build cache is disabled
[        ]   Caching not enabled.
[        ] Caching disabled for MergeInstrumentationAnalysisTransform: /root/.gradle/caches/8.14/transforms/e3819064820d99c006555e9121201cd7/transformed/analysis/instrumentation-hierarchy.bin because:
[        ]   Build cache is disabled
[        ]   Caching not enabled.
[        ] Caching disabled for MergeInstrumentationAnalysisTransform: /root/.gradle/caches/8.14/transforms/f915e57681d4bda665f9d67c7086d26f/transformed/analysis/instrumentation-hierarchy.bin because:
[        ]   Build cache is disabled
[        ]   Caching not enabled.
[        ] Caching disabled for MergeInstrumentationAnalysisTransform: /root/.gradle/caches/8.14/transforms/0165be26764bcf222b12193097c418da/transformed/analysis/instrumentation-hierarchy.bin because:
[        ]   Build cache is disabled
[        ]   Caching not enabled.
[        ] Caching disabled for MergeInstrumentationAnalysisTransform: /root/.gradle/caches/8.14/transforms/9e74bb8ab875c1bfd6b6c4316ae772d3/transformed/analysis/instrumentation-hierarchy.bin because:
[        ]   Build cache is disabled
[        ]   Caching not enabled.
[        ] Caching disabled for MergeInstrumentationAnalysisTransform: /root/.gradle/caches/8.14/transforms/b17a2d0db27cea36f9e556194cd35cbe/transformed/analysis/instrumentation-hierarchy.bin because:
[        ]   Build cache is disabled
[        ]   Caching not enabled.
[        ] Caching disabled for MergeInstrumentationAnalysisTransform: /root/.gradle/caches/8.14/transforms/efbb2b80f589066c6c5ea8ce296e60d4/transformed/analysis/instrumentation-hierarchy.bin because:
[        ]   Build cache is disabled
[        ]   Caching not enabled.
[        ] Caching disabled for MergeInstrumentationAnalysisTransform: /root/.gradle/caches/8.14/transforms/688c05b6b5ec760f8087e318fc85cea0/transformed/analysis/instrumentation-hierarchy.bin because:
[        ]   Build cache is disabled
[        ]   Caching not enabled.
[        ] Caching disabled for MergeInstrumentationAnalysisTransform: /root/.gradle/caches/8.14/transforms/1b82e99b1b3447e1c98d5cbab07b0588/transformed/analysis/instrumentation-hierarchy.bin because:
[        ]   Build cache is disabled
[        ]   Caching not enabled.
[        ] Caching disabled for MergeInstrumentationAnalysisTransform: /root/.gradle/caches/8.14/transforms/8efb7b21d7cdf9dd8870ee35578843be/transformed/analysis/instrumentation-hierarchy.bin because:
[        ]   Build cache is disabled
[        ]   Caching not enabled.
[        ] Caching disabled for MergeInstrumentationAnalysisTransform: /root/.gradle/caches/8.14/transforms/573ef4f177307c68377002358efa9837/transformed/analysis/instrumentation-hierarchy.bin because:
[        ]   Build cache is disabled
[        ]   Caching not enabled.
[        ] Caching disabled for MergeInstrumentationAnalysisTransform: /root/.gradle/caches/8.14/transforms/2ccff119f0afedc163c706666808d4f8/transformed/analysis/instrumentation-dependencies.bin because:
[        ]   Build cache is disabled
[        ]   Caching not enabled.
[        ] Caching disabled for MergeInstrumentationAnalysisTransform: /root/.gradle/caches/8.14/transforms/e3819064820d99c006555e9121201cd7/transformed/analysis/instrumentation-dependencies.bin because:
[        ]   Build cache is disabled
[        ]   Caching not enabled.
[        ] Caching disabled for MergeInstrumentationAnalysisTransform: /root/.gradle/caches/8.14/transforms/9e74bb8ab875c1bfd6b6c4316ae772d3/transformed/analysis/instrumentation-dependencies.bin because:
[        ]   Build cache is disabled
[        ]   Caching not enabled.
[        ] Caching disabled for MergeInstrumentationAnalysisTransform: /root/.gradle/caches/8.14/transforms/8efb7b21d7cdf9dd8870ee35578843be/transformed/analysis/instrumentation-dependencies.bin because:
[        ]   Build cache is disabled
[        ]   Caching not enabled.
[        ] Caching disabled for MergeInstrumentationAnalysisTransform: /root/.gradle/caches/8.14/transforms/b17a2d0db27cea36f9e556194cd35cbe/transformed/analysis/instrumentation-dependencies.bin because:
[        ]   Build cache is disabled
[        ]   Caching not enabled.
[        ] Caching disabled for MergeInstrumentationAnalysisTransform: /root/.gradle/caches/8.14/transforms/f915e57681d4bda665f9d67c7086d26f/transformed/analysis/instrumentation-dependencies.bin because:
[        ]   Build cache is disabled
[        ]   Caching not enabled.
[        ] Caching disabled for MergeInstrumentationAnalysisTransform: /root/.gradle/caches/8.14/transforms/0165be26764bcf222b12193097c418da/transformed/analysis/instrumentation-dependencies.bin because:
[        ]   Build cache is disabled
[        ]   Caching not enabled.
[        ] Caching disabled for MergeInstrumentationAnalysisTransform: /root/.gradle/caches/8.14/transforms/688c05b6b5ec760f8087e318fc85cea0/transformed/analysis/instrumentation-dependencies.bin because:
[        ]   Build cache is disabled
[        ]   Caching not enabled.
[        ] Caching disabled for MergeInstrumentationAnalysisTransform: /root/.gradle/caches/8.14/transforms/efbb2b80f589066c6c5ea8ce296e60d4/transformed/analysis/instrumentation-dependencies.bin because:
[        ]   Build cache is disabled
[        ]   Caching not enabled.
[        ] Caching disabled for MergeInstrumentationAnalysisTransform: /root/.gradle/caches/8.14/transforms/1b82e99b1b3447e1c98d5cbab07b0588/transformed/analysis/instrumentation-dependencies.bin because:
[        ]   Build cache is disabled
[        ]   Caching not enabled.
[        ] Caching disabled for MergeInstrumentationAnalysisTransform: /root/.gradle/caches/8.14/transforms/5199bc7e52e9711f525e475ec08aaa26/transformed/analysis/instrumentation-dependencies.bin because:
[        ]   Build cache is disabled
[        ]   Caching not enabled.
[        ] Caching disabled for MergeInstrumentationAnalysisTransform: /root/.gradle/caches/8.14/transforms/573ef4f177307c68377002358efa9837/transformed/analysis/instrumentation-dependencies.bin because:
[        ]   Build cache is disabled
[        ]   Caching not enabled.
[  +99 ms] Caching disabled for MergeInstrumentationAnalysisTransform: /root/.gradle/caches/modules-2/files-2.1/com.android.tools.build/gradle-settings-api/8.1.0/94f32208a0483da77152c31a8b363a52175916a1/gradle-settings-api-8.1.0.jar because:
[        ]   Build cache is disabled
[        ]   Caching not enabled.
[        ] Caching disabled for MergeInstrumentationAnalysisTransform: /root/.gradle/caches/modules-2/files-2.1/org.jetbrains.kotlin/kotlin-gradle-plugin-model/1.8.22/3607c42ee2a7b827e978906ffc26f34c5241ae91/kotlin-gradle-plugin-model-1.8.22.jar because:
[        ]   Build cache is disabled
[        ]   Caching not enabled.
[        ] Caching disabled for MergeInstrumentationAnalysisTransform: /root/.gradle/caches/modules-2/files-2.1/com.android.tools/repository/31.1.0/371ee5bee7cb5fbd24569a2c07944be4ee2b8ce7/repository-31.1.0.jar because:
[        ]   Build cache is disabled
[        ]   Caching not enabled.
[        ] Caching disabled for MergeInstrumentationAnalysisTransform: /root/.gradle/caches/modules-2/files-2.1/org.jetbrains.kotlin/kotlin-gradle-plugin-api/1.8.22/e80d104a6f9e944d8de71ad13338859884657613/kotlin-gradle-plugin-api-1.8.22-gradle76.jar because:
[        ]   Build cache is disabled
[        ]   Caching not enabled.
[        ] Caching disabled for MergeInstrumentationAnalysisTransform: /root/.gradle/caches/modules-2/files-2.1/org.jetbrains.kotlin/kotlin-gradle-plugin-api/1.8.22/e80d104a6f9e944d8de71ad13338859884657613/kotlin-gradle-plugin-api-1.8.22.jar because:
[        ]   Build cache is disabled
[        ]   Caching not enabled.
[        ] Caching disabled for MergeInstrumentationAnalysisTransform: /root/.gradle/caches/modules-2/files-2.1/com.android.tools.build/manifest-merger/31.1.0/3ce36db8d2fb98ea746949e1b104d3e96fac9904/manifest-merger-31.1.0.jar because:
[        ]   Build cache is disabled
[        ]   Caching not enabled.
[        ] Caching disabled for ExternalDependencyInstrumentingArtifactTransform: /root/.gradle/caches/8.14/transforms/e85d557fb20c9c1eaa8faf46775e7f3d/transformed/merge/instrumentation-dependencies.bin because:
[        ]   Build cache is disabled
[        ]   Caching not enabled.
[        ] Caching disabled for MergeInstrumentationAnalysisTransform: /root/.gradle/caches/modules-2/files-2.1/com.android.tools/sdklib/31.1.0/1ee002c6e1a7c207e2f03eba15864479ad8afe6f/sdklib-31.1.0.jar because:
[        ]   Build cache is disabled
[        ]   Caching not enabled.
[        ] Caching disabled for MergeInstrumentationAnalysisTransform: /root/.gradle/caches/modules-2/files-2.1/com.android.tools.lint/lint-model/31.1.0/2a8baf9946bcb0d2fe3d171930fddd414447926f/lint-model-31.1.0.jar because:
[        ]   Build cache is disabled
[        ]   Caching not enabled.
[        ] Caching disabled for ExternalDependencyInstrumentingArtifactTransform: /root/.gradle/caches/8.14/transforms/e655e0dbaf8523ca2b61eaf58104d99c/transformed/merge/instrumentation-dependencies.bin because:
[        ]   Build cache is disabled
[        ]   Caching not enabled.
[        ] Caching disabled for ExternalDependencyInstrumentingArtifactTransform: /root/.gradle/caches/8.14/transforms/c0d0ced374de8d82bffa3082df311044/transformed/merge/instrumentation-dependencies.bin because:
[        ]   Build cache is disabled
[        ]   Caching not enabled.
[        ] Caching disabled for MergeInstrumentationAnalysisTransform: /root/.gradle/caches/modules-2/files-2.1/com.android.tools/sdk-common/31.1.0/a7450a5a1fc9574099f661f44dd056637de82dc6/sdk-common-31.1.0.jar because:
[        ]   Build cache is disabled
[        ]   Caching not enabled.
[        ] Caching disabled for ExternalDependencyInstrumentingArtifactTransform: /root/.gradle/caches/8.14/transforms/d473538384a3d36a709476dbafc00e47/transformed/merge/instrumentation-dependencies.bin because:
[        ]   Build cache is disabled
[        ]   Caching not enabled.
[        ] Caching disabled for ExternalDependencyInstrumentingArtifactTransform: /root/.gradle/caches/8.14/transforms/7abaa44d7239e26c0726fbb51a100ef9/transformed/merge/instrumentation-dependencies.bin because:
[        ]   Build cache is disabled
[        ]   Caching not enabled.
[        ] Caching disabled for ExternalDependencyInstrumentingArtifactTransform: /root/.gradle/caches/8.14/transforms/e9c961273c819f5c81614c02b4a3ad6a/transformed/merge/instrumentation-dependencies.bin because:
[        ]   Build cache is disabled
[        ]   Caching not enabled.
[        ] Caching disabled for ExternalDependencyInstrumentingArtifactTransform: /root/.gradle/caches/8.14/transforms/f08f04f5f9a108ccc3a1dbeebee5f5ec/transformed/merge/instrumentation-dependencies.bin because:
[        ]   Build cache is disabled
[        ]   Caching not enabled.
[        ] Caching disabled for ExternalDependencyInstrumentingArtifactTransform: /root/.gradle/caches/8.14/transforms/0a273ca6e12e762fc20c54da627c5b61/transformed/merge/instrumentation-dependencies.bin because:
[        ]   Build cache is disabled
[        ]   Caching not enabled.
[        ] Caching disabled for ExternalDependencyInstrumentingArtifactTransform: /root/.gradle/caches/8.14/transforms/d51260049a4adbf557f33e89bc821d42/transformed/merge/instrumentation-dependencies.bin because:
[        ]   Build cache is disabled
[        ]   Caching not enabled.
[        ] Caching disabled for ExternalDependencyInstrumentingArtifactTransform: /root/.gradle/caches/modules-2/files-2.1/com.android.tools.build/gradle-settings-api/8.1.0/94f32208a0483da77152c31a8b363a52175916a1/gradle-settings-api-8.1.0.jar because:
[        ]   Build cache is disabled
[        ]   Caching not enabled.
[        ] Caching disabled for ExternalDependencyInstrumentingArtifactTransform: /root/.gradle/caches/modules-2/files-2.1/org.jetbrains.kotlin/kotlin-gradle-plugin-model/1.8.22/3607c42ee2a7b827e978906ffc26f34c5241ae91/kotlin-gradle-plugin-model-1.8.22.jar because:
[        ]   Build cache is disabled
[        ]   Caching not enabled.
[        ] Caching disabled for MergeInstrumentationAnalysisTransform: /root/.gradle/caches/8.14/transforms/27005b58f95eb48fcc82cc4f0377106c/transformed/analysis/instrumentation-hierarchy.bin because:
[        ]   Build cache is disabled
[        ]   Caching not enabled.
[        ] Caching disabled for MergeInstrumentationAnalysisTransform: /root/.gradle/caches/8.14/transforms/27005b58f95eb48fcc82cc4f0377106c/transformed/analysis/instrumentation-dependencies.bin because:
[        ]   Build cache is disabled
[        ]   Caching not enabled.
[        ] Caching disabled for MergeInstrumentationAnalysisTransform: /root/.gradle/caches/8.14/transforms/a6d105fa98d25aea5937f5ce54b0c916/transformed/analysis/instrumentation-hierarchy.bin because:
[        ]   Build cache is disabled
[        ]   Caching not enabled.
[        ] Caching disabled for MergeInstrumentationAnalysisTransform: /root/.gradle/caches/modules-2/files-2.1/com.android.tools.build/builder/8.1.0/602b620b1ee65828181b543bc1790efdfde39cf/builder-8.1.0.jar because:
[        ]   Build cache is disabled
[        ]   Caching not enabled.
[        ] Caching disabled for ExternalDependencyInstrumentingArtifactTransform: /root/.gradle/caches/modules-2/files-2.1/org.jetbrains.kotlin/kotlin-gradle-plugin-api/1.8.22/e80d104a6f9e944d8de71ad13338859884657613/kotlin-gradle-plugin-api-1.8.22.jar because:
[        ]   Build cache is disabled
[        ]   Caching not enabled.
[        ] Caching disabled for MergeInstrumentationAnalysisTransform: /root/.gradle/caches/modules-2/files-2.1/com.android.tools.build/gradle-api/8.1.0/1aeab1b41ec5589e60d868aac74746400f359f03/gradle-api-8.1.0.jar because:
[        ]   Build cache is disabled
[        ]   Caching not enabled.
[        ] Caching disabled for ExternalDependencyInstrumentingArtifactTransform: /root/.gradle/caches/8.14/transforms/762a9ef3671e897099c78715f0f68706/transformed/merge/instrumentation-dependencies.bin because:
[        ]   Build cache is disabled
[        ]   Caching not enabled.
[        ] Caching disabled for MergeInstrumentationAnalysisTransform: /root/.gradle/caches/8.14/transforms/a6d105fa98d25aea5937f5ce54b0c916/transformed/analysis/instrumentation-dependencies.bin because:
[        ]   Build cache is disabled
[        ]   Caching not enabled.
[        ] Caching disabled for ExternalDependencyInstrumentingArtifactTransform: /root/.gradle/caches/modules-2/files-2.1/com.android.tools.lint/lint-model/31.1.0/2a8baf9946bcb0d2fe3d171930fddd414447926f/lint-model-31.1.0.jar because:
[        ]   Build cache is disabled
[        ]   Caching not enabled.
[        ] Caching disabled for ExternalDependencyInstrumentingArtifactTransform: /root/.gradle/caches/8.14/transforms/7a97218312354e4788e611988b790923/transformed/merge/instrumentation-dependencies.bin because:
[        ]   Build cache is disabled
[        ]   Caching not enabled.
[        ] Caching disabled for MergeInstrumentationAnalysisTransform: /root/.gradle/caches/8.14/transforms/6c1da05673fdb52141e0916ed848f9ea/transformed/analysis/instrumentation-hierarchy.bin because:
[        ]   Build cache is disabled
[        ]   Caching not enabled.
[        ] Caching disabled for ExternalDependencyInstrumentingArtifactTransform: /root/.gradle/caches/modules-2/files-2.1/com.android.tools/repository/31.1.0/371ee5bee7cb5fbd24569a2c07944be4ee2b8ce7/repository-31.1.0.jar because:
[        ]   Build cache is disabled
[        ]   Caching not enabled.
[        ] Caching disabled for MergeInstrumentationAnalysisTransform: /root/.gradle/caches/8.14/transforms/6a76de3fd0ac8c0e27210ccc06f342d9/transformed/analysis/instrumentation-hierarchy.bin because:
[        ]   Build cache is disabled
[        ]   Caching not enabled.
[        ] Caching disabled for MergeInstrumentationAnalysisTransform: /root/.gradle/caches/modules-2/files-2.1/com.android.tools.build/builder-test-api/8.1.0/544697daba5e821497608daa54d2b2cbd6684ce/builder-test-api-8.1.0.jar because:
[        ]   Build cache is disabled
[        ]   Caching not enabled.
[        ] Caching disabled for MergeInstrumentationAnalysisTransform: /root/.gradle/caches/8.14/transforms/6c1da05673fdb52141e0916ed848f9ea/transformed/analysis/instrumentation-dependencies.bin because:
[        ]   Build cache is disabled
[        ]   Caching not enabled.
[        ] Caching disabled for ExternalDependencyInstrumentingArtifactTransform: /root/.gradle/caches/modules-2/files-2.1/org.jetbrains.kotlin/kotlin-gradle-plugin-api/1.8.22/e80d104a6f9e944d8de71ad13338859884657613/kotlin-gradle-plugin-api-1.8.22-gradle76.jar because:
[        ]   Build cache is disabled
[        ]   Caching not enabled.
[        ] Caching disabled for ExternalDependencyInstrumentingArtifactTransform: /root/.gradle/caches/modules-2/files-2.1/com.android.tools.build/manifest-merger/31.1.0/3ce36db8d2fb98ea746949e1b104d3e96fac9904/manifest-merger-31.1.0.jar because:
[        ]   Build cache is disabled
[        ]   Caching not enabled.
[        ] Caching disabled for MergeInstrumentationAnalysisTransform: /root/.gradle/caches/8.14/transforms/6dae57d2e816fc2ee25ed5be5b62806e/transformed/analysis/instrumentation-hierarchy.bin because:
[        ]   Build cache is disabled
[        ]   Caching not enabled.
[        ] Caching disabled for ExternalDependencyInstrumentingArtifactTransform: /root/.gradle/caches/8.14/transforms/39dd1cddbe3eb559027322adec69d517/transformed/merge/instrumentation-dependencies.bin because:
[        ]   Build cache is disabled
[        ]   Caching not enabled.
[        ] Caching disabled for MergeInstrumentationAnalysisTransform: /root/.gradle/caches/8.14/transforms/6a76de3fd0ac8c0e27210ccc06f342d9/transformed/analysis/instrumentation-dependencies.bin because:
[        ]   Build cache is disabled
[        ]   Caching not enabled.
[  +95 ms] Caching disabled for MergeInstrumentationAnalysisTransform: /root/.gradle/caches/8.14/transforms/6dae57d2e816fc2ee25ed5be5b62806e/transformed/analysis/instrumentation-dependencies.bin because:
[        ]   Build cache is disabled
[        ]   Caching not enabled.
[   +3 ms] Caching disabled for MergeInstrumentationAnalysisTransform: /root/.gradle/caches/8.14/transforms/be8df453048e9529a5704cffcb1cd266/transformed/analysis/instrumentation-hierarchy.bin because:
[        ]   Build cache is disabled
[        ]   Caching not enabled.
[        ] Caching disabled for MergeInstrumentationAnalysisTransform: /root/.gradle/caches/8.14/transforms/ac99750c96831c1703c10fba4fd1f7e0/transformed/analysis/instrumentation-hierarchy.bin because:
[        ]   Build cache is disabled
[        ]   Caching not enabled.
[        ] Caching disabled for MergeInstrumentationAnalysisTransform: /root/.gradle/caches/modules-2/files-2.1/com.android.tools.ddms/ddmlib/31.1.0/8c5f283b9aa267c37b9b632484a2ab4ccd1205d7/ddmlib-31.1.0.jar because:
[        ]   Build cache is disabled
[        ]   Caching not enabled.
[        ] Caching disabled for MergeInstrumentationAnalysisTransform: /root/.gradle/caches/modules-2/files-2.1/com.android.tools.build/gradle/8.1.0/fcd4612dc9b74db28fdb6a4b6a6ddc6008970428/gradle-8.1.0.jar because:
[        ]   Build cache is disabled
[        ]   Caching not enabled.
[        ] Caching disabled for MergeInstrumentationAnalysisTransform: /root/.gradle/caches/modules-2/files-2.1/org.jetbrains.kotlin/kotlin-gradle-plugin/1.8.22/35314735f9b890dd8192307a3894e5556b08031e/kotlin-gradle-plugin-1.8.22-gradle76.jar because:
[        ]   Build cache is disabled
[        ]   Caching not enabled.
[        ] Caching disabled for ExternalDependencyInstrumentingArtifactTransform: /root/.gradle/caches/modules-2/files-2.1/com.android.tools.build/builder-test-api/8.1.0/544697daba5e821497608daa54d2b2cbd6684ce/builder-test-api-8.1.0.jar because:
[        ]   Build cache is disabled
[        ]   Caching not enabled.
[        ] Caching disabled for MergeInstrumentationAnalysisTransform: /root/.gradle/caches/8.14/transforms/be8df453048e9529a5704cffcb1cd266/transformed/analysis/instrumentation-dependencies.bin because:
[        ]   Build cache is disabled
[        ]   Caching not enabled.
[        ] Caching disabled for MergeInstrumentationAnalysisTransform: /root/.gradle/caches/8.14/transforms/ac99750c96831c1703c10fba4fd1f7e0/transformed/analysis/instrumentation-dependencies.bin because:
[        ]   Build cache is disabled
[        ]   Caching not enabled.
[        ] Caching disabled for ExternalDependencyInstrumentingArtifactTransform: /root/.gradle/caches/8.14/transforms/c62d74768768dde474d3cd58c24e21a7/transformed/merge/instrumentation-dependencies.bin because:
[        ]   Build cache is disabled
[        ]   Caching not enabled.
[        ] Caching disabled for MergeInstrumentationAnalysisTransform: /root/.gradle/caches/modules-2/files-2.1/com.android.tools.build/aaptcompiler/8.1.0/3bdf36820041ab51fe1b45b165cfd395d11effcc/aaptcompiler-8.1.0.jar because:
[        ]   Build cache is disabled
[        ]   Caching not enabled.
[        ] Caching disabled for ExternalDependencyInstrumentingArtifactTransform: /root/.gradle/caches/8.14/transforms/92d207dfda177f6cbfc57ccabcf6bd3a/transformed/merge/instrumentation-dependencies.bin because:
[        ]   Build cache is disabled
[        ]   Caching not enabled.
[        ] Caching disabled for ExternalDependencyInstrumentingArtifactTransform: /root/.gradle/caches/8.14/transforms/9eacaf7703828f8962e15e133ae192e9/transformed/merge/instrumentation-dependencies.bin because:
[        ]   Build cache is disabled
[        ]   Caching not enabled.
[        ] Caching disabled for MergeInstrumentationAnalysisTransform: /root/.gradle/caches/modules-2/files-2.1/com.android.tools.build/aapt2-proto/8.1.0-10154469/49bcae5918bf1f4a4177b33d44473055d9e5fe1c/aapt2-proto-8.1.0-10154469.jar because:
[        ]   Build cache is disabled
[        ]   Caching not enabled.
[        ] Caching disabled for MergeInstrumentationAnalysisTransform: /root/.gradle/caches/modules-2/files-2.1/com.android.tools.analytics-library/crash/31.1.0/745eed5bd3b46fecd9a285aaf033e64b570b1d68/crash-31.1.0.jar because:
[        ]   Build cache is disabled
[        ]   Caching not enabled.
[        ] Caching disabled for MergeInstrumentationAnalysisTransform: /root/.gradle/caches/8.14/transforms/1ca6660b8a3bb3f742a6875039ef8304/transformed/analysis/instrumentation-hierarchy.bin because:
[        ]   Build cache is disabled
[        ]   Caching not enabled.
[        ] Caching disabled for ExternalDependencyInstrumentingArtifactTransform: /root/.gradle/caches/8.14/transforms/da1ff30c64ca5c11b532b5f0e248cb2f/transformed/merge/instrumentation-dependencies.bin because:
[        ]   Build cache is disabled
[        ]   Caching not enabled.
[        ] Caching disabled for MergeInstrumentationAnalysisTransform: /root/.gradle/caches/8.14/transforms/1ca6660b8a3bb3f742a6875039ef8304/transformed/analysis/instrumentation-dependencies.bin because:
[        ]   Build cache is disabled
[        ]   Caching not enabled.
[        ] Caching disabled for ExternalDependencyInstrumentingArtifactTransform: /root/.gradle/caches/8.14/transforms/ef68cc5f9a66f3034a3085e63456f38a/transformed/merge/instrumentation-dependencies.bin because:
[        ]   Build cache is disabled
[        ]   Caching not enabled.
[        ] Caching disabled for ExternalDependencyInstrumentingArtifactTransform: /root/.gradle/caches/8.14/transforms/ed872e9c98ed04defb085bb2d32745d3/transformed/merge/instrumentation-dependencies.bin because:
[        ]   Build cache is disabled
[        ]   Caching not enabled.
[        ] Caching disabled for ExternalDependencyInstrumentingArtifactTransform: /root/.gradle/caches/modules-2/files-2.1/com.android.tools/sdklib/31.1.0/1ee002c6e1a7c207e2f03eba15864479ad8afe6f/sdklib-31.1.0.jar because:
[        ]   Build cache is disabled
[        ]   Caching not enabled.
[        ] Caching disabled for MergeInstrumentationAnalysisTransform: /root/.gradle/caches/modules-2/files-2.1/com.android.tools.analytics-library/tracker/31.1.0/4defc338e33c908b6910577a18b4000987325e9f/tracker-31.1.0.jar because:
[        ]   Build cache is disabled
[        ]   Caching not enabled.
[        ] Caching disabled for ExternalDependencyInstrumentingArtifactTransform: /root/.gradle/caches/modules-2/files-2.1/com.android.tools.build/gradle-api/8.1.0/1aeab1b41ec5589e60d868aac74746400f359f03/gradle-api-8.1.0.jar because:
[        ]   Build cache is disabled
[        ]   Caching not enabled.
[        ] Caching disabled for MergeInstrumentationAnalysisTransform: /root/.gradle/caches/8.14/transforms/bedfab40ccb05bd17499665ce52e6cc9/transformed/analysis/instrumentation-hierarchy.bin because:
[        ]   Build cache is disabled
[        ]   Caching not enabled.
[        ] Caching disabled for ExternalDependencyInstrumentingArtifactTransform: /root/.gradle/caches/modules-2/files-2.1/com.android.tools.analytics-library/crash/31.1.0/745eed5bd3b46fecd9a285aaf033e64b570b1d68/crash-31.1.0.jar because:
[        ]   Build cache is disabled
[        ]   Caching not enabled.
[        ] Caching disabled for ExternalDependencyInstrumentingArtifactTransform: /root/.gradle/caches/8.14/transforms/2848be103de63938fbb2593a45a6b38e/transformed/merge/instrumentation-dependencies.bin because:
[        ]   Build cache is disabled
[        ]   Caching not enabled.
[        ] Caching disabled for MergeInstrumentationAnalysisTransform: /root/.gradle/caches/8.14/transforms/bedfab40ccb05bd17499665ce52e6cc9/transformed/analysis/instrumentation-dependencies.bin because:
[        ]   Build cache is disabled
[        ]   Caching not enabled.
[        ] Caching disabled for MergeInstrumentationAnalysisTransform: /root/.gradle/caches/modules-2/files-2.1/com.android.tools.build/bundletool/1.14.0/2fcb426b5e62cc6e879369fdbbe915bb0a43c3e1/bundletool-1.14.0.jar because:
[        ]   Build cache is disabled
[        ]   Caching not enabled.
[        ] Caching disabled for MergeInstrumentationAnalysisTransform: /root/.gradle/caches/8.14/transforms/b744f929bf12cbdd04f7b7542d35fd9c/transformed/analysis/instrumentation-hierarchy.bin because:
[        ]   Build cache is disabled
[        ]   Caching not enabled.
[        ] Caching disabled for MergeInstrumentationAnalysisTransform: /root/.gradle/caches/8.14/transforms/31cd777c3d6d96b270954b96f5b4b022/transformed/analysis/instrumentation-hierarchy.bin because:
[        ]   Build cache is disabled
[        ]   Caching not enabled.
[        ] Caching disabled for MergeInstrumentationAnalysisTransform: /root/.gradle/caches/modules-2/files-2.1/com.android.tools.analytics-library/shared/31.1.0/2f264944222d494cc74fa2feb2b13e08f4b61c7/shared-31.1.0.jar because:
[        ]   Build cache is disabled
[        ]   Caching not enabled.
[        ] Caching disabled for ExternalDependencyInstrumentingArtifactTransform: /root/.gradle/caches/modules-2/files-2.1/com.android.tools.analytics-library/tracker/31.1.0/4defc338e33c908b6910577a18b4000987325e9f/tracker-31.1.0.jar because:
[        ]   Build cache is disabled
[        ]   Caching not enabled.
[        ] Caching disabled for MergeInstrumentationAnalysisTransform: /root/.gradle/caches/8.14/transforms/31cd777c3d6d96b270954b96f5b4b022/transformed/analysis/instrumentation-dependencies.bin because:
[        ]   Build cache is disabled
[        ]   Caching not enabled.
[        ] Caching disabled for ExternalDependencyInstrumentingArtifactTransform: /root/.gradle/caches/8.14/transforms/65627ce4565caec46e2a5dc53d3d8eeb/transformed/merge/instrumentation-dependencies.bin because:
[        ]   Build cache is disabled
[        ]   Caching not enabled.
[        ] Caching disabled for MergeInstrumentationAnalysisTransform: /root/.gradle/caches/8.14/transforms/b744f929bf12cbdd04f7b7542d35fd9c/transformed/analysis/instrumentation-dependencies.bin because:
[        ]   Build cache is disabled
[        ]   Caching not enabled.
[        ] Caching disabled for ExternalDependencyInstrumentingArtifactTransform: /root/.gradle/caches/8.14/transforms/522adad25261f957990a4ac44696b8b2/transformed/merge/instrumentation-dependencies.bin because:
[        ]   Build cache is disabled
[        ]   Caching not enabled.
[        ] Caching disabled for MergeInstrumentationAnalysisTransform: /root/.gradle/caches/8.14/transforms/6a27c7309628a8b3dbe3a92b82606171/transformed/analysis/instrumentation-hierarchy.bin because:
[        ]   Build cache is disabled
[        ]   Caching not enabled.
[        ] Caching disabled for MergeInstrumentationAnalysisTransform: /root/.gradle/caches/modules-2/files-2.1/com.android.tools.lint/lint-typedef-remover/31.1.0/644ab9b8a697ba83702c4e32eaaf95c504e1a522/lint-typedef-remover-31.1.0.jar because:
[        ]   Build cache is disabled
[        ]   Caching not enabled.
[        ] Caching disabled for MergeInstrumentationAnalysisTransform: /root/.gradle/caches/modules-2/files-2.1/androidx.databinding/databinding-compiler-common/8.1.0/a1c7a90144aedb0b918534ea90f928e18855264b/databinding-compiler-common-8.1.0.jar because:
[        ]   Build cache is disabled
[        ]   Caching not enabled.
[        ] Caching disabled for MergeInstrumentationAnalysisTransform: /root/.gradle/caches/8.14/transforms/6a27c7309628a8b3dbe3a92b82606171/transformed/analysis/instrumentation-dependencies.bin because:
[        ]   Build cache is disabled
[        ]   Caching not enabled.
[        ] Caching disabled for ExternalDependencyInstrumentingArtifactTransform: /root/.gradle/caches/8.14/transforms/f06bee45b1e9e8aa6ab09b2e42c60592/transformed/merge/instrumentation-dependencies.bin because:
[        ]   Build cache is disabled
[        ]   Caching not enabled.
[        ] Caching disabled for ExternalDependencyInstrumentingArtifactTransform: /root/.gradle/caches/modules-2/files-2.1/com.android.tools.analytics-library/shared/31.1.0/2f264944222d494cc74fa2feb2b13e08f4b61c7/shared-31.1.0.jar because:
[        ]   Build cache is disabled
[        ]   Caching not enabled.
[        ] Caching disabled for ExternalDependencyInstrumentingArtifactTransform: /root/.gradle/caches/modules-2/files-2.1/com.android.tools.ddms/ddmlib/31.1.0/8c5f283b9aa267c37b9b632484a2ab4ccd1205d7/ddmlib-31.1.0.jar because:
[        ]   Build cache is disabled
[        ]   Caching not enabled.
[        ] Caching disabled for MergeInstrumentationAnalysisTransform: /root/.gradle/caches/modules-2/files-2.1/androidx.databinding/databinding-common/8.1.0/2be3530b78477835e69dce953b17adc1dbc5c6fa/databinding-common-8.1.0.jar because:
[        ]   Build cache is disabled
[        ]   Caching not enabled.
[        ] Caching disabled for ExternalDependencyInstrumentingArtifactTransform: /root/.gradle/caches/8.14/transforms/bf989a0548a4efaeb2cae89845c0c011/transformed/merge/instrumentation-dependencies.bin because:
[        ]   Build cache is disabled
[        ]   Caching not enabled.
[        ] Caching disabled for ExternalDependencyInstrumentingArtifactTransform: /root/.gradle/caches/8.14/transforms/49d10f7989485863950d01a7bd5962a8/transformed/merge/instrumentation-dependencies.bin because:
[        ]   Build cache is disabled
[        ]   Caching not enabled.
[        ] Caching disabled for ExternalDependencyInstrumentingArtifactTransform: /root/.gradle/caches/modules-2/files-2.1/com.android.tools.lint/lint-typedef-remover/31.1.0/644ab9b8a697ba83702c4e32eaaf95c504e1a522/lint-typedef-remover-31.1.0.jar because:
[        ]   Build cache is disabled
[        ]   Caching not enabled.
[        ] Caching disabled for MergeInstrumentationAnalysisTransform: /root/.gradle/caches/8.14/transforms/cbe7ed314bcfe1cb85828ce0b12afaec/transformed/analysis/instrumentation-hierarchy.bin because:
[        ]   Build cache is disabled
[        ]   Caching not enabled.
[        ] Caching disabled for MergeInstrumentationAnalysisTransform: /root/.gradle/caches/8.14/transforms/76f230062b6cd3089f8e822457140bb7/transformed/analysis/instrumentation-hierarchy.bin because:
[        ]   Build cache is disabled
[        ]   Caching not enabled.
[        ] Caching disabled for ExternalDependencyInstrumentingArtifactTransform: /root/.gradle/caches/modules-2/files-2.1/com.android.tools.build/aaptcompiler/8.1.0/3bdf36820041ab51fe1b45b165cfd395d11effcc/aaptcompiler-8.1.0.jar because:
[        ]   Build cache is disabled
[        ]   Caching not enabled.
[        ] Caching disabled for MergeInstrumentationAnalysisTransform: /root/.gradle/caches/8.14/transforms/76f230062b6cd3089f8e822457140bb7/transformed/analysis/instrumentation-dependencies.bin because:
[        ]   Build cache is disabled
[        ]   Caching not enabled.
[        ] Caching disabled for MergeInstrumentationAnalysisTransform: /root/.gradle/caches/8.14/transforms/cbe7ed314bcfe1cb85828ce0b12afaec/transformed/analysis/instrumentation-dependencies.bin because:
[        ]   Build cache is disabled
[        ]   Caching not enabled.
[        ] Caching disabled for MergeInstrumentationAnalysisTransform: /root/.gradle/caches/8.14/transforms/2f78d325d66d2bd23473359f1d2b7bc8/transformed/analysis/instrumentation-hierarchy.bin because:
[        ]   Build cache is disabled
[        ]   Caching not enabled.
[        ] Caching disabled for MergeInstrumentationAnalysisTransform: /root/.gradle/caches/8.14/transforms/2e2d0ec6f798b9db2c816e0537ed405a/transformed/analysis/instrumentation-hierarchy.bin because:
[        ]   Build cache is disabled
[        ]   Caching not enabled.
[        ] Caching disabled for ExternalDependencyInstrumentingArtifactTransform: /root/.gradle/caches/modules-2/files-2.1/androidx.databinding/databinding-common/8.1.0/2be3530b78477835e69dce953b17adc1dbc5c6fa/databinding-common-8.1.0.jar because:
[        ]   Build cache is disabled
[        ]   Caching not enabled.
[        ] Caching disabled for MergeInstrumentationAnalysisTransform: /root/.gradle/caches/modules-2/files-2.1/com.android.databinding/baseLibrary/8.1.0/7e7399239e52d4069896277615e005add7ae8e5a/baseLibrary-8.1.0.jar because:
[        ]   Build cache is disabled
[        ]   Caching not enabled.
[        ] Caching disabled for ExternalDependencyInstrumentingArtifactTransform: /root/.gradle/caches/modules-2/files-2.1/com.android.tools/sdk-common/31.1.0/a7450a5a1fc9574099f661f44dd056637de82dc6/sdk-common-31.1.0.jar because:
[        ]   Build cache is disabled
[        ]   Caching not enabled.
[        ] Caching disabled for MergeInstrumentationAnalysisTransform: /root/.gradle/caches/8.14/transforms/2f78d325d66d2bd23473359f1d2b7bc8/transformed/analysis/instrumentation-dependencies.bin because:
[        ]   Build cache is disabled
[        ]   Caching not enabled.
[        ] Caching disabled for MergeInstrumentationAnalysisTransform: /root/.gradle/caches/8.14/transforms/1c36ed4e610f8ecb0a45b6a61ed0b948/transformed/analysis/instrumentation-hierarchy.bin because:
[        ]   Build cache is disabled
[        ]   Caching not enabled.
[        ] Caching disabled for MergeInstrumentationAnalysisTransform: /root/.gradle/caches/8.14/transforms/2e2d0ec6f798b9db2c816e0537ed405a/transformed/analysis/instrumentation-dependencies.bin because:
[        ]   Build cache is disabled
[        ]   Caching not enabled.
[        ] Caching disabled for MergeInstrumentationAnalysisTransform: /root/.gradle/caches/modules-2/files-2.1/com.android.tools.layoutlib/layoutlib-api/31.1.0/3803332e9fa1f20ac5b4368c54fa9ba830a4e49f/layoutlib-api-31.1.0.jar because:
[        ]   Build cache is disabled
[        ]   Caching not enabled.
[        ] Caching disabled for MergeInstrumentationAnalysisTransform: /root/.gradle/caches/8.14/transforms/23f6e5b28c7fa90771fa9315e9df839a/transformed/analysis/instrumentation-hierarchy.bin because:
[        ]   Build cache is disabled
[        ]   Caching not enabled.
[        ] Caching disabled for MergeInstrumentationAnalysisTransform: /root/.gradle/caches/modules-2/files-2.1/com.android.tools.utp/android-device-provider-gradle-proto/31.1.0/622ec6748a5fd9804d1f1a1239826cbd73a960bc/android-device-provider-gradle-proto-31.1.0.jar because:
[        ]   Build cache is disabled
[        ]   Caching not enabled.
[        ] Caching disabled for ExternalDependencyInstrumentingArtifactTransform: /root/.gradle/caches/8.14/transforms/bb6b42c189246dc508f486b40667324b/transformed/merge/instrumentation-dependencies.bin because:
[        ]   Build cache is disabled
[        ]   Caching not enabled.
[        ] Caching disabled for MergeInstrumentationAnalysisTransform: /root/.gradle/caches/8.14/transforms/1c36ed4e610f8ecb0a45b6a61ed0b948/transformed/analysis/instrumentation-dependencies.bin because:
[        ]   Build cache is disabled
[        ]   Caching not enabled.
[        ] Caching disabled for ExternalDependencyInstrumentingArtifactTransform: /root/.gradle/caches/8.14/transforms/6b2eee4b1dc56b7eac61beb778e9a33d/transformed/merge/instrumentation-dependencies.bin because:
[        ]   Build cache is disabled
[        ]   Caching not enabled.
[        ] Caching disabled for ExternalDependencyInstrumentingArtifactTransform: /root/.gradle/caches/8.14/transforms/f29716b2483c80804c8a88a145fc7213/transformed/merge/instrumentation-dependencies.bin because:
[        ]   Build cache is disabled
[        ]   Caching not enabled.
[        ] Caching disabled for MergeInstrumentationAnalysisTransform: /root/.gradle/caches/8.14/transforms/23f6e5b28c7fa90771fa9315e9df839a/transformed/analysis/instrumentation-dependencies.bin because:
[        ]   Build cache is disabled
[        ]   Caching not enabled.
[        ] Caching disabled for MergeInstrumentationAnalysisTransform: /root/.gradle/caches/modules-2/files-2.1/com.android.tools.utp/android-test-plugin-host-additional-test-output-proto/31.1.0/94f0a14f0c6cceff5a0374a2d4e0e50bac122899/android-test-plugin-host-additional-test-output-proto-31.1.0.jar because:
[        ]   Build cache is disabled
[        ]   Caching not enabled.
[        ] Caching disabled for ExternalDependencyInstrumentingArtifactTransform: /root/.gradle/caches/modules-2/files-2.1/com.android.databinding/baseLibrary/8.1.0/7e7399239e52d4069896277615e005add7ae8e5a/baseLibrary-8.1.0.jar because:
[        ]   Build cache is disabled
[        ]   Caching not enabled.
[        ] Caching disabled for MergeInstrumentationAnalysisTransform: /root/.gradle/caches/modules-2/files-2.1/com.android.tools.utp/android-device-provider-ddmlib-proto/31.1.0/70f460be43fe32ed535b1d34a9966ac955191ce1/android-device-provider-ddmlib-proto-31.1.0.jar because:
[        ]   Build cache is disabled
[        ]   Caching not enabled.
[        ] Caching disabled for MergeInstrumentationAnalysisTransform: /root/.gradle/caches/modules-2/files-2.1/com.android.tools.utp/android-test-plugin-host-coverage-proto/31.1.0/7b3dfe6654185ce95c2e815c3dcbc488a3ea567e/android-test-plugin-host-coverage-proto-31.1.0.jar because:
[        ]   Build cache is disabled
[        ]   Caching not enabled.
[  +84 ms] Caching disabled for ExternalDependencyInstrumentingArtifactTransform: /root/.gradle/caches/modules-2/files-2.1/com.android.tools.build/aapt2-proto/8.1.0-10154469/49bcae5918bf1f4a4177b33d44473055d9e5fe1c/aapt2-proto-8.1.0-10154469.jar because:
[        ]   Build cache is disabled
[        ]   Caching not enabled.
[        ] Caching disabled for ExternalDependencyInstrumentingArtifactTransform: /root/.gradle/caches/8.14/transforms/1198bdad8a1c9a5e3c75e7cff8d2460c/transformed/merge/instrumentation-dependencies.bin because:
[        ]   Build cache is disabled
[        ]   Caching not enabled.
[        ] Caching disabled for ExternalDependencyInstrumentingArtifactTransform: /root/.gradle/caches/modules-2/files-2.1/com.android.tools.utp/android-device-provider-gradle-proto/31.1.0/622ec6748a5fd9804d1f1a1239826cbd73a960bc/android-device-provider-gradle-proto-31.1.0.jar because:
[        ]   Build cache is disabled
[        ]   Caching not enabled.
[        ] Caching disabled for MergeInstrumentationAnalysisTransform: /root/.gradle/caches/8.14/transforms/3ffaa15895224c548dc94f05e2607c64/transformed/analysis/instrumentation-hierarchy.bin because:
[        ]   Build cache is disabled
[        ]   Caching not enabled.
[        ] Caching disabled for ExternalDependencyInstrumentingArtifactTransform: /root/.gradle/caches/8.14/transforms/6ba5c2a27442c19ce5cf8870f57d45d7/transformed/merge/instrumentation-dependencies.bin because:
[        ]   Build cache is disabled
[        ]   Caching not enabled.
[        ] Caching disabled for ExternalDependencyInstrumentingArtifactTransform: /root/.gradle/caches/8.14/transforms/2b73a805a8e65a3ececf7eecf55d637b/transformed/merge/instrumentation-dependencies.bin because:
[        ]   Build cache is disabled
[        ]   Caching not enabled.
[        ] Caching disabled for MergeInstrumentationAnalysisTransform: /root/.gradle/caches/8.14/transforms/49f13620e77882d4d71991b862f687e1/transformed/analysis/instrumentation-hierarchy.bin because:
[        ]   Build cache is disabled
[        ]   Caching not enabled.
[        ] Caching disabled for MergeInstrumentationAnalysisTransform: /root/.gradle/caches/8.14/transforms/3ffaa15895224c548dc94f05e2607c64/transformed/analysis/instrumentation-dependencies.bin because:
[        ]   Build cache is disabled
[        ]   Caching not enabled.
[        ] Caching disabled for MergeInstrumentationAnalysisTransform: /root/.gradle/caches/8.14/transforms/49f13620e77882d4d71991b862f687e1/transformed/analysis/instrumentation-dependencies.bin because:
[        ]   Build cache is disabled
[        ]   Caching not enabled.
[        ] Caching disabled for MergeInstrumentationAnalysisTransform: /root/.gradle/caches/8.14/transforms/9c946cc3faca6f7d1b5dbe9522a8cbfd/transformed/analysis/instrumentation-hierarchy.bin because:
[        ]   Build cache is disabled
[        ]   Caching not enabled.
[        ] Caching disabled for ExternalDependencyInstrumentingArtifactTransform: /root/.gradle/caches/modules-2/files-2.1/com.android.tools.utp/android-test-plugin-host-coverage-proto/31.1.0/7b3dfe6654185ce95c2e815c3dcbc488a3ea567e/android-test-plugin-host-coverage-proto-31.1.0.jar because:
[        ]   Build cache is disabled
[        ]   Caching not enabled.
[        ] Caching disabled for ExternalDependencyInstrumentingArtifactTransform: /root/.gradle/caches/modules-2/files-2.1/com.android.tools.utp/android-test-plugin-host-additional-test-output-proto/31.1.0/94f0a14f0c6cceff5a0374a2d4e0e50bac122899/android-test-plugin-host-additional-test-output-proto-31.1.0.jar because:
[        ]   Build cache is disabled
[        ]   Caching not enabled.
[        ] Caching disabled for ExternalDependencyInstrumentingArtifactTransform: /root/.gradle/caches/modules-2/files-2.1/com.android.tools.utp/android-device-provider-ddmlib-proto/31.1.0/70f460be43fe32ed535b1d34a9966ac955191ce1/android-device-provider-ddmlib-proto-31.1.0.jar because:
[        ]   Build cache is disabled
[        ]   Caching not enabled.
[        ] Caching disabled for ExternalDependencyInstrumentingArtifactTransform: /root/.gradle/caches/modules-2/files-2.1/com.android.tools.layoutlib/layoutlib-api/31.1.0/3803332e9fa1f20ac5b4368c54fa9ba830a4e49f/layoutlib-api-31.1.0.jar because:
[        ]   Build cache is disabled
[        ]   Caching not enabled.
[        ] Caching disabled for MergeInstrumentationAnalysisTransform: /root/.gradle/caches/modules-2/files-2.1/com.android.tools.utp/android-test-plugin-host-emulator-control-proto/31.1.0/11cb514e23daa4b9e3b8bd395014aa58ada6bcec/android-test-plugin-host-emulator-control-proto-31.1.0.jar because:
[        ]   Build cache is disabled
[        ]   Caching not enabled.
[        ] Caching disabled for MergeInstrumentationAnalysisTransform: /root/.gradle/caches/8.14/transforms/9c946cc3faca6f7d1b5dbe9522a8cbfd/transformed/analysis/instrumentation-dependencies.bin because:
[        ]   Build cache is disabled
[        ]   Caching not enabled.
[        ] Caching disabled for MergeInstrumentationAnalysisTransform: /root/.gradle/caches/8.14/transforms/9c92c50be5347f6ad254214e58a4df24/transformed/analysis/instrumentation-hierarchy.bin because:
[        ]   Build cache is disabled
[        ]   Caching not enabled.
[        ] Caching disabled for MergeInstrumentationAnalysisTransform: /root/.gradle/caches/modules-2/files-2.1/com.android.tools.utp/android-test-plugin-host-logcat-proto/31.1.0/fd1c47673952b6b7a50173005322d40a3a106604/android-test-plugin-host-logcat-proto-31.1.0.jar because:
[        ]   Build cache is disabled
[        ]   Caching not enabled.
[        ] Caching disabled for MergeInstrumentationAnalysisTransform: /root/.gradle/caches/8.14/transforms/76ddf943fa84d37c885b344a36d7a37b/transformed/analysis/instrumentation-hierarchy.bin because:
[        ]   Build cache is disabled
[        ]   Caching not enabled.
[        ] Caching disabled for MergeInstrumentationAnalysisTransform: /root/.gradle/caches/8.14/transforms/b6267b920a3a07caff82b9d93bde94f3/transformed/analysis/instrumentation-hierarchy.bin because:
[        ]   Build cache is disabled
[        ]   Caching not enabled.
[        ] Caching disabled for ExternalDependencyInstrumentingArtifactTransform: /root/.gradle/caches/8.14/transforms/406a6aa49f43b336e2bb1a0453b8cd10/transformed/merge/instrumentation-dependencies.bin because:
[        ]   Build cache is disabled
[        ]   Caching not enabled.
[        ] Caching disabled for MergeInstrumentationAnalysisTransform: /root/.gradle/caches/modules-2/files-2.1/com.android.tools.utp/android-test-plugin-host-apk-installer-proto/31.1.0/c14a7d0b4e1166a2035b26be175fcd52ce167844/android-test-plugin-host-apk-installer-proto-31.1.0.jar because:
[        ]   Build cache is disabled
[   +1 ms]   Caching not enabled.
[        ] Caching disabled for MergeInstrumentationAnalysisTransform: /root/.gradle/caches/8.14/transforms/5ec55c0ebb4ca91374ffbcd421f2ad4e/transformed/analysis/instrumentation-hierarchy.bin because:
[        ]   Build cache is disabled
[        ]   Caching not enabled.
[        ] Caching disabled for MergeInstrumentationAnalysisTransform: /root/.gradle/caches/8.14/transforms/9c92c50be5347f6ad254214e58a4df24/transformed/analysis/instrumentation-dependencies.bin because:
[        ]   Build cache is disabled
[        ]   Caching not enabled.
[        ] Caching disabled for MergeInstrumentationAnalysisTransform: /root/.gradle/caches/8.14/transforms/b6267b920a3a07caff82b9d93bde94f3/transformed/analysis/instrumentation-dependencies.bin because:
[        ]   Build cache is disabled
[        ]   Caching not enabled.
[        ] Caching disabled for ExternalDependencyInstrumentingArtifactTransform: /root/.gradle/caches/8.14/transforms/48246a3fa2e65ec1450c955579517bc5/transformed/merge/instrumentation-dependencies.bin because:
[        ]   Build cache is disabled
[        ]   Caching not enabled.
[        ] Caching disabled for ExternalDependencyInstrumentingArtifactTransform: /root/.gradle/caches/8.14/transforms/df223d1b2d061c26974cab4378e39498/transformed/merge/instrumentation-dependencies.bin because:
[        ]   Build cache is disabled
[        ]   Caching not enabled.
[        ] Caching disabled for MergeInstrumentationAnalysisTransform: /root/.gradle/caches/8.14/transforms/76ddf943fa84d37c885b344a36d7a37b/transformed/analysis/instrumentation-dependencies.bin because:
[        ]   Build cache is disabled
[        ]   Caching not enabled.
[        ] Caching disabled for MergeInstrumentationAnalysisTransform: /root/.gradle/caches/modules-2/files-2.1/com.android.tools.utp/android-test-plugin-host-retention-proto/31.1.0/4319b864edee0328f75afbc17ac4ae8997679420/android-test-plugin-host-retention-proto-31.1.0.jar because:
[        ]   Build cache is disabled
[        ]   Caching not enabled.
[        ] Caching disabled for MergeInstrumentationAnalysisTransform: /root/.gradle/caches/8.14/transforms/5ec55c0ebb4ca91374ffbcd421f2ad4e/transformed/analysis/instrumentation-dependencies.bin because:
[        ]   Build cache is disabled
[        ]   Caching not enabled.
[        ] Caching disabled for ExternalDependencyInstrumentingArtifactTransform: /root/.gradle/caches/modules-2/files-2.1/com.android.tools.utp/android-test-plugin-host-emulator-control-proto/31.1.0/11cb514e23daa4b9e3b8bd395014aa58ada6bcec/android-test-plugin-host-emulator-control-proto-31.1.0.jar because:
[        ]   Build cache is disabled
[        ]   Caching not enabled.
[        ] Caching disabled for ExternalDependencyInstrumentingArtifactTransform: /root/.gradle/caches/8.14/transforms/4eec378f1f15b319c9b0f98c771c921f/transformed/merge/instrumentation-dependencies.bin because:
[        ]   Build cache is disabled
[        ]   Caching not enabled.
[        ] Caching disabled for MergeInstrumentationAnalysisTransform: /root/.gradle/caches/modules-2/files-2.1/com.android.tools.build/builder-model/8.1.0/daa3c68c4610cdbfdd38f5681d11865190a65389/builder-model-8.1.0.jar because:
[        ]   Build cache is disabled
[        ]   Caching not enabled.
[        ] Caching disabled for MergeInstrumentationAnalysisTransform: /root/.gradle/caches/modules-2/files-2.1/com.android.tools.utp/android-test-plugin-result-listener-gradle-proto/31.1.0/12e0c415c599bd8768dc1e3db076bbe921db1e08/android-test-plugin-result-listener-gradle-proto-31.1.0.jar because:
[        ]   Build cache is disabled
[        ]   Caching not enabled.
[        ] Caching disabled for ExternalDependencyInstrumentingArtifactTransform: /root/.gradle/caches/modules-2/files-2.1/com.android.tools.utp/android-test-plugin-host-apk-installer-proto/31.1.0/c14a7d0b4e1166a2035b26be175fcd52ce167844/android-test-plugin-host-apk-installer-proto-31.1.0.jar because:
[        ]   Build cache is disabled
[        ]   Caching not enabled.
[        ] Caching disabled for MergeInstrumentationAnalysisTransform: /root/.gradle/caches/modules-2/files-2.1/com.android.tools/dvlib/31.1.0/73f9e701a49ce55a5efc5ade01238f5fa9b2655d/dvlib-31.1.0.jar because:
[        ]   Build cache is disabled
[        ]   Caching not enabled.
[        ] Caching disabled for ExternalDependencyInstrumentingArtifactTransform: /root/.gradle/caches/modules-2/files-2.1/com.android.tools.utp/android-test-plugin-host-logcat-proto/31.1.0/fd1c47673952b6b7a50173005322d40a3a106604/android-test-plugin-host-logcat-proto-31.1.0.jar because:
[        ]   Build cache is disabled
[        ]   Caching not enabled.
[        ] Caching disabled for MergeInstrumentationAnalysisTransform: /root/.gradle/caches/8.14/transforms/8327fd478bb461c0e125ecc8efd67ee2/transformed/analysis/instrumentation-hierarchy.bin because:
[        ]   Build cache is disabled
[        ]   Caching not enabled.
[        ] Caching disabled for ExternalDependencyInstrumentingArtifactTransform: /root/.gradle/caches/8.14/transforms/ecd18579ad624c9413a7be34df6c33e8/transformed/merge/instrumentation-dependencies.bin because:
[        ]   Build cache is disabled
[        ]   Caching not enabled.
[        ] Caching disabled for MergeInstrumentationAnalysisTransform: /root/.gradle/caches/8.14/transforms/8327fd478bb461c0e125ecc8efd67ee2/transformed/analysis/instrumentation-dependencies.bin because:
[        ]   Build cache is disabled
[        ]   Caching not enabled.
[        ] Caching disabled for MergeInstrumentationAnalysisTransform: /root/.gradle/caches/8.14/transforms/93494978e2d277ac0aac4d3b486c43dd/transformed/analysis/instrumentation-dependencies.bin because:
[        ]   Build cache is disabled
[        ]   Caching not enabled.
[        ] Caching disabled for ExternalDependencyInstrumentingArtifactTransform: /root/.gradle/caches/modules-2/files-2.1/androidx.databinding/databinding-compiler-common/8.1.0/a1c7a90144aedb0b918534ea90f928e18855264b/databinding-compiler-common-8.1.0.jar because:
[        ]   Build cache is disabled
[        ]   Caching not enabled.
[        ] Caching disabled for ExternalDependencyInstrumentingArtifactTransform: /root/.gradle/caches/8.14/transforms/779caf1382ed4559347cb2c232623ec3/transformed/merge/instrumentation-dependencies.bin because:
[        ]   Build cache is disabled
[        ]   Caching not enabled.
[        ] Caching disabled for ExternalDependencyInstrumentingArtifactTransform: /root/.gradle/caches/8.14/transforms/d5f030f8a937e052dee9450cedafc62c/transformed/merge/instrumentation-dependencies.bin because:
[        ]   Build cache is disabled
[        ]   Caching not enabled.
[        ] Caching disabled for MergeInstrumentationAnalysisTransform: /root/.gradle/caches/8.14/transforms/6128a36d6c5d81f189d6adbffa731ac0/transformed/analysis/instrumentation-dependencies.bin because:
[        ]   Build cache is disabled
[        ]   Caching not enabled.
[  +83 ms] Caching disabled for ExternalDependencyInstrumentingArtifactTransform: /root/.gradle/caches/modules-2/files-2.1/com.android.tools.utp/android-test-plugin-host-retention-proto/31.1.0/4319b864edee0328f75afbc17ac4ae8997679420/android-test-plugin-host-retention-proto-31.1.0.jar because:
[   +2 ms]   Build cache is disabled
[        ]   Caching not enabled.
[        ] Caching disabled for MergeInstrumentationAnalysisTransform: /root/.gradle/caches/modules-2/files-2.1/org.jetbrains.kotlin/kotlin-stdlib-jdk8/1.8.20-RC2/3f3b892b2b7261138cc4ad48117553b1eb7e8fc7/kotlin-stdlib-jdk8-1.8.20-RC2.jar because:
[        ]   Build cache is disabled
[        ]   Caching not enabled.
[        ] Caching disabled for MergeInstrumentationAnalysisTransform: /root/.gradle/caches/modules-2/files-2.1/com.android.tools/common/31.1.0/91b8f318da2aeabbbf7042d5a965d5c0292fca80/common-31.1.0.jar because:
[        ]   Build cache is disabled
[        ]   Caching not enabled.
[        ] Caching disabled for ExternalDependencyInstrumentingArtifactTransform: /root/.gradle/caches/modules-2/files-2.1/com.android.tools.utp/android-test-plugin-result-listener-gradle-proto/31.1.0/12e0c415c599bd8768dc1e3db076bbe921db1e08/android-test-plugin-result-listener-gradle-proto-31.1.0.jar because:
[        ]   Build cache is disabled
[        ]   Caching not enabled.
[        ] Caching disabled for MergeInstrumentationAnalysisTransform: /root/.gradle/caches/8.14/transforms/e9244e186eb1c3470adaa77098f26554/transformed/analysis/instrumentation-hierarchy.bin because:
[        ]   Build cache is disabled
[        ]   Caching not enabled.
[        ] Caching disabled for MergeInstrumentationAnalysisTransform: /root/.gradle/caches/8.14/transforms/8371811cf358d3aa8e15dfc29a0fb8e7/transformed/analysis/instrumentation-hierarchy.bin because:
[        ]   Build cache is disabled
[        ]   Caching not enabled.
[        ] Caching disabled for ExternalDependencyInstrumentingArtifactTransform: /root/.gradle/caches/8.14/transforms/c3fbecfbc3bc6690736729444d30a12c/transformed/merge/instrumentation-dependencies.bin because:
[        ]   Build cache is disabled
[        ]   Caching not enabled.
[   +1 ms] Caching disabled for MergeInstrumentationAnalysisTransform: /root/.gradle/caches/modules-2/files-2.1/com.android.tools.build/transform-api/2.0.0-deprecated-use-gradle-api/47f6c56527c42425742fa9b56ffd3fd80763fe03/transform-api-2.0.0-deprecated-use-gradle-api.jar because:
[        ]   Build cache is disabled
[        ]   Caching not enabled.
[        ] Caching disabled for ExternalDependencyInstrumentingArtifactTransform: /root/.gradle/caches/modules-2/files-2.1/com.android.tools/dvlib/31.1.0/73f9e701a49ce55a5efc5ade01238f5fa9b2655d/dvlib-31.1.0.jar because:
[        ]   Build cache is disabled
[        ]   Caching not enabled.
[        ] Caching disabled for ExternalDependencyInstrumentingArtifactTransform: /root/.gradle/caches/8.14/transforms/ff0ae988f0e6ff6427a22a621afb7a72/transformed/merge/instrumentation-dependencies.bin because:
[        ]   Build cache is disabled
[        ]   Caching not enabled.
[        ] Caching disabled for MergeInstrumentationAnalysisTransform: /root/.gradle/caches/8.14/transforms/8fc5c3035a16d1db96c9d750b4008169/transformed/analysis/instrumentation-hierarchy.bin because:
[        ]   Build cache is disabled
[        ]   Caching not enabled.
[        ] Caching disabled for MergeInstrumentationAnalysisTransform: /root/.gradle/caches/8.14/transforms/8371811cf358d3aa8e15dfc29a0fb8e7/transformed/analysis/instrumentation-dependencies.bin because:
[        ]   Build cache is disabled
[        ]   Caching not enabled.
[        ] Caching disabled for MergeInstrumentationAnalysisTransform: /root/.gradle/caches/8.14/transforms/8fc5c3035a16d1db96c9d750b4008169/transformed/analysis/instrumentation-dependencies.bin because:
[        ]   Build cache is disabled
[        ]   Caching not enabled.
[        ] Caching disabled for MergeInstrumentationAnalysisTransform: /root/.gradle/caches/8.14/transforms/d99272768b62a8e687bad3a4811c79bb/transformed/analysis/instrumentation-hierarchy.bin because:
[        ]   Build cache is disabled
[        ]   Caching not enabled.
[        ] Caching disabled for MergeInstrumentationAnalysisTransform: /root/.gradle/caches/8.14/transforms/4be6fb07844ee31250d5fca969f49517/transformed/analysis/instrumentation-hierarchy.bin because:
[        ]   Build cache is disabled
[        ]   Caching not enabled.
[        ] Caching disabled for MergeInstrumentationAnalysisTransform: /root/.gradle/caches/8.14/transforms/e9244e186eb1c3470adaa77098f26554/transformed/analysis/instrumentation-dependencies.bin because:
[        ]   Build cache is disabled
[        ]   Caching not enabled.
[        ] Caching disabled for ExternalDependencyInstrumentingArtifactTransform: /root/.gradle/caches/modules-2/files-2.1/org.jetbrains.kotlin/kotlin-stdlib-jdk8/1.8.20-RC2/3f3b892b2b7261138cc4ad48117553b1eb7e8fc7/kotlin-stdlib-jdk8-1.8.20-RC2.jar because:
[        ]   Build cache is disabled
[        ]   Caching not enabled.
[        ] Caching disabled for MergeInstrumentationAnalysisTransform: /root/.gradle/caches/8.14/transforms/d99272768b62a8e687bad3a4811c79bb/transformed/analysis/instrumentation-dependencies.bin because:
[        ]   Build cache is disabled
[        ]   Caching not enabled.
[        ] Caching disabled for MergeInstrumentationAnalysisTransform: /root/.gradle/caches/modules-2/files-2.1/org.apache.httpcomponents/httpmime/4.5.6/164343da11db817e81e24e0d9869527e069850c9/httpmime-4.5.6.jar because:
[        ]   Build cache is disabled
[        ]   Caching not enabled.
[        ] Caching disabled for MergeInstrumentationAnalysisTransform: /root/.gradle/caches/8.14/transforms/4be6fb07844ee31250d5fca969f49517/transformed/analysis/instrumentation-dependencies.bin because:
[        ]   Build cache is disabled
[        ]   Caching not enabled.
[        ] Caching disabled for MergeInstrumentationAnalysisTransform: /root/.gradle/caches/modules-2/files-2.1/com.android.tools.build.jetifier/jetifier-processor/1.0.0-beta10/946c39eb0c052ff4f60a8939648a8b99af20d604/jetifier-processor-1.0.0-beta10.jar because:
[        ]   Build cache is disabled
[        ]   Caching not enabled.
[        ] Caching disabled for MergeInstrumentationAnalysisTransform: /root/.gradle/caches/8.14/transforms/8c9a8453f682249b13829a5d5b0fcacd/transformed/analysis/instrumentation-hierarchy.bin because:
[        ]   Build cache is disabled
[        ]   Caching not enabled.
[        ] Caching disabled for ExternalDependencyInstrumentingArtifactTransform: /root/.gradle/caches/modules-2/files-2.1/com.android.tools.build/builder-model/8.1.0/daa3c68c4610cdbfdd38f5681d11865190a65389/builder-model-8.1.0.jar because:
[        ]   Build cache is disabled
[        ]   Caching not enabled.
[        ] Caching disabled for MergeInstrumentationAnalysisTransform: /root/.gradle/caches/modules-2/files-2.1/commons-io/commons-io/2.4/b1b6ea3b7e4aa4f492509a4952029cd8e48019ad/commons-io-2.4.jar because:
[        ]   Build cache is disabled
[        ]   Caching not enabled.
[        ] Caching disabled for MergeInstrumentationAnalysisTransform: /root/.gradle/caches/8.14/transforms/f6553c2af7a5b0e2bc81648d843da3f1/transformed/analysis/instrumentation-hierarchy.bin because:
[        ]   Build cache is disabled
[        ]   Caching not enabled.
[        ] Caching disabled for MergeInstrumentationAnalysisTransform: /root/.gradle/caches/modules-2/files-2.1/org.ow2.asm/asm-commons/9.2/f4d7f0fc9054386f2893b602454d48e07d4fbead/asm-commons-9.2.jar because:
[        ]   Build cache is disabled
[        ]   Caching not enabled.
[        ] Caching disabled for MergeInstrumentationAnalysisTransform: /root/.gradle/caches/8.14/transforms/31d7bd5d34902e124aa212ddd6dcf1ad/transformed/analysis/instrumentation-hierarchy.bin because:
[        ]   Build cache is disabled
[        ]   Caching not enabled.
[        ] Caching disabled for MergeInstrumentationAnalysisTransform: /root/.gradle/caches/8.14/transforms/8c9a8453f682249b13829a5d5b0fcacd/transformed/analysis/instrumentation-dependencies.bin because:
[        ]   Build cache is disabled
[        ]   Caching not enabled.
[        ] Caching disabled for MergeInstrumentationAnalysisTransform: /root/.gradle/caches/8.14/transforms/ea0fbbac8d362d1b1b0f7c951c957677/transformed/analysis/instrumentation-hierarchy.bin because:
[        ]   Build cache is disabled
[        ]   Caching not enabled.
[        ] Caching disabled for MergeInstrumentationAnalysisTransform: /root/.gradle/caches/8.14/transforms/aefa1cef986932ae3e12e922552e8f69/transformed/analysis/instrumentation-hierarchy.bin because:
[        ]   Build cache is disabled
[        ]   Caching not enabled.
[        ] Caching disabled for MergeInstrumentationAnalysisTransform: /root/.gradle/caches/modules-2/files-2.1/org.ow2.asm/asm-util/9.2/fbc178fc5ba3dab50fd7e8a5317b8b647c8e8946/asm-util-9.2.jar because:
[        ]   Build cache is disabled
[        ]   Caching not enabled.
[        ] Caching disabled for MergeInstrumentationAnalysisTransform: /root/.gradle/caches/8.14/transforms/31d7bd5d34902e124aa212ddd6dcf1ad/transformed/analysis/instrumentation-dependencies.bin because:
[        ]   Build cache is disabled
[        ]   Caching not enabled.
[        ] Caching disabled for MergeInstrumentationAnalysisTransform: /root/.gradle/caches/8.14/transforms/7d0b495da3e94b9513f7899aa4fc052a/transformed/analysis/instrumentation-hierarchy.bin because:
[        ]   Build cache is disabled
[        ]   Caching not enabled.
[        ] Caching disabled for MergeInstrumentationAnalysisTransform: /root/.gradle/caches/8.14/transforms/f6553c2af7a5b0e2bc81648d843da3f1/transformed/analysis/instrumentation-dependencies.bin because:
[        ]   Build cache is disabled
[        ]   Caching not enabled.
[        ] Caching disabled for MergeInstrumentationAnalysisTransform: /root/.gradle/caches/modules-2/files-2.1/org.ow2.asm/asm-analysis/9.2/7487dd756daf96cab9986e44b9d7bcb796a61c10/asm-analysis-9.2.jar because:
[        ]   Build cache is disabled
[        ]   Caching not enabled.
[        ] Caching disabled for MergeInstrumentationAnalysisTransform: /root/.gradle/caches/8.14/transforms/38718154af92971d236fd5af51511df9/transformed/analysis/instrumentation-hierarchy.bin because:
[        ]   Build cache is disabled
[        ]   Caching not enabled.
[        ] Caching disabled for MergeInstrumentationAnalysisTransform: /root/.gradle/caches/8.14/transforms/ea0fbbac8d362d1b1b0f7c951c957677/transformed/analysis/instrumentation-dependencies.bin because:
[        ]   Build cache is disabled
[        ]   Caching not enabled.
[        ] Caching disabled for MergeInstrumentationAnalysisTransform: /root/.gradle/caches/8.14/transforms/aefa1cef986932ae3e12e922552e8f69/transformed/analysis/instrumentation-dependencies.bin because:
[        ]   Build cache is disabled
[        ]   Caching not enabled.
[        ] Caching disabled for MergeInstrumentationAnalysisTransform: /root/.gradle/caches/8.14/transforms/7d0b495da3e94b9513f7899aa4fc052a/transformed/analysis/instrumentation-dependencies.bin because:
[        ]   Build cache is disabled
[        ]   Caching not enabled.
[        ] Caching disabled for MergeInstrumentationAnalysisTransform: /root/.gradle/caches/8.14/transforms/45f515a74421b5d14c88fcb72eeba950/transformed/analysis/instrumentation-hierarchy.bin because:
[        ]   Build cache is disabled
[        ]   Caching not enabled.
[        ] Caching disabled for MergeInstrumentationAnalysisTransform: /root/.gradle/caches/8.14/transforms/38718154af92971d236fd5af51511df9/transformed/analysis/instrumentation-dependencies.bin because:
[        ]   Build cache is disabled
[        ]   Caching not enabled.
[        ] Caching disabled for MergeInstrumentationAnalysisTransform: /root/.gradle/caches/modules-2/files-2.1/org.ow2.asm/asm/9.2/81a03f76019c67362299c40e0ba13405f5467bff/asm-9.2.jar because:
[        ]   Build cache is disabled
[        ]   Caching not enabled.
[        ] Caching disabled for MergeInstrumentationAnalysisTransform: /root/.gradle/caches/modules-2/files-2.1/org.ow2.asm/asm-tree/9.2/d96c99a30f5e1a19b0e609dbb19a44d8518ac01e/asm-tree-9.2.jar because:
[        ]   Build cache is disabled
[        ]   Caching not enabled.
[        ] Caching disabled for MergeInstrumentationAnalysisTransform: /root/.gradle/caches/8.14/transforms/45f515a74421b5d14c88fcb72eeba950/transformed/analysis/instrumentation-dependencies.bin because:
[        ]   Build cache is disabled
[        ]   Caching not enabled.
[        ] Caching disabled for MergeInstrumentationAnalysisTransform: /root/.gradle/caches/modules-2/files-2.1/com.android.tools.build/apkzlib/8.1.0/cac4447eae289138e1cbbfe13a0d8bb6b4255e56/apkzlib-8.1.0.jar because:
[        ]   Build cache is disabled
[        ]   Caching not enabled.
[        ] Caching disabled for MergeInstrumentationAnalysisTransform: /root/.gradle/caches/8.14/transforms/214e8f2365bd43e4a8ccb1573a478784/transformed/analysis/instrumentation-hierarchy.bin because:
[        ]   Build cache is disabled
[        ]   Caching not enabled.
[        ] Caching disabled for MergeInstrumentationAnalysisTransform: /root/.gradle/caches/modules-2/files-2.1/org.bouncycastle/bcpkix-jdk15on/1.67/5f48020a2a60a8d6bcbecceca23529d225b28efb/bcpkix-jdk15on-1.67.jar because:
[        ]   Build cache is disabled
[        ]   Caching not enabled.
[        ] Caching disabled for MergeInstrumentationAnalysisTransform: /root/.gradle/caches/modules-2/files-2.1/net.sf.jopt-simple/jopt-simple/4.9/ee9e9eaa0a35360dcfeac129ff4923215fd65904/jopt-simple-4.9.jar because:
[        ]   Build cache is disabled
[        ]   Caching not enabled.
[        ] Caching disabled for MergeInstrumentationAnalysisTransform: /root/.gradle/caches/8.14/transforms/b151d41c0d08d04605bcd0f0d4bce1f8/transformed/analysis/instrumentation-hierarchy.bin because:
[        ]   Build cache is disabled
[        ]   Caching not enabled.
[        ] Caching disabled for MergeInstrumentationAnalysisTransform: /root/.gradle/caches/modules-2/files-2.1/org.glassfish.jaxb/jaxb-runtime/2.3.2/5528bc882ea499a09d720b42af11785c4fc6be2a/jaxb-runtime-2.3.2.jar because:
[        ]   Build cache is disabled
[        ]   Caching not enabled.
[        ] Caching disabled for MergeInstrumentationAnalysisTransform: /root/.gradle/caches/8.14/transforms/214e8f2365bd43e4a8ccb1573a478784/transformed/analysis/instrumentation-dependencies.bin because:
[        ]   Build cache is disabled
[        ]   Caching not enabled.
[        ] Caching disabled for ExternalDependencyInstrumentingArtifactTransform: /root/.gradle/caches/8.14/transforms/a9d9e709f6d40ad948ebd5adda6b90cd/transformed/merge/instrumentation-dependencies.bin because:
[        ]   Build cache is disabled
[        ]   Caching not enabled.
[        ] Caching disabled for MergeInstrumentationAnalysisTransform: /root/.gradle/caches/modules-2/files-2.1/com.android.tools.build.jetifier/jetifier-core/1.0.0-beta10/6e621022a9c95af12a7004d6b55805bbd1126837/jetifier-core-1.0.0-beta10.jar because:
[        ]   Build cache is disabled
[        ]   Caching not enabled.
[        ] Caching disabled for MergeInstrumentationAnalysisTransform: /root/.gradle/caches/8.14/transforms/159844a99a9e875a03267ac8bd99b745/transformed/analysis/instrumentation-hierarchy.bin because:
[        ]   Build cache is disabled
[        ]   Caching not enabled.
[        ] Caching disabled for MergeInstrumentationAnalysisTransform: /root/.gradle/caches/8.14/transforms/8f3c72fc33a299bf4168ea60a7d6dcbd/transformed/analysis/instrumentation-hierarchy.bin because:
[        ]   Build cache is disabled
[        ]   Caching not enabled.
[        ] Caching disabled for MergeInstrumentationAnalysisTransform: /root/.gradle/caches/8.14/transforms/159844a99a9e875a03267ac8bd99b745/transformed/analysis/instrumentation-dependencies.bin because:
[        ]   Build cache is disabled
[        ]   Caching not enabled.
[        ] Caching disabled for MergeInstrumentationAnalysisTransform: /root/.gradle/caches/8.14/transforms/b151d41c0d08d04605bcd0f0d4bce1f8/transformed/analysis/instrumentation-dependencies.bin because:
[        ]   Build cache is disabled
[        ]   Caching not enabled.
[        ] Caching disabled for MergeInstrumentationAnalysisTransform: /root/.gradle/caches/8.14/transforms/3e83c5e015ff5eddb5be864189ca60b6/transformed/analysis/instrumentation-hierarchy.bin because:
[        ]   Build cache is disabled
[        ]   Caching not enabled.
[        ] Caching disabled for MergeInstrumentationAnalysisTransform: /root/.gradle/caches/8.14/transforms/8f3c72fc33a299bf4168ea60a7d6dcbd/transformed/analysis/instrumentation-dependencies.bin because:
[        ]   Build cache is disabled
[        ]   Caching not enabled.
[        ] Caching disabled for MergeInstrumentationAnalysisTransform: /root/.gradle/caches/modules-2/files-2.1/com.squareup/javapoet/1.10.0/712c178d35185d8261295913c9f2a7d6867a6007/javapoet-1.10.0.jar because:
[        ]   Build cache is disabled
[        ]   Caching not enabled.
[        ] Caching disabled for MergeInstrumentationAnalysisTransform: /root/.gradle/caches/modules-2/files-2.1/io.grpc/grpc-protobuf/1.45.1/480d2a8c2592c7067d2fe9cc773d3a36402bc463/grpc-protobuf-1.45.1.jar because:
[        ]   Build cache is disabled
[        ]   Caching not enabled.
[        ] Caching disabled for MergeInstrumentationAnalysisTransform: /root/.gradle/caches/modules-2/files-2.1/com.google.protobuf/protobuf-java-util/3.19.3/3e6812cbbb7e6faffa7b56438740dec510e1fc1a/protobuf-java-util-3.19.3.jar because:
[        ]   Build cache is disabled
[        ]   Caching not enabled.
[        ] Caching disabled for MergeInstrumentationAnalysisTransform: /root/.gradle/caches/8.14/transforms/792cb9c7b77094b2979a89e0f6813390/transformed/analysis/instrumentation-hierarchy.bin because:
[        ]   Build cache is disabled
[        ]   Caching not enabled.
[        ] Caching disabled for MergeInstrumentationAnalysisTransform: /root/.gradle/caches/8.14/transforms/3e83c5e015ff5eddb5be864189ca60b6/transformed/analysis/instrumentation-dependencies.bin because:
[        ]   Build cache is disabled
[        ]   Caching not enabled.
[        ] Caching disabled for ExternalDependencyInstrumentingArtifactTransform: /root/.gradle/caches/modules-2/files-2.1/com.android.tools/common/31.1.0/91b8f318da2aeabbbf7042d5a965d5c0292fca80/common-31.1.0.jar because:
[        ]   Build cache is disabled
[        ]   Caching not enabled.
[        ] Caching disabled for MergeInstrumentationAnalysisTransform: /root/.gradle/caches/8.14/transforms/49d33b0f8d292b9727ecde589dd8db16/transformed/analysis/instrumentation-hierarchy.bin because:
[        ]   Build cache is disabled
[        ]   Caching not enabled.
[        ] Caching disabled for MergeInstrumentationAnalysisTransform: /root/.gradle/caches/8.14/transforms/22c823b7d19f9a92820f3be955278468/transformed/analysis/instrumentation-hierarchy.bin because:
[        ]   Build cache is disabled
[        ]   Caching not enabled.
[        ] Caching disabled for MergeInstrumentationAnalysisTransform: /root/.gradle/caches/8.14/transforms/792cb9c7b77094b2979a89e0f6813390/transformed/analysis/instrumentation-dependencies.bin because:
[        ]   Build cache is disabled
[        ]   Caching not enabled.
[        ] Caching disabled for MergeInstrumentationAnalysisTransform: /root/.gradle/caches/8.14/transforms/975cc7fa82892f7c90007cef414d2313/transformed/analysis/instrumentation-hierarchy.bin because:
[        ]   Build cache is disabled
[        ]   Caching not enabled.
[        ] Caching disabled for MergeInstrumentationAnalysisTransform: /root/.gradle/caches/8.14/transforms/975cc7fa82892f7c90007cef414d2313/transformed/analysis/instrumentation-dependencies.bin because:
[        ]   Build cache is disabled
[        ]   Caching not enabled.
[        ] Caching disabled for MergeInstrumentationAnalysisTransform: /root/.gradle/caches/modules-2/files-2.1/com.google.crypto.tink/tink/1.7.0/668b57f109d32349b2870448f06ae6f202713edc/tink-1.7.0.jar because:
[        ]   Build cache is disabled
[        ]   Caching not enabled.
[        ] Caching disabled for MergeInstrumentationAnalysisTransform: /root/.gradle/caches/8.14/transforms/22c823b7d19f9a92820f3be955278468/transformed/analysis/instrumentation-dependencies.bin because:
[        ]   Build cache is disabled
[        ]   Caching not enabled.
[        ] Caching disabled for MergeInstrumentationAnalysisTransform: /root/.gradle/caches/8.14/transforms/1e65a939a84c50dc5637f10e635ac0e8/transformed/analysis/instrumentation-hierarchy.bin because:
[        ]   Build cache is disabled
[        ]   Caching not enabled.
[        ] Caching disabled for MergeInstrumentationAnalysisTransform: /root/.gradle/caches/8.14/transforms/49d33b0f8d292b9727ecde589dd8db16/transformed/analysis/instrumentation-dependencies.bin because:
[        ]   Build cache is disabled
[        ]   Caching not enabled.
[        ] Caching disabled for MergeInstrumentationAnalysisTransform: /root/.gradle/caches/8.14/transforms/1e65a939a84c50dc5637f10e635ac0e8/transformed/analysis/instrumentation-dependencies.bin because:
[        ]   Build cache is disabled
[        ]   Caching not enabled.
[        ] Caching disabled for MergeInstrumentationAnalysisTransform: /root/.gradle/caches/modules-2/files-2.1/com.google.api.grpc/proto-google-common-protos/2.0.1/20827628ea2b9f69ae22987b2aedb0050e9c470d/proto-google-common-protos-2.0.1.jar because:
[        ]   Build cache is disabled
[        ]   Caching not enabled.
[        ] Caching disabled for MergeInstrumentationAnalysisTransform: /root/.gradle/caches/8.14/transforms/a56f136059c6b29606e4676ce65b9e4c/transformed/analysis/instrumentation-hierarchy.bin because:
[        ]   Build cache is disabled
[        ]   Caching not enabled.
[        ] Caching disabled for MergeInstrumentationAnalysisTransform: /root/.gradle/caches/modules-2/files-2.1/io.grpc/grpc-netty/1.45.1/e2a1bc48548213144f00aa709c4da92626b35cd8/grpc-netty-1.45.1.jar because:
[        ]   Build cache is disabled
[        ]   Caching not enabled.
[        ] Caching disabled for MergeInstrumentationAnalysisTransform: /root/.gradle/caches/8.14/transforms/86b461e745d6e10a87d288e0396f7dab/transformed/analysis/instrumentation-hierarchy.bin because:
[        ]   Build cache is disabled
[        ]   Caching not enabled.
[        ] Caching disabled for MergeInstrumentationAnalysisTransform: /root/.gradle/caches/modules-2/files-2.1/com.google.protobuf/protobuf-java/3.19.3/4b57f1b1b9e281231c3fcfc039ce3021e29ff570/protobuf-java-3.19.3.jar because:
[        ]   Build cache is disabled
[        ]   Caching not enabled.
[        ] Caching disabled for MergeInstrumentationAnalysisTransform: /root/.gradle/caches/modules-2/files-2.1/io.grpc/grpc-core/1.45.1/9d886fc7d591fac00cd1bbd2347ba66efb31ef20/grpc-core-1.45.1.jar because:
[        ]   Build cache is disabled
[        ]   Caching not enabled.
[        ] Caching disabled for MergeInstrumentationAnalysisTransform: /root/.gradle/caches/8.14/transforms/a56f136059c6b29606e4676ce65b9e4c/transformed/analysis/instrumentation-dependencies.bin because:
[        ]   Build cache is disabled
[        ]   Caching not enabled.
[        ] Caching disabled for MergeInstrumentationAnalysisTransform: /root/.gradle/caches/modules-2/files-2.1/com.google.code.gson/gson/2.8.9/8a432c1d6825781e21a02db2e2c33c5fde2833b9/gson-2.8.9.jar because:
[        ]   Build cache is disabled
[        ]   Caching not enabled.
[        ] Caching disabled for MergeInstrumentationAnalysisTransform: /root/.gradle/caches/8.14/transforms/86b461e745d6e10a87d288e0396f7dab/transformed/analysis/instrumentation-dependencies.bin because:
[        ]   Build cache is disabled
[        ]   Caching not enabled.
[        ] Caching disabled for MergeInstrumentationAnalysisTransform: /root/.gradle/caches/8.14/transforms/29652b12d54e1ca59c7fe2266799493b/transformed/analysis/instrumentation-hierarchy.bin because:
[        ]   Build cache is disabled
[        ]   Caching not enabled.
[        ] Caching disabled for MergeInstrumentationAnalysisTransform: /root/.gradle/caches/8.14/transforms/e1af31b6f6841aeef4f866f19498c6b7/transformed/analysis/instrumentation-hierarchy.bin because:
[        ]   Build cache is disabled
[        ]   Caching not enabled.
[        ] Caching disabled for MergeInstrumentationAnalysisTransform: /root/.gradle/caches/8.14/transforms/c56e0f9f742b0e91c5f059fa93402028/transformed/analysis/instrumentation-hierarchy.bin because:
[        ]   Build cache is disabled
[        ]   Caching not enabled.
[        ] Caching disabled for MergeInstrumentationAnalysisTransform: /root/.gradle/caches/modules-2/files-2.1/com.android.tools.analytics-library/protos/31.1.0/99ddc33efcbf4e614f52ac43b718f439e367aae3/protos-31.1.0.jar because:
[        ]   Build cache is disabled
[        ]   Caching not enabled.
[        ] Caching disabled for MergeInstrumentationAnalysisTransform: /root/.gradle/caches/8.14/transforms/6be4171f6299dd07cc76b20b0cb9d780/transformed/analysis/instrumentation-hierarchy.bin because:
[        ]   Build cache is disabled
[        ]   Caching not enabled.
[        ] Caching disabled for ExternalDependencyInstrumentingArtifactTransform: /root/.gradle/caches/modules-2/files-2.1/com.android.tools.build/apkzlib/8.1.0/cac4447eae289138e1cbbfe13a0d8bb6b4255e56/apkzlib-8.1.0.jar because:
[        ]   Build cache is disabled
[        ]   Caching not enabled.
[        ] Caching disabled for MergeInstrumentationAnalysisTransform: /root/.gradle/caches/8.14/transforms/29652b12d54e1ca59c7fe2266799493b/transformed/analysis/instrumentation-dependencies.bin because:
[        ]   Build cache is disabled
[        ]   Caching not enabled.
[        ] Caching disabled for MergeInstrumentationAnalysisTransform: /root/.gradle/caches/modules-2/files-2.1/io.grpc/grpc-stub/1.45.1/3cf1d4ef88808bbabea5d929b78854ccc7f95242/grpc-stub-1.45.1.jar because:
[        ]   Build cache is disabled
[        ]   Caching not enabled.
[        ] Caching disabled for MergeInstrumentationAnalysisTransform: /root/.gradle/caches/8.14/transforms/c56e0f9f742b0e91c5f059fa93402028/transformed/analysis/instrumentation-dependencies.bin because:
[        ]   Build cache is disabled
[        ]   Caching not enabled.
[        ] Caching disabled for MergeInstrumentationAnalysisTransform: /root/.gradle/caches/8.14/transforms/e1af31b6f6841aeef4f866f19498c6b7/transformed/analysis/instrumentation-dependencies.bin because:
[        ]   Build cache is disabled
[        ]   Caching not enabled.
[        ] Caching disabled for ExternalDependencyInstrumentingArtifactTransform: /root/.gradle/caches/8.14/transforms/c97bf0dcd06f749144fa241aa56ac480/transformed/merge/instrumentation-dependencies.bin because:
[        ]   Build cache is disabled
[        ]   Caching not enabled.
[        ] Caching disabled for MergeInstrumentationAnalysisTransform: /root/.gradle/caches/modules-2/files-2.1/com.google.testing.platform/core-proto/0.0.8-alpha08/72ca52065789993f2f029b34d797813c467d5d74/core-proto-0.0.8-alpha08.jar because:
[        ]   Build cache is disabled
[        ]   Caching not enabled.
[        ] Caching disabled for MergeInstrumentationAnalysisTransform: /root/.gradle/caches/8.14/transforms/6be4171f6299dd07cc76b20b0cb9d780/transformed/analysis/instrumentation-dependencies.bin because:
[        ]   Build cache is disabled
[        ]   Caching not enabled.
[        ] Caching disabled for MergeInstrumentationAnalysisTransform: /root/.gradle/caches/8.14/transforms/c31e95acd1ccbab84a5ed0b013a0d7c3/transformed/analysis/instrumentation-hierarchy.bin because:
[        ]   Build cache is disabled
[        ]   Caching not enabled.
[        ] Caching disabled for MergeInstrumentationAnalysisTransform: /root/.gradle/caches/8.14/transforms/b0d7c7ecefc6fc666912a8827f649d45/transformed/analysis/instrumentation-hierarchy.bin because:
[        ]   Build cache is disabled
[        ]   Caching not enabled.
[        ] Caching disabled for MergeInstrumentationAnalysisTransform: /root/.gradle/caches/8.14/transforms/085c8e3cffcb4d744207d95955d401ac/transformed/analysis/instrumentation-hierarchy.bin because:
[        ]   Build cache is disabled
[        ]   Caching not enabled.
[        ] Caching disabled for MergeInstrumentationAnalysisTransform: /root/.gradle/caches/modules-2/files-2.1/org.tensorflow/tensorflow-lite-metadata/0.1.0-rc2/7aa9b3e16d85c2aae5eff741265315a37c9f731a/tensorflow-lite-metadata-0.1.0-rc2.jar because:
[        ]   Build cache is disabled
[        ]   Caching not enabled.
[        ] Caching disabled for MergeInstrumentationAnalysisTransform: /root/.gradle/caches/8.14/transforms/c31e95acd1ccbab84a5ed0b013a0d7c3/transformed/analysis/instrumentation-dependencies.bin because:
[        ]   Build cache is disabled
[        ]   Caching not enabled.
[        ] Caching disabled for MergeInstrumentationAnalysisTransform: /root/.gradle/caches/modules-2/files-2.1/com.google.flatbuffers/flatbuffers-java/1.12.0/8201cc7b511177a37071249e891f2f2fea4b32e9/flatbuffers-java-1.12.0.jar because:
[        ]   Build cache is disabled
[        ]   Caching not enabled.
[        ] Caching disabled for MergeInstrumentationAnalysisTransform: /root/.gradle/caches/8.14/transforms/085c8e3cffcb4d744207d95955d401ac/transformed/analysis/instrumentation-dependencies.bin because:
[        ]   Build cache is disabled
[        ]   Caching not enabled.
[        ] Caching disabled for MergeInstrumentationAnalysisTransform: /root/.gradle/caches/8.14/transforms/9638b6bddc0babae7e0b067770a84b14/transformed/analysis/instrumentation-hierarchy.bin because:
[        ]   Build cache is disabled
[        ]   Caching not enabled.
[  +62 ms] Caching disabled for MergeInstrumentationAnalysisTransform: /root/.gradle/caches/8.14/transforms/b0d7c7ecefc6fc666912a8827f649d45/transformed/analysis/instrumentation-dependencies.bin because:
[        ]   Build cache is disabled
[        ]   Caching not enabled.
[        ] Caching disabled for MergeInstrumentationAnalysisTransform: /root/.gradle/caches/modules-2/files-2.1/org.jetbrains.kotlin/kotlin-gradle-plugin-idea/1.8.22/13317df8a0bde5c9ff11de6bfc24ca47466786a9/kotlin-gradle-plugin-idea-1.8.22.jar because:
[        ]   Build cache is disabled
[        ]   Caching not enabled.
[        ] Caching disabled for MergeInstrumentationAnalysisTransform: /root/.gradle/caches/modules-2/files-2.1/org.jetbrains.kotlin/kotlin-gradle-plugin-idea-proto/1.8.22/3b251e51fc3df911a5d99e3bad2aa99faf5cff44/kotlin-gradle-plugin-idea-proto-1.8.22.jar because:
[        ]   Build cache is disabled
[        ]   Caching not enabled.
[        ] Caching disabled for MergeInstrumentationAnalysisTransform: /root/.gradle/caches/8.14/transforms/1ba560dd00679a852e593bd2846882cb/transformed/analysis/instrumentation-hierarchy.bin because:
[        ]   Build cache is disabled
[        ]   Caching not enabled.
[        ] Caching disabled for MergeInstrumentationAnalysisTransform: /root/.gradle/caches/8.14/transforms/9638b6bddc0babae7e0b067770a84b14/transformed/analysis/instrumentation-dependencies.bin because:
[        ]   Build cache is disabled
[        ]   Caching not enabled.
[        ] Caching disabled for MergeInstrumentationAnalysisTransform: /root/.gradle/caches/modules-2/files-2.1/org.jetbrains.kotlin/kotlin-project-model/1.8.22/3cbfe8165834b2554b516b620d168af6f635fbda/kotlin-project-model-1.8.22.jar because:
[        ]   Build cache is disabled
[        ]   Caching not enabled.
[        ] Caching disabled for ExternalDependencyInstrumentingArtifactTransform: /root/.gradle/caches/8.14/transforms/453abe5bde944b710340b84a2b8e711b/transformed/merge/instrumentation-dependencies.bin because:
[        ]   Build cache is disabled
[        ]   Caching not enabled.
[        ] Caching disabled for MergeInstrumentationAnalysisTransform: /root/.gradle/caches/modules-2/files-2.1/org.jetbrains.kotlin/kotlin-util-klib/1.8.22/d484370a3da8335f797a64fbec1874cf19e48677/kotlin-util-klib-1.8.22.jar because:
[        ]   Build cache is disabled
[        ]   Caching not enabled.
[        ] Caching disabled for MergeInstrumentationAnalysisTransform: /root/.gradle/caches/8.14/transforms/1ba560dd00679a852e593bd2846882cb/transformed/analysis/instrumentation-dependencies.bin because:
[        ]   Build cache is disabled
[        ]   Caching not enabled.
[        ] Caching disabled for ExternalDependencyInstrumentingArtifactTransform: /root/.gradle/caches/8.14/transforms/39512f2895a8416c26c8f865821119c0/transformed/merge/instrumentation-dependencies.bin because:
[        ]   Build cache is disabled
[        ]   Caching not enabled.
[   +2 ms] Caching disabled for MergeInstrumentationAnalysisTransform: /root/.gradle/caches/modules-2/files-2.1/org.jetbrains.kotlin/kotlin-tooling-core/1.8.22/6ab3d6c8e8d13c2748ecf0b74978fbd191def027/kotlin-tooling-core-1.8.22.jar because:
[        ]   Build cache is disabled
[        ]   Caching not enabled.
[        ] Caching disabled for ExternalDependencyInstrumentingArtifactTransform: /root/.gradle/caches/8.14/transforms/6631e0cc4a900fde24133719dda0168c/transformed/merge/instrumentation-dependencies.bin because:
[        ]   Build cache is disabled
[        ]   Caching not enabled.
[        ] Caching disabled for ExternalDependencyInstrumentingArtifactTransform: /root/.gradle/caches/8.14/transforms/951bb4389e61a0a4b7e212afa2f643e9/transformed/merge/instrumentation-dependencies.bin because:
[        ]   Build cache is disabled
[        ]   Caching not enabled.
[        ] Caching disabled for MergeInstrumentationAnalysisTransform: /root/.gradle/caches/modules-2/files-2.1/org.jetbrains.kotlin/kotlin-klib-commonizer-api/1.8.22/f0af2584b657433abca539ccb0aaee9bd1771371/kotlin-klib-commonizer-api-1.8.22.jar because:
[        ]   Build cache is disabled
[        ]   Caching not enabled.
[        ] Caching disabled for MergeInstrumentationAnalysisTransform: /root/.gradle/caches/modules-2/files-2.1/org.jetbrains.kotlin/kotlin-annotation-processing-gradle/1.8.22/28dab7e0ee9ce62c03bf97de3543c911dc653700/kotlin-annotation-processing-gradle-1.8.22.jar because:
[        ]   Build cache is disabled
[        ]   Caching not enabled.
[        ] Caching disabled for ExternalDependencyInstrumentingArtifactTransform: /root/.gradle/caches/8.14/transforms/d63d90195747fe5943b1195e71675cc8/transformed/merge/instrumentation-dependencies.bin because:
[        ]   Build cache is disabled
[        ]   Caching not enabled.
[        ] Caching disabled for ExternalDependencyInstrumentingArtifactTransform: /root/.gradle/caches/8.14/transforms/4ea03a91e098a47ec5beed7ef9612348/transformed/merge/instrumentation-dependencies.bin because:
[        ]   Build cache is disabled
[        ]   Caching not enabled.
[   +1 ms] Caching disabled for ExternalDependencyInstrumentingArtifactTransform: /root/.gradle/caches/8.14/transforms/ba9f21bf572e43ccecedcd3fa05844c2/transformed/merge/instrumentation-dependencies.bin because:
[        ]   Build cache is disabled
[        ]   Caching not enabled.
[        ] Caching disabled for ExternalDependencyInstrumentingArtifactTransform: /root/.gradle/caches/modules-2/files-2.1/org.jetbrains.kotlin/kotlin-project-model/1.8.22/3cbfe8165834b2554b516b620d168af6f635fbda/kotlin-project-model-1.8.22.jar because:
[        ]   Build cache is disabled
[        ]   Caching not enabled.
[        ] Caching disabled for ExternalDependencyInstrumentingArtifactTransform: /root/.gradle/caches/modules-2/files-2.1/org.jetbrains.kotlin/kotlin-gradle-plugin-idea/1.8.22/13317df8a0bde5c9ff11de6bfc24ca47466786a9/kotlin-gradle-plugin-idea-1.8.22.jar because:
[        ]   Build cache is disabled
[        ]   Caching not enabled.
[        ] Caching disabled for MergeInstrumentationAnalysisTransform: /root/.gradle/caches/8.14/transforms/993e17f331347cb8f6681834127154b6/transformed/analysis/instrumentation-hierarchy.bin because:
[        ]   Build cache is disabled
[        ]   Caching not enabled.
[        ] Caching disabled for MergeInstrumentationAnalysisTransform: /root/.gradle/caches/8.14/transforms/2e28832dd1afadc73b6ca99836f52651/transformed/analysis/instrumentation-hierarchy.bin because:
[        ]   Build cache is disabled
[        ]   Caching not enabled.
[        ] Caching disabled for MergeInstrumentationAnalysisTransform: /root/.gradle/caches/8.14/transforms/993e17f331347cb8f6681834127154b6/transformed/analysis/instrumentation-dependencies.bin because:
[        ]   Build cache is disabled
[        ]   Caching not enabled.
[        ] Caching disabled for MergeInstrumentationAnalysisTransform: /root/.gradle/caches/8.14/transforms/2e28832dd1afadc73b6ca99836f52651/transformed/analysis/instrumentation-dependencies.bin because:
[        ]   Build cache is disabled
[        ]   Caching not enabled.
[        ] Caching disabled for ExternalDependencyInstrumentingArtifactTransform: /root/.gradle/caches/modules-2/files-2.1/org.jetbrains.kotlin/kotlin-klib-commonizer-api/1.8.22/f0af2584b657433abca539ccb0aaee9bd1771371/kotlin-klib-commonizer-api-1.8.22.jar because:
[        ]   Build cache is disabled
[        ]   Caching not enabled.
[        ] Caching disabled for ExternalDependencyInstrumentingArtifactTransform: /root/.gradle/caches/modules-2/files-2.1/org.jetbrains.kotlin/kotlin-tooling-core/1.8.22/6ab3d6c8e8d13c2748ecf0b74978fbd191def027/kotlin-tooling-core-1.8.22.jar because:
[        ]   Build cache is disabled
[        ]   Caching not enabled.
[        ] Caching disabled for MergeInstrumentationAnalysisTransform: /root/.gradle/caches/modules-2/files-2.1/org.jetbrains.kotlin/kotlin-android-extensions/1.8.22/cd27e52201413ca700dbd41ecfa5b650d4efb011/kotlin-android-extensions-1.8.22.jar because:
[        ]   Build cache is disabled
[        ]   Caching not enabled.
[        ] Caching disabled for ExternalDependencyInstrumentingArtifactTransform: /root/.gradle/caches/modules-2/files-2.1/org.jetbrains.kotlin/kotlin-util-klib/1.8.22/d484370a3da8335f797a64fbec1874cf19e48677/kotlin-util-klib-1.8.22.jar because:
[        ]   Build cache is disabled
[        ]   Caching not enabled.
[        ] Caching disabled for MergeInstrumentationAnalysisTransform: /root/.gradle/caches/modules-2/files-2.1/org.jetbrains.kotlin/kotlin-compiler-runner/1.8.22/4890a8a8075cc80d366c69390c915853148b3a41/kotlin-compiler-runner-1.8.22.jar because:
[        ]   Build cache is disabled
[        ]   Caching not enabled.
[        ] Caching disabled for MergeInstrumentationAnalysisTransform: /root/.gradle/caches/8.14/transforms/9718780cf1b84b53b3ad17948999dbf1/transformed/analysis/instrumentation-hierarchy.bin because:
[        ]   Build cache is disabled
[        ]   Caching not enabled.
[        ] Caching disabled for ExternalDependencyInstrumentingArtifactTransform: /root/.gradle/caches/8.14/transforms/8bfa079f719d2db21b7a820d70c3e655/transformed/merge/instrumentation-dependencies.bin because:
[        ]   Build cache is disabled
[        ]   Caching not enabled.
[        ] Caching disabled for MergeInstrumentationAnalysisTransform: /root/.gradle/caches/8.14/transforms/fdce18982e82bc85e4971ab8631d4ed5/transformed/analysis/instrumentation-hierarchy.bin because:
[        ]   Build cache is disabled
[        ]   Caching not enabled.
[        ] Caching disabled for MergeInstrumentationAnalysisTransform: /root/.gradle/caches/8.14/transforms/9718780cf1b84b53b3ad17948999dbf1/transformed/analysis/instrumentation-dependencies.bin because:
[        ]   Build cache is disabled
[        ]   Caching not enabled.
[        ] Caching disabled for ExternalDependencyInstrumentingArtifactTransform: /root/.gradle/caches/8.14/transforms/6d72b88bd6a65f8e1e18fbf963a90535/transformed/merge/instrumentation-dependencies.bin because:
[        ]   Build cache is disabled
[        ]   Caching not enabled.
[        ] Caching disabled for MergeInstrumentationAnalysisTransform: /root/.gradle/caches/8.14/transforms/fdce18982e82bc85e4971ab8631d4ed5/transformed/analysis/instrumentation-dependencies.bin because:
[        ]   Build cache is disabled
[        ]   Caching not enabled.
[        ] Caching disabled for MergeInstrumentationAnalysisTransform: /root/.gradle/caches/8.14/transforms/a909206edaf9332c7fa15795bddc9def/transformed/analysis/instrumentation-hierarchy.bin because:
[        ]   Build cache is disabled
[        ]   Caching not enabled.
[        ] Caching disabled for ExternalDependencyInstrumentingArtifactTransform: /root/.gradle/caches/modules-2/files-2.1/org.jetbrains.kotlin/kotlin-compiler-runner/1.8.22/4890a8a8075cc80d366c69390c915853148b3a41/kotlin-compiler-runner-1.8.22.jar because:
[        ]   Build cache is disabled
[        ]   Caching not enabled.
[        ] Caching disabled for MergeInstrumentationAnalysisTransform: /root/.gradle/caches/8.14/transforms/a909206edaf9332c7fa15795bddc9def/transformed/analysis/instrumentation-dependencies.bin because:
[        ]   Build cache is disabled
[        ]   Caching not enabled.
[        ] Caching disabled for MergeInstrumentationAnalysisTransform: /root/.gradle/caches/8.14/transforms/3ae60b3840f76fbc495a453c70c97bf0/transformed/analysis/instrumentation-hierarchy.bin because:
[        ]   Build cache is disabled
[        ]   Caching not enabled.
[        ] Caching disabled for MergeInstrumentationAnalysisTransform: /root/.gradle/caches/8.14/transforms/3ae60b3840f76fbc495a453c70c97bf0/transformed/analysis/instrumentation-dependencies.bin because:
[        ]   Build cache is disabled
[        ]   Caching not enabled.
[        ] Caching disabled for ExternalDependencyInstrumentingArtifactTransform: /root/.gradle/caches/modules-2/files-2.1/org.jetbrains.kotlin/kotlin-annotation-processing-gradle/1.8.22/28dab7e0ee9ce62c03bf97de3543c911dc653700/kotlin-annotation-processing-gradle-1.8.22.jar because:
[        ]   Build cache is disabled
[        ]   Caching not enabled.
[  +82 ms] Caching disabled for MergeInstrumentationAnalysisTransform: /root/.gradle/caches/modules-2/files-2.1/org.jetbrains.kotlin/kotlin-scripting-compiler-impl-embeddable/1.8.22/5703e4c2d1596a35912296fe484400d19129b3d2/kotlin-scripting-compiler-impl-embeddable-1.8.22.jar because:
[        ]   Build cache is disabled
[        ]   Caching not enabled.
[        ] Caching disabled for MergeInstrumentationAnalysisTransform: /root/.gradle/caches/8.14/transforms/5e1a2f32d1a05384871154f280fde272/transformed/analysis/instrumentation-hierarchy.bin because:
[        ]   Build cache is disabled
[        ]   Caching not enabled.
[        ] Caching disabled for MergeInstrumentationAnalysisTransform: /root/.gradle/caches/8.14/transforms/5e1a2f32d1a05384871154f280fde272/transformed/analysis/instrumentation-dependencies.bin because:
[        ]   Build cache is disabled
[        ]   Caching not enabled.
[        ] Caching disabled for ExternalDependencyInstrumentingArtifactTransform: /root/.gradle/caches/8.14/transforms/d0bbbf840b2d4c0ab8c99471ee994420/transformed/merge/instrumentation-dependencies.bin because:
[        ]   Build cache is disabled
[        ]   Caching not enabled.
[        ] Caching disabled for ExternalDependencyInstrumentingArtifactTransform: /root/.gradle/caches/modules-2/files-2.1/org.jetbrains.kotlin/kotlin-android-extensions/1.8.22/cd27e52201413ca700dbd41ecfa5b650d4efb011/kotlin-android-extensions-1.8.22.jar because:
[        ]   Build cache is disabled
[        ]   Caching not enabled.
[        ] Caching disabled for MergeInstrumentationAnalysisTransform: /root/.gradle/caches/modules-2/files-2.1/org.jetbrains.kotlin/kotlin-scripting-compiler-embeddable/1.8.22/3ab8e0416ba65a54c227c806cc034a462a08ff7/kotlin-scripting-compiler-embeddable-1.8.22.jar because:
[        ]   Build cache is disabled
[        ]   Caching not enabled.
[        ] Caching disabled for MergeInstrumentationAnalysisTransform: /root/.gradle/caches/modules-2/files-2.1/com.google.jimfs/jimfs/1.1/8fbd0579dc68aba6186935cc1bee21d2f3e7ec1c/jimfs-1.1.jar because:
[        ]   Build cache is disabled
[        ]   Caching not enabled.
[        ] Caching disabled for MergeInstrumentationAnalysisTransform: /root/.gradle/caches/8.14/transforms/9975a1251fc8f831e5502f13dd3c93b1/transformed/analysis/instrumentation-hierarchy.bin because:
[        ]   Build cache is disabled
[        ]   Caching not enabled.
[        ] Caching disabled for ExternalDependencyInstrumentingArtifactTransform: /root/.gradle/caches/8.14/transforms/2263e0d0a0a6106f5df9666edfaa0b89/transformed/merge/instrumentation-dependencies.bin because:
[        ]   Build cache is disabled
[        ]   Caching not enabled.
[        ] Caching disabled for MergeInstrumentationAnalysisTransform: /root/.gradle/caches/8.14/transforms/9975a1251fc8f831e5502f13dd3c93b1/transformed/analysis/instrumentation-dependencies.bin because:
[        ]   Build cache is disabled
[        ]   Caching not enabled.
[        ] Caching disabled for MergeInstrumentationAnalysisTransform: /root/.gradle/caches/8.14/transforms/5e69bebf36e627263e0a11b94b7f0f10/transformed/analysis/instrumentation-hierarchy.bin because:
[        ]   Build cache is disabled
[        ]   Caching not enabled.
[        ] Caching disabled for MergeInstrumentationAnalysisTransform: /root/.gradle/caches/modules-2/files-2.1/io.grpc/grpc-api/1.45.1/521df70b1f69648d5f418015ee594fc15a065dfc/grpc-api-1.45.1.jar because:
[        ]   Build cache is disabled
[        ]   Caching not enabled.
[        ] Caching disabled for MergeInstrumentationAnalysisTransform: /root/.gradle/caches/modules-2/files-2.1/io.grpc/grpc-protobuf-lite/1.45.1/a842605124e6542550b2da550a9acae1443a945/grpc-protobuf-lite-1.45.1.jar because:
[        ]   Build cache is disabled
[        ]   Caching not enabled.
[        ] Caching disabled for MergeInstrumentationAnalysisTransform: /root/.gradle/caches/8.14/transforms/ba603a8e5cd50a7c88cc1c83cedbafe1/transformed/analysis/instrumentation-hierarchy.bin because:
[        ]   Build cache is disabled
[        ]   Caching not enabled.
[        ] Caching disabled for MergeInstrumentationAnalysisTransform: /root/.gradle/caches/8.14/transforms/1f33ebe59883eca7cf0b19e5fe8de863/transformed/analysis/instrumentation-dependencies.bin because:
[        ]   Build cache is disabled
[        ]   Caching not enabled.
[        ] Caching disabled for MergeInstrumentationAnalysisTransform: /root/.gradle/caches/8.14/transforms/5e69bebf36e627263e0a11b94b7f0f10/transformed/analysis/instrumentation-dependencies.bin because:
[        ]   Build cache is disabled
[        ]   Caching not enabled.
[        ] Caching disabled for MergeInstrumentationAnalysisTransform: /root/.gradle/caches/8.14/transforms/ba603a8e5cd50a7c88cc1c83cedbafe1/transformed/analysis/instrumentation-dependencies.bin because:
[        ]   Build cache is disabled
[        ]   Caching not enabled.
[        ] Caching disabled for MergeInstrumentationAnalysisTransform: /root/.gradle/caches/modules-2/files-2.1/javax.inject/javax.inject/1/6975da39a7040257bd51d21a231b76c915872d38/javax.inject-1.jar because:
[        ]   Build cache is disabled
[        ]   Caching not enabled.
[        ] Caching disabled for MergeInstrumentationAnalysisTransform: /root/.gradle/caches/modules-2/files-2.1/com.google.dagger/dagger/2.28.3/10d83810ef9e19714116ed518896c90c6606d633/dagger-2.28.3.jar because:
[        ]   Build cache is disabled
[        ]   Caching not enabled.
[        ] Caching disabled for ExternalDependencyInstrumentingArtifactTransform: /root/.gradle/caches/modules-2/files-2.1/org.jetbrains.kotlin/kotlin-scripting-compiler-impl-embeddable/1.8.22/5703e4c2d1596a35912296fe484400d19129b3d2/kotlin-scripting-compiler-impl-embeddable-1.8.22.jar because:
[        ]   Build cache is disabled
[        ]   Caching not enabled.
[        ] Caching disabled for MergeInstrumentationAnalysisTransform: /root/.gradle/caches/8.14/transforms/9b0e98629bc06f5b01cc526ebfdfc3c3/transformed/analysis/instrumentation-hierarchy.bin because:
[        ]   Build cache is disabled
[        ]   Caching not enabled.
[        ] Caching disabled for MergeInstrumentationAnalysisTransform: /root/.gradle/caches/8.14/transforms/3c31e71a7838345b49ffab5674d8ff5e/transformed/analysis/instrumentation-hierarchy.bin because:
[        ]   Build cache is disabled
[        ]   Caching not enabled.
[        ] Caching disabled for MergeInstrumentationAnalysisTransform: /root/.gradle/caches/8.14/transforms/9b0e98629bc06f5b01cc526ebfdfc3c3/transformed/analysis/instrumentation-dependencies.bin because:
[        ]   Build cache is disabled
[        ]   Caching not enabled.
[        ] Caching disabled for MergeInstrumentationAnalysisTransform: /root/.gradle/caches/8.14/transforms/f805d7e08d3fd67d4774c3e86f99ef63/transformed/analysis/instrumentation-hierarchy.bin because:
[        ]   Build cache is disabled
[        ]   Caching not enabled.
[        ] Caching disabled for MergeInstrumentationAnalysisTransform: /root/.gradle/caches/8.14/transforms/3c31e71a7838345b49ffab5674d8ff5e/transformed/analysis/instrumentation-dependencies.bin because:
[        ]   Build cache is disabled
[        ]   Caching not enabled.
[        ] Caching disabled for MergeInstrumentationAnalysisTransform: /root/.gradle/caches/8.14/transforms/f805d7e08d3fd67d4774c3e86f99ef63/transformed/analysis/instrumentation-dependencies.bin because:
[        ]   Build cache is disabled
[        ]   Caching not enabled.
[        ] Caching disabled for MergeInstrumentationAnalysisTransform: /root/.gradle/caches/modules-2/files-2.1/com.google.guava/guava/31.1-jre/60458f877d055d0c9114d9e1a2efb737b4bc282c/guava-31.1-jre.jar because:
[        ]   Build cache is disabled
[        ]   Caching not enabled.
[        ] Caching disabled for MergeInstrumentationAnalysisTransform: /root/.gradle/caches/modules-2/files-2.1/net.sf.kxml/kxml2/2.3.0/ccbc77a5fd907ef863c29f3596c6f54ffa4e9442/kxml2-2.3.0.jar because:
[        ]   Build cache is disabled
[        ]   Caching not enabled.
[        ] Caching disabled for MergeInstrumentationAnalysisTransform: /root/.gradle/caches/modules-2/files-2.1/org.jetbrains.intellij.deps/trove4j/1.0.20200330/3afb14d5f9ceb459d724e907a21145e8ff394f02/trove4j-1.0.20200330.jar because:
[        ]   Build cache is disabled
[        ]   Caching not enabled.
[        ] Caching disabled for ExternalDependencyInstrumentingArtifactTransform: /root/.gradle/caches/8.14/transforms/ad07d9ad27cbae2df728e281e2609eed/transformed/merge/instrumentation-dependencies.bin because:
[        ]   Build cache is disabled
[        ]   Caching not enabled.
[        ] Caching disabled for MergeInstrumentationAnalysisTransform: /root/.gradle/caches/8.14/transforms/70df6805e06e8ffb11fd4bb01e9b1c0b/transformed/analysis/instrumentation-hierarchy.bin because:
[        ]   Build cache is disabled
[        ]   Caching not enabled.
[        ] Caching disabled for MergeInstrumentationAnalysisTransform: /root/.gradle/caches/8.14/transforms/23e095634903846b1e4d36d18c569164/transformed/analysis/instrumentation-hierarchy.bin because:
[        ]   Build cache is disabled
[        ]   Caching not enabled.
[        ] Caching disabled for MergeInstrumentationAnalysisTransform: /root/.gradle/caches/8.14/transforms/70df6805e06e8ffb11fd4bb01e9b1c0b/transformed/analysis/instrumentation-dependencies.bin because:
[        ]   Build cache is disabled
[        ]   Caching not enabled.
[        ] Caching disabled for MergeInstrumentationAnalysisTransform: /root/.gradle/caches/modules-2/files-2.1/org.bouncycastle/bcprov-jdk15on/1.67/8c0998045da87dbc2f1d4b6480458ed811ca7b82/bcprov-jdk15on-1.67.jar because:
[        ]   Build cache is disabled
[        ]   Caching not enabled.
[        ] Caching disabled for MergeInstrumentationAnalysisTransform: /root/.gradle/caches/8.14/transforms/23e095634903846b1e4d36d18c569164/transformed/analysis/instrumentation-dependencies.bin because:
[        ]   Build cache is disabled
[        ]   Caching not enabled.
[        ] Caching disabled for MergeInstrumentationAnalysisTransform: /root/.gradle/caches/8.14/transforms/9d04d315a102c441141d3be66524f20d/transformed/analysis/instrumentation-hierarchy.bin because:
[        ]   Build cache is disabled
[        ]   Caching not enabled.
[        ] Caching disabled for ExternalDependencyInstrumentingArtifactTransform: /root/.gradle/caches/modules-2/files-2.1/org.jetbrains.kotlin/kotlin-scripting-compiler-embeddable/1.8.22/3ab8e0416ba65a54c227c806cc034a462a08ff7/kotlin-scripting-compiler-embeddable-1.8.22.jar because:
[        ]   Build cache is disabled
[        ]   Caching not enabled.
[        ] Caching disabled for MergeInstrumentationAnalysisTransform: /root/.gradle/caches/8.14/transforms/9d04d315a102c441141d3be66524f20d/transformed/analysis/instrumentation-dependencies.bin because:
[        ]   Build cache is disabled
[        ]   Caching not enabled.
[        ] Caching disabled for MergeInstrumentationAnalysisTransform: /root/.gradle/caches/8.14/transforms/a0c26581fa6656fe0cc9cbbf4cebacc3/transformed/analysis/instrumentation-hierarchy.bin because:
[        ]   Build cache is disabled
[        ]   Caching not enabled.
[        ] Caching disabled for MergeInstrumentationAnalysisTransform: /root/.gradle/caches/modules-2/files-2.1/org.jetbrains.kotlin/kotlin-reflect/1.8.20-RC2/23853310e93f1c418a827be6fabe6f903addd231/kotlin-reflect-1.8.20-RC2.jar because:
[        ]   Build cache is disabled
[        ]   Caching not enabled.
[        ] Caching disabled for MergeInstrumentationAnalysisTransform: /root/.gradle/caches/modules-2/files-2.1/xerces/xercesImpl/2.12.0/f02c844149fd306601f20e0b34853a670bef7fa2/xercesImpl-2.12.0.jar because:
[        ]   Build cache is disabled
[        ]   Caching not enabled.
[        ] Caching disabled for MergeInstrumentationAnalysisTransform: /root/.gradle/caches/8.14/transforms/a0c26581fa6656fe0cc9cbbf4cebacc3/transformed/analysis/instrumentation-dependencies.bin because:
[        ]   Build cache is disabled
[        ]   Caching not enabled.
[        ] Caching disabled for MergeInstrumentationAnalysisTransform: /root/.gradle/caches/8.14/transforms/0b75ec30a4c75063289499649e9e9982/transformed/analysis/instrumentation-hierarchy.bin because:
[        ]   Build cache is disabled
[        ]   Caching not enabled.
[        ] Caching disabled for ExternalDependencyInstrumentingArtifactTransform: /root/.gradle/caches/8.14/transforms/d24c0ec5c84f01bdd0cfef1823d2e4e4/transformed/merge/instrumentation-dependencies.bin because:
[        ]   Build cache is disabled
[        ]   Caching not enabled.
[        ] Caching disabled for MergeInstrumentationAnalysisTransform: /root/.gradle/caches/modules-2/files-2.1/org.apache.commons/commons-compress/1.21/4ec95b60d4e86b5c95a0e919cb172a0af98011ef/commons-compress-1.21.jar because:
[   +1 ms]   Build cache is disabled
[        ]   Caching not enabled.
[        ] Caching disabled for MergeInstrumentationAnalysisTransform: /root/.gradle/caches/8.14/transforms/1a1d3b61d5a868318f8594a976389b2b/transformed/analysis/instrumentation-hierarchy.bin because:
[        ]   Build cache is disabled
[        ]   Caching not enabled.
[        ] Caching disabled for MergeInstrumentationAnalysisTransform: /root/.gradle/caches/modules-2/files-2.1/org.apache.httpcomponents/httpclient/4.5.13/e5f6cae5ca7ecaac1ec2827a9e2d65ae2869cada/httpclient-4.5.13.jar because:
[        ]   Build cache is disabled
[        ]   Caching not enabled.
[  +87 ms] Caching disabled for MergeInstrumentationAnalysisTransform: /root/.gradle/caches/8.14/transforms/0b75ec30a4c75063289499649e9e9982/transformed/analysis/instrumentation-dependencies.bin because:
[        ]   Build cache is disabled
[        ]   Caching not enabled.
[        ] Caching disabled for MergeInstrumentationAnalysisTransform: /root/.gradle/caches/8.14/transforms/097778325f0452cb15c3e8026f9c595b/transformed/analysis/instrumentation-dependencies.bin because:
[        ]   Build cache is disabled
[   +3 ms]   Caching not enabled.
[        ] Caching disabled for MergeInstrumentationAnalysisTransform: /root/.gradle/caches/8.14/transforms/1a1d3b61d5a868318f8594a976389b2b/transformed/analysis/instrumentation-dependencies.bin because:
[        ]   Build cache is disabled
[        ]   Caching not enabled.
[        ] Caching disabled for MergeInstrumentationAnalysisTransform: /root/.gradle/caches/modules-2/files-2.1/org.jetbrains.kotlin/kotlin-stdlib-jdk7/1.8.20-RC2/d100f7cb452c22f937a7bcca2efcc45cc77c7b15/kotlin-stdlib-jdk7-1.8.20-RC2.jar because:
[        ]   Build cache is disabled
[        ]   Caching not enabled.
[        ] Caching disabled for MergeInstrumentationAnalysisTransform: /root/.gradle/caches/modules-2/files-2.1/org.apache.httpcomponents/httpcore/4.4.15/7f2e0c573eaa7a74bac2e89b359e1f73d92a0a1d/httpcore-4.4.15.jar because:
[        ]   Build cache is disabled
[        ]   Caching not enabled.
[        ] Caching disabled for ExternalDependencyInstrumentingArtifactTransform: /root/.gradle/caches/8.14/transforms/9f597beec09b9d94770e5dc6f6fddfd3/transformed/merge/instrumentation-dependencies.bin because:
[        ]   Build cache is disabled
[        ]   Caching not enabled.
[        ] Caching disabled for MergeInstrumentationAnalysisTransform: /root/.gradle/caches/modules-2/files-2.1/com.sun.activation/javax.activation/1.2.0/bf744c1e2776ed1de3c55c8dac1057ec331ef744/javax.activation-1.2.0.jar because:
[        ]   Build cache is disabled
[        ]   Caching not enabled.
[        ] Caching disabled for MergeInstrumentationAnalysisTransform: /root/.gradle/caches/8.14/transforms/6ecfbc49fd12c84770dfafac93c50af3/transformed/analysis/instrumentation-hierarchy.bin because:
[        ]   Build cache is disabled
[        ]   Caching not enabled.
[        ] Caching disabled for MergeInstrumentationAnalysisTransform: /root/.gradle/caches/8.14/transforms/fe297a5a19d5a52b75d06ba229378ac0/transformed/analysis/instrumentation-dependencies.bin because:
[        ]   Build cache is disabled
[        ]   Caching not enabled.
[        ] Caching disabled for MergeInstrumentationAnalysisTransform: /root/.gradle/caches/8.14/transforms/6ecfbc49fd12c84770dfafac93c50af3/transformed/analysis/instrumentation-dependencies.bin because:
[        ]   Build cache is disabled
[        ]   Caching not enabled.
[        ] Caching disabled for MergeInstrumentationAnalysisTransform: /root/.gradle/caches/modules-2/files-2.1/org.jetbrains/annotations/13.0/919f0dfe192fb4e063e7dacadee7f8bb9a2672a9/annotations-13.0.jar because:
[        ]   Build cache is disabled
[        ]   Caching not enabled.
[        ] Caching disabled for ExternalDependencyInstrumentingArtifactTransform: /root/.gradle/caches/modules-2/files-2.1/org.jetbrains.kotlin/kotlin-stdlib-jdk7/1.8.20-RC2/d100f7cb452c22f937a7bcca2efcc45cc77c7b15/kotlin-stdlib-jdk7-1.8.20-RC2.jar because:
[        ]   Build cache is disabled
[        ]   Caching not enabled.
[        ] Caching disabled for MergeInstrumentationAnalysisTransform: /root/.gradle/caches/8.14/transforms/d7f59c2ffdba1e98ed462a7270ec2f0e/transformed/analysis/instrumentation-hierarchy.bin because:
[        ]   Build cache is disabled
[        ]   Caching not enabled.
[        ] Caching disabled for MergeInstrumentationAnalysisTransform: /root/.gradle/caches/8.14/transforms/d7f59c2ffdba1e98ed462a7270ec2f0e/transformed/analysis/instrumentation-dependencies.bin because:
[        ]   Build cache is disabled
[        ]   Caching not enabled.
[        ] Caching disabled for MergeInstrumentationAnalysisTransform: /root/.gradle/caches/modules-2/files-2.1/com.android/signflinger/8.1.0/13f035dd8e7e470ff8f3216a0b46333187f26df5/signflinger-8.1.0.jar because:
[        ]   Build cache is disabled
[        ]   Caching not enabled.
[        ] Caching disabled for MergeInstrumentationAnalysisTransform: /root/.gradle/caches/8.14/transforms/177b9737134fc5e018d1225fb2bccf28/transformed/analysis/instrumentation-hierarchy.bin because:
[        ]   Build cache is disabled
[        ]   Caching not enabled.
[        ] Caching disabled for MergeInstrumentationAnalysisTransform: /root/.gradle/caches/8.14/transforms/177b9737134fc5e018d1225fb2bccf28/transformed/analysis/instrumentation-dependencies.bin because:
[        ]   Build cache is disabled
[        ]   Caching not enabled.
[        ] Caching disabled for MergeInstrumentationAnalysisTransform: /root/.gradle/caches/modules-2/files-2.1/org.jetbrains.kotlin/kotlin-stdlib/1.8.20-RC2/436a3cf44ea8dc1c65d7a59abda28e232b05d84a/kotlin-stdlib-1.8.20-RC2.jar because:
[        ]   Build cache is disabled
[        ]   Caching not enabled.
[        ] Caching disabled for ExternalDependencyInstrumentingArtifactTransform: /root/.gradle/caches/8.14/transforms/a0eaaef5ebd62b7fa0d7070cc5b64680/transformed/merge/instrumentation-dependencies.bin because:
[        ]   Build cache is disabled
[        ]   Caching not enabled.
[        ] Caching disabled for MergeInstrumentationAnalysisTransform: /root/.gradle/caches/modules-2/files-2.1/org.jetbrains.kotlin/kotlin-compiler-embeddable/1.8.22/e2cf111da088dc807a74157741b4cd4b664edfb7/kotlin-compiler-embeddable-1.8.22.jar because:
[        ]   Build cache is disabled
[        ]   Caching not enabled.
[        ] Caching disabled for ExternalDependencyInstrumentingArtifactTransform: /root/.gradle/caches/8.14/transforms/b3f2a625be23ef1f947be82bc1d6f650/transformed/merge/instrumentation-dependencies.bin because:
[        ]   Build cache is disabled
[        ]   Caching not enabled.
[        ] Caching disabled for MergeInstrumentationAnalysisTransform: /root/.gradle/caches/modules-2/files-2.1/com.android/zipflinger/8.1.0/b450a19b332659b4190f0af34bc734a7e21d464e/zipflinger-8.1.0.jar because:
[        ]   Build cache is disabled
[        ]   Caching not enabled.
[        ] Caching disabled for ExternalDependencyInstrumentingArtifactTransform: /root/.gradle/caches/8.14/transforms/a49f5ee505ba18aa42415f3e4fd88bfb/transformed/merge/instrumentation-dependencies.bin because:
[        ]   Build cache is disabled
[        ]   Caching not enabled.
[        ] Caching disabled for ExternalDependencyInstrumentingArtifactTransform: /root/.gradle/caches/8.14/transforms/530e439a6efbb1d82ae27dba531343d3/transformed/merge/instrumentation-dependencies.bin because:
[        ]   Build cache is disabled
[        ]   Caching not enabled.
[        ] Caching disabled for ExternalDependencyInstrumentingArtifactTransform: /root/.gradle/caches/modules-2/files-2.1/com.android/zipflinger/8.1.0/b450a19b332659b4190f0af34bc734a7e21d464e/zipflinger-8.1.0.jar because:
[        ]   Build cache is disabled
[        ]   Caching not enabled.
[        ] Caching disabled for MergeInstrumentationAnalysisTransform: /root/.gradle/caches/8.14/transforms/065fd92e7413ac8681e2b09d1d31a7ae/transformed/analysis/instrumentation-dependencies.bin because:
[        ]   Build cache is disabled
[        ]   Caching not enabled.
[        ] Caching disabled for MergeInstrumentationAnalysisTransform: /root/.gradle/caches/modules-2/files-2.1/com.android.tools/annotations/31.1.0/d70720d1aed8e56163636f82782985acfe66eba8/annotations-31.1.0.jar because:
[        ]   Build cache is disabled
[        ]   Caching not enabled.
[        ] Caching disabled for ExternalDependencyInstrumentingArtifactTransform: /root/.gradle/caches/8.14/transforms/600daec5b9d37c0d5f70116c257778ff/transformed/merge/instrumentation-dependencies.bin because:
[        ]   Build cache is disabled
[        ]   Caching not enabled.
[  +90 ms] Caching disabled for ExternalDependencyInstrumentingArtifactTransform: /root/.gradle/caches/modules-2/files-2.1/com.android.tools/annotations/31.1.0/d70720d1aed8e56163636f82782985acfe66eba8/annotations-31.1.0.jar because:
[   +1 ms]   Build cache is disabled
[        ]   Caching not enabled.
[        ] Caching disabled for MergeInstrumentationAnalysisTransform: /root/.gradle/caches/8.14/transforms/f62290c4265fae9fb0cf357d49462801/transformed/analysis/instrumentation-hierarchy.bin because:
[        ]   Build cache is disabled
[        ]   Caching not enabled.
[        ] Caching disabled for MergeInstrumentationAnalysisTransform: /root/.gradle/caches/8.14/transforms/f62290c4265fae9fb0cf357d49462801/transformed/analysis/instrumentation-dependencies.bin because:
[        ]   Build cache is disabled
[        ]   Caching not enabled.
[        ] Caching disabled for MergeInstrumentationAnalysisTransform: /root/.gradle/caches/modules-2/files-2.1/net.java.dev.jna/jna-platform/5.6.0/d18424ffb8bbfd036d71bcaab9b546858f2ef986/jna-platform-5.6.0.jar because:
[        ]   Build cache is disabled
[        ]   Caching not enabled.
[        ] Caching disabled for MergeInstrumentationAnalysisTransform: /root/.gradle/caches/8.14/transforms/63e0a1f75d91cde9ecfd6e29ce3f4dc8/transformed/analysis/instrumentation-hierarchy.bin because:
[        ]   Build cache is disabled
[        ]   Caching not enabled.
[        ] Caching disabled for MergeInstrumentationAnalysisTransform: /root/.gradle/caches/8.14/transforms/63e0a1f75d91cde9ecfd6e29ce3f4dc8/transformed/analysis/instrumentation-dependencies.bin because:
[        ]   Build cache is disabled
[   +1 ms]   Caching not enabled.
[        ] Caching disabled for MergeInstrumentationAnalysisTransform: /root/.gradle/caches/modules-2/files-2.1/com.googlecode.juniversalchardet/juniversalchardet/1.0.3/cd49678784c46aa8789c060538e0154013bb421b/juniversalchardet-1.0.3.jar because:
[        ]   Build cache is disabled
[        ]   Caching not enabled.
[        ] Caching disabled for MergeInstrumentationAnalysisTransform: /root/.gradle/caches/8.14/transforms/e0226a994236d7bf90152c665abe60df/transformed/analysis/instrumentation-dependencies.bin because:
[        ]   Build cache is disabled
[        ]   Caching not enabled.
[        ] Caching disabled for MergeInstrumentationAnalysisTransform: /root/.gradle/caches/modules-2/files-2.1/javax.annotation/javax.annotation-api/1.3.2/934c04d3cfef185a8008e7bf34331b79730a9d43/javax.annotation-api-1.3.2.jar because:
[        ]   Build cache is disabled
[        ]   Caching not enabled.
[        ] Caching disabled for ExternalDependencyInstrumentingArtifactTransform: /root/.gradle/caches/modules-2/files-2.1/org.jetbrains.kotlin/kotlin-gradle-plugin-idea-proto/1.8.22/3b251e51fc3df911a5d99e3bad2aa99faf5cff44/kotlin-gradle-plugin-idea-proto-1.8.22.jar because:
[        ]   Build cache is disabled
[        ]   Caching not enabled.
[        ] Caching disabled for MergeInstrumentationAnalysisTransform: /root/.gradle/caches/8.14/transforms/8c12647086c0a3ca5d593c8e6e97b7eb/transformed/analysis/instrumentation-hierarchy.bin because:
[        ]   Build cache is disabled
[   +1 ms]   Caching not enabled.
[        ] Caching disabled for MergeInstrumentationAnalysisTransform: /root/.gradle/caches/8.14/transforms/a9bb419057f2ec78198df5a5329559ea/transformed/analysis/instrumentation-hierarchy.bin because:
[        ]   Build cache is disabled
[        ]   Caching not enabled.
[        ] Caching disabled for MergeInstrumentationAnalysisTransform: /root/.gradle/caches/8.14/transforms/8c12647086c0a3ca5d593c8e6e97b7eb/transformed/analysis/instrumentation-dependencies.bin because:
[        ]   Build cache is disabled
[        ]   Caching not enabled.
[        ] Caching disabled for MergeInstrumentationAnalysisTransform: /root/.gradle/caches/8.14/transforms/a9bb419057f2ec78198df5a5329559ea/transformed/analysis/instrumentation-dependencies.bin because:
[        ]   Build cache is disabled
[        ]   Caching not enabled.
[        ] Caching disabled for MergeInstrumentationAnalysisTransform: /root/.gradle/caches/modules-2/files-2.1/org.jvnet.staxex/stax-ex/1.8.1/78011e483a21102fb4858f3e8f269a677e50aa23/stax-ex-1.8.1.jar because:
[        ]   Build cache is disabled
[        ]   Caching not enabled.
[        ] Caching disabled for MergeInstrumentationAnalysisTransform: /root/.gradle/caches/modules-2/files-2.1/jakarta.xml.bind/jakarta.xml.bind-api/2.3.2/8d49996a4338670764d7ca4b85a1c4ccf7fe665d/jakarta.xml.bind-api-2.3.2.jar because:
[        ]   Build cache is disabled
[        ]   Caching not enabled.
[        ] Caching disabled for MergeInstrumentationAnalysisTransform: /root/.gradle/caches/8.14/transforms/9a9891476629ac44014c62adfce6452d/transformed/analysis/instrumentation-hierarchy.bin because:
[        ]   Build cache is disabled
[        ]   Caching not enabled.
[        ] Caching disabled for MergeInstrumentationAnalysisTransform: /root/.gradle/caches/8.14/transforms/0e4888efffc5b1de0f2cc5286369299e/transformed/analysis/instrumentation-hierarchy.bin because:
[        ]   Build cache is disabled
[        ]   Caching not enabled.
[        ] Caching disabled for MergeInstrumentationAnalysisTransform: /root/.gradle/caches/8.14/transforms/9a9891476629ac44014c62adfce6452d/transformed/analysis/instrumentation-dependencies.bin because:
[        ]   Build cache is disabled
[        ]   Caching not enabled.
[        ] Caching disabled for MergeInstrumentationAnalysisTransform: /root/.gradle/caches/8.14/transforms/0e4888efffc5b1de0f2cc5286369299e/transformed/analysis/instrumentation-dependencies.bin because:
[        ]   Build cache is disabled
[        ]   Caching not enabled.
[  +89 ms] Caching disabled for MergeInstrumentationAnalysisTransform: /root/.gradle/caches/modules-2/files-2.1/org.glassfish.jaxb/txw2/2.3.2/ce5be7da2e442c25ec14c766cb60cb802741727b/txw2-2.3.2.jar because:
[        ]   Build cache is disabled
[        ]   Caching not enabled.
[        ] Caching disabled for MergeInstrumentationAnalysisTransform: /root/.gradle/caches/modules-2/files-2.1/com.sun.istack/istack-commons-runtime/3.0.8/d6a97364045aa6b99bf2d3c566a3f98599c2d296/istack-commons-runtime-3.0.8.jar because:
[        ]   Build cache is disabled
[        ]   Caching not enabled.
[        ] Caching disabled for MergeInstrumentationAnalysisTransform: /root/.gradle/caches/8.14/transforms/fefff9ef1ad0af2b4d20e97600842cb4/transformed/analysis/instrumentation-hierarchy.bin because:
[        ]   Build cache is disabled
[        ]   Caching not enabled.
[        ] Caching disabled for MergeInstrumentationAnalysisTransform: /root/.gradle/caches/8.14/transforms/c491d8608f57b6bb06428abd12a909c3/transformed/analysis/instrumentation-hierarchy.bin because:
[        ]   Build cache is disabled
[        ]   Caching not enabled.
[        ] Caching disabled for MergeInstrumentationAnalysisTransform: /root/.gradle/caches/8.14/transforms/fefff9ef1ad0af2b4d20e97600842cb4/transformed/analysis/instrumentation-dependencies.bin because:
[        ]   Build cache is disabled
[        ]   Caching not enabled.
[        ] Caching disabled for MergeInstrumentationAnalysisTransform: /root/.gradle/caches/8.14/transforms/c491d8608f57b6bb06428abd12a909c3/transformed/analysis/instrumentation-dependencies.bin because:
[        ]   Build cache is disabled
[        ]   Caching not enabled.
[        ] Caching disabled for MergeInstrumentationAnalysisTransform: /root/.gradle/caches/modules-2/files-2.1/com.sun.xml.fastinfoset/FastInfoset/1.2.16/4eb6a0adad553bf759ffe86927df6f3b848c8bea/FastInfoset-1.2.16.jar because:
[        ]   Build cache is disabled
[        ]   Caching not enabled.
[        ] Caching disabled for MergeInstrumentationAnalysisTransform: /root/.gradle/caches/modules-2/files-2.1/jakarta.activation/jakarta.activation-api/1.2.1/562a587face36ec7eff2db7f2fc95425c6602bc1/jakarta.activation-api-1.2.1.jar because:
[        ]   Build cache is disabled
[        ]   Caching not enabled.
[        ] Caching disabled for MergeInstrumentationAnalysisTransform: /root/.gradle/caches/8.14/transforms/9f7bf5a533b6fa8b7c91c970eaa2b8a2/transformed/analysis/instrumentation-dependencies.bin because:
[        ]   Build cache is disabled
[        ]   Caching not enabled.
[        ] Caching disabled for MergeInstrumentationAnalysisTransform: /root/.gradle/caches/8.14/transforms/b0e7b074866df503adbdc13a3e492082/transformed/analysis/instrumentation-dependencies.bin because:
[        ]   Build cache is disabled
[        ]   Caching not enabled.
[        ] Caching disabled for MergeInstrumentationAnalysisTransform: /root/.gradle/caches/modules-2/files-2.1/com.google.auto.value/auto-value-annotations/1.6.2/ed193d86e0af90cc2342aedbe73c5d86b03fa09b/auto-value-annotations-1.6.2.jar because:
[        ]   Build cache is disabled
[        ]   Caching not enabled.
[        ] Caching disabled for MergeInstrumentationAnalysisTransform: /root/.gradle/caches/8.14/transforms/02afc11b8ec1264570aeb56b58c49aa9/transformed/analysis/instrumentation-hierarchy.bin because:
[        ]   Build cache is disabled
[        ]   Caching not enabled.
[        ] Caching disabled for MergeInstrumentationAnalysisTransform: /root/.gradle/caches/modules-2/files-2.1/com.google.errorprone/error_prone_annotations/2.11.0/c5a0ace696d3f8b1c1d8cc036d8c03cc0cbe6b69/error_prone_annotations-2.11.0.jar because:
[        ]   Build cache is disabled
[        ]   Caching not enabled.
[        ] Caching disabled for MergeInstrumentationAnalysisTransform: /root/.gradle/caches/8.14/transforms/02afc11b8ec1264570aeb56b58c49aa9/transformed/analysis/instrumentation-dependencies.bin because:
[        ]   Build cache is disabled
[        ]   Caching not enabled.
[        ] Caching disabled for ExternalDependencyInstrumentingArtifactTransform: /root/.gradle/caches/8.14/transforms/754352b0f999a2729bf628d513391474/transformed/merge/instrumentation-dependencies.bin because:
[        ]   Build cache is disabled
[        ]   Caching not enabled.
[        ] Caching disabled for MergeInstrumentationAnalysisTransform: /root/.gradle/caches/modules-2/files-2.1/org.bitbucket.b_c/jose4j/0.7.0/478ee8518687f9b01f20912fc7edd9d7b46d06da/jose4j-0.7.0.jar because:
[        ]   Build cache is disabled
[        ]   Caching not enabled.
[        ] Caching disabled for MergeInstrumentationAnalysisTransform: /root/.gradle/caches/8.14/transforms/6f8bdd5d75a2382fcea921634ccf18cb/transformed/analysis/instrumentation-hierarchy.bin because:
[        ]   Build cache is disabled
[        ]   Caching not enabled.
[        ] Caching disabled for MergeInstrumentationAnalysisTransform: /root/.gradle/caches/8.14/transforms/6f8bdd5d75a2382fcea921634ccf18cb/transformed/analysis/instrumentation-dependencies.bin because:
[        ]   Build cache is disabled
[        ]   Caching not enabled.
[        ] Caching disabled for ExternalDependencyInstrumentingArtifactTransform: /root/.gradle/caches/modules-2/files-2.1/com.google.errorprone/error_prone_annotations/2.11.0/c5a0ace696d3f8b1c1d8cc036d8c03cc0cbe6b69/error_prone_annotations-2.11.0.jar because:
[   +1 ms]   Build cache is disabled
[        ]   Caching not enabled.
[        ] Caching disabled for MergeInstrumentationAnalysisTransform: /root/.gradle/caches/modules-2/files-2.1/org.slf4j/slf4j-api/1.7.30/b5a4b6d16ab13e34a88fae84c35cd5d68cac922c/slf4j-api-1.7.30.jar because:
[        ]   Build cache is disabled
[        ]   Caching not enabled.
[        ] Caching disabled for MergeInstrumentationAnalysisTransform: /root/.gradle/caches/8.14/transforms/58004fb02668d400301539bc7fd0023b/transformed/analysis/instrumentation-hierarchy.bin because:
[        ]   Build cache is disabled
[        ]   Caching not enabled.
[        ] Caching disabled for MergeInstrumentationAnalysisTransform: /root/.gradle/caches/8.14/transforms/58004fb02668d400301539bc7fd0023b/transformed/analysis/instrumentation-dependencies.bin because:
[        ]   Build cache is disabled
[        ]   Caching not enabled.
[        ] Caching disabled for MergeInstrumentationAnalysisTransform: /root/.gradle/caches/8.14/transforms/c04565228a40c2a592032fe842819095/transformed/analysis/instrumentation-dependencies.bin because:
[        ]   Build cache is disabled
[        ]   Caching not enabled.
[        ] Caching disabled for MergeInstrumentationAnalysisTransform: /root/.gradle/caches/modules-2/files-2.1/com.google.j2objc/j2objc-annotations/1.3/ba035118bc8bac37d7eff77700720999acd9986d/j2objc-annotations-1.3.jar because:
[        ]   Build cache is disabled
[        ]   Caching not enabled.
[        ] Caching disabled for MergeInstrumentationAnalysisTransform: /root/.gradle/caches/modules-2/files-2.1/org.jdom/jdom2/2.0.6/6f14738ec2e9dd0011e343717fa624a10f8aab64/jdom2-2.0.6.jar because:
[        ]   Build cache is disabled
[        ]   Caching not enabled.
[        ] Caching disabled for MergeInstrumentationAnalysisTransform: /root/.gradle/caches/8.14/transforms/d8695b060e50975c4594c2fcb6098560/transformed/analysis/instrumentation-hierarchy.bin because:
[        ]   Build cache is disabled
[        ]   Caching not enabled.
[        ] Caching disabled for MergeInstrumentationAnalysisTransform: /root/.gradle/caches/8.14/transforms/085ab5d22c0c73b805b5ceab6a9ea7ff/transformed/analysis/instrumentation-dependencies.bin because:
[        ]   Build cache is disabled
[        ]   Caching not enabled.
[        ] Caching disabled for MergeInstrumentationAnalysisTransform: /root/.gradle/caches/8.14/transforms/d8695b060e50975c4594c2fcb6098560/transformed/analysis/instrumentation-dependencies.bin because:
[        ]   Build cache is disabled
[        ]   Caching not enabled.
[        ] Caching disabled for MergeInstrumentationAnalysisTransform: /root/.gradle/caches/modules-2/files-2.1/com.google.code.findbugs/jsr305/3.0.2/25ea2e8b0c338a877313bd4672d3fe056ea78f0d/jsr305-3.0.2.jar because:
[        ]   Build cache is disabled
[        ]   Caching not enabled.
[        ] Caching disabled for MergeInstrumentationAnalysisTransform: /root/.gradle/caches/8.14/transforms/6b4896d50078fc41c74f8e4a72b63e60/transformed/analysis/instrumentation-dependencies.bin because:
[        ]   Build cache is disabled
[        ]   Caching not enabled.
[        ] Caching disabled for MergeInstrumentationAnalysisTransform: /root/.gradle/caches/modules-2/files-2.1/com.google.android/annotations/4.1.1.4/a1678ba907bf92691d879fef34e1a187038f9259/annotations-4.1.1.4.jar because:
[        ]   Build cache is disabled
[        ]   Caching not enabled.
[        ] Caching disabled for MergeInstrumentationAnalysisTransform: /root/.gradle/caches/modules-2/files-2.1/org.codehaus.mojo/animal-sniffer-annotations/1.19/1536e1a8fd552dc05f12b5f0827fbb2ee3d5a89b/animal-sniffer-annotations-1.19.jar because:
[        ]   Build cache is disabled
[        ]   Caching not enabled.
[        ] Caching disabled for MergeInstrumentationAnalysisTransform: /root/.gradle/caches/8.14/transforms/61eabbdd592209c866189e9368efd599/transformed/analysis/instrumentation-hierarchy.bin because:
[        ]   Build cache is disabled
[        ]   Caching not enabled.
[        ] Caching disabled for MergeInstrumentationAnalysisTransform: /root/.gradle/caches/8.14/transforms/2435f7b817e8be6cac23167f5f6df65a/transformed/analysis/instrumentation-hierarchy.bin because:
[        ]   Build cache is disabled
[        ]   Caching not enabled.
[        ] Caching disabled for MergeInstrumentationAnalysisTransform: /root/.gradle/caches/8.14/transforms/2435f7b817e8be6cac23167f5f6df65a/transformed/analysis/instrumentation-dependencies.bin because:
[        ]   Build cache is disabled
[        ]   Caching not enabled.
[        ] Caching disabled for MergeInstrumentationAnalysisTransform: /root/.gradle/caches/8.14/transforms/61eabbdd592209c866189e9368efd599/transformed/analysis/instrumentation-dependencies.bin because:
[        ]   Build cache is disabled
[        ]   Caching not enabled.
[  +89 ms] Caching disabled for MergeInstrumentationAnalysisTransform: /root/.gradle/caches/modules-2/files-2.1/io.perfmark/perfmark-api/0.23.0/b813b7539fae6550541da8caafd6add86d4e22f/perfmark-api-0.23.0.jar because:
[        ]   Build cache is disabled
[        ]   Caching not enabled.
[        ] Caching disabled for MergeInstrumentationAnalysisTransform: /root/.gradle/caches/8.14/transforms/1c64fe326b882aa37de9238b95461df2/transformed/analysis/instrumentation-hierarchy.bin because:
[        ]   Build cache is disabled
[        ]   Caching not enabled.
[        ] Caching disabled for MergeInstrumentationAnalysisTransform: /root/.gradle/caches/modules-2/files-2.1/io.netty/netty-codec-http2/4.1.72.Final/4b269e666fbace27d2c1efa57703e99b09655822/netty-codec-http2-4.1.72.Final.jar because:
[        ]   Build cache is disabled
[        ]   Caching not enabled.
[        ] Caching disabled for MergeInstrumentationAnalysisTransform: /root/.gradle/caches/8.14/transforms/782649645c3a53e9d7f4af9d024e9995/transformed/analysis/instrumentation-dependencies.bin because:
[        ]   Build cache is disabled
[        ]   Caching not enabled.
[        ] Caching disabled for MergeInstrumentationAnalysisTransform: /root/.gradle/caches/8.14/transforms/1c64fe326b882aa37de9238b95461df2/transformed/analysis/instrumentation-dependencies.bin because:
[        ]   Build cache is disabled
[        ]   Caching not enabled.
[        ] Caching disabled for MergeInstrumentationAnalysisTransform: /root/.gradle/caches/modules-2/files-2.1/org.checkerframework/checker-qual/3.12.0/d5692f0526415fcc6de94bb5bfbd3afd9dd3b3e5/checker-qual-3.12.0.jar because:
[        ]   Build cache is disabled
[        ]   Caching not enabled.
[        ] Caching disabled for ExternalDependencyInstrumentingArtifactTransform: /root/.gradle/caches/modules-2/files-2.1/com.android/signflinger/8.1.0/13f035dd8e7e470ff8f3216a0b46333187f26df5/signflinger-8.1.0.jar because:
[        ]   Build cache is disabled
[        ]   Caching not enabled.
[        ] Caching disabled for MergeInstrumentationAnalysisTransform: /root/.gradle/caches/modules-2/files-2.1/io.netty/netty-handler-proxy/4.1.72.Final/90de0fe610454d4296052ae36acb8a6a1d0333f1/netty-handler-proxy-4.1.72.Final.jar because:
[        ]   Build cache is disabled
[        ]   Caching not enabled.
[        ] Caching disabled for ExternalDependencyInstrumentingArtifactTransform: /root/.gradle/caches/modules-2/files-2.1/org.jetbrains.kotlin/kotlin-stdlib/1.8.20-RC2/436a3cf44ea8dc1c65d7a59abda28e232b05d84a/kotlin-stdlib-1.8.20-RC2.jar because:
[        ]   Build cache is disabled
[        ]   Caching not enabled.
[        ] Caching disabled for MergeInstrumentationAnalysisTransform: /root/.gradle/caches/8.14/transforms/059495c8615bae36d0fc93a846ab4920/transformed/analysis/instrumentation-hierarchy.bin because:
[   +1 ms]   Build cache is disabled
[        ]   Caching not enabled.
[        ] Caching disabled for MergeInstrumentationAnalysisTransform: /root/.gradle/caches/8.14/transforms/d5d9c9173fa3f4e1314a8f4fdbc4b86d/transformed/analysis/instrumentation-hierarchy.bin because:
[        ]   Build cache is disabled
[        ]   Caching not enabled.
[        ] Caching disabled for MergeInstrumentationAnalysisTransform: /root/.gradle/caches/8.14/transforms/059495c8615bae36d0fc93a846ab4920/transformed/analysis/instrumentation-dependencies.bin because:
[        ]   Build cache is disabled
[        ]   Caching not enabled.
[        ] Caching disabled for MergeInstrumentationAnalysisTransform: /root/.gradle/caches/8.14/transforms/d5d9c9173fa3f4e1314a8f4fdbc4b86d/transformed/analysis/instrumentation-dependencies.bin because:
[        ]   Build cache is disabled
[        ]   Caching not enabled.
[        ] Caching disabled for ExternalDependencyInstrumentingArtifactTransform: /root/.gradle/caches/modules-2/files-2.1/org.jetbrains.kotlin/kotlin-reflect/1.8.20-RC2/23853310e93f1c418a827be6fabe6f903addd231/kotlin-reflect-1.8.20-RC2.jar because:
[        ]   Build cache is disabled
[        ]   Caching not enabled.
[        ] Caching disabled for MergeInstrumentationAnalysisTransform: /root/.gradle/caches/8.14/transforms/2d6ad7057afe351af184d49f5efa7fa0/transformed/analysis/instrumentation-hierarchy.bin because:
[        ]   Build cache is disabled
[        ]   Caching not enabled.
[        ] Caching disabled for MergeInstrumentationAnalysisTransform: /root/.gradle/caches/8.14/transforms/0ba988fb2518333b5ea2bfed724b7ca8/transformed/analysis/instrumentation-dependencies.bin because:
[        ]   Build cache is disabled
[        ]   Caching not enabled.
[        ] Caching disabled for MergeInstrumentationAnalysisTransform: /root/.gradle/caches/modules-2/files-2.1/commons-codec/commons-codec/1.11/3acb4705652e16236558f0f4f2192cc33c3bd189/commons-codec-1.11.jar because:
[        ]   Build cache is disabled
[        ]   Caching not enabled.
[        ] Caching disabled for ExternalDependencyInstrumentingArtifactTransform: /root/.gradle/caches/modules-2/files-2.1/com.google.guava/guava/31.1-jre/60458f877d055d0c9114d9e1a2efb737b4bc282c/guava-31.1-jre.jar because:
[        ]   Build cache is disabled
[        ]   Caching not enabled.
[        ] Caching disabled for MergeInstrumentationAnalysisTransform: /root/.gradle/caches/8.14/transforms/c72a7ac7e1fea21371af471e438e2249/transformed/analysis/instrumentation-hierarchy.bin because:
[        ]   Build cache is disabled
[        ]   Caching not enabled.
[        ] Caching disabled for MergeInstrumentationAnalysisTransform: /root/.gradle/caches/8.14/transforms/2d6ad7057afe351af184d49f5efa7fa0/transformed/analysis/instrumentation-dependencies.bin because:
[        ]   Build cache is disabled
[        ]   Caching not enabled.
[        ] Caching disabled for MergeInstrumentationAnalysisTransform: /root/.gradle/caches/modules-2/files-2.1/org.jetbrains.kotlin/kotlin-gradle-plugin-annotations/1.8.22/ce5334a47551d2bc8e66fe0ef5b1b39d5fdb9858/kotlin-gradle-plugin-annotations-1.8.22.jar because:
[        ]   Build cache is disabled
[        ]   Caching not enabled.
[        ] Caching disabled for MergeInstrumentationAnalysisTransform: /root/.gradle/caches/modules-2/files-2.1/com.android.tools.build/apksig/8.1.0/9125e1bb9607abb6d2d582f6b551360b0258658a/apksig-8.1.0.jar because:
[        ]   Build cache is disabled
[        ]   Caching not enabled.
[        ] Caching disabled for MergeInstrumentationAnalysisTransform: /root/.gradle/caches/8.14/transforms/c72a7ac7e1fea21371af471e438e2249/transformed/analysis/instrumentation-dependencies.bin because:
[        ]   Build cache is disabled
[        ]   Caching not enabled.
[        ] Caching disabled for MergeInstrumentationAnalysisTransform: /root/.gradle/caches/8.14/transforms/444b3916f26103521f46c0e10f7eeedf/transformed/analysis/instrumentation-hierarchy.bin because:
[        ]   Build cache is disabled
[        ]   Caching not enabled.
[        ] Caching disabled for ExternalDependencyInstrumentingArtifactTransform: /root/.gradle/caches/8.14/transforms/cc5fbd2c0873604dac3e49c75235eb80/transformed/merge/instrumentation-dependencies.bin because:
[        ]   Build cache is disabled
[        ]   Caching not enabled.
[        ] Caching disabled for MergeInstrumentationAnalysisTransform: /root/.gradle/caches/8.14/transforms/dba40a8299f68fa4eacf3f68b6aede9e/transformed/analysis/instrumentation-hierarchy.bin because:
[        ]   Build cache is disabled
[        ]   Caching not enabled.
[        ] Caching disabled for ExternalDependencyInstrumentingArtifactTransform: /root/.gradle/caches/8.14/transforms/038bb5a2285baa12dc05430d8c696d09/transformed/merge/instrumentation-dependencies.bin because:
[        ]   Build cache is disabled
[        ]   Caching not enabled.
[        ] Caching disabled for MergeInstrumentationAnalysisTransform: /root/.gradle/caches/modules-2/files-2.1/com.squareup/javawriter/2.5.0/81241ff7078ef14f42ea2a8995fa09c096256e6b/javawriter-2.5.0.jar because:
[        ]   Build cache is disabled
[        ]   Caching not enabled.
[        ] Caching disabled for MergeInstrumentationAnalysisTransform: /root/.gradle/caches/8.14/transforms/444b3916f26103521f46c0e10f7eeedf/transformed/analysis/instrumentation-dependencies.bin because:
[        ]   Build cache is disabled
[        ]   Caching not enabled.
[        ] Caching disabled for MergeInstrumentationAnalysisTransform: /root/.gradle/caches/modules-2/files-2.1/org.jetbrains.kotlin/kotlin-native-utils/1.8.22/84b8c08d5a1233b91a921ec955d6f9b27fb64eaf/kotlin-native-utils-1.8.22.jar because:
[        ]   Build cache is disabled
[        ]   Caching not enabled.
[        ] Caching disabled for MergeInstrumentationAnalysisTransform: /root/.gradle/caches/8.14/transforms/b61fb44fc1d8321fadf92de7a61bc6d5/transformed/analysis/instrumentation-hierarchy.bin because:
[        ]   Build cache is disabled
[        ]   Caching not enabled.
[   +1 ms] Caching disabled for MergeInstrumentationAnalysisTransform: /root/.gradle/caches/8.14/transforms/dba40a8299f68fa4eacf3f68b6aede9e/transformed/analysis/instrumentation-dependencies.bin because:
[        ]   Build cache is disabled
[        ]   Caching not enabled.
[        ] Caching disabled for ExternalDependencyInstrumentingArtifactTransform: /root/.gradle/caches/modules-2/files-2.1/org.jetbrains.kotlin/kotlin-gradle-plugin-annotations/1.8.22/ce5334a47551d2bc8e66fe0ef5b1b39d5fdb9858/kotlin-gradle-plugin-annotations-1.8.22.jar because:
[        ]   Build cache is disabled
[        ]   Caching not enabled.
[        ] Caching disabled for MergeInstrumentationAnalysisTransform: /root/.gradle/caches/modules-2/files-2.1/org.jetbrains.kotlin/kotlin-util-io/1.8.22/9307f0864dc0819670160931d872796a96987de2/kotlin-util-io-1.8.22.jar because:
[        ]   Build cache is disabled
[        ]   Caching not enabled.
[        ] Caching disabled for ExternalDependencyInstrumentingArtifactTransform: /root/.gradle/caches/8.14/transforms/efe4e31db6481340fde7e60d085bcbbb/transformed/merge/instrumentation-dependencies.bin because:
[        ]   Build cache is disabled
[        ]   Caching not enabled.
[        ] Caching disabled for MergeInstrumentationAnalysisTransform: /root/.gradle/caches/8.14/transforms/b61fb44fc1d8321fadf92de7a61bc6d5/transformed/analysis/instrumentation-dependencies.bin because:
[        ]   Build cache is disabled
[        ]   Caching not enabled.
[        ] Caching disabled for ExternalDependencyInstrumentingArtifactTransform: /root/.gradle/caches/8.14/transforms/4a8f151e27efed6e11bf2ddbbd752f5d/transformed/merge/instrumentation-dependencies.bin because:
[        ]   Build cache is disabled
[        ]   Caching not enabled.
[        ] Caching disabled for MergeInstrumentationAnalysisTransform: /root/.gradle/caches/8.14/transforms/039c10a53b034ecf89e694ce29984c84/transformed/analysis/instrumentation-hierarchy.bin because:
[        ]   Build cache is disabled
[        ]   Caching not enabled.
[        ] Caching disabled for MergeInstrumentationAnalysisTransform: /root/.gradle/caches/modules-2/files-2.1/net.java.dev.jna/jna/5.6.0/330f2244e9030119ab3030fc3fededc86713d9cc/jna-5.6.0.jar because:
[        ]   Build cache is disabled
[        ]   Caching not enabled.
[        ] Caching disabled for MergeInstrumentationAnalysisTransform: /root/.gradle/caches/modules-2/files-2.1/org.jetbrains.kotlin/kotlin-daemon-embeddable/1.8.22/7d9f7e06a59d2fcbc9b373400c146f42fd722e81/kotlin-daemon-embeddable-1.8.22.jar because:
[        ]   Build cache is disabled
[        ]   Caching not enabled.
[        ] Caching disabled for MergeInstrumentationAnalysisTransform: /root/.gradle/caches/8.14/transforms/039c10a53b034ecf89e694ce29984c84/transformed/analysis/instrumentation-dependencies.bin because:
[        ]   Build cache is disabled
[        ]   Caching not enabled.
[        ] Caching disabled for ExternalDependencyInstrumentingArtifactTransform: /root/.gradle/caches/8.14/transforms/5a53df8d586823bed62500db77871bd1/transformed/merge/instrumentation-dependencies.bin because:
[        ]   Build cache is disabled
[        ]   Caching not enabled.
[        ] Caching disabled for ExternalDependencyInstrumentingArtifactTransform: /root/.gradle/caches/modules-2/files-2.1/org.jetbrains.kotlin/kotlin-util-io/1.8.22/9307f0864dc0819670160931d872796a96987de2/kotlin-util-io-1.8.22.jar because:
[        ]   Build cache is disabled
[        ]   Caching not enabled.
[        ] Caching disabled for MergeInstrumentationAnalysisTransform: /root/.gradle/caches/modules-2/files-2.1/org.jetbrains.kotlin/kotlin-daemon-client/1.8.22/4e0b5ecce1712586007f86e5286a9c527da29bd9/kotlin-daemon-client-1.8.22.jar because:
[        ]   Build cache is disabled
[        ]   Caching not enabled.
[        ] Caching disabled for ExternalDependencyInstrumentingArtifactTransform: /root/.gradle/caches/modules-2/files-2.1/org.jetbrains.kotlin/kotlin-native-utils/1.8.22/84b8c08d5a1233b91a921ec955d6f9b27fb64eaf/kotlin-native-utils-1.8.22.jar because:
[        ]   Build cache is disabled
[        ]   Caching not enabled.
[   +1 ms] Caching disabled for MergeInstrumentationAnalysisTransform: /root/.gradle/caches/8.14/transforms/266258840c87d77d7e6964a7b00a8de5/transformed/analysis/instrumentation-hierarchy.bin because:
[        ]   Build cache is disabled
[        ]   Caching not enabled.
[        ] Caching disabled for MergeInstrumentationAnalysisTransform: /root/.gradle/caches/8.14/transforms/5037fc7bca833c41f5e3cb8d1ef9ab2d/transformed/analysis/instrumentation-hierarchy.bin because:
[        ]   Build cache is disabled
[        ]   Caching not enabled.
[        ] Caching disabled for ExternalDependencyInstrumentingArtifactTransform: /root/.gradle/caches/8.14/transforms/671a63f3cded65bc64cbec89189b73f9/transformed/merge/instrumentation-dependencies.bin because:
[        ]   Build cache is disabled
[        ]   Caching not enabled.
[        ] Caching disabled for MergeInstrumentationAnalysisTransform: /root/.gradle/caches/8.14/transforms/9ec917769628edfccf92043e3c3af3fd/transformed/analysis/instrumentation-hierarchy.bin because:
[        ]   Build cache is disabled
[        ]   Caching not enabled.
[        ] Caching disabled for MergeInstrumentationAnalysisTransform: /root/.gradle/caches/8.14/transforms/266258840c87d77d7e6964a7b00a8de5/transformed/analysis/instrumentation-dependencies.bin because:
[        ]   Build cache is disabled
[        ]   Caching not enabled.
[        ] Caching disabled for ExternalDependencyInstrumentingArtifactTransform: /root/.gradle/caches/modules-2/files-2.1/com.android.tools.build/apksig/8.1.0/9125e1bb9607abb6d2d582f6b551360b0258658a/apksig-8.1.0.jar because:
[        ]   Build cache is disabled
[        ]   Caching not enabled.
[        ] Caching disabled for MergeInstrumentationAnalysisTransform: /root/.gradle/caches/8.14/transforms/9ec917769628edfccf92043e3c3af3fd/transformed/analysis/instrumentation-dependencies.bin because:
[        ]   Build cache is disabled
[        ]   Caching not enabled.
[        ] Caching disabled for MergeInstrumentationAnalysisTransform: /root/.gradle/caches/8.14/transforms/5037fc7bca833c41f5e3cb8d1ef9ab2d/transformed/analysis/instrumentation-dependencies.bin because:
[        ]   Build cache is disabled
[        ]   Caching not enabled.
[        ] Caching disabled for MergeInstrumentationAnalysisTransform: /root/.gradle/caches/modules-2/files-2.1/org.jetbrains.kotlin/kotlin-scripting-jvm/1.8.22/3291898dd4e49d49b921cd7baf679399ddfcd49d/kotlin-scripting-jvm-1.8.22.jar because:
[        ]   Build cache is disabled
[        ]   Caching not enabled.
[        ] Caching disabled for MergeInstrumentationAnalysisTransform: /root/.gradle/caches/8.14/transforms/2d952aba5eede5fb4e1f256b2006639a/transformed/analysis/instrumentation-dependencies.bin because:
[        ]   Build cache is disabled
[        ]   Caching not enabled.
[        ] Caching disabled for MergeInstrumentationAnalysisTransform: /root/.gradle/caches/modules-2/files-2.1/org.jetbrains.kotlinx/kotlinx-coroutines-core-jvm/1.5.0/d8cebccdcddd029022aa8646a5a953ff88b13ac8/kotlinx-coroutines-core-jvm-1.5.0.jar because:
[        ]   Build cache is disabled
[        ]   Caching not enabled.
[        ] Caching disabled for MergeInstrumentationAnalysisTransform: /root/.gradle/caches/modules-2/files-2.1/org.jetbrains.kotlin/kotlin-scripting-common/1.8.22/2ceb06ea7e19b183f3363ca8961be973c232937a/kotlin-scripting-common-1.8.22.jar because:
[        ]   Build cache is disabled
[        ]   Caching not enabled.
[        ] Caching disabled for ExternalDependencyInstrumentingArtifactTransform: /root/.gradle/caches/8.14/transforms/e596c8e1adb6e76f94771b018b313079/transformed/merge/instrumentation-dependencies.bin because:
[        ]   Build cache is disabled
[        ]   Caching not enabled.
[        ] Caching disabled for MergeInstrumentationAnalysisTransform: /root/.gradle/caches/8.14/transforms/b4e207aa96e8d470c5c1c936134d8f4c/transformed/analysis/instrumentation-dependencies.bin because:
[        ]   Build cache is disabled
[        ]   Caching not enabled.
[        ] Caching disabled for MergeInstrumentationAnalysisTransform: /root/.gradle/caches/modules-2/files-2.1/com.google.guava/failureaccess/1.0.1/1dcf1de382a0bf95a3d8b0849546c88bac1292c9/failureaccess-1.0.1.jar because:
[        ]   Build cache is disabled
[        ]   Caching not enabled.
[        ] Caching disabled for MergeInstrumentationAnalysisTransform: /root/.gradle/caches/8.14/transforms/e9f9892790f994b7f50c4e7e25403e05/transformed/analysis/instrumentation-hierarchy.bin because:
[        ]   Build cache is disabled
[        ]   Caching not enabled.
[        ] Caching disabled for ExternalDependencyInstrumentingArtifactTransform: /root/.gradle/caches/8.14/transforms/7b966c1c23c5b488a702209b05def5ec/transformed/merge/instrumentation-dependencies.bin because:
[        ]   Build cache is disabled
[        ]   Caching not enabled.
[  +76 ms] Caching disabled for MergeInstrumentationAnalysisTransform: /root/.gradle/caches/8.14/transforms/e9f9892790f994b7f50c4e7e25403e05/transformed/analysis/instrumentation-dependencies.bin because:
[        ]   Build cache is disabled
[        ]   Caching not enabled.
[        ] Caching disabled for MergeInstrumentationAnalysisTransform: /root/.gradle/caches/modules-2/files-2.1/com.google.guava/listenablefuture/9999.0-empty-to-avoid-conflict-with-guava/b421526c5f297295adef1c886e5246c39d4ac629/listenablefuture-9999.0-empty-to-avoid-conflict-with-guava.jar because:
[        ]   Build cache is disabled
[        ]   Caching not enabled.
[        ] Caching disabled for MergeInstrumentationAnalysisTransform: /root/.gradle/caches/8.14/transforms/8e362c5f3c362fbc630f6643bca41639/transformed/analysis/instrumentation-hierarchy.bin because:
[        ]   Build cache is disabled
[        ]   Caching not enabled.
[        ] Caching disabled for ExternalDependencyInstrumentingArtifactTransform: /root/.gradle/caches/modules-2/files-2.1/org.jetbrains.kotlin/kotlin-daemon-embeddable/1.8.22/7d9f7e06a59d2fcbc9b373400c146f42fd722e81/kotlin-daemon-embeddable-1.8.22.jar because:
[        ]   Build cache is disabled
[        ]   Caching not enabled.
[        ] Caching disabled for MergeInstrumentationAnalysisTransform: /root/.gradle/caches/modules-2/files-2.1/xml-apis/xml-apis/1.4.01/3789d9fada2d3d458c4ba2de349d48780f381ee3/xml-apis-1.4.01.jar because:
[        ]   Build cache is disabled
[        ]   Caching not enabled.
[        ] Caching disabled for MergeInstrumentationAnalysisTransform: /root/.gradle/caches/8.14/transforms/8e362c5f3c362fbc630f6643bca41639/transformed/analysis/instrumentation-dependencies.bin because:
[        ]   Build cache is disabled
[        ]   Caching not enabled.
[        ] Caching disabled for MergeInstrumentationAnalysisTransform: /root/.gradle/caches/8.14/transforms/271e3dee428f21e0464d9d5a393868b6/transformed/analysis/instrumentation-dependencies.bin because:
[        ]   Build cache is disabled
[        ]   Caching not enabled.
[        ] Caching disabled for MergeInstrumentationAnalysisTransform: /root/.gradle/caches/8.14/transforms/953a5260ca21b03c44ccb42c411f0190/transformed/analysis/instrumentation-hierarchy.bin because:
[        ]   Build cache is disabled
[        ]   Caching not enabled.
[        ] Caching disabled for ExternalDependencyInstrumentingArtifactTransform: /root/.gradle/caches/modules-2/files-2.1/org.jetbrains.kotlin/kotlin-daemon-client/1.8.22/4e0b5ecce1712586007f86e5286a9c527da29bd9/kotlin-daemon-client-1.8.22.jar because:
[        ]   Build cache is disabled
[        ]   Caching not enabled.
[        ] Caching disabled for MergeInstrumentationAnalysisTransform: /root/.gradle/caches/8.14/transforms/953a5260ca21b03c44ccb42c411f0190/transformed/analysis/instrumentation-dependencies.bin because:
[        ]   Build cache is disabled
[        ]   Caching not enabled.
[        ] Caching disabled for MergeInstrumentationAnalysisTransform: /root/.gradle/caches/modules-2/files-2.1/commons-logging/commons-logging/1.2/4bfc12adfe4842bf07b657f0369c4cb522955686/commons-logging-1.2.jar because:
[        ]   Build cache is disabled
[        ]   Caching not enabled.
[        ] Caching disabled for MergeInstrumentationAnalysisTransform: /root/.gradle/caches/modules-2/files-2.1/org.jetbrains.kotlin/kotlin-stdlib-common/1.8.20-RC2/948fe79545343155ae7e6669c40ac9e086170e82/kotlin-stdlib-common-1.8.20-RC2.jar because:
[        ]   Build cache is disabled
[        ]   Caching not enabled.
[        ] Caching disabled for MergeInstrumentationAnalysisTransform: /root/.gradle/caches/8.14/transforms/0b2fc128b45510be124b327a03e0acaf/transformed/analysis/instrumentation-hierarchy.bin because:
[        ]   Build cache is disabled
[        ]   Caching not enabled.
[        ] Caching disabled for ExternalDependencyInstrumentingArtifactTransform: /root/.gradle/caches/modules-2/files-2.1/org.jetbrains.kotlin/kotlin-scripting-jvm/1.8.22/3291898dd4e49d49b921cd7baf679399ddfcd49d/kotlin-scripting-jvm-1.8.22.jar because:
[        ]   Build cache is disabled
[        ]   Caching not enabled.
[        ] Caching disabled for MergeInstrumentationAnalysisTransform: /root/.gradle/caches/modules-2/files-2.1/io.grpc/grpc-context/1.45.1/485a08c019cc78914a477b1dfc7052820b8d822c/grpc-context-1.45.1.jar because:
[        ]   Build cache is disabled
[        ]   Caching not enabled.
[        ] Caching disabled for ExternalDependencyInstrumentingArtifactTransform: /root/.gradle/caches/8.14/transforms/5f88861114ef863b946707058667cccd/transformed/merge/instrumentation-dependencies.bin because:
[        ]   Build cache is disabled
[        ]   Caching not enabled.
[        ] Caching disabled for MergeInstrumentationAnalysisTransform: /root/.gradle/caches/8.14/transforms/05a37d88c697991b2cf0d42f64b2e713/transformed/analysis/instrumentation-hierarchy.bin because:
[        ]   Build cache is disabled
[        ]   Caching not enabled.
[        ] Caching disabled for MergeInstrumentationAnalysisTransform: /root/.gradle/caches/8.14/transforms/0b2fc128b45510be124b327a03e0acaf/transformed/analysis/instrumentation-dependencies.bin because:
[        ]   Build cache is disabled
[        ]   Caching not enabled.
[        ] Caching disabled for MergeInstrumentationAnalysisTransform: /root/.gradle/caches/8.14/transforms/a9144774249ea4154c7dd917f71c8402/transformed/analysis/instrumentation-hierarchy.bin because:
[        ]   Build cache is disabled
[        ]   Caching not enabled.
[        ] Caching disabled for MergeInstrumentationAnalysisTransform: /root/.gradle/caches/8.14/transforms/05a37d88c697991b2cf0d42f64b2e713/transformed/analysis/instrumentation-dependencies.bin because:
[        ]   Build cache is disabled
[        ]   Caching not enabled.
[        ] Caching disabled for MergeInstrumentationAnalysisTransform: /root/.gradle/caches/8.14/transforms/a9144774249ea4154c7dd917f71c8402/transformed/analysis/instrumentation-dependencies.bin because:
[        ]   Build cache is disabled
[        ]   Caching not enabled.
[        ] Caching disabled for ExternalDependencyInstrumentingArtifactTransform: /root/.gradle/caches/modules-2/files-2.1/org.jetbrains.kotlin/kotlin-stdlib-common/1.8.20-RC2/948fe79545343155ae7e6669c40ac9e086170e82/kotlin-stdlib-common-1.8.20-RC2.jar because:
[        ]   Build cache is disabled
[        ]   Caching not enabled.
[        ] Caching disabled for MergeInstrumentationAnalysisTransform: /root/.gradle/caches/modules-2/files-2.1/io.netty/netty-codec-http/4.1.72.Final/a8f062d67303a5e4b2bc2ad48fb4fd8c99108e45/netty-codec-http-4.1.72.Final.jar because:
[        ]   Build cache is disabled
[        ]   Caching not enabled.
[        ] Caching disabled for ExternalDependencyInstrumentingArtifactTransform: /root/.gradle/caches/modules-2/files-2.1/org.jetbrains.kotlin/kotlin-scripting-common/1.8.22/2ceb06ea7e19b183f3363ca8961be973c232937a/kotlin-scripting-common-1.8.22.jar because:
[        ]   Build cache is disabled
[        ]   Caching not enabled.
[        ] Caching disabled for MergeInstrumentationAnalysisTransform: /root/.gradle/caches/modules-2/files-2.1/io.netty/netty-handler/4.1.72.Final/9feee089fee606c64be90c0332db9aef1f7d8e46/netty-handler-4.1.72.Final.jar because:
[        ]   Build cache is disabled
[        ]   Caching not enabled.
[        ] Caching disabled for MergeInstrumentationAnalysisTransform: /root/.gradle/caches/8.14/transforms/5fdfb420204ad7ed29c5fb2a74879053/transformed/analysis/instrumentation-hierarchy.bin because:
[        ]   Build cache is disabled
[        ]   Caching not enabled.
[        ] Caching disabled for MergeInstrumentationAnalysisTransform: /root/.gradle/caches/8.14/transforms/d5df5425c17b12890d4ce6bf8582a029/transformed/analysis/instrumentation-hierarchy.bin because:
[        ]   Build cache is disabled
[        ]   Caching not enabled.
[        ] Caching disabled for MergeInstrumentationAnalysisTransform: /root/.gradle/caches/modules-2/files-2.1/io.netty/netty-codec-socks/4.1.72.Final/d3bc427b6e2dc4bb6dc9d18d1cc47f8530970a8b/netty-codec-socks-4.1.72.Final.jar because:
[        ]   Build cache is disabled
[        ]   Caching not enabled.
[        ] Caching disabled for MergeInstrumentationAnalysisTransform: /root/.gradle/caches/8.14/transforms/ce9abbde795f83cb2305533bb38b4149/transformed/analysis/instrumentation-hierarchy.bin because:
[        ]   Build cache is disabled
[        ]   Caching not enabled.
[        ] Caching disabled for MergeInstrumentationAnalysisTransform: /root/.gradle/caches/8.14/transforms/178d0f0a6e901b878c7025e14ea4329e/transformed/analysis/instrumentation-hierarchy.bin because:
[        ]   Build cache is disabled
[        ]   Caching not enabled.
[        ] Caching disabled for MergeInstrumentationAnalysisTransform: /root/.gradle/caches/8.14/transforms/5fdfb420204ad7ed29c5fb2a74879053/transformed/analysis/instrumentation-dependencies.bin because:
[        ]   Build cache is disabled
[        ]   Caching not enabled.
[        ] Caching disabled for MergeInstrumentationAnalysisTransform: /root/.gradle/caches/8.14/transforms/c655fc02f5f2f44dd0b0cd2f42396d5d/transformed/analysis/instrumentation-hierarchy.bin because:
[        ]   Build cache is disabled
[        ]   Caching not enabled.
[        ] Caching disabled for MergeInstrumentationAnalysisTransform: /root/.gradle/caches/8.14/transforms/d5df5425c17b12890d4ce6bf8582a029/transformed/analysis/instrumentation-dependencies.bin because:
[        ]   Build cache is disabled
[        ]   Caching not enabled.
[        ] Caching disabled for MergeInstrumentationAnalysisTransform: /root/.gradle/caches/8.14/transforms/178d0f0a6e901b878c7025e14ea4329e/transformed/analysis/instrumentation-dependencies.bin because:
[        ]   Build cache is disabled
[        ]   Caching not enabled.
[        ] Caching disabled for MergeInstrumentationAnalysisTransform: /root/.gradle/caches/8.14/transforms/ce9abbde795f83cb2305533bb38b4149/transformed/analysis/instrumentation-dependencies.bin because:
[        ]   Build cache is disabled
[        ]   Caching not enabled.
[        ] Caching disabled for MergeInstrumentationAnalysisTransform: /root/.gradle/caches/modules-2/files-2.1/io.netty/netty-codec/4.1.72.Final/613c4019d687db4e9a5532564e442f83c4474ed7/netty-codec-4.1.72.Final.jar because:
[        ]   Build cache is disabled
[        ]   Caching not enabled.
[        ] Caching disabled for MergeInstrumentationAnalysisTransform: /root/.gradle/caches/8.14/transforms/c655fc02f5f2f44dd0b0cd2f42396d5d/transformed/analysis/instrumentation-dependencies.bin because:
[        ]   Build cache is disabled
[        ]   Caching not enabled.
[        ] Caching disabled for MergeInstrumentationAnalysisTransform: /root/.gradle/caches/8.14/transforms/4e5c4b669bf612b72faa5c82bd8b026c/transformed/analysis/instrumentation-hierarchy.bin because:
[        ]   Build cache is disabled
[        ]   Caching not enabled.
[        ] Caching disabled for MergeInstrumentationAnalysisTransform: /root/.gradle/caches/modules-2/files-2.1/io.netty/netty-resolver/4.1.72.Final/4ff458458ea32ed1156086820b624a815fcbf2c0/netty-resolver-4.1.72.Final.jar because:
[        ]   Build cache is disabled
[        ]   Caching not enabled.
[        ] Caching disabled for MergeInstrumentationAnalysisTransform: /root/.gradle/caches/modules-2/files-2.1/io.netty/netty-buffer/4.1.72.Final/f306eec3f79541f9b8af9c471a0d5b63b7996272/netty-buffer-4.1.72.Final.jar because:
[        ]   Build cache is disabled
[        ]   Caching not enabled.
[        ] Caching disabled for MergeInstrumentationAnalysisTransform: /root/.gradle/caches/modules-2/files-2.1/io.netty/netty-transport/4.1.72.Final/99138b436a584879355aca8fe3c64b46227d5d79/netty-transport-4.1.72.Final.jar because:
[        ]   Build cache is disabled
[        ]   Caching not enabled.
[        ] Caching disabled for MergeInstrumentationAnalysisTransform: /root/.gradle/caches/modules-2/files-2.1/io.netty/netty-common/4.1.72.Final/a55bac9c3af5f59828207b551a96ac19bbfc341e/netty-common-4.1.72.Final.jar because:
[        ]   Build cache is disabled
[        ]   Caching not enabled.
[        ] Caching disabled for ExternalDependencyInstrumentingArtifactTransform: /root/.gradle/caches/modules-2/files-2.1/com.android.tools.build/builder/8.1.0/602b620b1ee65828181b543bc1790efdfde39cf/builder-8.1.0.jar because:
[        ]   Build cache is disabled
[        ]   Caching not enabled.
[        ] Caching disabled for MergeInstrumentationAnalysisTransform: /root/.gradle/caches/8.14/transforms/4e5c4b669bf612b72faa5c82bd8b026c/transformed/analysis/instrumentation-dependencies.bin because:
[        ]   Build cache is disabled
[        ]   Caching not enabled.
[        ] Caching disabled for MergeInstrumentationAnalysisTransform: /root/.gradle/caches/modules-2/files-2.1/io.netty/netty-tcnative-classes/2.0.46.Final/9937a832d9c19861822d345b48ced388b645aa5f/netty-tcnative-classes-2.0.46.Final.jar because:
[        ]   Build cache is disabled
[        ]   Caching not enabled.
[  +92 ms] Caching disabled for ExternalDependencyInstrumentingArtifactTransform: /root/.gradle/caches/modules-2/files-2.1/com.android.tools.build/gradle/8.1.0/fcd4612dc9b74db28fdb6a4b6a6ddc6008970428/gradle-8.1.0.jar because:
[        ]   Build cache is disabled
[        ]   Caching not enabled.
[ +100 ms] Caching disabled for ExternalDependencyInstrumentingArtifactTransform: /root/.gradle/caches/modules-2/files-2.1/com.android.tools.analytics-library/protos/31.1.0/99ddc33efcbf4e614f52ac43b718f439e367aae3/protos-31.1.0.jar because:
[        ]   Build cache is disabled
[        ]   Caching not enabled.
[  +98 ms] Caching disabled for ExternalDependencyInstrumentingArtifactTransform: /root/.gradle/caches/modules-2/files-2.1/org.jetbrains.kotlin/kotlin-gradle-plugin/1.8.22/35314735f9b890dd8192307a3894e5556b08031e/kotlin-gradle-plugin-1.8.22-gradle76.jar because:
[        ]   Build cache is disabled
[        ]   Caching not enabled.
[ +100 ms] Caching disabled for ExternalDependencyInstrumentingArtifactTransform: /root/.gradle/caches/modules-2/files-2.1/com.android.tools.build/bundletool/1.14.0/2fcb426b5e62cc6e879369fdbbe915bb0a43c3e1/bundletool-1.14.0.jar because:
[        ]   Build cache is disabled
[        ]   Caching not enabled.
[+2599 ms] Caching disabled for ExternalDependencyInstrumentingArtifactTransform: /root/.gradle/caches/modules-2/files-2.1/org.jetbrains.kotlin/kotlin-compiler-embeddable/1.8.22/e2cf111da088dc807a74157741b4cd4b664edfb7/kotlin-compiler-embeddable-1.8.22.jar because:
[        ]   Build cache is disabled
[        ]   Caching not enabled.
[+1999 ms] Caching disabled for Groovy DSL script compilation (proj) because:
[        ]   Build cache is disabled
[        ]   Not worth caching.
[        ] Compiling build file '/root/.pub-cache/hosted/pub.dev/livekit_client-2.6.2/android/build.gradle' using BuildScriptTransformer.
[  +99 ms] Using default execution profile
[        ] Using Kotlin Gradle Plugin gradle813 variant
[ +299 ms] > Configure project :path_provider_android
[        ] Evaluating project ':path_provider_android' using build file '/root/.pub-cache/hosted/pub.dev/path_provider_android-2.2.22/android/build.gradle'.
[        ] Caching disabled for Groovy DSL script compilation (cp_proj) because:
[        ]   Build cache is disabled
[        ]   Not worth caching.
[        ] Compiling build file '/root/.pub-cache/hosted/pub.dev/path_provider_android-2.2.22/android/build.gradle' using SubsetScriptTransformer.
[        ] Caching disabled for Groovy DSL script compilation (proj) because:
[        ]   Build cache is disabled
[        ]   Not worth caching.
[        ] Compiling build file '/root/.pub-cache/hosted/pub.dev/path_provider_android-2.2.22/android/build.gradle' using BuildScriptTransformer.
[        ] Using default execution profile
[+1999 ms] > Configure project :permission_handler_android
[        ] Evaluating project ':permission_handler_android' using build file '/root/.pub-cache/hosted/pub.dev/permission_handler_android-12.1.0/android/build.gradle'.
[        ] Caching disabled for Groovy DSL script compilation (cp_proj) because:
[        ]   Build cache is disabled
[        ]   Not worth caching.
[        ] Compiling build file '/root/.pub-cache/hosted/pub.dev/permission_handler_android-12.1.0/android/build.gradle' using SubsetScriptTransformer.
[        ] Downloading https://dl.google.com/dl/android/maven2/com/android/tools/build/gradle/8.0.0/gradle-8.0.0.pom to /root/.gradle/.tmp/gradle_download2084027770419774623bin
[        ] Downloading https://dl.google.com/dl/android/maven2/com/android/tools/build/gradle/8.0.0/gradle-8.0.0.module to /root/.gradle/.tmp/gradle_download7341287800101854604bin
[        ] Downloading https://dl.google.com/dl/android/maven2/com/android/tools/sdk-common/31.0.0/sdk-common-31.0.0.pom to /root/.gradle/.tmp/gradle_download15359347068619371151bin
[        ] Downloading https://dl.google.com/dl/android/maven2/com/android/tools/ddms/ddmlib/31.0.0/ddmlib-31.0.0.pom to /root/.gradle/.tmp/gradle_download8319014362305752556bin
[        ] Downloading https://dl.google.com/dl/android/maven2/com/android/tools/repository/31.0.0/repository-31.0.0.pom to /root/.gradle/.tmp/gradle_download5204708914559625449bin
[        ] Downloading https://dl.google.com/dl/android/maven2/com/android/tools/sdklib/31.0.0/sdklib-31.0.0.pom to /root/.gradle/.tmp/gradle_download17548751703737236576bin
[        ] Downloading https://dl.google.com/dl/android/maven2/com/android/tools/analytics-library/shared/31.0.0/shared-31.0.0.pom to /root/.gradle/.tmp/gradle_download10177843571607904605bin
[        ] Downloading https://dl.google.com/dl/android/maven2/com/android/tools/build/aaptcompiler/8.0.0/aaptcompiler-8.0.0.pom to /root/.gradle/.tmp/gradle_download2659711905434641836bin
[        ] Downloading https://dl.google.com/dl/android/maven2/com/android/tools/lint/lint-typedef-remover/31.0.0/lint-typedef-remover-31.0.0.pom to /root/.gradle/.tmp/gradle_download2326684078550675936bin
[        ] Downloading https://dl.google.com/dl/android/maven2/com/android/tools/analytics-library/crash/31.0.0/crash-31.0.0.pom to /root/.gradle/.tmp/gradle_download6319020533109036628bin
[        ] Downloading https://dl.google.com/dl/android/maven2/com/android/tools/build/gradle-settings-api/8.0.0/gradle-settings-api-8.0.0.pom to /root/.gradle/.tmp/gradle_download12407878341088593964bin
[        ] Downloading https://dl.google.com/dl/android/maven2/androidx/databinding/databinding-compiler-common/8.0.0/databinding-compiler-common-8.0.0.pom to /root/.gradle/.tmp/gradle_download4738104301582740664bin
[        ] Downloading https://dl.google.com/dl/android/maven2/com/android/tools/lint/lint-model/31.0.0/lint-model-31.0.0.pom to /root/.gradle/.tmp/gradle_download15778960327678558543bin
[        ] Downloading https://dl.google.com/dl/android/maven2/com/android/databinding/baseLibrary/8.0.0/baseLibrary-8.0.0.pom to /root/.gradle/.tmp/gradle_download7553951312521555835bin
[        ] Downloading https://dl.google.com/dl/android/maven2/com/android/tools/build/aapt2-proto/8.0.0-9289358/aapt2-proto-8.0.0-9289358.pom to /root/.gradle/.tmp/gradle_download12690780784728252576bin
[        ] Downloading https://dl.google.com/dl/android/maven2/com/android/tools/utp/android-test-plugin-host-logcat-proto/31.0.0/android-test-plugin-host-logcat-proto-31.0.0.pom to /root/.gradle/.tmp/gradle_download17591103468877723795bin
[        ] Downloading https://dl.google.com/dl/android/maven2/androidx/databinding/databinding-common/8.0.0/databinding-common-8.0.0.pom to /root/.gradle/.tmp/gradle_download1532748175437003928bin
[        ] Downloading https://dl.google.com/dl/android/maven2/com/android/tools/utp/android-test-plugin-host-additional-test-output-proto/31.0.0/android-test-plugin-host-additional-test-output-proto-31.0.0.pom to /root/.gradle/.tmp/gradle_download16961326767262688476bin
[        ] Downloading https://dl.google.com/dl/android/maven2/com/android/tools/utp/android-test-plugin-host-retention-proto/31.0.0/android-test-plugin-host-retention-proto-31.0.0.pom to /root/.gradle/.tmp/gradle_download16279374851033242956bin
[        ] Downloading https://dl.google.com/dl/android/maven2/com/android/tools/utp/android-device-provider-gradle-proto/31.0.0/android-device-provider-gradle-proto-31.0.0.pom to /root/.gradle/.tmp/gradle_download10461197007522714391bin
[        ] Downloading https://dl.google.com/dl/android/maven2/com/android/tools/utp/android-test-plugin-result-listener-gradle-proto/31.0.0/android-test-plugin-result-listener-gradle-proto-31.0.0.pom to /root/.gradle/.tmp/gradle_download11754036743670831732bin
[        ] Downloading https://dl.google.com/dl/android/maven2/com/android/tools/utp/android-device-provider-ddmlib-proto/31.0.0/android-device-provider-ddmlib-proto-31.0.0.pom to /root/.gradle/.tmp/gradle_download6061694985522436165bin
[        ] Downloading https://dl.google.com/dl/android/maven2/com/android/tools/build/builder/8.0.0/builder-8.0.0.pom to /root/.gradle/.tmp/gradle_download12532531066025512465bin
[        ] Downloading https://dl.google.com/dl/android/maven2/com/android/tools/build/gradle-settings-api/8.0.0/gradle-settings-api-8.0.0.module to /root/.gradle/.tmp/gradle_download1291532333238459649bin
[        ] Downloading https://dl.google.com/dl/android/maven2/com/android/tools/build/aaptcompiler/8.0.0/aaptcompiler-8.0.0.module to /root/.gradle/.tmp/gradle_download16558437685557127207bin
[        ] Downloading https://dl.google.com/dl/android/maven2/com/android/tools/utp/android-test-plugin-host-coverage-proto/31.0.0/android-test-plugin-host-coverage-proto-31.0.0.pom to /root/.gradle/.tmp/gradle_download17156541613160577920bin
[        ] Downloading https://dl.google.com/dl/android/maven2/com/android/tools/build/builder-test-api/8.0.0/builder-test-api-8.0.0.pom to /root/.gradle/.tmp/gradle_download10676300110791544282bin
[        ] Downloading https://dl.google.com/dl/android/maven2/com/android/tools/layoutlib/layoutlib-api/31.0.0/layoutlib-api-31.0.0.pom to /root/.gradle/.tmp/gradle_download16392157335207015629bin
[        ] Downloading https://dl.google.com/dl/android/maven2/com/android/tools/build/builder/8.0.0/builder-8.0.0.module to /root/.gradle/.tmp/gradle_download7689667628473080033bin
[        ] Downloading https://dl.google.com/dl/android/maven2/com/android/tools/build/builder-test-api/8.0.0/builder-test-api-8.0.0.module to /root/.gradle/.tmp/gradle_download105121470527859371bin
[        ] Downloading https://dl.google.com/dl/android/maven2/com/android/tools/build/builder-model/8.0.0/builder-model-8.0.0.pom to /root/.gradle/.tmp/gradle_download15585834297948665334bin
[  +98 ms] Downloading https://dl.google.com/dl/android/maven2/com/android/tools/build/aapt2-proto/8.0.0-9289358/aapt2-proto-8.0.0-9289358.module to /root/.gradle/.tmp/gradle_download10937751356763132832bin
[ +100 ms] Downloading https://dl.google.com/dl/android/maven2/com/android/tools/build/gradle-api/8.0.0/gradle-api-8.0.0.pom to /root/.gradle/.tmp/gradle_download13415892225714662282bin
[ +399 ms] Downloading https://dl.google.com/dl/android/maven2/com/android/tools/build/builder-model/8.0.0/builder-model-8.0.0.module to /root/.gradle/.tmp/gradle_download13929792861639100206bin
[        ] Downloading https://dl.google.com/dl/android/maven2/com/android/tools/build/gradle-api/8.0.0/gradle-api-8.0.0.module to /root/.gradle/.tmp/gradle_download13299074581620614477bin
[ +299 ms] Downloading https://dl.google.com/dl/android/maven2/com/android/tools/common/31.0.0/common-31.0.0.pom to /root/.gradle/.tmp/gradle_download12682015702435003285bin
[ +400 ms] Downloading https://dl.google.com/dl/android/maven2/com/android/tools/dvlib/31.0.0/dvlib-31.0.0.pom to /root/.gradle/.tmp/gradle_download8607269126485865532bin
[ +399 ms] Downloading https://dl.google.com/dl/android/maven2/com/android/tools/annotations/31.0.0/annotations-31.0.0.pom to /root/.gradle/.tmp/gradle_download4820462733359374109bin
[ +599 ms] Downloading https://dl.google.com/dl/android/maven2/com/android/tools/analytics-library/protos/31.0.0/protos-31.0.0.pom to /root/.gradle/.tmp/gradle_download14356253315238302030bin
[ +200 ms] Downloading https://dl.google.com/dl/android/maven2/com/android/zipflinger/8.0.0/zipflinger-8.0.0.pom to /root/.gradle/.tmp/gradle_download17773837608027654834bin
[        ] Downloading https://dl.google.com/dl/android/maven2/com/android/tools/build/apkzlib/8.0.0/apkzlib-8.0.0.pom to /root/.gradle/.tmp/gradle_download5001444598882393017bin
[        ] Downloading https://dl.google.com/dl/android/maven2/com/android/tools/build/manifest-merger/31.0.0/manifest-merger-31.0.0.pom to /root/.gradle/.tmp/gradle_download11249026354916683801bin
[        ] Downloading https://dl.google.com/dl/android/maven2/com/android/tools/analytics-library/tracker/31.0.0/tracker-31.0.0.pom to /root/.gradle/.tmp/gradle_download7898944810773566799bin
[        ] Downloading https://dl.google.com/dl/android/maven2/com/android/signflinger/8.0.0/signflinger-8.0.0.pom to /root/.gradle/.tmp/gradle_download4050546721089605295bin
[ +199 ms] Downloading https://dl.google.com/dl/android/maven2/com/android/tools/build/apksig/8.0.0/apksig-8.0.0.pom to /root/.gradle/.tmp/gradle_download623725098287397120bin
[ +400 ms] Downloading https://dl.google.com/dl/android/maven2/com/android/tools/build/manifest-merger/31.0.0/manifest-merger-31.0.0.module to /root/.gradle/.tmp/gradle_download10324660116748287471bin
[ +199 ms] Downloading https://dl.google.com/dl/android/maven2/com/android/tools/sdklib/31.0.0/sdklib-31.0.0.jar to /root/.gradle/.tmp/gradle_download14803673844920340283bin
[        ] Downloading https://dl.google.com/dl/android/maven2/com/android/tools/build/aaptcompiler/8.0.0/aaptcompiler-8.0.0.jar to /root/.gradle/.tmp/gradle_download17334138637647973888bin
[        ] Downloading https://dl.google.com/dl/android/maven2/com/android/tools/repository/31.0.0/repository-31.0.0.jar to /root/.gradle/.tmp/gradle_download11259030468637012925bin
[        ] Downloading https://dl.google.com/dl/android/maven2/com/android/tools/build/builder/8.0.0/builder-8.0.0.jar to /root/.gradle/.tmp/gradle_download11920889412077777281bin
[        ] Downloading https://dl.google.com/dl/android/maven2/com/android/tools/build/builder-test-api/8.0.0/builder-test-api-8.0.0.jar to /root/.gradle/.tmp/gradle_download11117324087033379349bin
[        ] Downloading https://dl.google.com/dl/android/maven2/com/android/tools/build/gradle-settings-api/8.0.0/gradle-settings-api-8.0.0.jar to /root/.gradle/.tmp/gradle_download12716295181453759278bin
[        ] Downloading https://dl.google.com/dl/android/maven2/com/android/tools/ddms/ddmlib/31.0.0/ddmlib-31.0.0.jar to /root/.gradle/.tmp/gradle_download2950840411256521317bin
[        ] Downloading https://dl.google.com/dl/android/maven2/com/android/tools/sdk-common/31.0.0/sdk-common-31.0.0.jar to /root/.gradle/.tmp/gradle_download15596184443266745200bin
[        ] Downloading https://dl.google.com/dl/android/maven2/com/android/tools/build/manifest-merger/31.0.0/manifest-merger-31.0.0.jar to /root/.gradle/.tmp/gradle_download17008754913761900422bin
[        ] Downloading https://dl.google.com/dl/android/maven2/com/android/tools/build/gradle/8.0.0/gradle-8.0.0.jar to /root/.gradle/.tmp/gradle_download15240165783370530945bin
[        ] Downloading https://dl.google.com/dl/android/maven2/com/android/tools/lint/lint-model/31.0.0/lint-model-31.0.0.jar to /root/.gradle/.tmp/gradle_download13144912856831716234bin
[        ] Downloading https://dl.google.com/dl/android/maven2/com/android/tools/build/gradle-api/8.0.0/gradle-api-8.0.0.jar to /root/.gradle/.tmp/gradle_download17011907473245587763bin
[ +100 ms] Downloading https://dl.google.com/dl/android/maven2/com/android/tools/build/aapt2-proto/8.0.0-9289358/aapt2-proto-8.0.0-9289358.jar to /root/.gradle/.tmp/gradle_download18322083266572076582bin
[ +399 ms] Downloading https://dl.google.com/dl/android/maven2/androidx/databinding/databinding-compiler-common/8.0.0/databinding-compiler-common-8.0.0.jar to /root/.gradle/.tmp/gradle_download16364793295292686294bin
[        ] Downloading https://dl.google.com/dl/android/maven2/com/android/tools/lint/lint-typedef-remover/31.0.0/lint-typedef-remover-31.0.0.jar to /root/.gradle/.tmp/gradle_download11896680774980183827bin
[        ] Downloading https://dl.google.com/dl/android/maven2/com/android/databinding/baseLibrary/8.0.0/baseLibrary-8.0.0.jar to /root/.gradle/.tmp/gradle_download14066747503729549453bin
[        ] Downloading https://dl.google.com/dl/android/maven2/com/android/tools/analytics-library/shared/31.0.0/shared-31.0.0.jar to /root/.gradle/.tmp/gradle_download16119888534754568111bin
[        ] Downloading https://dl.google.com/dl/android/maven2/com/android/tools/analytics-library/crash/31.0.0/crash-31.0.0.jar to /root/.gradle/.tmp/gradle_download12316295486305181836bin
[        ] Downloading https://dl.google.com/dl/android/maven2/androidx/databinding/databinding-common/8.0.0/databinding-common-8.0.0.jar to /root/.gradle/.tmp/gradle_download6719519920253276231bin
[        ] Downloading https://dl.google.com/dl/android/maven2/com/android/tools/layoutlib/layoutlib-api/31.0.0/layoutlib-api-31.0.0.jar to /root/.gradle/.tmp/gradle_download14489650168897270921bin
[        ] Downloading https://dl.google.com/dl/android/maven2/com/android/tools/utp/android-device-provider-ddmlib-proto/31.0.0/android-device-provider-ddmlib-proto-31.0.0.jar to /root/.gradle/.tmp/gradle_download7036324736312677522bin
[        ] Downloading https://dl.google.com/dl/android/maven2/com/android/tools/analytics-library/tracker/31.0.0/tracker-31.0.0.jar to /root/.gradle/.tmp/gradle_download13757330157972794010bin
[ +199 ms] Downloading https://dl.google.com/dl/android/maven2/com/android/tools/build/apkzlib/8.0.0/apkzlib-8.0.0.jar to /root/.gradle/.tmp/gradle_download3148888987378563679bin
[        ] Downloading https://dl.google.com/dl/android/maven2/com/android/tools/utp/android-test-plugin-host-additional-test-output-proto/31.0.0/android-test-plugin-host-additional-test-output-proto-31.0.0.jar to /root/.gradle/.tmp/gradle_download9184898525445627725bin
[        ] Downloading https://dl.google.com/dl/android/maven2/com/android/tools/common/31.0.0/common-31.0.0.jar to /root/.gradle/.tmp/gradle_download4233528033513150755bin
[        ] Downloading https://dl.google.com/dl/android/maven2/com/android/tools/utp/android-device-provider-gradle-proto/31.0.0/android-device-provider-gradle-proto-31.0.0.jar to /root/.gradle/.tmp/gradle_download475759878802591096bin
[        ] Downloading https://dl.google.com/dl/android/maven2/com/android/tools/utp/android-test-plugin-host-logcat-proto/31.0.0/android-test-plugin-host-logcat-proto-31.0.0.jar to /root/.gradle/.tmp/gradle_download1772315047519079560bin
[  +99 ms] Downloading https://dl.google.com/dl/android/maven2/com/android/tools/utp/android-test-plugin-host-coverage-proto/31.0.0/android-test-plugin-host-coverage-proto-31.0.0.jar to /root/.gradle/.tmp/gradle_download5846001219561613321bin
[        ] Downloading https://dl.google.com/dl/android/maven2/com/android/tools/build/builder-model/8.0.0/builder-model-8.0.0.jar to /root/.gradle/.tmp/gradle_download12646866775442055061bin
[        ] Downloading https://dl.google.com/dl/android/maven2/com/android/tools/dvlib/31.0.0/dvlib-31.0.0.jar to /root/.gradle/.tmp/gradle_download8900478719379357337bin
[        ] Downloading https://dl.google.com/dl/android/maven2/com/android/tools/analytics-library/protos/31.0.0/protos-31.0.0.jar to /root/.gradle/.tmp/gradle_download14755432602100813139bin
[        ] Downloading https://dl.google.com/dl/android/maven2/com/android/signflinger/8.0.0/signflinger-8.0.0.jar to /root/.gradle/.tmp/gradle_download5902873490382449752bin
[ +100 ms] Downloading https://dl.google.com/dl/android/maven2/com/android/tools/utp/android-test-plugin-result-listener-gradle-proto/31.0.0/android-test-plugin-result-listener-gradle-proto-31.0.0.jar to /root/.gradle/.tmp/gradle_download16190641100892989457bin
[        ] Downloading https://dl.google.com/dl/android/maven2/com/android/tools/utp/android-test-plugin-host-retention-proto/31.0.0/android-test-plugin-host-retention-proto-31.0.0.jar to /root/.gradle/.tmp/gradle_download275000056936702564bin
[ +399 ms] Downloading https://dl.google.com/dl/android/maven2/com/android/tools/annotations/31.0.0/annotations-31.0.0.jar to /root/.gradle/.tmp/gradle_download158811739133946076bin
[        ] Downloading https://dl.google.com/dl/android/maven2/com/android/zipflinger/8.0.0/zipflinger-8.0.0.jar to /root/.gradle/.tmp/gradle_download4778483056104400130bin
[        ] Downloading https://dl.google.com/dl/android/maven2/com/android/tools/build/apksig/8.0.0/apksig-8.0.0.jar to /root/.gradle/.tmp/gradle_download6678945847556983243bin
[  +99 ms] Caching disabled for InstrumentationAnalysisTransform: /root/.gradle/caches/modules-2/files-2.1/com.android.tools.build/gradle/8.0.0/abc36a70ab548bb9f83cb14b47ffa8564d67bccd/gradle-8.0.0.jar because:
[        ]   Build cache is disabled
[        ]   Caching not enabled.
[        ] Caching disabled for InstrumentationAnalysisTransform: /root/.gradle/caches/modules-2/files-2.1/com.android.tools.build/gradle-settings-api/8.0.0/8528f63d61013a346abfaa19331ac9830ca46e2b/gradle-settings-api-8.0.0.jar because:
[        ]   Build cache is disabled
[        ]   Caching not enabled.
[        ] Caching disabled for InstrumentationAnalysisTransform: /root/.gradle/caches/modules-2/files-2.1/com.android.tools.lint/lint-model/31.0.0/db18224b011462f0c24656733be1324ce822090/lint-model-31.0.0.jar because:
[        ]   Build cache is disabled
[        ]   Caching not enabled.
[        ] Caching disabled for InstrumentationAnalysisTransform: /root/.gradle/caches/modules-2/files-2.1/com.android.tools.build/builder/8.0.0/201e508c3edbbf524e8e8985b78bd49d9c3b6b77/builder-8.0.0.jar because:
[        ]   Build cache is disabled
[        ]   Caching not enabled.
[        ] Caching disabled for InstrumentationAnalysisTransform: /root/.gradle/caches/modules-2/files-2.1/com.android.tools.build/manifest-merger/31.0.0/115f4fe77f18921e983c82c48b820949a4123d8e/manifest-merger-31.0.0.jar because:
[        ]   Build cache is disabled
[        ]   Caching not enabled.
[        ] Caching disabled for InstrumentationAnalysisTransform: /root/.gradle/caches/modules-2/files-2.1/com.android.tools/sdk-common/31.0.0/578e46520c75b415184b9c5bf45f7414f17b286a/sdk-common-31.0.0.jar because:
[        ]   Build cache is disabled
[        ]   Caching not enabled.
[        ] Caching disabled for InstrumentationAnalysisTransform: /root/.gradle/caches/modules-2/files-2.1/com.android.tools/sdklib/31.0.0/92055f99986f01d63d9e3f4de8bf5208197d7802/sdklib-31.0.0.jar because:
[        ]   Build cache is disabled
[        ]   Caching not enabled.
[        ] Caching disabled for InstrumentationAnalysisTransform: /root/.gradle/caches/modules-2/files-2.1/com.android.tools/repository/31.0.0/c9facaca740e41683fc978551b909da1f6ed211b/repository-31.0.0.jar because:
[        ]   Build cache is disabled
[        ]   Caching not enabled.
[        ] Caching disabled for InstrumentationAnalysisTransform: /root/.gradle/caches/modules-2/files-2.1/com.android.tools.build/gradle-api/8.0.0/6b219420bfa0ed1c10496c3d77e2a6eb445a3608/gradle-api-8.0.0.jar because:
[        ]   Build cache is disabled
[        ]   Caching not enabled.
[        ] Caching disabled for InstrumentationAnalysisTransform: /root/.gradle/caches/modules-2/files-2.1/com.android.tools.build/builder-test-api/8.0.0/e96f991f80b987d0280cb6ab684f1bc2a29198a3/builder-test-api-8.0.0.jar because:
[        ]   Build cache is disabled
[        ]   Caching not enabled.
[        ] Caching disabled for InstrumentationAnalysisTransform: /root/.gradle/caches/modules-2/files-2.1/com.android.tools.ddms/ddmlib/31.0.0/4841ca3d8fb995267eea0e73e812f1c76025a09e/ddmlib-31.0.0.jar because:
[        ]   Build cache is disabled
[        ]   Caching not enabled.
[        ] Caching disabled for InstrumentationAnalysisTransform: /root/.gradle/caches/modules-2/files-2.1/com.android.tools.build/aaptcompiler/8.0.0/1c089ac9beacec63dce43c88b7f4205a10483ed8/aaptcompiler-8.0.0.jar because:
[        ]   Build cache is disabled
[        ]   Caching not enabled.
[        ] Caching disabled for InstrumentationAnalysisTransform: /root/.gradle/caches/modules-2/files-2.1/com.android.tools.build/aapt2-proto/8.0.0-9289358/26e26ee450ed59a6ad8916c6af15467867aa6537/aapt2-proto-8.0.0-9289358.jar because:
[        ]   Build cache is disabled
[        ]   Caching not enabled.
[        ] Caching disabled for InstrumentationAnalysisTransform: /root/.gradle/caches/modules-2/files-2.1/com.android.tools.analytics-library/crash/31.0.0/130a30174838af6a9aab4c060248991136cc4a1e/crash-31.0.0.jar because:
[        ]   Build cache is disabled
[        ]   Caching not enabled.
[        ] Caching disabled for InstrumentationAnalysisTransform: /root/.gradle/caches/modules-2/files-2.1/com.android.tools.analytics-library/tracker/31.0.0/93e267ae33339e3e4c31513a481d4e5da25a3f3c/tracker-31.0.0.jar because:
[        ]   Build cache is disabled
[        ]   Caching not enabled.
[        ] Caching disabled for InstrumentationAnalysisTransform: /root/.gradle/caches/modules-2/files-2.1/com.android.tools.analytics-library/shared/31.0.0/7552ea5c8af6a8a256c66fbebf00c868394a253d/shared-31.0.0.jar because:
[        ]   Build cache is disabled
[        ]   Caching not enabled.
[        ] Caching disabled for InstrumentationAnalysisTransform: /root/.gradle/caches/modules-2/files-2.1/com.android.tools.lint/lint-typedef-remover/31.0.0/dc294605db32e2a07fd9bba72a4e337eba837a03/lint-typedef-remover-31.0.0.jar because:
[        ]   Build cache is disabled
[        ]   Caching not enabled.
[        ] Caching disabled for InstrumentationAnalysisTransform: /root/.gradle/caches/modules-2/files-2.1/androidx.databinding/databinding-compiler-common/8.0.0/bd3577f73b54098c65993821dda740da8176a1d9/databinding-compiler-common-8.0.0.jar because:
[        ]   Build cache is disabled
[        ]   Caching not enabled.
[        ] Caching disabled for InstrumentationAnalysisTransform: /root/.gradle/caches/modules-2/files-2.1/androidx.databinding/databinding-common/8.0.0/84ed411631d2c4113f4ad992669fe3f50a83f072/databinding-common-8.0.0.jar because:
[        ]   Build cache is disabled
[        ]   Caching not enabled.
[        ] Caching disabled for InstrumentationAnalysisTransform: /root/.gradle/caches/modules-2/files-2.1/com.android.databinding/baseLibrary/8.0.0/816af75743910bbee1f2a4e0620683bc3ec6e453/baseLibrary-8.0.0.jar because:
[        ]   Build cache is disabled
[        ]   Caching not enabled.
[        ] Caching disabled for InstrumentationAnalysisTransform: /root/.gradle/caches/modules-2/files-2.1/com.android.tools.layoutlib/layoutlib-api/31.0.0/d5df6c18a46cc2360b8310b62a7fad1c130cb685/layoutlib-api-31.0.0.jar because:
[        ]   Build cache is disabled
[        ]   Caching not enabled.
[        ] Caching disabled for InstrumentationAnalysisTransform: /root/.gradle/caches/modules-2/files-2.1/com.android.tools.utp/android-device-provider-ddmlib-proto/31.0.0/7e8d418bf45f4f9f8cc1708429aa996d34b938b2/android-device-provider-ddmlib-proto-31.0.0.jar because:
[        ]   Build cache is disabled
[        ]   Caching not enabled.
[        ] Caching disabled for InstrumentationAnalysisTransform: /root/.gradle/caches/modules-2/files-2.1/com.android.tools.utp/android-device-provider-gradle-proto/31.0.0/22011eee9bd4de4e651cf55446fb65c812a2e442/android-device-provider-gradle-proto-31.0.0.jar because:
[        ]   Build cache is disabled
[        ]   Caching not enabled.
[        ] Caching disabled for InstrumentationAnalysisTransform: /root/.gradle/caches/modules-2/files-2.1/com.android.tools.utp/android-test-plugin-host-additional-test-output-proto/31.0.0/b8976b9ae955caa037a485c1c18fb0f4334c6fec/android-test-plugin-host-additional-test-output-proto-31.0.0.jar because:
[        ]   Build cache is disabled
[        ]   Caching not enabled.
[        ] Caching disabled for InstrumentationAnalysisTransform: /root/.gradle/caches/modules-2/files-2.1/com.android.tools.utp/android-test-plugin-host-coverage-proto/31.0.0/1a03db90bb6487372b10ee06c667447a85a8034b/android-test-plugin-host-coverage-proto-31.0.0.jar because:
[        ]   Build cache is disabled
[        ]   Caching not enabled.
[        ] Caching disabled for InstrumentationAnalysisTransform: /root/.gradle/caches/modules-2/files-2.1/com.android.tools.utp/android-test-plugin-host-logcat-proto/31.0.0/70f3b50e00822fdff5f60753a122d53ee99ae0aa/android-test-plugin-host-logcat-proto-31.0.0.jar because:
[        ]   Build cache is disabled
[        ]   Caching not enabled.
[        ] Caching disabled for InstrumentationAnalysisTransform: /root/.gradle/caches/modules-2/files-2.1/com.android.tools.utp/android-test-plugin-host-retention-proto/31.0.0/6be4fb1cdcba03d41d6c9888b914518bdc2d38d2/android-test-plugin-host-retention-proto-31.0.0.jar because:
[        ]   Build cache is disabled
[        ]   Caching not enabled.
[        ] Caching disabled for InstrumentationAnalysisTransform: /root/.gradle/caches/modules-2/files-2.1/com.android.tools.utp/android-test-plugin-result-listener-gradle-proto/31.0.0/39441225d84dc85587d2c87845058544e9140160/android-test-plugin-result-listener-gradle-proto-31.0.0.jar because:
[        ]   Build cache is disabled
[        ]   Caching not enabled.
[        ] Caching disabled for InstrumentationAnalysisTransform: /root/.gradle/caches/modules-2/files-2.1/com.android.tools.build/builder-model/8.0.0/c440fc020bae8ccb1c53987e886e28e7080ed827/builder-model-8.0.0.jar because:
[        ]   Build cache is disabled
[        ]   Caching not enabled.
[        ] Caching disabled for InstrumentationAnalysisTransform: /root/.gradle/caches/modules-2/files-2.1/com.android.tools/dvlib/31.0.0/ef8dfce1e50dc4b683cdb8ce9507cc87878ebcb5/dvlib-31.0.0.jar because:
[        ]   Build cache is disabled
[        ]   Caching not enabled.
[        ] Caching disabled for InstrumentationAnalysisTransform: /root/.gradle/caches/modules-2/files-2.1/com.android.tools/common/31.0.0/373106f1464aee1e0e7931a1783246d2b654a792/common-31.0.0.jar because:
[        ]   Build cache is disabled
[        ]   Caching not enabled.
[        ] Caching disabled for InstrumentationAnalysisTransform: /root/.gradle/caches/modules-2/files-2.1/com.android.tools.build/apkzlib/8.0.0/ad7136410ad4c88b1d1dea24ddeb5f9379e157e5/apkzlib-8.0.0.jar because:
[        ]   Build cache is disabled
[        ]   Caching not enabled.
[        ] Caching disabled for InstrumentationAnalysisTransform: /root/.gradle/caches/modules-2/files-2.1/com.android.tools.analytics-library/protos/31.0.0/1a391ebfcfc6b3fbd249f12f58bd301c3f13855f/protos-31.0.0.jar because:
[        ]   Build cache is disabled
[        ]   Caching not enabled.
[        ] Caching disabled for InstrumentationAnalysisTransform: /root/.gradle/caches/modules-2/files-2.1/com.android/signflinger/8.0.0/eadca001587305c0d2498104183497eaa7013ce2/signflinger-8.0.0.jar because:
[        ]   Build cache is disabled
[        ]   Caching not enabled.
[        ] Caching disabled for InstrumentationAnalysisTransform: /root/.gradle/caches/modules-2/files-2.1/com.android/zipflinger/8.0.0/c8905e73d011fc1683db2dfd08397ab250672d4e/zipflinger-8.0.0.jar because:
[        ]   Build cache is disabled
[        ]   Caching not enabled.
[        ] Caching disabled for InstrumentationAnalysisTransform: /root/.gradle/caches/modules-2/files-2.1/com.android.tools/annotations/31.0.0/9251cabb9830e0f59e30e8e99f58af7bbc97c34f/annotations-31.0.0.jar because:
[        ]   Build cache is disabled
[        ]   Caching not enabled.
[        ] Caching disabled for InstrumentationAnalysisTransform: /root/.gradle/caches/modules-2/files-2.1/com.android.tools.build/apksig/8.0.0/dda491097f106bdd32f4c8e664a58d3ba650fba/apksig-8.0.0.jar because:
[        ]   Build cache is disabled
[        ]   Caching not enabled.
[ +198 ms] Caching disabled for MergeInstrumentationAnalysisTransform: /root/.gradle/caches/8.14/transforms/d2ab99bedca574e0d3c15efc2a0ae2b0/transformed/.gradle-instrumented-classpath.marker because:
[        ]   Build cache is disabled
[        ]   Caching not enabled.
[        ] Caching disabled for MergeInstrumentationAnalysisTransform: /root/.gradle/caches/8.14/transforms/e22cd281a84a32b544bc703f49ae5a28/transformed/analysis/instrumentation-hierarchy.bin because:
[        ]   Build cache is disabled
[        ]   Caching not enabled.
[        ] Caching disabled for MergeInstrumentationAnalysisTransform: /root/.gradle/caches/8.14/transforms/d2ab99bedca574e0d3c15efc2a0ae2b0/transformed/analysis/instrumentation-hierarchy.bin because:
[        ]   Build cache is disabled
[        ]   Caching not enabled.
[        ] Caching disabled for MergeInstrumentationAnalysisTransform: /root/.gradle/caches/8.14/transforms/85ce3949ccd340d0dae56f15e80d734c/transformed/analysis/instrumentation-hierarchy.bin because:
[        ]   Build cache is disabled
[        ]   Caching not enabled.
[        ] Caching disabled for MergeInstrumentationAnalysisTransform: /root/.gradle/caches/8.14/transforms/3b5860be784811aaa3bc0ad0f4938bfd/transformed/analysis/instrumentation-hierarchy.bin because:
[        ]   Build cache is disabled
[        ]   Caching not enabled.
[        ] Caching disabled for MergeInstrumentationAnalysisTransform: /root/.gradle/caches/8.14/transforms/49e93a663d555eb71d17179bd4570013/transformed/analysis/instrumentation-hierarchy.bin because:
[        ]   Build cache is disabled
[        ]   Caching not enabled.
[        ] Caching disabled for MergeInstrumentationAnalysisTransform: /root/.gradle/caches/8.14/transforms/5ee454923c59e0e5ea2d5705743a5980/transformed/analysis/instrumentation-hierarchy.bin because:
[        ]   Build cache is disabled
[        ]   Caching not enabled.
[        ] Caching disabled for MergeInstrumentationAnalysisTransform: /root/.gradle/caches/8.14/transforms/34f7747d2386c1251bda8d8ec7680938/transformed/analysis/instrumentation-hierarchy.bin because:
[        ]   Build cache is disabled
[        ]   Caching not enabled.
[        ] Caching disabled for MergeInstrumentationAnalysisTransform: /root/.gradle/caches/8.14/transforms/496132720f3068b77e0160d8a1124e84/transformed/analysis/instrumentation-hierarchy.bin because:
[        ]   Build cache is disabled
[        ]   Caching not enabled.
[        ] Caching disabled for MergeInstrumentationAnalysisTransform: /root/.gradle/caches/8.14/transforms/610769563e495dc4c66224d63958846d/transformed/analysis/instrumentation-hierarchy.bin because:
[        ]   Build cache is disabled
[        ]   Caching not enabled.
[        ] Caching disabled for MergeInstrumentationAnalysisTransform: /root/.gradle/caches/8.14/transforms/3b4f06dd39b9a820630bad470aee679a/transformed/analysis/instrumentation-hierarchy.bin because:
[        ]   Build cache is disabled
[        ]   Caching not enabled.
[        ] Caching disabled for MergeInstrumentationAnalysisTransform: /root/.gradle/caches/8.14/transforms/f0c391e3bf6ff07d5b54c34cecbf72c6/transformed/analysis/instrumentation-hierarchy.bin because:
[        ]   Build cache is disabled
[        ]   Caching not enabled.
[        ] Caching disabled for MergeInstrumentationAnalysisTransform: /root/.gradle/caches/8.14/transforms/967ff45b6ffa4c44d99639faf22501da/transformed/analysis/instrumentation-hierarchy.bin because:
[        ]   Build cache is disabled
[        ]   Caching not enabled.
[        ] Caching disabled for MergeInstrumentationAnalysisTransform: /root/.gradle/caches/8.14/transforms/e22cd281a84a32b544bc703f49ae5a28/transformed/analysis/instrumentation-dependencies.bin because:
[        ]   Build cache is disabled
[        ]   Caching not enabled.
[        ] Caching disabled for MergeInstrumentationAnalysisTransform: /root/.gradle/caches/8.14/transforms/d2ab99bedca574e0d3c15efc2a0ae2b0/transformed/analysis/instrumentation-dependencies.bin because:
[        ]   Build cache is disabled
[        ]   Caching not enabled.
[        ] Caching disabled for MergeInstrumentationAnalysisTransform: /root/.gradle/caches/8.14/transforms/967ff45b6ffa4c44d99639faf22501da/transformed/analysis/instrumentation-dependencies.bin because:
[        ]   Build cache is disabled
[        ]   Caching not enabled.
[        ] Caching disabled for MergeInstrumentationAnalysisTransform: /root/.gradle/caches/8.14/transforms/496132720f3068b77e0160d8a1124e84/transformed/analysis/instrumentation-dependencies.bin because:
[        ]   Build cache is disabled
[        ]   Caching not enabled.
[        ] Caching disabled for MergeInstrumentationAnalysisTransform: /root/.gradle/caches/8.14/transforms/49e93a663d555eb71d17179bd4570013/transformed/analysis/instrumentation-dependencies.bin because:
[        ]   Build cache is disabled
[        ]   Caching not enabled.
[        ] Caching disabled for MergeInstrumentationAnalysisTransform: /root/.gradle/caches/8.14/transforms/85ce3949ccd340d0dae56f15e80d734c/transformed/analysis/instrumentation-dependencies.bin because:
[        ]   Build cache is disabled
[        ]   Caching not enabled.
[        ] Caching disabled for MergeInstrumentationAnalysisTransform: /root/.gradle/caches/8.14/transforms/3b5860be784811aaa3bc0ad0f4938bfd/transformed/analysis/instrumentation-dependencies.bin because:
[        ]   Build cache is disabled
[        ]   Caching not enabled.
[        ] Caching disabled for MergeInstrumentationAnalysisTransform: /root/.gradle/caches/8.14/transforms/34f7747d2386c1251bda8d8ec7680938/transformed/analysis/instrumentation-dependencies.bin because:
[        ]   Build cache is disabled
[        ]   Caching not enabled.
[        ] Caching disabled for MergeInstrumentationAnalysisTransform: /root/.gradle/caches/8.14/transforms/5ee454923c59e0e5ea2d5705743a5980/transformed/analysis/instrumentation-dependencies.bin because:
[        ]   Build cache is disabled
[        ]   Caching not enabled.
[        ] Caching disabled for MergeInstrumentationAnalysisTransform: /root/.gradle/caches/8.14/transforms/610769563e495dc4c66224d63958846d/transformed/analysis/instrumentation-dependencies.bin because:
[        ]   Build cache is disabled
[        ]   Caching not enabled.
[        ] Caching disabled for MergeInstrumentationAnalysisTransform: /root/.gradle/caches/8.14/transforms/f0c391e3bf6ff07d5b54c34cecbf72c6/transformed/analysis/instrumentation-dependencies.bin because:
[        ]   Build cache is disabled
[        ]   Caching not enabled.
[        ] Caching disabled for MergeInstrumentationAnalysisTransform: /root/.gradle/caches/8.14/transforms/3b4f06dd39b9a820630bad470aee679a/transformed/analysis/instrumentation-dependencies.bin because:
[        ]   Build cache is disabled
[        ]   Caching not enabled.
[        ] Caching disabled for MergeInstrumentationAnalysisTransform: /root/.gradle/caches/modules-2/files-2.1/com.android.tools.build/gradle-settings-api/8.0.0/8528f63d61013a346abfaa19331ac9830ca46e2b/gradle-settings-api-8.0.0.jar because:
[        ]   Build cache is disabled
[        ]   Caching not enabled.
[        ] Caching disabled for MergeInstrumentationAnalysisTransform: /root/.gradle/caches/modules-2/files-2.1/com.android.tools.build/builder-test-api/8.0.0/e96f991f80b987d0280cb6ab684f1bc2a29198a3/builder-test-api-8.0.0.jar because:
[        ]   Build cache is disabled
[        ]   Caching not enabled.
[        ] Caching disabled for MergeInstrumentationAnalysisTransform: /root/.gradle/caches/modules-2/files-2.1/com.android.tools.lint/lint-model/31.0.0/db18224b011462f0c24656733be1324ce822090/lint-model-31.0.0.jar because:
[        ]   Build cache is disabled
[        ]   Caching not enabled.
[        ] Caching disabled for MergeInstrumentationAnalysisTransform: /root/.gradle/caches/modules-2/files-2.1/com.android.tools.build/manifest-merger/31.0.0/115f4fe77f18921e983c82c48b820949a4123d8e/manifest-merger-31.0.0.jar because:
[        ]   Build cache is disabled
[        ]   Caching not enabled.
[        ] Caching disabled for MergeInstrumentationAnalysisTransform: /root/.gradle/caches/modules-2/files-2.1/com.android.tools.build/aaptcompiler/8.0.0/1c089ac9beacec63dce43c88b7f4205a10483ed8/aaptcompiler-8.0.0.jar because:
[        ]   Build cache is disabled
[        ]   Caching not enabled.
[        ] Caching disabled for MergeInstrumentationAnalysisTransform: /root/.gradle/caches/modules-2/files-2.1/com.android.tools/sdklib/31.0.0/92055f99986f01d63d9e3f4de8bf5208197d7802/sdklib-31.0.0.jar because:
[        ]   Build cache is disabled
[        ]   Caching not enabled.
[        ] Caching disabled for MergeInstrumentationAnalysisTransform: /root/.gradle/caches/modules-2/files-2.1/com.android.tools.ddms/ddmlib/31.0.0/4841ca3d8fb995267eea0e73e812f1c76025a09e/ddmlib-31.0.0.jar because:
[        ]   Build cache is disabled
[        ]   Caching not enabled.
[        ] Caching disabled for ExternalDependencyInstrumentingArtifactTransform: /root/.gradle/caches/8.14/transforms/5d17145adb7bba2eeb97a46bc41168bf/transformed/merge/instrumentation-dependencies.bin because:
[        ]   Build cache is disabled
[        ]   Caching not enabled.
[        ] Caching disabled for ExternalDependencyInstrumentingArtifactTransform: /root/.gradle/caches/8.14/transforms/9ccc8d6844ceb79c8a829778f2e7ce99/transformed/merge/instrumentation-dependencies.bin because:
[        ]   Build cache is disabled
[        ]   Caching not enabled.
[        ] Caching disabled for MergeInstrumentationAnalysisTransform: /root/.gradle/caches/modules-2/files-2.1/com.android.tools/repository/31.0.0/c9facaca740e41683fc978551b909da1f6ed211b/repository-31.0.0.jar because:
[        ]   Build cache is disabled
[        ]   Caching not enabled.
[        ] Caching disabled for MergeInstrumentationAnalysisTransform: /root/.gradle/caches/modules-2/files-2.1/com.android.tools/sdk-common/31.0.0/578e46520c75b415184b9c5bf45f7414f17b286a/sdk-common-31.0.0.jar because:
[        ]   Build cache is disabled
[        ]   Caching not enabled.
[        ] Caching disabled for ExternalDependencyInstrumentingArtifactTransform: /root/.gradle/caches/8.14/transforms/09e9a3c1fe2df8e2574d1173adf0c744/transformed/merge/instrumentation-dependencies.bin because:
[        ]   Build cache is disabled
[        ]   Caching not enabled.
[        ] Caching disabled for ExternalDependencyInstrumentingArtifactTransform: /root/.gradle/caches/8.14/transforms/000c000202e5df8857cc7b7e38b52e6b/transformed/merge/instrumentation-dependencies.bin because:
[        ]   Build cache is disabled
[        ]   Caching not enabled.
[        ] Caching disabled for MergeInstrumentationAnalysisTransform: /root/.gradle/caches/modules-2/files-2.1/com.android.tools.build/gradle-api/8.0.0/6b219420bfa0ed1c10496c3d77e2a6eb445a3608/gradle-api-8.0.0.jar because:
[        ]   Build cache is disabled
[        ]   Caching not enabled.
[        ] Caching disabled for ExternalDependencyInstrumentingArtifactTransform: /root/.gradle/caches/8.14/transforms/700d74b026c07a4f535a49f93977a46f/transformed/merge/instrumentation-dependencies.bin because:
[        ]   Build cache is disabled
[        ]   Caching not enabled.
[        ] Caching disabled for ExternalDependencyInstrumentingArtifactTransform: /root/.gradle/caches/8.14/transforms/5bea517ca0ecfb6dd45cd0f3f1d37b34/transformed/merge/instrumentation-dependencies.bin because:
[        ]   Build cache is disabled
[        ]   Caching not enabled.
[        ] Caching disabled for ExternalDependencyInstrumentingArtifactTransform: /root/.gradle/caches/8.14/transforms/38168043324ff52d2e3e8f1de16ec7bf/transformed/merge/instrumentation-dependencies.bin because:
[        ]   Build cache is disabled
[        ]   Caching not enabled.
[        ] Caching disabled for ExternalDependencyInstrumentingArtifactTransform: /root/.gradle/caches/8.14/transforms/c444315154268c6a2c8668043aa8f0b0/transformed/merge/instrumentation-dependencies.bin because:
[        ]   Build cache is disabled
[        ]   Caching not enabled.
[        ] Caching disabled for ExternalDependencyInstrumentingArtifactTransform: /root/.gradle/caches/8.14/transforms/b19ef98d033e3bd10ae279a9edb70c85/transformed/merge/instrumentation-dependencies.bin because:
[        ]   Build cache is disabled
[        ]   Caching not enabled.
[        ] Caching disabled for ExternalDependencyInstrumentingArtifactTransform: /root/.gradle/caches/8.14/transforms/3063c2fcc5a48a632649fba354621d85/transformed/merge/instrumentation-dependencies.bin because:
[        ]   Build cache is disabled
[        ]   Caching not enabled.
[        ] Caching disabled for ExternalDependencyInstrumentingArtifactTransform: /root/.gradle/caches/modules-2/files-2.1/com.android.tools.build/gradle-settings-api/8.0.0/8528f63d61013a346abfaa19331ac9830ca46e2b/gradle-settings-api-8.0.0.jar because:
[        ]   Build cache is disabled
[        ]   Caching not enabled.
[        ] Caching disabled for ExternalDependencyInstrumentingArtifactTransform: /root/.gradle/caches/modules-2/files-2.1/com.android.tools.build/builder-test-api/8.0.0/e96f991f80b987d0280cb6ab684f1bc2a29198a3/builder-test-api-8.0.0.jar because:
[        ]   Build cache is disabled
[        ]   Caching not enabled.
[        ] Caching disabled for MergeInstrumentationAnalysisTransform: /root/.gradle/caches/modules-2/files-2.1/com.android.tools.build/builder/8.0.0/201e508c3edbbf524e8e8985b78bd49d9c3b6b77/builder-8.0.0.jar because:
[        ]   Build cache is disabled
[        ]   Caching not enabled.
[        ] Caching disabled for MergeInstrumentationAnalysisTransform: /root/.gradle/caches/8.14/transforms/c55955d7f4025ff216153bfb8cf20827/transformed/analysis/instrumentation-hierarchy.bin because:
[        ]   Build cache is disabled
[        ]   Caching not enabled.
[        ] Caching disabled for MergeInstrumentationAnalysisTransform: /root/.gradle/caches/8.14/transforms/d72e0705623f95fe2dd18f7706b1957e/transformed/analysis/instrumentation-hierarchy.bin because:
[        ]   Build cache is disabled
[        ]   Caching not enabled.
[        ] Caching disabled for ExternalDependencyInstrumentingArtifactTransform: /root/.gradle/caches/8.14/transforms/433a167c7c41932ae3a154d5f135852a/transformed/merge/instrumentation-dependencies.bin because:
[        ]   Build cache is disabled
[        ]   Caching not enabled.
[        ] Caching disabled for MergeInstrumentationAnalysisTransform: /root/.gradle/caches/8.14/transforms/c55955d7f4025ff216153bfb8cf20827/transformed/analysis/instrumentation-dependencies.bin because:
[        ]   Build cache is disabled
[        ]   Caching not enabled.
[        ] Caching disabled for ExternalDependencyInstrumentingArtifactTransform: /root/.gradle/caches/modules-2/files-2.1/com.android.tools.lint/lint-model/31.0.0/db18224b011462f0c24656733be1324ce822090/lint-model-31.0.0.jar because:
[        ]   Build cache is disabled
[        ]   Caching not enabled.
[        ] Caching disabled for MergeInstrumentationAnalysisTransform: /root/.gradle/caches/8.14/transforms/d72e0705623f95fe2dd18f7706b1957e/transformed/analysis/instrumentation-dependencies.bin because:
[        ]   Build cache is disabled
[        ]   Caching not enabled.
[        ] Caching disabled for MergeInstrumentationAnalysisTransform: /root/.gradle/caches/8.14/transforms/e1aab48f2f399a3213f3f975150cce2c/transformed/analysis/instrumentation-hierarchy.bin because:
[        ]   Build cache is disabled
[        ]   Caching not enabled.
[        ] Caching disabled for MergeInstrumentationAnalysisTransform: /root/.gradle/caches/modules-2/files-2.1/com.android.tools.build/aapt2-proto/8.0.0-9289358/26e26ee450ed59a6ad8916c6af15467867aa6537/aapt2-proto-8.0.0-9289358.jar because:
[        ]   Build cache is disabled
[        ]   Caching not enabled.
[        ] Caching disabled for MergeInstrumentationAnalysisTransform: /root/.gradle/caches/8.14/transforms/e1aab48f2f399a3213f3f975150cce2c/transformed/analysis/instrumentation-dependencies.bin because:
[        ]   Build cache is disabled
[        ]   Caching not enabled.
[        ] Caching disabled for ExternalDependencyInstrumentingArtifactTransform: /root/.gradle/caches/modules-2/files-2.1/com.android.tools.build/gradle-api/8.0.0/6b219420bfa0ed1c10496c3d77e2a6eb445a3608/gradle-api-8.0.0.jar because:
[        ]   Build cache is disabled
[        ]   Caching not enabled.
[        ] Caching disabled for ExternalDependencyInstrumentingArtifactTransform: /root/.gradle/caches/8.14/transforms/e918987c6a3256b59f288c7eb3641bee/transformed/merge/instrumentation-dependencies.bin because:
[        ]   Build cache is disabled
[        ]   Caching not enabled.
[        ] Caching disabled for MergeInstrumentationAnalysisTransform: /root/.gradle/caches/modules-2/files-2.1/com.android.tools.analytics-library/crash/31.0.0/130a30174838af6a9aab4c060248991136cc4a1e/crash-31.0.0.jar because:
[        ]   Build cache is disabled
[        ]   Caching not enabled.
[        ] Caching disabled for ExternalDependencyInstrumentingArtifactTransform: /root/.gradle/caches/modules-2/files-2.1/com.android.tools.build/manifest-merger/31.0.0/115f4fe77f18921e983c82c48b820949a4123d8e/manifest-merger-31.0.0.jar because:
[        ]   Build cache is disabled
[        ]   Caching not enabled.
[        ] Caching disabled for ExternalDependencyInstrumentingArtifactTransform: /root/.gradle/caches/modules-2/files-2.1/com.android.tools/repository/31.0.0/c9facaca740e41683fc978551b909da1f6ed211b/repository-31.0.0.jar because:
[        ]   Build cache is disabled
[        ]   Caching not enabled.
[        ] Caching disabled for ExternalDependencyInstrumentingArtifactTransform: /root/.gradle/caches/8.14/transforms/8a6b2efd132c821b80a738f839b5dff8/transformed/merge/instrumentation-dependencies.bin because:
[        ]   Build cache is disabled
[        ]   Caching not enabled.
[  +91 ms] Caching disabled for MergeInstrumentationAnalysisTransform: /root/.gradle/caches/8.14/transforms/54eab6251f7af93146a89d70ff3cc9a2/transformed/analysis/instrumentation-hierarchy.bin because:
[        ]   Build cache is disabled
[        ]   Caching not enabled.
[        ] Caching disabled for MergeInstrumentationAnalysisTransform: /root/.gradle/caches/8.14/transforms/00c50d6f69f7ae8583021842027829cd/transformed/analysis/instrumentation-hierarchy.bin because:
[        ]   Build cache is disabled
[        ]   Caching not enabled.
[        ] Caching disabled for MergeInstrumentationAnalysisTransform: /root/.gradle/caches/8.14/transforms/1e68afb6a1f05222b84d80a0b3206b5f/transformed/analysis/instrumentation-hierarchy.bin because:
[        ]   Build cache is disabled
[        ]   Caching not enabled.
[        ] Caching disabled for MergeInstrumentationAnalysisTransform: /root/.gradle/caches/modules-2/files-2.1/com.android.tools.build/bundletool/1.13.2/798e2bed735e55d91270aa363d2817a05c49b022/bundletool-1.13.2.jar because:
[        ]   Build cache is disabled
[        ]   Caching not enabled.
[        ] Caching disabled for MergeInstrumentationAnalysisTransform: /root/.gradle/caches/8.14/transforms/54eab6251f7af93146a89d70ff3cc9a2/transformed/analysis/instrumentation-dependencies.bin because:
[        ]   Build cache is disabled
[        ]   Caching not enabled.
[        ] Caching disabled for MergeInstrumentationAnalysisTransform: /root/.gradle/caches/modules-2/files-2.1/com.android.tools.build/gradle/8.0.0/abc36a70ab548bb9f83cb14b47ffa8564d67bccd/gradle-8.0.0.jar because:
[        ]   Build cache is disabled
[        ]   Caching not enabled.
[        ] Caching disabled for MergeInstrumentationAnalysisTransform: /root/.gradle/caches/8.14/transforms/00c50d6f69f7ae8583021842027829cd/transformed/analysis/instrumentation-dependencies.bin because:
[        ]   Build cache is disabled
[        ]   Caching not enabled.
[        ] Caching disabled for ExternalDependencyInstrumentingArtifactTransform: /root/.gradle/caches/modules-2/files-2.1/com.android.tools.analytics-library/crash/31.0.0/130a30174838af6a9aab4c060248991136cc4a1e/crash-31.0.0.jar because:
[        ]   Build cache is disabled
[        ]   Caching not enabled.
[        ] Caching disabled for MergeInstrumentationAnalysisTransform: /root/.gradle/caches/8.14/transforms/e0616aa0df7ee1973e6f0dfe98fe3b7c/transformed/analysis/instrumentation-hierarchy.bin because:
[        ]   Build cache is disabled
[        ]   Caching not enabled.
[        ] Caching disabled for MergeInstrumentationAnalysisTransform: /root/.gradle/caches/8.14/transforms/1e68afb6a1f05222b84d80a0b3206b5f/transformed/analysis/instrumentation-dependencies.bin because:
[        ]   Build cache is disabled
[        ]   Caching not enabled.
[        ] Caching disabled for ExternalDependencyInstrumentingArtifactTransform: /root/.gradle/caches/8.14/transforms/38684316edb1aac65f1d37985875c527/transformed/merge/instrumentation-dependencies.bin because:
[        ]   Build cache is disabled
[        ]   Caching not enabled.
[        ] Caching disabled for MergeInstrumentationAnalysisTransform: /root/.gradle/caches/modules-2/files-2.1/com.android.tools.analytics-library/tracker/31.0.0/93e267ae33339e3e4c31513a481d4e5da25a3f3c/tracker-31.0.0.jar because:
[        ]   Build cache is disabled
[        ]   Caching not enabled.
[        ] Caching disabled for ExternalDependencyInstrumentingArtifactTransform: /root/.gradle/caches/modules-2/files-2.1/com.android.tools.build/aaptcompiler/8.0.0/1c089ac9beacec63dce43c88b7f4205a10483ed8/aaptcompiler-8.0.0.jar because:
[        ]   Build cache is disabled
[        ]   Caching not enabled.
[        ] Caching disabled for MergeInstrumentationAnalysisTransform: /root/.gradle/caches/8.14/transforms/58e185ecd3ed8dd9d27d7a71cbfba7f9/transformed/analysis/instrumentation-hierarchy.bin because:
[        ]   Build cache is disabled
[        ]   Caching not enabled.
[        ] Caching disabled for MergeInstrumentationAnalysisTransform: /root/.gradle/caches/8.14/transforms/e0616aa0df7ee1973e6f0dfe98fe3b7c/transformed/analysis/instrumentation-dependencies.bin because:
[        ]   Build cache is disabled
[        ]   Caching not enabled.
[        ] Caching disabled for MergeInstrumentationAnalysisTransform: /root/.gradle/caches/modules-2/files-2.1/com.android.tools.analytics-library/shared/31.0.0/7552ea5c8af6a8a256c66fbebf00c868394a253d/shared-31.0.0.jar because:
[        ]   Build cache is disabled
[        ]   Caching not enabled.
[        ] Caching disabled for MergeInstrumentationAnalysisTransform: /root/.gradle/caches/modules-2/files-2.1/com.android.tools.lint/lint-typedef-remover/31.0.0/dc294605db32e2a07fd9bba72a4e337eba837a03/lint-typedef-remover-31.0.0.jar because:
[        ]   Build cache is disabled
[        ]   Caching not enabled.
[        ] Caching disabled for ExternalDependencyInstrumentingArtifactTransform: /root/.gradle/caches/8.14/transforms/b4abf58b3dc16b902664d7ddb60f9d51/transformed/merge/instrumentation-dependencies.bin because:
[        ]   Build cache is disabled
[        ]   Caching not enabled.
[        ] Caching disabled for MergeInstrumentationAnalysisTransform: /root/.gradle/caches/8.14/transforms/58e185ecd3ed8dd9d27d7a71cbfba7f9/transformed/analysis/instrumentation-dependencies.bin because:
[        ]   Build cache is disabled
[        ]   Caching not enabled.
[        ] Caching disabled for ExternalDependencyInstrumentingArtifactTransform: /root/.gradle/caches/8.14/transforms/7df6a2c8fc782c5802deac2c6f04c4fc/transformed/merge/instrumentation-dependencies.bin because:
[        ]   Build cache is disabled
[        ]   Caching not enabled.
[        ] Caching disabled for ExternalDependencyInstrumentingArtifactTransform: /root/.gradle/caches/8.14/transforms/9d974f5f3bc66ad3c7a50e6462517a2c/transformed/merge/instrumentation-dependencies.bin because:
[        ]   Build cache is disabled
[        ]   Caching not enabled.
[        ] Caching disabled for ExternalDependencyInstrumentingArtifactTransform: /root/.gradle/caches/modules-2/files-2.1/com.android.tools.analytics-library/tracker/31.0.0/93e267ae33339e3e4c31513a481d4e5da25a3f3c/tracker-31.0.0.jar because:
[        ]   Build cache is disabled
[        ]   Caching not enabled.
[        ] Caching disabled for MergeInstrumentationAnalysisTransform: /root/.gradle/caches/modules-2/files-2.1/androidx.databinding/databinding-common/8.0.0/84ed411631d2c4113f4ad992669fe3f50a83f072/databinding-common-8.0.0.jar because:
[        ]   Build cache is disabled
[        ]   Caching not enabled.
[        ] Caching disabled for MergeInstrumentationAnalysisTransform: /root/.gradle/caches/8.14/transforms/7117a58ca3d7ad3efdab4bfbca01a7ac/transformed/analysis/instrumentation-hierarchy.bin because:
[        ]   Build cache is disabled
[        ]   Caching not enabled.
[        ] Caching disabled for MergeInstrumentationAnalysisTransform: /root/.gradle/caches/modules-2/files-2.1/androidx.databinding/databinding-compiler-common/8.0.0/bd3577f73b54098c65993821dda740da8176a1d9/databinding-compiler-common-8.0.0.jar because:
[        ]   Build cache is disabled
[        ]   Caching not enabled.
[        ] Caching disabled for ExternalDependencyInstrumentingArtifactTransform: /root/.gradle/caches/modules-2/files-2.1/com.android.tools/sdklib/31.0.0/92055f99986f01d63d9e3f4de8bf5208197d7802/sdklib-31.0.0.jar because:
[        ]   Build cache is disabled
[        ]   Caching not enabled.
[        ] Caching disabled for ExternalDependencyInstrumentingArtifactTransform: /root/.gradle/caches/modules-2/files-2.1/com.android.tools.lint/lint-typedef-remover/31.0.0/dc294605db32e2a07fd9bba72a4e337eba837a03/lint-typedef-remover-31.0.0.jar because:
[        ]   Build cache is disabled
[        ]   Caching not enabled.
[        ] Caching disabled for ExternalDependencyInstrumentingArtifactTransform: /root/.gradle/caches/8.14/transforms/11d2ee8e1e7a0483344aa3f53275b21f/transformed/merge/instrumentation-dependencies.bin because:
[        ]   Build cache is disabled
[        ]   Caching not enabled.
[        ] Caching disabled for ExternalDependencyInstrumentingArtifactTransform: /root/.gradle/caches/modules-2/files-2.1/com.android.tools.ddms/ddmlib/31.0.0/4841ca3d8fb995267eea0e73e812f1c76025a09e/ddmlib-31.0.0.jar because:
[        ]   Build cache is disabled
[        ]   Caching not enabled.
[        ] Caching disabled for MergeInstrumentationAnalysisTransform: /root/.gradle/caches/8.14/transforms/9f3065499470173db527ddd88ce9e9de/transformed/analysis/instrumentation-hierarchy.bin because:
[        ]   Build cache is disabled
[        ]   Caching not enabled.
[        ] Caching disabled for MergeInstrumentationAnalysisTransform: /root/.gradle/caches/8.14/transforms/7117a58ca3d7ad3efdab4bfbca01a7ac/transformed/analysis/instrumentation-dependencies.bin because:
[        ]   Build cache is disabled
[        ]   Caching not enabled.
[        ] Caching disabled for ExternalDependencyInstrumentingArtifactTransform: /root/.gradle/caches/8.14/transforms/bff15bfc61cbaf949d0586a91b7c2483/transformed/merge/instrumentation-dependencies.bin because:
[        ]   Build cache is disabled
[        ]   Caching not enabled.
[        ] Caching disabled for MergeInstrumentationAnalysisTransform: /root/.gradle/caches/8.14/transforms/9f3065499470173db527ddd88ce9e9de/transformed/analysis/instrumentation-dependencies.bin because:
[        ]   Build cache is disabled
[        ]   Caching not enabled.
[        ] Caching disabled for MergeInstrumentationAnalysisTransform: /root/.gradle/caches/8.14/transforms/6ff1d69a9e33b2a0574509af8b75e998/transformed/analysis/instrumentation-hierarchy.bin because:
[        ]   Build cache is disabled
[        ]   Caching not enabled.
[        ] Caching disabled for MergeInstrumentationAnalysisTransform: /root/.gradle/caches/8.14/transforms/4c02fd8d88a06321b7c4e75fdeaaaf40/transformed/analysis/instrumentation-hierarchy.bin because:
[        ]   Build cache is disabled
[        ]   Caching not enabled.
[        ] Caching disabled for MergeInstrumentationAnalysisTransform: /root/.gradle/caches/8.14/transforms/df08c11cbf3d2e0d1fdb0fee6cef1b6f/transformed/analysis/instrumentation-hierarchy.bin because:
[        ]   Build cache is disabled
[        ]   Caching not enabled.
[        ] Caching disabled for MergeInstrumentationAnalysisTransform: /root/.gradle/caches/8.14/transforms/6ff1d69a9e33b2a0574509af8b75e998/transformed/analysis/instrumentation-dependencies.bin because:
[        ]   Build cache is disabled
[        ]   Caching not enabled.
[        ] Caching disabled for MergeInstrumentationAnalysisTransform: /root/.gradle/caches/modules-2/files-2.1/com.android.databinding/baseLibrary/8.0.0/816af75743910bbee1f2a4e0620683bc3ec6e453/baseLibrary-8.0.0.jar because:
[        ]   Build cache is disabled
[        ]   Caching not enabled.
[        ] Caching disabled for ExternalDependencyInstrumentingArtifactTransform: /root/.gradle/caches/modules-2/files-2.1/com.android.tools.analytics-library/shared/31.0.0/7552ea5c8af6a8a256c66fbebf00c868394a253d/shared-31.0.0.jar because:
[        ]   Build cache is disabled
[        ]   Caching not enabled.
[        ] Caching disabled for ExternalDependencyInstrumentingArtifactTransform: /root/.gradle/caches/modules-2/files-2.1/androidx.databinding/databinding-common/8.0.0/84ed411631d2c4113f4ad992669fe3f50a83f072/databinding-common-8.0.0.jar because:
[        ]   Build cache is disabled
[        ]   Caching not enabled.
[        ] Caching disabled for MergeInstrumentationAnalysisTransform: /root/.gradle/caches/8.14/transforms/df08c11cbf3d2e0d1fdb0fee6cef1b6f/transformed/analysis/instrumentation-dependencies.bin because:
[        ]   Build cache is disabled
[        ]   Caching not enabled.
[        ] Caching disabled for MergeInstrumentationAnalysisTransform: /root/.gradle/caches/8.14/transforms/4c02fd8d88a06321b7c4e75fdeaaaf40/transformed/analysis/instrumentation-dependencies.bin because:
[        ]   Build cache is disabled
[        ]   Caching not enabled.
[        ] Caching disabled for MergeInstrumentationAnalysisTransform: /root/.gradle/caches/modules-2/files-2.1/com.android.tools.layoutlib/layoutlib-api/31.0.0/d5df6c18a46cc2360b8310b62a7fad1c130cb685/layoutlib-api-31.0.0.jar because:
[        ]   Build cache is disabled
[        ]   Caching not enabled.
[        ] Caching disabled for ExternalDependencyInstrumentingArtifactTransform: /root/.gradle/caches/8.14/transforms/436c5c4021e44b4a0922c3bc3a0ea2a6/transformed/merge/instrumentation-dependencies.bin because:
[        ]   Build cache is disabled
[        ]   Caching not enabled.
[        ] Caching disabled for MergeInstrumentationAnalysisTransform: /root/.gradle/caches/modules-2/files-2.1/com.android.tools.utp/android-device-provider-ddmlib-proto/31.0.0/7e8d418bf45f4f9f8cc1708429aa996d34b938b2/android-device-provider-ddmlib-proto-31.0.0.jar because:
[        ]   Build cache is disabled
[        ]   Caching not enabled.
[        ] Caching disabled for MergeInstrumentationAnalysisTransform: /root/.gradle/caches/8.14/transforms/3f83eb10332e4f775c2f29bab4a81de6/transformed/analysis/instrumentation-hierarchy.bin because:
[        ]   Build cache is disabled
[        ]   Caching not enabled.
[        ] Caching disabled for MergeInstrumentationAnalysisTransform: /root/.gradle/caches/8.14/transforms/d1c50b17fef843f2b56897e7deb294cf/transformed/analysis/instrumentation-hierarchy.bin because:
[        ]   Build cache is disabled
[        ]   Caching not enabled.
[        ] Caching disabled for MergeInstrumentationAnalysisTransform: /root/.gradle/caches/modules-2/files-2.1/com.android.tools.utp/android-device-provider-gradle-proto/31.0.0/22011eee9bd4de4e651cf55446fb65c812a2e442/android-device-provider-gradle-proto-31.0.0.jar because:
[        ]   Build cache is disabled
[        ]   Caching not enabled.
[        ] Caching disabled for ExternalDependencyInstrumentingArtifactTransform: /root/.gradle/caches/8.14/transforms/0a30f226704be99458faafccf4c40811/transformed/merge/instrumentation-dependencies.bin because:
[        ]   Build cache is disabled
[        ]   Caching not enabled.
[        ] Caching disabled for ExternalDependencyInstrumentingArtifactTransform: /root/.gradle/caches/8.14/transforms/6ae463f83f3e87a3884244f1ea5d7c32/transformed/merge/instrumentation-dependencies.bin because:
[        ]   Build cache is disabled
[        ]   Caching not enabled.
[        ] Caching disabled for MergeInstrumentationAnalysisTransform: /root/.gradle/caches/modules-2/files-2.1/com.android.tools.utp/android-test-plugin-host-additional-test-output-proto/31.0.0/b8976b9ae955caa037a485c1c18fb0f4334c6fec/android-test-plugin-host-additional-test-output-proto-31.0.0.jar because:
[        ]   Build cache is disabled
[        ]   Caching not enabled.
[        ] Caching disabled for MergeInstrumentationAnalysisTransform: /root/.gradle/caches/8.14/transforms/3f83eb10332e4f775c2f29bab4a81de6/transformed/analysis/instrumentation-dependencies.bin because:
[        ]   Build cache is disabled
[        ]   Caching not enabled.
[        ] Caching disabled for MergeInstrumentationAnalysisTransform: /root/.gradle/caches/8.14/transforms/d1c50b17fef843f2b56897e7deb294cf/transformed/analysis/instrumentation-dependencies.bin because:
[        ]   Build cache is disabled
[        ]   Caching not enabled.
[        ] Caching disabled for ExternalDependencyInstrumentingArtifactTransform: /root/.gradle/caches/8.14/transforms/613a0b6cff82eb46b4d7364f291ecfde/transformed/merge/instrumentation-dependencies.bin because:
[        ]   Build cache is disabled
[        ]   Caching not enabled.
[        ] Caching disabled for ExternalDependencyInstrumentingArtifactTransform: /root/.gradle/caches/modules-2/files-2.1/com.android.databinding/baseLibrary/8.0.0/816af75743910bbee1f2a4e0620683bc3ec6e453/baseLibrary-8.0.0.jar because:
[        ]   Build cache is disabled
[        ]   Caching not enabled.
[        ] Caching disabled for MergeInstrumentationAnalysisTransform: /root/.gradle/caches/modules-2/files-2.1/com.android.tools.utp/android-test-plugin-host-logcat-proto/31.0.0/70f3b50e00822fdff5f60753a122d53ee99ae0aa/android-test-plugin-host-logcat-proto-31.0.0.jar because:
[        ]   Build cache is disabled
[        ]   Caching not enabled.
[        ] Caching disabled for MergeInstrumentationAnalysisTransform: /root/.gradle/caches/modules-2/files-2.1/com.android.tools.utp/android-test-plugin-host-coverage-proto/31.0.0/1a03db90bb6487372b10ee06c667447a85a8034b/android-test-plugin-host-coverage-proto-31.0.0.jar because:
[        ]   Build cache is disabled
[        ]   Caching not enabled.
[        ] Caching disabled for ExternalDependencyInstrumentingArtifactTransform: /root/.gradle/caches/modules-2/files-2.1/com.android.tools.utp/android-device-provider-ddmlib-proto/31.0.0/7e8d418bf45f4f9f8cc1708429aa996d34b938b2/android-device-provider-ddmlib-proto-31.0.0.jar because:
[        ]   Build cache is disabled
[        ]   Caching not enabled.
[        ] Caching disabled for ExternalDependencyInstrumentingArtifactTransform: /root/.gradle/caches/8.14/transforms/837e93903d35a8ec7d1dbe79b0ee8947/transformed/merge/instrumentation-dependencies.bin because:
[        ]   Build cache is disabled
[        ]   Caching not enabled.
[        ] Caching disabled for MergeInstrumentationAnalysisTransform: /root/.gradle/caches/8.14/transforms/ad453bb5466db8e9476958a207b6ff48/transformed/analysis/instrumentation-hierarchy.bin because:
[        ]   Build cache is disabled
[        ]   Caching not enabled.
[        ] Caching disabled for ExternalDependencyInstrumentingArtifactTransform: /root/.gradle/caches/8.14/transforms/a15fbd424b85589ce4a9cde6f225d471/transformed/merge/instrumentation-dependencies.bin because:
[        ]   Build cache is disabled
[        ]   Caching not enabled.
[        ] Caching disabled for ExternalDependencyInstrumentingArtifactTransform: /root/.gradle/caches/8.14/transforms/1b9a8629d4e21bbf3a967810f07c9a8f/transformed/merge/instrumentation-dependencies.bin because:
[        ]   Build cache is disabled
[        ]   Caching not enabled.
[        ] Caching disabled for ExternalDependencyInstrumentingArtifactTransform: /root/.gradle/caches/modules-2/files-2.1/com.android.tools.utp/android-device-provider-gradle-proto/31.0.0/22011eee9bd4de4e651cf55446fb65c812a2e442/android-device-provider-gradle-proto-31.0.0.jar because:
[        ]   Build cache is disabled
[        ]   Caching not enabled.
[        ] Caching disabled for MergeInstrumentationAnalysisTransform: /root/.gradle/caches/8.14/transforms/8ba9881fe9cf95badf1324aa9358208e/transformed/analysis/instrumentation-hierarchy.bin because:
[        ]   Build cache is disabled
[        ]   Caching not enabled.
[        ] Caching disabled for ExternalDependencyInstrumentingArtifactTransform: /root/.gradle/caches/modules-2/files-2.1/com.android.tools.utp/android-test-plugin-host-additional-test-output-proto/31.0.0/b8976b9ae955caa037a485c1c18fb0f4334c6fec/android-test-plugin-host-additional-test-output-proto-31.0.0.jar because:
[        ]   Build cache is disabled
[        ]   Caching not enabled.
[        ] Caching disabled for MergeInstrumentationAnalysisTransform: /root/.gradle/caches/8.14/transforms/ad453bb5466db8e9476958a207b6ff48/transformed/analysis/instrumentation-dependencies.bin because:
[        ]   Build cache is disabled
[        ]   Caching not enabled.
[        ] Caching disabled for MergeInstrumentationAnalysisTransform: /root/.gradle/caches/8.14/transforms/8ba9881fe9cf95badf1324aa9358208e/transformed/analysis/instrumentation-dependencies.bin because:
[        ]   Build cache is disabled
[        ]   Caching not enabled.
[        ] Caching disabled for MergeInstrumentationAnalysisTransform: /root/.gradle/caches/8.14/transforms/ebb806fc6eb8f7c62db5ea33f31abe40/transformed/analysis/instrumentation-hierarchy.bin because:
[        ]   Build cache is disabled
[        ]   Caching not enabled.
[        ] Caching disabled for ExternalDependencyInstrumentingArtifactTransform: /root/.gradle/caches/modules-2/files-2.1/com.android.tools.layoutlib/layoutlib-api/31.0.0/d5df6c18a46cc2360b8310b62a7fad1c130cb685/layoutlib-api-31.0.0.jar because:
[        ]   Build cache is disabled
[        ]   Caching not enabled.
[        ] Caching disabled for MergeInstrumentationAnalysisTransform: /root/.gradle/caches/8.14/transforms/a1c23562e3e2b969bd5930fd06898e92/transformed/analysis/instrumentation-hierarchy.bin because:
[        ]   Build cache is disabled
[        ]   Caching not enabled.
[        ] Caching disabled for ExternalDependencyInstrumentingArtifactTransform: /root/.gradle/caches/modules-2/files-2.1/com.android.tools.utp/android-test-plugin-host-logcat-proto/31.0.0/70f3b50e00822fdff5f60753a122d53ee99ae0aa/android-test-plugin-host-logcat-proto-31.0.0.jar because:
[        ]   Build cache is disabled
[        ]   Caching not enabled.
[        ] Caching disabled for MergeInstrumentationAnalysisTransform: /root/.gradle/caches/8.14/transforms/ebb806fc6eb8f7c62db5ea33f31abe40/transformed/analysis/instrumentation-dependencies.bin because:
[        ]   Build cache is disabled
[        ]   Caching not enabled.
[        ] Caching disabled for ExternalDependencyInstrumentingArtifactTransform: /root/.gradle/caches/modules-2/files-2.1/com.android.tools.utp/android-test-plugin-host-coverage-proto/31.0.0/1a03db90bb6487372b10ee06c667447a85a8034b/android-test-plugin-host-coverage-proto-31.0.0.jar because:
[        ]   Build cache is disabled
[        ]   Caching not enabled.
[        ] Caching disabled for MergeInstrumentationAnalysisTransform: /root/.gradle/caches/8.14/transforms/0c5b4a109bd293c01c87ff12569ca5ce/transformed/analysis/instrumentation-hierarchy.bin because:
[        ]   Build cache is disabled
[        ]   Caching not enabled.
[        ] Caching disabled for MergeInstrumentationAnalysisTransform: /root/.gradle/caches/modules-2/files-2.1/com.android.tools.utp/android-test-plugin-host-retention-proto/31.0.0/6be4fb1cdcba03d41d6c9888b914518bdc2d38d2/android-test-plugin-host-retention-proto-31.0.0.jar because:
[        ]   Build cache is disabled
[        ]   Caching not enabled.
[        ] Caching disabled for MergeInstrumentationAnalysisTransform: /root/.gradle/caches/8.14/transforms/a1c23562e3e2b969bd5930fd06898e92/transformed/analysis/instrumentation-dependencies.bin because:
[        ]   Build cache is disabled
[        ]   Caching not enabled.
[        ] Caching disabled for MergeInstrumentationAnalysisTransform: /root/.gradle/caches/8.14/transforms/3e45a9b56d4fc26c069539706ce66a16/transformed/analysis/instrumentation-hierarchy.bin because:
[        ]   Build cache is disabled
[        ]   Caching not enabled.
[        ] Caching disabled for MergeInstrumentationAnalysisTransform: /root/.gradle/caches/modules-2/files-2.1/com.android.tools.utp/android-test-plugin-result-listener-gradle-proto/31.0.0/39441225d84dc85587d2c87845058544e9140160/android-test-plugin-result-listener-gradle-proto-31.0.0.jar because:
[        ]   Build cache is disabled
[        ]   Caching not enabled.
[        ] Caching disabled for MergeInstrumentationAnalysisTransform: /root/.gradle/caches/8.14/transforms/0c5b4a109bd293c01c87ff12569ca5ce/transformed/analysis/instrumentation-dependencies.bin because:
[        ]   Build cache is disabled
[        ]   Caching not enabled.
[        ] Caching disabled for ExternalDependencyInstrumentingArtifactTransform: /root/.gradle/caches/8.14/transforms/512e6b2d32c694f975e6e39b831a10c4/transformed/merge/instrumentation-dependencies.bin because:
[        ]   Build cache is disabled
[        ]   Caching not enabled.
[        ] Caching disabled for MergeInstrumentationAnalysisTransform: /root/.gradle/caches/8.14/transforms/6128a36d6c5d81f189d6adbffa731ac0/transformed/analysis/instrumentation-hierarchy.bin because:
[        ]   Build cache is disabled
[        ]   Caching not enabled.
[        ] Caching disabled for MergeInstrumentationAnalysisTransform: /root/.gradle/caches/modules-2/files-2.1/com.android.tools.build/builder-model/8.0.0/c440fc020bae8ccb1c53987e886e28e7080ed827/builder-model-8.0.0.jar because:
[        ]   Build cache is disabled
[        ]   Caching not enabled.
[        ] Caching disabled for MergeInstrumentationAnalysisTransform: /root/.gradle/caches/8.14/transforms/3e45a9b56d4fc26c069539706ce66a16/transformed/analysis/instrumentation-dependencies.bin because:
[        ]   Build cache is disabled
[        ]   Caching not enabled.
[        ] Caching disabled for MergeInstrumentationAnalysisTransform: /root/.gradle/caches/modules-2/files-2.1/com.android.tools/dvlib/31.0.0/ef8dfce1e50dc4b683cdb8ce9507cc87878ebcb5/dvlib-31.0.0.jar because:
[        ]   Build cache is disabled
[        ]   Caching not enabled.
[        ] Caching disabled for MergeInstrumentationAnalysisTransform: /root/.gradle/caches/8.14/transforms/6128a36d6c5d81f189d6adbffa731ac0/transformed/analysis/instrumentation-dependencies.bin because:
[        ]   Build cache is disabled
[        ]   Caching not enabled.
[        ] Caching disabled for ExternalDependencyInstrumentingArtifactTransform: /root/.gradle/caches/8.14/transforms/944d33705fd7741956683e7d2d17faf0/transformed/merge/instrumentation-dependencies.bin because:
[        ]   Build cache is disabled
[        ]   Caching not enabled.
[        ] Caching disabled for MergeInstrumentationAnalysisTransform: /root/.gradle/caches/modules-2/files-2.1/com.android.tools/common/31.0.0/373106f1464aee1e0e7931a1783246d2b654a792/common-31.0.0.jar because:
[        ]   Build cache is disabled
[        ]   Caching not enabled.
[        ] Caching disabled for ExternalDependencyInstrumentingArtifactTransform: /root/.gradle/caches/8.14/transforms/06a9e994091e9faebfddf2f9fc963246/transformed/merge/instrumentation-dependencies.bin because:
[        ]   Build cache is disabled
[        ]   Caching not enabled.
[        ] Caching disabled for ExternalDependencyInstrumentingArtifactTransform: /root/.gradle/caches/8.14/transforms/f12bb255a183c022d725d369628b89f7/transformed/merge/instrumentation-dependencies.bin because:
[        ]   Build cache is disabled
[        ]   Caching not enabled.
[        ] Caching disabled for ExternalDependencyInstrumentingArtifactTransform: /root/.gradle/caches/8.14/transforms/b79eeefbfe60d0673d068e4d69c161c1/transformed/merge/instrumentation-dependencies.bin because:
[        ]   Build cache is disabled
[        ]   Caching not enabled.
[        ] Caching disabled for MergeInstrumentationAnalysisTransform: /root/.gradle/caches/modules-2/files-2.1/org.jetbrains.kotlin/kotlin-stdlib-jdk8/1.7.10/d70d7d2c56371f7aa18f32e984e3e2e998fe9081/kotlin-stdlib-jdk8-1.7.10.jar because:
[        ]   Build cache is disabled
[        ]   Caching not enabled.
[        ] Caching disabled for MergeInstrumentationAnalysisTransform: /root/.gradle/caches/8.14/transforms/8371811cf358d3aa8e15dfc29a0fb8e7/transformed/analysis/instrumentation-hierarchy.bin because:
[        ]   Build cache is disabled
[        ]   Caching not enabled.
[        ] Caching disabled for ExternalDependencyInstrumentingArtifactTransform: /root/.gradle/caches/modules-2/files-2.1/com.android.tools.utp/android-test-plugin-host-retention-proto/31.0.0/6be4fb1cdcba03d41d6c9888b914518bdc2d38d2/android-test-plugin-host-retention-proto-31.0.0.jar because:
[        ]   Build cache is disabled
[        ]   Caching not enabled.
[        ] Caching disabled for ExternalDependencyInstrumentingArtifactTransform: /root/.gradle/caches/modules-2/files-2.1/com.android.tools.build/aapt2-proto/8.0.0-9289358/26e26ee450ed59a6ad8916c6af15467867aa6537/aapt2-proto-8.0.0-9289358.jar because:
[        ]   Build cache is disabled
[        ]   Caching not enabled.
[        ] Caching disabled for MergeInstrumentationAnalysisTransform: /root/.gradle/caches/modules-2/files-2.1/com.android.tools.build/transform-api/2.0.0-deprecated-use-gradle-api/47f6c56527c42425742fa9b56ffd3fd80763fe03/transform-api-2.0.0-deprecated-use-gradle-api.jar because:
[        ]   Build cache is disabled
[        ]   Caching not enabled.
[        ] Caching disabled for ExternalDependencyInstrumentingArtifactTransform: /root/.gradle/caches/modules-2/files-2.1/com.android.tools/dvlib/31.0.0/ef8dfce1e50dc4b683cdb8ce9507cc87878ebcb5/dvlib-31.0.0.jar because:
[        ]   Build cache is disabled
[        ]   Caching not enabled.
[        ] Caching disabled for MergeInstrumentationAnalysisTransform: /root/.gradle/caches/8.14/transforms/8371811cf358d3aa8e15dfc29a0fb8e7/transformed/analysis/instrumentation-dependencies.bin because:
[        ]   Build cache is disabled
[        ]   Caching not enabled.
[        ] Caching disabled for ExternalDependencyInstrumentingArtifactTransform: /root/.gradle/caches/modules-2/files-2.1/com.android.tools.build/builder-model/8.0.0/c440fc020bae8ccb1c53987e886e28e7080ed827/builder-model-8.0.0.jar because:
[        ]   Build cache is disabled
[        ]   Caching not enabled.
[        ] Caching disabled for MergeInstrumentationAnalysisTransform: /root/.gradle/caches/8.14/transforms/e9244e186eb1c3470adaa77098f26554/transformed/analysis/instrumentation-hierarchy.bin because:
[        ]   Build cache is disabled
[        ]   Caching not enabled.
[        ] Caching disabled for MergeInstrumentationAnalysisTransform: /root/.gradle/caches/8.14/transforms/4be6fb07844ee31250d5fca969f49517/transformed/analysis/instrumentation-hierarchy.bin because:
[        ]   Build cache is disabled
[        ]   Caching not enabled.
[        ] Caching disabled for ExternalDependencyInstrumentingArtifactTransform: /root/.gradle/caches/modules-2/files-2.1/com.android.tools.utp/android-test-plugin-result-listener-gradle-proto/31.0.0/39441225d84dc85587d2c87845058544e9140160/android-test-plugin-result-listener-gradle-proto-31.0.0.jar because:
[        ]   Build cache is disabled
[        ]   Caching not enabled.
[        ] Caching disabled for MergeInstrumentationAnalysisTransform: /root/.gradle/caches/8.14/transforms/8fc5c3035a16d1db96c9d750b4008169/transformed/analysis/instrumentation-hierarchy.bin because:
[        ]   Build cache is disabled
[        ]   Caching not enabled.
[        ] Caching disabled for MergeInstrumentationAnalysisTransform: /root/.gradle/caches/8.14/transforms/d99272768b62a8e687bad3a4811c79bb/transformed/analysis/instrumentation-hierarchy.bin because:
[        ]   Build cache is disabled
[        ]   Caching not enabled.
[        ] Caching disabled for MergeInstrumentationAnalysisTransform: /root/.gradle/caches/8.14/transforms/e9244e186eb1c3470adaa77098f26554/transformed/analysis/instrumentation-dependencies.bin because:
[        ]   Build cache is disabled
[        ]   Caching not enabled.
[        ] Caching disabled for MergeInstrumentationAnalysisTransform: /root/.gradle/caches/8.14/transforms/4be6fb07844ee31250d5fca969f49517/transformed/analysis/instrumentation-dependencies.bin because:
[        ]   Build cache is disabled
[        ]   Caching not enabled.
[        ] Caching disabled for MergeInstrumentationAnalysisTransform: /root/.gradle/caches/modules-2/files-2.1/org.apache.httpcomponents/httpmime/4.5.6/164343da11db817e81e24e0d9869527e069850c9/httpmime-4.5.6.jar because:
[        ]   Build cache is disabled
[        ]   Caching not enabled.
[        ] Caching disabled for MergeInstrumentationAnalysisTransform: /root/.gradle/caches/8.14/transforms/8c9a8453f682249b13829a5d5b0fcacd/transformed/analysis/instrumentation-hierarchy.bin because:
[        ]   Build cache is disabled
[        ]   Caching not enabled.
[        ] Caching disabled for MergeInstrumentationAnalysisTransform: /root/.gradle/caches/8.14/transforms/8fc5c3035a16d1db96c9d750b4008169/transformed/analysis/instrumentation-dependencies.bin because:
[        ]   Build cache is disabled
[        ]   Caching not enabled.
[        ] Caching disabled for MergeInstrumentationAnalysisTransform: /root/.gradle/caches/8.14/transforms/f6553c2af7a5b0e2bc81648d843da3f1/transformed/analysis/instrumentation-hierarchy.bin because:
[        ]   Build cache is disabled
[        ]   Caching not enabled.
[        ] Caching disabled for ExternalDependencyInstrumentingArtifactTransform: /root/.gradle/caches/modules-2/files-2.1/com.android.tools/sdk-common/31.0.0/578e46520c75b415184b9c5bf45f7414f17b286a/sdk-common-31.0.0.jar because:
[        ]   Build cache is disabled
[        ]   Caching not enabled.
[        ] Caching disabled for MergeInstrumentationAnalysisTransform: /root/.gradle/caches/8.14/transforms/31d7bd5d34902e124aa212ddd6dcf1ad/transformed/analysis/instrumentation-hierarchy.bin because:
[        ]   Build cache is disabled
[        ]   Caching not enabled.
[        ] Caching disabled for MergeInstrumentationAnalysisTransform: /root/.gradle/caches/modules-2/files-2.1/commons-io/commons-io/2.4/b1b6ea3b7e4aa4f492509a4952029cd8e48019ad/commons-io-2.4.jar because:
[        ]   Build cache is disabled
[        ]   Caching not enabled.
[        ] Caching disabled for MergeInstrumentationAnalysisTransform: /root/.gradle/caches/8.14/transforms/8c9a8453f682249b13829a5d5b0fcacd/transformed/analysis/instrumentation-dependencies.bin because:
[        ]   Build cache is disabled
[        ]   Caching not enabled.
[        ] Caching disabled for MergeInstrumentationAnalysisTransform: /root/.gradle/caches/8.14/transforms/f6553c2af7a5b0e2bc81648d843da3f1/transformed/analysis/instrumentation-dependencies.bin because:
[        ]   Build cache is disabled
[        ]   Caching not enabled.
[        ] Caching disabled for MergeInstrumentationAnalysisTransform: /root/.gradle/caches/8.14/transforms/d99272768b62a8e687bad3a4811c79bb/transformed/analysis/instrumentation-dependencies.bin because:
[        ]   Build cache is disabled
[        ]   Caching not enabled.
[        ] Caching disabled for MergeInstrumentationAnalysisTransform: /root/.gradle/caches/8.14/transforms/d4387061b9e8f7c2c35c42b8a09ba09f/transformed/analysis/instrumentation-hierarchy.bin because:
[        ]   Build cache is disabled
[        ]   Caching not enabled.
[        ] Caching disabled for MergeInstrumentationAnalysisTransform: /root/.gradle/caches/modules-2/files-2.1/org.ow2.asm/asm-util/9.2/fbc178fc5ba3dab50fd7e8a5317b8b647c8e8946/asm-util-9.2.jar because:
[        ]   Build cache is disabled
[        ]   Caching not enabled.
[        ] Caching disabled for MergeInstrumentationAnalysisTransform: /root/.gradle/caches/modules-2/files-2.1/com.android.tools.build.jetifier/jetifier-processor/1.0.0-beta10/946c39eb0c052ff4f60a8939648a8b99af20d604/jetifier-processor-1.0.0-beta10.jar because:
[        ]   Build cache is disabled
[        ]   Caching not enabled.
[  +85 ms] Caching disabled for MergeInstrumentationAnalysisTransform: /root/.gradle/caches/8.14/transforms/aefa1cef986932ae3e12e922552e8f69/transformed/analysis/instrumentation-hierarchy.bin because:
[        ]   Build cache is disabled
[        ]   Caching not enabled.
[        ] Caching disabled for MergeInstrumentationAnalysisTransform: /root/.gradle/caches/8.14/transforms/d4387061b9e8f7c2c35c42b8a09ba09f/transformed/analysis/instrumentation-dependencies.bin because:
[        ]   Build cache is disabled
[        ]   Caching not enabled.
[        ] Caching disabled for MergeInstrumentationAnalysisTransform: /root/.gradle/caches/modules-2/files-2.1/org.ow2.asm/asm-analysis/9.2/7487dd756daf96cab9986e44b9d7bcb796a61c10/asm-analysis-9.2.jar because:
[        ]   Build cache is disabled
[        ]   Caching not enabled.
[        ] Caching disabled for MergeInstrumentationAnalysisTransform: /root/.gradle/caches/modules-2/files-2.1/org.ow2.asm/asm-tree/9.2/d96c99a30f5e1a19b0e609dbb19a44d8518ac01e/asm-tree-9.2.jar because:
[        ]   Build cache is disabled
[        ]   Caching not enabled.
[        ] Caching disabled for MergeInstrumentationAnalysisTransform: /root/.gradle/caches/8.14/transforms/31d7bd5d34902e124aa212ddd6dcf1ad/transformed/analysis/instrumentation-dependencies.bin because:
[        ]   Build cache is disabled
[        ]   Caching not enabled.
[        ] Caching disabled for MergeInstrumentationAnalysisTransform: /root/.gradle/caches/8.14/transforms/aefa1cef986932ae3e12e922552e8f69/transformed/analysis/instrumentation-dependencies.bin because:
[        ]   Build cache is disabled
[        ]   Caching not enabled.
[        ] Caching disabled for MergeInstrumentationAnalysisTransform: /root/.gradle/caches/8.14/transforms/7d0b495da3e94b9513f7899aa4fc052a/transformed/analysis/instrumentation-hierarchy.bin because:
[        ]   Build cache is disabled
[        ]   Caching not enabled.
[        ] Caching disabled for MergeInstrumentationAnalysisTransform: /root/.gradle/caches/8.14/transforms/38718154af92971d236fd5af51511df9/transformed/analysis/instrumentation-hierarchy.bin because:
[        ]   Build cache is disabled
[        ]   Caching not enabled.
[        ] Caching disabled for MergeInstrumentationAnalysisTransform: /root/.gradle/caches/8.14/transforms/7d0b495da3e94b9513f7899aa4fc052a/transformed/analysis/instrumentation-dependencies.bin because:
[        ]   Build cache is disabled
[        ]   Caching not enabled.
[        ] Caching disabled for ExternalDependencyInstrumentingArtifactTransform: /root/.gradle/caches/modules-2/files-2.1/androidx.databinding/databinding-compiler-common/8.0.0/bd3577f73b54098c65993821dda740da8176a1d9/databinding-compiler-common-8.0.0.jar because:
[        ]   Build cache is disabled
[        ]   Caching not enabled.
[        ] Caching disabled for MergeInstrumentationAnalysisTransform: /root/.gradle/caches/8.14/transforms/45f515a74421b5d14c88fcb72eeba950/transformed/analysis/instrumentation-hierarchy.bin because:
[        ]   Build cache is disabled
[        ]   Caching not enabled.
[        ] Caching disabled for MergeInstrumentationAnalysisTransform: /root/.gradle/caches/modules-2/files-2.1/com.android.tools.build/apkzlib/8.0.0/ad7136410ad4c88b1d1dea24ddeb5f9379e157e5/apkzlib-8.0.0.jar because:
[        ]   Build cache is disabled
[        ]   Caching not enabled.
[        ] Caching disabled for MergeInstrumentationAnalysisTransform: /root/.gradle/caches/8.14/transforms/b151d41c0d08d04605bcd0f0d4bce1f8/transformed/analysis/instrumentation-hierarchy.bin because:
[        ]   Build cache is disabled
[        ]   Caching not enabled.
[        ] Caching disabled for MergeInstrumentationAnalysisTransform: /root/.gradle/caches/8.14/transforms/214e8f2365bd43e4a8ccb1573a478784/transformed/analysis/instrumentation-hierarchy.bin because:
[        ]   Build cache is disabled
[        ]   Caching not enabled.
[        ] Caching disabled for MergeInstrumentationAnalysisTransform: /root/.gradle/caches/8.14/transforms/38718154af92971d236fd5af51511df9/transformed/analysis/instrumentation-dependencies.bin because:
[        ]   Build cache is disabled
[        ]   Caching not enabled.
[        ] Caching disabled for MergeInstrumentationAnalysisTransform: /root/.gradle/caches/modules-2/files-2.1/org.ow2.asm/asm/9.2/81a03f76019c67362299c40e0ba13405f5467bff/asm-9.2.jar because:
[        ]   Build cache is disabled
[        ]   Caching not enabled.
[        ] Caching disabled for ExternalDependencyInstrumentingArtifactTransform: /root/.gradle/caches/8.14/transforms/9b8b3e849c92a9c854e915e9e8e0bbb2/transformed/merge/instrumentation-dependencies.bin because:
[        ]   Build cache is disabled
[        ]   Caching not enabled.
[        ] Caching disabled for MergeInstrumentationAnalysisTransform: /root/.gradle/caches/modules-2/files-2.1/org.glassfish.jaxb/jaxb-runtime/2.3.2/5528bc882ea499a09d720b42af11785c4fc6be2a/jaxb-runtime-2.3.2.jar because:
[        ]   Build cache is disabled
[        ]   Caching not enabled.
[        ] Caching disabled for MergeInstrumentationAnalysisTransform: /root/.gradle/caches/modules-2/files-2.1/org.ow2.asm/asm-commons/9.2/f4d7f0fc9054386f2893b602454d48e07d4fbead/asm-commons-9.2.jar because:
[        ]   Build cache is disabled
[        ]   Caching not enabled.
[        ] Caching disabled for MergeInstrumentationAnalysisTransform: /root/.gradle/caches/8.14/transforms/45f515a74421b5d14c88fcb72eeba950/transformed/analysis/instrumentation-dependencies.bin because:
[        ]   Build cache is disabled
[        ]   Caching not enabled.
[        ] Caching disabled for MergeInstrumentationAnalysisTransform: /root/.gradle/caches/8.14/transforms/214e8f2365bd43e4a8ccb1573a478784/transformed/analysis/instrumentation-dependencies.bin because:
[        ]   Build cache is disabled
[        ]   Caching not enabled.
[        ] Caching disabled for MergeInstrumentationAnalysisTransform: /root/.gradle/caches/modules-2/files-2.1/org.bouncycastle/bcpkix-jdk15on/1.67/5f48020a2a60a8d6bcbecceca23529d225b28efb/bcpkix-jdk15on-1.67.jar because:
[        ]   Build cache is disabled
[        ]   Caching not enabled.
[        ] Caching disabled for MergeInstrumentationAnalysisTransform: /root/.gradle/caches/8.14/transforms/159844a99a9e875a03267ac8bd99b745/transformed/analysis/instrumentation-hierarchy.bin because:
[        ]   Build cache is disabled
[        ]   Caching not enabled.
[        ] Caching disabled for MergeInstrumentationAnalysisTransform: /root/.gradle/caches/8.14/transforms/8f3c72fc33a299bf4168ea60a7d6dcbd/transformed/analysis/instrumentation-hierarchy.bin because:
[        ]   Build cache is disabled
[        ]   Caching not enabled.
[        ] Caching disabled for MergeInstrumentationAnalysisTransform: /root/.gradle/caches/modules-2/files-2.1/net.sf.jopt-simple/jopt-simple/4.9/ee9e9eaa0a35360dcfeac129ff4923215fd65904/jopt-simple-4.9.jar because:
[        ]   Build cache is disabled
[        ]   Caching not enabled.
[        ] Caching disabled for MergeInstrumentationAnalysisTransform: /root/.gradle/caches/8.14/transforms/19da6992649f2c46f58db2c1cd466b11/transformed/analysis/instrumentation-hierarchy.bin because:
[        ]   Build cache is disabled
[        ]   Caching not enabled.
[        ] Caching disabled for MergeInstrumentationAnalysisTransform: /root/.gradle/caches/8.14/transforms/b151d41c0d08d04605bcd0f0d4bce1f8/transformed/analysis/instrumentation-dependencies.bin because:
[        ]   Build cache is disabled
[        ]   Caching not enabled.
[        ] Caching disabled for MergeInstrumentationAnalysisTransform: /root/.gradle/caches/8.14/transforms/8f3c72fc33a299bf4168ea60a7d6dcbd/transformed/analysis/instrumentation-dependencies.bin because:
[        ]   Build cache is disabled
[        ]   Caching not enabled.
[        ] Caching disabled for MergeInstrumentationAnalysisTransform: /root/.gradle/caches/8.14/transforms/49d33b0f8d292b9727ecde589dd8db16/transformed/analysis/instrumentation-hierarchy.bin because:
[        ]   Build cache is disabled
[        ]   Caching not enabled.
[        ] Caching disabled for MergeInstrumentationAnalysisTransform: /root/.gradle/caches/8.14/transforms/159844a99a9e875a03267ac8bd99b745/transformed/analysis/instrumentation-dependencies.bin because:
[        ]   Build cache is disabled
[        ]   Caching not enabled.
[        ] Caching disabled for MergeInstrumentationAnalysisTransform: /root/.gradle/caches/8.14/transforms/19da6992649f2c46f58db2c1cd466b11/transformed/analysis/instrumentation-dependencies.bin because:
[        ]   Build cache is disabled
[        ]   Caching not enabled.
[        ] Caching disabled for MergeInstrumentationAnalysisTransform: /root/.gradle/caches/8.14/transforms/792cb9c7b77094b2979a89e0f6813390/transformed/analysis/instrumentation-hierarchy.bin because:
[        ]   Build cache is disabled
[        ]   Caching not enabled.
[        ] Caching disabled for MergeInstrumentationAnalysisTransform: /root/.gradle/caches/modules-2/files-2.1/com.squareup/javapoet/1.10.0/712c178d35185d8261295913c9f2a7d6867a6007/javapoet-1.10.0.jar because:
[        ]   Build cache is disabled
[        ]   Caching not enabled.
[        ] Caching disabled for MergeInstrumentationAnalysisTransform: /root/.gradle/caches/modules-2/files-2.1/com.android.tools.build.jetifier/jetifier-core/1.0.0-beta10/6e621022a9c95af12a7004d6b55805bbd1126837/jetifier-core-1.0.0-beta10.jar because:
[        ]   Build cache is disabled
[        ]   Caching not enabled.
[        ] Caching disabled for ExternalDependencyInstrumentingArtifactTransform: /root/.gradle/caches/modules-2/files-2.1/com.android.tools/common/31.0.0/373106f1464aee1e0e7931a1783246d2b654a792/common-31.0.0.jar because:
[        ]   Build cache is disabled
[        ]   Caching not enabled.
[        ] Caching disabled for MergeInstrumentationAnalysisTransform: /root/.gradle/caches/8.14/transforms/792cb9c7b77094b2979a89e0f6813390/transformed/analysis/instrumentation-dependencies.bin because:
[        ]   Build cache is disabled
[        ]   Caching not enabled.
[        ] Caching disabled for MergeInstrumentationAnalysisTransform: /root/.gradle/caches/modules-2/files-2.1/com.google.protobuf/protobuf-java-util/3.19.3/3e6812cbbb7e6faffa7b56438740dec510e1fc1a/protobuf-java-util-3.19.3.jar because:
[        ]   Build cache is disabled
[        ]   Caching not enabled.
[        ] Caching disabled for MergeInstrumentationAnalysisTransform: /root/.gradle/caches/8.14/transforms/49d33b0f8d292b9727ecde589dd8db16/transformed/analysis/instrumentation-dependencies.bin because:
[        ]   Build cache is disabled
[        ]   Caching not enabled.
[        ] Caching disabled for MergeInstrumentationAnalysisTransform: /root/.gradle/caches/modules-2/files-2.1/com.google.crypto.tink/tink/1.7.0/668b57f109d32349b2870448f06ae6f202713edc/tink-1.7.0.jar because:
[        ]   Build cache is disabled
[        ]   Caching not enabled.
[        ] Caching disabled for MergeInstrumentationAnalysisTransform: /root/.gradle/caches/8.14/transforms/22c823b7d19f9a92820f3be955278468/transformed/analysis/instrumentation-hierarchy.bin because:
[        ]   Build cache is disabled
[        ]   Caching not enabled.
[        ] Caching disabled for MergeInstrumentationAnalysisTransform: /root/.gradle/caches/8.14/transforms/975cc7fa82892f7c90007cef414d2313/transformed/analysis/instrumentation-hierarchy.bin because:
[        ]   Build cache is disabled
[        ]   Caching not enabled.
[        ] Caching disabled for MergeInstrumentationAnalysisTransform: /root/.gradle/caches/modules-2/files-2.1/io.grpc/grpc-protobuf/1.45.1/480d2a8c2592c7067d2fe9cc773d3a36402bc463/grpc-protobuf-1.45.1.jar because:
[        ]   Build cache is disabled
[        ]   Caching not enabled.
[        ] Caching disabled for MergeInstrumentationAnalysisTransform: /root/.gradle/caches/8.14/transforms/1e65a939a84c50dc5637f10e635ac0e8/transformed/analysis/instrumentation-hierarchy.bin because:
[        ]   Build cache is disabled
[        ]   Caching not enabled.
[        ] Caching disabled for MergeInstrumentationAnalysisTransform: /root/.gradle/caches/8.14/transforms/22c823b7d19f9a92820f3be955278468/transformed/analysis/instrumentation-dependencies.bin because:
[        ]   Build cache is disabled
[        ]   Caching not enabled.
[        ] Caching disabled for MergeInstrumentationAnalysisTransform: /root/.gradle/caches/8.14/transforms/29652b12d54e1ca59c7fe2266799493b/transformed/analysis/instrumentation-hierarchy.bin because:
[        ]   Build cache is disabled
[        ]   Caching not enabled.
[        ] Caching disabled for MergeInstrumentationAnalysisTransform: /root/.gradle/caches/8.14/transforms/a56f136059c6b29606e4676ce65b9e4c/transformed/analysis/instrumentation-hierarchy.bin because:
[        ]   Build cache is disabled
[        ]   Caching not enabled.
[        ] Caching disabled for MergeInstrumentationAnalysisTransform: /root/.gradle/caches/8.14/transforms/86b461e745d6e10a87d288e0396f7dab/transformed/analysis/instrumentation-hierarchy.bin because:
[        ]   Build cache is disabled
[        ]   Caching not enabled.
[        ] Caching disabled for ExternalDependencyInstrumentingArtifactTransform: /root/.gradle/caches/modules-2/files-2.1/com.android.tools.build/apkzlib/8.0.0/ad7136410ad4c88b1d1dea24ddeb5f9379e157e5/apkzlib-8.0.0.jar because:
[        ]   Build cache is disabled
[        ]   Caching not enabled.
[        ] Caching disabled for MergeInstrumentationAnalysisTransform: /root/.gradle/caches/8.14/transforms/975cc7fa82892f7c90007cef414d2313/transformed/analysis/instrumentation-dependencies.bin because:
[        ]   Build cache is disabled
[        ]   Caching not enabled.
[        ] Caching disabled for MergeInstrumentationAnalysisTransform: /root/.gradle/caches/8.14/transforms/86b461e745d6e10a87d288e0396f7dab/transformed/analysis/instrumentation-dependencies.bin because:
[        ]   Build cache is disabled
[        ]   Caching not enabled.
[        ] Caching disabled for MergeInstrumentationAnalysisTransform: /root/.gradle/caches/modules-2/files-2.1/com.google.api.grpc/proto-google-common-protos/2.0.1/20827628ea2b9f69ae22987b2aedb0050e9c470d/proto-google-common-protos-2.0.1.jar because:
[        ]   Build cache is disabled
[        ]   Caching not enabled.
[        ] Caching disabled for MergeInstrumentationAnalysisTransform: /root/.gradle/caches/8.14/transforms/a56f136059c6b29606e4676ce65b9e4c/transformed/analysis/instrumentation-dependencies.bin because:
[        ]   Build cache is disabled
[        ]   Caching not enabled.
[        ] Caching disabled for MergeInstrumentationAnalysisTransform: /root/.gradle/caches/modules-2/files-2.1/com.android.tools.analytics-library/protos/31.0.0/1a391ebfcfc6b3fbd249f12f58bd301c3f13855f/protos-31.0.0.jar because:
[        ]   Build cache is disabled
[        ]   Caching not enabled.
[        ] Caching disabled for MergeInstrumentationAnalysisTransform: /root/.gradle/caches/8.14/transforms/1e65a939a84c50dc5637f10e635ac0e8/transformed/analysis/instrumentation-dependencies.bin because:
[        ]   Build cache is disabled
[        ]   Caching not enabled.
[        ] Caching disabled for MergeInstrumentationAnalysisTransform: /root/.gradle/caches/8.14/transforms/e1af31b6f6841aeef4f866f19498c6b7/transformed/analysis/instrumentation-hierarchy.bin because:
[        ]   Build cache is disabled
[        ]   Caching not enabled.
[        ] Caching disabled for MergeInstrumentationAnalysisTransform: /root/.gradle/caches/modules-2/files-2.1/io.grpc/grpc-netty/1.45.1/e2a1bc48548213144f00aa709c4da92626b35cd8/grpc-netty-1.45.1.jar because:
[        ]   Build cache is disabled
[        ]   Caching not enabled.
[        ] Caching disabled for MergeInstrumentationAnalysisTransform: /root/.gradle/caches/8.14/transforms/29652b12d54e1ca59c7fe2266799493b/transformed/analysis/instrumentation-dependencies.bin because:
[        ]   Build cache is disabled
[        ]   Caching not enabled.
[        ] Caching disabled for MergeInstrumentationAnalysisTransform: /root/.gradle/caches/modules-2/files-2.1/com.google.protobuf/protobuf-java/3.19.3/4b57f1b1b9e281231c3fcfc039ce3021e29ff570/protobuf-java-3.19.3.jar because:
[        ]   Build cache is disabled
[        ]   Caching not enabled.
[        ] Caching disabled for MergeInstrumentationAnalysisTransform: /root/.gradle/caches/8.14/transforms/3ae60b3840f76fbc495a453c70c97bf0/transformed/analysis/instrumentation-hierarchy.bin because:
[        ]   Build cache is disabled
[        ]   Caching not enabled.
[        ] Caching disabled for MergeInstrumentationAnalysisTransform: /root/.gradle/caches/8.14/transforms/3ae60b3840f76fbc495a453c70c97bf0/transformed/analysis/instrumentation-dependencies.bin because:
[        ]   Build cache is disabled
[        ]   Caching not enabled.
[        ] Caching disabled for MergeInstrumentationAnalysisTransform: /root/.gradle/caches/modules-2/files-2.1/io.grpc/grpc-stub/1.45.1/3cf1d4ef88808bbabea5d929b78854ccc7f95242/grpc-stub-1.45.1.jar because:
[        ]   Build cache is disabled
[        ]   Caching not enabled.
[        ] Caching disabled for ExternalDependencyInstrumentingArtifactTransform: /root/.gradle/caches/8.14/transforms/2746f9d6474632c19e18473e949f7adb/transformed/merge/instrumentation-dependencies.bin because:
[        ]   Build cache is disabled
[        ]   Caching not enabled.
[        ] Caching disabled for MergeInstrumentationAnalysisTransform: /root/.gradle/caches/modules-2/files-2.1/com.google.testing.platform/core-proto/0.0.8-alpha08/72ca52065789993f2f029b34d797813c467d5d74/core-proto-0.0.8-alpha08.jar because:
[        ]   Build cache is disabled
[        ]   Caching not enabled.
[        ] Caching disabled for MergeInstrumentationAnalysisTransform: /root/.gradle/caches/8.14/transforms/5e1a2f32d1a05384871154f280fde272/transformed/analysis/instrumentation-hierarchy.bin because:
[        ]   Build cache is disabled
[        ]   Caching not enabled.
[        ] Caching disabled for MergeInstrumentationAnalysisTransform: /root/.gradle/caches/8.14/transforms/9975a1251fc8f831e5502f13dd3c93b1/transformed/analysis/instrumentation-hierarchy.bin because:
[        ]   Build cache is disabled
[        ]   Caching not enabled.
[        ] Caching disabled for MergeInstrumentationAnalysisTransform: /root/.gradle/caches/modules-2/files-2.1/io.grpc/grpc-core/1.45.1/9d886fc7d591fac00cd1bbd2347ba66efb31ef20/grpc-core-1.45.1.jar because:
[        ]   Build cache is disabled
[        ]   Caching not enabled.
[        ] Caching disabled for MergeInstrumentationAnalysisTransform: /root/.gradle/caches/8.14/transforms/e1af31b6f6841aeef4f866f19498c6b7/transformed/analysis/instrumentation-dependencies.bin because:
[        ]   Build cache is disabled
[        ]   Caching not enabled.
[        ] Caching disabled for MergeInstrumentationAnalysisTransform: /root/.gradle/caches/modules-2/files-2.1/org.tensorflow/tensorflow-lite-metadata/0.1.0-rc2/7aa9b3e16d85c2aae5eff741265315a37c9f731a/tensorflow-lite-metadata-0.1.0-rc2.jar because:
[        ]   Build cache is disabled
[        ]   Caching not enabled.
[        ] Caching disabled for MergeInstrumentationAnalysisTransform: /root/.gradle/caches/modules-2/files-2.1/com.google.code.gson/gson/2.8.9/8a432c1d6825781e21a02db2e2c33c5fde2833b9/gson-2.8.9.jar because:
[        ]   Build cache is disabled
[        ]   Caching not enabled.
[        ] Caching disabled for MergeInstrumentationAnalysisTransform: /root/.gradle/caches/8.14/transforms/ba603a8e5cd50a7c88cc1c83cedbafe1/transformed/analysis/instrumentation-hierarchy.bin because:
[        ]   Build cache is disabled
[        ]   Caching not enabled.
[        ] Caching disabled for MergeInstrumentationAnalysisTransform: /root/.gradle/caches/modules-2/files-2.1/com.google.jimfs/jimfs/1.1/8fbd0579dc68aba6186935cc1bee21d2f3e7ec1c/jimfs-1.1.jar because:
[        ]   Build cache is disabled
[        ]   Caching not enabled.
[        ] Caching disabled for MergeInstrumentationAnalysisTransform: /root/.gradle/caches/8.14/transforms/5e1a2f32d1a05384871154f280fde272/transformed/analysis/instrumentation-dependencies.bin because:
[        ]   Build cache is disabled
[        ]   Caching not enabled.
[        ] Caching disabled for MergeInstrumentationAnalysisTransform: /root/.gradle/caches/8.14/transforms/a27f8f323f42a330a9eff73eafecd6e0/transformed/analysis/instrumentation-hierarchy.bin because:
[        ]   Build cache is disabled
[        ]   Caching not enabled.
[        ] Caching disabled for MergeInstrumentationAnalysisTransform: /root/.gradle/caches/8.14/transforms/1f33ebe59883eca7cf0b19e5fe8de863/transformed/analysis/instrumentation-dependencies.bin because:
[        ]   Build cache is disabled
[        ]   Caching not enabled.
[        ] Caching disabled for MergeInstrumentationAnalysisTransform: /root/.gradle/caches/8.14/transforms/9b0e98629bc06f5b01cc526ebfdfc3c3/transformed/analysis/instrumentation-hierarchy.bin because:
[        ]   Build cache is disabled
[        ]   Caching not enabled.
[        ] Caching disabled for MergeInstrumentationAnalysisTransform: /root/.gradle/caches/8.14/transforms/9975a1251fc8f831e5502f13dd3c93b1/transformed/analysis/instrumentation-dependencies.bin because:
[        ]   Build cache is disabled
[        ]   Caching not enabled.
[        ] Caching disabled for MergeInstrumentationAnalysisTransform: /root/.gradle/caches/8.14/transforms/f805d7e08d3fd67d4774c3e86f99ef63/transformed/analysis/instrumentation-hierarchy.bin because:
[        ]   Build cache is disabled
[        ]   Caching not enabled.
[        ] Caching disabled for MergeInstrumentationAnalysisTransform: /root/.gradle/caches/8.14/transforms/ba603a8e5cd50a7c88cc1c83cedbafe1/transformed/analysis/instrumentation-dependencies.bin because:
[        ]   Build cache is disabled
[        ]   Caching not enabled.
[        ] Caching disabled for MergeInstrumentationAnalysisTransform: /root/.gradle/caches/modules-2/files-2.1/com.google.flatbuffers/flatbuffers-java/1.12.0/8201cc7b511177a37071249e891f2f2fea4b32e9/flatbuffers-java-1.12.0.jar because:
[        ]   Build cache is disabled
[        ]   Caching not enabled.
[        ] Caching disabled for MergeInstrumentationAnalysisTransform: /root/.gradle/caches/8.14/transforms/3c31e71a7838345b49ffab5674d8ff5e/transformed/analysis/instrumentation-hierarchy.bin because:
[        ]   Build cache is disabled
[        ]   Caching not enabled.
[        ] Caching disabled for MergeInstrumentationAnalysisTransform: /root/.gradle/caches/8.14/transforms/9b0e98629bc06f5b01cc526ebfdfc3c3/transformed/analysis/instrumentation-dependencies.bin because:
[        ]   Build cache is disabled
[        ]   Caching not enabled.
[        ] Caching disabled for MergeInstrumentationAnalysisTransform: /root/.gradle/caches/8.14/transforms/f805d7e08d3fd67d4774c3e86f99ef63/transformed/analysis/instrumentation-dependencies.bin because:
[        ]   Build cache is disabled
[        ]   Caching not enabled.
[        ] Caching disabled for MergeInstrumentationAnalysisTransform: /root/.gradle/caches/8.14/transforms/3c31e71a7838345b49ffab5674d8ff5e/transformed/analysis/instrumentation-dependencies.bin because:
[        ]   Build cache is disabled
[        ]   Caching not enabled.
[        ] Caching disabled for MergeInstrumentationAnalysisTransform: /root/.gradle/caches/8.14/transforms/a27f8f323f42a330a9eff73eafecd6e0/transformed/analysis/instrumentation-dependencies.bin because:
[        ]   Build cache is disabled
[        ]   Caching not enabled.
[        ] Caching disabled for MergeInstrumentationAnalysisTransform: /root/.gradle/caches/modules-2/files-2.1/javax.inject/javax.inject/1/6975da39a7040257bd51d21a231b76c915872d38/javax.inject-1.jar because:
[        ]   Build cache is disabled
[        ]   Caching not enabled.
[        ] Caching disabled for MergeInstrumentationAnalysisTransform: /root/.gradle/caches/modules-2/files-2.1/io.grpc/grpc-protobuf-lite/1.45.1/a842605124e6542550b2da550a9acae1443a945/grpc-protobuf-lite-1.45.1.jar because:
[        ]   Build cache is disabled
[        ]   Caching not enabled.
[        ] Caching disabled for MergeInstrumentationAnalysisTransform: /root/.gradle/caches/modules-2/files-2.1/com.google.dagger/dagger/2.28.3/10d83810ef9e19714116ed518896c90c6606d633/dagger-2.28.3.jar because:
[        ]   Build cache is disabled
[        ]   Caching not enabled.
[        ] Caching disabled for MergeInstrumentationAnalysisTransform: /root/.gradle/caches/8.14/transforms/6e87fed15181a08976306911f6e44287/transformed/analysis/instrumentation-hierarchy.bin because:
[        ]   Build cache is disabled
[        ]   Caching not enabled.
[        ] Caching disabled for MergeInstrumentationAnalysisTransform: /root/.gradle/caches/modules-2/files-2.1/io.grpc/grpc-api/1.45.1/521df70b1f69648d5f418015ee594fc15a065dfc/grpc-api-1.45.1.jar because:
[        ]   Build cache is disabled
[        ]   Caching not enabled.
[        ] Caching disabled for MergeInstrumentationAnalysisTransform: /root/.gradle/caches/modules-2/files-2.1/net.sf.kxml/kxml2/2.3.0/ccbc77a5fd907ef863c29f3596c6f54ffa4e9442/kxml2-2.3.0.jar because:
[        ]   Build cache is disabled
[        ]   Caching not enabled.
[        ] Caching disabled for MergeInstrumentationAnalysisTransform: /root/.gradle/caches/8.14/transforms/23e095634903846b1e4d36d18c569164/transformed/analysis/instrumentation-hierarchy.bin because:
[        ]   Build cache is disabled
[        ]   Caching not enabled.
[        ] Caching disabled for MergeInstrumentationAnalysisTransform: /root/.gradle/caches/8.14/transforms/6e87fed15181a08976306911f6e44287/transformed/analysis/instrumentation-dependencies.bin because:
[        ]   Build cache is disabled
[        ]   Caching not enabled.
[        ] Caching disabled for MergeInstrumentationAnalysisTransform: /root/.gradle/caches/8.14/transforms/0b75ec30a4c75063289499649e9e9982/transformed/analysis/instrumentation-hierarchy.bin because:
[        ]   Build cache is disabled
[        ]   Caching not enabled.
[        ] Caching disabled for MergeInstrumentationAnalysisTransform: /root/.gradle/caches/8.14/transforms/1a1d3b61d5a868318f8594a976389b2b/transformed/analysis/instrumentation-hierarchy.bin because:
[        ]   Build cache is disabled
[        ]   Caching not enabled.
[        ] Caching disabled for MergeInstrumentationAnalysisTransform: /root/.gradle/caches/8.14/transforms/23e095634903846b1e4d36d18c569164/transformed/analysis/instrumentation-dependencies.bin because:
[        ]   Build cache is disabled
[        ]   Caching not enabled.
[        ] Caching disabled for MergeInstrumentationAnalysisTransform: /root/.gradle/caches/8.14/transforms/a4fed51b1a8b098ceba69849a357f8be/transformed/analysis/instrumentation-hierarchy.bin because:
[        ]   Build cache is disabled
[        ]   Caching not enabled.
[        ] Caching disabled for MergeInstrumentationAnalysisTransform: /root/.gradle/caches/8.14/transforms/a0c26581fa6656fe0cc9cbbf4cebacc3/transformed/analysis/instrumentation-hierarchy.bin because:
[        ]   Build cache is disabled
[        ]   Caching not enabled.
[        ] Caching disabled for MergeInstrumentationAnalysisTransform: /root/.gradle/caches/modules-2/files-2.1/org.jetbrains.intellij.deps/trove4j/1.0.20200330/3afb14d5f9ceb459d724e907a21145e8ff394f02/trove4j-1.0.20200330.jar because:
[        ]   Build cache is disabled
[        ]   Caching not enabled.
[        ] Caching disabled for MergeInstrumentationAnalysisTransform: /root/.gradle/caches/modules-2/files-2.1/org.bouncycastle/bcprov-jdk15on/1.67/8c0998045da87dbc2f1d4b6480458ed811ca7b82/bcprov-jdk15on-1.67.jar because:
[        ]   Build cache is disabled
[        ]   Caching not enabled.
[        ] Caching disabled for MergeInstrumentationAnalysisTransform: /root/.gradle/caches/modules-2/files-2.1/com.google.guava/guava/31.0.1-jre/119ea2b2bc205b138974d351777b20f02b92704b/guava-31.0.1-jre.jar because:
[        ]   Build cache is disabled
[        ]   Caching not enabled.
[        ] Caching disabled for MergeInstrumentationAnalysisTransform: /root/.gradle/caches/8.14/transforms/0b75ec30a4c75063289499649e9e9982/transformed/analysis/instrumentation-dependencies.bin because:
[        ]   Build cache is disabled
[        ]   Caching not enabled.
[        ] Caching disabled for MergeInstrumentationAnalysisTransform: /root/.gradle/caches/8.14/transforms/a0c26581fa6656fe0cc9cbbf4cebacc3/transformed/analysis/instrumentation-dependencies.bin because:
[        ]   Build cache is disabled
[        ]   Caching not enabled.
[        ] Caching disabled for MergeInstrumentationAnalysisTransform: /root/.gradle/caches/8.14/transforms/5ee1d9892ee2708729e00268155727ad/transformed/analysis/instrumentation-hierarchy.bin because:
[        ]   Build cache is disabled
[        ]   Caching not enabled.
[        ] Caching disabled for MergeInstrumentationAnalysisTransform: /root/.gradle/caches/8.14/transforms/1a1d3b61d5a868318f8594a976389b2b/transformed/analysis/instrumentation-dependencies.bin because:
[        ]   Build cache is disabled
[        ]   Caching not enabled.
[        ] Caching disabled for MergeInstrumentationAnalysisTransform: /root/.gradle/caches/8.14/transforms/0a92adb5ade4a50ad2c9cfae82aec0b4/transformed/analysis/instrumentation-hierarchy.bin because:
[        ]   Build cache is disabled
[        ]   Caching not enabled.
[        ] Caching disabled for MergeInstrumentationAnalysisTransform: /root/.gradle/caches/8.14/transforms/a4fed51b1a8b098ceba69849a357f8be/transformed/analysis/instrumentation-dependencies.bin because:
[        ]   Build cache is disabled
[        ]   Caching not enabled.
[        ] Caching disabled for MergeInstrumentationAnalysisTransform: /root/.gradle/caches/modules-2/files-2.1/xerces/xercesImpl/2.12.0/f02c844149fd306601f20e0b34853a670bef7fa2/xercesImpl-2.12.0.jar because:
[        ]   Build cache is disabled
[        ]   Caching not enabled.
[        ] Caching disabled for MergeInstrumentationAnalysisTransform: /root/.gradle/caches/8.14/transforms/fe297a5a19d5a52b75d06ba229378ac0/transformed/analysis/instrumentation-dependencies.bin because:
[        ]   Build cache is disabled
[        ]   Caching not enabled.
[        ] Caching disabled for MergeInstrumentationAnalysisTransform: /root/.gradle/caches/modules-2/files-2.1/org.apache.httpcomponents/httpcore/4.4.15/7f2e0c573eaa7a74bac2e89b359e1f73d92a0a1d/httpcore-4.4.15.jar because:
[        ]   Build cache is disabled
[        ]   Caching not enabled.
[        ] Caching disabled for MergeInstrumentationAnalysisTransform: /root/.gradle/caches/modules-2/files-2.1/com.sun.activation/javax.activation/1.2.0/bf744c1e2776ed1de3c55c8dac1057ec331ef744/javax.activation-1.2.0.jar because:
[        ]   Build cache is disabled
[        ]   Caching not enabled.
[        ] Caching disabled for MergeInstrumentationAnalysisTransform: /root/.gradle/caches/8.14/transforms/5ee1d9892ee2708729e00268155727ad/transformed/analysis/instrumentation-dependencies.bin because:
[        ]   Build cache is disabled
[        ]   Caching not enabled.
[        ] Caching disabled for MergeInstrumentationAnalysisTransform: /root/.gradle/caches/modules-2/files-2.1/org.jetbrains.kotlin/kotlin-reflect/1.7.10/165e600dfea6185cf5efa700756294cc4904dbeb/kotlin-reflect-1.7.10.jar because:
[        ]   Build cache is disabled
[        ]   Caching not enabled.
[        ] Caching disabled for MergeInstrumentationAnalysisTransform: /root/.gradle/caches/modules-2/files-2.1/org.apache.httpcomponents/httpclient/4.5.13/e5f6cae5ca7ecaac1ec2827a9e2d65ae2869cada/httpclient-4.5.13.jar because:
[        ]   Build cache is disabled
[        ]   Caching not enabled.
[        ] Caching disabled for MergeInstrumentationAnalysisTransform: /root/.gradle/caches/8.14/transforms/0a92adb5ade4a50ad2c9cfae82aec0b4/transformed/analysis/instrumentation-dependencies.bin because:
[        ]   Build cache is disabled
[        ]   Caching not enabled.
[        ] Caching disabled for MergeInstrumentationAnalysisTransform: /root/.gradle/caches/8.14/transforms/888f6fd27c7aeb63f66fccb1065f1195/transformed/analysis/instrumentation-hierarchy.bin because:
[        ]   Build cache is disabled
[        ]   Caching not enabled.
[        ] Caching disabled for MergeInstrumentationAnalysisTransform: /root/.gradle/caches/8.14/transforms/0a9d5eb384f56e0f1d8e969a2a140283/transformed/analysis/instrumentation-dependencies.bin because:
[        ]   Build cache is disabled
[        ]   Caching not enabled.
[        ] Caching disabled for MergeInstrumentationAnalysisTransform: /root/.gradle/caches/modules-2/files-2.1/org.apache.commons/commons-compress/1.20/b8df472b31e1f17c232d2ad78ceb1c84e00c641b/commons-compress-1.20.jar because:
[        ]   Build cache is disabled
[        ]   Caching not enabled.
[        ] Caching disabled for MergeInstrumentationAnalysisTransform: /root/.gradle/caches/8.14/transforms/2a6a5a2c7fecf22312d3705bbfbef461/transformed/analysis/instrumentation-hierarchy.bin because:
[        ]   Build cache is disabled
[        ]   Caching not enabled.
[        ] Caching disabled for MergeInstrumentationAnalysisTransform: /root/.gradle/caches/8.14/transforms/888f6fd27c7aeb63f66fccb1065f1195/transformed/analysis/instrumentation-dependencies.bin because:
[        ]   Build cache is disabled
[        ]   Caching not enabled.
[        ] Caching disabled for MergeInstrumentationAnalysisTransform: /root/.gradle/caches/8.14/transforms/f62290c4265fae9fb0cf357d49462801/transformed/analysis/instrumentation-hierarchy.bin because:
[        ]   Build cache is disabled
[        ]   Caching not enabled.
[        ] Caching disabled for MergeInstrumentationAnalysisTransform: /root/.gradle/caches/modules-2/files-2.1/org.jetbrains/annotations/13.0/919f0dfe192fb4e063e7dacadee7f8bb9a2672a9/annotations-13.0.jar because:
[        ]   Build cache is disabled
[        ]   Caching not enabled.
[        ] Caching disabled for MergeInstrumentationAnalysisTransform: /root/.gradle/caches/8.14/transforms/63e0a1f75d91cde9ecfd6e29ce3f4dc8/transformed/analysis/instrumentation-hierarchy.bin because:
[        ]   Build cache is disabled
[        ]   Caching not enabled.
[        ] Caching disabled for MergeInstrumentationAnalysisTransform: /root/.gradle/caches/modules-2/files-2.1/org.jetbrains.kotlin/kotlin-stdlib/1.7.10/d2abf9e77736acc4450dc4a3f707fa2c10f5099d/kotlin-stdlib-1.7.10.jar because:
[        ]   Build cache is disabled
[        ]   Caching not enabled.
[        ] Caching disabled for MergeInstrumentationAnalysisTransform: /root/.gradle/caches/modules-2/files-2.1/org.jetbrains.kotlin/kotlin-stdlib-jdk7/1.7.10/1ef73fee66f45d52c67e2aca12fd945dbe0659bf/kotlin-stdlib-jdk7-1.7.10.jar because:
[        ]   Build cache is disabled
[        ]   Caching not enabled.
[        ] Caching disabled for MergeInstrumentationAnalysisTransform: /root/.gradle/caches/8.14/transforms/e0226a994236d7bf90152c665abe60df/transformed/analysis/instrumentation-dependencies.bin because:
[        ]   Build cache is disabled
[        ]   Caching not enabled.
[        ] Caching disabled for MergeInstrumentationAnalysisTransform: /root/.gradle/caches/8.14/transforms/2a6a5a2c7fecf22312d3705bbfbef461/transformed/analysis/instrumentation-dependencies.bin because:
[        ]   Build cache is disabled
[        ]   Caching not enabled.
[        ] Caching disabled for MergeInstrumentationAnalysisTransform: /root/.gradle/caches/modules-2/files-2.1/com.android.tools/annotations/31.0.0/9251cabb9830e0f59e30e8e99f58af7bbc97c34f/annotations-31.0.0.jar because:
[   +1 ms]   Build cache is disabled
[        ]   Caching not enabled.
[        ] Caching disabled for MergeInstrumentationAnalysisTransform: /root/.gradle/caches/modules-2/files-2.1/com.android/zipflinger/8.0.0/c8905e73d011fc1683db2dfd08397ab250672d4e/zipflinger-8.0.0.jar because:
[        ]   Build cache is disabled
[        ]   Caching not enabled.
[        ] Caching disabled for MergeInstrumentationAnalysisTransform: /root/.gradle/caches/8.14/transforms/8c12647086c0a3ca5d593c8e6e97b7eb/transformed/analysis/instrumentation-hierarchy.bin because:
[        ]   Build cache is disabled
[        ]   Caching not enabled.
[        ] Caching disabled for MergeInstrumentationAnalysisTransform: /root/.gradle/caches/8.14/transforms/f62290c4265fae9fb0cf357d49462801/transformed/analysis/instrumentation-dependencies.bin because:
[        ]   Build cache is disabled
[        ]   Caching not enabled.
[        ] Caching disabled for ExternalDependencyInstrumentingArtifactTransform: /root/.gradle/caches/8.14/transforms/6187692a1d17743ec1f7c9a0743a61f5/transformed/merge/instrumentation-dependencies.bin because:
[        ]   Build cache is disabled
[        ]   Caching not enabled.
[        ] Caching disabled for MergeInstrumentationAnalysisTransform: /root/.gradle/caches/8.14/transforms/a9bb419057f2ec78198df5a5329559ea/transformed/analysis/instrumentation-hierarchy.bin because:
[        ]   Build cache is disabled
[        ]   Caching not enabled.
[        ] Caching disabled for MergeInstrumentationAnalysisTransform: /root/.gradle/caches/8.14/transforms/63e0a1f75d91cde9ecfd6e29ce3f4dc8/transformed/analysis/instrumentation-dependencies.bin because:
[        ]   Build cache is disabled
[        ]   Caching not enabled.
[        ] Caching disabled for MergeInstrumentationAnalysisTransform: /root/.gradle/caches/8.14/transforms/9a9891476629ac44014c62adfce6452d/transformed/analysis/instrumentation-hierarchy.bin because:
[        ]   Build cache is disabled
[        ]   Caching not enabled.
[        ] Caching disabled for MergeInstrumentationAnalysisTransform: /root/.gradle/caches/modules-2/files-2.1/com.android/signflinger/8.0.0/eadca001587305c0d2498104183497eaa7013ce2/signflinger-8.0.0.jar because:
[        ]   Build cache is disabled
[        ]   Caching not enabled.
[        ] Caching disabled for ExternalDependencyInstrumentingArtifactTransform: /root/.gradle/caches/8.14/transforms/35672d0a952e2f81e6f3da4e9ee7a525/transformed/merge/instrumentation-dependencies.bin because:
[        ]   Build cache is disabled
[        ]   Caching not enabled.
[        ] Caching disabled for MergeInstrumentationAnalysisTransform: /root/.gradle/caches/modules-2/files-2.1/javax.annotation/javax.annotation-api/1.3.2/934c04d3cfef185a8008e7bf34331b79730a9d43/javax.annotation-api-1.3.2.jar because:
[        ]   Build cache is disabled
[        ]   Caching not enabled.
[        ] Caching disabled for MergeInstrumentationAnalysisTransform: /root/.gradle/caches/8.14/transforms/a9bb419057f2ec78198df5a5329559ea/transformed/analysis/instrumentation-dependencies.bin because:
[        ]   Build cache is disabled
[        ]   Caching not enabled.
[        ] Caching disabled for MergeInstrumentationAnalysisTransform: /root/.gradle/caches/8.14/transforms/8c12647086c0a3ca5d593c8e6e97b7eb/transformed/analysis/instrumentation-dependencies.bin because:
[        ]   Build cache is disabled
[        ]   Caching not enabled.
[        ] Caching disabled for MergeInstrumentationAnalysisTransform: /root/.gradle/caches/8.14/transforms/0e4888efffc5b1de0f2cc5286369299e/transformed/analysis/instrumentation-hierarchy.bin because:
[        ]   Build cache is disabled
[        ]   Caching not enabled.
[        ] Caching disabled for ExternalDependencyInstrumentingArtifactTransform: /root/.gradle/caches/8.14/transforms/252d91d00e1d7fd286385d5efba3490a/transformed/merge/instrumentation-dependencies.bin because:
[        ]   Build cache is disabled
[        ]   Caching not enabled.
[        ] Caching disabled for MergeInstrumentationAnalysisTransform: /root/.gradle/caches/8.14/transforms/9a9891476629ac44014c62adfce6452d/transformed/analysis/instrumentation-dependencies.bin because:
[        ]   Build cache is disabled
[        ]   Caching not enabled.
[        ] Caching disabled for MergeInstrumentationAnalysisTransform: /root/.gradle/caches/modules-2/files-2.1/com.googlecode.juniversalchardet/juniversalchardet/1.0.3/cd49678784c46aa8789c060538e0154013bb421b/juniversalchardet-1.0.3.jar because:
[        ]   Build cache is disabled
[        ]   Caching not enabled.
[        ] Caching disabled for MergeInstrumentationAnalysisTransform: /root/.gradle/caches/8.14/transforms/0e4888efffc5b1de0f2cc5286369299e/transformed/analysis/instrumentation-dependencies.bin because:
[        ]   Build cache is disabled
[        ]   Caching not enabled.
[        ] Caching disabled for ExternalDependencyInstrumentingArtifactTransform: /root/.gradle/caches/modules-2/files-2.1/com.android.tools/annotations/31.0.0/9251cabb9830e0f59e30e8e99f58af7bbc97c34f/annotations-31.0.0.jar because:
[        ]   Build cache is disabled
[        ]   Caching not enabled.
[        ] Caching disabled for MergeInstrumentationAnalysisTransform: /root/.gradle/caches/modules-2/files-2.1/jakarta.xml.bind/jakarta.xml.bind-api/2.3.2/8d49996a4338670764d7ca4b85a1c4ccf7fe665d/jakarta.xml.bind-api-2.3.2.jar because:
[        ]   Build cache is disabled
[        ]   Caching not enabled.
[        ] Caching disabled for MergeInstrumentationAnalysisTransform: /root/.gradle/caches/modules-2/files-2.1/net.java.dev.jna/jna-platform/5.6.0/d18424ffb8bbfd036d71bcaab9b546858f2ef986/jna-platform-5.6.0.jar because:
[        ]   Build cache is disabled
[        ]   Caching not enabled.
[        ] Caching disabled for MergeInstrumentationAnalysisTransform: /root/.gradle/caches/modules-2/files-2.1/org.jvnet.staxex/stax-ex/1.8.1/78011e483a21102fb4858f3e8f269a677e50aa23/stax-ex-1.8.1.jar because:
[        ]   Build cache is disabled
[        ]   Caching not enabled.
[        ] Caching disabled for MergeInstrumentationAnalysisTransform: /root/.gradle/caches/modules-2/files-2.1/org.glassfish.jaxb/txw2/2.3.2/ce5be7da2e442c25ec14c766cb60cb802741727b/txw2-2.3.2.jar because:
[        ]   Build cache is disabled
[        ]   Caching not enabled.
[        ] Caching disabled for MergeInstrumentationAnalysisTransform: /root/.gradle/caches/8.14/transforms/fefff9ef1ad0af2b4d20e97600842cb4/transformed/analysis/instrumentation-hierarchy.bin because:
[        ]   Build cache is disabled
[        ]   Caching not enabled.
[        ] Caching disabled for MergeInstrumentationAnalysisTransform: /root/.gradle/caches/modules-2/files-2.1/com.sun.istack/istack-commons-runtime/3.0.8/d6a97364045aa6b99bf2d3c566a3f98599c2d296/istack-commons-runtime-3.0.8.jar because:
[        ]   Build cache is disabled
[        ]   Caching not enabled.
[        ] Caching disabled for MergeInstrumentationAnalysisTransform: /root/.gradle/caches/8.14/transforms/78e02451688092e8b1188efc318e7f63/transformed/analysis/instrumentation-dependencies.bin because:
[        ]   Build cache is disabled
[        ]   Caching not enabled.
[        ] Caching disabled for MergeInstrumentationAnalysisTransform: /root/.gradle/caches/8.14/transforms/c491d8608f57b6bb06428abd12a909c3/transformed/analysis/instrumentation-hierarchy.bin because:
[        ]   Build cache is disabled
[        ]   Caching not enabled.
[        ] Caching disabled for ExternalDependencyInstrumentingArtifactTransform: /root/.gradle/caches/modules-2/files-2.1/com.android/signflinger/8.0.0/eadca001587305c0d2498104183497eaa7013ce2/signflinger-8.0.0.jar because:
[        ]   Build cache is disabled
[        ]   Caching not enabled.
[  +74 ms] Caching disabled for MergeInstrumentationAnalysisTransform: /root/.gradle/caches/8.14/transforms/9f7bf5a533b6fa8b7c91c970eaa2b8a2/transformed/analysis/instrumentation-dependencies.bin because:
[        ]   Build cache is disabled
[        ]   Caching not enabled.
[        ] Caching disabled for MergeInstrumentationAnalysisTransform: /root/.gradle/caches/8.14/transforms/02afc11b8ec1264570aeb56b58c49aa9/transformed/analysis/instrumentation-hierarchy.bin because:
[        ]   Build cache is disabled
[        ]   Caching not enabled.
[        ] Caching disabled for MergeInstrumentationAnalysisTransform: /root/.gradle/caches/8.14/transforms/fefff9ef1ad0af2b4d20e97600842cb4/transformed/analysis/instrumentation-dependencies.bin because:
[        ]   Build cache is disabled
[        ]   Caching not enabled.
[        ] Caching disabled for ExternalDependencyInstrumentingArtifactTransform: /root/.gradle/caches/modules-2/files-2.1/com.android/zipflinger/8.0.0/c8905e73d011fc1683db2dfd08397ab250672d4e/zipflinger-8.0.0.jar because:
[        ]   Build cache is disabled
[        ]   Caching not enabled.
[        ] Caching disabled for MergeInstrumentationAnalysisTransform: /root/.gradle/caches/8.14/transforms/6f8bdd5d75a2382fcea921634ccf18cb/transformed/analysis/instrumentation-hierarchy.bin because:
[        ]   Build cache is disabled
[        ]   Caching not enabled.
[        ] Caching disabled for MergeInstrumentationAnalysisTransform: /root/.gradle/caches/8.14/transforms/58004fb02668d400301539bc7fd0023b/transformed/analysis/instrumentation-hierarchy.bin because:
[        ]   Build cache is disabled
[        ]   Caching not enabled.
[        ] Caching disabled for MergeInstrumentationAnalysisTransform: /root/.gradle/caches/modules-2/files-2.1/com.google.errorprone/error_prone_annotations/2.10.0/9bc20b94d3ac42489cf6ce1e42509c86f6f861a1/error_prone_annotations-2.10.0.jar because:
[        ]   Build cache is disabled
[        ]   Caching not enabled.
[        ] Caching disabled for MergeInstrumentationAnalysisTransform: /root/.gradle/caches/8.14/transforms/c491d8608f57b6bb06428abd12a909c3/transformed/analysis/instrumentation-dependencies.bin because:
[        ]   Build cache is disabled
[        ]   Caching not enabled.
[        ] Caching disabled for MergeInstrumentationAnalysisTransform: /root/.gradle/caches/8.14/transforms/c04565228a40c2a592032fe842819095/transformed/analysis/instrumentation-dependencies.bin because:
[        ]   Build cache is disabled
[        ]   Caching not enabled.
[        ] Caching disabled for MergeInstrumentationAnalysisTransform: /root/.gradle/caches/modules-2/files-2.1/com.google.auto.value/auto-value-annotations/1.6.2/ed193d86e0af90cc2342aedbe73c5d86b03fa09b/auto-value-annotations-1.6.2.jar because:
[        ]   Build cache is disabled
[        ]   Caching not enabled.
[        ] Caching disabled for MergeInstrumentationAnalysisTransform: /root/.gradle/caches/8.14/transforms/d8695b060e50975c4594c2fcb6098560/transformed/analysis/instrumentation-hierarchy.bin because:
[        ]   Build cache is disabled
[        ]   Caching not enabled.
[        ] Caching disabled for MergeInstrumentationAnalysisTransform: /root/.gradle/caches/8.14/transforms/085ab5d22c0c73b805b5ceab6a9ea7ff/transformed/analysis/instrumentation-dependencies.bin because:
[        ]   Build cache is disabled
[        ]   Caching not enabled.
[        ] Caching disabled for MergeInstrumentationAnalysisTransform: /root/.gradle/caches/8.14/transforms/02afc11b8ec1264570aeb56b58c49aa9/transformed/analysis/instrumentation-dependencies.bin because:
[        ]   Build cache is disabled
[        ]   Caching not enabled.
[        ] Caching disabled for MergeInstrumentationAnalysisTransform: /root/.gradle/caches/8.14/transforms/6f8bdd5d75a2382fcea921634ccf18cb/transformed/analysis/instrumentation-dependencies.bin because:
[        ]   Build cache is disabled
[        ]   Caching not enabled.
[        ] Caching disabled for MergeInstrumentationAnalysisTransform: /root/.gradle/caches/modules-2/files-2.1/com.sun.xml.fastinfoset/FastInfoset/1.2.16/4eb6a0adad553bf759ffe86927df6f3b848c8bea/FastInfoset-1.2.16.jar because:
[        ]   Build cache is disabled
[        ]   Caching not enabled.
[        ] Caching disabled for MergeInstrumentationAnalysisTransform: /root/.gradle/caches/8.14/transforms/58004fb02668d400301539bc7fd0023b/transformed/analysis/instrumentation-dependencies.bin because:
[        ]   Build cache is disabled
[        ]   Caching not enabled.
[        ] Caching disabled for MergeInstrumentationAnalysisTransform: /root/.gradle/caches/modules-2/files-2.1/com.google.j2objc/j2objc-annotations/1.3/ba035118bc8bac37d7eff77700720999acd9986d/j2objc-annotations-1.3.jar because:
[        ]   Build cache is disabled
[        ]   Caching not enabled.
[        ] Caching disabled for MergeInstrumentationAnalysisTransform: /root/.gradle/caches/modules-2/files-2.1/org.slf4j/slf4j-api/1.7.30/b5a4b6d16ab13e34a88fae84c35cd5d68cac922c/slf4j-api-1.7.30.jar because:
[        ]   Build cache is disabled
[        ]   Caching not enabled.
[        ] Caching disabled for MergeInstrumentationAnalysisTransform: /root/.gradle/caches/modules-2/files-2.1/jakarta.activation/jakarta.activation-api/1.2.1/562a587face36ec7eff2db7f2fc95425c6602bc1/jakarta.activation-api-1.2.1.jar because:
[        ]   Build cache is disabled
[        ]   Caching not enabled.
[        ] Caching disabled for MergeInstrumentationAnalysisTransform: /root/.gradle/caches/modules-2/files-2.1/com.google.android/annotations/4.1.1.4/a1678ba907bf92691d879fef34e1a187038f9259/annotations-4.1.1.4.jar because:
[        ]   Build cache is disabled
[        ]   Caching not enabled.
[        ] Caching disabled for MergeInstrumentationAnalysisTransform: /root/.gradle/caches/8.14/transforms/6b4896d50078fc41c74f8e4a72b63e60/transformed/analysis/instrumentation-dependencies.bin because:
[        ]   Build cache is disabled
[        ]   Caching not enabled.
[        ] Caching disabled for MergeInstrumentationAnalysisTransform: /root/.gradle/caches/8.14/transforms/d8695b060e50975c4594c2fcb6098560/transformed/analysis/instrumentation-dependencies.bin because:
[        ]   Build cache is disabled
[        ]   Caching not enabled.
[        ] Caching disabled for MergeInstrumentationAnalysisTransform: /root/.gradle/caches/modules-2/files-2.1/org.bitbucket.b_c/jose4j/0.7.0/478ee8518687f9b01f20912fc7edd9d7b46d06da/jose4j-0.7.0.jar because:
[        ]   Build cache is disabled
[        ]   Caching not enabled.
[        ] Caching disabled for MergeInstrumentationAnalysisTransform: /root/.gradle/caches/modules-2/files-2.1/org.jdom/jdom2/2.0.6/6f14738ec2e9dd0011e343717fa624a10f8aab64/jdom2-2.0.6.jar because:
[        ]   Build cache is disabled
[        ]   Caching not enabled.
[        ] Caching disabled for MergeInstrumentationAnalysisTransform: /root/.gradle/caches/8.14/transforms/61eabbdd592209c866189e9368efd599/transformed/analysis/instrumentation-hierarchy.bin because:
[        ]   Build cache is disabled
[        ]   Caching not enabled.
[        ] Caching disabled for MergeInstrumentationAnalysisTransform: /root/.gradle/caches/8.14/transforms/2435f7b817e8be6cac23167f5f6df65a/transformed/analysis/instrumentation-hierarchy.bin because:
[        ]   Build cache is disabled
[        ]   Caching not enabled.
[        ] Caching disabled for MergeInstrumentationAnalysisTransform: /root/.gradle/caches/8.14/transforms/1c64fe326b882aa37de9238b95461df2/transformed/analysis/instrumentation-hierarchy.bin because:
[        ]   Build cache is disabled
[        ]   Caching not enabled.
[        ] Caching disabled for MergeInstrumentationAnalysisTransform: /root/.gradle/caches/8.14/transforms/782649645c3a53e9d7f4af9d024e9995/transformed/analysis/instrumentation-dependencies.bin because:
[        ]   Build cache is disabled
[        ]   Caching not enabled.
[        ] Caching disabled for MergeInstrumentationAnalysisTransform: /root/.gradle/caches/modules-2/files-2.1/com.google.code.findbugs/jsr305/3.0.2/25ea2e8b0c338a877313bd4672d3fe056ea78f0d/jsr305-3.0.2.jar because:
[        ]   Build cache is disabled
[        ]   Caching not enabled.
[        ] Caching disabled for MergeInstrumentationAnalysisTransform: /root/.gradle/caches/8.14/transforms/2435f7b817e8be6cac23167f5f6df65a/transformed/analysis/instrumentation-dependencies.bin because:
[        ]   Build cache is disabled
[        ]   Caching not enabled.
[        ] Caching disabled for MergeInstrumentationAnalysisTransform: /root/.gradle/caches/modules-2/files-2.1/org.codehaus.mojo/animal-sniffer-annotations/1.19/1536e1a8fd552dc05f12b5f0827fbb2ee3d5a89b/animal-sniffer-annotations-1.19.jar because:
[        ]   Build cache is disabled
[        ]   Caching not enabled.
[   +5 ms] Caching disabled for MergeInstrumentationAnalysisTransform: /root/.gradle/caches/8.14/transforms/059495c8615bae36d0fc93a846ab4920/transformed/analysis/instrumentation-hierarchy.bin because:
[        ]   Build cache is disabled
[        ]   Caching not enabled.
[        ] Caching disabled for MergeInstrumentationAnalysisTransform: /root/.gradle/caches/8.14/transforms/d25e1ac8199d344c3ca65e24b7f99832/transformed/analysis/instrumentation-hierarchy.bin because:
[        ]   Build cache is disabled
[        ]   Caching not enabled.
[        ] Caching disabled for MergeInstrumentationAnalysisTransform: /root/.gradle/caches/8.14/transforms/61eabbdd592209c866189e9368efd599/transformed/analysis/instrumentation-dependencies.bin because:
[        ]   Build cache is disabled
[        ]   Caching not enabled.
[        ] Caching disabled for MergeInstrumentationAnalysisTransform: /root/.gradle/caches/modules-2/files-2.1/org.checkerframework/checker-qual/3.12.0/d5692f0526415fcc6de94bb5bfbd3afd9dd3b3e5/checker-qual-3.12.0.jar because:
[        ]   Build cache is disabled
[        ]   Caching not enabled.
[        ] Caching disabled for MergeInstrumentationAnalysisTransform: /root/.gradle/caches/8.14/transforms/1c64fe326b882aa37de9238b95461df2/transformed/analysis/instrumentation-dependencies.bin because:
[        ]   Build cache is disabled
[        ]   Caching not enabled.
[        ] Caching disabled for MergeInstrumentationAnalysisTransform: /root/.gradle/caches/8.14/transforms/2d952aba5eede5fb4e1f256b2006639a/transformed/analysis/instrumentation-dependencies.bin because:
[        ]   Build cache is disabled
[        ]   Caching not enabled.
[        ] Caching disabled for MergeInstrumentationAnalysisTransform: /root/.gradle/caches/8.14/transforms/2d6ad7057afe351af184d49f5efa7fa0/transformed/analysis/instrumentation-hierarchy.bin because:
[        ]   Build cache is disabled
[        ]   Caching not enabled.
[        ] Caching disabled for MergeInstrumentationAnalysisTransform: /root/.gradle/caches/8.14/transforms/b4e207aa96e8d470c5c1c936134d8f4c/transformed/analysis/instrumentation-dependencies.bin because:
[        ]   Build cache is disabled
[   +3 ms]   Caching not enabled.
[        ] Caching disabled for MergeInstrumentationAnalysisTransform: /root/.gradle/caches/8.14/transforms/059495c8615bae36d0fc93a846ab4920/transformed/analysis/instrumentation-dependencies.bin because:
[        ]   Build cache is disabled
[        ]   Caching not enabled.
[        ] Caching disabled for MergeInstrumentationAnalysisTransform: /root/.gradle/caches/8.14/transforms/d25e1ac8199d344c3ca65e24b7f99832/transformed/analysis/instrumentation-dependencies.bin because:
[        ]   Build cache is disabled
[        ]   Caching not enabled.
[        ] Caching disabled for MergeInstrumentationAnalysisTransform: /root/.gradle/caches/8.14/transforms/e9f9892790f994b7f50c4e7e25403e05/transformed/analysis/instrumentation-hierarchy.bin because:
[        ]   Build cache is disabled
[        ]   Caching not enabled.
[        ] Caching disabled for MergeInstrumentationAnalysisTransform: /root/.gradle/caches/modules-2/files-2.1/io.perfmark/perfmark-api/0.23.0/b813b7539fae6550541da8caafd6add86d4e22f/perfmark-api-0.23.0.jar because:
[        ]   Build cache is disabled
[        ]   Caching not enabled.
[        ] Caching disabled for MergeInstrumentationAnalysisTransform: /root/.gradle/caches/8.14/transforms/2d6ad7057afe351af184d49f5efa7fa0/transformed/analysis/instrumentation-dependencies.bin because:
[        ]   Build cache is disabled
[        ]   Caching not enabled.
[        ] Caching disabled for MergeInstrumentationAnalysisTransform: /root/.gradle/caches/modules-2/files-2.1/io.netty/netty-codec-http2/4.1.72.Final/4b269e666fbace27d2c1efa57703e99b09655822/netty-codec-http2-4.1.72.Final.jar because:
[        ]   Build cache is disabled
[        ]   Caching not enabled.
[        ] Caching disabled for MergeInstrumentationAnalysisTransform: /root/.gradle/caches/modules-2/files-2.1/io.netty/netty-handler-proxy/4.1.72.Final/90de0fe610454d4296052ae36acb8a6a1d0333f1/netty-handler-proxy-4.1.72.Final.jar because:
[        ]   Build cache is disabled
[        ]   Caching not enabled.
[        ] Caching disabled for MergeInstrumentationAnalysisTransform: /root/.gradle/caches/8.14/transforms/e9f9892790f994b7f50c4e7e25403e05/transformed/analysis/instrumentation-dependencies.bin because:
[        ]   Build cache is disabled
[        ]   Caching not enabled.
[        ] Caching disabled for MergeInstrumentationAnalysisTransform: /root/.gradle/caches/modules-2/files-2.1/com.google.guava/listenablefuture/9999.0-empty-to-avoid-conflict-with-guava/b421526c5f297295adef1c886e5246c39d4ac629/listenablefuture-9999.0-empty-to-avoid-conflict-with-guava.jar because:
[        ]   Build cache is disabled
[        ]   Caching not enabled.
[        ] Caching disabled for MergeInstrumentationAnalysisTransform: /root/.gradle/caches/8.14/transforms/8e362c5f3c362fbc630f6643bca41639/transformed/analysis/instrumentation-hierarchy.bin because:
[        ]   Build cache is disabled
[        ]   Caching not enabled.
[        ] Caching disabled for MergeInstrumentationAnalysisTransform: /root/.gradle/caches/modules-2/files-2.1/com.google.guava/failureaccess/1.0.1/1dcf1de382a0bf95a3d8b0849546c88bac1292c9/failureaccess-1.0.1.jar because:
[        ]   Build cache is disabled
[        ]   Caching not enabled.
[        ] Caching disabled for MergeInstrumentationAnalysisTransform: /root/.gradle/caches/8.14/transforms/b61fb44fc1d8321fadf92de7a61bc6d5/transformed/analysis/instrumentation-hierarchy.bin because:
[        ]   Build cache is disabled
[        ]   Caching not enabled.
[        ] Caching disabled for MergeInstrumentationAnalysisTransform: /root/.gradle/caches/modules-2/files-2.1/commons-codec/commons-codec/1.11/3acb4705652e16236558f0f4f2192cc33c3bd189/commons-codec-1.11.jar because:
[        ]   Build cache is disabled
[        ]   Caching not enabled.
[        ] Caching disabled for MergeInstrumentationAnalysisTransform: /root/.gradle/caches/modules-2/files-2.1/com.squareup/javawriter/2.5.0/81241ff7078ef14f42ea2a8995fa09c096256e6b/javawriter-2.5.0.jar because:
[        ]   Build cache is disabled
[        ]   Caching not enabled.
[        ] Caching disabled for MergeInstrumentationAnalysisTransform: /root/.gradle/caches/modules-2/files-2.1/com.android.tools.build/apksig/8.0.0/dda491097f106bdd32f4c8e664a58d3ba650fba/apksig-8.0.0.jar because:
[        ]   Build cache is disabled
[        ]   Caching not enabled.
[        ] Caching disabled for MergeInstrumentationAnalysisTransform: /root/.gradle/caches/8.14/transforms/7a70fb4d213a8fbd641b889c88117e06/transformed/analysis/instrumentation-dependencies.bin because:
[        ]   Build cache is disabled
[        ]   Caching not enabled.
[        ] Caching disabled for MergeInstrumentationAnalysisTransform: /root/.gradle/caches/8.14/transforms/953a5260ca21b03c44ccb42c411f0190/transformed/analysis/instrumentation-hierarchy.bin because:
[        ]   Build cache is disabled
[        ]   Caching not enabled.
[        ] Caching disabled for MergeInstrumentationAnalysisTransform: /root/.gradle/caches/8.14/transforms/8e362c5f3c362fbc630f6643bca41639/transformed/analysis/instrumentation-dependencies.bin because:
[        ]   Build cache is disabled
[        ]   Caching not enabled.
[        ] Caching disabled for MergeInstrumentationAnalysisTransform: /root/.gradle/caches/8.14/transforms/0b2fc128b45510be124b327a03e0acaf/transformed/analysis/instrumentation-hierarchy.bin because:
[        ]   Build cache is disabled
[        ]   Caching not enabled.
[        ] Caching disabled for MergeInstrumentationAnalysisTransform: /root/.gradle/caches/modules-2/files-2.1/xml-apis/xml-apis/1.4.01/3789d9fada2d3d458c4ba2de349d48780f381ee3/xml-apis-1.4.01.jar because:
[        ]   Build cache is disabled
[        ]   Caching not enabled.
[        ] Caching disabled for MergeInstrumentationAnalysisTransform: /root/.gradle/caches/8.14/transforms/05a37d88c697991b2cf0d42f64b2e713/transformed/analysis/instrumentation-hierarchy.bin because:
[        ]   Build cache is disabled
[        ]   Caching not enabled.
[        ] Caching disabled for MergeInstrumentationAnalysisTransform: /root/.gradle/caches/8.14/transforms/b61fb44fc1d8321fadf92de7a61bc6d5/transformed/analysis/instrumentation-dependencies.bin because:
[        ]   Build cache is disabled
[        ]   Caching not enabled.
[   +1 ms] Caching disabled for MergeInstrumentationAnalysisTransform: /root/.gradle/caches/8.14/transforms/a9144774249ea4154c7dd917f71c8402/transformed/analysis/instrumentation-hierarchy.bin because:
[        ]   Build cache is disabled
[        ]   Caching not enabled.
[        ] Caching disabled for MergeInstrumentationAnalysisTransform: /root/.gradle/caches/8.14/transforms/0b2fc128b45510be124b327a03e0acaf/transformed/analysis/instrumentation-dependencies.bin because:
[        ]   Build cache is disabled
[        ]   Caching not enabled.
[        ] Caching disabled for ExternalDependencyInstrumentingArtifactTransform: /root/.gradle/caches/8.14/transforms/efc01f50fa663d18a6d3e30c020ef98d/transformed/merge/instrumentation-dependencies.bin because:
[        ]   Build cache is disabled
[        ]   Caching not enabled.
[        ] Caching disabled for MergeInstrumentationAnalysisTransform: /root/.gradle/caches/modules-2/files-2.1/commons-logging/commons-logging/1.2/4bfc12adfe4842bf07b657f0369c4cb522955686/commons-logging-1.2.jar because:
[        ]   Build cache is disabled
[        ]   Caching not enabled.
[        ] Caching disabled for MergeInstrumentationAnalysisTransform: /root/.gradle/caches/modules-2/files-2.1/org.jetbrains.kotlin/kotlin-stdlib-common/1.7.10/bac80c520d0a9e3f3673bc2658c6ed02ef45a76a/kotlin-stdlib-common-1.7.10.jar because:
[        ]   Build cache is disabled
[        ]   Caching not enabled.
[        ] Caching disabled for MergeInstrumentationAnalysisTransform: /root/.gradle/caches/8.14/transforms/953a5260ca21b03c44ccb42c411f0190/transformed/analysis/instrumentation-dependencies.bin because:
[        ]   Build cache is disabled
[        ]   Caching not enabled.
[        ] Caching disabled for MergeInstrumentationAnalysisTransform: /root/.gradle/caches/8.14/transforms/5fdfb420204ad7ed29c5fb2a74879053/transformed/analysis/instrumentation-hierarchy.bin because:
[        ]   Build cache is disabled
[        ]   Caching not enabled.
[        ] Caching disabled for MergeInstrumentationAnalysisTransform: /root/.gradle/caches/8.14/transforms/05a37d88c697991b2cf0d42f64b2e713/transformed/analysis/instrumentation-dependencies.bin because:
[   +2 ms]   Build cache is disabled
[        ]   Caching not enabled.
[        ] Caching disabled for MergeInstrumentationAnalysisTransform: /root/.gradle/caches/modules-2/files-2.1/net.java.dev.jna/jna/5.6.0/330f2244e9030119ab3030fc3fededc86713d9cc/jna-5.6.0.jar because:
[        ]   Build cache is disabled
[        ]   Caching not enabled.
[        ] Caching disabled for MergeInstrumentationAnalysisTransform: /root/.gradle/caches/8.14/transforms/a9144774249ea4154c7dd917f71c8402/transformed/analysis/instrumentation-dependencies.bin because:
[        ]   Build cache is disabled
[        ]   Caching not enabled.
[        ] Caching disabled for MergeInstrumentationAnalysisTransform: /root/.gradle/caches/8.14/transforms/d5df5425c17b12890d4ce6bf8582a029/transformed/analysis/instrumentation-hierarchy.bin because:
[        ]   Build cache is disabled
[        ]   Caching not enabled.
[        ] Caching disabled for MergeInstrumentationAnalysisTransform: /root/.gradle/caches/8.14/transforms/ce9abbde795f83cb2305533bb38b4149/transformed/analysis/instrumentation-hierarchy.bin because:
[        ]   Build cache is disabled
[        ]   Caching not enabled.
[        ] Caching disabled for MergeInstrumentationAnalysisTransform: /root/.gradle/caches/modules-2/files-2.1/io.grpc/grpc-context/1.45.1/485a08c019cc78914a477b1dfc7052820b8d822c/grpc-context-1.45.1.jar because:
[        ]   Build cache is disabled
[        ]   Caching not enabled.
[        ] Caching disabled for MergeInstrumentationAnalysisTransform: /root/.gradle/caches/8.14/transforms/5fdfb420204ad7ed29c5fb2a74879053/transformed/analysis/instrumentation-dependencies.bin because:
[        ]   Build cache is disabled
[        ]   Caching not enabled.
[        ] Caching disabled for MergeInstrumentationAnalysisTransform: /root/.gradle/caches/8.14/transforms/d5df5425c17b12890d4ce6bf8582a029/transformed/analysis/instrumentation-dependencies.bin because:
[        ]   Build cache is disabled
[        ]   Caching not enabled.
[        ] Caching disabled for MergeInstrumentationAnalysisTransform: /root/.gradle/caches/modules-2/files-2.1/io.netty/netty-codec-http/4.1.72.Final/a8f062d67303a5e4b2bc2ad48fb4fd8c99108e45/netty-codec-http-4.1.72.Final.jar because:
[        ]   Build cache is disabled
[        ]   Caching not enabled.
[        ] Caching disabled for MergeInstrumentationAnalysisTransform: /root/.gradle/caches/8.14/transforms/178d0f0a6e901b878c7025e14ea4329e/transformed/analysis/instrumentation-hierarchy.bin because:
[        ]   Build cache is disabled
[        ]   Caching not enabled.
[        ] Caching disabled for MergeInstrumentationAnalysisTransform: /root/.gradle/caches/modules-2/files-2.1/io.netty/netty-handler/4.1.72.Final/9feee089fee606c64be90c0332db9aef1f7d8e46/netty-handler-4.1.72.Final.jar because:
[        ]   Build cache is disabled
[        ]   Caching not enabled.
[        ] Caching disabled for MergeInstrumentationAnalysisTransform: /root/.gradle/caches/8.14/transforms/ce9abbde795f83cb2305533bb38b4149/transformed/analysis/instrumentation-dependencies.bin because:
[        ]   Build cache is disabled
[        ]   Caching not enabled.
[        ] Caching disabled for MergeInstrumentationAnalysisTransform: /root/.gradle/caches/8.14/transforms/c655fc02f5f2f44dd0b0cd2f42396d5d/transformed/analysis/instrumentation-hierarchy.bin because:
[        ]   Build cache is disabled
[        ]   Caching not enabled.
[        ] Caching disabled for MergeInstrumentationAnalysisTransform: /root/.gradle/caches/8.14/transforms/178d0f0a6e901b878c7025e14ea4329e/transformed/analysis/instrumentation-dependencies.bin because:
[        ]   Build cache is disabled
[        ]   Caching not enabled.
[        ] Caching disabled for MergeInstrumentationAnalysisTransform: /root/.gradle/caches/8.14/transforms/4e5c4b669bf612b72faa5c82bd8b026c/transformed/analysis/instrumentation-hierarchy.bin because:
[        ]   Build cache is disabled
[        ]   Caching not enabled.
[        ] Caching disabled for MergeInstrumentationAnalysisTransform: /root/.gradle/caches/modules-2/files-2.1/io.netty/netty-codec-socks/4.1.72.Final/d3bc427b6e2dc4bb6dc9d18d1cc47f8530970a8b/netty-codec-socks-4.1.72.Final.jar because:
[        ]   Build cache is disabled
[        ]   Caching not enabled.
[        ] Caching disabled for MergeInstrumentationAnalysisTransform: /root/.gradle/caches/modules-2/files-2.1/io.netty/netty-codec/4.1.72.Final/613c4019d687db4e9a5532564e442f83c4474ed7/netty-codec-4.1.72.Final.jar because:
[        ]   Build cache is disabled
[        ]   Caching not enabled.
[        ] Caching disabled for MergeInstrumentationAnalysisTransform: /root/.gradle/caches/8.14/transforms/c655fc02f5f2f44dd0b0cd2f42396d5d/transformed/analysis/instrumentation-dependencies.bin because:
[        ]   Build cache is disabled
[        ]   Caching not enabled.
[        ] Caching disabled for MergeInstrumentationAnalysisTransform: /root/.gradle/caches/modules-2/files-2.1/io.netty/netty-transport/4.1.72.Final/99138b436a584879355aca8fe3c64b46227d5d79/netty-transport-4.1.72.Final.jar because:
[        ]   Build cache is disabled
[        ]   Caching not enabled.
[        ] Caching disabled for MergeInstrumentationAnalysisTransform: /root/.gradle/caches/modules-2/files-2.1/io.netty/netty-resolver/4.1.72.Final/4ff458458ea32ed1156086820b624a815fcbf2c0/netty-resolver-4.1.72.Final.jar because:
[        ]   Build cache is disabled
[        ]   Caching not enabled.
[        ] Caching disabled for MergeInstrumentationAnalysisTransform: /root/.gradle/caches/8.14/transforms/4e5c4b669bf612b72faa5c82bd8b026c/transformed/analysis/instrumentation-dependencies.bin because:
[        ]   Build cache is disabled
[        ]   Caching not enabled.
[        ] Caching disabled for MergeInstrumentationAnalysisTransform: /root/.gradle/caches/modules-2/files-2.1/io.netty/netty-buffer/4.1.72.Final/f306eec3f79541f9b8af9c471a0d5b63b7996272/netty-buffer-4.1.72.Final.jar because:
[        ]   Build cache is disabled
[        ]   Caching not enabled.
[        ] Caching disabled for MergeInstrumentationAnalysisTransform: /root/.gradle/caches/modules-2/files-2.1/io.netty/netty-tcnative-classes/2.0.46.Final/9937a832d9c19861822d345b48ced388b645aa5f/netty-tcnative-classes-2.0.46.Final.jar because:
[        ]   Build cache is disabled
[        ]   Caching not enabled.
[        ] Caching disabled for MergeInstrumentationAnalysisTransform: /root/.gradle/caches/modules-2/files-2.1/io.netty/netty-common/4.1.72.Final/a55bac9c3af5f59828207b551a96ac19bbfc341e/netty-common-4.1.72.Final.jar because:
[        ]   Build cache is disabled
[        ]   Caching not enabled.
[        ] Caching disabled for ExternalDependencyInstrumentingArtifactTransform: /root/.gradle/caches/modules-2/files-2.1/com.android.tools.build/apksig/8.0.0/dda491097f106bdd32f4c8e664a58d3ba650fba/apksig-8.0.0.jar because:
[        ]   Build cache is disabled
[        ]   Caching not enabled.
[ +471 ms] Caching disabled for ExternalDependencyInstrumentingArtifactTransform: /root/.gradle/caches/modules-2/files-2.1/com.android.tools.build/builder/8.0.0/201e508c3edbbf524e8e8985b78bd49d9c3b6b77/builder-8.0.0.jar because:
[        ]   Build cache is disabled
[        ]   Caching not enabled.
[        ] Caching disabled for ExternalDependencyInstrumentingArtifactTransform: /root/.gradle/caches/modules-2/files-2.1/com.android.tools.analytics-library/protos/31.0.0/1a391ebfcfc6b3fbd249f12f58bd301c3f13855f/protos-31.0.0.jar because:
[        ]   Build cache is disabled
[        ]   Caching not enabled.
[  +99 ms] Caching disabled for ExternalDependencyInstrumentingArtifactTransform: /root/.gradle/caches/modules-2/files-2.1/com.android.tools.build/gradle/8.0.0/abc36a70ab548bb9f83cb14b47ffa8564d67bccd/gradle-8.0.0.jar because:
[        ]   Build cache is disabled
[        ]   Caching not enabled.
[ +400 ms] Caching disabled for Groovy DSL script compilation (proj) because:
[        ]   Build cache is disabled
[        ]   Not worth caching.
[        ] Compiling build file '/root/.pub-cache/hosted/pub.dev/permission_handler_android-12.1.0/android/build.gradle' using BuildScriptTransformer.
[        ] Using default execution profile
[+1320 ms] > Configure project :sqflite_android
[   +5 ms] Evaluating project ':sqflite_android' using build file '/root/.pub-cache/hosted/pub.dev/sqflite_android-2.4.2+2/android/build.gradle'.
[        ] Caching disabled for Groovy DSL script compilation (cp_proj) because:
[        ]   Build cache is disabled
[        ]   Not worth caching.
[        ] Compiling build file '/root/.pub-cache/hosted/pub.dev/sqflite_android-2.4.2+2/android/build.gradle' using SubsetScriptTransformer.
[        ] Caching disabled for MergeInstrumentationAnalysisTransform: /root/.gradle/caches/8.14/transforms/8e113e7657505402b70218164b1edeed/transformed/.gradle-instrumented-classpath.marker because:
[        ]   Build cache is disabled
[        ]   Caching not enabled.
[        ] Caching disabled for MergeInstrumentationAnalysisTransform: /root/.gradle/caches/8.14/transforms/4a81637aabf631737a22c8f847bfe584/transformed/analysis/instrumentation-hierarchy.bin because:
[        ]   Build cache is disabled
[        ]   Caching not enabled.
[        ] Caching disabled for MergeInstrumentationAnalysisTransform: /root/.gradle/caches/8.14/transforms/8e113e7657505402b70218164b1edeed/transformed/analysis/instrumentation-hierarchy.bin because:
[        ]   Build cache is disabled
[        ]   Caching not enabled.
[        ] Caching disabled for MergeInstrumentationAnalysisTransform: /root/.gradle/caches/8.14/transforms/8f610dcff51a3e75ed55f7797bcff377/transformed/analysis/instrumentation-hierarchy.bin because:
[        ]   Build cache is disabled
[        ]   Caching not enabled.
[        ] Caching disabled for MergeInstrumentationAnalysisTransform: /root/.gradle/caches/8.14/transforms/cea42e766585fef43792a7628fe6c1bf/transformed/analysis/instrumentation-hierarchy.bin because:
[        ]   Build cache is disabled
[        ]   Caching not enabled.
[        ] Caching disabled for MergeInstrumentationAnalysisTransform: /root/.gradle/caches/8.14/transforms/a1fb39a58c4276bff6988a10cee304a5/transformed/analysis/instrumentation-hierarchy.bin because:
[        ]   Build cache is disabled
[        ]   Caching not enabled.
[        ] Caching disabled for MergeInstrumentationAnalysisTransform: /root/.gradle/caches/8.14/transforms/8e7563c6c0ebb965c30b9bb19650fc33/transformed/analysis/instrumentation-hierarchy.bin because:
[        ]   Build cache is disabled
[        ]   Caching not enabled.
[        ] Caching disabled for MergeInstrumentationAnalysisTransform: /root/.gradle/caches/8.14/transforms/8046db71f8b9a584db65f55d061e2609/transformed/analysis/instrumentation-hierarchy.bin because:
[        ]   Build cache is disabled
[        ]   Caching not enabled.
[        ] Caching disabled for MergeInstrumentationAnalysisTransform: /root/.gradle/caches/8.14/transforms/dcc1b57ca9e9ca179d8e48a07ffee1d1/transformed/analysis/instrumentation-hierarchy.bin because:
[        ]   Build cache is disabled
[        ]   Caching not enabled.
[        ] Caching disabled for MergeInstrumentationAnalysisTransform: /root/.gradle/caches/8.14/transforms/c6e233cd56462827c0105db65f7e15b5/transformed/analysis/instrumentation-hierarchy.bin because:
[        ]   Build cache is disabled
[        ]   Caching not enabled.
[        ] Caching disabled for MergeInstrumentationAnalysisTransform: /root/.gradle/caches/8.14/transforms/507dc73801f74ac7c1b7cc486cea19f9/transformed/analysis/instrumentation-hierarchy.bin because:
[        ]   Build cache is disabled
[        ]   Caching not enabled.
[        ] Caching disabled for MergeInstrumentationAnalysisTransform: /root/.gradle/caches/8.14/transforms/33c1e375a4cbe6726b00bc960dec82d6/transformed/analysis/instrumentation-hierarchy.bin because:
[        ]   Build cache is disabled
[        ]   Caching not enabled.
[        ] Caching disabled for MergeInstrumentationAnalysisTransform: /root/.gradle/caches/8.14/transforms/c1bc16dafe948f1d5124ab84a6405493/transformed/analysis/instrumentation-hierarchy.bin because:
[        ]   Build cache is disabled
[        ]   Caching not enabled.
[        ] Caching disabled for MergeInstrumentationAnalysisTransform: /root/.gradle/caches/8.14/transforms/4a81637aabf631737a22c8f847bfe584/transformed/analysis/instrumentation-dependencies.bin because:
[        ]   Build cache is disabled
[        ]   Caching not enabled.
[        ] Caching disabled for MergeInstrumentationAnalysisTransform: /root/.gradle/caches/8.14/transforms/a1fb39a58c4276bff6988a10cee304a5/transformed/analysis/instrumentation-dependencies.bin because:
[        ]   Build cache is disabled
[        ]   Caching not enabled.
[        ] Caching disabled for MergeInstrumentationAnalysisTransform: /root/.gradle/caches/8.14/transforms/8f610dcff51a3e75ed55f7797bcff377/transformed/analysis/instrumentation-dependencies.bin because:
[        ]   Build cache is disabled
[        ]   Caching not enabled.
[        ] Caching disabled for MergeInstrumentationAnalysisTransform: /root/.gradle/caches/8.14/transforms/cea42e766585fef43792a7628fe6c1bf/transformed/analysis/instrumentation-dependencies.bin because:
[        ]   Build cache is disabled
[        ]   Caching not enabled.
[        ] Caching disabled for MergeInstrumentationAnalysisTransform: /root/.gradle/caches/8.14/transforms/8e7563c6c0ebb965c30b9bb19650fc33/transformed/analysis/instrumentation-dependencies.bin because:
[        ]   Build cache is disabled
[        ]   Caching not enabled.
[        ] Caching disabled for MergeInstrumentationAnalysisTransform: /root/.gradle/caches/8.14/transforms/dcc1b57ca9e9ca179d8e48a07ffee1d1/transformed/analysis/instrumentation-dependencies.bin because:
[        ]   Build cache is disabled
[        ]   Caching not enabled.
[        ] Caching disabled for MergeInstrumentationAnalysisTransform: /root/.gradle/caches/8.14/transforms/8e113e7657505402b70218164b1edeed/transformed/analysis/instrumentation-dependencies.bin because:
[        ]   Build cache is disabled
[        ]   Caching not enabled.
[        ] Caching disabled for MergeInstrumentationAnalysisTransform: /root/.gradle/caches/8.14/transforms/33c1e375a4cbe6726b00bc960dec82d6/transformed/analysis/instrumentation-dependencies.bin because:
[        ]   Build cache is disabled
[        ]   Caching not enabled.
[        ] Caching disabled for MergeInstrumentationAnalysisTransform: /root/.gradle/caches/8.14/transforms/c1bc16dafe948f1d5124ab84a6405493/transformed/analysis/instrumentation-dependencies.bin because:
[        ]   Build cache is disabled
[        ]   Caching not enabled.
[        ] Caching disabled for MergeInstrumentationAnalysisTransform: /root/.gradle/caches/8.14/transforms/8046db71f8b9a584db65f55d061e2609/transformed/analysis/instrumentation-dependencies.bin because:
[        ]   Build cache is disabled
[        ]   Caching not enabled.
[        ] Caching disabled for MergeInstrumentationAnalysisTransform: /root/.gradle/caches/8.14/transforms/c6e233cd56462827c0105db65f7e15b5/transformed/analysis/instrumentation-dependencies.bin because:
[        ]   Build cache is disabled
[        ]   Caching not enabled.
[        ] Caching disabled for MergeInstrumentationAnalysisTransform: /root/.gradle/caches/8.14/transforms/507dc73801f74ac7c1b7cc486cea19f9/transformed/analysis/instrumentation-dependencies.bin because:
[        ]   Build cache is disabled
[        ]   Caching not enabled.
[        ] Caching disabled for MergeInstrumentationAnalysisTransform: /root/.gradle/caches/modules-2/files-2.1/com.android.tools.build/gradle-settings-api/8.11.1/d611f1770d34795bf98a4ac6782d330a55f46343/gradle-settings-api-8.11.1.jar because:
[        ]   Build cache is disabled
[        ]   Caching not enabled.
[        ] Caching disabled for MergeInstrumentationAnalysisTransform: /root/.gradle/caches/modules-2/files-2.1/com.android.tools.build/gradle-api/8.11.1/e0ce2faa3fe7331e1e6855e5aa699c650f6d56c3/gradle-api-8.11.1.jar because:
[        ]   Build cache is disabled
[        ]   Caching not enabled.
[        ] Caching disabled for MergeInstrumentationAnalysisTransform: /root/.gradle/caches/modules-2/files-2.1/com.android.tools.build/builder-test-api/8.11.1/9042ca92a855552799f999696db194fb0f9dadf/builder-test-api-8.11.1.jar because:
[        ]   Build cache is disabled
[        ]   Caching not enabled.
[        ] Caching disabled for MergeInstrumentationAnalysisTransform: /root/.gradle/caches/modules-2/files-2.1/com.android.tools/repository/31.11.1/9bd7df9af575ec521f4476cc17526332b1a32b39/repository-31.11.1.jar because:
[        ]   Build cache is disabled
[        ]   Caching not enabled.
[        ] Caching disabled for MergeInstrumentationAnalysisTransform: /root/.gradle/caches/modules-2/files-2.1/com.android.tools.build/manifest-merger/31.11.1/2eb20f98b2e71c3a1a2ebe675910e6958a7e1b78/manifest-merger-31.11.1.jar because:
[        ]   Build cache is disabled
[        ]   Caching not enabled.
[        ] Caching disabled for MergeInstrumentationAnalysisTransform: /root/.gradle/caches/modules-2/files-2.1/com.android.tools.ddms/ddmlib/31.11.1/772f1af975b6cbb75b0e69727e1c2d3d58f89f3f/ddmlib-31.11.1.jar because:
[        ]   Build cache is disabled
[        ]   Caching not enabled.
[        ] Caching disabled for MergeInstrumentationAnalysisTransform: /root/.gradle/caches/modules-2/files-2.1/com.android.tools.lint/lint-model/31.11.1/71fcb4e666dc6658680083dcd0b326336c7848fe/lint-model-31.11.1.jar because:
[        ]   Build cache is disabled
[        ]   Caching not enabled.
[        ] Caching disabled for MergeInstrumentationAnalysisTransform: /root/.gradle/caches/modules-2/files-2.1/com.android.tools/sdk-common/31.11.1/762e94439c593e31ce15e9bcf9cc95509181553/sdk-common-31.11.1.jar because:
[        ]   Build cache is disabled
[        ]   Caching not enabled.
[        ] Caching disabled for MergeInstrumentationAnalysisTransform: /root/.gradle/caches/modules-2/files-2.1/com.android.tools.build/aaptcompiler/8.11.1/61a83340abaef29eed77a2b4120e6c8861d40563/aaptcompiler-8.11.1.jar because:
[        ]   Build cache is disabled
[        ]   Caching not enabled.
[        ] Caching disabled for MergeInstrumentationAnalysisTransform: /root/.gradle/caches/8.14/transforms/9e6ae9d5de9725116f2aa12afd2d2af7/transformed/analysis/instrumentation-hierarchy.bin because:
[        ]   Build cache is disabled
[        ]   Caching not enabled.
[        ] Caching disabled for MergeInstrumentationAnalysisTransform: /root/.gradle/caches/modules-2/files-2.1/com.android.tools/sdklib/31.11.1/3b0db64c69b3803440efcc502f151abc0e4df9db/sdklib-31.11.1.jar because:
[        ]   Build cache is disabled
[        ]   Caching not enabled.
[        ] Caching disabled for MergeInstrumentationAnalysisTransform: /root/.gradle/caches/8.14/transforms/36d7b13e6b00bc6ad2b745c1ffd38ef2/transformed/analysis/instrumentation-hierarchy.bin because:
[        ]   Build cache is disabled
[        ]   Caching not enabled.
[        ] Caching disabled for MergeInstrumentationAnalysisTransform: /root/.gradle/caches/8.14/transforms/5e8ee0685de070579064fd7e232212d2/transformed/analysis/instrumentation-hierarchy.bin because:
[        ]   Build cache is disabled
[        ]   Caching not enabled.
[        ] Caching disabled for MergeInstrumentationAnalysisTransform: /root/.gradle/caches/8.14/transforms/fc0d83692ebe3ed2df7f251b6442a334/transformed/analysis/instrumentation-hierarchy.bin because:
[        ]   Build cache is disabled
[        ]   Caching not enabled.
[        ] Caching disabled for ExternalDependencyInstrumentingArtifactTransform: /root/.gradle/caches/8.14/transforms/1779e96fca421eaecd0e4491937a8d3c/transformed/merge/instrumentation-dependencies.bin because:
[        ]   Build cache is disabled
[        ]   Caching not enabled.
[        ] Caching disabled for MergeInstrumentationAnalysisTransform: /root/.gradle/caches/8.14/transforms/7733910508f12a42fe4a4a562bf01997/transformed/analysis/instrumentation-hierarchy.bin because:
[        ]   Build cache is disabled
[        ]   Caching not enabled.
[        ] Caching disabled for MergeInstrumentationAnalysisTransform: /root/.gradle/caches/8.14/transforms/133112d1195515ea1ac66f8ff761a960/transformed/analysis/instrumentation-hierarchy.bin because:
[        ]   Build cache is disabled
[        ]   Caching not enabled.
[        ] Caching disabled for MergeInstrumentationAnalysisTransform: /root/.gradle/caches/8.14/transforms/3d6b331a3efc8ac28d9885e69cdb153e/transformed/analysis/instrumentation-hierarchy.bin because:
[        ]   Build cache is disabled
[        ]   Caching not enabled.
[        ] Caching disabled for MergeInstrumentationAnalysisTransform: /root/.gradle/caches/8.14/transforms/fd50b7806c44e2376f06e05cb5593263/transformed/analysis/instrumentation-hierarchy.bin because:
[        ]   Build cache is disabled
[        ]   Caching not enabled.
[        ] Caching disabled for MergeInstrumentationAnalysisTransform: /root/.gradle/caches/8.14/transforms/36d7b13e6b00bc6ad2b745c1ffd38ef2/transformed/analysis/instrumentation-dependencies.bin because:
[        ]   Build cache is disabled
[        ]   Caching not enabled.
[        ] Caching disabled for MergeInstrumentationAnalysisTransform: /root/.gradle/caches/8.14/transforms/9e6ae9d5de9725116f2aa12afd2d2af7/transformed/analysis/instrumentation-dependencies.bin because:
[        ]   Build cache is disabled
[        ]   Caching not enabled.
[        ] Caching disabled for MergeInstrumentationAnalysisTransform: /root/.gradle/caches/8.14/transforms/5e8ee0685de070579064fd7e232212d2/transformed/analysis/instrumentation-dependencies.bin because:
[        ]   Build cache is disabled
[        ]   Caching not enabled.
[        ] Caching disabled for MergeInstrumentationAnalysisTransform: /root/.gradle/caches/8.14/transforms/0168bceaad6328c9a378eff075a8167b/transformed/analysis/instrumentation-hierarchy.bin because:
[        ]   Build cache is disabled
[        ]   Caching not enabled.
[        ] Caching disabled for MergeInstrumentationAnalysisTransform: /root/.gradle/caches/8.14/transforms/133112d1195515ea1ac66f8ff761a960/transformed/analysis/instrumentation-dependencies.bin because:
[        ]   Build cache is disabled
[        ]   Caching not enabled.
[        ] Caching disabled for MergeInstrumentationAnalysisTransform: /root/.gradle/caches/8.14/transforms/fc0d83692ebe3ed2df7f251b6442a334/transformed/analysis/instrumentation-dependencies.bin because:
[        ]   Build cache is disabled
[        ]   Caching not enabled.
[        ] Caching disabled for MergeInstrumentationAnalysisTransform: /root/.gradle/caches/8.14/transforms/7733910508f12a42fe4a4a562bf01997/transformed/analysis/instrumentation-dependencies.bin because:
[        ]   Build cache is disabled
[        ]   Caching not enabled.
[        ] Caching disabled for MergeInstrumentationAnalysisTransform: /root/.gradle/caches/8.14/transforms/fd50b7806c44e2376f06e05cb5593263/transformed/analysis/instrumentation-dependencies.bin because:
[        ]   Build cache is disabled
[        ]   Caching not enabled.
[        ] Caching disabled for MergeInstrumentationAnalysisTransform: /root/.gradle/caches/8.14/transforms/3d6b331a3efc8ac28d9885e69cdb153e/transformed/analysis/instrumentation-dependencies.bin because:
[        ]   Build cache is disabled
[        ]   Caching not enabled.
[        ] Caching disabled for MergeInstrumentationAnalysisTransform: /root/.gradle/caches/modules-2/files-2.1/com.android.tools.analytics-library/crash/31.11.1/80c9f1f06e8d48d60fa91f4db811cf863e13c67f/crash-31.11.1.jar because:
[        ]   Build cache is disabled
[        ]   Caching not enabled.
[        ] Caching disabled for MergeInstrumentationAnalysisTransform: /root/.gradle/caches/modules-2/files-2.1/com.android.tools.build/aapt2-proto/8.11.1-12782657/9689dc5e6d2c44fc6cc261cdbe9aa49ed85426d3/aapt2-proto-8.11.1-12782657.jar because:
[        ]   Build cache is disabled
[        ]   Caching not enabled.
[        ] Caching disabled for MergeInstrumentationAnalysisTransform: /root/.gradle/caches/8.14/transforms/0168bceaad6328c9a378eff075a8167b/transformed/analysis/instrumentation-dependencies.bin because:
[        ]   Build cache is disabled
[        ]   Caching not enabled.
[        ] Caching disabled for MergeInstrumentationAnalysisTransform: /root/.gradle/caches/modules-2/files-2.1/com.android.tools.lint/lint-typedef-remover/31.11.1/bc9756d95080ee30b518adf2c02d70dea0930feb/lint-typedef-remover-31.11.1.jar because:
[        ]   Build cache is disabled
[        ]   Caching not enabled.
[        ] Caching disabled for MergeInstrumentationAnalysisTransform: /root/.gradle/caches/8.14/transforms/369b3e597f276da50605553a8da55b0c/transformed/analysis/instrumentation-hierarchy.bin because:
[        ]   Build cache is disabled
[        ]   Caching not enabled.
[        ] Caching disabled for MergeInstrumentationAnalysisTransform: /root/.gradle/caches/modules-2/files-2.1/androidx.databinding/databinding-compiler-common/8.11.1/47c5f9f4acbde7e655fdf73623451a4022e0b4a0/databinding-compiler-common-8.11.1.jar because:
[        ]   Build cache is disabled
[        ]   Caching not enabled.
[        ] Caching disabled for MergeInstrumentationAnalysisTransform: /root/.gradle/caches/modules-2/files-2.1/com.android.tools.analytics-library/tracker/31.11.1/9c2c0e33148176901008ac5d81c93238413b5b46/tracker-31.11.1.jar because:
[        ]   Build cache is disabled
[        ]   Caching not enabled.
[        ] Caching disabled for MergeInstrumentationAnalysisTransform: /root/.gradle/caches/modules-2/files-2.1/com.android.tools.build/builder/8.11.1/52ae05e99786bd491ad363825acbc2476c8b905/builder-8.11.1.jar because:
[        ]   Build cache is disabled
[        ]   Caching not enabled.
[        ] Caching disabled for MergeInstrumentationAnalysisTransform: /root/.gradle/caches/modules-2/files-2.1/androidx.databinding/databinding-common/8.11.1/2be3530b78477835e69dce953b17adc1dbc5c6fa/databinding-common-8.11.1.jar because:
[        ]   Build cache is disabled
[        ]   Caching not enabled.
[        ] Caching disabled for MergeInstrumentationAnalysisTransform: /root/.gradle/caches/8.14/transforms/369b3e597f276da50605553a8da55b0c/transformed/analysis/instrumentation-dependencies.bin because:
[        ]   Build cache is disabled
[        ]   Caching not enabled.
[        ] Caching disabled for MergeInstrumentationAnalysisTransform: /root/.gradle/caches/8.14/transforms/c881dd3bc73182199456ec5299612b5f/transformed/analysis/instrumentation-hierarchy.bin because:
[        ]   Build cache is disabled
[        ]   Caching not enabled.
[        ] Caching disabled for MergeInstrumentationAnalysisTransform: /root/.gradle/caches/modules-2/files-2.1/com.android.tools.analytics-library/shared/31.11.1/c70cf1f0327c0f68d545157dcbf06d592a36d703/shared-31.11.1.jar because:
[        ]   Build cache is disabled
[        ]   Caching not enabled.
[        ] Caching disabled for MergeInstrumentationAnalysisTransform: /root/.gradle/caches/modules-2/files-2.1/com.android.databinding/baseLibrary/8.11.1/7e7399239e52d4069896277615e005add7ae8e5a/baseLibrary-8.11.1.jar because:
[        ]   Build cache is disabled
[        ]   Caching not enabled.
[        ] Caching disabled for MergeInstrumentationAnalysisTransform: /root/.gradle/caches/8.14/transforms/1c77786c5b5722da9249f0d4f1e56f38/transformed/analysis/instrumentation-hierarchy.bin because:
[        ]   Build cache is disabled
[        ]   Caching not enabled.
[        ] Caching disabled for MergeInstrumentationAnalysisTransform: /root/.gradle/caches/8.14/transforms/39c72f9ec385ef867e9a540a23d8293d/transformed/analysis/instrumentation-hierarchy.bin because:
[        ]   Build cache is disabled
[        ]   Caching not enabled.
[        ] Caching disabled for MergeInstrumentationAnalysisTransform: /root/.gradle/caches/8.14/transforms/e20b1e3a50af8fc5238639b8a019ad17/transformed/analysis/instrumentation-hierarchy.bin because:
[        ]   Build cache is disabled
[        ]   Caching not enabled.
[        ] Caching disabled for MergeInstrumentationAnalysisTransform: /root/.gradle/caches/8.14/transforms/1c77786c5b5722da9249f0d4f1e56f38/transformed/analysis/instrumentation-dependencies.bin because:
[        ]   Build cache is disabled
[        ]   Caching not enabled.
[        ] Caching disabled for MergeInstrumentationAnalysisTransform: /root/.gradle/caches/8.14/transforms/a6c7095b354ef9b1bf448b0789e6d116/transformed/analysis/instrumentation-hierarchy.bin because:
[        ]   Build cache is disabled
[        ]   Caching not enabled.
[        ] Caching disabled for MergeInstrumentationAnalysisTransform: /root/.gradle/caches/8.14/transforms/c9b2618e80bce8c1d09059aebbfeba78/transformed/analysis/instrumentation-hierarchy.bin because:
[        ]   Build cache is disabled
[        ]   Caching not enabled.
[        ] Caching disabled for MergeInstrumentationAnalysisTransform: /root/.gradle/caches/8.14/transforms/c881dd3bc73182199456ec5299612b5f/transformed/analysis/instrumentation-dependencies.bin because:
[        ]   Build cache is disabled
[        ]   Caching not enabled.
[        ] Caching disabled for MergeInstrumentationAnalysisTransform: /root/.gradle/caches/8.14/transforms/ac79db24647268fada3f5ad02b0d5b1d/transformed/analysis/instrumentation-hierarchy.bin because:
[        ]   Build cache is disabled
[        ]   Caching not enabled.
[        ] Caching disabled for MergeInstrumentationAnalysisTransform: /root/.gradle/caches/modules-2/files-2.1/com.android.tools.layoutlib/layoutlib-api/31.11.1/3b7f1fe9c54d6fd684a3fd3b8feffeedfe546fd4/layoutlib-api-31.11.1.jar because:
[        ]   Build cache is disabled
[        ]   Caching not enabled.
[        ] Caching disabled for MergeInstrumentationAnalysisTransform: /root/.gradle/caches/8.14/transforms/b0535fc9808a67a842895a1857ec9327/transformed/analysis/instrumentation-hierarchy.bin because:
[        ]   Build cache is disabled
[        ]   Caching not enabled.
[        ] Caching disabled for MergeInstrumentationAnalysisTransform: /root/.gradle/caches/modules-2/files-2.1/com.android.tools.build/gradle/8.11.1/7861a99a64716fd75ce85a3c7e2fcb3a9e928857/gradle-8.11.1.jar because:
[        ]   Build cache is disabled
[        ]   Caching not enabled.
[        ] Caching disabled for MergeInstrumentationAnalysisTransform: /root/.gradle/caches/8.14/transforms/e20b1e3a50af8fc5238639b8a019ad17/transformed/analysis/instrumentation-dependencies.bin because:
[        ]   Build cache is disabled
[        ]   Caching not enabled.
[        ] Caching disabled for MergeInstrumentationAnalysisTransform: /root/.gradle/caches/8.14/transforms/c9b2618e80bce8c1d09059aebbfeba78/transformed/analysis/instrumentation-dependencies.bin because:
[        ]   Build cache is disabled
[        ]   Caching not enabled.
[        ] Caching disabled for ExternalDependencyInstrumentingArtifactTransform: /root/.gradle/caches/8.14/transforms/d7879fb37d55f9e6fc8a4d0135a529bb/transformed/merge/instrumentation-dependencies.bin because:
[        ]   Build cache is disabled
[        ]   Caching not enabled.
[        ] Caching disabled for MergeInstrumentationAnalysisTransform: /root/.gradle/caches/8.14/transforms/a6c7095b354ef9b1bf448b0789e6d116/transformed/analysis/instrumentation-dependencies.bin because:
[        ]   Build cache is disabled
[        ]   Caching not enabled.
[        ] Caching disabled for MergeInstrumentationAnalysisTransform: /root/.gradle/caches/8.14/transforms/39c72f9ec385ef867e9a540a23d8293d/transformed/analysis/instrumentation-dependencies.bin because:
[        ]   Build cache is disabled
[        ]   Caching not enabled.
[        ] Caching disabled for MergeInstrumentationAnalysisTransform: /root/.gradle/caches/8.14/transforms/ac79db24647268fada3f5ad02b0d5b1d/transformed/analysis/instrumentation-dependencies.bin because:
[        ]   Build cache is disabled
[        ]   Caching not enabled.
[        ] Caching disabled for MergeInstrumentationAnalysisTransform: /root/.gradle/caches/8.14/transforms/b0535fc9808a67a842895a1857ec9327/transformed/analysis/instrumentation-dependencies.bin because:
[        ]   Build cache is disabled
[        ]   Caching not enabled.
[        ] Caching disabled for MergeInstrumentationAnalysisTransform: /root/.gradle/caches/modules-2/files-2.1/com.android.tools.build/bundletool/1.18.1/76bb1aa21a19495ca070bfb6abd194daf91dccd1/bundletool-1.18.1.jar because:
[        ]   Build cache is disabled
[        ]   Caching not enabled.
[        ] Caching disabled for MergeInstrumentationAnalysisTransform: /root/.gradle/caches/8.14/transforms/8b15e33589345ddfad54076e1b1160a8/transformed/analysis/instrumentation-hierarchy.bin because:
[        ]   Build cache is disabled
[        ]   Caching not enabled.
[        ] Caching disabled for MergeInstrumentationAnalysisTransform: /root/.gradle/caches/modules-2/files-2.1/com.android.tools.utp/android-device-provider-ddmlib-proto/31.11.1/9f96225642b573079e5544a619b18b815b3dc70f/android-device-provider-ddmlib-proto-31.11.1.jar because:
[        ]   Build cache is disabled
[        ]   Caching not enabled.
[        ] Caching disabled for MergeInstrumentationAnalysisTransform: /root/.gradle/caches/modules-2/files-2.1/com.android.tools.utp/android-test-plugin-host-additional-test-output-proto/31.11.1/fe467239b47e0709ba9bf1e2e9fccaabc6cabc22/android-test-plugin-host-additional-test-output-proto-31.11.1.jar because:
[        ]   Build cache is disabled
[        ]   Caching not enabled.
[        ] Caching disabled for MergeInstrumentationAnalysisTransform: /root/.gradle/caches/modules-2/files-2.1/com.android.tools.utp/android-device-provider-gradle-proto/31.11.1/4df62b23d15680598277666a1a60676f1402397c/android-device-provider-gradle-proto-31.11.1.jar because:
[        ]   Build cache is disabled
[        ]   Caching not enabled.
[        ] Caching disabled for MergeInstrumentationAnalysisTransform: /root/.gradle/caches/modules-2/files-2.1/com.android.tools.utp/android-test-plugin-host-logcat-proto/31.11.1/2b1de9f172f374f9d8a0f60d0d7d556df7c30d14/android-test-plugin-host-logcat-proto-31.11.1.jar because:
[        ]   Build cache is disabled
[        ]   Caching not enabled.
[        ] Caching disabled for MergeInstrumentationAnalysisTransform: /root/.gradle/caches/modules-2/files-2.1/com.android.tools.utp/android-test-plugin-host-coverage-proto/31.11.1/1ee63a78550acb6f922531668f4eb83dddf45e/android-test-plugin-host-coverage-proto-31.11.1.jar because:
[        ]   Build cache is disabled
[        ]   Caching not enabled.
[        ] Caching disabled for MergeInstrumentationAnalysisTransform: /root/.gradle/caches/modules-2/files-2.1/com.android.tools.utp/android-device-provider-profile-proto/31.11.1/7823ffdbacbe3e46ce243d459f946467b7126135/android-device-provider-profile-proto-31.11.1.jar because:
[        ]   Build cache is disabled
[        ]   Caching not enabled.
[        ] Caching disabled for MergeInstrumentationAnalysisTransform: /root/.gradle/caches/8.14/transforms/8fc5c3035a16d1db96c9d750b4008169/transformed/analysis/instrumentation-hierarchy.bin because:
[        ]   Build cache is disabled
[        ]   Caching not enabled.
[        ] Caching disabled for MergeInstrumentationAnalysisTransform: /root/.gradle/caches/modules-2/files-2.1/com.android.tools.utp/android-test-plugin-host-apk-installer-proto/31.11.1/26ca8c55cbdcb572ba3fa282b50286e6d84ec8d2/android-test-plugin-host-apk-installer-proto-31.11.1.jar because:
[        ]   Build cache is disabled
[        ]   Caching not enabled.
[        ] Caching disabled for MergeInstrumentationAnalysisTransform: /root/.gradle/caches/modules-2/files-2.1/com.android.tools.utp/android-test-plugin-host-emulator-control-proto/31.11.1/9ad66b4b96af8d226c9d899030d9acdd101d03ed/android-test-plugin-host-emulator-control-proto-31.11.1.jar because:
[        ]   Build cache is disabled
[        ]   Caching not enabled.
[        ] Caching disabled for MergeInstrumentationAnalysisTransform: /root/.gradle/caches/8.14/transforms/c1f9201b4ffbed64b986cd5895aab323/transformed/analysis/instrumentation-hierarchy.bin because:
[        ]   Build cache is disabled
[        ]   Caching not enabled.
[        ] Caching disabled for MergeInstrumentationAnalysisTransform: /root/.gradle/caches/8.14/transforms/45f515a74421b5d14c88fcb72eeba950/transformed/analysis/instrumentation-hierarchy.bin because:
[        ]   Build cache is disabled
[        ]   Caching not enabled.
[        ] Caching disabled for MergeInstrumentationAnalysisTransform: /root/.gradle/caches/8.14/transforms/8b15e33589345ddfad54076e1b1160a8/transformed/analysis/instrumentation-dependencies.bin because:
[        ]   Build cache is disabled
[        ]   Caching not enabled.
[        ] Caching disabled for MergeInstrumentationAnalysisTransform: /root/.gradle/caches/8.14/transforms/58bcf817d4642d801aec630214d0dbb4/transformed/analysis/instrumentation-hierarchy.bin because:
[        ]   Build cache is disabled
[        ]   Caching not enabled.
[        ] Caching disabled for MergeInstrumentationAnalysisTransform: /root/.gradle/caches/8.14/transforms/d9e327f3dcb49edec1d1bbb03f9d0154/transformed/analysis/instrumentation-hierarchy.bin because:
[        ]   Build cache is disabled
[        ]   Caching not enabled.
[        ] Caching disabled for MergeInstrumentationAnalysisTransform: /root/.gradle/caches/8.14/transforms/e8bae12bb8f0e08b87327bd10f1b3346/transformed/analysis/instrumentation-hierarchy.bin because:
[        ]   Build cache is disabled
[        ]   Caching not enabled.
[        ] Caching disabled for MergeInstrumentationAnalysisTransform: /root/.gradle/caches/8.14/transforms/ae4dab1e6e6b548b4fc29763588058b9/transformed/analysis/instrumentation-hierarchy.bin because:
[        ]   Build cache is disabled
[        ]   Caching not enabled.
[        ] Caching disabled for MergeInstrumentationAnalysisTransform: /root/.gradle/caches/8.14/transforms/b1d5fccad86bf3cda30f1553027d3ba1/transformed/analysis/instrumentation-hierarchy.bin because:
[        ]   Build cache is disabled
[        ]   Caching not enabled.
[        ] Caching disabled for MergeInstrumentationAnalysisTransform: /root/.gradle/caches/8.14/transforms/45f515a74421b5d14c88fcb72eeba950/transformed/analysis/instrumentation-dependencies.bin because:
[        ]   Build cache is disabled
[        ]   Caching not enabled.
[        ] Caching disabled for MergeInstrumentationAnalysisTransform: /root/.gradle/caches/8.14/transforms/c1f9201b4ffbed64b986cd5895aab323/transformed/analysis/instrumentation-dependencies.bin because:
[        ]   Build cache is disabled
[        ]   Caching not enabled.
[        ] Caching disabled for MergeInstrumentationAnalysisTransform: /root/.gradle/caches/8.14/transforms/8fc5c3035a16d1db96c9d750b4008169/transformed/analysis/instrumentation-dependencies.bin because:
[        ]   Build cache is disabled
[        ]   Caching not enabled.
[        ] Caching disabled for MergeInstrumentationAnalysisTransform: /root/.gradle/caches/8.14/transforms/58bcf817d4642d801aec630214d0dbb4/transformed/analysis/instrumentation-dependencies.bin because:
[        ]   Build cache is disabled
[        ]   Caching not enabled.
[        ] Caching disabled for MergeInstrumentationAnalysisTransform: /root/.gradle/caches/8.14/transforms/ae4dab1e6e6b548b4fc29763588058b9/transformed/analysis/instrumentation-dependencies.bin because:
[        ]   Build cache is disabled
[        ]   Caching not enabled.
[        ] Caching disabled for MergeInstrumentationAnalysisTransform: /root/.gradle/caches/8.14/transforms/6128a36d6c5d81f189d6adbffa731ac0/transformed/analysis/instrumentation-dependencies.bin because:
[        ]   Build cache is disabled
[        ]   Caching not enabled.
[        ] Caching disabled for MergeInstrumentationAnalysisTransform: /root/.gradle/caches/8.14/transforms/59b12d9a0d87469da1ea867079696e46/transformed/analysis/instrumentation-dependencies.bin because:
[        ]   Build cache is disabled
[        ]   Caching not enabled.
[        ] Caching disabled for MergeInstrumentationAnalysisTransform: /root/.gradle/caches/modules-2/files-2.1/com.android.tools.utp/android-test-plugin-result-listener-gradle-proto/31.11.1/dbbef067ddf95379b587f6aa2baa93d3eb3342eb/android-test-plugin-result-listener-gradle-proto-31.11.1.jar because:
[        ]   Build cache is disabled
[        ]   Caching not enabled.
[        ] Caching disabled for MergeInstrumentationAnalysisTransform: /root/.gradle/caches/8.14/transforms/e8bae12bb8f0e08b87327bd10f1b3346/transformed/analysis/instrumentation-dependencies.bin because:
[        ]   Build cache is disabled
[        ]   Caching not enabled.
[        ] Caching disabled for MergeInstrumentationAnalysisTransform: /root/.gradle/caches/8.14/transforms/d9e327f3dcb49edec1d1bbb03f9d0154/transformed/analysis/instrumentation-dependencies.bin because:
[        ]   Build cache is disabled
[        ]   Caching not enabled.
[        ] Caching disabled for MergeInstrumentationAnalysisTransform: /root/.gradle/caches/8.14/transforms/b1d5fccad86bf3cda30f1553027d3ba1/transformed/analysis/instrumentation-dependencies.bin because:
[        ]   Build cache is disabled
[        ]   Caching not enabled.
[        ] Caching disabled for MergeInstrumentationAnalysisTransform: /root/.gradle/caches/modules-2/files-2.1/com.android.tools.build.jetifier/jetifier-processor/1.0.0-beta10/946c39eb0c052ff4f60a8939648a8b99af20d604/jetifier-processor-1.0.0-beta10.jar because:
[        ]   Build cache is disabled
[        ]   Caching not enabled.
[        ] Caching disabled for MergeInstrumentationAnalysisTransform: /root/.gradle/caches/modules-2/files-2.1/org.jetbrains.kotlin/kotlin-stdlib-jdk7/2.1.20/72672df5e83231744c00550955b10acb71ed49d6/kotlin-stdlib-jdk7-2.1.20.jar because:
[        ]   Build cache is disabled
[        ]   Caching not enabled.
[        ] Caching disabled for MergeInstrumentationAnalysisTransform: /root/.gradle/caches/8.14/transforms/8371811cf358d3aa8e15dfc29a0fb8e7/transformed/analysis/instrumentation-hierarchy.bin because:
[        ]   Build cache is disabled
[        ]   Caching not enabled.
[        ] Caching disabled for MergeInstrumentationAnalysisTransform: /root/.gradle/caches/modules-2/files-2.1/org.jetbrains.kotlin/kotlin-stdlib-jdk8/2.1.20/1372ceab395defca310ff460dc219364d9df0a2e/kotlin-stdlib-jdk8-2.1.20.jar because:
[        ]   Build cache is disabled
[        ]   Caching not enabled.
[        ] Caching disabled for MergeInstrumentationAnalysisTransform: /root/.gradle/caches/modules-2/files-2.1/com.android.tools.build/builder-model/8.11.1/6888ed42b8bcc73e3a378048263d2cad36707494/builder-model-8.11.1.jar because:
[        ]   Build cache is disabled
[        ]   Caching not enabled.
[        ] Caching disabled for MergeInstrumentationAnalysisTransform: /root/.gradle/caches/modules-2/files-2.1/com.android.tools.build/transform-api/2.0.0-deprecated-use-gradle-api/47f6c56527c42425742fa9b56ffd3fd80763fe03/transform-api-2.0.0-deprecated-use-gradle-api.jar because:
[        ]   Build cache is disabled
[        ]   Caching not enabled.
[        ] Caching disabled for MergeInstrumentationAnalysisTransform: /root/.gradle/caches/modules-2/files-2.1/com.android.tools.build.jetifier/jetifier-core/1.0.0-beta10/6e621022a9c95af12a7004d6b55805bbd1126837/jetifier-core-1.0.0-beta10.jar because:
[        ]   Build cache is disabled
[        ]   Caching not enabled.
[        ] Caching disabled for MergeInstrumentationAnalysisTransform: /root/.gradle/caches/modules-2/files-2.1/com.android.tools/common/31.11.1/9c6a6caa5ba3672f6985ff4695d4e26c2f8b783d/common-31.11.1.jar because:
[        ]   Build cache is disabled
[        ]   Caching not enabled.
[        ] Caching disabled for MergeInstrumentationAnalysisTransform: /root/.gradle/caches/8.14/transforms/b096fc7109c25d36431d39de75626a74/transformed/analysis/instrumentation-hierarchy.bin because:
[        ]   Build cache is disabled
[        ]   Caching not enabled.
[        ] Caching disabled for MergeInstrumentationAnalysisTransform: /root/.gradle/caches/modules-2/files-2.1/com.android.tools/dvlib/31.11.1/6079cc9f2fa5f5104b20779ca98faa1c495bb7f1/dvlib-31.11.1.jar because:
[        ]   Build cache is disabled
[        ]   Caching not enabled.
[        ] Caching disabled for MergeInstrumentationAnalysisTransform: /root/.gradle/caches/8.14/transforms/d54aae73957e8e3dcc42e41947ed5367/transformed/analysis/instrumentation-hierarchy.bin because:
[        ]   Build cache is disabled
[        ]   Caching not enabled.
[        ] Caching disabled for MergeInstrumentationAnalysisTransform: /root/.gradle/caches/8.14/transforms/60e4c9332b5d4baa5c7ef1de04b0a385/transformed/analysis/instrumentation-hierarchy.bin because:
[        ]   Build cache is disabled
[        ]   Caching not enabled.
[        ] Caching disabled for MergeInstrumentationAnalysisTransform: /root/.gradle/caches/modules-2/files-2.1/org.jetbrains.kotlin/kotlin-stdlib/2.1.20/aa8ca79cd50578314f6d1180c47cbe14c0fee567/kotlin-stdlib-2.1.20.jar because:
[        ]   Build cache is disabled
[        ]   Caching not enabled.
[        ] Caching disabled for MergeInstrumentationAnalysisTransform: /root/.gradle/caches/modules-2/files-2.1/org.jetbrains.kotlin/kotlin-reflect/2.1.20/3c1003045c4f2a72f987a147abac8e7058be1183/kotlin-reflect-2.1.20.jar because:
[        ]   Build cache is disabled
[        ]   Caching not enabled.
[        ] Caching disabled for MergeInstrumentationAnalysisTransform: /root/.gradle/caches/8.14/transforms/60e14e6b6f94b7ce78b4051acd7ef277/transformed/analysis/instrumentation-hierarchy.bin because:
[        ]   Build cache is disabled
[        ]   Caching not enabled.
[        ] Caching disabled for MergeInstrumentationAnalysisTransform: /root/.gradle/caches/8.14/transforms/8371811cf358d3aa8e15dfc29a0fb8e7/transformed/analysis/instrumentation-dependencies.bin because:
[        ]   Build cache is disabled
[        ]   Caching not enabled.
[        ] Caching disabled for MergeInstrumentationAnalysisTransform: /root/.gradle/caches/8.14/transforms/a332b93caa052e7c3810d26d589ffdd4/transformed/analysis/instrumentation-hierarchy.bin because:
[        ]   Build cache is disabled
[        ]   Caching not enabled.
[        ] Caching disabled for MergeInstrumentationAnalysisTransform: /root/.gradle/caches/8.14/transforms/b096fc7109c25d36431d39de75626a74/transformed/analysis/instrumentation-dependencies.bin because:
[        ]   Build cache is disabled
[        ]   Caching not enabled.
[        ] Caching disabled for MergeInstrumentationAnalysisTransform: /root/.gradle/caches/8.14/transforms/652e44a95df93df3ff56055ba2df941c/transformed/analysis/instrumentation-hierarchy.bin because:
[        ]   Build cache is disabled
[        ]   Caching not enabled.
[        ] Caching disabled for MergeInstrumentationAnalysisTransform: /root/.gradle/caches/8.14/transforms/daf2003c53c655397f78241951326b63/transformed/analysis/instrumentation-hierarchy.bin because:
[        ]   Build cache is disabled
[        ]   Caching not enabled.
[        ] Caching disabled for MergeInstrumentationAnalysisTransform: /root/.gradle/caches/8.14/transforms/95af8942e3b7b715993b1dddfb5c6b74/transformed/analysis/instrumentation-hierarchy.bin because:
[        ]   Build cache is disabled
[        ]   Caching not enabled.
[        ] Caching disabled for MergeInstrumentationAnalysisTransform: /root/.gradle/caches/8.14/transforms/60e14e6b6f94b7ce78b4051acd7ef277/transformed/analysis/instrumentation-dependencies.bin because:
[        ]   Build cache is disabled
[        ]   Caching not enabled.
[        ] Caching disabled for MergeInstrumentationAnalysisTransform: /root/.gradle/caches/8.14/transforms/d54aae73957e8e3dcc42e41947ed5367/transformed/analysis/instrumentation-dependencies.bin because:
[        ]   Build cache is disabled
[        ]   Caching not enabled.
[        ] Caching disabled for MergeInstrumentationAnalysisTransform: /root/.gradle/caches/8.14/transforms/60e4c9332b5d4baa5c7ef1de04b0a385/transformed/analysis/instrumentation-dependencies.bin because:
[        ]   Build cache is disabled
[        ]   Caching not enabled.
[        ] Caching disabled for MergeInstrumentationAnalysisTransform: /root/.gradle/caches/8.14/transforms/38718154af92971d236fd5af51511df9/transformed/analysis/instrumentation-hierarchy.bin because:
[        ]   Build cache is disabled
[        ]   Caching not enabled.
[        ] Caching disabled for MergeInstrumentationAnalysisTransform: /root/.gradle/caches/8.14/transforms/7d0b495da3e94b9513f7899aa4fc052a/transformed/analysis/instrumentation-hierarchy.bin because:
[        ]   Build cache is disabled
[        ]   Caching not enabled.
[        ] Caching disabled for MergeInstrumentationAnalysisTransform: /root/.gradle/caches/8.14/transforms/daf2003c53c655397f78241951326b63/transformed/analysis/instrumentation-dependencies.bin because:
[        ]   Build cache is disabled
[        ]   Caching not enabled.
[        ] Caching disabled for MergeInstrumentationAnalysisTransform: /root/.gradle/caches/8.14/transforms/652e44a95df93df3ff56055ba2df941c/transformed/analysis/instrumentation-dependencies.bin because:
[        ]   Build cache is disabled
[        ]   Caching not enabled.
[        ] Caching disabled for MergeInstrumentationAnalysisTransform: /root/.gradle/caches/modules-2/files-2.1/org.apache.httpcomponents/httpmime/4.5.6/164343da11db817e81e24e0d9869527e069850c9/httpmime-4.5.6.jar because:
[        ]   Build cache is disabled
[        ]   Caching not enabled.
[        ] Caching disabled for MergeInstrumentationAnalysisTransform: /root/.gradle/caches/8.14/transforms/a332b93caa052e7c3810d26d589ffdd4/transformed/analysis/instrumentation-dependencies.bin because:
[        ]   Build cache is disabled
[        ]   Caching not enabled.
[        ] Caching disabled for MergeInstrumentationAnalysisTransform: /root/.gradle/caches/8.14/transforms/95af8942e3b7b715993b1dddfb5c6b74/transformed/analysis/instrumentation-dependencies.bin because:
[        ]   Build cache is disabled
[        ]   Caching not enabled.
[        ] Caching disabled for MergeInstrumentationAnalysisTransform: /root/.gradle/caches/8.14/transforms/38718154af92971d236fd5af51511df9/transformed/analysis/instrumentation-dependencies.bin because:
[        ]   Build cache is disabled
[        ]   Caching not enabled.
[        ] Caching disabled for MergeInstrumentationAnalysisTransform: /root/.gradle/caches/8.14/transforms/7d0b495da3e94b9513f7899aa4fc052a/transformed/analysis/instrumentation-dependencies.bin because:
[        ]   Build cache is disabled
[        ]   Caching not enabled.
[        ] Caching disabled for MergeInstrumentationAnalysisTransform: /root/.gradle/caches/modules-2/files-2.1/commons-io/commons-io/2.16.1/377d592e740dc77124e0901291dbfaa6810a200e/commons-io-2.16.1.jar because:
[        ]   Build cache is disabled
[        ]   Caching not enabled.
[        ] Caching disabled for MergeInstrumentationAnalysisTransform: /root/.gradle/caches/modules-2/files-2.1/org.ow2.asm/asm-analysis/9.7.1/f97a3b319f0ed6a8cd944dc79060d3912a28985f/asm-analysis-9.7.1.jar because:
[        ]   Build cache is disabled
[        ]   Caching not enabled.
[        ] Caching disabled for MergeInstrumentationAnalysisTransform: /root/.gradle/caches/modules-2/files-2.1/org.ow2.asm/asm-util/9.7.1/9e23359b598ec6b74b23e53110dd5c577adf2243/asm-util-9.7.1.jar because:
[        ]   Build cache is disabled
[        ]   Caching not enabled.
[        ] Caching disabled for MergeInstrumentationAnalysisTransform: /root/.gradle/caches/modules-2/files-2.1/org.ow2.asm/asm-commons/9.7.1/406c6a2225cfe1819f102a161e54cc16a5c24f75/asm-commons-9.7.1.jar because:
[        ]   Build cache is disabled
[        ]   Caching not enabled.
[        ] Caching disabled for MergeInstrumentationAnalysisTransform: /root/.gradle/caches/8.14/transforms/214e8f2365bd43e4a8ccb1573a478784/transformed/analysis/instrumentation-hierarchy.bin because:
[        ]   Build cache is disabled
[        ]   Caching not enabled.
[        ] Caching disabled for MergeInstrumentationAnalysisTransform: /root/.gradle/caches/modules-2/files-2.1/com.android.tools.build/apkzlib/8.11.1/ea2327cd7a67c0fc9a4d26f035b922dff11c7219/apkzlib-8.11.1.jar because:
[        ]   Build cache is disabled
[        ]   Caching not enabled.
[        ] Caching disabled for MergeInstrumentationAnalysisTransform: /root/.gradle/caches/modules-2/files-2.1/org.ow2.asm/asm/9.7.1/f0ed132a49244b042cd0e15702ab9f2ce3cc8436/asm-9.7.1.jar because:
[        ]   Build cache is disabled
[        ]   Caching not enabled.
[        ] Caching disabled for MergeInstrumentationAnalysisTransform: /root/.gradle/caches/modules-2/files-2.1/org.ow2.asm/asm-tree/9.7.1/3a53139787663b139de76b627fca0084ab60d32c/asm-tree-9.7.1.jar because:
[        ]   Build cache is disabled
[        ]   Caching not enabled.
[        ] Caching disabled for MergeInstrumentationAnalysisTransform: /root/.gradle/caches/modules-2/files-2.1/org.bouncycastle/bcpkix-jdk18on/1.79/7693cec3b8779b74b35466dcaeeaac7409872954/bcpkix-jdk18on-1.79.jar because:
[        ]   Build cache is disabled
[        ]   Caching not enabled.
[        ] Caching disabled for MergeInstrumentationAnalysisTransform: /root/.gradle/caches/8.14/transforms/a8013ca544e4357839c5918e8813c817/transformed/analysis/instrumentation-hierarchy.bin because:
[        ]   Build cache is disabled
[        ]   Caching not enabled.
[        ] Caching disabled for MergeInstrumentationAnalysisTransform: /root/.gradle/caches/8.14/transforms/e47308a1c31576f483bab1a9b244d512/transformed/analysis/instrumentation-hierarchy.bin because:
[        ]   Build cache is disabled
[        ]   Caching not enabled.
[        ] Caching disabled for MergeInstrumentationAnalysisTransform: /root/.gradle/caches/modules-2/files-2.1/net.sf.jopt-simple/jopt-simple/4.9/ee9e9eaa0a35360dcfeac129ff4923215fd65904/jopt-simple-4.9.jar because:
[        ]   Build cache is disabled
[        ]   Caching not enabled.
[        ] Caching disabled for MergeInstrumentationAnalysisTransform: /root/.gradle/caches/8.14/transforms/8f3c72fc33a299bf4168ea60a7d6dcbd/transformed/analysis/instrumentation-hierarchy.bin because:
[        ]   Build cache is disabled
[        ]   Caching not enabled.
[        ] Caching disabled for MergeInstrumentationAnalysisTransform: /root/.gradle/caches/8.14/transforms/448b77bc82599dc70acf59b64287ae6d/transformed/analysis/instrumentation-hierarchy.bin because:
[        ]   Build cache is disabled
[        ]   Caching not enabled.
[        ] Caching disabled for MergeInstrumentationAnalysisTransform: /root/.gradle/caches/8.14/transforms/214e8f2365bd43e4a8ccb1573a478784/transformed/analysis/instrumentation-dependencies.bin because:
[        ]   Build cache is disabled
[        ]   Caching not enabled.
[        ] Caching disabled for MergeInstrumentationAnalysisTransform: /root/.gradle/caches/modules-2/files-2.1/org.glassfish.jaxb/jaxb-runtime/2.3.2/5528bc882ea499a09d720b42af11785c4fc6be2a/jaxb-runtime-2.3.2.jar because:
[        ]   Build cache is disabled
[        ]   Caching not enabled.
[        ] Caching disabled for MergeInstrumentationAnalysisTransform: /root/.gradle/caches/8.14/transforms/1915e62c4bd78f12308c7cc7e102fdac/transformed/analysis/instrumentation-hierarchy.bin because:
[        ]   Build cache is disabled
[        ]   Caching not enabled.
[        ] Caching disabled for MergeInstrumentationAnalysisTransform: /root/.gradle/caches/8.14/transforms/e47308a1c31576f483bab1a9b244d512/transformed/analysis/instrumentation-dependencies.bin because:
[        ]   Build cache is disabled
[        ]   Caching not enabled.
[        ] Caching disabled for MergeInstrumentationAnalysisTransform: /root/.gradle/caches/8.14/transforms/03b12a1713674e47c4a3c04cb44acb39/transformed/analysis/instrumentation-hierarchy.bin because:
[        ]   Build cache is disabled
[        ]   Caching not enabled.
[        ] Caching disabled for MergeInstrumentationAnalysisTransform: /root/.gradle/caches/8.14/transforms/d26e4d12fc87d908d377ac641f35005f/transformed/analysis/instrumentation-hierarchy.bin because:
[        ]   Build cache is disabled
[        ]   Caching not enabled.
[        ] Caching disabled for MergeInstrumentationAnalysisTransform: /root/.gradle/caches/8.14/transforms/d3a1e58d1ec253efcd6e817eb23c0040/transformed/analysis/instrumentation-hierarchy.bin because:
[        ]   Build cache is disabled
[        ]   Caching not enabled.
[        ] Caching disabled for MergeInstrumentationAnalysisTransform: /root/.gradle/caches/8.14/transforms/8d803f74bc08620adbcf3659e0dd8afb/transformed/analysis/instrumentation-hierarchy.bin because:
[        ]   Build cache is disabled
[        ]   Caching not enabled.
[        ] Caching disabled for MergeInstrumentationAnalysisTransform: /root/.gradle/caches/8.14/transforms/a8013ca544e4357839c5918e8813c817/transformed/analysis/instrumentation-dependencies.bin because:
[        ]   Build cache is disabled
[        ]   Caching not enabled.
[        ] Caching disabled for MergeInstrumentationAnalysisTransform: /root/.gradle/caches/8.14/transforms/448b77bc82599dc70acf59b64287ae6d/transformed/analysis/instrumentation-dependencies.bin because:
[        ]   Build cache is disabled
[        ]   Caching not enabled.
[        ] Caching disabled for MergeInstrumentationAnalysisTransform: /root/.gradle/caches/8.14/transforms/8f3c72fc33a299bf4168ea60a7d6dcbd/transformed/analysis/instrumentation-dependencies.bin because:
[        ]   Build cache is disabled
[        ]   Caching not enabled.
[        ] Caching disabled for MergeInstrumentationAnalysisTransform: /root/.gradle/caches/8.14/transforms/40ce7926dfa4287e169508f69c0cf81a/transformed/analysis/instrumentation-hierarchy.bin because:
[        ]   Build cache is disabled
[        ]   Caching not enabled.
[        ] Caching disabled for MergeInstrumentationAnalysisTransform: /root/.gradle/caches/modules-2/files-2.1/com.squareup/javapoet/1.10.0/712c178d35185d8261295913c9f2a7d6867a6007/javapoet-1.10.0.jar because:
[        ]   Build cache is disabled
[        ]   Caching not enabled.
[        ] Caching disabled for MergeInstrumentationAnalysisTransform: /root/.gradle/caches/8.14/transforms/03b12a1713674e47c4a3c04cb44acb39/transformed/analysis/instrumentation-dependencies.bin because:
[        ]   Build cache is disabled
[        ]   Caching not enabled.
[        ] Caching disabled for MergeInstrumentationAnalysisTransform: /root/.gradle/caches/8.14/transforms/d26e4d12fc87d908d377ac641f35005f/transformed/analysis/instrumentation-dependencies.bin because:
[        ]   Build cache is disabled
[        ]   Caching not enabled.
[        ] Caching disabled for MergeInstrumentationAnalysisTransform: /root/.gradle/caches/8.14/transforms/1915e62c4bd78f12308c7cc7e102fdac/transformed/analysis/instrumentation-dependencies.bin because:
[        ]   Build cache is disabled
[        ]   Caching not enabled.
[        ] Caching disabled for MergeInstrumentationAnalysisTransform: /root/.gradle/caches/8.14/transforms/d3a1e58d1ec253efcd6e817eb23c0040/transformed/analysis/instrumentation-dependencies.bin because:
[        ]   Build cache is disabled
[        ]   Caching not enabled.
[        ] Caching disabled for MergeInstrumentationAnalysisTransform: /root/.gradle/caches/8.14/transforms/8d803f74bc08620adbcf3659e0dd8afb/transformed/analysis/instrumentation-dependencies.bin because:
[        ]   Build cache is disabled
[        ]   Caching not enabled.
[        ] Caching disabled for MergeInstrumentationAnalysisTransform: /root/.gradle/caches/modules-2/files-2.1/io.grpc/grpc-protobuf/1.69.1/433b61f31e1dce6adf6c43ea3ca510f8d8d7ea70/grpc-protobuf-1.69.1.jar because:
[        ]   Build cache is disabled
[        ]   Caching not enabled.
[        ] Caching disabled for MergeInstrumentationAnalysisTransform: /root/.gradle/caches/modules-2/files-2.1/com.google.testing.platform/core-proto/0.0.9-alpha03/a0de640d69d847081f087c45dda7e9b3754fe350/core-proto-0.0.9-alpha03.jar because:
[        ]   Build cache is disabled
[        ]   Caching not enabled.
[        ] Caching disabled for MergeInstrumentationAnalysisTransform: /root/.gradle/caches/modules-2/files-2.1/com.google.crypto.tink/tink/1.7.0/668b57f109d32349b2870448f06ae6f202713edc/tink-1.7.0.jar because:
[        ]   Build cache is disabled
[        ]   Caching not enabled.
[        ] Caching disabled for MergeInstrumentationAnalysisTransform: /root/.gradle/caches/modules-2/files-2.1/com.google.protobuf/protobuf-java-util/3.25.5/38cc5ce479603e36466feda2a9f1dfdb2210ef00/protobuf-java-util-3.25.5.jar because:
[        ]   Build cache is disabled
[        ]   Caching not enabled.
[        ] Caching disabled for MergeInstrumentationAnalysisTransform: /root/.gradle/caches/8.14/transforms/40ce7926dfa4287e169508f69c0cf81a/transformed/analysis/instrumentation-dependencies.bin because:
[        ]   Build cache is disabled
[        ]   Caching not enabled.
[        ] Caching disabled for MergeInstrumentationAnalysisTransform: /root/.gradle/caches/8.14/transforms/05c2ff59c0b7a34a09b0cbf4f09b6e8a/transformed/analysis/instrumentation-hierarchy.bin because:
[        ]   Build cache is disabled
[        ]   Caching not enabled.
[        ] Caching disabled for MergeInstrumentationAnalysisTransform: /root/.gradle/caches/modules-2/files-2.1/com.google.api.grpc/proto-google-common-protos/2.48.0/86b550469172d830d174d7434c318d7dff179910/proto-google-common-protos-2.48.0.jar because:
[        ]   Build cache is disabled
[        ]   Caching not enabled.
[        ] Caching disabled for MergeInstrumentationAnalysisTransform: /root/.gradle/caches/modules-2/files-2.1/io.grpc/grpc-inprocess/1.69.1/8999d859ebf25f00e5a968b5e36e1294b109cb9e/grpc-inprocess-1.69.1.jar because:
[        ]   Build cache is disabled
[        ]   Caching not enabled.
[        ] Caching disabled for MergeInstrumentationAnalysisTransform: /root/.gradle/caches/modules-2/files-2.1/com.google.protobuf/protobuf-java/3.25.5/5ae5c9ec39930ae9b5a61b32b93288818ec05ec1/protobuf-java-3.25.5.jar because:
[        ]   Build cache is disabled
[        ]   Caching not enabled.
[        ] Caching disabled for MergeInstrumentationAnalysisTransform: /root/.gradle/caches/8.14/transforms/24499ab9d12730a9faeafb1a60c2ccab/transformed/analysis/instrumentation-hierarchy.bin because:
[        ]   Build cache is disabled
[        ]   Caching not enabled.
[        ] Caching disabled for MergeInstrumentationAnalysisTransform: /root/.gradle/caches/modules-2/files-2.1/io.grpc/grpc-netty/1.69.1/9235ab343b80acd957b4bb8bd740b8272735ddb8/grpc-netty-1.69.1.jar because:
[        ]   Build cache is disabled
[        ]   Caching not enabled.
[        ] Caching disabled for MergeInstrumentationAnalysisTransform: /root/.gradle/caches/8.14/transforms/79a18a78701ab821785a6d5a90cfa143/transformed/analysis/instrumentation-hierarchy.bin because:
[        ]   Build cache is disabled
[        ]   Caching not enabled.
[        ] Caching disabled for MergeInstrumentationAnalysisTransform: /root/.gradle/caches/8.14/transforms/34d6463aef3309917188f109b16e68a3/transformed/analysis/instrumentation-hierarchy.bin because:
[        ]   Build cache is disabled
[        ]   Caching not enabled.
[        ] Caching disabled for MergeInstrumentationAnalysisTransform: /root/.gradle/caches/8.14/transforms/e1af31b6f6841aeef4f866f19498c6b7/transformed/analysis/instrumentation-hierarchy.bin because:
[        ]   Build cache is disabled
[        ]   Caching not enabled.
[        ] Caching disabled for MergeInstrumentationAnalysisTransform: /root/.gradle/caches/8.14/transforms/05c2ff59c0b7a34a09b0cbf4f09b6e8a/transformed/analysis/instrumentation-dependencies.bin because:
[        ]   Build cache is disabled
[        ]   Caching not enabled.
[        ] Caching disabled for MergeInstrumentationAnalysisTransform: /root/.gradle/caches/modules-2/files-2.1/com.android.tools.analytics-library/protos/31.11.1/6c1fe59ed1ddd9d793d5cf57e43acf74ad40cc14/protos-31.11.1.jar because:
[        ]   Build cache is disabled
[        ]   Caching not enabled.
[        ] Caching disabled for MergeInstrumentationAnalysisTransform: /root/.gradle/caches/8.14/transforms/3ae60b3840f76fbc495a453c70c97bf0/transformed/analysis/instrumentation-hierarchy.bin because:
[        ]   Build cache is disabled
[        ]   Caching not enabled.
[        ] Caching disabled for MergeInstrumentationAnalysisTransform: /root/.gradle/caches/8.14/transforms/601b51fa272b735ecc675e1b376e1482/transformed/analysis/instrumentation-dependencies.bin because:
[        ]   Build cache is disabled
[        ]   Caching not enabled.
[        ] Caching disabled for MergeInstrumentationAnalysisTransform: /root/.gradle/caches/8.14/transforms/e1af31b6f6841aeef4f866f19498c6b7/transformed/analysis/instrumentation-dependencies.bin because:
[        ]   Build cache is disabled
[        ]   Caching not enabled.
[        ] Caching disabled for MergeInstrumentationAnalysisTransform: /root/.gradle/caches/8.14/transforms/24499ab9d12730a9faeafb1a60c2ccab/transformed/analysis/instrumentation-dependencies.bin because:
[        ]   Build cache is disabled
[        ]   Caching not enabled.
[        ] Caching disabled for MergeInstrumentationAnalysisTransform: /root/.gradle/caches/modules-2/files-2.1/io.grpc/grpc-util/1.69.1/8c3a9d835a78be9653e9ba92ceab430547924937/grpc-util-1.69.1.jar because:
[        ]   Build cache is disabled
[        ]   Caching not enabled.
[        ] Caching disabled for MergeInstrumentationAnalysisTransform: /root/.gradle/caches/8.14/transforms/59d4469867e677d91f281a1e27259851/transformed/analysis/instrumentation-hierarchy.bin because:
[        ]   Build cache is disabled
[        ]   Caching not enabled.
[        ] Caching disabled for MergeInstrumentationAnalysisTransform: /root/.gradle/caches/8.14/transforms/0bab9ab604962ffad0d5c31fde221fcb/transformed/analysis/instrumentation-hierarchy.bin because:
[        ]   Build cache is disabled
[        ]   Caching not enabled.
[        ] Caching disabled for MergeInstrumentationAnalysisTransform: /root/.gradle/caches/8.14/transforms/0c8e03626dc28f5f9dc8448d5c34665e/transformed/analysis/instrumentation-hierarchy.bin because:
[        ]   Build cache is disabled
[        ]   Caching not enabled.
[        ] Caching disabled for MergeInstrumentationAnalysisTransform: /root/.gradle/caches/8.14/transforms/34d6463aef3309917188f109b16e68a3/transformed/analysis/instrumentation-dependencies.bin because:
[        ]   Build cache is disabled
[        ]   Caching not enabled.
[        ] Caching disabled for MergeInstrumentationAnalysisTransform: /root/.gradle/caches/8.14/transforms/3ae60b3840f76fbc495a453c70c97bf0/transformed/analysis/instrumentation-dependencies.bin because:
[        ]   Build cache is disabled
[        ]   Caching not enabled.
[        ] Caching disabled for MergeInstrumentationAnalysisTransform: /root/.gradle/caches/8.14/transforms/79a18a78701ab821785a6d5a90cfa143/transformed/analysis/instrumentation-dependencies.bin because:
[        ]   Build cache is disabled
[        ]   Caching not enabled.
[        ] Caching disabled for MergeInstrumentationAnalysisTransform: /root/.gradle/caches/8.14/transforms/ba603a8e5cd50a7c88cc1c83cedbafe1/transformed/analysis/instrumentation-hierarchy.bin because:
[        ]   Build cache is disabled
[        ]   Caching not enabled.
[        ] Caching disabled for MergeInstrumentationAnalysisTransform: /root/.gradle/caches/modules-2/files-2.1/com.google.code.gson/gson/2.11.0/527175ca6d81050b53bdd4c457a6d6e017626b0e/gson-2.11.0.jar because:
[        ]   Build cache is disabled
[        ]   Caching not enabled.
[        ] Caching disabled for MergeInstrumentationAnalysisTransform: /root/.gradle/caches/8.14/transforms/59d4469867e677d91f281a1e27259851/transformed/analysis/instrumentation-dependencies.bin because:
[        ]   Build cache is disabled
[        ]   Caching not enabled.
[        ] Caching disabled for MergeInstrumentationAnalysisTransform: /root/.gradle/caches/modules-2/files-2.1/com.google.flatbuffers/flatbuffers-java/1.12.0/8201cc7b511177a37071249e891f2f2fea4b32e9/flatbuffers-java-1.12.0.jar because:
[        ]   Build cache is disabled
[        ]   Caching not enabled.
[        ] Caching disabled for MergeInstrumentationAnalysisTransform: /root/.gradle/caches/modules-2/files-2.1/io.grpc/grpc-core/1.69.1/d9f6383e1903af6e9502e7c1c8e4fbe28a236321/grpc-core-1.69.1.jar because:
[        ]   Build cache is disabled
[        ]   Caching not enabled.
[        ] Caching disabled for MergeInstrumentationAnalysisTransform: /root/.gradle/caches/8.14/transforms/0bab9ab604962ffad0d5c31fde221fcb/transformed/analysis/instrumentation-dependencies.bin because:
[        ]   Build cache is disabled
[        ]   Caching not enabled.
[        ] Caching disabled for MergeInstrumentationAnalysisTransform: /root/.gradle/caches/modules-2/files-2.1/io.grpc/grpc-context/1.69.1/acec56668f9e67775cfe43fdb9edd046e9426a2d/grpc-context-1.69.1.jar because:
[        ]   Build cache is disabled
[        ]   Caching not enabled.
[        ] Caching disabled for MergeInstrumentationAnalysisTransform: /root/.gradle/caches/8.14/transforms/0c8e03626dc28f5f9dc8448d5c34665e/transformed/analysis/instrumentation-dependencies.bin because:
[        ]   Build cache is disabled
[        ]   Caching not enabled.
[        ] Caching disabled for MergeInstrumentationAnalysisTransform: /root/.gradle/caches/8.14/transforms/ba603a8e5cd50a7c88cc1c83cedbafe1/transformed/analysis/instrumentation-dependencies.bin because:
[        ]   Build cache is disabled
[        ]   Caching not enabled.
[        ] Caching disabled for MergeInstrumentationAnalysisTransform: /root/.gradle/caches/modules-2/files-2.1/io.grpc/grpc-stub/1.69.1/685c974e6717e6c1bcadd1b7461167d27f64c524/grpc-stub-1.69.1.jar because:
[        ]   Build cache is disabled
[        ]   Caching not enabled.
[        ] Caching disabled for MergeInstrumentationAnalysisTransform: /root/.gradle/caches/modules-2/files-2.1/org.tensorflow/tensorflow-lite-metadata/0.2.0/7dbe8f75ae5c0ef7093c43c3ac8b560bbc7ea4b6/tensorflow-lite-metadata-0.2.0.jar because:
[        ]   Build cache is disabled
[        ]   Caching not enabled.
[        ] Caching disabled for MergeInstrumentationAnalysisTransform: /root/.gradle/caches/8.14/transforms/1f33ebe59883eca7cf0b19e5fe8de863/transformed/analysis/instrumentation-dependencies.bin because:
[        ]   Build cache is disabled
[        ]   Caching not enabled.
[        ] Caching disabled for MergeInstrumentationAnalysisTransform: /root/.gradle/caches/modules-2/files-2.1/com.google.jimfs/jimfs/1.1/8fbd0579dc68aba6186935cc1bee21d2f3e7ec1c/jimfs-1.1.jar because:
[        ]   Build cache is disabled
[        ]   Caching not enabled.
[        ] Caching disabled for MergeInstrumentationAnalysisTransform: /root/.gradle/caches/8.14/transforms/9b0e98629bc06f5b01cc526ebfdfc3c3/transformed/analysis/instrumentation-hierarchy.bin because:
[        ]   Build cache is disabled
[        ]   Caching not enabled.
[        ] Caching disabled for MergeInstrumentationAnalysisTransform: /root/.gradle/caches/8.14/transforms/9d04d315a102c441141d3be66524f20d/transformed/analysis/instrumentation-hierarchy.bin because:
[        ]   Build cache is disabled
[        ]   Caching not enabled.
[        ] Caching disabled for MergeInstrumentationAnalysisTransform: /root/.gradle/caches/8.14/transforms/8454090a5b20928e6b4b38efeaa490fe/transformed/analysis/instrumentation-hierarchy.bin because:
[        ]   Build cache is disabled
[        ]   Caching not enabled.
[        ] Caching disabled for MergeInstrumentationAnalysisTransform: /root/.gradle/caches/modules-2/files-2.1/io.grpc/grpc-protobuf-lite/1.69.1/40cc0d2c62b22c7c22056e17c1141cb714993ea9/grpc-protobuf-lite-1.69.1.jar because:
[        ]   Build cache is disabled
[        ]   Caching not enabled.
[        ] Caching disabled for MergeInstrumentationAnalysisTransform: /root/.gradle/caches/8.14/transforms/b90d3ccdd27a09aadabddbd33719551c/transformed/analysis/instrumentation-hierarchy.bin because:
[        ]   Build cache is disabled
[        ]   Caching not enabled.
[        ] Caching disabled for MergeInstrumentationAnalysisTransform: /root/.gradle/caches/modules-2/files-2.1/io.grpc/grpc-api/1.69.1/e95c782de0217180c9b25c99e605c4513f3272f1/grpc-api-1.69.1.jar because:
[        ]   Build cache is disabled
[        ]   Caching not enabled.
[        ] Caching disabled for MergeInstrumentationAnalysisTransform: /root/.gradle/caches/modules-2/files-2.1/com.google.dagger/dagger/2.28.3/10d83810ef9e19714116ed518896c90c6606d633/dagger-2.28.3.jar because:
[        ]   Build cache is disabled
[        ]   Caching not enabled.
[        ] Caching disabled for MergeInstrumentationAnalysisTransform: /root/.gradle/caches/8.14/transforms/410b73183f139835f68024b4a9e6d4c0/transformed/analysis/instrumentation-hierarchy.bin because:
[        ]   Build cache is disabled
[        ]   Caching not enabled.
[        ] Caching disabled for MergeInstrumentationAnalysisTransform: /root/.gradle/caches/modules-2/files-2.1/javax.inject/javax.inject/1/6975da39a7040257bd51d21a231b76c915872d38/javax.inject-1.jar because:
[        ]   Build cache is disabled
[        ]   Caching not enabled.
[        ] Caching disabled for MergeInstrumentationAnalysisTransform: /root/.gradle/caches/8.14/transforms/4bb2857926d6bbf63c2a8489c429fa99/transformed/analysis/instrumentation-hierarchy.bin because:
[        ]   Build cache is disabled
[        ]   Caching not enabled.
[        ] Caching disabled for MergeInstrumentationAnalysisTransform: /root/.gradle/caches/8.14/transforms/9b0e98629bc06f5b01cc526ebfdfc3c3/transformed/analysis/instrumentation-dependencies.bin because:
[        ]   Build cache is disabled
[        ]   Caching not enabled.
[        ] Caching disabled for MergeInstrumentationAnalysisTransform: /root/.gradle/caches/modules-2/files-2.1/com.google.guava/guava/33.3.1-jre/852f8b363da0111e819460021ca693cacca3e8db/guava-33.3.1-jre.jar because:
[        ]   Build cache is disabled
[        ]   Caching not enabled.
[        ] Caching disabled for MergeInstrumentationAnalysisTransform: /root/.gradle/caches/8.14/transforms/9d04d315a102c441141d3be66524f20d/transformed/analysis/instrumentation-dependencies.bin because:
[        ]   Build cache is disabled
[        ]   Caching not enabled.
[        ] Caching disabled for MergeInstrumentationAnalysisTransform: /root/.gradle/caches/8.14/transforms/8454090a5b20928e6b4b38efeaa490fe/transformed/analysis/instrumentation-dependencies.bin because:
[        ]   Build cache is disabled
[        ]   Caching not enabled.
[        ] Caching disabled for MergeInstrumentationAnalysisTransform: /root/.gradle/caches/8.14/transforms/b90d3ccdd27a09aadabddbd33719551c/transformed/analysis/instrumentation-dependencies.bin because:
[        ]   Build cache is disabled
[        ]   Caching not enabled.
[        ] Caching disabled for MergeInstrumentationAnalysisTransform: /root/.gradle/caches/8.14/transforms/1a1d3b61d5a868318f8594a976389b2b/transformed/analysis/instrumentation-hierarchy.bin because:
[        ]   Build cache is disabled
[        ]   Caching not enabled.
[        ] Caching disabled for MergeInstrumentationAnalysisTransform: /root/.gradle/caches/8.14/transforms/f3a6428d10373325c1383925ba5e9024/transformed/analysis/instrumentation-dependencies.bin because:
[        ]   Build cache is disabled
[        ]   Caching not enabled.
[        ] Caching disabled for MergeInstrumentationAnalysisTransform: /root/.gradle/caches/8.14/transforms/4bb2857926d6bbf63c2a8489c429fa99/transformed/analysis/instrumentation-dependencies.bin because:
[        ]   Build cache is disabled
[        ]   Caching not enabled.
[        ] Caching disabled for MergeInstrumentationAnalysisTransform: /root/.gradle/caches/8.14/transforms/f6049f164ffac467b75ef5b04648323d/transformed/analysis/instrumentation-hierarchy.bin because:
[        ]   Build cache is disabled
[        ]   Caching not enabled.
[        ] Caching disabled for MergeInstrumentationAnalysisTransform: /root/.gradle/caches/8.14/transforms/51a414c4c9c4b32a924c8e4a23cbb69a/transformed/analysis/instrumentation-hierarchy.bin because:
[        ]   Build cache is disabled
[        ]   Caching not enabled.
[        ] Caching disabled for MergeInstrumentationAnalysisTransform: /root/.gradle/caches/8.14/transforms/410b73183f139835f68024b4a9e6d4c0/transformed/analysis/instrumentation-dependencies.bin because:
[        ]   Build cache is disabled
[        ]   Caching not enabled.
[        ] Caching disabled for MergeInstrumentationAnalysisTransform: /root/.gradle/caches/8.14/transforms/047d1f8bd23fbbe23c6b5946a4d9ac0b/transformed/analysis/instrumentation-dependencies.bin because:
[        ]   Build cache is disabled
[        ]   Caching not enabled.
[        ] Caching disabled for MergeInstrumentationAnalysisTransform: /root/.gradle/caches/modules-2/files-2.1/net.sf.kxml/kxml2/2.3.0/ccbc77a5fd907ef863c29f3596c6f54ffa4e9442/kxml2-2.3.0.jar because:
[        ]   Build cache is disabled
[        ]   Caching not enabled.
[        ] Caching disabled for MergeInstrumentationAnalysisTransform: /root/.gradle/caches/8.14/transforms/51a414c4c9c4b32a924c8e4a23cbb69a/transformed/analysis/instrumentation-dependencies.bin because:
[        ]   Build cache is disabled
[        ]   Caching not enabled.
[        ] Caching disabled for MergeInstrumentationAnalysisTransform: /root/.gradle/caches/8.14/transforms/1a1d3b61d5a868318f8594a976389b2b/transformed/analysis/instrumentation-dependencies.bin because:
[        ]   Build cache is disabled
[        ]   Caching not enabled.
[        ] Caching disabled for MergeInstrumentationAnalysisTransform: /root/.gradle/caches/modules-2/files-2.1/org.jetbrains/annotations/23.0.0/8cc20c07506ec18e0834947b84a864bfc094484e/annotations-23.0.0.jar because:
[        ]   Build cache is disabled
[        ]   Caching not enabled.
[        ] Caching disabled for MergeInstrumentationAnalysisTransform: /root/.gradle/caches/modules-2/files-2.1/org.bouncycastle/bcutil-jdk18on/1.79/ecfc5aef97cc7676ea0de5c53c407b9f533f0ad5/bcutil-jdk18on-1.79.jar because:
[        ]   Build cache is disabled
[        ]   Caching not enabled.
[        ] Caching disabled for MergeInstrumentationAnalysisTransform: /root/.gradle/caches/8.14/transforms/f6049f164ffac467b75ef5b04648323d/transformed/analysis/instrumentation-dependencies.bin because:
[        ]   Build cache is disabled
[        ]   Caching not enabled.
[        ] Caching disabled for MergeInstrumentationAnalysisTransform: /root/.gradle/caches/8.14/transforms/f62290c4265fae9fb0cf357d49462801/transformed/analysis/instrumentation-hierarchy.bin because:
[        ]   Build cache is disabled
[        ]   Caching not enabled.
[        ] Caching disabled for MergeInstrumentationAnalysisTransform: /root/.gradle/caches/modules-2/files-2.1/org.apache.commons/commons-compress/1.21/4ec95b60d4e86b5c95a0e919cb172a0af98011ef/commons-compress-1.21.jar because:
[        ]   Build cache is disabled
[        ]   Caching not enabled.
[        ] Caching disabled for MergeInstrumentationAnalysisTransform: /root/.gradle/caches/modules-2/files-2.1/org.apache.httpcomponents/httpcore/4.4.16/51cf043c87253c9f58b539c9f7e44c8894223850/httpcore-4.4.16.jar because:
[        ]   Build cache is disabled
[        ]   Caching not enabled.
[        ] Caching disabled for MergeInstrumentationAnalysisTransform: /root/.gradle/caches/8.14/transforms/63e0a1f75d91cde9ecfd6e29ce3f4dc8/transformed/analysis/instrumentation-hierarchy.bin because:
[        ]   Build cache is disabled
[        ]   Caching not enabled.
[        ] Caching disabled for MergeInstrumentationAnalysisTransform: /root/.gradle/caches/8.14/transforms/f62290c4265fae9fb0cf357d49462801/transformed/analysis/instrumentation-dependencies.bin because:
[        ]   Build cache is disabled
[        ]   Caching not enabled.
[        ] Caching disabled for MergeInstrumentationAnalysisTransform: /root/.gradle/caches/modules-2/files-2.1/com.android/zipflinger/8.11.1/3a3b1786c331db72b9610eb1f68f0ec1ec9a1f/zipflinger-8.11.1.jar because:
[        ]   Build cache is disabled
[        ]   Caching not enabled.
[        ] Caching disabled for MergeInstrumentationAnalysisTransform: /root/.gradle/caches/modules-2/files-2.1/org.apache.httpcomponents/httpclient/4.5.14/1194890e6f56ec29177673f2f12d0b8e627dec98/httpclient-4.5.14.jar because:
[        ]   Build cache is disabled
[        ]   Caching not enabled.
[        ] Caching disabled for MergeInstrumentationAnalysisTransform: /root/.gradle/caches/modules-2/files-2.1/com.sun.activation/javax.activation/1.2.0/bf744c1e2776ed1de3c55c8dac1057ec331ef744/javax.activation-1.2.0.jar because:
[        ]   Build cache is disabled
[        ]   Caching not enabled.
[        ] Caching disabled for MergeInstrumentationAnalysisTransform: /root/.gradle/caches/modules-2/files-2.1/com.android.tools/annotations/31.11.1/a9a04a78f42fdb0276a0fc7fd538890f856a9753/annotations-31.11.1.jar because:
[        ]   Build cache is disabled
[        ]   Caching not enabled.
[        ] Caching disabled for MergeInstrumentationAnalysisTransform: /root/.gradle/caches/8.14/transforms/e0226a994236d7bf90152c665abe60df/transformed/analysis/instrumentation-dependencies.bin because:
[        ]   Build cache is disabled
[        ]   Caching not enabled.
[        ] Caching disabled for MergeInstrumentationAnalysisTransform: /root/.gradle/caches/8.14/transforms/63e0a1f75d91cde9ecfd6e29ce3f4dc8/transformed/analysis/instrumentation-dependencies.bin because:
[        ]   Build cache is disabled
[        ]   Caching not enabled.
[        ] Caching disabled for MergeInstrumentationAnalysisTransform: /root/.gradle/caches/8.14/transforms/8c12647086c0a3ca5d593c8e6e97b7eb/transformed/analysis/instrumentation-hierarchy.bin because:
[        ]   Build cache is disabled
[        ]   Caching not enabled.
[        ] Caching disabled for MergeInstrumentationAnalysisTransform: /root/.gradle/caches/8.14/transforms/a9bb419057f2ec78198df5a5329559ea/transformed/analysis/instrumentation-hierarchy.bin because:
[        ]   Build cache is disabled
[        ]   Caching not enabled.
[        ] Caching disabled for MergeInstrumentationAnalysisTransform: /root/.gradle/caches/8.14/transforms/9a9891476629ac44014c62adfce6452d/transformed/analysis/instrumentation-hierarchy.bin because:
[        ]   Build cache is disabled
[        ]   Caching not enabled.
[        ] Caching disabled for MergeInstrumentationAnalysisTransform: /root/.gradle/caches/modules-2/files-2.1/com.android/signflinger/8.11.1/13f035dd8e7e470ff8f3216a0b46333187f26df5/signflinger-8.11.1.jar because:
[        ]   Build cache is disabled
[        ]   Caching not enabled.
[        ] Caching disabled for MergeInstrumentationAnalysisTransform: /root/.gradle/caches/8.14/transforms/0e4888efffc5b1de0f2cc5286369299e/transformed/analysis/instrumentation-hierarchy.bin because:
[        ]   Build cache is disabled
[        ]   Caching not enabled.
[        ] Caching disabled for MergeInstrumentationAnalysisTransform: /root/.gradle/caches/8.14/transforms/fefff9ef1ad0af2b4d20e97600842cb4/transformed/analysis/instrumentation-hierarchy.bin because:
[        ]   Build cache is disabled
[        ]   Caching not enabled.
[        ] Caching disabled for MergeInstrumentationAnalysisTransform: /root/.gradle/caches/modules-2/files-2.1/com.googlecode.juniversalchardet/juniversalchardet/1.0.3/cd49678784c46aa8789c060538e0154013bb421b/juniversalchardet-1.0.3.jar because:
[        ]   Build cache is disabled
[        ]   Caching not enabled.
[        ] Caching disabled for MergeInstrumentationAnalysisTransform: /root/.gradle/caches/8.14/transforms/a9bb419057f2ec78198df5a5329559ea/transformed/analysis/instrumentation-dependencies.bin because:
[        ]   Build cache is disabled
[        ]   Caching not enabled.
[        ] Caching disabled for MergeInstrumentationAnalysisTransform: /root/.gradle/caches/8.14/transforms/c491d8608f57b6bb06428abd12a909c3/transformed/analysis/instrumentation-hierarchy.bin because:
[        ]   Build cache is disabled
[        ]   Caching not enabled.
[        ] Caching disabled for MergeInstrumentationAnalysisTransform: /root/.gradle/caches/modules-2/files-2.1/javax.annotation/javax.annotation-api/1.3.2/934c04d3cfef185a8008e7bf34331b79730a9d43/javax.annotation-api-1.3.2.jar because:
[        ]   Build cache is disabled
[        ]   Caching not enabled.
[        ] Caching disabled for MergeInstrumentationAnalysisTransform: /root/.gradle/caches/modules-2/files-2.1/org.bouncycastle/bcprov-jdk18on/1.79/4d8e2732bcee15f1db93df266c3f5b70ce5cac21/bcprov-jdk18on-1.79.jar because:
[        ]   Build cache is disabled
[        ]   Caching not enabled.
[        ] Caching disabled for MergeInstrumentationAnalysisTransform: /root/.gradle/caches/8.14/transforms/9f7bf5a533b6fa8b7c91c970eaa2b8a2/transformed/analysis/instrumentation-dependencies.bin because:
[        ]   Build cache is disabled
[        ]   Caching not enabled.
[        ] Caching disabled for MergeInstrumentationAnalysisTransform: /root/.gradle/caches/8.14/transforms/9a9891476629ac44014c62adfce6452d/transformed/analysis/instrumentation-dependencies.bin because:
[        ]   Build cache is disabled
[        ]   Caching not enabled.
[        ] Caching disabled for MergeInstrumentationAnalysisTransform: /root/.gradle/caches/8.14/transforms/8c12647086c0a3ca5d593c8e6e97b7eb/transformed/analysis/instrumentation-dependencies.bin because:
[        ]   Build cache is disabled
[        ]   Caching not enabled.
[  +34 ms] Caching disabled for MergeInstrumentationAnalysisTransform: /root/.gradle/caches/modules-2/files-2.1/net.java.dev.jna/jna-platform/5.6.0/d18424ffb8bbfd036d71bcaab9b546858f2ef986/jna-platform-5.6.0.jar because:
[        ]   Build cache is disabled
[        ]   Caching not enabled.
[        ] Caching disabled for MergeInstrumentationAnalysisTransform: /root/.gradle/caches/8.14/transforms/fefff9ef1ad0af2b4d20e97600842cb4/transformed/analysis/instrumentation-dependencies.bin because:
[        ]   Build cache is disabled
[        ]   Caching not enabled.
[        ] Caching disabled for MergeInstrumentationAnalysisTransform: /root/.gradle/caches/8.14/transforms/0e4888efffc5b1de0f2cc5286369299e/transformed/analysis/instrumentation-dependencies.bin because:
[        ]   Build cache is disabled
[        ]   Caching not enabled.
[        ] Caching disabled for MergeInstrumentationAnalysisTransform: /root/.gradle/caches/8.14/transforms/cf0bc295990994c9b29b9073cba028df/transformed/analysis/instrumentation-dependencies.bin because:
[        ]   Build cache is disabled
[        ]   Caching not enabled.
[        ] Caching disabled for MergeInstrumentationAnalysisTransform: /root/.gradle/caches/8.14/transforms/c491d8608f57b6bb06428abd12a909c3/transformed/analysis/instrumentation-dependencies.bin because:
[        ]   Build cache is disabled
[        ]   Caching not enabled.
[        ] Caching disabled for MergeInstrumentationAnalysisTransform: /root/.gradle/caches/modules-2/files-2.1/com.google.auto.value/auto-value-annotations/1.6.2/ed193d86e0af90cc2342aedbe73c5d86b03fa09b/auto-value-annotations-1.6.2.jar because:
[        ]   Build cache is disabled
[        ]   Caching not enabled.
[        ] Caching disabled for MergeInstrumentationAnalysisTransform: /root/.gradle/caches/8.14/transforms/6f8bdd5d75a2382fcea921634ccf18cb/transformed/analysis/instrumentation-hierarchy.bin because:
[        ]   Build cache is disabled
[        ]   Caching not enabled.
[        ] Caching disabled for MergeInstrumentationAnalysisTransform: /root/.gradle/caches/8.14/transforms/b964b2a10de25da1ef0fd6f921058bc2/transformed/analysis/instrumentation-hierarchy.bin because:
[        ]   Build cache is disabled
[        ]   Caching not enabled.
[        ] Caching disabled for MergeInstrumentationAnalysisTransform: /root/.gradle/caches/modules-2/files-2.1/com.sun.xml.fastinfoset/FastInfoset/1.2.16/4eb6a0adad553bf759ffe86927df6f3b848c8bea/FastInfoset-1.2.16.jar because:
[        ]   Build cache is disabled
[        ]   Caching not enabled.
[        ] Caching disabled for MergeInstrumentationAnalysisTransform: /root/.gradle/caches/8.14/transforms/58004fb02668d400301539bc7fd0023b/transformed/analysis/instrumentation-hierarchy.bin because:
[        ]   Build cache is disabled
[        ]   Caching not enabled.
[        ] Caching disabled for MergeInstrumentationAnalysisTransform: /root/.gradle/caches/modules-2/files-2.1/jakarta.xml.bind/jakarta.xml.bind-api/2.3.2/8d49996a4338670764d7ca4b85a1c4ccf7fe665d/jakarta.xml.bind-api-2.3.2.jar because:
[        ]   Build cache is disabled
[        ]   Caching not enabled.
[        ] Caching disabled for MergeInstrumentationAnalysisTransform: /root/.gradle/caches/modules-2/files-2.1/com.sun.istack/istack-commons-runtime/3.0.8/d6a97364045aa6b99bf2d3c566a3f98599c2d296/istack-commons-runtime-3.0.8.jar because:
[        ]   Build cache is disabled
[        ]   Caching not enabled.
[        ] Caching disabled for MergeInstrumentationAnalysisTransform: /root/.gradle/caches/modules-2/files-2.1/org.jvnet.staxex/stax-ex/1.8.1/78011e483a21102fb4858f3e8f269a677e50aa23/stax-ex-1.8.1.jar because:
[        ]   Build cache is disabled
[        ]   Caching not enabled.
[        ] Caching disabled for MergeInstrumentationAnalysisTransform: /root/.gradle/caches/modules-2/files-2.1/org.glassfish.jaxb/txw2/2.3.2/ce5be7da2e442c25ec14c766cb60cb802741727b/txw2-2.3.2.jar because:
[        ]   Build cache is disabled
[        ]   Caching not enabled.
[        ] Caching disabled for MergeInstrumentationAnalysisTransform: /root/.gradle/caches/modules-2/files-2.1/jakarta.activation/jakarta.activation-api/1.2.1/562a587face36ec7eff2db7f2fc95425c6602bc1/jakarta.activation-api-1.2.1.jar because:
[        ]   Build cache is disabled
[        ]   Caching not enabled.
[        ] Caching disabled for MergeInstrumentationAnalysisTransform: /root/.gradle/caches/modules-2/files-2.1/com.google.errorprone/error_prone_annotations/2.30.0/ff171acb7fb9cbe2b9f50b391e1d52459d30ee62/error_prone_annotations-2.30.0.jar because:
[        ]   Build cache is disabled
[        ]   Caching not enabled.
[        ] Caching disabled for MergeInstrumentationAnalysisTransform: /root/.gradle/caches/8.14/transforms/6f8bdd5d75a2382fcea921634ccf18cb/transformed/analysis/instrumentation-dependencies.bin because:
[        ]   Build cache is disabled
[        ]   Caching not enabled.
[        ] Caching disabled for MergeInstrumentationAnalysisTransform: /root/.gradle/caches/8.14/transforms/d8695b060e50975c4594c2fcb6098560/transformed/analysis/instrumentation-hierarchy.bin because:
[        ]   Build cache is disabled
[        ]   Caching not enabled.
[        ] Caching disabled for MergeInstrumentationAnalysisTransform: /root/.gradle/caches/8.14/transforms/b964b2a10de25da1ef0fd6f921058bc2/transformed/analysis/instrumentation-dependencies.bin because:
[        ]   Build cache is disabled
[        ]   Caching not enabled.
[        ] Caching disabled for MergeInstrumentationAnalysisTransform: /root/.gradle/caches/8.14/transforms/4cd17ccd69a423c77b4cc921baa79a8e/transformed/analysis/instrumentation-dependencies.bin because:
[        ]   Build cache is disabled
[        ]   Caching not enabled.
[        ] Caching disabled for MergeInstrumentationAnalysisTransform: /root/.gradle/caches/8.14/transforms/58004fb02668d400301539bc7fd0023b/transformed/analysis/instrumentation-dependencies.bin because:
[        ]   Build cache is disabled
[        ]   Caching not enabled.
[        ] Caching disabled for MergeInstrumentationAnalysisTransform: /root/.gradle/caches/8.14/transforms/085ab5d22c0c73b805b5ceab6a9ea7ff/transformed/analysis/instrumentation-dependencies.bin because:
[        ]   Build cache is disabled
[        ]   Caching not enabled.
[        ] Caching disabled for MergeInstrumentationAnalysisTransform: /root/.gradle/caches/8.14/transforms/3871849f067229dac404822e0cc10652/transformed/analysis/instrumentation-dependencies.bin because:
[        ]   Build cache is disabled
[        ]   Caching not enabled.
[        ] Caching disabled for MergeInstrumentationAnalysisTransform: /root/.gradle/caches/8.14/transforms/ccd4d5146633deeb32e056fb256bbedb/transformed/analysis/instrumentation-hierarchy.bin because:
[        ]   Build cache is disabled
[        ]   Caching not enabled.
[        ] Caching disabled for MergeInstrumentationAnalysisTransform: /root/.gradle/caches/8.14/transforms/d8695b060e50975c4594c2fcb6098560/transformed/analysis/instrumentation-dependencies.bin because:
[        ]   Build cache is disabled
[        ]   Caching not enabled.
[        ] Caching disabled for MergeInstrumentationAnalysisTransform: /root/.gradle/caches/8.14/transforms/617ef37ad16b012eb8c48e988c6f42af/transformed/analysis/instrumentation-hierarchy.bin because:
[        ]   Build cache is disabled
[        ]   Caching not enabled.
[        ] Caching disabled for MergeInstrumentationAnalysisTransform: /root/.gradle/caches/modules-2/files-2.1/org.bitbucket.b_c/jose4j/0.9.5/e4ca26802488e6f16e24558d74ac8775a955fdd3/jose4j-0.9.5.jar because:
[        ]   Build cache is disabled
[        ]   Caching not enabled.
[        ] Caching disabled for MergeInstrumentationAnalysisTransform: /root/.gradle/caches/8.14/transforms/83c733493e2ffb6ca81f2223bd181a35/transformed/analysis/instrumentation-hierarchy.bin because:
[        ]   Build cache is disabled
[        ]   Caching not enabled.
[        ] Caching disabled for MergeInstrumentationAnalysisTransform: /root/.gradle/caches/modules-2/files-2.1/com.google.android/annotations/4.1.1.4/a1678ba907bf92691d879fef34e1a187038f9259/annotations-4.1.1.4.jar because:
[        ]   Build cache is disabled
[        ]   Caching not enabled.
[        ] Caching disabled for MergeInstrumentationAnalysisTransform: /root/.gradle/caches/modules-2/files-2.1/org.codehaus.mojo/animal-sniffer-annotations/1.24/aa9ba58d30e0aad7f1808fce9c541ea3760678d8/animal-sniffer-annotations-1.24.jar because:
[        ]   Build cache is disabled
[        ]   Caching not enabled.
[        ] Caching disabled for MergeInstrumentationAnalysisTransform: /root/.gradle/caches/8.14/transforms/f51ccf8076d57690ada9d88dd133c67d/transformed/analysis/instrumentation-hierarchy.bin because:
[        ]   Build cache is disabled
[        ]   Caching not enabled.
[        ] Caching disabled for MergeInstrumentationAnalysisTransform: /root/.gradle/caches/modules-2/files-2.1/org.jdom/jdom2/2.0.6/6f14738ec2e9dd0011e343717fa624a10f8aab64/jdom2-2.0.6.jar because:
[        ]   Build cache is disabled
[        ]   Caching not enabled.
[        ] Caching disabled for MergeInstrumentationAnalysisTransform: /root/.gradle/caches/modules-2/files-2.1/org.slf4j/slf4j-api/1.7.30/b5a4b6d16ab13e34a88fae84c35cd5d68cac922c/slf4j-api-1.7.30.jar because:
[        ]   Build cache is disabled
[        ]   Caching not enabled.
[        ] Caching disabled for MergeInstrumentationAnalysisTransform: /root/.gradle/caches/modules-2/files-2.1/com.google.j2objc/j2objc-annotations/3.0.0/7399e65dd7e9ff3404f4535b2f017093bdb134c7/j2objc-annotations-3.0.0.jar because:
[        ]   Build cache is disabled
[        ]   Caching not enabled.
[        ] Caching disabled for MergeInstrumentationAnalysisTransform: /root/.gradle/caches/8.14/transforms/617ef37ad16b012eb8c48e988c6f42af/transformed/analysis/instrumentation-dependencies.bin because:
[        ]   Build cache is disabled
[        ]   Caching not enabled.
[        ] Caching disabled for MergeInstrumentationAnalysisTransform: /root/.gradle/caches/8.14/transforms/0539fa9ce4a552e6547543e3cb637c3a/transformed/analysis/instrumentation-hierarchy.bin because:
[        ]   Build cache is disabled
[        ]   Caching not enabled.
[        ] Caching disabled for MergeInstrumentationAnalysisTransform: /root/.gradle/caches/8.14/transforms/ccd4d5146633deeb32e056fb256bbedb/transformed/analysis/instrumentation-dependencies.bin because:
[        ]   Build cache is disabled
[        ]   Caching not enabled.
[        ] Caching disabled for MergeInstrumentationAnalysisTransform: /root/.gradle/caches/modules-2/files-2.1/com.google.code.findbugs/jsr305/3.0.2/25ea2e8b0c338a877313bd4672d3fe056ea78f0d/jsr305-3.0.2.jar because:
[        ]   Build cache is disabled
[        ]   Caching not enabled.
[        ] Caching disabled for MergeInstrumentationAnalysisTransform: /root/.gradle/caches/8.14/transforms/83c733493e2ffb6ca81f2223bd181a35/transformed/analysis/instrumentation-dependencies.bin because:
[        ]   Build cache is disabled
[        ]   Caching not enabled.
[        ] Caching disabled for MergeInstrumentationAnalysisTransform: /root/.gradle/caches/8.14/transforms/0539fa9ce4a552e6547543e3cb637c3a/transformed/analysis/instrumentation-dependencies.bin because:
[        ]   Build cache is disabled
[        ]   Caching not enabled.
[        ] Caching disabled for MergeInstrumentationAnalysisTransform: /root/.gradle/caches/8.14/transforms/6133e5f6d0c97db3ac5bdf0126bb4bfe/transformed/analysis/instrumentation-dependencies.bin because:
[        ]   Build cache is disabled
[        ]   Caching not enabled.
[        ] Caching disabled for MergeInstrumentationAnalysisTransform: /root/.gradle/caches/8.14/transforms/5823a3e56b0d1281b618f8c4187c5d71/transformed/analysis/instrumentation-hierarchy.bin because:
[        ]   Build cache is disabled
[        ]   Caching not enabled.
[        ] Caching disabled for MergeInstrumentationAnalysisTransform: /root/.gradle/caches/8.14/transforms/78583f17d4edeeba34d50f9204b52fbe/transformed/analysis/instrumentation-hierarchy.bin because:
[        ]   Build cache is disabled
[        ]   Caching not enabled.
[        ] Caching disabled for MergeInstrumentationAnalysisTransform: /root/.gradle/caches/8.14/transforms/f51ccf8076d57690ada9d88dd133c67d/transformed/analysis/instrumentation-dependencies.bin because:
[        ]   Build cache is disabled
[        ]   Caching not enabled.
[        ] Caching disabled for MergeInstrumentationAnalysisTransform: /root/.gradle/caches/8.14/transforms/2d6ad7057afe351af184d49f5efa7fa0/transformed/analysis/instrumentation-hierarchy.bin because:
[        ]   Build cache is disabled
[        ]   Caching not enabled.
[        ] Caching disabled for MergeInstrumentationAnalysisTransform: /root/.gradle/caches/modules-2/files-2.1/io.netty/netty-handler-proxy/4.1.110.Final/b7fb401dd47c79e6b99f2319ac3b561c50c31c30/netty-handler-proxy-4.1.110.Final.jar because:
[        ]   Build cache is disabled
[        ]   Caching not enabled.
[        ] Caching disabled for MergeInstrumentationAnalysisTransform: /root/.gradle/caches/8.14/transforms/b4e207aa96e8d470c5c1c936134d8f4c/transformed/analysis/instrumentation-dependencies.bin because:
[        ]   Build cache is disabled
[        ]   Caching not enabled.
[        ] Caching disabled for MergeInstrumentationAnalysisTransform: /root/.gradle/caches/8.14/transforms/686bf4cfe7f84bbadfff8cfc881e76ad/transformed/analysis/instrumentation-dependencies.bin because:
[        ]   Build cache is disabled
[        ]   Caching not enabled.
[        ] Caching disabled for MergeInstrumentationAnalysisTransform: /root/.gradle/caches/8.14/transforms/5823a3e56b0d1281b618f8c4187c5d71/transformed/analysis/instrumentation-dependencies.bin because:
[        ]   Build cache is disabled
[        ]   Caching not enabled.
[        ] Caching disabled for MergeInstrumentationAnalysisTransform: /root/.gradle/caches/modules-2/files-2.1/io.perfmark/perfmark-api/0.27.0/f86f575a41b091786a4b027cd9c0c1d2e3fc1c01/perfmark-api-0.27.0.jar because:
[        ]   Build cache is disabled
[        ]   Caching not enabled.
[        ] Caching disabled for MergeInstrumentationAnalysisTransform: /root/.gradle/caches/modules-2/files-2.1/io.netty/netty-codec-http2/4.1.110.Final/e0849843eb5b1c036b12551baca98a9f7ff847a0/netty-codec-http2-4.1.110.Final.jar because:
[        ]   Build cache is disabled
[        ]   Caching not enabled.
[        ] Caching disabled for MergeInstrumentationAnalysisTransform: /root/.gradle/caches/8.14/transforms/8e362c5f3c362fbc630f6643bca41639/transformed/analysis/instrumentation-hierarchy.bin because:
[        ]   Build cache is disabled
[        ]   Caching not enabled.
[        ] Caching disabled for MergeInstrumentationAnalysisTransform: /root/.gradle/caches/8.14/transforms/78583f17d4edeeba34d50f9204b52fbe/transformed/analysis/instrumentation-dependencies.bin because:
[        ]   Build cache is disabled
[        ]   Caching not enabled.
[        ] Caching disabled for MergeInstrumentationAnalysisTransform: /root/.gradle/caches/8.14/transforms/2d6ad7057afe351af184d49f5efa7fa0/transformed/analysis/instrumentation-dependencies.bin because:
[        ]   Build cache is disabled
[        ]   Caching not enabled.
[        ] Caching disabled for MergeInstrumentationAnalysisTransform: /root/.gradle/caches/modules-2/files-2.1/org.checkerframework/checker-qual/3.43.0/9425eee39e56b116d2b998b7c2cebcbd11a3c98b/checker-qual-3.43.0.jar because:
[        ]   Build cache is disabled
[        ]   Caching not enabled.
[        ] Caching disabled for MergeInstrumentationAnalysisTransform: /root/.gradle/caches/modules-2/files-2.1/io.netty/netty-handler/4.1.110.Final/168db749c22652ee7fed1ebf7ec46ce856d75e51/netty-handler-4.1.110.Final.jar because:
[        ]   Build cache is disabled
[        ]   Caching not enabled.
[        ] Caching disabled for MergeInstrumentationAnalysisTransform: /root/.gradle/caches/modules-2/files-2.1/com.google.guava/failureaccess/1.0.2/c4a06a64e650562f30b7bf9aaec1bfed43aca12b/failureaccess-1.0.2.jar because:
[        ]   Build cache is disabled
[        ]   Caching not enabled.
[        ] Caching disabled for MergeInstrumentationAnalysisTransform: /root/.gradle/caches/modules-2/files-2.1/io.netty/netty-codec-http/4.1.110.Final/9d05cd927209ea25bbf342962c00b8e5a828c2a4/netty-codec-http-4.1.110.Final.jar because:
[        ]   Build cache is disabled
[        ]   Caching not enabled.
[        ] Caching disabled for MergeInstrumentationAnalysisTransform: /root/.gradle/caches/8.14/transforms/b61fb44fc1d8321fadf92de7a61bc6d5/transformed/analysis/instrumentation-hierarchy.bin because:
[        ]   Build cache is disabled
[        ]   Caching not enabled.
[        ] Caching disabled for MergeInstrumentationAnalysisTransform: /root/.gradle/caches/modules-2/files-2.1/com.google.guava/listenablefuture/9999.0-empty-to-avoid-conflict-with-guava/b421526c5f297295adef1c886e5246c39d4ac629/listenablefuture-9999.0-empty-to-avoid-conflict-with-guava.jar because:
[        ]   Build cache is disabled
[        ]   Caching not enabled.
[        ] Caching disabled for MergeInstrumentationAnalysisTransform: /root/.gradle/caches/8.14/transforms/059495c8615bae36d0fc93a846ab4920/transformed/analysis/instrumentation-hierarchy.bin because:
[        ]   Build cache is disabled
[        ]   Caching not enabled.
[        ] Caching disabled for MergeInstrumentationAnalysisTransform: /root/.gradle/caches/modules-2/files-2.1/com.android.tools.build/apksig/8.11.1/f005788487574c7d6ba23dea63bf8cb3a4f164a6/apksig-8.11.1.jar because:
[        ]   Build cache is disabled
[        ]   Caching not enabled.
[        ] Caching disabled for MergeInstrumentationAnalysisTransform: /root/.gradle/caches/8.14/transforms/8e362c5f3c362fbc630f6643bca41639/transformed/analysis/instrumentation-dependencies.bin because:
[        ]   Build cache is disabled
[        ]   Caching not enabled.
[        ] Caching disabled for MergeInstrumentationAnalysisTransform: /root/.gradle/caches/8.14/transforms/dd8a2aee7e449ddba7026d5522c99b95/transformed/analysis/instrumentation-hierarchy.bin because:
[        ]   Build cache is disabled
[        ]   Caching not enabled.
[        ] Caching disabled for MergeInstrumentationAnalysisTransform: /root/.gradle/caches/8.14/transforms/cc26bb6f1faed16f0f96d3d35df77724/transformed/analysis/instrumentation-hierarchy.bin because:
[        ]   Build cache is disabled
[        ]   Caching not enabled.
[        ] Caching disabled for MergeInstrumentationAnalysisTransform: /root/.gradle/caches/8.14/transforms/0351b43ad8fd7f1c9e3d26f252940e1b/transformed/analysis/instrumentation-hierarchy.bin because:
[        ]   Build cache is disabled
[        ]   Caching not enabled.
[        ] Caching disabled for MergeInstrumentationAnalysisTransform: /root/.gradle/caches/8.14/transforms/ec41b8f9404b13e8f716ddadd79bd47c/transformed/analysis/instrumentation-hierarchy.bin because:
[        ]   Build cache is disabled
[        ]   Caching not enabled.
[        ] Caching disabled for MergeInstrumentationAnalysisTransform: /root/.gradle/caches/8.14/transforms/677a1829d77c1f5248ce88c9e300d627/transformed/analysis/instrumentation-hierarchy.bin because:
[        ]   Build cache is disabled
[        ]   Caching not enabled.
[        ] Caching disabled for MergeInstrumentationAnalysisTransform: /root/.gradle/caches/8.14/transforms/b61fb44fc1d8321fadf92de7a61bc6d5/transformed/analysis/instrumentation-dependencies.bin because:
[        ]   Build cache is disabled
[        ]   Caching not enabled.
[        ] Caching disabled for MergeInstrumentationAnalysisTransform: /root/.gradle/caches/modules-2/files-2.1/com.squareup/javawriter/2.5.0/81241ff7078ef14f42ea2a8995fa09c096256e6b/javawriter-2.5.0.jar because:
[        ]   Build cache is disabled
[        ]   Caching not enabled.
[        ] Caching disabled for MergeInstrumentationAnalysisTransform: /root/.gradle/caches/8.14/transforms/4eda740bb6ccf2909ae408fcc443d9fd/transformed/analysis/instrumentation-hierarchy.bin because:
[        ]   Build cache is disabled
[        ]   Caching not enabled.
[        ] Caching disabled for MergeInstrumentationAnalysisTransform: /root/.gradle/caches/8.14/transforms/059495c8615bae36d0fc93a846ab4920/transformed/analysis/instrumentation-dependencies.bin because:
[        ]   Build cache is disabled
[        ]   Caching not enabled.
[        ] Caching disabled for MergeInstrumentationAnalysisTransform: /root/.gradle/caches/modules-2/files-2.1/io.netty/netty-transport-native-unix-common/4.1.110.Final/a7096e7c0a25a983647909d7513f5d4943d589c0/netty-transport-native-unix-common-4.1.110.Final.jar because:
[        ]   Build cache is disabled
[        ]   Caching not enabled.
[        ] Caching disabled for MergeInstrumentationAnalysisTransform: /root/.gradle/caches/modules-2/files-2.1/commons-logging/commons-logging/1.2/4bfc12adfe4842bf07b657f0369c4cb522955686/commons-logging-1.2.jar because:
[        ]   Build cache is disabled
[        ]   Caching not enabled.
[        ] Caching disabled for MergeInstrumentationAnalysisTransform: /root/.gradle/caches/8.14/transforms/ec41b8f9404b13e8f716ddadd79bd47c/transformed/analysis/instrumentation-dependencies.bin because:
[        ]   Build cache is disabled
[        ]   Caching not enabled.
[        ] Caching disabled for MergeInstrumentationAnalysisTransform: /root/.gradle/caches/8.14/transforms/dd8a2aee7e449ddba7026d5522c99b95/transformed/analysis/instrumentation-dependencies.bin because:
[        ]   Build cache is disabled
[        ]   Caching not enabled.
[        ] Caching disabled for MergeInstrumentationAnalysisTransform: /root/.gradle/caches/8.14/transforms/0351b43ad8fd7f1c9e3d26f252940e1b/transformed/analysis/instrumentation-dependencies.bin because:
[        ]   Build cache is disabled
[        ]   Caching not enabled.
[        ] Caching disabled for MergeInstrumentationAnalysisTransform: /root/.gradle/caches/8.14/transforms/677a1829d77c1f5248ce88c9e300d627/transformed/analysis/instrumentation-dependencies.bin because:
[        ]   Build cache is disabled
[        ]   Caching not enabled.
[        ] Caching disabled for MergeInstrumentationAnalysisTransform: /root/.gradle/caches/8.14/transforms/cc26bb6f1faed16f0f96d3d35df77724/transformed/analysis/instrumentation-dependencies.bin because:
[        ]   Build cache is disabled
[        ]   Caching not enabled.
[        ] Caching disabled for MergeInstrumentationAnalysisTransform: /root/.gradle/caches/8.14/transforms/4eda740bb6ccf2909ae408fcc443d9fd/transformed/analysis/instrumentation-dependencies.bin because:
[        ]   Build cache is disabled
[        ]   Caching not enabled.
[        ] Caching disabled for MergeInstrumentationAnalysisTransform: /root/.gradle/caches/modules-2/files-2.1/net.java.dev.jna/jna/5.6.0/330f2244e9030119ab3030fc3fededc86713d9cc/jna-5.6.0.jar because:
[        ]   Build cache is disabled
[        ]   Caching not enabled.
[        ] Caching disabled for MergeInstrumentationAnalysisTransform: /root/.gradle/caches/modules-2/files-2.1/io.netty/netty-buffer/4.1.110.Final/3d918a9ee057d995c362902b54634fc307132aac/netty-buffer-4.1.110.Final.jar because:
[        ]   Build cache is disabled
[        ]   Caching not enabled.
[        ] Caching disabled for MergeInstrumentationAnalysisTransform: /root/.gradle/caches/modules-2/files-2.1/commons-codec/commons-codec/1.11/3acb4705652e16236558f0f4f2192cc33c3bd189/commons-codec-1.11.jar because:
[        ]   Build cache is disabled
[        ]   Caching not enabled.
[        ] Caching disabled for MergeInstrumentationAnalysisTransform: /root/.gradle/caches/modules-2/files-2.1/io.netty/netty-codec-socks/4.1.110.Final/4d54c8d5b95b14756043efb59b8c3e62ec67aa43/netty-codec-socks-4.1.110.Final.jar because:
[        ]   Build cache is disabled
[        ]   Caching not enabled.
[        ] Caching disabled for MergeInstrumentationAnalysisTransform: /root/.gradle/caches/modules-2/files-2.1/io.netty/netty-codec/4.1.110.Final/f1fa43b03e93ab88e805b6a4e3e83780c80b47d2/netty-codec-4.1.110.Final.jar because:
[        ]   Build cache is disabled
[        ]   Caching not enabled.
[        ] Caching disabled for MergeInstrumentationAnalysisTransform: /root/.gradle/caches/modules-2/files-2.1/io.netty/netty-resolver/4.1.110.Final/66c15921104cda0159b34e316541bc765dfaf3c0/netty-resolver-4.1.110.Final.jar because:
[        ]   Build cache is disabled
[        ]   Caching not enabled.
[        ] Caching disabled for MergeInstrumentationAnalysisTransform: /root/.gradle/caches/modules-2/files-2.1/io.netty/netty-transport/4.1.110.Final/b91f04c39ac14d6a29d07184ef305953ee6e0348/netty-transport-4.1.110.Final.jar because:
[        ]   Build cache is disabled
[        ]   Caching not enabled.
[        ] Caching disabled for MergeInstrumentationAnalysisTransform: /root/.gradle/caches/modules-2/files-2.1/io.netty/netty-common/4.1.110.Final/ec361e7e025c029be50c55c8480080cabcbc01e7/netty-common-4.1.110.Final.jar because:
[        ]   Build cache is disabled
[        ]   Caching not enabled.
[        ] Caching disabled for Groovy DSL script compilation (proj) because:
[        ]   Build cache is disabled
[        ]   Not worth caching.
[        ] Compiling build file '/root/.pub-cache/hosted/pub.dev/sqflite_android-2.4.2+2/android/build.gradle' using BuildScriptTransformer.
[        ] Using default execution profile
[  +94 ms] > Configure project :url_launcher_android
[        ] Evaluating project ':url_launcher_android' using build file '/root/.pub-cache/hosted/pub.dev/url_launcher_android-6.3.28/android/build.gradle'.
[        ] Caching disabled for Groovy DSL script compilation (cp_proj) because:
[        ]   Build cache is disabled
[        ]   Not worth caching.
[        ] Compiling build file '/root/.pub-cache/hosted/pub.dev/url_launcher_android-6.3.28/android/build.gradle' using SubsetScriptTransformer.
[        ] Caching disabled for Groovy DSL script compilation (proj) because:
[        ]   Build cache is disabled
[        ]   Not worth caching.
[        ] Compiling build file '/root/.pub-cache/hosted/pub.dev/url_launcher_android-6.3.28/android/build.gradle' using BuildScriptTransformer.
[        ] Using default execution profile
[        ] All projects evaluated.
[ +100 ms] Task name matched 'assembleDebug'
[        ] Selected primary task 'assembleDebug' from project :
[ +498 ms] Adding -Xuse-inline-scopes-numbers Kotlin compiler flag for task :app:compileDebugKotlin
[+1007 ms] Tasks to be executed: [task ':app:DebugMinSdkCheck', task ':app:preBuild', task ':app:preDebugBuild', task ':app:mergeDebugNativeDebugMetadata', task ':app:checkKotlinGradlePluginConfigurationErrors', task ':app:compileFlutterBuildDebug', task ':app:packJniLibsflutterBuildDebug', task ':audioplayers_android:preBuild', task ':audioplayers_android:preDebugBuild', task ':audioplayers_android:writeDebugAarMetadata', task ':connectivity_plus:preBuild', task ':connectivity_plus:preDebugBuild', task ':connectivity_plus:writeDebugAarMetadata', task ':device_info_plus:preBuild', task ':device_info_plus:preDebugBuild', task ':device_info_plus:writeDebugAarMetadata', task ':file_picker:preBuild', task ':file_picker:preDebugBuild', task ':file_picker:writeDebugAarMetadata', task ':firebase_core:preBuild', task ':firebase_core:preDebugBuild', task ':firebase_core:writeDebugAarMetadata', task ':firebase_messaging:preBuild', task ':firebase_messaging:preDebugBuild', task ':firebase_messaging:writeDebugAarMetadata', task ':flutter_plugin_android_lifecycle:preBuild', task ':flutter_plugin_android_lifecycle:preDebugBuild', task ':flutter_plugin_android_lifecycle:writeDebugAarMetadata', task ':flutter_secure_storage:preBuild', task ':flutter_secure_storage:preDebugBuild', task ':flutter_secure_storage:writeDebugAarMetadata', task ':flutter_sound:preBuild', task ':flutter_sound:preDebugBuild', task ':flutter_sound:writeDebugAarMetadata', task ':flutter_webrtc:preBuild', task ':flutter_webrtc:preDebugBuild', task ':flutter_webrtc:writeDebugAarMetadata', task ':geolocator_android:preBuild', task ':geolocator_android:preDebugBuild', task ':geolocator_android:writeDebugAarMetadata', task ':image_picker_android:preBuild', task ':image_picker_android:preDebugBuild', task ':image_picker_android:writeDebugAarMetadata', task ':livekit_client:preBuild', task ':livekit_client:preDebugBuild', task ':livekit_client:writeDebugAarMetadata', task ':path_provider_android:preBuild', task ':path_provider_android:preDebugBuild', task ':path_provider_android:writeDebugAarMetadata', task ':permission_handler_android:preBuild', task ':permission_handler_android:preDebugBuild', task ':permission_handler_android:writeDebugAarMetadata', task ':sqflite_android:preBuild', task ':sqflite_android:preDebugBuild', task ':sqflite_android:writeDebugAarMetadata', task ':url_launcher_android:preBuild', task ':url_launcher_android:preDebugBuild', task ':url_launcher_android:writeDebugAarMetadata', task ':app:checkDebugAarMetadata', task ':app:cleanMergeDebugAssets', task ':app:mergeDebugShaders', task ':app:compileDebugShaders', task ':app:generateDebugAssets', task ':audioplayers_android:mergeDebugShaders', task ':audioplayers_android:compileDebugShaders', task ':audioplayers_android:generateDebugAssets', task ':audioplayers_android:mergeDebugAssets', task ':connectivity_plus:mergeDebugShaders', task ':connectivity_plus:compileDebugShaders', task ':connectivity_plus:generateDebugAssets', task ':connectivity_plus:mergeDebugAssets', task ':device_info_plus:mergeDebugShaders', task ':device_info_plus:compileDebugShaders', task ':device_info_plus:generateDebugAssets', task ':device_info_plus:mergeDebugAssets', task ':file_picker:mergeDebugShaders', task ':file_picker:compileDebugShaders', task ':file_picker:generateDebugAssets', task ':file_picker:mergeDebugAssets', task ':firebase_core:mergeDebugShaders', task ':firebase_core:compileDebugShaders', task ':firebase_core:generateDebugAssets', task ':firebase_core:mergeDebugAssets', task ':firebase_messaging:mergeDebugShaders', task ':firebase_messaging:compileDebugShaders', task ':firebase_messaging:generateDebugAssets', task ':firebase_messaging:mergeDebugAssets', task ':flutter_plugin_android_lifecycle:mergeDebugShaders', task ':flutter_plugin_android_lifecycle:compileDebugShaders', task ':flutter_plugin_android_lifecycle:generateDebugAssets', task ':flutter_plugin_android_lifecycle:mergeDebugAssets', task ':flutter_secure_storage:mergeDebugShaders', task ':flutter_secure_storage:compileDebugShaders', task ':flutter_secure_storage:generateDebugAssets', task ':flutter_secure_storage:mergeDebugAssets', task ':flutter_sound:mergeDebugShaders', task ':flutter_sound:compileDebugShaders', task ':flutter_sound:generateDebugAssets', task ':flutter_sound:mergeDebugAssets', task ':flutter_webrtc:mergeDebugShaders', task ':flutter_webrtc:compileDebugShaders', task ':flutter_webrtc:generateDebugAssets', task ':flutter_webrtc:mergeDebugAssets', task ':geolocator_android:mergeDebugShaders', task ':geolocator_android:compileDebugShaders', task ':geolocator_android:generateDebugAssets', task ':geolocator_android:mergeDebugAssets', task ':image_picker_android:mergeDebugShaders', task ':image_picker_android:compileDebugShaders', task ':image_picker_android:generateDebugAssets', task ':image_picker_android:mergeDebugAssets', task ':livekit_client:mergeDebugShaders', task ':livekit_client:compileDebugShaders', task ':livekit_client:generateDebugAssets', task ':livekit_client:mergeDebugAssets', task ':path_provider_android:mergeDebugShaders', task ':path_provider_android:compileDebugShaders', task ':path_provider_android:generateDebugAssets', task ':path_provider_android:mergeDebugAssets', task ':permission_handler_android:mergeDebugShaders', task ':permission_handler_android:compileDebugShaders', task ':permission_handler_android:generateDebugAssets', task ':permission_handler_android:mergeDebugAssets', task ':sqflite_android:mergeDebugShaders', task ':sqflite_android:compileDebugShaders', task ':sqflite_android:generateDebugAssets', task ':sqflite_android:mergeDebugAssets', task ':url_launcher_android:mergeDebugShaders', task ':url_launcher_android:compileDebugShaders', task ':url_launcher_android:generateDebugAssets', task ':url_launcher_android:mergeDebugAssets', task ':app:mergeDebugAssets', task ':app:copyFlutterAssetsDebug', task ':app:generateDebugResValues', task ':audioplayers_android:generateDebugResValues', task ':audioplayers_android:generateDebugResources', task ':audioplayers_android:packageDebugResources', task ':connectivity_plus:generateDebugResValues', task ':connectivity_plus:generateDebugResources', task ':connectivity_plus:packageDebugResources', task ':device_info_plus:generateDebugResValues', task ':device_info_plus:generateDebugResources', task ':device_info_plus:packageDebugResources', task ':file_picker:generateDebugResValues', task ':file_picker:generateDebugResources', task ':file_picker:packageDebugResources', task ':firebase_core:generateDebugResValues', task ':firebase_core:generateDebugResources', task ':firebase_core:packageDebugResources', task ':firebase_messaging:generateDebugResValues', task ':firebase_messaging:generateDebugResources', task ':firebase_messaging:packageDebugResources', task ':flutter_plugin_android_lifecycle:generateDebugResValues', task ':flutter_plugin_android_lifecycle:generateDebugResources', task ':flutter_plugin_android_lifecycle:packageDebugResources', task ':flutter_secure_storage:generateDebugResValues', task ':flutter_secure_storage:generateDebugResources', task ':flutter_secure_storage:packageDebugResources', task ':flutter_sound:generateDebugResValues', task ':flutter_sound:generateDebugResources', task ':flutter_sound:packageDebugResources', task ':flutter_webrtc:generateDebugResValues', task ':flutter_webrtc:generateDebugResources', task ':flutter_webrtc:packageDebugResources', task ':geolocator_android:generateDebugResValues', task ':geolocator_android:generateDebugResources', task ':geolocator_android:packageDebugResources', task ':image_picker_android:generateDebugResValues', task ':image_picker_android:generateDebugResources', task ':image_picker_android:packageDebugResources', task ':livekit_client:generateDebugResValues', task ':livekit_client:generateDebugResources', task ':livekit_client:packageDebugResources', task ':path_provider_android:generateDebugResValues', task ':path_provider_android:generateDebugResources', task ':path_provider_android:packageDebugResources', task ':permission_handler_android:generateDebugResValues', task ':permission_handler_android:generateDebugResources', task ':permission_handler_android:packageDebugResources', task ':sqflite_android:generateDebugResValues', task ':sqflite_android:generateDebugResources', task ':sqflite_android:packageDebugResources', task ':url_launcher_android:generateDebugResValues', task ':url_launcher_android:generateDebugResources', task ':url_launcher_android:packageDebugResources', task ':app:mapDebugSourceSetPaths', task ':app:generateDebugResources', task ':app:mergeDebugResources', task ':app:packageDebugResources', task ':app:parseDebugLocalResources', task ':app:createDebugCompatibleScreenManifests', task ':app:extractDeepLinksDebug', task ':audioplayers_android:extractDeepLinksDebug', task ':audioplayers_android:processDebugManifest', task ':connectivity_plus:extractDeepLinksDebug', task ':connectivity_plus:processDebugManifest', task ':device_info_plus:extractDeepLinksDebug', task ':device_info_plus:processDebugManifest', task ':file_picker:extractDeepLinksDebug', task ':file_picker:processDebugManifest', task ':firebase_core:extractDeepLinksDebug', task ':firebase_core:processDebugManifest', task ':firebase_messaging:extractDeepLinksDebug', task ':firebase_messaging:processDebugManifest', task ':flutter_plugin_android_lifecycle:extractDeepLinksDebug', task ':flutter_plugin_android_lifecycle:processDebugManifest', task ':flutter_secure_storage:extractDeepLinksDebug', task ':flutter_secure_storage:processDebugManifest', task ':flutter_sound:extractDeepLinksDebug', task ':flutter_sound:processDebugManifest', task ':flutter_webrtc:extractDeepLinksDebug', task ':flutter_webrtc:processDebugManifest', task ':geolocator_android:extractDeepLinksDebug', task ':geolocator_android:processDebugManifest', task ':image_picker_android:extractDeepLinksDebug', task ':image_picker_android:processDebugManifest', task ':livekit_client:extractDeepLinksDebug', task ':livekit_client:processDebugManifest', task ':path_provider_android:extractDeepLinksDebug', task ':path_provider_android:processDebugManifest', task ':permission_handler_android:extractDeepLinksDebug', task ':permission_handler_android:processDebugManifest', task ':sqflite_android:extractDeepLinksDebug', task ':sqflite_android:processDebugManifest', task ':url_launcher_android:extractDeepLinksDebug', task ':url_launcher_android:processDebugManifest', task ':app:processDebugMainManifest', task ':app:outputDebugAppLinkSettings', task ':app:processDebugManifest', task ':app:processDebugManifestForPackage', task ':audioplayers_android:compileDebugLibraryResources', task ':audioplayers_android:parseDebugLocalResources', task ':audioplayers_android:generateDebugRFile', task ':connectivity_plus:compileDebugLibraryResources', task ':connectivity_plus:parseDebugLocalResources', task ':connectivity_plus:generateDebugRFile', task ':device_info_plus:compileDebugLibraryResources', task ':device_info_plus:parseDebugLocalResources', task ':device_info_plus:generateDebugRFile', task ':file_picker:compileDebugLibraryResources', task ':file_picker:parseDebugLocalResources', task ':file_picker:generateDebugRFile', task ':firebase_core:compileDebugLibraryResources', task ':firebase_core:parseDebugLocalResources', task ':firebase_core:generateDebugRFile', task ':firebase_messaging:compileDebugLibraryResources', task ':firebase_messaging:parseDebugLocalResources', task ':firebase_messaging:generateDebugRFile', task ':flutter_plugin_android_lifecycle:compileDebugLibraryResources', task ':flutter_plugin_android_lifecycle:parseDebugLocalResources', task ':flutter_plugin_android_lifecycle:generateDebugRFile', task ':flutter_secure_storage:compileDebugLibraryResources', task ':flutter_secure_storage:parseDebugLocalResources', task ':flutter_secure_storage:generateDebugRFile', task ':flutter_sound:compileDebugLibraryResources', task ':flutter_sound:parseDebugLocalResources', task ':flutter_sound:generateDebugRFile', task ':flutter_webrtc:compileDebugLibraryResources', task ':flutter_webrtc:parseDebugLocalResources', task ':flutter_webrtc:generateDebugRFile', task ':geolocator_android:compileDebugLibraryResources', task ':geolocator_android:parseDebugLocalResources', task ':geolocator_android:generateDebugRFile', task ':image_picker_android:compileDebugLibraryResources', task ':image_picker_android:parseDebugLocalResources', task ':image_picker_android:generateDebugRFile', task ':livekit_client:compileDebugLibraryResources', task ':livekit_client:parseDebugLocalResources', task ':livekit_client:generateDebugRFile', task ':path_provider_android:compileDebugLibraryResources', task ':path_provider_android:parseDebugLocalResources', task ':path_provider_android:generateDebugRFile', task ':permission_handler_android:compileDebugLibraryResources', task ':permission_handler_android:parseDebugLocalResources', task ':permission_handler_android:generateDebugRFile', task ':sqflite_android:compileDebugLibraryResources', task ':sqflite_android:parseDebugLocalResources', task ':sqflite_android:generateDebugRFile', task ':url_launcher_android:compileDebugLibraryResources', task ':url_launcher_android:parseDebugLocalResources', task ':url_launcher_android:generateDebugRFile', task ':app:processDebugResources', task ':audioplayers_android:checkKotlinGradlePluginConfigurationErrors', task ':audioplayers_android:compileDebugKotlin', task ':audioplayers_android:javaPreCompileDebug', task ':audioplayers_android:compileDebugJavaWithJavac', task ':audioplayers_android:bundleLibCompileToJarDebug', task ':connectivity_plus:javaPreCompileDebug', task ':connectivity_plus:compileDebugJavaWithJavac', task ':connectivity_plus:bundleLibCompileToJarDebug', task ':device_info_plus:checkKotlinGradlePluginConfigurationErrors', task ':device_info_plus:compileDebugKotlin', task ':device_info_plus:javaPreCompileDebug', task ':device_info_plus:compileDebugJavaWithJavac', task ':device_info_plus:bundleLibCompileToJarDebug', task ':file_picker:javaPreCompileDebug', task ':flutter_plugin_android_lifecycle:javaPreCompileDebug', task ':flutter_plugin_android_lifecycle:compileDebugJavaWithJavac', task ':flutter_plugin_android_lifecycle:bundleLibCompileToJarDebug', task ':file_picker:compileDebugJavaWithJavac', task ':file_picker:bundleLibCompileToJarDebug', task ':firebase_core:generateDebugBuildConfig', task ':firebase_core:javaPreCompileDebug', task ':firebase_core:compileDebugJavaWithJavac', task ':firebase_core:bundleLibCompileToJarDebug', task ':firebase_messaging:generateDebugBuildConfig', task ':firebase_messaging:javaPreCompileDebug', task ':firebase_messaging:compileDebugJavaWithJavac', task ':firebase_messaging:bundleLibCompileToJarDebug', task ':flutter_secure_storage:generateDebugBuildConfig', task ':flutter_secure_storage:javaPreCompileDebug', task ':flutter_secure_storage:compileDebugJavaWithJavac', task ':flutter_secure_storage:bundleLibCompileToJarDebug', task ':flutter_sound:javaPreCompileDebug', task ':flutter_sound:compileDebugJavaWithJavac', task ':flutter_sound:bundleLibCompileToJarDebug', task ':flutter_webrtc:checkKotlinGradlePluginConfigurationErrors', task ':flutter_webrtc:compileDebugKotlin', task ':flutter_webrtc:javaPreCompileDebug', task ':flutter_webrtc:compileDebugJavaWithJavac', task ':flutter_webrtc:bundleLibCompileToJarDebug', task ':geolocator_android:javaPreCompileDebug', task ':geolocator_android:compileDebugJavaWithJavac', task ':geolocator_android:bundleLibCompileToJarDebug', task ':image_picker_android:javaPreCompileDebug', task ':image_picker_android:compileDebugJavaWithJavac', task ':image_picker_android:bundleLibCompileToJarDebug', task ':livekit_client:checkKotlinGradlePluginConfigurationErrors', task ':livekit_client:compileDebugKotlin', task ':livekit_client:javaPreCompileDebug', task ':livekit_client:compileDebugJavaWithJavac', task ':livekit_client:bundleLibCompileToJarDebug', task ':path_provider_android:javaPreCompileDebug', task ':path_provider_android:compileDebugJavaWithJavac', task ':path_provider_android:bundleLibCompileToJarDebug', task ':permission_handler_android:javaPreCompileDebug', task ':permission_handler_android:compileDebugJavaWithJavac', task ':permission_handler_android:bundleLibCompileToJarDebug', task ':sqflite_android:javaPreCompileDebug', task ':sqflite_android:compileDebugJavaWithJavac', task ':sqflite_android:bundleLibCompileToJarDebug', task ':url_launcher_android:generateDebugBuildConfig', task ':url_launcher_android:javaPreCompileDebug', task ':url_launcher_android:compileDebugJavaWithJavac', task ':url_launcher_android:bundleLibCompileToJarDebug', task ':app:compileDebugKotlin', task ':app:javaPreCompileDebug', task ':app:compileDebugJavaWithJavac', task ':app:compressDebugAssets', task ':audioplayers_android:bundleLibRuntimeToJarDebug', task ':livekit_client:bundleLibRuntimeToJarDebug', task ':connectivity_plus:bundleLibRuntimeToJarDebug', task ':device_info_plus:bundleLibRuntimeToJarDebug', task ':file_picker:bundleLibRuntimeToJarDebug', task ':firebase_messaging:bundleLibRuntimeToJarDebug', task ':firebase_core:bundleLibRuntimeToJarDebug', task ':image_picker_android:bundleLibRuntimeToJarDebug', task ':flutter_plugin_android_lifecycle:bundleLibRuntimeToJarDebug', task ':flutter_secure_storage:bundleLibRuntimeToJarDebug', task ':flutter_sound:bundleLibRuntimeToJarDebug', task ':flutter_webrtc:bundleLibRuntimeToJarDebug', task ':geolocator_android:bundleLibRuntimeToJarDebug', task ':path_provider_android:bundleLibRuntimeToJarDebug', task ':permission_handler_android:bundleLibRuntimeToJarDebug', task ':sqflite_android:bundleLibRuntimeToJarDebug', task ':url_launcher_android:bundleLibRuntimeToJarDebug', task ':app:desugarDebugFileDependencies', task ':app:dexBuilderDebug', task ':app:mergeDebugGlobalSynthetics', task ':app:processDebugJavaRes', task ':audioplayers_android:processDebugJavaRes', task ':connectivity_plus:processDebugJavaRes', task ':device_info_plus:processDebugJavaRes', task ':file_picker:processDebugJavaRes', task ':firebase_core:processDebugJavaRes', task ':firebase_messaging:processDebugJavaRes', task ':flutter_plugin_android_lifecycle:processDebugJavaRes', task ':flutter_secure_storage:processDebugJavaRes', task ':flutter_sound:processDebugJavaRes', task ':flutter_webrtc:processDebugJavaRes', task ':geolocator_android:processDebugJavaRes', task ':image_picker_android:processDebugJavaRes', task ':livekit_client:processDebugJavaRes', task ':path_provider_android:processDebugJavaRes', task ':permission_handler_android:processDebugJavaRes', task ':sqflite_android:processDebugJavaRes', task ':url_launcher_android:processDebugJavaRes', task ':app:mergeDebugJavaResource', task ':app:checkDebugDuplicateClasses', task ':app:mergeExtDexDebug', task ':audioplayers_android:bundleLibRuntimeToDirDebug', task ':livekit_client:bundleLibRuntimeToDirDebug', task ':connectivity_plus:bundleLibRuntimeToDirDebug', task ':device_info_plus:bundleLibRuntimeToDirDebug', task ':file_picker:bundleLibRuntimeToDirDebug', task ':firebase_messaging:bundleLibRuntimeToDirDebug', task ':firebase_core:bundleLibRuntimeToDirDebug', task ':image_picker_android:bundleLibRuntimeToDirDebug', task ':flutter_plugin_android_lifecycle:bundleLibRuntimeToDirDebug', task ':flutter_secure_storage:bundleLibRuntimeToDirDebug', task ':flutter_sound:bundleLibRuntimeToDirDebug', task ':flutter_webrtc:bundleLibRuntimeToDirDebug', task ':geolocator_android:bundleLibRuntimeToDirDebug', task ':path_provider_android:bundleLibRuntimeToDirDebug', task ':permission_handler_android:bundleLibRuntimeToDirDebug', task ':sqflite_android:bundleLibRuntimeToDirDebug', task ':url_launcher_android:bundleLibRuntimeToDirDebug', task ':app:mergeLibDexDebug', task ':app:mergeProjectDexDebug', task ':app:configureCMakeDebug[arm64-v8a]', task ':app:buildCMakeDebug[arm64-v8a]', task ':app:configureCMakeDebug[armeabi-v7a]', task ':app:buildCMakeDebug[armeabi-v7a]', task ':app:configureCMakeDebug[x86_64]', task ':app:buildCMakeDebug[x86_64]', task ':app:mergeDebugJniLibFolders', task ':audioplayers_android:mergeDebugJniLibFolders', task ':audioplayers_android:mergeDebugNativeLibs', task ':audioplayers_android:copyDebugJniLibsProjectOnly', task ':connectivity_plus:mergeDebugJniLibFolders', task ':connectivity_plus:mergeDebugNativeLibs', task ':connectivity_plus:copyDebugJniLibsProjectOnly', task ':device_info_plus:mergeDebugJniLibFolders', task ':device_info_plus:mergeDebugNativeLibs', task ':device_info_plus:copyDebugJniLibsProjectOnly', task ':file_picker:mergeDebugJniLibFolders', task ':file_picker:mergeDebugNativeLibs', task ':file_picker:copyDebugJniLibsProjectOnly', task ':firebase_core:mergeDebugJniLibFolders', task ':firebase_core:mergeDebugNativeLibs', task ':firebase_core:copyDebugJniLibsProjectOnly', task ':firebase_messaging:mergeDebugJniLibFolders', task ':firebase_messaging:mergeDebugNativeLibs', task ':firebase_messaging:copyDebugJniLibsProjectOnly', task ':flutter_plugin_android_lifecycle:mergeDebugJniLibFolders', task ':flutter_plugin_android_lifecycle:mergeDebugNativeLibs', task ':flutter_plugin_android_lifecycle:copyDebugJniLibsProjectOnly', task ':flutter_secure_storage:mergeDebugJniLibFolders', task ':flutter_secure_storage:mergeDebugNativeLibs', task ':flutter_secure_storage:copyDebugJniLibsProjectOnly', task ':flutter_sound:mergeDebugJniLibFolders', task ':flutter_sound:mergeDebugNativeLibs', task ':flutter_sound:copyDebugJniLibsProjectOnly', task ':flutter_webrtc:mergeDebugJniLibFolders', task ':flutter_webrtc:mergeDebugNativeLibs', task ':flutter_webrtc:copyDebugJniLibsProjectOnly', task ':geolocator_android:mergeDebugJniLibFolders', task ':geolocator_android:mergeDebugNativeLibs', task ':geolocator_android:copyDebugJniLibsProjectOnly', task ':image_picker_android:mergeDebugJniLibFolders', task ':image_picker_android:mergeDebugNativeLibs', task ':image_picker_android:copyDebugJniLibsProjectOnly', task ':livekit_client:mergeDebugJniLibFolders', task ':livekit_client:mergeDebugNativeLibs', task ':livekit_client:copyDebugJniLibsProjectOnly', task ':path_provider_android:mergeDebugJniLibFolders', task ':path_provider_android:mergeDebugNativeLibs', task ':path_provider_android:copyDebugJniLibsProjectOnly', task ':permission_handler_android:mergeDebugJniLibFolders', task ':permission_handler_android:mergeDebugNativeLibs', task ':permission_handler_android:copyDebugJniLibsProjectOnly', task ':sqflite_android:mergeDebugJniLibFolders', task ':sqflite_android:mergeDebugNativeLibs', task ':sqflite_android:copyDebugJniLibsProjectOnly', task ':url_launcher_android:mergeDebugJniLibFolders', task ':url_launcher_android:mergeDebugNativeLibs', task ':url_launcher_android:copyDebugJniLibsProjectOnly', task ':app:mergeDebugNativeLibs', task ':app:stripDebugDebugSymbols', task ':app:validateSigningDebug', task ':app:writeDebugAppMetadata', task ':app:writeDebugSigningConfigVersions', task ':app:packageDebug', task ':app:createDebugApkListingFileRedirect', task ':app:assembleDebug', task ':audioplayers_android:stripDebugDebugSymbols', task ':audioplayers_android:copyDebugJniLibsProjectAndLocalJars', task ':audioplayers_android:extractDebugAnnotations', task ':audioplayers_android:extractDeepLinksForAarDebug', task ':audioplayers_android:mergeDebugGeneratedProguardFiles', task ':audioplayers_android:mergeDebugConsumerProguardFiles', task ':audioplayers_android:prepareDebugArtProfile', task ':audioplayers_android:prepareLintJarForPublish', task ':audioplayers_android:mergeDebugJavaResource', task ':audioplayers_android:syncDebugLibJars', task ':audioplayers_android:bundleDebugAar', task ':audioplayers_android:assembleDebug', task ':connectivity_plus:stripDebugDebugSymbols', task ':connectivity_plus:copyDebugJniLibsProjectAndLocalJars', task ':connectivity_plus:extractDebugAnnotations', task ':connectivity_plus:extractDeepLinksForAarDebug', task ':connectivity_plus:mergeDebugGeneratedProguardFiles', task ':connectivity_plus:mergeDebugConsumerProguardFiles', task ':connectivity_plus:prepareDebugArtProfile', task ':connectivity_plus:prepareLintJarForPublish', task ':connectivity_plus:mergeDebugJavaResource', task ':connectivity_plus:syncDebugLibJars', task ':connectivity_plus:bundleDebugAar', task ':connectivity_plus:assembleDebug', task ':device_info_plus:stripDebugDebugSymbols', task ':device_info_plus:copyDebugJniLibsProjectAndLocalJars', task ':device_info_plus:extractDebugAnnotations', task ':device_info_plus:extractDeepLinksForAarDebug', task ':device_info_plus:mergeDebugGeneratedProguardFiles', task ':device_info_plus:mergeDebugConsumerProguardFiles', task ':device_info_plus:prepareDebugArtProfile', task ':device_info_plus:prepareLintJarForPublish', task ':device_info_plus:mergeDebugJavaResource', task ':device_info_plus:syncDebugLibJars', task ':device_info_plus:bundleDebugAar', task ':device_info_plus:assembleDebug', task ':file_picker:stripDebugDebugSymbols', task ':file_picker:copyDebugJniLibsProjectAndLocalJars', task ':file_picker:extractDebugAnnotations', task ':file_picker:extractDeepLinksForAarDebug', task ':file_picker:mergeDebugGeneratedProguardFiles', task ':file_picker:mergeDebugConsumerProguardFiles', task ':file_picker:prepareDebugArtProfile', task ':file_picker:prepareLintJarForPublish', task ':file_picker:mergeDebugJavaResource', task ':file_picker:syncDebugLibJars', task ':file_picker:bundleDebugAar', task ':file_picker:assembleDebug', task ':firebase_core:stripDebugDebugSymbols', task ':firebase_core:copyDebugJniLibsProjectAndLocalJars', task ':firebase_core:extractDebugAnnotations', task ':firebase_core:extractDeepLinksForAarDebug', task ':firebase_core:mergeDebugGeneratedProguardFiles', task ':firebase_core:mergeDebugConsumerProguardFiles', task ':firebase_core:prepareDebugArtProfile', task ':firebase_core:prepareLintJarForPublish', task ':firebase_core:mergeDebugJavaResource', task ':firebase_core:syncDebugLibJars', task ':firebase_core:bundleDebugAar', task ':firebase_core:assembleDebug', task ':firebase_messaging:stripDebugDebugSymbols', task ':firebase_messaging:copyDebugJniLibsProjectAndLocalJars', task ':firebase_messaging:extractDebugAnnotations', task ':firebase_messaging:extractDeepLinksForAarDebug', task ':firebase_messaging:mergeDebugGeneratedProguardFiles', task ':firebase_messaging:mergeDebugConsumerProguardFiles', task ':firebase_messaging:prepareDebugArtProfile', task ':firebase_messaging:prepareLintJarForPublish', task ':firebase_messaging:mergeDebugJavaResource', task ':firebase_messaging:syncDebugLibJars', task ':firebase_messaging:bundleDebugAar', task ':firebase_messaging:assembleDebug', task ':flutter_plugin_android_lifecycle:stripDebugDebugSymbols', task ':flutter_plugin_android_lifecycle:copyDebugJniLibsProjectAndLocalJars', task ':flutter_plugin_android_lifecycle:extractDebugAnnotations', task ':flutter_plugin_android_lifecycle:extractDeepLinksForAarDebug', task ':flutter_plugin_android_lifecycle:mergeDebugGeneratedProguardFiles', task ':flutter_plugin_android_lifecycle:mergeDebugConsumerProguardFiles', task ':flutter_plugin_android_lifecycle:prepareDebugArtProfile', task ':flutter_plugin_android_lifecycle:prepareLintJarForPublish', task ':flutter_plugin_android_lifecycle:mergeDebugJavaResource', task ':flutter_plugin_android_lifecycle:syncDebugLibJars', task ':flutter_plugin_android_lifecycle:bundleDebugAar', task ':flutter_plugin_android_lifecycle:assembleDebug', task ':flutter_secure_storage:stripDebugDebugSymbols', task ':flutter_secure_storage:copyDebugJniLibsProjectAndLocalJars', task ':flutter_secure_storage:extractDebugAnnotations', task ':flutter_secure_storage:extractDeepLinksForAarDebug', task ':flutter_secure_storage:mergeDebugGeneratedProguardFiles', task ':flutter_secure_storage:mergeDebugConsumerProguardFiles', task ':flutter_secure_storage:prepareDebugArtProfile', task ':flutter_secure_storage:prepareLintJarForPublish', task ':flutter_secure_storage:mergeDebugJavaResource', task ':flutter_secure_storage:syncDebugLibJars', task ':flutter_secure_storage:bundleDebugAar', task ':flutter_secure_storage:assembleDebug', task ':flutter_sound:stripDebugDebugSymbols', task ':flutter_sound:copyDebugJniLibsProjectAndLocalJars', task ':flutter_sound:extractDebugAnnotations', task ':flutter_sound:extractDeepLinksForAarDebug', task ':flutter_sound:mergeDebugGeneratedProguardFiles', task ':flutter_sound:mergeDebugConsumerProguardFiles', task ':flutter_sound:prepareDebugArtProfile', task ':flutter_sound:prepareLintJarForPublish', task ':flutter_sound:mergeDebugJavaResource', task ':flutter_sound:syncDebugLibJars', task ':flutter_sound:bundleDebugAar', task ':flutter_sound:assembleDebug', task ':flutter_webrtc:stripDebugDebugSymbols', task ':flutter_webrtc:copyDebugJniLibsProjectAndLocalJars', task ':flutter_webrtc:extractDebugAnnotations', task ':flutter_webrtc:extractDeepLinksForAarDebug', task ':flutter_webrtc:mergeDebugGeneratedProguardFiles', task ':flutter_webrtc:mergeDebugConsumerProguardFiles', task ':flutter_webrtc:prepareDebugArtProfile', task ':flutter_webrtc:prepareLintJarForPublish', task ':flutter_webrtc:mergeDebugJavaResource', task ':flutter_webrtc:syncDebugLibJars', task ':flutter_webrtc:bundleDebugAar', task ':flutter_webrtc:assembleDebug', task ':geolocator_android:stripDebugDebugSymbols', task ':geolocator_android:copyDebugJniLibsProjectAndLocalJars', task ':geolocator_android:extractDebugAnnotations', task ':geolocator_android:extractDeepLinksForAarDebug', task ':geolocator_android:mergeDebugGeneratedProguardFiles', task ':geolocator_android:mergeDebugConsumerProguardFiles', task ':geolocator_android:prepareDebugArtProfile', task ':geolocator_android:prepareLintJarForPublish', task ':geolocator_android:mergeDebugJavaResource', task ':geolocator_android:syncDebugLibJars', task ':geolocator_android:bundleDebugAar', task ':geolocator_android:assembleDebug', task ':image_picker_android:stripDebugDebugSymbols', task ':image_picker_android:copyDebugJniLibsProjectAndLocalJars', task ':image_picker_android:extractDebugAnnotations', task ':image_picker_android:extractDeepLinksForAarDebug', task ':image_picker_android:mergeDebugGeneratedProguardFiles', task ':image_picker_android:mergeDebugConsumerProguardFiles', task ':image_picker_android:prepareDebugArtProfile', task ':image_picker_android:prepareLintJarForPublish', task ':image_picker_android:mergeDebugJavaResource', task ':image_picker_android:syncDebugLibJars', task ':image_picker_android:bundleDebugAar', task ':image_picker_android:assembleDebug', task ':livekit_client:stripDebugDebugSymbols', task ':livekit_client:copyDebugJniLibsProjectAndLocalJars', task ':livekit_client:extractDebugAnnotations', task ':livekit_client:extractDeepLinksForAarDebug', task ':livekit_client:mergeDebugGeneratedProguardFiles', task ':livekit_client:mergeDebugConsumerProguardFiles', task ':livekit_client:prepareDebugArtProfile', task ':livekit_client:prepareLintJarForPublish', task ':livekit_client:mergeDebugJavaResource', task ':livekit_client:syncDebugLibJars', task ':livekit_client:bundleDebugAar', task ':livekit_client:assembleDebug', task ':path_provider_android:stripDebugDebugSymbols', task ':path_provider_android:copyDebugJniLibsProjectAndLocalJars', task ':path_provider_android:extractDebugAnnotations', task ':path_provider_android:extractDeepLinksForAarDebug', task ':path_provider_android:mergeDebugGeneratedProguardFiles', task ':path_provider_android:mergeDebugConsumerProguardFiles', task ':path_provider_android:prepareDebugArtProfile', task ':path_provider_android:prepareLintJarForPublish', task ':path_provider_android:mergeDebugJavaResource', task ':path_provider_android:syncDebugLibJars', task ':path_provider_android:bundleDebugAar', task ':path_provider_android:assembleDebug', task ':permission_handler_android:stripDebugDebugSymbols', task ':permission_handler_android:copyDebugJniLibsProjectAndLocalJars', task ':permission_handler_android:extractDebugAnnotations', task ':permission_handler_android:extractDeepLinksForAarDebug', task ':permission_handler_android:mergeDebugGeneratedProguardFiles', task ':permission_handler_android:mergeDebugConsumerProguardFiles', task ':permission_handler_android:prepareDebugArtProfile', task ':permission_handler_android:prepareLintJarForPublish', task ':permission_handler_android:mergeDebugJavaResource', task ':permission_handler_android:syncDebugLibJars', task ':permission_handler_android:bundleDebugAar', task ':permission_handler_android:assembleDebug', task ':sqflite_android:stripDebugDebugSymbols', task ':sqflite_android:copyDebugJniLibsProjectAndLocalJars', task ':sqflite_android:extractDebugAnnotations', task ':sqflite_android:extractDeepLinksForAarDebug', task ':sqflite_android:mergeDebugGeneratedProguardFiles', task ':sqflite_android:mergeDebugConsumerProguardFiles', task ':sqflite_android:prepareDebugArtProfile', task ':sqflite_android:prepareLintJarForPublish', task ':sqflite_android:mergeDebugJavaResource', task ':sqflite_android:syncDebugLibJars', task ':sqflite_android:bundleDebugAar', task ':sqflite_android:assembleDebug', task ':url_launcher_android:stripDebugDebugSymbols', task ':url_launcher_android:copyDebugJniLibsProjectAndLocalJars', task ':url_launcher_android:extractDebugAnnotations', task ':url_launcher_android:extractDeepLinksForAarDebug', task ':url_launcher_android:mergeDebugGeneratedProguardFiles', task ':url_launcher_android:mergeDebugConsumerProguardFiles', task ':url_launcher_android:prepareDebugArtProfile', task ':url_launcher_android:prepareLintJarForPublish', task ':url_launcher_android:mergeDebugJavaResource', task ':url_launcher_android:syncDebugLibJars', task ':url_launcher_android:bundleDebugAar', task ':url_launcher_android:assembleDebug']
[        ] Tasks that were excluded: []
[        ] work action Parameters of IdentityTransform (Thread[Execution worker Thread 4,5,main]) started.
[        ] work action Parameters of DexingNoClasspathTransform (Thread[Execution worker Thread 4,5,main]) started.
[        ] work action Parameters of DexingOutputSplitTransform (Thread[Execution worker Thread 4,5,main]) started.
[        ] work action Parameters of ClassesDirToClassesTransform (Thread[Execution worker Thread 4,5,main]) started.
[        ] work action Parameters of DexingOutputSplitTransform (Thread[Execution worker Thread 4,5,main]) started.
[        ] Resolve mutations for :app:DebugMinSdkCheck (Thread[Execution worker Thread 4,5,main]) started.
[        ] :app:DebugMinSdkCheck (Thread[Execution worker Thread 4,5,main]) started.
[        ] > Task :app:DebugMinSdkCheck
[        ] Caching disabled for task ':app:DebugMinSdkCheck' because:
[        ]   Build cache is disabled
[        ] Task ':app:DebugMinSdkCheck' is not up-to-date because:
[        ]   Task has not declared any outputs despite executing actions.
[        ] Resolve mutations for :app:preBuild (Thread[Execution worker Thread 4,5,main]) started.
[        ] :app:preBuild (Thread[Execution worker Thread 4,5,main]) started.
[        ] > Task :app:preBuild UP-TO-DATE
[        ] Skipping task ':app:preBuild' as it has no actions.
[        ] Resolve mutations for :app:preDebugBuild (Thread[Execution worker Thread 4,5,main]) started.
[        ] :app:preDebugBuild (Thread[Execution worker Thread 4,5,main]) started.
[        ] > Task :app:preDebugBuild UP-TO-DATE
[        ] Skipping task ':app:preDebugBuild' as it has no actions.
[        ] Resolve mutations for :app:mergeDebugNativeDebugMetadata (Thread[Execution worker Thread 4,5,main]) started.
[        ] :app:mergeDebugNativeDebugMetadata (Thread[Execution worker Thread 4,5,main]) started.
[        ] > Task :app:mergeDebugNativeDebugMetadata NO-SOURCE
[        ] Skipping task ':app:mergeDebugNativeDebugMetadata' as it has no source files and no previous output files.
[        ] Resolve mutations for :app:checkKotlinGradlePluginConfigurationErrors (Thread[Execution worker Thread 4,5,main]) started.
[        ] :app:checkKotlinGradlePluginConfigurationErrors (Thread[Execution worker Thread 4,5,main]) started.
[        ] > Task :app:checkKotlinGradlePluginConfigurationErrors SKIPPED
[        ] Skipping task ':app:checkKotlinGradlePluginConfigurationErrors' as task onlyIf 'errorDiagnostics are present' is false.
[        ] Resolve mutations for :app:compileFlutterBuildDebug (Thread[Execution worker Thread 4,5,main]) started.
[        ] :app:compileFlutterBuildDebug (Thread[Execution worker Thread 2,5,main]) started.
[+1991 ms] > Task :app:compileFlutterBuildDebug
[        ] Caching disabled for task ':app:compileFlutterBuildDebug' because:
[        ]   Build cache is disabled
[        ]   Caching has not been enabled for the task
[        ] Task ':app:compileFlutterBuildDebug' is not up-to-date because:
[        ]   Task has failed previously.
[        ] Starting process 'command '/opt/flutter/bin/flutter''. Working directory: /workspace/app Command: /opt/flutter/bin/flutter --verbose assemble --no-version-check --depfile /workspace/app/build/app/intermediates/flutter/debug/flutter_build.d --output /workspace/app/build/app/intermediates/flutter/debug -dTargetFile=lib/main.dart -dTargetPlatform=android -dBuildMode=debug -dTrackWidgetCreation=true --DartDefines=RkxVVFRFUl9WRVJTSU9OPTMuMzguOQ==,RkxVVFRFUl9DSEFOTkVMPXN0YWJsZQ==,RkxVVFRFUl9HSVRfVVJMPWh0dHBzOi8vZ2l0aHViLmNvbS9mbHV0dGVyL2ZsdXR0ZXIuZ2l0,RkxVVFRFUl9GUkFNRVdPUktfUkVWSVNJT049NjczMjNkZTI4NQ==,RkxVVFRFUl9FTkdJTkVfUkVWSVNJT049NTg3YzE4Zjg3Mw==,RkxVVFRFUl9EQVJUX1ZFUlNJT049My4xMC44 -dFlavor= -dAndroidArchs=android-arm android-arm64 android-x64 -dMinSdkVersion=24 debug_android_application
[        ] Successfully started process 'command '/opt/flutter/bin/flutter''
[        ] [  +59 ms] executing: uname -m
[        ] [   +4 ms] Exit code 0 from: uname -m
[        ] [        ] x86_64
[        ] [   +7 ms] Artifact Instance of 'MaterialFonts' is not required, skipping update.
[        ] [        ] Artifact Instance of 'GradleWrapper' is not required, skipping update.
[        ] [        ] Artifact Instance of 'AndroidGenSnapshotArtifacts' is not required, skipping update.
[        ] [        ] Artifact Instance of 'AndroidInternalBuildArtifacts' is not required, skipping update.
[        ] [        ] Artifact Instance of 'IOSEngineArtifacts' is not required, skipping update.
[        ] [        ] Artifact Instance of 'FlutterWebSdk' is not required, skipping update.
[        ] [   +1 ms] Artifact Instance of 'LegacyCanvasKitRemover' is not required, skipping update.
[        ] [        ] Artifact Instance of 'FlutterSdk' is not required, skipping update.
[        ] [        ] Artifact Instance of 'WindowsEngineArtifacts' is not required, skipping update.
[        ] [        ] Artifact Instance of 'MacOSEngineArtifacts' is not required, skipping update.
[        ] [        ] Artifact Instance of 'LinuxEngineArtifacts' is not required, skipping update.
[        ] [        ] Artifact Instance of 'LinuxFuchsiaSDKArtifacts' is not required, skipping update.
[        ] [        ] Artifact Instance of 'MacOSFuchsiaSDKArtifacts' is not required, skipping update.
[        ] [        ] Artifact Instance of 'FlutterRunnerSDKArtifacts' is not required, skipping update.
[        ] [        ] Artifact Instance of 'FlutterRunnerDebugSymbols' is not required, skipping update.
[        ] [        ] Artifact Instance of 'IosUsbArtifacts' is not required, skipping update.
[        ] [        ] Artifact Instance of 'IosUsbArtifacts' is not required, skipping update.
[        ] [        ] Artifact Instance of 'IosUsbArtifacts' is not required, skipping update.
[        ] [        ] Artifact Instance of 'IosUsbArtifacts' is not required, skipping update.
[        ] [        ] Artifact Instance of 'IosUsbArtifacts' is not required, skipping update.
[        ] [        ] Artifact Instance of 'IosUsbArtifacts' is not required, skipping update.
[        ] [        ] Artifact Instance of 'FontSubsetArtifacts' is not required, skipping update.
[        ] [        ] Artifact Instance of 'PubDependencies' is not required, skipping update.
[        ] [  +11 ms] Artifact Instance of 'AndroidGenSnapshotArtifacts' is not required, skipping update.
[        ] [        ] Artifact Instance of 'AndroidInternalBuildArtifacts' is not required, skipping update.
[        ] [        ] Artifact Instance of 'IOSEngineArtifacts' is not required, skipping update.
[        ] [        ] Artifact Instance of 'FlutterWebSdk' is not required, skipping update.
[        ] [        ] Artifact Instance of 'FlutterEngineStamp' is not required, skipping update.
[        ] [        ] Artifact Instance of 'LegacyCanvasKitRemover' is not required, skipping update.
[        ] [   +1 ms] Artifact Instance of 'WindowsEngineArtifacts' is not required, skipping update.
[        ] [        ] Artifact Instance of 'MacOSEngineArtifacts' is not required, skipping update.
[        ] [        ] Artifact Instance of 'LinuxEngineArtifacts' is not required, skipping update.
[        ] [        ] Artifact Instance of 'LinuxFuchsiaSDKArtifacts' is not required, skipping update.
[        ] [        ] Artifact Instance of 'MacOSFuchsiaSDKArtifacts' is not required, skipping update.
[        ] [        ] Artifact Instance of 'FlutterRunnerSDKArtifacts' is not required, skipping update.
[        ] [        ] Artifact Instance of 'FlutterRunnerDebugSymbols' is not required, skipping update.
[        ] [  +44 ms] Artifact Instance of 'MaterialFonts' is not required, skipping update.
[        ] [        ] Artifact Instance of 'GradleWrapper' is not required, skipping update.
[        ] [   +1 ms] Artifact Instance of 'AndroidInternalBuildArtifacts' is not required, skipping update.
[        ] [        ] Artifact Instance of 'IOSEngineArtifacts' is not required, skipping update.
[        ] [        ] Artifact Instance of 'FlutterWebSdk' is not required, skipping update.
[        ] [        ] Artifact Instance of 'FlutterEngineStamp' is not required, skipping update.
[        ] [        ] Artifact Instance of 'LegacyCanvasKitRemover' is not required, skipping update.
[        ] [        ] Artifact Instance of 'FlutterSdk' is not required, skipping update.
[        ] [        ] Artifact Instance of 'WindowsEngineArtifacts' is not required, skipping update.
[        ] [        ] Artifact Instance of 'MacOSEngineArtifacts' is not required, skipping update.
[        ] [        ] Artifact Instance of 'LinuxEngineArtifacts' is not required, skipping update.
[        ] [        ] Artifact Instance of 'LinuxFuchsiaSDKArtifacts' is not required, skipping update.
[        ] [        ] Artifact Instance of 'MacOSFuchsiaSDKArtifacts' is not required, skipping update.
[        ] [        ] Artifact Instance of 'FlutterRunnerSDKArtifacts' is not required, skipping update.
[        ] [        ] Artifact Instance of 'FlutterRunnerDebugSymbols' is not required, skipping update.
[        ] [        ] Artifact Instance of 'IosUsbArtifacts' is not required, skipping update.
[        ] [        ] Artifact Instance of 'IosUsbArtifacts' is not required, skipping update.
[        ] [        ] Artifact Instance of 'IosUsbArtifacts' is not required, skipping update.
[        ] [        ] Artifact Instance of 'IosUsbArtifacts' is not required, skipping update.
[        ] [        ] Artifact Instance of 'IosUsbArtifacts' is not required, skipping update.
[        ] [        ] Artifact Instance of 'IosUsbArtifacts' is not required, skipping update.
[        ] [        ] Artifact Instance of 'FontSubsetArtifacts' is not required, skipping update.
[        ] [        ] Artifact Instance of 'PubDependencies' is not required, skipping update.
[        ] [  +30 ms] Initializing file store
[        ] [  +28 ms] dart_build: Starting due to {}
[        ] [   +1 ms] Skipping target: gen_localizations
[        ] [   +1 ms] gen_dart_plugin_registrant: Starting due to {InvalidatedReasonKind.inputChanged: The following inputs have updated contents: /workspace/app/.dart_tool/package_config.json}
[        ] [ +186 ms] Building native assets for android_arm, android_arm64, android_x64.
[        ] [  +64 ms] Running `/opt/flutter/bin/cache/dart-sdk/bin/dart compile kernel --packages=/workspace/app/.dart_tool/package_config.json --output=/workspace/app/.dart_tool/hooks_runner/objective_c/5651b63d192fca30e276eb0b182881e0/hook.dill --depfile=/workspace/app/.dart_tool/hooks_runner/objective_c/5651b63d192fca30e276eb0b182881e0/hook.dill.d /root/.pub-cache/hosted/pub.dev/objective_c-9.2.5/hook/build.dart`.
[        ] [  +22 ms] Found plugin url_launcher at /root/.pub-cache/hosted/pub.dev/url_launcher-6.3.2/
[        ] [   +3 ms] Found plugin url_launcher_windows at /root/.pub-cache/hosted/pub.dev/url_launcher_windows-3.1.5/
[        ] [  +59 ms] Found plugin url_launcher_web at /root/.pub-cache/hosted/pub.dev/url_launcher_web-2.4.2/
[        ] [   +1 ms] Found plugin url_launcher_macos at /root/.pub-cache/hosted/pub.dev/url_launcher_macos-3.2.5/
[        ] [   +1 ms] Found plugin url_launcher_linux at /root/.pub-cache/hosted/pub.dev/url_launcher_linux-3.2.2/
[        ] [   +2 ms] Found plugin url_launcher_ios at /root/.pub-cache/hosted/pub.dev/url_launcher_ios-6.3.6/
[        ] [   +2 ms] Found plugin url_launcher_android at /root/.pub-cache/hosted/pub.dev/url_launcher_android-6.3.28/
[        ] [   +2 ms] Found plugin permission_handler at /root/.pub-cache/hosted/pub.dev/permission_handler-11.4.0/
[        ] [        ] Found plugin permission_handler_windows at /root/.pub-cache/hosted/pub.dev/permission_handler_windows-0.2.1/
[        ] [   +2 ms] Found plugin permission_handler_html at /root/.pub-cache/hosted/pub.dev/permission_handler_html-0.1.3+5/
[        ] [   +1 ms] Found plugin permission_handler_apple at /root/.pub-cache/hosted/pub.dev/permission_handler_apple-9.4.7/
[        ] [   +1 ms] Found plugin permission_handler_android at /root/.pub-cache/hosted/pub.dev/permission_handler_android-12.1.0/
[        ] [   +1 ms] Found plugin path_provider at /root/.pub-cache/hosted/pub.dev/path_provider-2.1.5/
[        ] [   +1 ms] Found plugin path_provider_windows at /root/.pub-cache/hosted/pub.dev/path_provider_windows-2.3.0/
[        ] [   +5 ms] Found plugin path_provider_linux at /root/.pub-cache/hosted/pub.dev/path_provider_linux-2.2.1/
[        ] [  +21 ms] Found plugin path_provider_foundation at /root/.pub-cache/hosted/pub.dev/path_provider_foundation-2.6.0/
[        ] [   +3 ms] Found plugin path_provider_android at /root/.pub-cache/hosted/pub.dev/path_provider_android-2.2.22/
[        ] [  +32 ms] Found plugin livekit_client at /root/.pub-cache/hosted/pub.dev/livekit_client-2.6.2/
[        ] [  +21 ms] Found plugin flutter_webrtc at /root/.pub-cache/hosted/pub.dev/flutter_webrtc-1.3.0/
[        ] [   +4 ms] Found plugin device_info_plus at /root/.pub-cache/hosted/pub.dev/device_info_plus-12.3.0/
[        ] [  +43 ms] Found plugin connectivity_plus at /root/.pub-cache/hosted/pub.dev/connectivity_plus-7.0.0/
[        ] [   +6 ms] Found plugin image_picker at /root/.pub-cache/hosted/pub.dev/image_picker-1.2.1/
[        ] [   +1 ms] Found plugin image_picker_windows at /root/.pub-cache/hosted/pub.dev/image_picker_windows-0.2.2/
[        ] [  +10 ms] Found plugin file_selector_windows at /root/.pub-cache/hosted/pub.dev/file_selector_windows-0.9.3+5/
[        ] [   +2 ms] Found plugin image_picker_macos at /root/.pub-cache/hosted/pub.dev/image_picker_macos-0.2.2+1/
[        ] [   +1 ms] Found plugin file_selector_macos at /root/.pub-cache/hosted/pub.dev/file_selector_macos-0.9.5/
[        ] [   +1 ms] Found plugin image_picker_linux at /root/.pub-cache/hosted/pub.dev/image_picker_linux-0.2.2/
[        ] [        ] Found plugin file_selector_linux at /root/.pub-cache/hosted/pub.dev/file_selector_linux-0.9.4/
[        ] [  +27 ms] Found plugin image_picker_ios at /root/.pub-cache/hosted/pub.dev/image_picker_ios-0.8.13+6/
[        ] [   +1 ms] Found plugin image_picker_for_web at /root/.pub-cache/hosted/pub.dev/image_picker_for_web-3.1.1/
[        ] [   +1 ms] Found plugin image_picker_android at /root/.pub-cache/hosted/pub.dev/image_picker_android-0.8.13+13/
[        ] [        ] Found plugin flutter_plugin_android_lifecycle at /root/.pub-cache/hosted/pub.dev/flutter_plugin_android_lifecycle-2.0.33/
[        ] [   +1 ms] Found plugin geolocator at /root/.pub-cache/hosted/pub.dev/geolocator-10.1.1/
[        ] [   +1 ms] Found plugin geolocator_windows at /root/.pub-cache/hosted/pub.dev/geolocator_windows-0.2.5/
[        ] [   +3 ms] Found plugin geolocator_web at /root/.pub-cache/hosted/pub.dev/geolocator_web-2.2.1/
[        ] [   +7 ms] Found plugin geolocator_apple at /root/.pub-cache/hosted/pub.dev/geolocator_apple-2.3.13/
[        ] [   +2 ms] Found plugin geolocator_android at /root/.pub-cache/hosted/pub.dev/geolocator_android-4.6.2/
[        ] [   +6 ms] Found plugin flutter_sound at /root/.pub-cache/hosted/pub.dev/flutter_sound-9.30.0/
[        ] [   +1 ms] Found plugin flutter_sound_web at /root/.pub-cache/hosted/pub.dev/flutter_sound_web-9.30.0/
[        ] [   +1 ms] Found plugin flutter_secure_storage at /root/.pub-cache/hosted/pub.dev/flutter_secure_storage-9.2.4/
[        ] [        ] Found plugin flutter_secure_storage_windows at /root/.pub-cache/hosted/pub.dev/flutter_secure_storage_windows-3.1.2/
[        ] [   +1 ms] Found plugin flutter_secure_storage_web at /root/.pub-cache/hosted/pub.dev/flutter_secure_storage_web-1.2.1/
[        ] [        ] Found plugin flutter_secure_storage_macos at /root/.pub-cache/hosted/pub.dev/flutter_secure_storage_macos-3.1.3/
[        ] [   +1 ms] Found plugin flutter_secure_storage_linux at /root/.pub-cache/hosted/pub.dev/flutter_secure_storage_linux-1.2.3/
[        ] [   +5 ms] Found plugin firebase_messaging at /root/.pub-cache/hosted/pub.dev/firebase_messaging-15.2.10/
[        ] [        ] Found plugin firebase_messaging_web at /root/.pub-cache/hosted/pub.dev/firebase_messaging_web-3.10.10/
[        ] [   +1 ms] Found plugin firebase_core at /root/.pub-cache/hosted/pub.dev/firebase_core-3.15.2/
[        ] [   +1 ms] Found plugin firebase_core_web at /root/.pub-cache/hosted/pub.dev/firebase_core_web-2.24.1/
[        ] [   +2 ms] Found plugin file_picker at /root/.pub-cache/hosted/pub.dev/file_picker-8.3.7/
[        ] [   +7 ms] Found plugin sqflite at /root/.pub-cache/hosted/pub.dev/sqflite-2.4.2/
[        ] [   +4 ms] Found plugin sqflite_darwin at /root/.pub-cache/hosted/pub.dev/sqflite_darwin-2.4.2/
[        ] [   +2 ms] Found plugin sqflite_android at /root/.pub-cache/hosted/pub.dev/sqflite_android-2.4.2+2/
[        ] [   +3 ms] Found plugin audioplayers at /root/.pub-cache/hosted/pub.dev/audioplayers-5.2.1/
[        ] [        ] Found plugin audioplayers_windows at /root/.pub-cache/hosted/pub.dev/audioplayers_windows-3.1.0/
[        ] [   +2 ms] Found plugin audioplayers_web at /root/.pub-cache/hosted/pub.dev/audioplayers_web-4.1.0/
[        ] [   +1 ms] Found plugin audioplayers_linux at /root/.pub-cache/hosted/pub.dev/audioplayers_linux-3.1.0/
[        ] [   +1 ms] Found plugin audioplayers_darwin at /root/.pub-cache/hosted/pub.dev/audioplayers_darwin-5.0.2/
[        ] [   +1 ms] Found plugin audioplayers_android at /root/.pub-cache/hosted/pub.dev/audioplayers_android-4.0.3/
[        ] [  +21 ms] gen_dart_plugin_registrant: Complete
[        ] [   +1 ms] kernel_snapshot_program: Starting due to {}
[        ] [  +19 ms] /opt/flutter/bin/cache/dart-sdk/bin/dartaotruntime /opt/flutter/bin/cache/dart-sdk/bin/snapshots/frontend_server_aot.dart.snapshot --sdk-root /opt/flutter/bin/cache/artifacts/engine/common/flutter_patched_sdk/ --target=flutter --no-print-incremental-dependencies -DFLUTTER_VERSION=3.38.9 -DFLUTTER_CHANNEL=stable -DFLUTTER_GIT_URL=https://github.com/flutter/flutter.git -DFLUTTER_FRAMEWORK_REVISION=67323de285 -DFLUTTER_ENGINE_REVISION=587c18f873 -DFLUTTER_DART_VERSION=3.10.8 -DFLUTTER_APP_FLAVOR= -Ddart.vm.profile=false -Ddart.vm.product=false --enable-asserts --track-widget-creation --no-link-platform --packages /workspace/app/.dart_tool/package_config.json --output-dill /workspace/app/.dart_tool/flutter_build/21bcf8893cf349c891f37a10ddff4d11/app.dill --depfile /workspace/app/.dart_tool/flutter_build/21bcf8893cf349c891f37a10ddff4d11/kernel_snapshot_program.d --incremental --initialize-from-dill /workspace/app/.dart_tool/flutter_build/21bcf8893cf349c891f37a10ddff4d11/app.dill --source file:///workspace/app/.dart_tool/flutter_build/dart_plugin_registrant.dart --source package:flutter/src/dart_plugin_registrant.dart -Dflutter.dart_plugin_registrant=file:///workspace/app/.dart_tool/flutter_build/dart_plugin_registrant.dart --verbosity=error package:voxmatrix/main.dart
[        ] [ +884 ms] input.json contents:
[        ]            {
[        ]              "assets": {},
[        ]              "config": {
[        ]                "build_asset_types": [
[        ]                  "code_assets/code"
[        ]                ],
[        ]                "extensions": {
[        ]                  "code_assets": {
[        ]                    "android": {
[        ]                      "target_ndk_api": 24
[        ]                    },
[        ]                    "c_compiler": {
[        ]                      "ar": "/opt/android-sdk/ndk/28.2.13676358/toolchains/llvm/prebuilt/linux-x86_64/bin/llvm-ar",
[        ]                      "cc": "/opt/android-sdk/ndk/28.2.13676358/toolchains/llvm/prebuilt/linux-x86_64/bin/clang",
[        ]                      "ld": "/opt/android-sdk/ndk/28.2.13676358/toolchains/llvm/prebuilt/linux-x86_64/bin/ld.lld"
[        ]                    },
[        ]                    "link_mode_preference": "dynamic",
[        ]                    "target_architecture": "arm",
[        ]                    "target_os": "android"
[        ]                  }
[        ]                },
[        ]                "linking_enabled": false
[        ]              },
[        ]              "out_dir_shared": "/workspace/app/.dart_tool/hooks_runner/shared/objective_c/build/",
[        ]              "out_file": "/workspace/app/.dart_tool/hooks_runner/objective_c/5651b63d192fca30e276eb0b182881e0/output.json",
[        ]              "package_name": "objective_c",
[        ]              "package_root": "/root/.pub-cache/hosted/pub.dev/objective_c-9.2.5/",
[        ]              "user_defines": {}
[        ]            }
[        ] [   +2 ms] Running `(cd /root/.pub-cache/hosted/pub.dev/objective_c-9.2.5/; HOME=/root ANDROID_HOME=/opt/android-sdk PATH=/opt/java/openjdk/bin:/opt/flutter/bin:/opt/java/openjdk/bin:/usr/local/sbin:/usr/local/bin:/usr/sbin:/usr/bin:/sbin:/bin:/opt/android-sdk/cmdline-tools/latest/bin:/opt/android-sdk/platform-tools /opt/flutter/bin/cache/dart-sdk/bin/dart --packages=/workspace/app/.dart_tool/package_config.json /workspace/app/.dart_tool/hooks_runner/objective_c/5651b63d192fca30e276eb0b182881e0/hook.dill --config=/workspace/app/.dart_tool/hooks_runner/objective_c/5651b63d192fca30e276eb0b182881e0/input.json )`.
[  +91 ms] [ +152 ms] output.json contents:
[        ]            {
[        ]              "assets_for_linking": {},
[        ]              "status": "success",
[        ]              "timestamp": "2026-02-02 20:56:36.000"
[        ]            }
[        ] [  +52 ms] Running `/opt/flutter/bin/cache/dart-sdk/bin/dart compile kernel --packages=/workspace/app/.dart_tool/package_config.json --output=/workspace/app/.dart_tool/hooks_runner/objective_c/43fe7f3b32d6bd5573bb87a8bd56bc4f/hook.dill --depfile=/workspace/app/.dart_tool/hooks_runner/objective_c/43fe7f3b32d6bd5573bb87a8bd56bc4f/hook.dill.d /root/.pub-cache/hosted/pub.dev/objective_c-9.2.5/hook/build.dart`.
[ +899 ms] [ +891 ms] input.json contents:
[        ]            {
[        ]              "assets": {},
[        ]              "config": {
[        ]                "build_asset_types": [
[        ]                  "code_assets/code"
[        ]                ],
[        ]                "extensions": {
[        ]                  "code_assets": {
[        ]                    "android": {
[        ]                      "target_ndk_api": 24
[        ]                    },
[        ]                    "c_compiler": {
[        ]                      "ar": "/opt/android-sdk/ndk/28.2.13676358/toolchains/llvm/prebuilt/linux-x86_64/bin/llvm-ar",
[        ]                      "cc": "/opt/android-sdk/ndk/28.2.13676358/toolchains/llvm/prebuilt/linux-x86_64/bin/clang",
[        ]                      "ld": "/opt/android-sdk/ndk/28.2.13676358/toolchains/llvm/prebuilt/linux-x86_64/bin/ld.lld"
[        ]                    },
[        ]                    "link_mode_preference": "dynamic",
[        ]                    "target_architecture": "arm64",
[        ]                    "target_os": "android"
[        ]                  }
[        ]                },
[        ]                "linking_enabled": false
[        ]              },
[        ]              "out_dir_shared": "/workspace/app/.dart_tool/hooks_runner/shared/objective_c/build/",
[        ]              "out_file": "/workspace/app/.dart_tool/hooks_runner/objective_c/43fe7f3b32d6bd5573bb87a8bd56bc4f/output.json",
[        ]              "package_name": "objective_c",
[        ]              "package_root": "/root/.pub-cache/hosted/pub.dev/objective_c-9.2.5/",
[        ]              "user_defines": {}
[        ]            }
[        ] [        ] Running `(cd /root/.pub-cache/hosted/pub.dev/objective_c-9.2.5/; HOME=/root ANDROID_HOME=/opt/android-sdk PATH=/opt/java/openjdk/bin:/opt/flutter/bin:/opt/java/openjdk/bin:/usr/local/sbin:/usr/local/bin:/usr/sbin:/usr/bin:/sbin:/bin:/opt/android-sdk/cmdline-tools/latest/bin:/opt/android-sdk/platform-tools /opt/flutter/bin/cache/dart-sdk/bin/dart --packages=/workspace/app/.dart_tool/package_config.json /workspace/app/.dart_tool/hooks_runner/objective_c/43fe7f3b32d6bd5573bb87a8bd56bc4f/hook.dill --config=/workspace/app/.dart_tool/hooks_runner/objective_c/43fe7f3b32d6bd5573bb87a8bd56bc4f/input.json )`.
[ +199 ms] [ +162 ms] output.json contents:
[        ]            {
[        ]              "assets_for_linking": {},
[        ]              "status": "success",
[        ]              "timestamp": "2026-02-02 20:56:37.000"
[        ]            }
[        ] [   +4 ms] Running `/opt/flutter/bin/cache/dart-sdk/bin/dart compile kernel --packages=/workspace/app/.dart_tool/package_config.json --output=/workspace/app/.dart_tool/hooks_runner/objective_c/1e860e8c687ad34af58c02310b25d3c4/hook.dill --depfile=/workspace/app/.dart_tool/hooks_runner/objective_c/1e860e8c687ad34af58c02310b25d3c4/hook.dill.d /root/.pub-cache/hosted/pub.dev/objective_c-9.2.5/hook/build.dart`.
[ +899 ms] [ +916 ms] input.json contents:
[        ]            {
[        ]              "assets": {},
[        ]              "config": {
[        ]                "build_asset_types": [
[        ]                  "code_assets/code"
[        ]                ],
[        ]                "extensions": {
[        ]                  "code_assets": {
[        ]                    "android": {
[        ]                      "target_ndk_api": 24
[        ]                    },
[        ]                    "c_compiler": {
[        ]                      "ar": "/opt/android-sdk/ndk/28.2.13676358/toolchains/llvm/prebuilt/linux-x86_64/bin/llvm-ar",
[        ]                      "cc": "/opt/android-sdk/ndk/28.2.13676358/toolchains/llvm/prebuilt/linux-x86_64/bin/clang",
[        ]                      "ld": "/opt/android-sdk/ndk/28.2.13676358/toolchains/llvm/prebuilt/linux-x86_64/bin/ld.lld"
[        ]                    },
[        ]                    "link_mode_preference": "dynamic",
[        ]                    "target_architecture": "x64",
[        ]                    "target_os": "android"
[        ]                  }
[        ]                },
[        ]                "linking_enabled": false
[        ]              },
[        ]              "out_dir_shared": "/workspace/app/.dart_tool/hooks_runner/shared/objective_c/build/",
[        ]              "out_file": "/workspace/app/.dart_tool/hooks_runner/objective_c/1e860e8c687ad34af58c02310b25d3c4/output.json",
[        ]              "package_name": "objective_c",
[        ]              "package_root": "/root/.pub-cache/hosted/pub.dev/objective_c-9.2.5/",
[        ]              "user_defines": {}
[        ]            }
[        ] [        ] Running `(cd /root/.pub-cache/hosted/pub.dev/objective_c-9.2.5/; HOME=/root ANDROID_HOME=/opt/android-sdk PATH=/opt/java/openjdk/bin:/opt/flutter/bin:/opt/java/openjdk/bin:/usr/local/sbin:/usr/local/bin:/usr/sbin:/usr/bin:/sbin:/bin:/opt/android-sdk/cmdline-tools/latest/bin:/opt/android-sdk/platform-tools /opt/flutter/bin/cache/dart-sdk/bin/dart --packages=/workspace/app/.dart_tool/package_config.json /workspace/app/.dart_tool/hooks_runner/objective_c/1e860e8c687ad34af58c02310b25d3c4/hook.dill --config=/workspace/app/.dart_tool/hooks_runner/objective_c/1e860e8c687ad34af58c02310b25d3c4/input.json )`.
[ +199 ms] [ +145 ms] output.json contents:
[        ]            {
[        ]              "assets_for_linking": {},
[        ]              "status": "success",
[        ]              "timestamp": "2026-02-02 20:56:38.000"
[        ]            }
[        ] [   +2 ms] Building native assets for android_arm, android_arm64, android_x64 done.
[        ] [   +2 ms] dart_build: Complete
[        ] [   +3 ms] install_code_assets: Starting due to {}
[        ] [   +3 ms] Writing native assets json to file:///workspace/app/.dart_tool/flutter_build/21bcf8893cf349c891f37a10ddff4d11/native_assets.json.
[        ] [        ] Writing /workspace/app/.dart_tool/flutter_build/21bcf8893cf349c891f37a10ddff4d11/native_assets.json done.
[        ] [        ] install_code_assets: Complete
[+2110 ms] [+2099 ms] lib/data/repositories/crypto_repository_impl.dart:240:22: Error: The getter 'content' isn't defined for the type 'CryptoRepositoryImpl'.
[  +26 ms] [   +1 ms]  - 'CryptoRepositoryImpl' is from 'package:voxmatrix/data/repositories/crypto_repository_impl.dart' ('lib/data/repositories/crypto_repository_impl.dart').
[        ] [        ] Try correcting the name to the name of an existing getter, or defining a getter or field named 'content'.
[        ] [        ]         return Right(content);
[        ] [        ]                      ^^^^^^^
[+6461 ms] [+6547 ms] Persisting file store
[        ] [   +1 ms] Done persisting file store
[        ] [   +1 ms] "flutter assemble" took 12,655ms.
[        ] [        ] Running 1 shutdown hook
[        ] [   +1 ms] Shutdown hooks complete
[        ] [   +1 ms] Target kernel_snapshot_program failed: Exception
[        ]            #0      KernelSnapshot.build (package:flutter_tools/src/build_system/targets/common.dart:289:7)
[        ]            <asynchronous suspension>
[        ]            #1      _BuildInstance._invokeInternal (package:flutter_tools/src/build_system/build_system.dart:895:9)
[        ]            <asynchronous suspension>
[        ]            #2      Future.wait.<anonymous closure> (dart:async/future.dart:546:21)
[        ]            <asynchronous suspension>
[        ]            #3      _BuildInstance.invokeTarget (package:flutter_tools/src/build_system/build_system.dart:833:32)
[        ]            <asynchronous suspension>
[        ]            #4      FlutterBuildSystem.build (package:flutter_tools/src/build_system/build_system.dart:653:16)
[        ]            <asynchronous suspension>
[        ]            #5      AssembleCommand.runCommand (package:flutter_tools/src/commands/assemble.dart:361:32)
[        ]            <asynchronous suspension>
[        ]            #6      FlutterCommand.run.<anonymous closure> (package:flutter_tools/src/runner/flutter_command.dart:1559:27)
[        ]            <asynchronous suspension>
[        ]            #7      AppContext.run.<anonymous closure> (package:flutter_tools/src/base/context.dart:154:19)
[        ]            <asynchronous suspension>
[        ]            #8      CommandRunner.runCommand (package:args/command_runner.dart:212:13)
[        ]            <asynchronous suspension>
[        ]            #9      FlutterCommandRunner.runCommand.<anonymous closure> (package:flutter_tools/src/runner/flutter_command_runner.dart:487:9)
[        ]            <asynchronous suspension>
[        ]            #10     AppContext.run.<anonymous closure> (package:flutter_tools/src/base/context.dart:154:19)
[        ]            <asynchronous suspension>
[        ]            #11     FlutterCommandRunner.runCommand (package:flutter_tools/src/runner/flutter_command_runner.dart:422:5)
[        ]            <asynchronous suspension>
[        ]            #12     run.<anonymous closure>.<anonymous closure> (package:flutter_tools/runner.dart:104:11)
[        ]            <asynchronous suspension>
[        ]            #13     AppContext.run.<anonymous closure> (package:flutter_tools/src/base/context.dart:154:19)
[        ]            <asynchronous suspension>
[        ]            #14     main (package:flutter_tools/executable.dart:103:3)
[        ]            <asynchronous suspension>
[        ] [  +25 ms] 
[        ]            #0      throwToolExit (package:flutter_tools/src/base/common.dart:34:3)
[        ]            #1      AssembleCommand.runCommand (package:flutter_tools/src/commands/assemble.dart:379:7)
[        ]            <asynchronous suspension>
[        ]            #2      FlutterCommand.run.<anonymous closure> (package:flutter_tools/src/runner/flutter_command.dart:1559:27)
[        ]            <asynchronous suspension>
[        ]            #3      AppContext.run.<anonymous closure> (package:flutter_tools/src/base/context.dart:154:19)
[        ]            <asynchronous suspension>
[        ]            #4      CommandRunner.runCommand (package:args/command_runner.dart:212:13)
[        ]            <asynchronous suspension>
[        ]            #5      FlutterCommandRunner.runCommand.<anonymous closure> (package:flutter_tools/src/runner/flutter_command_runner.dart:487:9)
[        ]            <asynchronous suspension>
[        ]            #6      AppContext.run.<anonymous closure> (package:flutter_tools/src/base/context.dart:154:19)
[        ]            <asynchronous suspension>
[        ]            #7      FlutterCommandRunner.runCommand (package:flutter_tools/src/runner/flutter_command_runner.dart:422:5)
[        ]            <asynchronous suspension>
[        ]            #8      run.<anonymous closure>.<anonymous closure> (package:flutter_tools/runner.dart:104:11)
[        ]            <asynchronous suspension>
[        ]            #9      AppContext.run.<anonymous closure> (package:flutter_tools/src/base/context.dart:154:19)
[        ]            <asynchronous suspension>
[        ]            #10     main (package:flutter_tools/executable.dart:103:3)
[        ]            <asynchronous suspension>
[ +298 ms] [ +253 ms] exiting with code 1
[        ] > Task :app:compileFlutterBuildDebug FAILED
[  +99 ms] Build 5d4f5c99-c675-4d8c-8b5d-5a929d0f5c24 is closed
[        ] [Incubating] Problems report is available at: file:///workspace/app/build/reports/problems/problems-report.html
[        ] FAILURE: Build failed with an exception.
[        ] * What went wrong:
[        ] Execution failed for task ':app:compileFlutterBuildDebug'.
[        ] > Process 'command '/opt/flutter/bin/flutter'' finished with non-zero exit value 1
[        ] * Try:
[        ] > Run with --debug option to get more log output.
[        ] > Run with --scan to get full insights.
[        ] > Get more help at https://help.gradle.org.
[        ] * Exception is:
[        ] org.gradle.api.tasks.TaskExecutionException: Execution failed for task ':app:compileFlutterBuildDebug'.
[        ] 	at org.gradle.api.internal.tasks.execution.ExecuteActionsTaskExecuter.lambda$executeIfValid$1(ExecuteActionsTaskExecuter.java:130)
[        ] 	at org.gradle.internal.Try$Failure.ifSuccessfulOrElse(Try.java:293)
[        ] 	at org.gradle.api.internal.tasks.execution.ExecuteActionsTaskExecuter.executeIfValid(ExecuteActionsTaskExecuter.java:128)
[        ] 	at org.gradle.api.internal.tasks.execution.ExecuteActionsTaskExecuter.execute(ExecuteActionsTaskExecuter.java:116)
[        ] 	at org.gradle.api.internal.tasks.execution.ProblemsTaskPathTrackingTaskExecuter.execute(ProblemsTaskPathTrackingTaskExecuter.java:41)
[        ] 	at org.gradle.api.internal.tasks.execution.FinalizePropertiesTaskExecuter.execute(FinalizePropertiesTaskExecuter.java:46)
[        ] 	at org.gradle.api.internal.tasks.execution.ResolveTaskExecutionModeExecuter.execute(ResolveTaskExecutionModeExecuter.java:51)
[        ] 	at org.gradle.api.internal.tasks.execution.SkipTaskWithNoActionsExecuter.execute(SkipTaskWithNoActionsExecuter.java:57)
[        ] 	at org.gradle.api.internal.tasks.execution.SkipOnlyIfTaskExecuter.execute(SkipOnlyIfTaskExecuter.java:74)
[        ] 	at org.gradle.api.internal.tasks.execution.CatchExceptionTaskExecuter.execute(CatchExceptionTaskExecuter.java:36)
[        ] 	at org.gradle.api.internal.tasks.execution.EventFiringTaskExecuter$1.executeTask(EventFiringTaskExecuter.java:77)
[        ] 	at org.gradle.api.internal.tasks.execution.EventFiringTaskExecuter$1.call(EventFiringTaskExecuter.java:55)
[        ] 	at org.gradle.api.internal.tasks.execution.EventFiringTaskExecuter$1.call(EventFiringTaskExecuter.java:52)
[        ] 	at org.gradle.internal.operations.DefaultBuildOperationRunner$CallableBuildOperationWorker.execute(DefaultBuildOperationRunner.java:210)
[        ] 	at org.gradle.internal.operations.DefaultBuildOperationRunner$CallableBuildOperationWorker.execute(DefaultBuildOperationRunner.java:205)
[        ] 	at org.gradle.internal.operations.DefaultBuildOperationRunner$2.execute(DefaultBuildOperationRunner.java:67)
[        ] 	at org.gradle.internal.operations.DefaultBuildOperationRunner$2.execute(DefaultBuildOperationRunner.java:60)
[        ] 	at org.gradle.internal.operations.DefaultBuildOperationRunner.execute(DefaultBuildOperationRunner.java:167)
[        ] 	at org.gradle.internal.operations.DefaultBuildOperationRunner.execute(DefaultBuildOperationRunner.java:60)
[        ] 	at org.gradle.internal.operations.DefaultBuildOperationRunner.call(DefaultBuildOperationRunner.java:54)
[        ] 	at org.gradle.api.internal.tasks.execution.EventFiringTaskExecuter.execute(EventFiringTaskExecuter.java:52)
[        ] 	at org.gradle.execution.plan.LocalTaskNodeExecutor.execute(LocalTaskNodeExecutor.java:42)
[        ] 	at org.gradle.execution.taskgraph.DefaultTaskExecutionGraph$InvokeNodeExecutorsAction.execute(DefaultTaskExecutionGraph.java:331)
[        ] 	at org.gradle.execution.taskgraph.DefaultTaskExecutionGraph$InvokeNodeExecutorsAction.execute(DefaultTaskExecutionGraph.java:318)
[        ] 	at org.gradle.execution.taskgraph.DefaultTaskExecutionGraph$BuildOperationAwareExecutionAction.lambda$execute$0(DefaultTaskExecutionGraph.java:314)
[        ] 	at org.gradle.internal.operations.CurrentBuildOperationRef.with(CurrentBuildOperationRef.java:85)
[        ] 	at org.gradle.execution.taskgraph.DefaultTaskExecutionGraph$BuildOperationAwareExecutionAction.execute(DefaultTaskExecutionGraph.java:314)
[        ] 	at org.gradle.execution.taskgraph.DefaultTaskExecutionGraph$BuildOperationAwareExecutionAction.execute(DefaultTaskExecutionGraph.java:303)
[        ] 	at org.gradle.execution.plan.DefaultPlanExecutor$ExecutorWorker.execute(DefaultPlanExecutor.java:459)
[        ] 	at org.gradle.execution.plan.DefaultPlanExecutor$ExecutorWorker.run(DefaultPlanExecutor.java:376)
[        ] 	at org.gradle.internal.concurrent.ExecutorPolicy$CatchAndRecordFailures.onExecute(ExecutorPolicy.java:64)
[        ] 	at org.gradle.internal.concurrent.AbstractManagedExecutor$1.run(AbstractManagedExecutor.java:48)
[        ] 	at java.base/java.util.concurrent.ThreadPoolExecutor.runWorker(ThreadPoolExecutor.java:1136)
[        ] 	at java.base/java.util.concurrent.ThreadPoolExecutor$Worker.run(ThreadPoolExecutor.java:635)
[        ] 	at java.base/java.lang.Thread.run(Thread.java:840)
[        ] Caused by: org.gradle.process.internal.ExecException: Process 'command '/opt/flutter/bin/flutter'' finished with non-zero exit value 1
[        ] 	at org.gradle.process.internal.DefaultExecHandle$ExecResultImpl.assertNormalExitValue(DefaultExecHandle.java:442)
[        ] 	at org.gradle.process.internal.DefaultExecAction.execute(DefaultExecAction.java:49)
[        ] 	at org.gradle.process.internal.DefaultExecActionFactory.exec(DefaultExecActionFactory.java:216)
[        ] 	at org.gradle.process.internal.DefaultExecOperations.exec(DefaultExecOperations.java:37)
[        ] 	at com.flutter.gradle.tasks.BaseFlutterTaskHelper.buildBundle(BaseFlutterTaskHelper.kt:159)
[        ] 	at com.flutter.gradle.tasks.BaseFlutterTask.buildBundle(BaseFlutterTask.kt:143)
[        ] 	at com.flutter.gradle.tasks.FlutterTaskHelper.build$gradle(FlutterTaskHelper.kt:90)
[        ] 	at com.flutter.gradle.tasks.FlutterTask.build(FlutterTask.kt:51)
[        ] 	at java.base/jdk.internal.reflect.NativeMethodAccessorImpl.invoke0(Native Method)
[        ] 	at java.base/jdk.internal.reflect.NativeMethodAccessorImpl.invoke(NativeMethodAccessorImpl.java:77)
[        ] 	at java.base/jdk.internal.reflect.DelegatingMethodAccessorImpl.invoke(DelegatingMethodAccessorImpl.java:43)
[        ] 	at java.base/java.lang.reflect.Method.invoke(Method.java:569)
[        ] 	at org.gradle.internal.reflect.JavaMethod.invoke(JavaMethod.java:125)
[        ] 	at org.gradle.api.internal.project.taskfactory.StandardTaskAction.doExecute(StandardTaskAction.java:58)
[        ] 	at org.gradle.api.internal.project.taskfactory.StandardTaskAction.execute(StandardTaskAction.java:51)
[        ] 	at org.gradle.api.internal.project.taskfactory.StandardTaskAction.execute(StandardTaskAction.java:29)
[        ] 	at org.gradle.api.internal.tasks.execution.TaskExecution$3.run(TaskExecution.java:244)
[        ] 	at org.gradle.internal.operations.DefaultBuildOperationRunner$1.execute(DefaultBuildOperationRunner.java:30)
[        ] 	at org.gradle.internal.operations.DefaultBuildOperationRunner$1.execute(DefaultBuildOperationRunner.java:27)
[        ] 	at org.gradle.internal.operations.DefaultBuildOperationRunner$2.execute(DefaultBuildOperationRunner.java:67)
[        ] 	at org.gradle.internal.operations.DefaultBuildOperationRunner$2.execute(DefaultBuildOperationRunner.java:60)
[        ] 	at org.gradle.internal.operations.DefaultBuildOperationRunner.execute(DefaultBuildOperationRunner.java:167)
[        ] 	at org.gradle.internal.operations.DefaultBuildOperationRunner.execute(DefaultBuildOperationRunner.java:60)
[        ] 	at org.gradle.internal.operations.DefaultBuildOperationRunner.run(DefaultBuildOperationRunner.java:48)
[        ] 	at org.gradle.api.internal.tasks.execution.TaskExecution.executeAction(TaskExecution.java:229)
[        ] 	at org.gradle.api.internal.tasks.execution.TaskExecution.executeActions(TaskExecution.java:212)
[        ] 	at org.gradle.api.internal.tasks.execution.TaskExecution.executeWithPreviousOutputFiles(TaskExecution.java:195)
[        ] 	at org.gradle.api.internal.tasks.execution.TaskExecution.execute(TaskExecution.java:162)
[        ] 	at org.gradle.internal.execution.steps.ExecuteStep.executeInternal(ExecuteStep.java:105)
[        ] 	at org.gradle.internal.execution.steps.ExecuteStep.access$000(ExecuteStep.java:44)
[        ] 	at org.gradle.internal.execution.steps.ExecuteStep$1.call(ExecuteStep.java:59)
[        ] 	at org.gradle.internal.execution.steps.ExecuteStep$1.call(ExecuteStep.java:56)
[        ] 	at org.gradle.internal.operations.DefaultBuildOperationRunner$CallableBuildOperationWorker.execute(DefaultBuildOperationRunner.java:210)
[        ] 	at org.gradle.internal.operations.DefaultBuildOperationRunner$CallableBuildOperationWorker.execute(DefaultBuildOperationRunner.java:205)
[        ] 	at org.gradle.internal.operations.DefaultBuildOperationRunner$2.execute(DefaultBuildOperationRunner.java:67)
[        ] 	at org.gradle.internal.operations.DefaultBuildOperationRunner$2.execute(DefaultBuildOperationRunner.java:60)
[        ] 	at org.gradle.internal.operations.DefaultBuildOperationRunner.execute(DefaultBuildOperationRunner.java:167)
[        ] 	at org.gradle.internal.operations.DefaultBuildOperationRunner.execute(DefaultBuildOperationRunner.java:60)
[        ] 	at org.gradle.internal.operations.DefaultBuildOperationRunner.call(DefaultBuildOperationRunner.java:54)
[        ] 	at org.gradle.internal.execution.steps.ExecuteStep.execute(ExecuteStep.java:56)
[        ] 	at org.gradle.internal.execution.steps.ExecuteStep.execute(ExecuteStep.java:44)
[        ] 	at org.gradle.internal.execution.steps.CancelExecutionStep.execute(CancelExecutionStep.java:42)
[        ] 	at org.gradle.internal.execution.steps.TimeoutStep.executeWithoutTimeout(TimeoutStep.java:75)
[        ] 	at org.gradle.internal.execution.steps.TimeoutStep.execute(TimeoutStep.java:55)
[        ] 	at org.gradle.internal.execution.steps.PreCreateOutputParentsStep.execute(PreCreateOutputParentsStep.java:50)
[        ] 	at org.gradle.internal.execution.steps.PreCreateOutputParentsStep.execute(PreCreateOutputParentsStep.java:28)
[        ] 	at org.gradle.internal.execution.steps.RemovePreviousOutputsStep.execute(RemovePreviousOutputsStep.java:67)
[        ] 	at org.gradle.internal.execution.steps.RemovePreviousOutputsStep.execute(RemovePreviousOutputsStep.java:37)
[        ] 	at org.gradle.internal.execution.steps.BroadcastChangingOutputsStep.execute(BroadcastChangingOutputsStep.java:61)
[        ] 	at org.gradle.internal.execution.steps.BroadcastChangingOutputsStep.execute(BroadcastChangingOutputsStep.java:26)
[        ] 	at org.gradle.internal.execution.steps.CaptureOutputsAfterExecutionStep.execute(CaptureOutputsAfterExecutionStep.java:69)
[        ] 	at org.gradle.internal.execution.steps.CaptureOutputsAfterExecutionStep.execute(CaptureOutputsAfterExecutionStep.java:46)
[        ] 	at org.gradle.internal.execution.steps.ResolveInputChangesStep.execute(ResolveInputChangesStep.java:40)
[        ] 	at org.gradle.internal.execution.steps.ResolveInputChangesStep.execute(ResolveInputChangesStep.java:29)
[        ] 	at org.gradle.internal.execution.steps.BuildCacheStep.executeWithoutCache(BuildCacheStep.java:189)
[        ] 	at org.gradle.internal.execution.steps.BuildCacheStep.lambda$execute$1(BuildCacheStep.java:75)
[        ] 	at org.gradle.internal.Either$Right.fold(Either.java:175)
[        ] 	at org.gradle.internal.execution.caching.CachingState.fold(CachingState.java:62)
[        ] 	at org.gradle.internal.execution.steps.BuildCacheStep.execute(BuildCacheStep.java:73)
[        ] 	at org.gradle.internal.execution.steps.BuildCacheStep.execute(BuildCacheStep.java:48)
[        ] 	at org.gradle.internal.execution.steps.StoreExecutionStateStep.execute(StoreExecutionStateStep.java:46)
[        ] 	at org.gradle.internal.execution.steps.StoreExecutionStateStep.execute(StoreExecutionStateStep.java:35)
[        ] 	at org.gradle.internal.execution.steps.SkipUpToDateStep.executeBecause(SkipUpToDateStep.java:75)
[        ] 	at org.gradle.internal.execution.steps.SkipUpToDateStep.lambda$execute$2(SkipUpToDateStep.java:53)
[        ] 	at java.base/java.util.Optional.orElseGet(Optional.java:364)
[        ] 	at org.gradle.internal.execution.steps.SkipUpToDateStep.execute(SkipUpToDateStep.java:53)
[        ] 	at org.gradle.internal.execution.steps.SkipUpToDateStep.execute(SkipUpToDateStep.java:35)
[        ] 	at org.gradle.internal.execution.steps.legacy.MarkSnapshottingInputsFinishedStep.execute(MarkSnapshottingInputsFinishedStep.java:37)
[        ] 	at org.gradle.internal.execution.steps.legacy.MarkSnapshottingInputsFinishedStep.execute(MarkSnapshottingInputsFinishedStep.java:27)
[        ] 	at org.gradle.internal.execution.steps.ResolveIncrementalCachingStateStep.executeDelegate(ResolveIncrementalCachingStateStep.java:49)
[        ] 	at org.gradle.internal.execution.steps.ResolveIncrementalCachingStateStep.executeDelegate(ResolveIncrementalCachingStateStep.java:27)
[        ] 	at org.gradle.internal.execution.steps.AbstractResolveCachingStateStep.execute(AbstractResolveCachingStateStep.java:71)
[        ] 	at org.gradle.internal.execution.steps.AbstractResolveCachingStateStep.execute(AbstractResolveCachingStateStep.java:39)
[        ] 	at org.gradle.internal.execution.steps.ResolveChangesStep.execute(ResolveChangesStep.java:65)
[        ] 	at org.gradle.internal.execution.steps.ResolveChangesStep.execute(ResolveChangesStep.java:36)
[        ] 	at org.gradle.internal.execution.steps.ValidateStep.execute(ValidateStep.java:107)
[        ] 	at org.gradle.internal.execution.steps.ValidateStep.execute(ValidateStep.java:56)
[        ] 	at org.gradle.internal.execution.steps.AbstractCaptureStateBeforeExecutionStep.execute(AbstractCaptureStateBeforeExecutionStep.java:64)
[        ] 	at org.gradle.internal.execution.steps.AbstractCaptureStateBeforeExecutionStep.execute(AbstractCaptureStateBeforeExecutionStep.java:43)
[        ] 	at org.gradle.internal.execution.steps.AbstractSkipEmptyWorkStep.executeWithNonEmptySources(AbstractSkipEmptyWorkStep.java:125)
[        ] 	at org.gradle.internal.execution.steps.AbstractSkipEmptyWorkStep.execute(AbstractSkipEmptyWorkStep.java:56)
[        ] 	at org.gradle.internal.execution.steps.AbstractSkipEmptyWorkStep.execute(AbstractSkipEmptyWorkStep.java:36)
[        ] 	at org.gradle.internal.execution.steps.legacy.MarkSnapshottingInputsStartedStep.execute(MarkSnapshottingInputsStartedStep.java:38)
[        ] 	at org.gradle.internal.execution.steps.LoadPreviousExecutionStateStep.execute(LoadPreviousExecutionStateStep.java:36)
[        ] 	at org.gradle.internal.execution.steps.LoadPreviousExecutionStateStep.execute(LoadPreviousExecutionStateStep.java:23)
[        ] 	at org.gradle.internal.execution.steps.HandleStaleOutputsStep.execute(HandleStaleOutputsStep.java:75)
[        ] 	at org.gradle.internal.execution.steps.HandleStaleOutputsStep.execute(HandleStaleOutputsStep.java:41)
[        ] 	at org.gradle.internal.execution.steps.AssignMutableWorkspaceStep.lambda$execute$0(AssignMutableWorkspaceStep.java:35)
[        ] 	at org.gradle.api.internal.tasks.execution.TaskExecution$4.withWorkspace(TaskExecution.java:289)
[        ] 	at org.gradle.internal.execution.steps.AssignMutableWorkspaceStep.execute(AssignMutableWorkspaceStep.java:31)
[        ] 	at org.gradle.internal.execution.steps.AssignMutableWorkspaceStep.execute(AssignMutableWorkspaceStep.java:22)
[        ] 	at org.gradle.internal.execution.steps.ChoosePipelineStep.execute(ChoosePipelineStep.java:40)
[        ] 	at org.gradle.internal.execution.steps.ChoosePipelineStep.execute(ChoosePipelineStep.java:23)
[        ] 	at org.gradle.internal.execution.steps.ExecuteWorkBuildOperationFiringStep.lambda$execute$2(ExecuteWorkBuildOperationFiringStep.java:67)
[        ] 	at java.base/java.util.Optional.orElseGet(Optional.java:364)
[        ] 	at org.gradle.internal.execution.steps.ExecuteWorkBuildOperationFiringStep.execute(ExecuteWorkBuildOperationFiringStep.java:67)
[        ] 	at org.gradle.internal.execution.steps.ExecuteWorkBuildOperationFiringStep.execute(ExecuteWorkBuildOperationFiringStep.java:39)
[        ] 	at org.gradle.internal.execution.steps.IdentityCacheStep.execute(IdentityCacheStep.java:46)
[        ] 	at org.gradle.internal.execution.steps.IdentityCacheStep.execute(IdentityCacheStep.java:34)
[        ] 	at org.gradle.internal.execution.steps.IdentifyStep.execute(IdentifyStep.java:48)
[        ] 	at org.gradle.internal.execution.steps.IdentifyStep.execute(IdentifyStep.java:35)
[        ] 	at org.gradle.internal.execution.impl.DefaultExecutionEngine$1.execute(DefaultExecutionEngine.java:64)
[        ] 	at org.gradle.api.internal.tasks.execution.ExecuteActionsTaskExecuter.executeIfValid(ExecuteActionsTaskExecuter.java:127)
[        ] 	at org.gradle.api.internal.tasks.execution.ExecuteActionsTaskExecuter.execute(ExecuteActionsTaskExecuter.java:116)
[        ] 	at org.gradle.api.internal.tasks.execution.ProblemsTaskPathTrackingTaskExecuter.execute(ProblemsTaskPathTrackingTaskExecuter.java:41)
[        ] 	at org.gradle.api.internal.tasks.execution.FinalizePropertiesTaskExecuter.execute(FinalizePropertiesTaskExecuter.java:46)
[        ] 	at org.gradle.api.internal.tasks.execution.ResolveTaskExecutionModeExecuter.execute(ResolveTaskExecutionModeExecuter.java:51)
[        ] 	at org.gradle.api.internal.tasks.execution.SkipTaskWithNoActionsExecuter.execute(SkipTaskWithNoActionsExecuter.java:57)
[        ] 	at org.gradle.api.internal.tasks.execution.SkipOnlyIfTaskExecuter.execute(SkipOnlyIfTaskExecuter.java:74)
[        ] 	at org.gradle.api.internal.tasks.execution.CatchExceptionTaskExecuter.execute(CatchExceptionTaskExecuter.java:36)
[        ] 	at org.gradle.api.internal.tasks.execution.EventFiringTaskExecuter$1.executeTask(EventFiringTaskExecuter.java:77)
[        ] 	at org.gradle.api.internal.tasks.execution.EventFiringTaskExecuter$1.call(EventFiringTaskExecuter.java:55)
[        ] 	at org.gradle.api.internal.tasks.execution.EventFiringTaskExecuter$1.call(EventFiringTaskExecuter.java:52)
[        ] 	at org.gradle.internal.operations.DefaultBuildOperationRunner$CallableBuildOperationWorker.execute(DefaultBuildOperationRunner.java:210)
[        ] 	at org.gradle.internal.operations.DefaultBuildOperationRunner$CallableBuildOperationWorker.execute(DefaultBuildOperationRunner.java:205)
[        ] 	at org.gradle.internal.operations.DefaultBuildOperationRunner$2.execute(DefaultBuildOperationRunner.java:67)
[        ] 	at org.gradle.internal.operations.DefaultBuildOperationRunner$2.execute(DefaultBuildOperationRunner.java:60)
[        ] 	at org.gradle.internal.operations.DefaultBuildOperationRunner.execute(DefaultBuildOperationRunner.java:167)
[        ] 	at org.gradle.internal.operations.DefaultBuildOperationRunner.execute(DefaultBuildOperationRunner.java:60)
[        ] 	at org.gradle.internal.operations.DefaultBuildOperationRunner.call(DefaultBuildOperationRunner.java:54)
[        ] 	at org.gradle.api.internal.tasks.execution.EventFiringTaskExecuter.execute(EventFiringTaskExecuter.java:52)
[        ] 	at org.gradle.execution.plan.LocalTaskNodeExecutor.execute(LocalTaskNodeExecutor.java:42)
[        ] 	at org.gradle.execution.taskgraph.DefaultTaskExecutionGraph$InvokeNodeExecutorsAction.execute(DefaultTaskExecutionGraph.java:331)
[        ] 	at org.gradle.execution.taskgraph.DefaultTaskExecutionGraph$InvokeNodeExecutorsAction.execute(DefaultTaskExecutionGraph.java:318)
[        ] 	at org.gradle.execution.taskgraph.DefaultTaskExecutionGraph$BuildOperationAwareExecutionAction.lambda$execute$0(DefaultTaskExecutionGraph.java:314)
[        ] 	at org.gradle.internal.operations.CurrentBuildOperationRef.with(CurrentBuildOperationRef.java:85)
[        ] 	at org.gradle.execution.taskgraph.DefaultTaskExecutionGraph$BuildOperationAwareExecutionAction.execute(DefaultTaskExecutionGraph.java:314)
[        ] 	at org.gradle.execution.taskgraph.DefaultTaskExecutionGraph$BuildOperationAwareExecutionAction.execute(DefaultTaskExecutionGraph.java:303)
[        ] 	at org.gradle.execution.plan.DefaultPlanExecutor$ExecutorWorker.execute(DefaultPlanExecutor.java:459)
[        ] 	at org.gradle.execution.plan.DefaultPlanExecutor$ExecutorWorker.run(DefaultPlanExecutor.java:376)
[        ] 	at org.gradle.internal.concurrent.ExecutorPolicy$CatchAndRecordFailures.onExecute(ExecutorPolicy.java:64)
[        ] 	at org.gradle.internal.concurrent.AbstractManagedExecutor$1.run(AbstractManagedExecutor.java:48)
[        ] 	at java.base/java.util.concurrent.ThreadPoolExecutor.runWorker(ThreadPoolExecutor.java:1136)
[        ] 	at java.base/java.util.concurrent.ThreadPoolExecutor$Worker.run(ThreadPoolExecutor.java:635)
[        ] 	at java.base/java.lang.Thread.run(Thread.java:840)
[        ] BUILD FAILED in 5m 19s
[        ] Deprecated Gradle features were used in this build, making it incompatible with Gradle 9.0.
[        ] You can use '--warning-mode all' to show the individual deprecation warnings and determine if they come from your own scripts or plugins.
[        ] For more on this, please refer to https://docs.gradle.org/8.14/userguide/command_line_interface.html#sec:command_line_warnings in the Gradle documentation.
[        ] 6 actionable tasks: 6 executed
[        ] Some of the file system contents retained in the virtual file system are on file systems that Gradle doesn't support watching. The relevant state was discarded to ensure changes to these locations are properly detected. You can override this by explicitly enabling file system watching.
[ +505 ms] Running Gradle task 'assembleDebug'... (completed in 319.9s)
[  +39 ms] "flutter apk" took 320,671ms.
[  +58 ms] Gradle task assembleDebug failed with exit code 1
[   +1 ms] 
           #0      throwToolExit (package:flutter_tools/src/base/common.dart:34:3)
           #1      AndroidGradleBuilder.buildGradleApp (package:flutter_tools/src/android/gradle.dart:592:7)
           <asynchronous suspension>
           #2      AndroidGradleBuilder.buildApk (package:flutter_tools/src/android/gradle.dart:234:5)
           <asynchronous suspension>
           #3      BuildApkCommand.runCommand (package:flutter_tools/src/commands/build_apk.dart:131:5)
           <asynchronous suspension>
           #4      FlutterCommand.run.<anonymous closure> (package:flutter_tools/src/runner/flutter_command.dart:1559:27)
           <asynchronous suspension>
           #5      AppContext.run.<anonymous closure> (package:flutter_tools/src/base/context.dart:154:19)
           <asynchronous suspension>
           #6      CommandRunner.runCommand (package:args/command_runner.dart:212:13)
           <asynchronous suspension>
           #7      FlutterCommandRunner.runCommand.<anonymous closure> (package:flutter_tools/src/runner/flutter_command_runner.dart:487:9)
           <asynchronous suspension>
           #8      AppContext.run.<anonymous closure> (package:flutter_tools/src/base/context.dart:154:19)
           <asynchronous suspension>
           #9      FlutterCommandRunner.runCommand (package:flutter_tools/src/runner/flutter_command_runner.dart:422:5)
           <asynchronous suspension>
           #10     run.<anonymous closure>.<anonymous closure> (package:flutter_tools/runner.dart:104:11)
           <asynchronous suspension>
           #11     AppContext.run.<anonymous closure> (package:flutter_tools/src/base/context.dart:154:19)
           <asynchronous suspension>
           #12     main (package:flutter_tools/executable.dart:103:3)
           <asynchronous suspension>


[        ] Running 1 shutdown hook
[   +3 ms] Shutdown hooks complete
[ +253 ms] exiting with code 1
